DEBUG 2025-05-21 20:16:04.641 UTC: 	 CRAB Client version: v3.250409
DEBUG 2025-05-21 20:16:04.641 UTC: 	 Running on: Linux lxplus978.cern.ch 5.14.0-503.34.1.el9_5.x86_64 #1 SMP PREEMPT_DYNAMIC Mon Mar 17 21:49:47 EDT 2025 x86_64 x86_64 x86_64 GNU/Linux
DEBUG 2025-05-21 20:16:04.642 UTC: 	 Not using Singularity
DEBUG 2025-05-21 20:16:04.642 UTC: 	 Operating System: Red Hat Enterprise Linux 9.5 (Plow)
DEBUG 2025-05-21 20:16:04.642 UTC: 	 Executing command: 'submit'
DEBUG 2025-05-21 20:16:04.642 UTC: 	 Found CRAB cache file /afs/cern.ch/user/a/amalhotr/.crab3
INFO 2025-05-21 20:16:04.642 UTC: 	 Will use CRAB configuration file chainedCrabConfig.py
DEBUG 2025-05-21 20:16:04.642 UTC: 	 Loading CRAB configuration file.
DEBUG 2025-05-21 20:16:04.697 UTC: 	 Will use CRAB plugin ANALYSIS (i.e. will run an analysis job type).
DEBUG 2025-05-21 20:16:04.910 UTC: 	 Checking credentials
DEBUG 2025-05-21 20:16:04.910 UTC: 	 Found proxy file /tmp/x509up_u180451
DEBUG 2025-05-21 20:16:04.910 UTC: 	 Making sure it has proper VOMS extension
DEBUG 2025-05-21 20:16:04.910 UTC: 	 Executing command :
 voms-proxy-info --vo --file /tmp/x509up_u180451
DEBUG 2025-05-21 20:16:05.289 UTC: 	 output : cms

 error: 
 retcode : 0
DEBUG 2025-05-21 20:16:05.289 UTC: 	 Getting proxy life time left
DEBUG 2025-05-21 20:16:05.289 UTC: 	 Executing command :
 voms-proxy-info --actimeleft --timeleft --file /tmp/x509up_u180451
DEBUG 2025-05-21 20:16:05.645 UTC: 	 output : 689554
689554

 error: 
 retcode : 0
DEBUG 2025-05-21 20:16:05.645 UTC: 	 Proxy valid for 191:32:34 hours
DEBUG 2025-05-21 20:16:05.645 UTC: 	 Encoded data for curl request: subresource=delegatedn
DEBUG 2025-05-21 20:16:05.689 UTC: 	 Registering user credentials on myproxy for /DC=ch/DC=cern/OU=computers/CN=crab-(preprod|prod)-tw(01|02).cern.ch|/DC=ch/DC=cern/OU=computers/CN=crab-dev-tw(01|02|03|04).cern.ch|/DC=ch/DC=cern/OU=Organic Units/OU=Users/CN=cmscrab/CN=(817881|373708)/CN=Robot: cms crab|/DC=ch/DC=cern/OU=Organic Units/OU=Users/CN=crabint1/CN=373708/CN=Robot: CMS CRAB Integration 1
DEBUG 2025-05-21 20:16:05.689 UTC: 	 Executing command :
 voms-proxy-info --identity --file /tmp/x509up_u180451
DEBUG 2025-05-21 20:16:06.078 UTC: 	 output : /DC=ch/DC=cern/OU=Organic Units/OU=Users/CN=amalhotr/CN=884837/CN=Aryan Malhotra

 error: 
 retcode : 0
DEBUG 2025-05-21 20:16:06.078 UTC: 	 Getting myproxy life time left for 2382a3cf28fdeacb1de9b039908761ea517a5ed6
DEBUG 2025-05-21 20:16:06.078 UTC: 	 Executing command :
 myproxy-info -s myproxy.cern.ch -l 2382a3cf28fdeacb1de9b039908761ea517a5ed6
DEBUG 2025-05-21 20:16:06.369 UTC: 	 output : username: 2382a3cf28fdeacb1de9b039908761ea517a5ed6
owner: /DC=ch/DC=cern/OU=Organic Units/OU=Users/CN=amalhotr/CN=884837/CN=Aryan Malhotra
  renewal policy: /DC=ch/DC=cern/OU=computers/CN=crab-(preprod|prod)-tw(01|02).cern.ch|/DC=ch/DC=cern/OU=computers/CN=crab-dev-tw(01|02|03|04).cern.ch|/DC=ch/DC=cern/OU=Organic Units/OU=Users/CN=cmscrab/CN=(817881|373708)/CN=Robot: cms crab|/DC=ch/DC=cern/OU=Organic Units/OU=Users/CN=crabint1/CN=373708/CN=Robot: CMS CRAB Integration 1
  trusted retrieval policy: /DC=ch/DC=cern/OU=computers/CN=crab-(preprod|prod)-tw(01|02).cern.ch|/DC=ch/DC=cern/OU=computers/CN=crab-dev-tw(01|02|03|04).cern.ch|/DC=ch/DC=cern/OU=Organic Units/OU=Users/CN=cmscrab/CN=(817881|373708)/CN=Robot: cms crab|/DC=ch/DC=cern/OU=Organic Units/OU=Users/CN=crabint1/CN=373708/CN=Robot: CMS CRAB Integration 1
  timeleft: 562:37:27  (23.4 days)

 error: 
 retcode : 0
DEBUG 2025-05-21 20:16:06.369 UTC: 	 Myproxy is valid: 2025420
DEBUG 2025-05-21 20:16:06.370 UTC: 	 Result of myproxy credential check:
  Credential exists on myproxy: username: 2382a3cf28fdeacb1de9b039908761ea517a5ed6  - validity: 23 days, 10:37:00
DEBUG 2025-05-21 20:16:06.370 UTC: 	 Command use: submit
DEBUG 2025-05-21 20:16:06.370 UTC: 	 Options use: ['-c', 'chainedCrabConfig.py']
DEBUG 2025-05-21 20:16:06.370 UTC: 	 Encoded data for curl request: subresource=version
DEBUG 2025-05-21 20:16:06.420 UTC: 	 CRABClient version: v3.250409
DEBUG 2025-05-21 20:16:06.420 UTC: 	 Instance is prod
DEBUG 2025-05-21 20:16:06.420 UTC: 	 Server base url is cmsweb.cern.ch
DEBUG 2025-05-21 20:16:06.420 UTC: 	 Command api workflow
DEBUG 2025-05-21 20:16:06.420 UTC: 	 Started submission
DEBUG 2025-05-21 20:16:06.420 UTC: 	 Working on /afs/cern.ch/user/a/amalhotr/CMSSW_14_0_18_patch1/src/Run3ScoutingAnalysisTools/crab_RealData_noLFNDirectory_All_6000EventLumi_v1
DEBUG 2025-05-21 20:16:06.421 UTC: 	 Encoded data for curl request: subresource=backendurls
DEBUG 2025-05-21 20:16:06.482 UTC: 	 Loading required information from the environment
DEBUG 2025-05-21 20:16:06.482 UTC: 	 Found CMSSW_14_0_18_patch1 for el9_amd64_gcc12 with base /afs/cern.ch/user/a/amalhotr/CMSSW_14_0_18_patch1
DEBUG 2025-05-21 20:16:06.482 UTC: 	 Loading required information from the environment
DEBUG 2025-05-21 20:16:06.482 UTC: 	 Found CMSSW_14_0_18_patch1 for el9_amd64_gcc12 with base /afs/cern.ch/user/a/amalhotr/CMSSW_14_0_18_patch1
DEBUG 2025-05-21 20:16:06.482 UTC: 	 UNIQUE NAME: tarUUID 3ea68755-00f2-42ad-898b-d6d9bc604794 
DEBUG 2025-05-21 20:16:06.482 UTC: 	 self.config: from WMCore.Configuration import Configuration
config = Configuration()
config.section_('General')
config.General.transferLogs = True
config.General.requestName = 'RealData_noLFNDirectory_All_6000EventLumi_v1'
config.General.transferOutputs = True
config.section_('JobType')
config.JobType.maxJobRuntimeMin = 2000
config.JobType.psetName = 'UnifiedScoutingVertexingTreeMaker.py'
config.JobType.pluginName = 'Analysis'
config.section_('Data')
config.Data.outputDatasetTag = 'RealData_noLFNDirectory_All_6000EventLumi_v1'
config.Data.allowNonValidInputDataset = True
config.Data.unitsPerJob = 5000
config.Data.inputDBS = 'global'
config.Data.inputDataset = '/ScoutingPFRun3/Run2024H-v1/HLTSCOUT'
config.Data.splitting = 'EventAwareLumiBased'
config.Data.publication = False
config.section_('Site')
config.Site.storageSite = 'T3_CH_CERNBOX'
config.section_('User')
config.section_('Debug')

DEBUG 2025-05-21 20:16:06.482 UTC: 	 self.config.JobType.psetName: UnifiedScoutingVertexingTreeMaker.py
INFO 2025-05-21 20:16:06.482 UTC: 	 Importing CMSSW configuration UnifiedScoutingVertexingTreeMaker.py
INFO 2025-05-21 20:16:07.055 UTC: 	 Finished importing CMSSW configuration UnifiedScoutingVertexingTreeMaker.py
DEBUG 2025-05-21 20:16:07.055 UTC: 	 Writing CMSSW configuration to /afs/cern.ch/user/a/amalhotr/CMSSW_14_0_18_patch1/src/Run3ScoutingAnalysisTools/crab_RealData_noLFNDirectory_All_6000EventLumi_v1/inputs/PSet.py
DEBUG 2025-05-21 20:16:07.084 UTC: 	 The following EDM output files will be collected: []
DEBUG 2025-05-21 20:16:07.084 UTC: 	 The following TFile output files will be collected: ['DY2M_ScoutingTree_Output.root']
DEBUG 2025-05-21 20:16:07.084 UTC: 	 The following user output files (not listed as PoolOuputModule or TFileService in the CMSSW PSet) will be collected: 
DEBUG 2025-05-21 20:16:07.084 UTC: 	 Loading required information from the environment
DEBUG 2025-05-21 20:16:07.084 UTC: 	 Found CMSSW_14_0_18_patch1 for el9_amd64_gcc12 with base /afs/cern.ch/user/a/amalhotr/CMSSW_14_0_18_patch1
DEBUG 2025-05-21 20:16:07.084 UTC: 	 Making tarball in /afs/cern.ch/user/a/amalhotr/CMSSW_14_0_18_patch1/src/Run3ScoutingAnalysisTools/crab_RealData_noLFNDirectory_All_6000EventLumi_v1/inputs/3ea68755-00f2-42ad-898b-d6d9bc604794default.tgz
DEBUG 2025-05-21 20:16:07.085 UTC: 	 Checking directory /afs/cern.ch/user/a/amalhotr/CMSSW_14_0_18_patch1/bin
DEBUG 2025-05-21 20:16:07.085 UTC: 	 Adding directory /afs/cern.ch/user/a/amalhotr/CMSSW_14_0_18_patch1/bin to tarball
DEBUG 2025-05-21 20:16:07.115 UTC: 	 Checking directory /afs/cern.ch/user/a/amalhotr/CMSSW_14_0_18_patch1/python
DEBUG 2025-05-21 20:16:07.115 UTC: 	 Adding directory /afs/cern.ch/user/a/amalhotr/CMSSW_14_0_18_patch1/python to tarball
DEBUG 2025-05-21 20:16:08.397 UTC: 	 Checking directory /afs/cern.ch/user/a/amalhotr/CMSSW_14_0_18_patch1/cfipython
DEBUG 2025-05-21 20:16:08.397 UTC: 	 Adding directory /afs/cern.ch/user/a/amalhotr/CMSSW_14_0_18_patch1/cfipython to tarball
DEBUG 2025-05-21 20:16:08.582 UTC: 	 Checking directory /afs/cern.ch/user/a/amalhotr/CMSSW_14_0_18_patch1/lib
DEBUG 2025-05-21 20:16:08.582 UTC: 	 Adding directory /afs/cern.ch/user/a/amalhotr/CMSSW_14_0_18_patch1/lib to tarball
DEBUG 2025-05-21 20:16:08.677 UTC: 	 Checking directory /afs/cern.ch/user/a/amalhotr/CMSSW_14_0_18_patch1/biglib
DEBUG 2025-05-21 20:16:08.678 UTC: 	 Adding directory /afs/cern.ch/user/a/amalhotr/CMSSW_14_0_18_patch1/biglib to tarball
DEBUG 2025-05-21 20:16:08.697 UTC: 	 Checking directory /afs/cern.ch/user/a/amalhotr/CMSSW_14_0_18_patch1/module
DEBUG 2025-05-21 20:16:08.697 UTC: 	 Checking directory /afs/cern.ch/user/a/amalhotr/CMSSW_14_0_18_patch1/config/SCRAM/hooks
DEBUG 2025-05-21 20:16:08.697 UTC: 	 Adding directory /afs/cern.ch/user/a/amalhotr/CMSSW_14_0_18_patch1/config/SCRAM/hooks to tarball
DEBUG 2025-05-21 20:16:08.880 UTC: 	 Adding directory /afs/cern.ch/user/a/amalhotr/CMSSW_14_0_18_patch1/src/Run3ScoutingAnalysisTools/DataFormats/Scouting/interface to tarball
DEBUG 2025-05-21 20:16:08.934 UTC: 	 Adding directory /afs/cern.ch/user/a/amalhotr/CMSSW_14_0_18_patch1/src/Run3ScoutingAnalysisTools/ScoutingTreeMakerRun3/python to tarball
DEBUG 2025-05-21 20:16:09.012 UTC: 	 Adding directory /afs/cern.ch/user/a/amalhotr/CMSSW_14_0_18_patch1/src/DataFormats/Scouting/interface to tarball
DEBUG 2025-05-21 20:16:09.105 UTC: 	 Adding directory /afs/cern.ch/user/a/amalhotr/CMSSW_14_0_18_patch1/src/Configuration/GenProduction/python to tarball
DEBUG 2025-05-21 20:16:09.155 UTC: 	 Uploading archive /afs/cern.ch/user/a/amalhotr/CMSSW_14_0_18_patch1/src/Run3ScoutingAnalysisTools/crab_RealData_noLFNDirectory_All_6000EventLumi_v1/inputs/3ea68755-00f2-42ad-898b-d6d9bc604794default.tgz (441 KB) to the CRAB cache. Using URI https://cmsweb.cern.ch/S3/crabcache_prod
DEBUG 2025-05-21 20:16:09.292 UTC: 	 Encoded data for curl request: subresource=upload&objecttype=sandbox&tarballname=149aeb288c8e15d883a9b4e5f26f7e7a087780c40c66e337ffe04f370d00d347.tar.gz
DEBUG 2025-05-21 20:16:09.363 UTC: 	 sandbox 149aeb288c8e15d883a9b4e5f26f7e7a087780c40c66e337ffe04f370d00d347.tar.gz is already in the S3 store, will not upload again
DEBUG 2025-05-21 20:16:09.363 UTC: 	 Loading required information from the environment
DEBUG 2025-05-21 20:16:09.363 UTC: 	 Found CMSSW_14_0_18_patch1 for el9_amd64_gcc12 with base /afs/cern.ch/user/a/amalhotr/CMSSW_14_0_18_patch1
DEBUG 2025-05-21 20:16:09.363 UTC: 	 Making tarball in /afs/cern.ch/user/a/amalhotr/CMSSW_14_0_18_patch1/src/Run3ScoutingAnalysisTools/crab_RealData_noLFNDirectory_All_6000EventLumi_v1/inputs/debugFiles.tgz
DEBUG 2025-05-21 20:16:09.371 UTC: 	 Uploading archive /afs/cern.ch/user/a/amalhotr/CMSSW_14_0_18_patch1/src/Run3ScoutingAnalysisTools/crab_RealData_noLFNDirectory_All_6000EventLumi_v1/inputs/debugFiles.tgz (3 KB) to the CRAB cache. Using URI https://cmsweb.cern.ch/S3/crabcache_prod
DEBUG 2025-05-21 20:16:09.373 UTC: 	 Encoded data for curl request: subresource=upload&objecttype=sandbox&tarballname=0b819971c5943f2d94470068cdbe5d92213e1a52443fe742d34aae0864164939.tar.gz
DEBUG 2025-05-21 20:16:09.460 UTC: 	 Will execute:
curl -f -v -X POST  -H "User-Agent: CRAB" -F "key=amalhotr/sandboxes/0b819971c5943f2d94470068cdbe5d92213e1a52443fe742d34aae0864164939.tar.gz" -F "AWSAccessKeyId=715203df6482458ba839e73e6dab634b" -F "policy=eyJleHBpcmF0aW9uIjogIjIwMjUtMDUtMjFUMjE6MTY6MDlaIiwgImNvbmRpdGlvbnMiOiBbeyJidWNrZXQiOiAiY3JhYmNhY2hlX3Byb2QifSwgeyJrZXkiOiAiYW1hbGhvdHIvc2FuZGJveGVzLzBiODE5OTcxYzU5NDNmMmQ5NDQ3MDA2OGNkYmU1ZDkyMjEzZTFhNTI0NDNmZTc0MmQzNGFhZTA4NjQxNjQ5MzkudGFyLmd6In1dfQ==" -F "signature=EvRkblNxVSSgEYFhxmpPBnBdglY=" -F "file=@/afs/cern.ch/user/a/amalhotr/CMSSW_14_0_18_patch1/src/Run3ScoutingAnalysisTools/crab_RealData_noLFNDirectory_All_6000EventLumi_v1/inputs/debugFiles.tgz" "https://s3.cern.ch/crabcache_prod"
DEBUG 2025-05-21 20:16:09.492 UTC: 	 exitcode: 0
stdout: b''
DEBUG 2025-05-21 20:16:09.492 UTC: 	 upload to S3 of sandbox /afs/cern.ch/user/a/amalhotr/CMSSW_14_0_18_patch1/src/Run3ScoutingAnalysisTools/crab_RealData_noLFNDirectory_All_6000EventLumi_v1/inputs/debugFiles.tgz completed
DEBUG 2025-05-21 20:16:09.492 UTC: 	 make sure that object is ready for retrieve
DEBUG 2025-05-21 20:16:10.493 UTC: 	 Encoded data for curl request: subresource=download&objecttype=sandbox&tarballname=0b819971c5943f2d94470068cdbe5d92213e1a52443fe742d34aae0864164939.tar.gz&clientmethod=head_object
DEBUG 2025-05-21 20:16:10.544 UTC: 	 PreSignedUrl to download sandbox received OK
DEBUG 2025-05-21 20:16:10.547 UTC: 	 Will execute:
 curl -v -s -f -o /dev/null --head  "https://s3.cern.ch/crabcache_prod/amalhotr/sandboxes/0b819971c5943f2d94470068cdbe5d92213e1a52443fe742d34aae0864164939.tar.gz?AWSAccessKeyId=715203df6482458ba839e73e6dab634b&Signature=0y%2FhrGNXf12QF8WUhmoAb7pIVlY%3D&Expires=1747862170"
DEBUG 2025-05-21 20:16:10.578 UTC: 	 exitcode: 0
stdout: b''
DEBUG 2025-05-21 20:16:10.578 UTC: 	 sandbox /afs/cern.ch/user/a/amalhotr/CMSSW_14_0_18_patch1/src/Run3ScoutingAnalysisTools/crab_RealData_noLFNDirectory_All_6000EventLumi_v1/inputs/debugFiles.tgz successfully uploaded to S3
DEBUG 2025-05-21 20:16:10.578 UTC: 	 Result uploading input files: 149aeb288c8e15d883a9b4e5f26f7e7a087780c40c66e337ffe04f370d00d347.tar.gz 
DEBUG 2025-05-21 20:16:10.578 UTC: 	 submit() - self.configuration from WMCore.Configuration import Configuration
config = Configuration()
config.section_('General')
config.General.transferLogs = True
config.General.requestName = 'RealData_noLFNDirectory_All_6000EventLumi_v1'
config.General.transferOutputs = True
config.section_('JobType')
config.JobType.maxJobRuntimeMin = 2000
config.JobType.psetName = 'UnifiedScoutingVertexingTreeMaker.py'
config.JobType.pluginName = 'Analysis'
config.section_('Data')
config.Data.outputDatasetTag = 'RealData_noLFNDirectory_All_6000EventLumi_v1'
config.Data.allowNonValidInputDataset = True
config.Data.unitsPerJob = 5000
config.Data.inputDBS = 'global'
config.Data.inputDataset = '/ScoutingPFRun3/Run2024H-v1/HLTSCOUT'
config.Data.splitting = 'EventAwareLumiBased'
config.Data.publication = False
config.section_('Site')
config.Site.storageSite = 'T3_CH_CERNBOX'
config.section_('User')
config.section_('Debug')

DEBUG 2025-05-21 20:16:10.578 UTC: 	 submit() - self.configreq {'dryrun': 0, 'workflow': 'crab_RealData_noLFNDirectory_All_6000EventLumi_v1', 'saveoutput': 1, 'savelogsflag': 1, 'inputdata': '/ScoutingPFRun3/Run2024H-v1/HLTSCOUT', 'nonvaliddata': 1, 'userfiles': [], 'dbsurl': 'https://cmsweb.cern.ch/dbs/prod/global/DBSReader', 'useparent': 0, 'ignorelocality': 0, 'splitalgo': 'EventAwareLumiBased', 'algoargs': 5000, 'totalunits': 0, 'publication': 0, 'publishdbsurl': 'https://cmsweb.cern.ch/dbs/prod/phys03/DBSWriter', 'publishname2': 'RealData_noLFNDirectory_All_6000EventLumi_v1', 'jobtype': 'Analysis', 'generator': 'pythia', 'addoutputfiles': [], 'maxjobruntime': 2000, 'numcores': 1, 'maxmemory': 2000, 'priority': 10, 'nonprodsw': 0, 'asyncdest': 'T3_CH_CERNBOX', 'requireaccelerator': 0, 'oneEventMode': 0, 'extrajdl': [], 'ignoreglobalblacklist': 0, 'partialdataset': 0, 'inputblocks': []}
DEBUG 2025-05-21 20:16:10.578 UTC: 	 submit() - jobconfig {'addoutputfiles': [], 'tfileoutfiles': ['DY2M_ScoutingTree_Output.root'], 'edmoutfiles': [], 'jobarch': 'el9_amd64_gcc12', 'jobminuarch': 'any', 'jobsw': 'CMSSW_14_0_18_patch1', 'inputdata': '/ScoutingPFRun3/Run2024H-v1/HLTSCOUT', 'cacheurl': 'https://cmsweb.cern.ch/S3/crabcache_prod', 'cachefilename': '149aeb288c8e15d883a9b4e5f26f7e7a087780c40c66e337ffe04f370d00d347.tar.gz', 'debugfilename': '0b819971c5943f2d94470068cdbe5d92213e1a52443fe742d34aae0864164939.tar.gz', 'jobtype': 'Analysis'}
INFO 2025-05-21 20:16:10.578 UTC: 	 Sending the request to the server at cmsweb.cern.ch
DEBUG 2025-05-21 20:16:10.578 UTC: 	 Submitting {'dryrun': 0, 'workflow': 'crab_RealData_noLFNDirectory_All_6000EventLumi_v1', 'saveoutput': 1, 'savelogsflag': 1, 'inputdata': '/ScoutingPFRun3/Run2024H-v1/HLTSCOUT', 'nonvaliddata': 1, 'userfiles': [], 'dbsurl': 'https://cmsweb.cern.ch/dbs/prod/global/DBSReader', 'useparent': 0, 'ignorelocality': 0, 'splitalgo': 'EventAwareLumiBased', 'algoargs': 5000, 'totalunits': 0, 'publication': 0, 'publishdbsurl': 'https://cmsweb.cern.ch/dbs/prod/phys03/DBSWriter', 'publishname2': 'RealData_noLFNDirectory_All_6000EventLumi_v1', 'jobtype': 'Analysis', 'generator': 'pythia', 'addoutputfiles': [], 'maxjobruntime': 2000, 'numcores': 1, 'maxmemory': 2000, 'priority': 10, 'nonprodsw': 0, 'asyncdest': 'T3_CH_CERNBOX', 'requireaccelerator': 0, 'oneEventMode': 0, 'extrajdl': [], 'ignoreglobalblacklist': 0, 'partialdataset': 0, 'inputblocks': [], 'tfileoutfiles': ['DY2M_ScoutingTree_Output.root'], 'edmoutfiles': [], 'jobarch': 'el9_amd64_gcc12', 'jobminuarch': 'any', 'jobsw': 'CMSSW_14_0_18_patch1', 'cacheurl': 'https://cmsweb.cern.ch/S3/crabcache_prod', 'cachefilename': '149aeb288c8e15d883a9b4e5f26f7e7a087780c40c66e337ffe04f370d00d347.tar.gz', 'debugfilename': '0b819971c5943f2d94470068cdbe5d92213e1a52443fe742d34aae0864164939.tar.gz'} 
DEBUG 2025-05-21 20:16:10.579 UTC: 	 Encoded data for curl request: dryrun=0&workflow=crab_RealData_noLFNDirectory_All_6000EventLumi_v1&saveoutput=1&savelogsflag=1&inputdata=%2FScoutingPFRun3%2FRun2024H-v1%2FHLTSCOUT&nonvaliddata=1&dbsurl=https%3A%2F%2Fcmsweb.cern.ch%2Fdbs%2Fprod%2Fglobal%2FDBSReader&useparent=0&ignorelocality=0&splitalgo=EventAwareLumiBased&algoargs=5000&totalunits=0&publication=0&publishdbsurl=https%3A%2F%2Fcmsweb.cern.ch%2Fdbs%2Fprod%2Fphys03%2FDBSWriter&publishname2=RealData_noLFNDirectory_All_6000EventLumi_v1&jobtype=Analysis&generator=pythia&maxjobruntime=2000&numcores=1&maxmemory=2000&priority=10&nonprodsw=0&asyncdest=T3_CH_CERNBOX&requireaccelerator=0&oneEventMode=0&ignoreglobalblacklist=0&partialdataset=0&jobarch=el9_amd64_gcc12&jobminuarch=any&jobsw=CMSSW_14_0_18_patch1&cacheurl=https%3A%2F%2Fcmsweb.cern.ch%2FS3%2Fcrabcache_prod&cachefilename=149aeb288c8e15d883a9b4e5f26f7e7a087780c40c66e337ffe04f370d00d347.tar.gz&debugfilename=0b819971c5943f2d94470068cdbe5d92213e1a52443fe742d34aae0864164939.tar.gz&tfileoutfiles=DY2M_ScoutingTree_Output.root
DEBUG 2025-05-21 20:16:10.895 UTC: 	 Result: {'result': [{'RequestName': '250521_201610:amalhotr_crab_RealData_noLFNDirectory_All_6000EventLumi_v1'}]}
INFO 2025-05-21 20:16:10.903 UTC: 	 Success: Your task has been delivered to the prod CRAB3 server.
INFO 2025-05-21 20:16:10.903 UTC: 	 Task name: 250521_201610:amalhotr_crab_RealData_noLFNDirectory_All_6000EventLumi_v1
INFO 2025-05-21 20:16:10.903 UTC: 	 Project dir: ./crab_RealData_noLFNDirectory_All_6000EventLumi_v1
INFO 2025-05-21 20:16:10.903 UTC: 	 Please use ' crab status -d ./crab_RealData_noLFNDirectory_All_6000EventLumi_v1 ' to check how the submission process proceeds.
DEBUG 2025-05-21 20:16:10.903 UTC: 	 About to return
INFO 2025-05-21 20:16:10.914 UTC: 	 Log file is /afs/cern.ch/user/a/amalhotr/CMSSW_14_0_18_patch1/src/Run3ScoutingAnalysisTools/crab_RealData_noLFNDirectory_All_6000EventLumi_v1/crab.log
DEBUG 2025-05-21 21:46:10.603 UTC: 	 CRAB Client version: v3.250409
DEBUG 2025-05-21 21:46:10.603 UTC: 	 Running on: Linux lxplus978.cern.ch 5.14.0-503.34.1.el9_5.x86_64 #1 SMP PREEMPT_DYNAMIC Mon Mar 17 21:49:47 EDT 2025 x86_64 x86_64 x86_64 GNU/Linux
DEBUG 2025-05-21 21:46:10.603 UTC: 	 Not using Singularity
DEBUG 2025-05-21 21:46:10.603 UTC: 	 Operating System: Red Hat Enterprise Linux 9.5 (Plow)
DEBUG 2025-05-21 21:46:10.603 UTC: 	 Executing command: 'status'
DEBUG 2025-05-21 21:46:10.604 UTC: 	 Found CRAB cache file /afs/cern.ch/user/a/amalhotr/.crab3
DEBUG 2025-05-21 21:46:10.656 UTC: 	 Checking credentials
DEBUG 2025-05-21 21:46:10.656 UTC: 	 Found proxy file /tmp/x509up_u180451
DEBUG 2025-05-21 21:46:10.656 UTC: 	 Making sure it has proper VOMS extension
DEBUG 2025-05-21 21:46:10.656 UTC: 	 Executing command :
 voms-proxy-info --vo --file /tmp/x509up_u180451
DEBUG 2025-05-21 21:46:11.089 UTC: 	 output : cms

 error: 
 retcode : 0
DEBUG 2025-05-21 21:46:11.089 UTC: 	 Getting proxy life time left
DEBUG 2025-05-21 21:46:11.089 UTC: 	 Executing command :
 voms-proxy-info --actimeleft --timeleft --file /tmp/x509up_u180451
DEBUG 2025-05-21 21:46:11.444 UTC: 	 output : 686906
686906

 error: 
 retcode : 0
DEBUG 2025-05-21 21:46:11.444 UTC: 	 Proxy valid for 190:48:26 hours
DEBUG 2025-05-21 21:46:11.445 UTC: 	 Encoded data for curl request: subresource=delegatedn
DEBUG 2025-05-21 21:46:11.490 UTC: 	 Registering user credentials on myproxy for /DC=ch/DC=cern/OU=computers/CN=crab-(preprod|prod)-tw(01|02).cern.ch|/DC=ch/DC=cern/OU=computers/CN=crab-dev-tw(01|02|03|04).cern.ch|/DC=ch/DC=cern/OU=Organic Units/OU=Users/CN=cmscrab/CN=(817881|373708)/CN=Robot: cms crab|/DC=ch/DC=cern/OU=Organic Units/OU=Users/CN=crabint1/CN=373708/CN=Robot: CMS CRAB Integration 1
DEBUG 2025-05-21 21:46:11.490 UTC: 	 Executing command :
 voms-proxy-info --identity --file /tmp/x509up_u180451
DEBUG 2025-05-21 21:46:11.875 UTC: 	 output : /DC=ch/DC=cern/OU=Organic Units/OU=Users/CN=amalhotr/CN=884837/CN=Aryan Malhotra

 error: 
 retcode : 0
DEBUG 2025-05-21 21:46:11.875 UTC: 	 Getting myproxy life time left for 2382a3cf28fdeacb1de9b039908761ea517a5ed6
DEBUG 2025-05-21 21:46:11.875 UTC: 	 Executing command :
 myproxy-info -s myproxy.cern.ch -l 2382a3cf28fdeacb1de9b039908761ea517a5ed6
DEBUG 2025-05-21 21:46:12.252 UTC: 	 output : username: 2382a3cf28fdeacb1de9b039908761ea517a5ed6
owner: /DC=ch/DC=cern/OU=Organic Units/OU=Users/CN=amalhotr/CN=884837/CN=Aryan Malhotra
  renewal policy: /DC=ch/DC=cern/OU=computers/CN=crab-(preprod|prod)-tw(01|02).cern.ch|/DC=ch/DC=cern/OU=computers/CN=crab-dev-tw(01|02|03|04).cern.ch|/DC=ch/DC=cern/OU=Organic Units/OU=Users/CN=cmscrab/CN=(817881|373708)/CN=Robot: cms crab|/DC=ch/DC=cern/OU=Organic Units/OU=Users/CN=crabint1/CN=373708/CN=Robot: CMS CRAB Integration 1
  trusted retrieval policy: /DC=ch/DC=cern/OU=computers/CN=crab-(preprod|prod)-tw(01|02).cern.ch|/DC=ch/DC=cern/OU=computers/CN=crab-dev-tw(01|02|03|04).cern.ch|/DC=ch/DC=cern/OU=Organic Units/OU=Users/CN=cmscrab/CN=(817881|373708)/CN=Robot: cms crab|/DC=ch/DC=cern/OU=Organic Units/OU=Users/CN=crabint1/CN=373708/CN=Robot: CMS CRAB Integration 1
  timeleft: 561:07:21  (23.4 days)

 error: 
 retcode : 0
DEBUG 2025-05-21 21:46:12.252 UTC: 	 Myproxy is valid: 2020020
DEBUG 2025-05-21 21:46:12.252 UTC: 	 Result of myproxy credential check:
  Credential exists on myproxy: username: 2382a3cf28fdeacb1de9b039908761ea517a5ed6  - validity: 23 days, 9:07:00
DEBUG 2025-05-21 21:46:12.252 UTC: 	 Retrieving username ...
DEBUG 2025-05-21 21:46:12.252 UTC: 	 Retrieving username from CRIC...
DEBUG 2025-05-21 21:46:13.145 UTC: 	 username is amalhotr
INFO 2025-05-21 21:46:14.394 UTC: 	 Rucio client intialized for account amalhotr
DEBUG 2025-05-21 21:46:14.395 UTC: 	 Command use: status
DEBUG 2025-05-21 21:46:14.395 UTC: 	 Options use: ['-d', './crab_RealData_noLFNDirectory_All_6000EventLumi_v1']
DEBUG 2025-05-21 21:46:14.395 UTC: 	 Encoded data for curl request: subresource=version
DEBUG 2025-05-21 21:46:14.435 UTC: 	 CRABClient version: v3.250409
DEBUG 2025-05-21 21:46:14.435 UTC: 	 Instance is prod
DEBUG 2025-05-21 21:46:14.435 UTC: 	 Server base url is cmsweb.cern.ch
DEBUG 2025-05-21 21:46:14.435 UTC: 	 Command api workflow
DEBUG 2025-05-21 21:46:14.435 UTC: 	 Encoded data for curl request: subresource=search&workflow=250521_201610%3Aamalhotr_crab_RealData_noLFNDirectory_All_6000EventLumi_v1
DEBUG 2025-05-21 21:46:14.490 UTC: 	 Got information from server oracle database: {'desc': {'columns': ['tm_taskname', 'tm_activity', 'tm_task_status', 'tm_task_command', 'tm_start_time', 'tm_start_injection', 'tm_end_injection', 'tm_task_failure', 'tm_job_sw', 'tm_job_arch', 'tm_input_dataset', 'tm_nonvalid_input_dataset', 'tm_use_parent', 'tm_site_whitelist', 'tm_site_blacklist', 'tm_split_algo', 'tm_split_args', 'tm_user_sandbox', 'tm_cache_url', 'tm_username', 'tm_user_dn', 'tm_user_vo', 'tm_user_role', 'tm_user_group', 'tm_publish_name', 'tm_publish_groupname', 'tm_asyncdest', 'tm_dbs_url', 'tm_publish_dbs_url', 'tm_publication', 'tm_outfiles', 'tm_tfile_outfiles', 'tm_edm_outfiles', 'tm_job_type', 'tm_generator', 'tm_events_per_lumi', 'tm_arguments', 'tm_save_logs', 'tw_name', 'tm_user_infiles', 'tm_maxjobruntime', 'tm_numcores', 'tm_maxmemory', 'tm_priority', 'tm_output_dataset', 'tm_task_warnings', 'tm_user_webdir', 'tm_scriptexe', 'tm_scriptargs', 'tm_extrajdl', 'tm_collector', 'tm_schedd', 'tm_dry_run', 'tm_user_files', 'tm_transfer_outputs', 'tm_output_lfn', 'tm_ignore_locality', 'tm_fail_limit', 'tm_one_event_mode', 'tm_secondary_input_dataset', 'tm_primary_dataset', 'tm_last_publication', 'tm_debug_files', 'clusterid', 'tm_ignore_global_blacklist', 'tm_submitter_ip_addr', 'tm_totalunits', 'tm_ddm_reqid', 'tm_user_config', 'tm_transfer_container', 'tm_transfer_rule', 'tm_publish_rule', 'tm_multipub_rule', 'tm_job_min_microarch', 'tm_dagman_status', 'tm_num_jobs', 'tm_uploaded']}, 'result': ['250521_201610:amalhotr_crab_RealData_noLFNDirectory_All_6000EventLumi_v1', 'None', 'SUBMITREFUSED', 'SUBMIT', '2025-05-21 20:16:10.887993', 'None', 'None', 'None', 'CMSSW_14_0_18_patch1', 'el9_amd64_gcc12', '/ScoutingPFRun3/Run2024H-v1/HLTSCOUT', 'T', '0', '[]', '[]', 'EventAwareLumiBased', "{'halt_job_on_file_boundaries': False, 'splitOnRun': False, 'events_per_job': 5000, 'runs': [], 'lumis': []}", '149aeb288c8e15d883a9b4e5f26f7e7a087780c40c66e337ffe04f370d00d347.tar.gz', 'https://cmsweb.cern.ch/S3/crabcache_prod', 'amalhotr', '/DC=ch/DC=cern/OU=Organic Units/OU=Users/CN=amalhotr/CN=884837/CN=Aryan Malhotra', 'cms', 'None', 'None', 'RealData_noLFNDirectory_All_6000EventLumi_v1-00000000000000000000000000000000', 'F', 'T3_CH_CERNBOX', 'https://cmsweb.cern.ch/dbs/prod/global/DBSReader', 'https://cmsweb.cern.ch/dbs/prod/phys03/DBSWriter', 'F', '[]', "['DY2M_ScoutingTree_Output.root']", '[]', 'Analysis', 'pythia', 'None', '{}', 'T', 'crab-prod-tw01', '[]', '2000', '1', '2000', '10', 'None', "['The splitting on your task generated 15257 jobs. The maximum number of jobs in each task is 10000']", 'None', 'None', '[]', '[]', 'cmsgwms-collector-global.cern.ch:9620,cmsgwms-collector-global.fnal.gov:9620', 'None', 'F', '[]', 'T', '/store/user/amalhotr/', 'F', 'None', 'F', 'None', 'ScoutingPFRun3', 'None', '0b819971c5943f2d94470068cdbe5d92213e1a52443fe742d34aae0864164939.tar.gz', 'None', 'F', '188.184.75.82', '0.0', 'None', '{"partialdataset": false, "requireaccelerator": false, "acceleratorparams": null, "inputblocks": null}', 'None', 'None', 'None', 'None', 'any', 'NOT_READY', '0', 'F']}
INFO 2025-05-21 21:46:14.490 UTC: 	 CRAB project directory:		/afs/cern.ch/user/a/amalhotr/CMSSW_14_0_18_patch1/src/Run3ScoutingAnalysisTools/crab_RealData_noLFNDirectory_All_6000EventLumi_v1
INFO 2025-05-21 21:46:14.490 UTC: 	 Task name:			250521_201610:amalhotr_crab_RealData_noLFNDirectory_All_6000EventLumi_v1
INFO 2025-05-21 21:46:14.490 UTC: 	 Grid scheduler - Task Worker:	N/A yet - crab-prod-tw01
INFO 2025-05-21 21:46:14.490 UTC: 	 Status on the CRAB server:	SUBMITREFUSED
INFO 2025-05-21 21:46:14.490 UTC: 	 Task URL to use for HELP:	https://cmsweb.cern.ch/crabserver/ui/task/250521_201610%3Aamalhotr_crab_RealData_noLFNDirectory_All_6000EventLumi_v1
INFO 2025-05-21 21:46:14.497 UTC: 	 Dashboard monitoring URL:	https://monit-grafana.cern.ch/d/cmsTMDetail/cms-task-monitoring-task-view?orgId=11&var-user=amalhotr&var-task=250521_201610%3Aamalhotr_crab_RealData_noLFNDirectory_All_6000EventLumi_v1&from=1747854970000&to=now
WARNING 2025-05-21 21:46:14.497 UTC: 	 Warning:			The splitting on your task generated 15257 jobs. The maximum number of jobs in each task is 10000
DEBUG 2025-05-21 21:46:14.498 UTC: 	 The task has not been submitted to the Grid scheduler yet. Not printing job information.
INFO 2025-05-21 21:46:14.502 UTC: 	 Log file is /afs/cern.ch/user/a/amalhotr/CMSSW_14_0_18_patch1/src/Run3ScoutingAnalysisTools/crab_RealData_noLFNDirectory_All_6000EventLumi_v1/crab.log
