DEBUG 2025-10-13 04:52:56.297 UTC: 	 CRAB Client version: v3.250820
DEBUG 2025-10-13 04:52:56.297 UTC: 	 Running on: Linux lxplus912.cern.ch 5.14.0-570.44.1.el9_6.x86_64 #1 SMP PREEMPT_DYNAMIC Tue Sep 9 05:17:30 EDT 2025 x86_64 x86_64 x86_64 GNU/Linux
DEBUG 2025-10-13 04:52:56.297 UTC: 	 Not using Singularity
DEBUG 2025-10-13 04:52:56.297 UTC: 	 Operating System: Red Hat Enterprise Linux 9.6 (Plow)
DEBUG 2025-10-13 04:52:56.297 UTC: 	 Executing command: 'submit'
DEBUG 2025-10-13 04:52:56.298 UTC: 	 Found CRAB cache file /afs/cern.ch/user/a/amalhotr/.crab3
INFO 2025-10-13 04:52:56.298 UTC: 	 Will use CRAB configuration file chainedCrabConfig.py
DEBUG 2025-10-13 04:52:56.298 UTC: 	 Loading CRAB configuration file.
DEBUG 2025-10-13 04:52:56.358 UTC: 	 Will use CRAB plugin ANALYSIS (i.e. will run an analysis job type).
DEBUG 2025-10-13 04:52:56.407 UTC: 	 Checking credentials
DEBUG 2025-10-13 04:52:56.407 UTC: 	 Found proxy file /tmp/x509up_u180451
DEBUG 2025-10-13 04:52:56.407 UTC: 	 Making sure it has proper VOMS extension
DEBUG 2025-10-13 04:52:56.407 UTC: 	 Executing command :
 voms-proxy-info --vo --file /tmp/x509up_u180451
DEBUG 2025-10-13 04:52:56.447 UTC: 	 output : cms

 error: 
 retcode : 0
DEBUG 2025-10-13 04:52:56.447 UTC: 	 Getting proxy life time left
DEBUG 2025-10-13 04:52:56.447 UTC: 	 Executing command :
 voms-proxy-info --actimeleft --timeleft --file /tmp/x509up_u180451
DEBUG 2025-10-13 04:52:56.479 UTC: 	 output : 690917
690917

 error: 
 retcode : 0
DEBUG 2025-10-13 04:52:56.480 UTC: 	 Proxy valid for 191:55:17 hours
DEBUG 2025-10-13 04:52:56.480 UTC: 	 Encoded data for curl request: subresource=delegatedn
DEBUG 2025-10-13 04:52:56.535 UTC: 	 Registering user credentials on myproxy for /DC=ch/DC=cern/OU=computers/CN=crab-(preprod|prod)-tw(01|02).cern.ch|/DC=ch/DC=cern/OU=computers/CN=crab-dev-tw(01|02|03|04).cern.ch|/DC=ch/DC=cern/OU=Organic Units/OU=Users/CN=cmscrab/CN=(817881|373708)/CN=Robot: cms crab|/DC=ch/DC=cern/OU=Organic Units/OU=Users/CN=crabint1/CN=373708/CN=Robot: CMS CRAB Integration 1
DEBUG 2025-10-13 04:52:56.535 UTC: 	 Executing command :
 voms-proxy-info --identity --file /tmp/x509up_u180451
DEBUG 2025-10-13 04:52:56.561 UTC: 	 output : /DC=ch/DC=cern/OU=Organic Units/OU=Users/CN=amalhotr/CN=884837/CN=Aryan Malhotra

 error: 
 retcode : 0
DEBUG 2025-10-13 04:52:56.561 UTC: 	 Getting myproxy life time left for 2382a3cf28fdeacb1de9b039908761ea517a5ed6
DEBUG 2025-10-13 04:52:56.561 UTC: 	 Executing command :
 myproxy-info -s myproxy.cern.ch -l 2382a3cf28fdeacb1de9b039908761ea517a5ed6
DEBUG 2025-10-13 04:52:56.959 UTC: 	 output : username: 2382a3cf28fdeacb1de9b039908761ea517a5ed6
owner: /DC=ch/DC=cern/OU=Organic Units/OU=Users/CN=amalhotr/CN=884837/CN=Aryan Malhotra
  renewal policy: /DC=ch/DC=cern/OU=computers/CN=crab-(preprod|prod)-tw(01|02).cern.ch|/DC=ch/DC=cern/OU=computers/CN=crab-dev-tw(01|02|03|04).cern.ch|/DC=ch/DC=cern/OU=Organic Units/OU=Users/CN=cmscrab/CN=(817881|373708)/CN=Robot: cms crab|/DC=ch/DC=cern/OU=Organic Units/OU=Users/CN=crabint1/CN=373708/CN=Robot: CMS CRAB Integration 1
  trusted retrieval policy: /DC=ch/DC=cern/OU=computers/CN=crab-(preprod|prod)-tw(01|02).cern.ch|/DC=ch/DC=cern/OU=computers/CN=crab-dev-tw(01|02|03|04).cern.ch|/DC=ch/DC=cern/OU=Organic Units/OU=Users/CN=cmscrab/CN=(817881|373708)/CN=Robot: cms crab|/DC=ch/DC=cern/OU=Organic Units/OU=Users/CN=crabint1/CN=373708/CN=Robot: CMS CRAB Integration 1
  timeleft: 719:55:45  (30.0 days)

 error: 
 retcode : 0
DEBUG 2025-10-13 04:52:56.959 UTC: 	 Myproxy is valid: 2591700
DEBUG 2025-10-13 04:52:56.959 UTC: 	 Result of myproxy credential check:
  Credential exists on myproxy: username: 2382a3cf28fdeacb1de9b039908761ea517a5ed6  - validity: 29 days, 23:55:00
DEBUG 2025-10-13 04:52:56.959 UTC: 	 Command use: submit
DEBUG 2025-10-13 04:52:56.959 UTC: 	 Options use: ['-c', 'chainedCrabConfig.py']
DEBUG 2025-10-13 04:52:56.960 UTC: 	 Encoded data for curl request: subresource=version
DEBUG 2025-10-13 04:52:57.008 UTC: 	 CRABClient version: v3.250820
DEBUG 2025-10-13 04:52:57.008 UTC: 	 Instance is prod
DEBUG 2025-10-13 04:52:57.008 UTC: 	 Server base url is cmsweb.cern.ch
DEBUG 2025-10-13 04:52:57.008 UTC: 	 Command api workflow
DEBUG 2025-10-13 04:52:57.009 UTC: 	 Started submission
DEBUG 2025-10-13 04:52:57.009 UTC: 	 Working on /afs/cern.ch/user/a/amalhotr/CMSSW_14_0_18_patch1/src/Run3ScoutingAnalysisTools/crab_ScoutingData_Updated_9mod15_v1
DEBUG 2025-10-13 04:52:57.009 UTC: 	 Encoded data for curl request: subresource=backendurls
DEBUG 2025-10-13 04:52:57.096 UTC: 	 Loading required information from the environment
DEBUG 2025-10-13 04:52:57.096 UTC: 	 Found CMSSW_14_0_18_patch1 for el9_amd64_gcc12 with base /afs/cern.ch/user/a/amalhotr/CMSSW_14_0_18_patch1
DEBUG 2025-10-13 04:52:57.096 UTC: 	 Loading required information from the environment
DEBUG 2025-10-13 04:52:57.096 UTC: 	 Found CMSSW_14_0_18_patch1 for el9_amd64_gcc12 with base /afs/cern.ch/user/a/amalhotr/CMSSW_14_0_18_patch1
DEBUG 2025-10-13 04:52:57.096 UTC: 	 UNIQUE NAME: tarUUID 54610bcd-ea0d-4d53-8c4a-796e94f3936a 
DEBUG 2025-10-13 04:52:57.096 UTC: 	 self.config: from WMCore.Configuration import Configuration
config = Configuration()
config.section_('General')
config.General.transferOutputs = True
config.General.transferLogs = True
config.General.requestName = 'ScoutingData_Updated_9mod15_v1'
config.section_('JobType')
config.JobType.psetName = 'UnifiedScoutingVertexingTreeMaker.py'
config.JobType.maxJobRuntimeMin = 2750
config.JobType.outputFiles = ['ScoutingTree_Output_PV.root']
config.JobType.pluginName = 'Analysis'
config.JobType.maxMemoryMB = 3000
config.section_('Data')
config.Data.inputDBS = 'global'
config.Data.inputDataset = '/ScoutingPFRun3/Run2024H-v1/HLTSCOUT'
config.Data.outputDatasetTag = 'ScoutingData_Updated_9mod15_v1'
config.Data.splitting = 'FileBased'
config.Data.publication = False
config.Data.unitsPerJob = 2
config.Data.allowNonValidInputDataset = True
config.section_('Site')
config.Site.storageSite = 'T3_CH_CERNBOX'
config.section_('User')
config.section_('Debug')

DEBUG 2025-10-13 04:52:57.096 UTC: 	 self.config.JobType.psetName: UnifiedScoutingVertexingTreeMaker.py
INFO 2025-10-13 04:52:57.096 UTC: 	 Importing CMSSW configuration UnifiedScoutingVertexingTreeMaker.py
INFO 2025-10-13 04:52:57.643 UTC: 	 Finished importing CMSSW configuration UnifiedScoutingVertexingTreeMaker.py
DEBUG 2025-10-13 04:52:57.644 UTC: 	 Writing CMSSW configuration to /afs/cern.ch/user/a/amalhotr/CMSSW_14_0_18_patch1/src/Run3ScoutingAnalysisTools/crab_ScoutingData_Updated_9mod15_v1/inputs/PSet.py
DEBUG 2025-10-13 04:52:57.666 UTC: 	 The following EDM output files will be collected: []
DEBUG 2025-10-13 04:52:57.666 UTC: 	 The following TFile output files will be collected: ['ScoutingTree_Output_PV.root']
DEBUG 2025-10-13 04:52:57.666 UTC: 	 The following user output files (not listed as PoolOuputModule or TFileService in the CMSSW PSet) will be collected: 
DEBUG 2025-10-13 04:52:57.666 UTC: 	 Loading required information from the environment
DEBUG 2025-10-13 04:52:57.666 UTC: 	 Found CMSSW_14_0_18_patch1 for el9_amd64_gcc12 with base /afs/cern.ch/user/a/amalhotr/CMSSW_14_0_18_patch1
DEBUG 2025-10-13 04:52:57.666 UTC: 	 Making tarball in /afs/cern.ch/user/a/amalhotr/CMSSW_14_0_18_patch1/src/Run3ScoutingAnalysisTools/crab_ScoutingData_Updated_9mod15_v1/inputs/54610bcd-ea0d-4d53-8c4a-796e94f3936adefault.tgz
DEBUG 2025-10-13 04:52:57.667 UTC: 	 Checking directory /afs/cern.ch/user/a/amalhotr/CMSSW_14_0_18_patch1/bin
DEBUG 2025-10-13 04:52:57.667 UTC: 	 Adding directory /afs/cern.ch/user/a/amalhotr/CMSSW_14_0_18_patch1/bin to tarball
DEBUG 2025-10-13 04:52:57.674 UTC: 	 Checking directory /afs/cern.ch/user/a/amalhotr/CMSSW_14_0_18_patch1/python
DEBUG 2025-10-13 04:52:57.674 UTC: 	 Adding directory /afs/cern.ch/user/a/amalhotr/CMSSW_14_0_18_patch1/python to tarball
DEBUG 2025-10-13 04:52:58.114 UTC: 	 Checking directory /afs/cern.ch/user/a/amalhotr/CMSSW_14_0_18_patch1/cfipython
DEBUG 2025-10-13 04:52:58.114 UTC: 	 Adding directory /afs/cern.ch/user/a/amalhotr/CMSSW_14_0_18_patch1/cfipython to tarball
DEBUG 2025-10-13 04:52:58.141 UTC: 	 Checking directory /afs/cern.ch/user/a/amalhotr/CMSSW_14_0_18_patch1/lib
DEBUG 2025-10-13 04:52:58.141 UTC: 	 Adding directory /afs/cern.ch/user/a/amalhotr/CMSSW_14_0_18_patch1/lib to tarball
DEBUG 2025-10-13 04:52:58.275 UTC: 	 Checking directory /afs/cern.ch/user/a/amalhotr/CMSSW_14_0_18_patch1/biglib
DEBUG 2025-10-13 04:52:58.275 UTC: 	 Adding directory /afs/cern.ch/user/a/amalhotr/CMSSW_14_0_18_patch1/biglib to tarball
DEBUG 2025-10-13 04:52:58.278 UTC: 	 Checking directory /afs/cern.ch/user/a/amalhotr/CMSSW_14_0_18_patch1/module
DEBUG 2025-10-13 04:52:58.278 UTC: 	 Checking directory /afs/cern.ch/user/a/amalhotr/CMSSW_14_0_18_patch1/config/SCRAM/hooks
DEBUG 2025-10-13 04:52:58.278 UTC: 	 Adding directory /afs/cern.ch/user/a/amalhotr/CMSSW_14_0_18_patch1/config/SCRAM/hooks to tarball
DEBUG 2025-10-13 04:52:58.309 UTC: 	 Adding directory /afs/cern.ch/user/a/amalhotr/CMSSW_14_0_18_patch1/src/Run3ScoutingAnalysisTools/DataFormats/Scouting/interface to tarball
DEBUG 2025-10-13 04:52:58.331 UTC: 	 Adding directory /afs/cern.ch/user/a/amalhotr/CMSSW_14_0_18_patch1/src/Run3ScoutingAnalysisTools/ScoutingTreeMakerRun3/python to tarball
DEBUG 2025-10-13 04:52:58.352 UTC: 	 Adding directory /afs/cern.ch/user/a/amalhotr/CMSSW_14_0_18_patch1/src/DataFormats/Scouting/interface to tarball
DEBUG 2025-10-13 04:52:58.373 UTC: 	 Adding directory /afs/cern.ch/user/a/amalhotr/CMSSW_14_0_18_patch1/src/Configuration/GenProduction/python to tarball
DEBUG 2025-10-13 04:52:58.439 UTC: 	 Uploading archive /afs/cern.ch/user/a/amalhotr/CMSSW_14_0_18_patch1/src/Run3ScoutingAnalysisTools/crab_ScoutingData_Updated_9mod15_v1/inputs/54610bcd-ea0d-4d53-8c4a-796e94f3936adefault.tgz (480 KB) to the CRAB cache. Using URI https://s3.cern.ch/crabcache
DEBUG 2025-10-13 04:52:58.667 UTC: 	 Encoded data for curl request: subresource=upload&objecttype=sandbox&tarballname=a724e2df6c7ef642407a739b8e3dbae7212e674cd3556b3ae5d068d297f2efbe.tar.gz
DEBUG 2025-10-13 04:52:58.714 UTC: 	 Will execute:
curl -f -v -X POST  -H "User-Agent: CRAB" -F "key=amalhotr/sandboxes/a724e2df6c7ef642407a739b8e3dbae7212e674cd3556b3ae5d068d297f2efbe.tar.gz" -F "AWSAccessKeyId=715203df6482458ba839e73e6dab634b" -F "policy=eyJleHBpcmF0aW9uIjogIjIwMjUtMTAtMTNUMDU6NTI6NThaIiwgImNvbmRpdGlvbnMiOiBbeyJidWNrZXQiOiAiY3JhYmNhY2hlX3Byb2QifSwgeyJrZXkiOiAiYW1hbGhvdHIvc2FuZGJveGVzL2E3MjRlMmRmNmM3ZWY2NDI0MDdhNzM5YjhlM2RiYWU3MjEyZTY3NGNkMzU1NmIzYWU1ZDA2OGQyOTdmMmVmYmUudGFyLmd6In1dfQ==" -F "signature=2SqsjzSTQHljux5weCQpSz3k5y8=" -F "file=@/afs/cern.ch/user/a/amalhotr/CMSSW_14_0_18_patch1/src/Run3ScoutingAnalysisTools/crab_ScoutingData_Updated_9mod15_v1/inputs/54610bcd-ea0d-4d53-8c4a-796e94f3936adefault.tgz" "https://s3.cern.ch/crabcache_prod"
DEBUG 2025-10-13 04:52:58.765 UTC: 	 exitcode: 0
stdout: b''
DEBUG 2025-10-13 04:52:58.765 UTC: 	 upload to S3 of sandbox /afs/cern.ch/user/a/amalhotr/CMSSW_14_0_18_patch1/src/Run3ScoutingAnalysisTools/crab_ScoutingData_Updated_9mod15_v1/inputs/54610bcd-ea0d-4d53-8c4a-796e94f3936adefault.tgz completed
DEBUG 2025-10-13 04:52:58.765 UTC: 	 make sure that object is ready for retrieve
DEBUG 2025-10-13 04:52:59.766 UTC: 	 Encoded data for curl request: subresource=download&objecttype=sandbox&tarballname=a724e2df6c7ef642407a739b8e3dbae7212e674cd3556b3ae5d068d297f2efbe.tar.gz&clientmethod=head_object
DEBUG 2025-10-13 04:52:59.819 UTC: 	 PreSignedUrl to download sandbox received OK
DEBUG 2025-10-13 04:52:59.823 UTC: 	 Will execute:
 curl -v -s -f -o /dev/null --head  "https://s3.cern.ch/crabcache_prod/amalhotr/sandboxes/a724e2df6c7ef642407a739b8e3dbae7212e674cd3556b3ae5d068d297f2efbe.tar.gz?AWSAccessKeyId=715203df6482458ba839e73e6dab634b&Signature=GojQYvmmuLijqlg5tb35e3v3gGI%3D&Expires=1760334779"
DEBUG 2025-10-13 04:52:59.862 UTC: 	 exitcode: 0
stdout: b''
DEBUG 2025-10-13 04:52:59.862 UTC: 	 sandbox /afs/cern.ch/user/a/amalhotr/CMSSW_14_0_18_patch1/src/Run3ScoutingAnalysisTools/crab_ScoutingData_Updated_9mod15_v1/inputs/54610bcd-ea0d-4d53-8c4a-796e94f3936adefault.tgz successfully uploaded to S3
DEBUG 2025-10-13 04:52:59.862 UTC: 	 Loading required information from the environment
DEBUG 2025-10-13 04:52:59.862 UTC: 	 Found CMSSW_14_0_18_patch1 for el9_amd64_gcc12 with base /afs/cern.ch/user/a/amalhotr/CMSSW_14_0_18_patch1
DEBUG 2025-10-13 04:52:59.862 UTC: 	 Making tarball in /afs/cern.ch/user/a/amalhotr/CMSSW_14_0_18_patch1/src/Run3ScoutingAnalysisTools/crab_ScoutingData_Updated_9mod15_v1/inputs/debugFiles.tgz
DEBUG 2025-10-13 04:52:59.871 UTC: 	 Uploading archive /afs/cern.ch/user/a/amalhotr/CMSSW_14_0_18_patch1/src/Run3ScoutingAnalysisTools/crab_ScoutingData_Updated_9mod15_v1/inputs/debugFiles.tgz (3 KB) to the CRAB cache. Using URI https://s3.cern.ch/crabcache
DEBUG 2025-10-13 04:52:59.874 UTC: 	 Encoded data for curl request: subresource=upload&objecttype=sandbox&tarballname=245c34c1d68a39a826bae1c0c25b47d15dd96dba99741a865f0e525d9225c798.tar.gz
DEBUG 2025-10-13 04:52:59.931 UTC: 	 Will execute:
curl -f -v -X POST  -H "User-Agent: CRAB" -F "key=amalhotr/sandboxes/245c34c1d68a39a826bae1c0c25b47d15dd96dba99741a865f0e525d9225c798.tar.gz" -F "AWSAccessKeyId=715203df6482458ba839e73e6dab634b" -F "policy=eyJleHBpcmF0aW9uIjogIjIwMjUtMTAtMTNUMDU6NTI6NTlaIiwgImNvbmRpdGlvbnMiOiBbeyJidWNrZXQiOiAiY3JhYmNhY2hlX3Byb2QifSwgeyJrZXkiOiAiYW1hbGhvdHIvc2FuZGJveGVzLzI0NWMzNGMxZDY4YTM5YTgyNmJhZTFjMGMyNWI0N2QxNWRkOTZkYmE5OTc0MWE4NjVmMGU1MjVkOTIyNWM3OTgudGFyLmd6In1dfQ==" -F "signature=uCdUY767KKLqmSArlc75NnPL2JY=" -F "file=@/afs/cern.ch/user/a/amalhotr/CMSSW_14_0_18_patch1/src/Run3ScoutingAnalysisTools/crab_ScoutingData_Updated_9mod15_v1/inputs/debugFiles.tgz" "https://s3.cern.ch/crabcache_prod"
DEBUG 2025-10-13 04:52:59.968 UTC: 	 exitcode: 0
stdout: b''
DEBUG 2025-10-13 04:52:59.969 UTC: 	 upload to S3 of sandbox /afs/cern.ch/user/a/amalhotr/CMSSW_14_0_18_patch1/src/Run3ScoutingAnalysisTools/crab_ScoutingData_Updated_9mod15_v1/inputs/debugFiles.tgz completed
DEBUG 2025-10-13 04:52:59.969 UTC: 	 make sure that object is ready for retrieve
DEBUG 2025-10-13 04:53:00.970 UTC: 	 Encoded data for curl request: subresource=download&objecttype=sandbox&tarballname=245c34c1d68a39a826bae1c0c25b47d15dd96dba99741a865f0e525d9225c798.tar.gz&clientmethod=head_object
DEBUG 2025-10-13 04:53:01.019 UTC: 	 PreSignedUrl to download sandbox received OK
DEBUG 2025-10-13 04:53:01.023 UTC: 	 Will execute:
 curl -v -s -f -o /dev/null --head  "https://s3.cern.ch/crabcache_prod/amalhotr/sandboxes/245c34c1d68a39a826bae1c0c25b47d15dd96dba99741a865f0e525d9225c798.tar.gz?AWSAccessKeyId=715203df6482458ba839e73e6dab634b&Signature=%2BjoIH2ObBWyLeJRuRy30v%2FQps6o%3D&Expires=1760334781"
DEBUG 2025-10-13 04:53:01.058 UTC: 	 exitcode: 0
stdout: b''
DEBUG 2025-10-13 04:53:01.059 UTC: 	 sandbox /afs/cern.ch/user/a/amalhotr/CMSSW_14_0_18_patch1/src/Run3ScoutingAnalysisTools/crab_ScoutingData_Updated_9mod15_v1/inputs/debugFiles.tgz successfully uploaded to S3
DEBUG 2025-10-13 04:53:01.059 UTC: 	 Result uploading input files: a724e2df6c7ef642407a739b8e3dbae7212e674cd3556b3ae5d068d297f2efbe.tar.gz 
DEBUG 2025-10-13 04:53:01.059 UTC: 	 submit() - self.configuration from WMCore.Configuration import Configuration
config = Configuration()
config.section_('General')
config.General.transferOutputs = True
config.General.transferLogs = True
config.General.requestName = 'ScoutingData_Updated_9mod15_v1'
config.section_('JobType')
config.JobType.psetName = 'UnifiedScoutingVertexingTreeMaker.py'
config.JobType.maxJobRuntimeMin = 2750
config.JobType.outputFiles = ['ScoutingTree_Output_PV.root']
config.JobType.pluginName = 'Analysis'
config.JobType.maxMemoryMB = 3000
config.section_('Data')
config.Data.inputDBS = 'global'
config.Data.inputDataset = '/ScoutingPFRun3/Run2024H-v1/HLTSCOUT'
config.Data.outputDatasetTag = 'ScoutingData_Updated_9mod15_v1'
config.Data.splitting = 'FileBased'
config.Data.publication = False
config.Data.unitsPerJob = 2
config.Data.allowNonValidInputDataset = True
config.section_('Site')
config.Site.storageSite = 'T3_CH_CERNBOX'
config.section_('User')
config.section_('Debug')

DEBUG 2025-10-13 04:53:01.059 UTC: 	 submit() - self.configreq {'dryrun': 0, 'workflow': 'crab_ScoutingData_Updated_9mod15_v1', 'saveoutput': 1, 'savelogsflag': 1, 'inputdata': '/ScoutingPFRun3/Run2024H-v1/HLTSCOUT', 'nonvaliddata': 1, 'userfiles': [], 'dbsurl': 'https://cmsweb.cern.ch/dbs/prod/global/DBSReader', 'useparent': 0, 'ignorelocality': 0, 'splitalgo': 'FileBased', 'algoargs': 2, 'totalunits': 0, 'publication': 0, 'publishdbsurl': 'https://cmsweb.cern.ch/dbs/prod/phys03/DBSWriter', 'publishname2': 'ScoutingData_Updated_9mod15_v1', 'jobtype': 'Analysis', 'generator': 'pythia', 'addoutputfiles': ['ScoutingTree_Output_PV.root'], 'maxjobruntime': 2750, 'numcores': 1, 'maxmemory': 3000, 'priority': 10, 'nonprodsw': 0, 'asyncdest': 'T3_CH_CERNBOX', 'requireaccelerator': 0, 'oneEventMode': 0, 'extrajdl': [], 'ignoreglobalblacklist': 0, 'partialdataset': 0, 'inputblocks': []}
DEBUG 2025-10-13 04:53:01.059 UTC: 	 submit() - jobconfig {'addoutputfiles': [], 'tfileoutfiles': ['ScoutingTree_Output_PV.root'], 'edmoutfiles': [], 'jobarch': 'el9_amd64_gcc12', 'jobminuarch': 'any', 'jobsw': 'CMSSW_14_0_18_patch1', 'inputdata': '/ScoutingPFRun3/Run2024H-v1/HLTSCOUT', 'cacheurl': 'https://s3.cern.ch/crabcache', 'cachefilename': 'a724e2df6c7ef642407a739b8e3dbae7212e674cd3556b3ae5d068d297f2efbe.tar.gz', 'debugfilename': '245c34c1d68a39a826bae1c0c25b47d15dd96dba99741a865f0e525d9225c798.tar.gz', 'jobtype': 'Analysis'}
INFO 2025-10-13 04:53:01.059 UTC: 	 Sending the request to the server at cmsweb.cern.ch
DEBUG 2025-10-13 04:53:01.059 UTC: 	 Submitting {'dryrun': 0, 'workflow': 'crab_ScoutingData_Updated_9mod15_v1', 'saveoutput': 1, 'savelogsflag': 1, 'inputdata': '/ScoutingPFRun3/Run2024H-v1/HLTSCOUT', 'nonvaliddata': 1, 'userfiles': [], 'dbsurl': 'https://cmsweb.cern.ch/dbs/prod/global/DBSReader', 'useparent': 0, 'ignorelocality': 0, 'splitalgo': 'FileBased', 'algoargs': 2, 'totalunits': 0, 'publication': 0, 'publishdbsurl': 'https://cmsweb.cern.ch/dbs/prod/phys03/DBSWriter', 'publishname2': 'ScoutingData_Updated_9mod15_v1', 'jobtype': 'Analysis', 'generator': 'pythia', 'addoutputfiles': [], 'maxjobruntime': 2750, 'numcores': 1, 'maxmemory': 3000, 'priority': 10, 'nonprodsw': 0, 'asyncdest': 'T3_CH_CERNBOX', 'requireaccelerator': 0, 'oneEventMode': 0, 'extrajdl': [], 'ignoreglobalblacklist': 0, 'partialdataset': 0, 'inputblocks': [], 'tfileoutfiles': ['ScoutingTree_Output_PV.root'], 'edmoutfiles': [], 'jobarch': 'el9_amd64_gcc12', 'jobminuarch': 'any', 'jobsw': 'CMSSW_14_0_18_patch1', 'cacheurl': 'https://s3.cern.ch/crabcache', 'cachefilename': 'a724e2df6c7ef642407a739b8e3dbae7212e674cd3556b3ae5d068d297f2efbe.tar.gz', 'debugfilename': '245c34c1d68a39a826bae1c0c25b47d15dd96dba99741a865f0e525d9225c798.tar.gz'} 
DEBUG 2025-10-13 04:53:01.059 UTC: 	 Encoded data for curl request: dryrun=0&workflow=crab_ScoutingData_Updated_9mod15_v1&saveoutput=1&savelogsflag=1&inputdata=%2FScoutingPFRun3%2FRun2024H-v1%2FHLTSCOUT&nonvaliddata=1&dbsurl=https%3A%2F%2Fcmsweb.cern.ch%2Fdbs%2Fprod%2Fglobal%2FDBSReader&useparent=0&ignorelocality=0&splitalgo=FileBased&algoargs=2&totalunits=0&publication=0&publishdbsurl=https%3A%2F%2Fcmsweb.cern.ch%2Fdbs%2Fprod%2Fphys03%2FDBSWriter&publishname2=ScoutingData_Updated_9mod15_v1&jobtype=Analysis&generator=pythia&maxjobruntime=2750&numcores=1&maxmemory=3000&priority=10&nonprodsw=0&asyncdest=T3_CH_CERNBOX&requireaccelerator=0&oneEventMode=0&ignoreglobalblacklist=0&partialdataset=0&jobarch=el9_amd64_gcc12&jobminuarch=any&jobsw=CMSSW_14_0_18_patch1&cacheurl=https%3A%2F%2Fs3.cern.ch%2Fcrabcache&cachefilename=a724e2df6c7ef642407a739b8e3dbae7212e674cd3556b3ae5d068d297f2efbe.tar.gz&debugfilename=245c34c1d68a39a826bae1c0c25b47d15dd96dba99741a865f0e525d9225c798.tar.gz&tfileoutfiles=ScoutingTree_Output_PV.root
DEBUG 2025-10-13 04:53:01.112 UTC: 	 Result: {'result': [{'RequestName': '251013_045301:amalhotr_crab_ScoutingData_Updated_9mod15_v1'}]}
INFO 2025-10-13 04:53:01.115 UTC: 	 Success: Your task has been delivered to the prod CRAB3 server.
INFO 2025-10-13 04:53:01.115 UTC: 	 Task name: 251013_045301:amalhotr_crab_ScoutingData_Updated_9mod15_v1
INFO 2025-10-13 04:53:01.115 UTC: 	 Project dir: ./crab_ScoutingData_Updated_9mod15_v1
INFO 2025-10-13 04:53:01.115 UTC: 	 Please use ' crab status -d ./crab_ScoutingData_Updated_9mod15_v1 ' to check how the submission process proceeds.
DEBUG 2025-10-13 04:53:01.115 UTC: 	 About to return
INFO 2025-10-13 04:53:01.130 UTC: 	 Log file is /afs/cern.ch/user/a/amalhotr/CMSSW_14_0_18_patch1/src/Run3ScoutingAnalysisTools/crab_ScoutingData_Updated_9mod15_v1/crab.log
DEBUG 2025-10-29 23:00:32.680 UTC: 	 CRAB Client version: v3.250820
DEBUG 2025-10-29 23:00:32.680 UTC: 	 Running on: Linux lxplus911.cern.ch 5.14.0-570.51.1.el9_6.x86_64 #1 SMP PREEMPT_DYNAMIC Sat Sep 27 01:10:11 EDT 2025 x86_64 x86_64 x86_64 GNU/Linux
DEBUG 2025-10-29 23:00:32.680 UTC: 	 Not using Singularity
DEBUG 2025-10-29 23:00:32.680 UTC: 	 Operating System: Red Hat Enterprise Linux 9.6 (Plow)
DEBUG 2025-10-29 23:00:32.681 UTC: 	 Executing command: 'kill'
DEBUG 2025-10-29 23:00:32.681 UTC: 	 Found CRAB cache file /afs/cern.ch/user/a/amalhotr/.crab3
DEBUG 2025-10-29 23:00:32.712 UTC: 	 Checking credentials
DEBUG 2025-10-29 23:00:32.712 UTC: 	 Found proxy file /tmp/x509up_u180451
DEBUG 2025-10-29 23:00:32.712 UTC: 	 Making sure it has proper VOMS extension
DEBUG 2025-10-29 23:00:32.712 UTC: 	 Executing command :
 voms-proxy-info --vo --file /tmp/x509up_u180451
DEBUG 2025-10-29 23:00:32.734 UTC: 	 output : cms

 error: 
 retcode : 0
DEBUG 2025-10-29 23:00:32.734 UTC: 	 Getting proxy life time left
DEBUG 2025-10-29 23:00:32.734 UTC: 	 Executing command :
 voms-proxy-info --actimeleft --timeleft --file /tmp/x509up_u180451
DEBUG 2025-10-29 23:00:32.757 UTC: 	 output : 683460
683460

 error: 
 retcode : 0
DEBUG 2025-10-29 23:00:32.757 UTC: 	 Proxy valid for 189:51:00 hours
DEBUG 2025-10-29 23:00:32.757 UTC: 	 Encoded data for curl request: subresource=delegatedn
DEBUG 2025-10-29 23:00:32.794 UTC: 	 Registering user credentials on myproxy for /DC=ch/DC=cern/OU=Organic Units/OU=Users/CN=cmscrab/CN=(817881|373708)/CN=Robot: cms crab|/DC=ch/DC=cern/OU=Organic Units/OU=Users/CN=crabint1/CN=373708/CN=Robot: CMS CRAB Integration 1
DEBUG 2025-10-29 23:00:32.794 UTC: 	 Executing command :
 voms-proxy-info --identity --file /tmp/x509up_u180451
DEBUG 2025-10-29 23:00:32.814 UTC: 	 output : /DC=ch/DC=cern/OU=Organic Units/OU=Users/CN=amalhotr/CN=884837/CN=Aryan Malhotra

 error: 
 retcode : 0
DEBUG 2025-10-29 23:00:32.815 UTC: 	 Getting myproxy life time left for 2382a3cf28fdeacb1de9b039908761ea517a5ed6
DEBUG 2025-10-29 23:00:32.815 UTC: 	 Executing command :
 myproxy-info -s myproxy.cern.ch -l 2382a3cf28fdeacb1de9b039908761ea517a5ed6
DEBUG 2025-10-29 23:00:33.107 UTC: 	 output : username: 2382a3cf28fdeacb1de9b039908761ea517a5ed6
owner: /DC=ch/DC=cern/OU=Organic Units/OU=Users/CN=amalhotr/CN=884837/CN=Aryan Malhotra
  renewal policy: /DC=ch/DC=cern/OU=Organic Units/OU=Users/CN=cmscrab/CN=(817881|373708)/CN=Robot: cms crab|/DC=ch/DC=cern/OU=Organic Units/OU=Users/CN=crabint1/CN=373708/CN=Robot: CMS CRAB Integration 1
  trusted retrieval policy: /DC=ch/DC=cern/OU=Organic Units/OU=Users/CN=cmscrab/CN=(817881|373708)/CN=Robot: cms crab|/DC=ch/DC=cern/OU=Organic Units/OU=Users/CN=crabint1/CN=373708/CN=Robot: CMS CRAB Integration 1
  timeleft: 719:48:42  (30.0 days)

 error: 
 retcode : 0
DEBUG 2025-10-29 23:00:33.107 UTC: 	 Myproxy is valid: 2591280
DEBUG 2025-10-29 23:00:33.108 UTC: 	 Result of myproxy credential check:
  Credential exists on myproxy: username: 2382a3cf28fdeacb1de9b039908761ea517a5ed6  - validity: 29 days, 23:48:00
DEBUG 2025-10-29 23:00:33.108 UTC: 	 Command use: kill
DEBUG 2025-10-29 23:00:33.108 UTC: 	 Options use: ['--dir=crab_ScoutingData_Updated_9mod15_v1']
DEBUG 2025-10-29 23:00:33.108 UTC: 	 Encoded data for curl request: subresource=version
DEBUG 2025-10-29 23:00:33.158 UTC: 	 CRABClient version: v3.250820
DEBUG 2025-10-29 23:00:33.158 UTC: 	 Instance is prod
DEBUG 2025-10-29 23:00:33.158 UTC: 	 Server base url is cmsweb.cern.ch
DEBUG 2025-10-29 23:00:33.158 UTC: 	 Command api workflow
DEBUG 2025-10-29 23:00:33.158 UTC: 	 Killing task 251013_045301:amalhotr_crab_ScoutingData_Updated_9mod15_v1
DEBUG 2025-10-29 23:00:33.158 UTC: 	 Encoded data for curl request: workflow=251013_045301%3Aamalhotr_crab_ScoutingData_Updated_9mod15_v1
DEBUG 2025-10-29 23:00:33.202 UTC: 	 Result: {'desc': {'columns': ['tm_taskname', 'tm_task_status', 'tm_task_command', 'tm_user_role', 'tm_user_group', 'tm_task_failure', 'tm_split_algo', 'tm_split_args', 'tm_save_logs', 'tm_username', 'tm_user_dn', 'tm_arguments', 'tm_input_dataset', 'tm_dbs_url', 'tm_task_warnings', 'tm_publication', 'tm_user_webdir', 'tm_output_dataset', 'tm_collector', 'tm_schedd', 'tm_dry_run', 'clusterid', 'tm_start_time', 'tw_name', 'tm_dagman_status', 'tm_num_jobs', 'tm_uploaded']}, 'result': [{'result': 'ok'}]}
INFO 2025-10-29 23:00:33.202 UTC: 	 Kill request successfully sent
INFO 2025-10-29 23:00:33.230 UTC: 	 Log file is /afs/cern.ch/user/a/amalhotr/CMSSW_14_0_18_patch1/src/Run3ScoutingAnalysisTools/crab_ScoutingData_Updated_9mod15_v1/crab.log
