DEBUG 2025-09-09 17:50:10.980 UTC: 	 CRAB Client version: v3.250820
DEBUG 2025-09-09 17:50:10.980 UTC: 	 Running on: Linux lxplus937.cern.ch 5.14.0-570.37.1.el9_6.x86_64 #1 SMP PREEMPT_DYNAMIC Sat Aug 16 01:10:00 EDT 2025 x86_64 x86_64 x86_64 GNU/Linux
DEBUG 2025-09-09 17:50:10.980 UTC: 	 Not using Singularity
DEBUG 2025-09-09 17:50:10.980 UTC: 	 Operating System: Red Hat Enterprise Linux 9.6 (Plow)
DEBUG 2025-09-09 17:50:10.980 UTC: 	 Executing command: 'submit'
DEBUG 2025-09-09 17:50:10.980 UTC: 	 Found CRAB cache file /afs/cern.ch/user/a/amalhotr/.crab3
INFO 2025-09-09 17:50:10.993 UTC: 	 Will use CRAB configuration file chainedCrabConfig.py
DEBUG 2025-09-09 17:50:10.993 UTC: 	 Loading CRAB configuration file.
DEBUG 2025-09-09 17:50:11.045 UTC: 	 Will use CRAB plugin ANALYSIS (i.e. will run an analysis job type).
DEBUG 2025-09-09 17:50:11.125 UTC: 	 Checking credentials
DEBUG 2025-09-09 17:50:11.125 UTC: 	 Found proxy file /tmp/x509up_u180451
DEBUG 2025-09-09 17:50:11.125 UTC: 	 Making sure it has proper VOMS extension
DEBUG 2025-09-09 17:50:11.125 UTC: 	 Executing command :
 voms-proxy-info --vo --file /tmp/x509up_u180451
DEBUG 2025-09-09 17:50:11.149 UTC: 	 output : cms

 error: 
 retcode : 0
DEBUG 2025-09-09 17:50:11.149 UTC: 	 Getting proxy life time left
DEBUG 2025-09-09 17:50:11.149 UTC: 	 Executing command :
 voms-proxy-info --actimeleft --timeleft --file /tmp/x509up_u180451
DEBUG 2025-09-09 17:50:11.173 UTC: 	 output : 691155
691155

 error: 
 retcode : 0
DEBUG 2025-09-09 17:50:11.173 UTC: 	 Proxy valid for 191:59:15 hours
DEBUG 2025-09-09 17:50:11.173 UTC: 	 Encoded data for curl request: subresource=delegatedn
DEBUG 2025-09-09 17:50:11.247 UTC: 	 Registering user credentials on myproxy for /DC=ch/DC=cern/OU=computers/CN=crab-(preprod|prod)-tw(01|02).cern.ch|/DC=ch/DC=cern/OU=computers/CN=crab-dev-tw(01|02|03|04).cern.ch|/DC=ch/DC=cern/OU=Organic Units/OU=Users/CN=cmscrab/CN=(817881|373708)/CN=Robot: cms crab|/DC=ch/DC=cern/OU=Organic Units/OU=Users/CN=crabint1/CN=373708/CN=Robot: CMS CRAB Integration 1
DEBUG 2025-09-09 17:50:11.248 UTC: 	 Executing command :
 voms-proxy-info --identity --file /tmp/x509up_u180451
DEBUG 2025-09-09 17:50:11.273 UTC: 	 output : /DC=ch/DC=cern/OU=Organic Units/OU=Users/CN=amalhotr/CN=884837/CN=Aryan Malhotra

 error: 
 retcode : 0
DEBUG 2025-09-09 17:50:11.274 UTC: 	 Getting myproxy life time left for 2382a3cf28fdeacb1de9b039908761ea517a5ed6
DEBUG 2025-09-09 17:50:11.274 UTC: 	 Executing command :
 myproxy-info -s myproxy.cern.ch -l 2382a3cf28fdeacb1de9b039908761ea517a5ed6
DEBUG 2025-09-09 17:50:11.615 UTC: 	 output : username: 2382a3cf28fdeacb1de9b039908761ea517a5ed6
owner: /DC=ch/DC=cern/OU=Organic Units/OU=Users/CN=amalhotr/CN=884837/CN=Aryan Malhotra
  renewal policy: /DC=ch/DC=cern/OU=computers/CN=crab-(preprod|prod)-tw(01|02).cern.ch|/DC=ch/DC=cern/OU=computers/CN=crab-dev-tw(01|02|03|04).cern.ch|/DC=ch/DC=cern/OU=Organic Units/OU=Users/CN=cmscrab/CN=(817881|373708)/CN=Robot: cms crab|/DC=ch/DC=cern/OU=Organic Units/OU=Users/CN=crabint1/CN=373708/CN=Robot: CMS CRAB Integration 1
  trusted retrieval policy: /DC=ch/DC=cern/OU=computers/CN=crab-(preprod|prod)-tw(01|02).cern.ch|/DC=ch/DC=cern/OU=computers/CN=crab-dev-tw(01|02|03|04).cern.ch|/DC=ch/DC=cern/OU=Organic Units/OU=Users/CN=cmscrab/CN=(817881|373708)/CN=Robot: cms crab|/DC=ch/DC=cern/OU=Organic Units/OU=Users/CN=crabint1/CN=373708/CN=Robot: CMS CRAB Integration 1
  timeleft: 694:54:32  (29.0 days)

 error: 
 retcode : 0
DEBUG 2025-09-09 17:50:11.615 UTC: 	 Myproxy is valid: 2501640
DEBUG 2025-09-09 17:50:11.615 UTC: 	 Result of myproxy credential check:
  Credential exists on myproxy: username: 2382a3cf28fdeacb1de9b039908761ea517a5ed6  - validity: 28 days, 22:54:00
DEBUG 2025-09-09 17:50:11.615 UTC: 	 Command use: submit
DEBUG 2025-09-09 17:50:11.615 UTC: 	 Options use: ['-c', 'chainedCrabConfig.py']
DEBUG 2025-09-09 17:50:11.615 UTC: 	 Encoded data for curl request: subresource=version
DEBUG 2025-09-09 17:50:11.665 UTC: 	 CRABClient version: v3.250820
DEBUG 2025-09-09 17:50:11.665 UTC: 	 Instance is prod
DEBUG 2025-09-09 17:50:11.665 UTC: 	 Server base url is cmsweb.cern.ch
DEBUG 2025-09-09 17:50:11.666 UTC: 	 Command api workflow
DEBUG 2025-09-09 17:50:11.666 UTC: 	 Started submission
DEBUG 2025-09-09 17:50:11.666 UTC: 	 Working on /afs/cern.ch/user/a/amalhotr/CMSSW_14_0_18_patch1/src/Run3ScoutingAnalysisTools/crab_Data_ScoutingPFRun3_1mod10_single_file
DEBUG 2025-09-09 17:50:11.666 UTC: 	 Encoded data for curl request: subresource=backendurls
DEBUG 2025-09-09 17:50:11.753 UTC: 	 Loading required information from the environment
DEBUG 2025-09-09 17:50:11.753 UTC: 	 Found CMSSW_14_0_18_patch1 for el9_amd64_gcc12 with base /afs/cern.ch/user/a/amalhotr/CMSSW_14_0_18_patch1
DEBUG 2025-09-09 17:50:11.753 UTC: 	 Loading required information from the environment
DEBUG 2025-09-09 17:50:11.753 UTC: 	 Found CMSSW_14_0_18_patch1 for el9_amd64_gcc12 with base /afs/cern.ch/user/a/amalhotr/CMSSW_14_0_18_patch1
DEBUG 2025-09-09 17:50:11.753 UTC: 	 UNIQUE NAME: tarUUID 4666fda5-7b4b-4d27-a07f-e81e2d7d9b78 
DEBUG 2025-09-09 17:50:11.753 UTC: 	 self.config: from WMCore.Configuration import Configuration
config = Configuration()
config.section_('General')
config.General.transferOutputs = True
config.General.transferLogs = True
config.General.requestName = 'Data_ScoutingPFRun3_1mod10_single_file'
config.section_('JobType')
config.JobType.maxJobRuntimeMin = 2750
config.JobType.psetName = 'UnifiedScoutingVertexingTreeMaker.py'
config.JobType.pluginName = 'Analysis'
config.JobType.maxMemoryMB = 3000
config.JobType.outputFiles = ['DY2M_ScoutingTree_Output.root']
config.section_('Data')
config.Data.inputDataset = '/ScoutingPFRun3/Run2024H-v1/HLTSCOUT'
config.Data.publication = False
config.Data.outputDatasetTag = 'Data_ScoutingPFRun3_1mod10_single_file'
config.Data.unitsPerJob = 1
config.Data.inputDBS = 'global'
config.Data.allowNonValidInputDataset = True
config.Data.totalUnits = 2
config.Data.splitting = 'FileBased'
config.section_('Site')
config.Site.storageSite = 'T3_CH_CERNBOX'
config.section_('User')
config.section_('Debug')

DEBUG 2025-09-09 17:50:11.753 UTC: 	 self.config.JobType.psetName: UnifiedScoutingVertexingTreeMaker.py
INFO 2025-09-09 17:50:11.753 UTC: 	 Importing CMSSW configuration UnifiedScoutingVertexingTreeMaker.py
INFO 2025-09-09 17:50:12.488 UTC: 	 Finished importing CMSSW configuration UnifiedScoutingVertexingTreeMaker.py
DEBUG 2025-09-09 17:50:12.488 UTC: 	 Writing CMSSW configuration to /afs/cern.ch/user/a/amalhotr/CMSSW_14_0_18_patch1/src/Run3ScoutingAnalysisTools/crab_Data_ScoutingPFRun3_1mod10_single_file/inputs/PSet.py
DEBUG 2025-09-09 17:50:12.547 UTC: 	 The following EDM output files will be collected: []
DEBUG 2025-09-09 17:50:12.547 UTC: 	 The following TFile output files will be collected: ['DY2M_ScoutingTree_Output.root']
DEBUG 2025-09-09 17:50:12.547 UTC: 	 The following user output files (not listed as PoolOuputModule or TFileService in the CMSSW PSet) will be collected: 
DEBUG 2025-09-09 17:50:12.547 UTC: 	 Loading required information from the environment
DEBUG 2025-09-09 17:50:12.547 UTC: 	 Found CMSSW_14_0_18_patch1 for el9_amd64_gcc12 with base /afs/cern.ch/user/a/amalhotr/CMSSW_14_0_18_patch1
DEBUG 2025-09-09 17:50:12.547 UTC: 	 Making tarball in /afs/cern.ch/user/a/amalhotr/CMSSW_14_0_18_patch1/src/Run3ScoutingAnalysisTools/crab_Data_ScoutingPFRun3_1mod10_single_file/inputs/4666fda5-7b4b-4d27-a07f-e81e2d7d9b78default.tgz
DEBUG 2025-09-09 17:50:12.549 UTC: 	 Checking directory /afs/cern.ch/user/a/amalhotr/CMSSW_14_0_18_patch1/bin
DEBUG 2025-09-09 17:50:12.549 UTC: 	 Adding directory /afs/cern.ch/user/a/amalhotr/CMSSW_14_0_18_patch1/bin to tarball
DEBUG 2025-09-09 17:50:12.559 UTC: 	 Checking directory /afs/cern.ch/user/a/amalhotr/CMSSW_14_0_18_patch1/python
DEBUG 2025-09-09 17:50:12.559 UTC: 	 Adding directory /afs/cern.ch/user/a/amalhotr/CMSSW_14_0_18_patch1/python to tarball
DEBUG 2025-09-09 17:50:15.142 UTC: 	 Checking directory /afs/cern.ch/user/a/amalhotr/CMSSW_14_0_18_patch1/cfipython
DEBUG 2025-09-09 17:50:15.142 UTC: 	 Adding directory /afs/cern.ch/user/a/amalhotr/CMSSW_14_0_18_patch1/cfipython to tarball
DEBUG 2025-09-09 17:50:15.342 UTC: 	 Checking directory /afs/cern.ch/user/a/amalhotr/CMSSW_14_0_18_patch1/lib
DEBUG 2025-09-09 17:50:15.342 UTC: 	 Adding directory /afs/cern.ch/user/a/amalhotr/CMSSW_14_0_18_patch1/lib to tarball
DEBUG 2025-09-09 17:50:15.859 UTC: 	 Checking directory /afs/cern.ch/user/a/amalhotr/CMSSW_14_0_18_patch1/biglib
DEBUG 2025-09-09 17:50:15.859 UTC: 	 Adding directory /afs/cern.ch/user/a/amalhotr/CMSSW_14_0_18_patch1/biglib to tarball
DEBUG 2025-09-09 17:50:15.861 UTC: 	 Checking directory /afs/cern.ch/user/a/amalhotr/CMSSW_14_0_18_patch1/module
DEBUG 2025-09-09 17:50:15.861 UTC: 	 Checking directory /afs/cern.ch/user/a/amalhotr/CMSSW_14_0_18_patch1/config/SCRAM/hooks
DEBUG 2025-09-09 17:50:15.861 UTC: 	 Adding directory /afs/cern.ch/user/a/amalhotr/CMSSW_14_0_18_patch1/config/SCRAM/hooks to tarball
DEBUG 2025-09-09 17:50:17.612 UTC: 	 Adding directory /afs/cern.ch/user/a/amalhotr/CMSSW_14_0_18_patch1/src/Run3ScoutingAnalysisTools/DataFormats/Scouting/interface to tarball
DEBUG 2025-09-09 17:50:17.695 UTC: 	 Adding directory /afs/cern.ch/user/a/amalhotr/CMSSW_14_0_18_patch1/src/Run3ScoutingAnalysisTools/ScoutingTreeMakerRun3/python to tarball
DEBUG 2025-09-09 17:50:17.736 UTC: 	 Adding directory /afs/cern.ch/user/a/amalhotr/CMSSW_14_0_18_patch1/src/DataFormats/Scouting/interface to tarball
DEBUG 2025-09-09 17:50:17.879 UTC: 	 Adding directory /afs/cern.ch/user/a/amalhotr/CMSSW_14_0_18_patch1/src/Configuration/GenProduction/python to tarball
DEBUG 2025-09-09 17:50:17.956 UTC: 	 Uploading archive /afs/cern.ch/user/a/amalhotr/CMSSW_14_0_18_patch1/src/Run3ScoutingAnalysisTools/crab_Data_ScoutingPFRun3_1mod10_single_file/inputs/4666fda5-7b4b-4d27-a07f-e81e2d7d9b78default.tgz (451 KB) to the CRAB cache. Using URI https://cmsweb.cern.ch/S3/crabcache_prod
DEBUG 2025-09-09 17:50:18.152 UTC: 	 Encoded data for curl request: subresource=upload&objecttype=sandbox&tarballname=66d4593651043c5b2633657aa28ea41dd367182dea2ea8b5a08c9af181698623.tar.gz
DEBUG 2025-09-09 17:50:18.215 UTC: 	 Will execute:
curl -f -v -X POST  -H "User-Agent: CRAB" -F "key=amalhotr/sandboxes/66d4593651043c5b2633657aa28ea41dd367182dea2ea8b5a08c9af181698623.tar.gz" -F "AWSAccessKeyId=715203df6482458ba839e73e6dab634b" -F "policy=eyJleHBpcmF0aW9uIjogIjIwMjUtMDktMDlUMTg6NTA6MThaIiwgImNvbmRpdGlvbnMiOiBbeyJidWNrZXQiOiAiY3JhYmNhY2hlX3Byb2QifSwgeyJrZXkiOiAiYW1hbGhvdHIvc2FuZGJveGVzLzY2ZDQ1OTM2NTEwNDNjNWIyNjMzNjU3YWEyOGVhNDFkZDM2NzE4MmRlYTJlYThiNWEwOGM5YWYxODE2OTg2MjMudGFyLmd6In1dfQ==" -F "signature=ynigjh/jYvYIBKU+GVWlzUgdyA8=" -F "file=@/afs/cern.ch/user/a/amalhotr/CMSSW_14_0_18_patch1/src/Run3ScoutingAnalysisTools/crab_Data_ScoutingPFRun3_1mod10_single_file/inputs/4666fda5-7b4b-4d27-a07f-e81e2d7d9b78default.tgz" "https://s3.cern.ch/crabcache_prod"
DEBUG 2025-09-09 17:50:18.327 UTC: 	 exitcode: 0
stdout: b''
DEBUG 2025-09-09 17:50:18.327 UTC: 	 upload to S3 of sandbox /afs/cern.ch/user/a/amalhotr/CMSSW_14_0_18_patch1/src/Run3ScoutingAnalysisTools/crab_Data_ScoutingPFRun3_1mod10_single_file/inputs/4666fda5-7b4b-4d27-a07f-e81e2d7d9b78default.tgz completed
DEBUG 2025-09-09 17:50:18.327 UTC: 	 make sure that object is ready for retrieve
DEBUG 2025-09-09 17:50:19.328 UTC: 	 Encoded data for curl request: subresource=download&objecttype=sandbox&tarballname=66d4593651043c5b2633657aa28ea41dd367182dea2ea8b5a08c9af181698623.tar.gz&clientmethod=head_object
DEBUG 2025-09-09 17:50:19.373 UTC: 	 PreSignedUrl to download sandbox received OK
DEBUG 2025-09-09 17:50:19.376 UTC: 	 Will execute:
 curl -v -s -f -o /dev/null --head  "https://s3.cern.ch/crabcache_prod/amalhotr/sandboxes/66d4593651043c5b2633657aa28ea41dd367182dea2ea8b5a08c9af181698623.tar.gz?AWSAccessKeyId=715203df6482458ba839e73e6dab634b&Signature=RjxX%2BSbrDq0RYaWfUuKmOLTJPbY%3D&Expires=1757443819"
DEBUG 2025-09-09 17:50:19.463 UTC: 	 exitcode: 0
stdout: b''
DEBUG 2025-09-09 17:50:19.463 UTC: 	 sandbox /afs/cern.ch/user/a/amalhotr/CMSSW_14_0_18_patch1/src/Run3ScoutingAnalysisTools/crab_Data_ScoutingPFRun3_1mod10_single_file/inputs/4666fda5-7b4b-4d27-a07f-e81e2d7d9b78default.tgz successfully uploaded to S3
DEBUG 2025-09-09 17:50:19.463 UTC: 	 Loading required information from the environment
DEBUG 2025-09-09 17:50:19.463 UTC: 	 Found CMSSW_14_0_18_patch1 for el9_amd64_gcc12 with base /afs/cern.ch/user/a/amalhotr/CMSSW_14_0_18_patch1
DEBUG 2025-09-09 17:50:19.463 UTC: 	 Making tarball in /afs/cern.ch/user/a/amalhotr/CMSSW_14_0_18_patch1/src/Run3ScoutingAnalysisTools/crab_Data_ScoutingPFRun3_1mod10_single_file/inputs/debugFiles.tgz
DEBUG 2025-09-09 17:50:19.471 UTC: 	 Uploading archive /afs/cern.ch/user/a/amalhotr/CMSSW_14_0_18_patch1/src/Run3ScoutingAnalysisTools/crab_Data_ScoutingPFRun3_1mod10_single_file/inputs/debugFiles.tgz (3 KB) to the CRAB cache. Using URI https://cmsweb.cern.ch/S3/crabcache_prod
DEBUG 2025-09-09 17:50:19.473 UTC: 	 Encoded data for curl request: subresource=upload&objecttype=sandbox&tarballname=ae0db6b6f43a7be007ea6d8c15be455d919f9a14f9c9026cb957f54cfd550bb9.tar.gz
DEBUG 2025-09-09 17:50:19.533 UTC: 	 Will execute:
curl -f -v -X POST  -H "User-Agent: CRAB" -F "key=amalhotr/sandboxes/ae0db6b6f43a7be007ea6d8c15be455d919f9a14f9c9026cb957f54cfd550bb9.tar.gz" -F "AWSAccessKeyId=715203df6482458ba839e73e6dab634b" -F "policy=eyJleHBpcmF0aW9uIjogIjIwMjUtMDktMDlUMTg6NTA6MTlaIiwgImNvbmRpdGlvbnMiOiBbeyJidWNrZXQiOiAiY3JhYmNhY2hlX3Byb2QifSwgeyJrZXkiOiAiYW1hbGhvdHIvc2FuZGJveGVzL2FlMGRiNmI2ZjQzYTdiZTAwN2VhNmQ4YzE1YmU0NTVkOTE5ZjlhMTRmOWM5MDI2Y2I5NTdmNTRjZmQ1NTBiYjkudGFyLmd6In1dfQ==" -F "signature=Mp3EesVeUYz0uew0rdKWfgJAB5E=" -F "file=@/afs/cern.ch/user/a/amalhotr/CMSSW_14_0_18_patch1/src/Run3ScoutingAnalysisTools/crab_Data_ScoutingPFRun3_1mod10_single_file/inputs/debugFiles.tgz" "https://s3.cern.ch/crabcache_prod"
DEBUG 2025-09-09 17:50:19.570 UTC: 	 exitcode: 0
stdout: b''
DEBUG 2025-09-09 17:50:19.570 UTC: 	 upload to S3 of sandbox /afs/cern.ch/user/a/amalhotr/CMSSW_14_0_18_patch1/src/Run3ScoutingAnalysisTools/crab_Data_ScoutingPFRun3_1mod10_single_file/inputs/debugFiles.tgz completed
DEBUG 2025-09-09 17:50:19.570 UTC: 	 make sure that object is ready for retrieve
DEBUG 2025-09-09 17:50:20.572 UTC: 	 Encoded data for curl request: subresource=download&objecttype=sandbox&tarballname=ae0db6b6f43a7be007ea6d8c15be455d919f9a14f9c9026cb957f54cfd550bb9.tar.gz&clientmethod=head_object
DEBUG 2025-09-09 17:50:20.616 UTC: 	 PreSignedUrl to download sandbox received OK
DEBUG 2025-09-09 17:50:20.621 UTC: 	 Will execute:
 curl -v -s -f -o /dev/null --head  "https://s3.cern.ch/crabcache_prod/amalhotr/sandboxes/ae0db6b6f43a7be007ea6d8c15be455d919f9a14f9c9026cb957f54cfd550bb9.tar.gz?AWSAccessKeyId=715203df6482458ba839e73e6dab634b&Signature=C01RwkvzNjGCR6TJaX%2FDDV6D39s%3D&Expires=1757443820"
DEBUG 2025-09-09 17:50:20.653 UTC: 	 exitcode: 0
stdout: b''
DEBUG 2025-09-09 17:50:20.653 UTC: 	 sandbox /afs/cern.ch/user/a/amalhotr/CMSSW_14_0_18_patch1/src/Run3ScoutingAnalysisTools/crab_Data_ScoutingPFRun3_1mod10_single_file/inputs/debugFiles.tgz successfully uploaded to S3
DEBUG 2025-09-09 17:50:20.653 UTC: 	 Result uploading input files: 66d4593651043c5b2633657aa28ea41dd367182dea2ea8b5a08c9af181698623.tar.gz 
DEBUG 2025-09-09 17:50:20.654 UTC: 	 submit() - self.configuration from WMCore.Configuration import Configuration
config = Configuration()
config.section_('General')
config.General.transferOutputs = True
config.General.transferLogs = True
config.General.requestName = 'Data_ScoutingPFRun3_1mod10_single_file'
config.section_('JobType')
config.JobType.maxJobRuntimeMin = 2750
config.JobType.psetName = 'UnifiedScoutingVertexingTreeMaker.py'
config.JobType.pluginName = 'Analysis'
config.JobType.maxMemoryMB = 3000
config.JobType.outputFiles = ['DY2M_ScoutingTree_Output.root']
config.section_('Data')
config.Data.inputDataset = '/ScoutingPFRun3/Run2024H-v1/HLTSCOUT'
config.Data.publication = False
config.Data.outputDatasetTag = 'Data_ScoutingPFRun3_1mod10_single_file'
config.Data.unitsPerJob = 1
config.Data.inputDBS = 'global'
config.Data.allowNonValidInputDataset = True
config.Data.totalUnits = 2
config.Data.splitting = 'FileBased'
config.section_('Site')
config.Site.storageSite = 'T3_CH_CERNBOX'
config.section_('User')
config.section_('Debug')

DEBUG 2025-09-09 17:50:20.654 UTC: 	 submit() - self.configreq {'dryrun': 0, 'workflow': 'crab_Data_ScoutingPFRun3_1mod10_single_file', 'saveoutput': 1, 'savelogsflag': 1, 'inputdata': '/ScoutingPFRun3/Run2024H-v1/HLTSCOUT', 'nonvaliddata': 1, 'userfiles': [], 'dbsurl': 'https://cmsweb.cern.ch/dbs/prod/global/DBSReader', 'useparent': 0, 'ignorelocality': 0, 'splitalgo': 'FileBased', 'algoargs': 1, 'totalunits': 2, 'publication': 0, 'publishdbsurl': 'https://cmsweb.cern.ch/dbs/prod/phys03/DBSWriter', 'publishname2': 'Data_ScoutingPFRun3_1mod10_single_file', 'jobtype': 'Analysis', 'generator': 'pythia', 'addoutputfiles': ['DY2M_ScoutingTree_Output.root'], 'maxjobruntime': 2750, 'numcores': 1, 'maxmemory': 3000, 'priority': 10, 'nonprodsw': 0, 'asyncdest': 'T3_CH_CERNBOX', 'requireaccelerator': 0, 'oneEventMode': 0, 'extrajdl': [], 'ignoreglobalblacklist': 0, 'partialdataset': 0, 'inputblocks': []}
DEBUG 2025-09-09 17:50:20.654 UTC: 	 submit() - jobconfig {'addoutputfiles': [], 'tfileoutfiles': ['DY2M_ScoutingTree_Output.root'], 'edmoutfiles': [], 'jobarch': 'el9_amd64_gcc12', 'jobminuarch': 'any', 'jobsw': 'CMSSW_14_0_18_patch1', 'inputdata': '/ScoutingPFRun3/Run2024H-v1/HLTSCOUT', 'cacheurl': 'https://cmsweb.cern.ch/S3/crabcache_prod', 'cachefilename': '66d4593651043c5b2633657aa28ea41dd367182dea2ea8b5a08c9af181698623.tar.gz', 'debugfilename': 'ae0db6b6f43a7be007ea6d8c15be455d919f9a14f9c9026cb957f54cfd550bb9.tar.gz', 'jobtype': 'Analysis'}
INFO 2025-09-09 17:50:20.654 UTC: 	 Sending the request to the server at cmsweb.cern.ch
DEBUG 2025-09-09 17:50:20.654 UTC: 	 Submitting {'dryrun': 0, 'workflow': 'crab_Data_ScoutingPFRun3_1mod10_single_file', 'saveoutput': 1, 'savelogsflag': 1, 'inputdata': '/ScoutingPFRun3/Run2024H-v1/HLTSCOUT', 'nonvaliddata': 1, 'userfiles': [], 'dbsurl': 'https://cmsweb.cern.ch/dbs/prod/global/DBSReader', 'useparent': 0, 'ignorelocality': 0, 'splitalgo': 'FileBased', 'algoargs': 1, 'totalunits': 2, 'publication': 0, 'publishdbsurl': 'https://cmsweb.cern.ch/dbs/prod/phys03/DBSWriter', 'publishname2': 'Data_ScoutingPFRun3_1mod10_single_file', 'jobtype': 'Analysis', 'generator': 'pythia', 'addoutputfiles': [], 'maxjobruntime': 2750, 'numcores': 1, 'maxmemory': 3000, 'priority': 10, 'nonprodsw': 0, 'asyncdest': 'T3_CH_CERNBOX', 'requireaccelerator': 0, 'oneEventMode': 0, 'extrajdl': [], 'ignoreglobalblacklist': 0, 'partialdataset': 0, 'inputblocks': [], 'tfileoutfiles': ['DY2M_ScoutingTree_Output.root'], 'edmoutfiles': [], 'jobarch': 'el9_amd64_gcc12', 'jobminuarch': 'any', 'jobsw': 'CMSSW_14_0_18_patch1', 'cacheurl': 'https://cmsweb.cern.ch/S3/crabcache_prod', 'cachefilename': '66d4593651043c5b2633657aa28ea41dd367182dea2ea8b5a08c9af181698623.tar.gz', 'debugfilename': 'ae0db6b6f43a7be007ea6d8c15be455d919f9a14f9c9026cb957f54cfd550bb9.tar.gz'} 
DEBUG 2025-09-09 17:50:20.654 UTC: 	 Encoded data for curl request: dryrun=0&workflow=crab_Data_ScoutingPFRun3_1mod10_single_file&saveoutput=1&savelogsflag=1&inputdata=%2FScoutingPFRun3%2FRun2024H-v1%2FHLTSCOUT&nonvaliddata=1&dbsurl=https%3A%2F%2Fcmsweb.cern.ch%2Fdbs%2Fprod%2Fglobal%2FDBSReader&useparent=0&ignorelocality=0&splitalgo=FileBased&algoargs=1&totalunits=2&publication=0&publishdbsurl=https%3A%2F%2Fcmsweb.cern.ch%2Fdbs%2Fprod%2Fphys03%2FDBSWriter&publishname2=Data_ScoutingPFRun3_1mod10_single_file&jobtype=Analysis&generator=pythia&maxjobruntime=2750&numcores=1&maxmemory=3000&priority=10&nonprodsw=0&asyncdest=T3_CH_CERNBOX&requireaccelerator=0&oneEventMode=0&ignoreglobalblacklist=0&partialdataset=0&jobarch=el9_amd64_gcc12&jobminuarch=any&jobsw=CMSSW_14_0_18_patch1&cacheurl=https%3A%2F%2Fcmsweb.cern.ch%2FS3%2Fcrabcache_prod&cachefilename=66d4593651043c5b2633657aa28ea41dd367182dea2ea8b5a08c9af181698623.tar.gz&debugfilename=ae0db6b6f43a7be007ea6d8c15be455d919f9a14f9c9026cb957f54cfd550bb9.tar.gz&tfileoutfiles=DY2M_ScoutingTree_Output.root
DEBUG 2025-09-09 17:50:20.949 UTC: 	 Result: {'result': [{'RequestName': '250909_175020:amalhotr_crab_Data_ScoutingPFRun3_1mod10_single_file'}]}
INFO 2025-09-09 17:50:20.952 UTC: 	 Success: Your task has been delivered to the prod CRAB3 server.
INFO 2025-09-09 17:50:20.952 UTC: 	 Task name: 250909_175020:amalhotr_crab_Data_ScoutingPFRun3_1mod10_single_file
INFO 2025-09-09 17:50:20.952 UTC: 	 Project dir: ./crab_Data_ScoutingPFRun3_1mod10_single_file
INFO 2025-09-09 17:50:20.952 UTC: 	 Please use ' crab status -d ./crab_Data_ScoutingPFRun3_1mod10_single_file ' to check how the submission process proceeds.
DEBUG 2025-09-09 17:50:20.952 UTC: 	 About to return
INFO 2025-09-09 17:50:20.955 UTC: 	 Log file is /afs/cern.ch/user/a/amalhotr/CMSSW_14_0_18_patch1/src/Run3ScoutingAnalysisTools/crab_Data_ScoutingPFRun3_1mod10_single_file/crab.log
DEBUG 2025-09-09 17:50:40.928 UTC: 	 CRAB Client version: v3.250820
DEBUG 2025-09-09 17:50:40.928 UTC: 	 Running on: Linux lxplus937.cern.ch 5.14.0-570.37.1.el9_6.x86_64 #1 SMP PREEMPT_DYNAMIC Sat Aug 16 01:10:00 EDT 2025 x86_64 x86_64 x86_64 GNU/Linux
DEBUG 2025-09-09 17:50:40.928 UTC: 	 Not using Singularity
DEBUG 2025-09-09 17:50:40.928 UTC: 	 Operating System: Red Hat Enterprise Linux 9.6 (Plow)
DEBUG 2025-09-09 17:50:40.928 UTC: 	 Executing command: 'status'
DEBUG 2025-09-09 17:50:40.929 UTC: 	 Found CRAB cache file /afs/cern.ch/user/a/amalhotr/.crab3
DEBUG 2025-09-09 17:50:40.933 UTC: 	 Checking credentials
DEBUG 2025-09-09 17:50:40.933 UTC: 	 Found proxy file /tmp/x509up_u180451
DEBUG 2025-09-09 17:50:40.933 UTC: 	 Making sure it has proper VOMS extension
DEBUG 2025-09-09 17:50:40.933 UTC: 	 Executing command :
 voms-proxy-info --vo --file /tmp/x509up_u180451
DEBUG 2025-09-09 17:50:40.960 UTC: 	 output : cms

 error: 
 retcode : 0
DEBUG 2025-09-09 17:50:40.960 UTC: 	 Getting proxy life time left
DEBUG 2025-09-09 17:50:40.960 UTC: 	 Executing command :
 voms-proxy-info --actimeleft --timeleft --file /tmp/x509up_u180451
DEBUG 2025-09-09 17:50:40.988 UTC: 	 output : 691126
691126

 error: 
 retcode : 0
DEBUG 2025-09-09 17:50:40.988 UTC: 	 Proxy valid for 191:58:46 hours
DEBUG 2025-09-09 17:50:40.989 UTC: 	 Encoded data for curl request: subresource=delegatedn
DEBUG 2025-09-09 17:50:41.038 UTC: 	 Registering user credentials on myproxy for /DC=ch/DC=cern/OU=computers/CN=crab-(preprod|prod)-tw(01|02).cern.ch|/DC=ch/DC=cern/OU=computers/CN=crab-dev-tw(01|02|03|04).cern.ch|/DC=ch/DC=cern/OU=Organic Units/OU=Users/CN=cmscrab/CN=(817881|373708)/CN=Robot: cms crab|/DC=ch/DC=cern/OU=Organic Units/OU=Users/CN=crabint1/CN=373708/CN=Robot: CMS CRAB Integration 1
DEBUG 2025-09-09 17:50:41.038 UTC: 	 Executing command :
 voms-proxy-info --identity --file /tmp/x509up_u180451
DEBUG 2025-09-09 17:50:41.071 UTC: 	 output : /DC=ch/DC=cern/OU=Organic Units/OU=Users/CN=amalhotr/CN=884837/CN=Aryan Malhotra

 error: 
 retcode : 0
DEBUG 2025-09-09 17:50:41.072 UTC: 	 Getting myproxy life time left for 2382a3cf28fdeacb1de9b039908761ea517a5ed6
DEBUG 2025-09-09 17:50:41.072 UTC: 	 Executing command :
 myproxy-info -s myproxy.cern.ch -l 2382a3cf28fdeacb1de9b039908761ea517a5ed6
DEBUG 2025-09-09 17:50:41.351 UTC: 	 output : username: 2382a3cf28fdeacb1de9b039908761ea517a5ed6
owner: /DC=ch/DC=cern/OU=Organic Units/OU=Users/CN=amalhotr/CN=884837/CN=Aryan Malhotra
  renewal policy: /DC=ch/DC=cern/OU=computers/CN=crab-(preprod|prod)-tw(01|02).cern.ch|/DC=ch/DC=cern/OU=computers/CN=crab-dev-tw(01|02|03|04).cern.ch|/DC=ch/DC=cern/OU=Organic Units/OU=Users/CN=cmscrab/CN=(817881|373708)/CN=Robot: cms crab|/DC=ch/DC=cern/OU=Organic Units/OU=Users/CN=crabint1/CN=373708/CN=Robot: CMS CRAB Integration 1
  trusted retrieval policy: /DC=ch/DC=cern/OU=computers/CN=crab-(preprod|prod)-tw(01|02).cern.ch|/DC=ch/DC=cern/OU=computers/CN=crab-dev-tw(01|02|03|04).cern.ch|/DC=ch/DC=cern/OU=Organic Units/OU=Users/CN=cmscrab/CN=(817881|373708)/CN=Robot: cms crab|/DC=ch/DC=cern/OU=Organic Units/OU=Users/CN=crabint1/CN=373708/CN=Robot: CMS CRAB Integration 1
  timeleft: 694:54:02  (29.0 days)

 error: 
 retcode : 0
DEBUG 2025-09-09 17:50:41.351 UTC: 	 Myproxy is valid: 2501640
DEBUG 2025-09-09 17:50:41.352 UTC: 	 Result of myproxy credential check:
  Credential exists on myproxy: username: 2382a3cf28fdeacb1de9b039908761ea517a5ed6  - validity: 28 days, 22:54:00
DEBUG 2025-09-09 17:50:41.352 UTC: 	 Retrieving username ...
DEBUG 2025-09-09 17:50:41.352 UTC: 	 Retrieving username from CRIC...
DEBUG 2025-09-09 17:50:42.112 UTC: 	 username is amalhotr
INFO 2025-09-09 17:50:43.000 UTC: 	 Rucio client intialized for account amalhotr
DEBUG 2025-09-09 17:50:43.001 UTC: 	 Command use: status
DEBUG 2025-09-09 17:50:43.001 UTC: 	 Options use: ['-d', './crab_Data_ScoutingPFRun3_1mod10_single_file']
DEBUG 2025-09-09 17:50:43.001 UTC: 	 Encoded data for curl request: subresource=version
DEBUG 2025-09-09 17:50:43.048 UTC: 	 CRABClient version: v3.250820
DEBUG 2025-09-09 17:50:43.048 UTC: 	 Instance is prod
DEBUG 2025-09-09 17:50:43.048 UTC: 	 Server base url is cmsweb.cern.ch
DEBUG 2025-09-09 17:50:43.048 UTC: 	 Command api workflow
DEBUG 2025-09-09 17:50:43.049 UTC: 	 Encoded data for curl request: subresource=search&workflow=250909_175020%3Aamalhotr_crab_Data_ScoutingPFRun3_1mod10_single_file
DEBUG 2025-09-09 17:50:43.098 UTC: 	 Got information from server oracle database: {'desc': {'columns': ['tm_taskname', 'tm_activity', 'tm_task_status', 'tm_task_command', 'tm_start_time', 'tm_start_injection', 'tm_end_injection', 'tm_task_failure', 'tm_job_sw', 'tm_job_arch', 'tm_input_dataset', 'tm_nonvalid_input_dataset', 'tm_use_parent', 'tm_site_whitelist', 'tm_site_blacklist', 'tm_split_algo', 'tm_split_args', 'tm_user_sandbox', 'tm_cache_url', 'tm_username', 'tm_user_dn', 'tm_user_vo', 'tm_user_role', 'tm_user_group', 'tm_publish_name', 'tm_publish_groupname', 'tm_asyncdest', 'tm_dbs_url', 'tm_publish_dbs_url', 'tm_publication', 'tm_outfiles', 'tm_tfile_outfiles', 'tm_edm_outfiles', 'tm_job_type', 'tm_generator', 'tm_events_per_lumi', 'tm_arguments', 'tm_save_logs', 'tw_name', 'tm_user_infiles', 'tm_maxjobruntime', 'tm_numcores', 'tm_maxmemory', 'tm_priority', 'tm_output_dataset', 'tm_task_warnings', 'tm_user_webdir', 'tm_scriptexe', 'tm_scriptargs', 'tm_extrajdl', 'tm_collector', 'tm_schedd', 'tm_dry_run', 'tm_user_files', 'tm_transfer_outputs', 'tm_output_lfn', 'tm_ignore_locality', 'tm_fail_limit', 'tm_one_event_mode', 'tm_secondary_input_dataset', 'tm_primary_dataset', 'tm_last_publication', 'tm_debug_files', 'clusterid', 'tm_ignore_global_blacklist', 'tm_submitter_ip_addr', 'tm_totalunits', 'tm_ddm_reqid', 'tm_user_config', 'tm_transfer_container', 'tm_transfer_rule', 'tm_publish_rule', 'tm_multipub_rule', 'tm_job_min_microarch', 'tm_dagman_status', 'tm_num_jobs', 'tm_uploaded']}, 'result': ['250909_175020:amalhotr_crab_Data_ScoutingPFRun3_1mod10_single_file', 'None', 'HOLDING', 'SUBMIT', '2025-09-09 17:50:20.941726', 'None', 'None', 'None', 'CMSSW_14_0_18_patch1', 'el9_amd64_gcc12', '/ScoutingPFRun3/Run2024H-v1/HLTSCOUT', 'T', '0', '[]', '[]', 'FileBased', "{'halt_job_on_file_boundaries': False, 'splitOnRun': False, 'files_per_job': 1, 'runs': [], 'lumis': []}", '66d4593651043c5b2633657aa28ea41dd367182dea2ea8b5a08c9af181698623.tar.gz', 'https://cmsweb.cern.ch/S3/crabcache_prod', 'amalhotr', '/DC=ch/DC=cern/OU=Organic Units/OU=Users/CN=amalhotr/CN=884837/CN=Aryan Malhotra', 'cms', 'None', 'None', 'Data_ScoutingPFRun3_1mod10_single_file-00000000000000000000000000000000', 'F', 'T3_CH_CERNBOX', 'https://cmsweb.cern.ch/dbs/prod/global/DBSReader', 'https://cmsweb.cern.ch/dbs/prod/phys03/DBSWriter', 'F', '[]', "['DY2M_ScoutingTree_Output.root']", '[]', 'Analysis', 'pythia', 'None', '{}', 'T', 'crab-prod-tw01', '[]', '2750', '1', '3000', '10', 'None', '[]', 'None', 'None', '[]', '[]', 'cmsgwms-collector-global.cern.ch:9620,cmsgwms-collector-global.fnal.gov:9620', 'None', 'F', '[]', 'T', '/store/user/amalhotr/', 'F', 'None', 'F', 'None', 'ScoutingPFRun3', 'None', 'ae0db6b6f43a7be007ea6d8c15be455d919f9a14f9c9026cb957f54cfd550bb9.tar.gz', 'None', 'F', '188.185.101.116', '2.0', 'None', '{"partialdataset": false, "requireaccelerator": false, "acceleratorparams": null, "inputblocks": null}', 'None', 'None', 'None', 'None', 'any', 'NOT_READY', '0', 'F']}
INFO 2025-09-09 17:50:43.098 UTC: 	 CRAB project directory:		/afs/cern.ch/user/a/amalhotr/CMSSW_14_0_18_patch1/src/Run3ScoutingAnalysisTools/crab_Data_ScoutingPFRun3_1mod10_single_file
INFO 2025-09-09 17:50:43.098 UTC: 	 Task name:			250909_175020:amalhotr_crab_Data_ScoutingPFRun3_1mod10_single_file
INFO 2025-09-09 17:50:43.098 UTC: 	 Grid scheduler - Task Worker:	N/A yet - crab-prod-tw01
INFO 2025-09-09 17:50:43.098 UTC: 	 Status on the CRAB server:	HOLDING on command SUBMIT
INFO 2025-09-09 17:50:43.098 UTC: 	 Task URL to use for HELP:	https://cmsweb.cern.ch/crabserver/ui/task/250909_175020%3Aamalhotr_crab_Data_ScoutingPFRun3_1mod10_single_file
INFO 2025-09-09 17:50:43.107 UTC: 	 Dashboard monitoring URL:	https://monit-grafana.cern.ch/d/cmsTMDetail/cms-task-monitoring-task-view?orgId=11&var-user=amalhotr&var-task=250909_175020%3Aamalhotr_crab_Data_ScoutingPFRun3_1mod10_single_file&from=1757436620000&to=now
DEBUG 2025-09-09 17:50:43.107 UTC: 	 The task has not been submitted to the Grid scheduler yet. Not printing job information.
INFO 2025-09-09 17:50:43.108 UTC: 	 Log file is /afs/cern.ch/user/a/amalhotr/CMSSW_14_0_18_patch1/src/Run3ScoutingAnalysisTools/crab_Data_ScoutingPFRun3_1mod10_single_file/crab.log
DEBUG 2025-09-09 17:50:55.514 UTC: 	 CRAB Client version: v3.250820
DEBUG 2025-09-09 17:50:55.515 UTC: 	 Running on: Linux lxplus937.cern.ch 5.14.0-570.37.1.el9_6.x86_64 #1 SMP PREEMPT_DYNAMIC Sat Aug 16 01:10:00 EDT 2025 x86_64 x86_64 x86_64 GNU/Linux
DEBUG 2025-09-09 17:50:55.515 UTC: 	 Not using Singularity
DEBUG 2025-09-09 17:50:55.515 UTC: 	 Operating System: Red Hat Enterprise Linux 9.6 (Plow)
DEBUG 2025-09-09 17:50:55.515 UTC: 	 Executing command: 'status'
DEBUG 2025-09-09 17:50:55.515 UTC: 	 Found CRAB cache file /afs/cern.ch/user/a/amalhotr/.crab3
DEBUG 2025-09-09 17:50:55.676 UTC: 	 Checking credentials
DEBUG 2025-09-09 17:50:55.676 UTC: 	 Found proxy file /tmp/x509up_u180451
DEBUG 2025-09-09 17:50:55.676 UTC: 	 Making sure it has proper VOMS extension
DEBUG 2025-09-09 17:50:55.676 UTC: 	 Executing command :
 voms-proxy-info --vo --file /tmp/x509up_u180451
DEBUG 2025-09-09 17:50:55.706 UTC: 	 output : cms

 error: 
 retcode : 0
DEBUG 2025-09-09 17:50:55.706 UTC: 	 Getting proxy life time left
DEBUG 2025-09-09 17:50:55.706 UTC: 	 Executing command :
 voms-proxy-info --actimeleft --timeleft --file /tmp/x509up_u180451
DEBUG 2025-09-09 17:50:55.748 UTC: 	 output : 691111
691111

 error: 
 retcode : 0
DEBUG 2025-09-09 17:50:55.749 UTC: 	 Proxy valid for 191:58:31 hours
DEBUG 2025-09-09 17:50:55.749 UTC: 	 Encoded data for curl request: subresource=delegatedn
DEBUG 2025-09-09 17:50:55.796 UTC: 	 Registering user credentials on myproxy for /DC=ch/DC=cern/OU=computers/CN=crab-(preprod|prod)-tw(01|02).cern.ch|/DC=ch/DC=cern/OU=computers/CN=crab-dev-tw(01|02|03|04).cern.ch|/DC=ch/DC=cern/OU=Organic Units/OU=Users/CN=cmscrab/CN=(817881|373708)/CN=Robot: cms crab|/DC=ch/DC=cern/OU=Organic Units/OU=Users/CN=crabint1/CN=373708/CN=Robot: CMS CRAB Integration 1
DEBUG 2025-09-09 17:50:55.796 UTC: 	 Executing command :
 voms-proxy-info --identity --file /tmp/x509up_u180451
DEBUG 2025-09-09 17:50:55.828 UTC: 	 output : /DC=ch/DC=cern/OU=Organic Units/OU=Users/CN=amalhotr/CN=884837/CN=Aryan Malhotra

 error: 
 retcode : 0
DEBUG 2025-09-09 17:50:55.829 UTC: 	 Getting myproxy life time left for 2382a3cf28fdeacb1de9b039908761ea517a5ed6
DEBUG 2025-09-09 17:50:55.829 UTC: 	 Executing command :
 myproxy-info -s myproxy.cern.ch -l 2382a3cf28fdeacb1de9b039908761ea517a5ed6
DEBUG 2025-09-09 17:50:56.111 UTC: 	 output : username: 2382a3cf28fdeacb1de9b039908761ea517a5ed6
owner: /DC=ch/DC=cern/OU=Organic Units/OU=Users/CN=amalhotr/CN=884837/CN=Aryan Malhotra
  renewal policy: /DC=ch/DC=cern/OU=computers/CN=crab-(preprod|prod)-tw(01|02).cern.ch|/DC=ch/DC=cern/OU=computers/CN=crab-dev-tw(01|02|03|04).cern.ch|/DC=ch/DC=cern/OU=Organic Units/OU=Users/CN=cmscrab/CN=(817881|373708)/CN=Robot: cms crab|/DC=ch/DC=cern/OU=Organic Units/OU=Users/CN=crabint1/CN=373708/CN=Robot: CMS CRAB Integration 1
  trusted retrieval policy: /DC=ch/DC=cern/OU=computers/CN=crab-(preprod|prod)-tw(01|02).cern.ch|/DC=ch/DC=cern/OU=computers/CN=crab-dev-tw(01|02|03|04).cern.ch|/DC=ch/DC=cern/OU=Organic Units/OU=Users/CN=cmscrab/CN=(817881|373708)/CN=Robot: cms crab|/DC=ch/DC=cern/OU=Organic Units/OU=Users/CN=crabint1/CN=373708/CN=Robot: CMS CRAB Integration 1
  timeleft: 694:53:47  (29.0 days)

 error: 
 retcode : 0
DEBUG 2025-09-09 17:50:56.112 UTC: 	 Myproxy is valid: 2501580
DEBUG 2025-09-09 17:50:56.112 UTC: 	 Result of myproxy credential check:
  Credential exists on myproxy: username: 2382a3cf28fdeacb1de9b039908761ea517a5ed6  - validity: 28 days, 22:53:00
DEBUG 2025-09-09 17:50:56.112 UTC: 	 Retrieving username ...
DEBUG 2025-09-09 17:50:56.112 UTC: 	 Retrieving username from CRIC...
DEBUG 2025-09-09 17:50:56.969 UTC: 	 username is amalhotr
INFO 2025-09-09 17:50:57.638 UTC: 	 Rucio client intialized for account amalhotr
DEBUG 2025-09-09 17:50:57.639 UTC: 	 Command use: status
DEBUG 2025-09-09 17:50:57.639 UTC: 	 Options use: ['-d', './crab_Data_ScoutingPFRun3_1mod10_single_file']
DEBUG 2025-09-09 17:50:57.639 UTC: 	 Encoded data for curl request: subresource=version
DEBUG 2025-09-09 17:50:57.691 UTC: 	 CRABClient version: v3.250820
DEBUG 2025-09-09 17:50:57.691 UTC: 	 Instance is prod
DEBUG 2025-09-09 17:50:57.691 UTC: 	 Server base url is cmsweb.cern.ch
DEBUG 2025-09-09 17:50:57.691 UTC: 	 Command api workflow
DEBUG 2025-09-09 17:50:57.691 UTC: 	 Encoded data for curl request: subresource=search&workflow=250909_175020%3Aamalhotr_crab_Data_ScoutingPFRun3_1mod10_single_file
DEBUG 2025-09-09 17:50:57.743 UTC: 	 Got information from server oracle database: {'desc': {'columns': ['tm_taskname', 'tm_activity', 'tm_task_status', 'tm_task_command', 'tm_start_time', 'tm_start_injection', 'tm_end_injection', 'tm_task_failure', 'tm_job_sw', 'tm_job_arch', 'tm_input_dataset', 'tm_nonvalid_input_dataset', 'tm_use_parent', 'tm_site_whitelist', 'tm_site_blacklist', 'tm_split_algo', 'tm_split_args', 'tm_user_sandbox', 'tm_cache_url', 'tm_username', 'tm_user_dn', 'tm_user_vo', 'tm_user_role', 'tm_user_group', 'tm_publish_name', 'tm_publish_groupname', 'tm_asyncdest', 'tm_dbs_url', 'tm_publish_dbs_url', 'tm_publication', 'tm_outfiles', 'tm_tfile_outfiles', 'tm_edm_outfiles', 'tm_job_type', 'tm_generator', 'tm_events_per_lumi', 'tm_arguments', 'tm_save_logs', 'tw_name', 'tm_user_infiles', 'tm_maxjobruntime', 'tm_numcores', 'tm_maxmemory', 'tm_priority', 'tm_output_dataset', 'tm_task_warnings', 'tm_user_webdir', 'tm_scriptexe', 'tm_scriptargs', 'tm_extrajdl', 'tm_collector', 'tm_schedd', 'tm_dry_run', 'tm_user_files', 'tm_transfer_outputs', 'tm_output_lfn', 'tm_ignore_locality', 'tm_fail_limit', 'tm_one_event_mode', 'tm_secondary_input_dataset', 'tm_primary_dataset', 'tm_last_publication', 'tm_debug_files', 'clusterid', 'tm_ignore_global_blacklist', 'tm_submitter_ip_addr', 'tm_totalunits', 'tm_ddm_reqid', 'tm_user_config', 'tm_transfer_container', 'tm_transfer_rule', 'tm_publish_rule', 'tm_multipub_rule', 'tm_job_min_microarch', 'tm_dagman_status', 'tm_num_jobs', 'tm_uploaded']}, 'result': ['250909_175020:amalhotr_crab_Data_ScoutingPFRun3_1mod10_single_file', 'None', 'QUEUED', 'SUBMIT', '2025-09-09 17:50:20.941726', 'None', 'None', 'None', 'CMSSW_14_0_18_patch1', 'el9_amd64_gcc12', '/ScoutingPFRun3/Run2024H-v1/HLTSCOUT', 'T', '0', '[]', '[]', 'FileBased', "{'halt_job_on_file_boundaries': False, 'splitOnRun': False, 'files_per_job': 1, 'runs': [], 'lumis': []}", '66d4593651043c5b2633657aa28ea41dd367182dea2ea8b5a08c9af181698623.tar.gz', 'https://cmsweb.cern.ch/S3/crabcache_prod', 'amalhotr', '/DC=ch/DC=cern/OU=Organic Units/OU=Users/CN=amalhotr/CN=884837/CN=Aryan Malhotra', 'cms', 'None', 'None', 'Data_ScoutingPFRun3_1mod10_single_file-00000000000000000000000000000000', 'F', 'T3_CH_CERNBOX', 'https://cmsweb.cern.ch/dbs/prod/global/DBSReader', 'https://cmsweb.cern.ch/dbs/prod/phys03/DBSWriter', 'F', '[]', "['DY2M_ScoutingTree_Output.root']", '[]', 'Analysis', 'pythia', 'None', '{}', 'T', 'crab-prod-tw01', '[]', '2750', '1', '3000', '10', 'None', '[]', 'None', 'None', '[]', '[]', 'cmsgwms-collector-global.cern.ch:9620,cmsgwms-collector-global.fnal.gov:9620', 'None', 'F', '[]', 'T', '/store/user/amalhotr/', 'F', 'None', 'F', 'None', 'ScoutingPFRun3', 'None', 'ae0db6b6f43a7be007ea6d8c15be455d919f9a14f9c9026cb957f54cfd550bb9.tar.gz', 'None', 'F', '188.185.101.116', '2.0', 'None', '{"partialdataset": false, "requireaccelerator": false, "acceleratorparams": null, "inputblocks": null}', 'None', 'None', 'None', 'None', 'any', 'NOT_READY', '0', 'F']}
INFO 2025-09-09 17:50:57.743 UTC: 	 CRAB project directory:		/afs/cern.ch/user/a/amalhotr/CMSSW_14_0_18_patch1/src/Run3ScoutingAnalysisTools/crab_Data_ScoutingPFRun3_1mod10_single_file
INFO 2025-09-09 17:50:57.743 UTC: 	 Task name:			250909_175020:amalhotr_crab_Data_ScoutingPFRun3_1mod10_single_file
INFO 2025-09-09 17:50:57.743 UTC: 	 Grid scheduler - Task Worker:	N/A yet - crab-prod-tw01
INFO 2025-09-09 17:50:57.743 UTC: 	 Status on the CRAB server:	QUEUED on command SUBMIT
INFO 2025-09-09 17:50:57.743 UTC: 	 Task URL to use for HELP:	https://cmsweb.cern.ch/crabserver/ui/task/250909_175020%3Aamalhotr_crab_Data_ScoutingPFRun3_1mod10_single_file
INFO 2025-09-09 17:50:57.753 UTC: 	 Dashboard monitoring URL:	https://monit-grafana.cern.ch/d/cmsTMDetail/cms-task-monitoring-task-view?orgId=11&var-user=amalhotr&var-task=250909_175020%3Aamalhotr_crab_Data_ScoutingPFRun3_1mod10_single_file&from=1757436620000&to=now
DEBUG 2025-09-09 17:50:57.753 UTC: 	 The task has not been submitted to the Grid scheduler yet. Not printing job information.
INFO 2025-09-09 17:50:57.757 UTC: 	 Log file is /afs/cern.ch/user/a/amalhotr/CMSSW_14_0_18_patch1/src/Run3ScoutingAnalysisTools/crab_Data_ScoutingPFRun3_1mod10_single_file/crab.log
DEBUG 2025-09-09 17:53:26.985 UTC: 	 CRAB Client version: v3.250820
DEBUG 2025-09-09 17:53:26.986 UTC: 	 Running on: Linux lxplus937.cern.ch 5.14.0-570.37.1.el9_6.x86_64 #1 SMP PREEMPT_DYNAMIC Sat Aug 16 01:10:00 EDT 2025 x86_64 x86_64 x86_64 GNU/Linux
DEBUG 2025-09-09 17:53:26.986 UTC: 	 Not using Singularity
DEBUG 2025-09-09 17:53:26.986 UTC: 	 Operating System: Red Hat Enterprise Linux 9.6 (Plow)
DEBUG 2025-09-09 17:53:26.986 UTC: 	 Executing command: 'status'
DEBUG 2025-09-09 17:53:26.986 UTC: 	 Found CRAB cache file /afs/cern.ch/user/a/amalhotr/.crab3
DEBUG 2025-09-09 17:53:26.996 UTC: 	 Checking credentials
DEBUG 2025-09-09 17:53:26.996 UTC: 	 Found proxy file /tmp/x509up_u180451
DEBUG 2025-09-09 17:53:26.996 UTC: 	 Making sure it has proper VOMS extension
DEBUG 2025-09-09 17:53:26.996 UTC: 	 Executing command :
 voms-proxy-info --vo --file /tmp/x509up_u180451
DEBUG 2025-09-09 17:53:27.021 UTC: 	 output : cms

 error: 
 retcode : 0
DEBUG 2025-09-09 17:53:27.021 UTC: 	 Getting proxy life time left
DEBUG 2025-09-09 17:53:27.021 UTC: 	 Executing command :
 voms-proxy-info --actimeleft --timeleft --file /tmp/x509up_u180451
DEBUG 2025-09-09 17:53:27.047 UTC: 	 output : 690959
690959

 error: 
 retcode : 0
DEBUG 2025-09-09 17:53:27.047 UTC: 	 Proxy valid for 191:55:59 hours
DEBUG 2025-09-09 17:53:27.047 UTC: 	 Encoded data for curl request: subresource=delegatedn
DEBUG 2025-09-09 17:53:27.090 UTC: 	 Registering user credentials on myproxy for /DC=ch/DC=cern/OU=computers/CN=crab-(preprod|prod)-tw(01|02).cern.ch|/DC=ch/DC=cern/OU=computers/CN=crab-dev-tw(01|02|03|04).cern.ch|/DC=ch/DC=cern/OU=Organic Units/OU=Users/CN=cmscrab/CN=(817881|373708)/CN=Robot: cms crab|/DC=ch/DC=cern/OU=Organic Units/OU=Users/CN=crabint1/CN=373708/CN=Robot: CMS CRAB Integration 1
DEBUG 2025-09-09 17:53:27.091 UTC: 	 Executing command :
 voms-proxy-info --identity --file /tmp/x509up_u180451
DEBUG 2025-09-09 17:53:27.122 UTC: 	 output : /DC=ch/DC=cern/OU=Organic Units/OU=Users/CN=amalhotr/CN=884837/CN=Aryan Malhotra

 error: 
 retcode : 0
DEBUG 2025-09-09 17:53:27.123 UTC: 	 Getting myproxy life time left for 2382a3cf28fdeacb1de9b039908761ea517a5ed6
DEBUG 2025-09-09 17:53:27.123 UTC: 	 Executing command :
 myproxy-info -s myproxy.cern.ch -l 2382a3cf28fdeacb1de9b039908761ea517a5ed6
DEBUG 2025-09-09 17:53:27.410 UTC: 	 output : username: 2382a3cf28fdeacb1de9b039908761ea517a5ed6
owner: /DC=ch/DC=cern/OU=Organic Units/OU=Users/CN=amalhotr/CN=884837/CN=Aryan Malhotra
  renewal policy: /DC=ch/DC=cern/OU=computers/CN=crab-(preprod|prod)-tw(01|02).cern.ch|/DC=ch/DC=cern/OU=computers/CN=crab-dev-tw(01|02|03|04).cern.ch|/DC=ch/DC=cern/OU=Organic Units/OU=Users/CN=cmscrab/CN=(817881|373708)/CN=Robot: cms crab|/DC=ch/DC=cern/OU=Organic Units/OU=Users/CN=crabint1/CN=373708/CN=Robot: CMS CRAB Integration 1
  trusted retrieval policy: /DC=ch/DC=cern/OU=computers/CN=crab-(preprod|prod)-tw(01|02).cern.ch|/DC=ch/DC=cern/OU=computers/CN=crab-dev-tw(01|02|03|04).cern.ch|/DC=ch/DC=cern/OU=Organic Units/OU=Users/CN=cmscrab/CN=(817881|373708)/CN=Robot: cms crab|/DC=ch/DC=cern/OU=Organic Units/OU=Users/CN=crabint1/CN=373708/CN=Robot: CMS CRAB Integration 1
  timeleft: 694:51:16  (29.0 days)

 error: 
 retcode : 0
DEBUG 2025-09-09 17:53:27.410 UTC: 	 Myproxy is valid: 2501460
DEBUG 2025-09-09 17:53:27.410 UTC: 	 Result of myproxy credential check:
  Credential exists on myproxy: username: 2382a3cf28fdeacb1de9b039908761ea517a5ed6  - validity: 28 days, 22:51:00
DEBUG 2025-09-09 17:53:27.410 UTC: 	 Retrieving username ...
DEBUG 2025-09-09 17:53:27.410 UTC: 	 Retrieving username from CRIC...
DEBUG 2025-09-09 17:53:28.139 UTC: 	 username is amalhotr
INFO 2025-09-09 17:53:28.844 UTC: 	 Rucio client intialized for account amalhotr
DEBUG 2025-09-09 17:53:28.845 UTC: 	 Command use: status
DEBUG 2025-09-09 17:53:28.845 UTC: 	 Options use: ['-d', './crab_Data_ScoutingPFRun3_1mod10_single_file']
DEBUG 2025-09-09 17:53:28.845 UTC: 	 Encoded data for curl request: subresource=version
DEBUG 2025-09-09 17:53:28.889 UTC: 	 CRABClient version: v3.250820
DEBUG 2025-09-09 17:53:28.889 UTC: 	 Instance is prod
DEBUG 2025-09-09 17:53:28.889 UTC: 	 Server base url is cmsweb.cern.ch
DEBUG 2025-09-09 17:53:28.889 UTC: 	 Command api workflow
DEBUG 2025-09-09 17:53:28.889 UTC: 	 Encoded data for curl request: subresource=search&workflow=250909_175020%3Aamalhotr_crab_Data_ScoutingPFRun3_1mod10_single_file
DEBUG 2025-09-09 17:53:28.953 UTC: 	 Got information from server oracle database: {'desc': {'columns': ['tm_taskname', 'tm_activity', 'tm_task_status', 'tm_task_command', 'tm_start_time', 'tm_start_injection', 'tm_end_injection', 'tm_task_failure', 'tm_job_sw', 'tm_job_arch', 'tm_input_dataset', 'tm_nonvalid_input_dataset', 'tm_use_parent', 'tm_site_whitelist', 'tm_site_blacklist', 'tm_split_algo', 'tm_split_args', 'tm_user_sandbox', 'tm_cache_url', 'tm_username', 'tm_user_dn', 'tm_user_vo', 'tm_user_role', 'tm_user_group', 'tm_publish_name', 'tm_publish_groupname', 'tm_asyncdest', 'tm_dbs_url', 'tm_publish_dbs_url', 'tm_publication', 'tm_outfiles', 'tm_tfile_outfiles', 'tm_edm_outfiles', 'tm_job_type', 'tm_generator', 'tm_events_per_lumi', 'tm_arguments', 'tm_save_logs', 'tw_name', 'tm_user_infiles', 'tm_maxjobruntime', 'tm_numcores', 'tm_maxmemory', 'tm_priority', 'tm_output_dataset', 'tm_task_warnings', 'tm_user_webdir', 'tm_scriptexe', 'tm_scriptargs', 'tm_extrajdl', 'tm_collector', 'tm_schedd', 'tm_dry_run', 'tm_user_files', 'tm_transfer_outputs', 'tm_output_lfn', 'tm_ignore_locality', 'tm_fail_limit', 'tm_one_event_mode', 'tm_secondary_input_dataset', 'tm_primary_dataset', 'tm_last_publication', 'tm_debug_files', 'clusterid', 'tm_ignore_global_blacklist', 'tm_submitter_ip_addr', 'tm_totalunits', 'tm_ddm_reqid', 'tm_user_config', 'tm_transfer_container', 'tm_transfer_rule', 'tm_publish_rule', 'tm_multipub_rule', 'tm_job_min_microarch', 'tm_dagman_status', 'tm_num_jobs', 'tm_uploaded']}, 'result': ['250909_175020:amalhotr_crab_Data_ScoutingPFRun3_1mod10_single_file', 'None', 'SUBMITTED', 'SUBMIT', '2025-09-09 17:50:20.941726', 'None', '2025-09-09 17:51:35.217353', 'None', 'CMSSW_14_0_18_patch1', 'el9_amd64_gcc12', '/ScoutingPFRun3/Run2024H-v1/HLTSCOUT', 'T', '0', '[]', '[]', 'FileBased', "{'halt_job_on_file_boundaries': False, 'splitOnRun': False, 'files_per_job': 1, 'runs': [], 'lumis': []}", '66d4593651043c5b2633657aa28ea41dd367182dea2ea8b5a08c9af181698623.tar.gz', 'https://cmsweb.cern.ch/S3/crabcache_prod', 'amalhotr', '/DC=ch/DC=cern/OU=Organic Units/OU=Users/CN=amalhotr/CN=884837/CN=Aryan Malhotra', 'cms', 'None', 'None', 'Data_ScoutingPFRun3_1mod10_single_file-00000000000000000000000000000000', 'F', 'T3_CH_CERNBOX', 'https://cmsweb.cern.ch/dbs/prod/global/DBSReader', 'https://cmsweb.cern.ch/dbs/prod/phys03/DBSWriter', 'F', '[]', "['DY2M_ScoutingTree_Output.root']", '[]', 'Analysis', 'pythia', 'None', '{}', 'T', 'crab-prod-tw01', '[]', '2750', '1', '3000', '10', 'None', "['Task requests 3000 MB of memory, but only 2500 are guaranteed to be available. Jobs may not find a site where to run and stay idle forever.']", 'http://vocms0121.cern.ch/mon/amalhotr/250909_175020:amalhotr_crab_Data_ScoutingPFRun3_1mod10_single_file', 'None', '[]', '[]', 'cmsgwms-collector-global.cern.ch:9620,cmsgwms-collector-global.fnal.gov:9620', 'crab3@vocms0121.cern.ch', 'F', '[]', 'T', '/store/user/amalhotr/', 'F', 'None', 'F', 'None', 'ScoutingPFRun3', 'None', 'ae0db6b6f43a7be007ea6d8c15be455d919f9a14f9c9026cb957f54cfd550bb9.tar.gz', '129959547', 'F', '188.185.101.116', '2.0', 'None', '{"partialdataset": false, "requireaccelerator": false, "acceleratorparams": null, "inputblocks": null}', 'None', 'None', 'None', 'None', 'any', 'NOT_READY', '2', 'T']}
INFO 2025-09-09 17:53:28.953 UTC: 	 CRAB project directory:		/afs/cern.ch/user/a/amalhotr/CMSSW_14_0_18_patch1/src/Run3ScoutingAnalysisTools/crab_Data_ScoutingPFRun3_1mod10_single_file
INFO 2025-09-09 17:53:28.953 UTC: 	 Task name:			250909_175020:amalhotr_crab_Data_ScoutingPFRun3_1mod10_single_file
INFO 2025-09-09 17:53:28.953 UTC: 	 Grid scheduler - Task Worker:	crab3@vocms0121.cern.ch - crab-prod-tw01
INFO 2025-09-09 17:53:28.953 UTC: 	 Status on the CRAB server:	SUBMITTED
INFO 2025-09-09 17:53:28.953 UTC: 	 Task URL to use for HELP:	https://cmsweb.cern.ch/crabserver/ui/task/250909_175020%3Aamalhotr_crab_Data_ScoutingPFRun3_1mod10_single_file
INFO 2025-09-09 17:53:28.964 UTC: 	 Dashboard monitoring URL:	https://monit-grafana.cern.ch/d/cmsTMDetail/cms-task-monitoring-task-view?orgId=11&var-user=amalhotr&var-task=250909_175020%3Aamalhotr_crab_Data_ScoutingPFRun3_1mod10_single_file&from=1757436620000&to=now
WARNING 2025-09-09 17:53:28.964 UTC: 	 Warning:			Task requests 3000 MB of memory, but only 2500 are guaranteed to be available. Jobs may not find a site where to run and stay idle forever.
DEBUG 2025-09-09 17:53:28.964 UTC: 	 The CRAB server submitted your task to the Grid scheduler (cluster ID: 129959547)
DEBUG 2025-09-09 17:53:28.965 UTC: 	 Webdir is located at http://vocms0121.cern.ch/mon/amalhotr/250909_175020:amalhotr_crab_Data_ScoutingPFRun3_1mod10_single_file
DEBUG 2025-09-09 17:53:28.965 UTC: 	 Encoded data for curl request: subresource=webdirprx&workflow=250909_175020%3Aamalhotr_crab_Data_ScoutingPFRun3_1mod10_single_file
DEBUG 2025-09-09 17:53:29.016 UTC: 	 Proxied webdir is located at https://cmsweb.cern.ch/scheddmon/0121/amalhotr/250909_175020:amalhotr_crab_Data_ScoutingPFRun3_1mod10_single_file
DEBUG 2025-09-09 17:53:29.016 UTC: 	 Retrieving 'status_cache' file from https://cmsweb.cern.ch/scheddmon/0121/amalhotr/250909_175020:amalhotr_crab_Data_ScoutingPFRun3_1mod10_single_file/status_cache.pkl
DEBUG 2025-09-09 17:53:29.017 UTC: 	 Will execute:
curl -sS --capath /etc/grid-security/certificates --cert /tmp/x509up_u180451 --key /tmp/x509up_u180451 -o /tmp/crab_status-cache-l2oojnq3.pkl -w %"{http_code}" "https://cmsweb.cern.ch/scheddmon/0121/amalhotr/250909_175020:amalhotr_crab_Data_ScoutingPFRun3_1mod10_single_file/status_cache.pkl"
DEBUG 2025-09-09 17:53:29.017 UTC: 	 Executing command :
 curl -sS --capath /etc/grid-security/certificates --cert /tmp/x509up_u180451 --key /tmp/x509up_u180451 -o /tmp/crab_status-cache-l2oojnq3.pkl -w %"{http_code}" "https://cmsweb.cern.ch/scheddmon/0121/amalhotr/250909_175020:amalhotr_crab_Data_ScoutingPFRun3_1mod10_single_file/status_cache.pkl"
DEBUG 2025-09-09 17:53:29.067 UTC: 	 output : 200
 error: 
 retcode : 0
DEBUG 2025-09-09 17:53:29.067 UTC: 	 exitcode: 0
stdout: 200
stderr: 
error details: 
INFO 2025-09-09 17:53:29.067 UTC: 	 Task bootstrapped at 2025-09-09 17:52:37 UTC. 52 seconds ago
INFO 2025-09-09 17:53:29.067 UTC: 	 Status information will be available within a few minutes
INFO 2025-09-09 17:53:29.073 UTC: 	 Log file is /afs/cern.ch/user/a/amalhotr/CMSSW_14_0_18_patch1/src/Run3ScoutingAnalysisTools/crab_Data_ScoutingPFRun3_1mod10_single_file/crab.log
DEBUG 2025-09-09 17:55:28.699 UTC: 	 CRAB Client version: v3.250820
DEBUG 2025-09-09 17:55:28.699 UTC: 	 Running on: Linux lxplus937.cern.ch 5.14.0-570.37.1.el9_6.x86_64 #1 SMP PREEMPT_DYNAMIC Sat Aug 16 01:10:00 EDT 2025 x86_64 x86_64 x86_64 GNU/Linux
DEBUG 2025-09-09 17:55:28.699 UTC: 	 Not using Singularity
DEBUG 2025-09-09 17:55:28.699 UTC: 	 Operating System: Red Hat Enterprise Linux 9.6 (Plow)
DEBUG 2025-09-09 17:55:28.699 UTC: 	 Executing command: 'status'
DEBUG 2025-09-09 17:55:28.699 UTC: 	 Found CRAB cache file /afs/cern.ch/user/a/amalhotr/.crab3
DEBUG 2025-09-09 17:55:28.759 UTC: 	 Checking credentials
DEBUG 2025-09-09 17:55:28.759 UTC: 	 Found proxy file /tmp/x509up_u180451
DEBUG 2025-09-09 17:55:28.759 UTC: 	 Making sure it has proper VOMS extension
DEBUG 2025-09-09 17:55:28.759 UTC: 	 Executing command :
 voms-proxy-info --vo --file /tmp/x509up_u180451
DEBUG 2025-09-09 17:55:28.785 UTC: 	 output : cms

 error: 
 retcode : 0
DEBUG 2025-09-09 17:55:28.785 UTC: 	 Getting proxy life time left
DEBUG 2025-09-09 17:55:28.785 UTC: 	 Executing command :
 voms-proxy-info --actimeleft --timeleft --file /tmp/x509up_u180451
DEBUG 2025-09-09 17:55:28.810 UTC: 	 output : 690838
690838

 error: 
 retcode : 0
DEBUG 2025-09-09 17:55:28.810 UTC: 	 Proxy valid for 191:53:58 hours
DEBUG 2025-09-09 17:55:28.810 UTC: 	 Encoded data for curl request: subresource=delegatedn
DEBUG 2025-09-09 17:55:28.859 UTC: 	 Registering user credentials on myproxy for /DC=ch/DC=cern/OU=computers/CN=crab-(preprod|prod)-tw(01|02).cern.ch|/DC=ch/DC=cern/OU=computers/CN=crab-dev-tw(01|02|03|04).cern.ch|/DC=ch/DC=cern/OU=Organic Units/OU=Users/CN=cmscrab/CN=(817881|373708)/CN=Robot: cms crab|/DC=ch/DC=cern/OU=Organic Units/OU=Users/CN=crabint1/CN=373708/CN=Robot: CMS CRAB Integration 1
DEBUG 2025-09-09 17:55:28.859 UTC: 	 Executing command :
 voms-proxy-info --identity --file /tmp/x509up_u180451
DEBUG 2025-09-09 17:55:28.891 UTC: 	 output : /DC=ch/DC=cern/OU=Organic Units/OU=Users/CN=amalhotr/CN=884837/CN=Aryan Malhotra

 error: 
 retcode : 0
DEBUG 2025-09-09 17:55:28.892 UTC: 	 Getting myproxy life time left for 2382a3cf28fdeacb1de9b039908761ea517a5ed6
DEBUG 2025-09-09 17:55:28.892 UTC: 	 Executing command :
 myproxy-info -s myproxy.cern.ch -l 2382a3cf28fdeacb1de9b039908761ea517a5ed6
DEBUG 2025-09-09 17:55:29.145 UTC: 	 output : username: 2382a3cf28fdeacb1de9b039908761ea517a5ed6
owner: /DC=ch/DC=cern/OU=Organic Units/OU=Users/CN=amalhotr/CN=884837/CN=Aryan Malhotra
  renewal policy: /DC=ch/DC=cern/OU=computers/CN=crab-(preprod|prod)-tw(01|02).cern.ch|/DC=ch/DC=cern/OU=computers/CN=crab-dev-tw(01|02|03|04).cern.ch|/DC=ch/DC=cern/OU=Organic Units/OU=Users/CN=cmscrab/CN=(817881|373708)/CN=Robot: cms crab|/DC=ch/DC=cern/OU=Organic Units/OU=Users/CN=crabint1/CN=373708/CN=Robot: CMS CRAB Integration 1
  trusted retrieval policy: /DC=ch/DC=cern/OU=computers/CN=crab-(preprod|prod)-tw(01|02).cern.ch|/DC=ch/DC=cern/OU=computers/CN=crab-dev-tw(01|02|03|04).cern.ch|/DC=ch/DC=cern/OU=Organic Units/OU=Users/CN=cmscrab/CN=(817881|373708)/CN=Robot: cms crab|/DC=ch/DC=cern/OU=Organic Units/OU=Users/CN=crabint1/CN=373708/CN=Robot: CMS CRAB Integration 1
  timeleft: 694:49:14  (29.0 days)

 error: 
 retcode : 0
DEBUG 2025-09-09 17:55:29.145 UTC: 	 Myproxy is valid: 2501340
DEBUG 2025-09-09 17:55:29.145 UTC: 	 Result of myproxy credential check:
  Credential exists on myproxy: username: 2382a3cf28fdeacb1de9b039908761ea517a5ed6  - validity: 28 days, 22:49:00
DEBUG 2025-09-09 17:55:29.145 UTC: 	 Retrieving username ...
DEBUG 2025-09-09 17:55:29.145 UTC: 	 Retrieving username from CRIC...
DEBUG 2025-09-09 17:55:29.894 UTC: 	 username is amalhotr
INFO 2025-09-09 17:55:30.581 UTC: 	 Rucio client intialized for account amalhotr
DEBUG 2025-09-09 17:55:30.582 UTC: 	 Command use: status
DEBUG 2025-09-09 17:55:30.582 UTC: 	 Options use: ['-d', './crab_Data_ScoutingPFRun3_1mod10_single_file']
DEBUG 2025-09-09 17:55:30.582 UTC: 	 Encoded data for curl request: subresource=version
DEBUG 2025-09-09 17:55:30.634 UTC: 	 CRABClient version: v3.250820
DEBUG 2025-09-09 17:55:30.634 UTC: 	 Instance is prod
DEBUG 2025-09-09 17:55:30.634 UTC: 	 Server base url is cmsweb.cern.ch
DEBUG 2025-09-09 17:55:30.634 UTC: 	 Command api workflow
DEBUG 2025-09-09 17:55:30.634 UTC: 	 Encoded data for curl request: subresource=search&workflow=250909_175020%3Aamalhotr_crab_Data_ScoutingPFRun3_1mod10_single_file
DEBUG 2025-09-09 17:55:30.685 UTC: 	 Got information from server oracle database: {'desc': {'columns': ['tm_taskname', 'tm_activity', 'tm_task_status', 'tm_task_command', 'tm_start_time', 'tm_start_injection', 'tm_end_injection', 'tm_task_failure', 'tm_job_sw', 'tm_job_arch', 'tm_input_dataset', 'tm_nonvalid_input_dataset', 'tm_use_parent', 'tm_site_whitelist', 'tm_site_blacklist', 'tm_split_algo', 'tm_split_args', 'tm_user_sandbox', 'tm_cache_url', 'tm_username', 'tm_user_dn', 'tm_user_vo', 'tm_user_role', 'tm_user_group', 'tm_publish_name', 'tm_publish_groupname', 'tm_asyncdest', 'tm_dbs_url', 'tm_publish_dbs_url', 'tm_publication', 'tm_outfiles', 'tm_tfile_outfiles', 'tm_edm_outfiles', 'tm_job_type', 'tm_generator', 'tm_events_per_lumi', 'tm_arguments', 'tm_save_logs', 'tw_name', 'tm_user_infiles', 'tm_maxjobruntime', 'tm_numcores', 'tm_maxmemory', 'tm_priority', 'tm_output_dataset', 'tm_task_warnings', 'tm_user_webdir', 'tm_scriptexe', 'tm_scriptargs', 'tm_extrajdl', 'tm_collector', 'tm_schedd', 'tm_dry_run', 'tm_user_files', 'tm_transfer_outputs', 'tm_output_lfn', 'tm_ignore_locality', 'tm_fail_limit', 'tm_one_event_mode', 'tm_secondary_input_dataset', 'tm_primary_dataset', 'tm_last_publication', 'tm_debug_files', 'clusterid', 'tm_ignore_global_blacklist', 'tm_submitter_ip_addr', 'tm_totalunits', 'tm_ddm_reqid', 'tm_user_config', 'tm_transfer_container', 'tm_transfer_rule', 'tm_publish_rule', 'tm_multipub_rule', 'tm_job_min_microarch', 'tm_dagman_status', 'tm_num_jobs', 'tm_uploaded']}, 'result': ['250909_175020:amalhotr_crab_Data_ScoutingPFRun3_1mod10_single_file', 'None', 'SUBMITTED', 'SUBMIT', '2025-09-09 17:50:20.941726', 'None', '2025-09-09 17:51:35.217353', 'None', 'CMSSW_14_0_18_patch1', 'el9_amd64_gcc12', '/ScoutingPFRun3/Run2024H-v1/HLTSCOUT', 'T', '0', '[]', '[]', 'FileBased', "{'halt_job_on_file_boundaries': False, 'splitOnRun': False, 'files_per_job': 1, 'runs': [], 'lumis': []}", '66d4593651043c5b2633657aa28ea41dd367182dea2ea8b5a08c9af181698623.tar.gz', 'https://cmsweb.cern.ch/S3/crabcache_prod', 'amalhotr', '/DC=ch/DC=cern/OU=Organic Units/OU=Users/CN=amalhotr/CN=884837/CN=Aryan Malhotra', 'cms', 'None', 'None', 'Data_ScoutingPFRun3_1mod10_single_file-00000000000000000000000000000000', 'F', 'T3_CH_CERNBOX', 'https://cmsweb.cern.ch/dbs/prod/global/DBSReader', 'https://cmsweb.cern.ch/dbs/prod/phys03/DBSWriter', 'F', '[]', "['DY2M_ScoutingTree_Output.root']", '[]', 'Analysis', 'pythia', 'None', '{}', 'T', 'crab-prod-tw01', '[]', '2750', '1', '3000', '10', 'None', "['Task requests 3000 MB of memory, but only 2500 are guaranteed to be available. Jobs may not find a site where to run and stay idle forever.']", 'http://vocms0121.cern.ch/mon/amalhotr/250909_175020:amalhotr_crab_Data_ScoutingPFRun3_1mod10_single_file', 'None', '[]', '[]', 'cmsgwms-collector-global.cern.ch:9620,cmsgwms-collector-global.fnal.gov:9620', 'crab3@vocms0121.cern.ch', 'F', '[]', 'T', '/store/user/amalhotr/', 'F', 'None', 'F', 'None', 'ScoutingPFRun3', 'None', 'ae0db6b6f43a7be007ea6d8c15be455d919f9a14f9c9026cb957f54cfd550bb9.tar.gz', '129959547', 'F', '188.185.101.116', '2.0', 'None', '{"partialdataset": false, "requireaccelerator": false, "acceleratorparams": null, "inputblocks": null}', 'None', 'None', 'None', 'None', 'any', 'RUNNING', '2', 'T']}
INFO 2025-09-09 17:55:30.685 UTC: 	 CRAB project directory:		/afs/cern.ch/user/a/amalhotr/CMSSW_14_0_18_patch1/src/Run3ScoutingAnalysisTools/crab_Data_ScoutingPFRun3_1mod10_single_file
INFO 2025-09-09 17:55:30.685 UTC: 	 Task name:			250909_175020:amalhotr_crab_Data_ScoutingPFRun3_1mod10_single_file
INFO 2025-09-09 17:55:30.685 UTC: 	 Grid scheduler - Task Worker:	crab3@vocms0121.cern.ch - crab-prod-tw01
INFO 2025-09-09 17:55:30.685 UTC: 	 Status on the CRAB server:	SUBMITTED
INFO 2025-09-09 17:55:30.685 UTC: 	 Task URL to use for HELP:	https://cmsweb.cern.ch/crabserver/ui/task/250909_175020%3Aamalhotr_crab_Data_ScoutingPFRun3_1mod10_single_file
INFO 2025-09-09 17:55:30.692 UTC: 	 Dashboard monitoring URL:	https://monit-grafana.cern.ch/d/cmsTMDetail/cms-task-monitoring-task-view?orgId=11&var-user=amalhotr&var-task=250909_175020%3Aamalhotr_crab_Data_ScoutingPFRun3_1mod10_single_file&from=1757436620000&to=now
WARNING 2025-09-09 17:55:30.692 UTC: 	 Warning:			Task requests 3000 MB of memory, but only 2500 are guaranteed to be available. Jobs may not find a site where to run and stay idle forever.
DEBUG 2025-09-09 17:55:30.693 UTC: 	 The CRAB server submitted your task to the Grid scheduler (cluster ID: 129959547)
DEBUG 2025-09-09 17:55:30.693 UTC: 	 Webdir is located at http://vocms0121.cern.ch/mon/amalhotr/250909_175020:amalhotr_crab_Data_ScoutingPFRun3_1mod10_single_file
DEBUG 2025-09-09 17:55:30.693 UTC: 	 Encoded data for curl request: subresource=webdirprx&workflow=250909_175020%3Aamalhotr_crab_Data_ScoutingPFRun3_1mod10_single_file
DEBUG 2025-09-09 17:55:30.744 UTC: 	 Proxied webdir is located at https://cmsweb.cern.ch/scheddmon/0121/amalhotr/250909_175020:amalhotr_crab_Data_ScoutingPFRun3_1mod10_single_file
DEBUG 2025-09-09 17:55:30.745 UTC: 	 Retrieving 'status_cache' file from https://cmsweb.cern.ch/scheddmon/0121/amalhotr/250909_175020:amalhotr_crab_Data_ScoutingPFRun3_1mod10_single_file/status_cache.pkl
DEBUG 2025-09-09 17:55:30.745 UTC: 	 Will execute:
curl -sS --capath /etc/grid-security/certificates --cert /tmp/x509up_u180451 --key /tmp/x509up_u180451 -o /tmp/crab_status-cache-xtrsvzug.pkl -w %"{http_code}" "https://cmsweb.cern.ch/scheddmon/0121/amalhotr/250909_175020:amalhotr_crab_Data_ScoutingPFRun3_1mod10_single_file/status_cache.pkl"
DEBUG 2025-09-09 17:55:30.745 UTC: 	 Executing command :
 curl -sS --capath /etc/grid-security/certificates --cert /tmp/x509up_u180451 --key /tmp/x509up_u180451 -o /tmp/crab_status-cache-xtrsvzug.pkl -w %"{http_code}" "https://cmsweb.cern.ch/scheddmon/0121/amalhotr/250909_175020:amalhotr_crab_Data_ScoutingPFRun3_1mod10_single_file/status_cache.pkl"
DEBUG 2025-09-09 17:55:30.788 UTC: 	 output : 200
 error: 
 retcode : 0
DEBUG 2025-09-09 17:55:30.788 UTC: 	 exitcode: 0
stdout: 200
stderr: 
error details: 
DEBUG 2025-09-09 17:55:30.789 UTC: 	 Got information from status cache file: {'1': {'Retries': 0, 'Restarts': 0, 'SiteHistory': ['Unknown'], 'ResidentSetSize': [0], 'SubmitTimes': [1757440363.0], 'StartTimes': [], 'EndTimes': [], 'TotalUserCpuTimeHistory': [0.0], 'TotalSysCpuTimeHistory': [0.0], 'WallDurations': [0], 'JobIds': ['129959550.0'], 'State': 'unsubmitted', 'RecordedSite': False}, '2': {'Retries': 0, 'Restarts': 0, 'SiteHistory': ['Unknown'], 'ResidentSetSize': [0], 'SubmitTimes': [1757440363.0], 'StartTimes': [], 'EndTimes': [], 'TotalUserCpuTimeHistory': [0.0], 'TotalSysCpuTimeHistory': [0.0], 'WallDurations': [0], 'JobIds': ['129959551.0'], 'State': 'unsubmitted', 'RecordedSite': False}}
INFO 2025-09-09 17:55:30.789 UTC: 	 Status on the scheduler:	SUBMITTED
INFO 2025-09-09 17:55:30.789 UTC: 	 
Jobs status:                    unsubmitted  		100.0% (2/2)
INFO 2025-09-09 17:55:30.789 UTC: 	 
No publication information (publication has been disabled in the CRAB configuration file)
INFO 2025-09-09 17:55:30.820 UTC: 	 Log file is /afs/cern.ch/user/a/amalhotr/CMSSW_14_0_18_patch1/src/Run3ScoutingAnalysisTools/crab_Data_ScoutingPFRun3_1mod10_single_file/crab.log
DEBUG 2025-10-09 02:07:35.348 UTC: 	 CRAB Client version: v3.250820
DEBUG 2025-10-09 02:07:35.349 UTC: 	 Running on: Linux lxplus960.cern.ch 5.14.0-570.46.1.el9_6.x86_64 #1 SMP PREEMPT_DYNAMIC Tue Sep 16 03:28:23 EDT 2025 x86_64 x86_64 x86_64 GNU/Linux
DEBUG 2025-10-09 02:07:35.349 UTC: 	 Not using Singularity
DEBUG 2025-10-09 02:07:35.349 UTC: 	 Operating System: Red Hat Enterprise Linux 9.6 (Plow)
DEBUG 2025-10-09 02:07:35.349 UTC: 	 Executing command: 'kill'
DEBUG 2025-10-09 02:07:35.349 UTC: 	 Found CRAB cache file /afs/cern.ch/user/a/amalhotr/.crab3
DEBUG 2025-10-09 02:07:35.352 UTC: 	 Checking credentials
DEBUG 2025-10-09 02:07:35.352 UTC: 	 Found proxy file /tmp/x509up_u180451
DEBUG 2025-10-09 02:07:35.352 UTC: 	 Making sure it has proper VOMS extension
DEBUG 2025-10-09 02:07:35.352 UTC: 	 Executing command :
 voms-proxy-info --vo --file /tmp/x509up_u180451
DEBUG 2025-10-09 02:07:35.382 UTC: 	 output : cms

 error: 
 retcode : 0
DEBUG 2025-10-09 02:07:35.382 UTC: 	 Getting proxy life time left
DEBUG 2025-10-09 02:07:35.382 UTC: 	 Executing command :
 voms-proxy-info --actimeleft --timeleft --file /tmp/x509up_u180451
DEBUG 2025-10-09 02:07:35.407 UTC: 	 output : 683184
683183

 error: 
 retcode : 0
DEBUG 2025-10-09 02:07:35.407 UTC: 	 Proxy valid for 189:46:23 hours
DEBUG 2025-10-09 02:07:35.408 UTC: 	 Encoded data for curl request: subresource=delegatedn
DEBUG 2025-10-09 02:07:35.460 UTC: 	 Registering user credentials on myproxy for /DC=ch/DC=cern/OU=computers/CN=crab-(preprod|prod)-tw(01|02).cern.ch|/DC=ch/DC=cern/OU=computers/CN=crab-dev-tw(01|02|03|04).cern.ch|/DC=ch/DC=cern/OU=Organic Units/OU=Users/CN=cmscrab/CN=(817881|373708)/CN=Robot: cms crab|/DC=ch/DC=cern/OU=Organic Units/OU=Users/CN=crabint1/CN=373708/CN=Robot: CMS CRAB Integration 1
DEBUG 2025-10-09 02:07:35.460 UTC: 	 Executing command :
 voms-proxy-info --identity --file /tmp/x509up_u180451
DEBUG 2025-10-09 02:07:35.486 UTC: 	 output : /DC=ch/DC=cern/OU=Organic Units/OU=Users/CN=amalhotr/CN=884837/CN=Aryan Malhotra

 error: 
 retcode : 0
DEBUG 2025-10-09 02:07:35.486 UTC: 	 Getting myproxy life time left for 2382a3cf28fdeacb1de9b039908761ea517a5ed6
DEBUG 2025-10-09 02:07:35.486 UTC: 	 Executing command :
 myproxy-info -s myproxy.cern.ch -l 2382a3cf28fdeacb1de9b039908761ea517a5ed6
DEBUG 2025-10-09 02:07:36.189 UTC: 	 output : username: 2382a3cf28fdeacb1de9b039908761ea517a5ed6
owner: /DC=ch/DC=cern/OU=Organic Units/OU=Users/CN=amalhotr/CN=884837/CN=Aryan Malhotra
  renewal policy: /DC=ch/DC=cern/OU=computers/CN=crab-(preprod|prod)-tw(01|02).cern.ch|/DC=ch/DC=cern/OU=computers/CN=crab-dev-tw(01|02|03|04).cern.ch|/DC=ch/DC=cern/OU=Organic Units/OU=Users/CN=cmscrab/CN=(817881|373708)/CN=Robot: cms crab|/DC=ch/DC=cern/OU=Organic Units/OU=Users/CN=crabint1/CN=373708/CN=Robot: CMS CRAB Integration 1
  trusted retrieval policy: /DC=ch/DC=cern/OU=computers/CN=crab-(preprod|prod)-tw(01|02).cern.ch|/DC=ch/DC=cern/OU=computers/CN=crab-dev-tw(01|02|03|04).cern.ch|/DC=ch/DC=cern/OU=Organic Units/OU=Users/CN=cmscrab/CN=(817881|373708)/CN=Robot: cms crab|/DC=ch/DC=cern/OU=Organic Units/OU=Users/CN=crabint1/CN=373708/CN=Robot: CMS CRAB Integration 1
  timeleft: 387:01:12  (16.1 days)

 error: 
 retcode : 0
DEBUG 2025-10-09 02:07:36.190 UTC: 	 Myproxy is valid: 1393260
DEBUG 2025-10-09 02:07:36.190 UTC: 	 Result of myproxy credential check:
  Credential exists on myproxy: username: 2382a3cf28fdeacb1de9b039908761ea517a5ed6  - validity: 16 days, 3:01:00
DEBUG 2025-10-09 02:07:36.190 UTC: 	 Command use: kill
DEBUG 2025-10-09 02:07:36.190 UTC: 	 Options use: ['-d', './crab_Data_ScoutingPFRun3_1mod10_single_file']
DEBUG 2025-10-09 02:07:36.190 UTC: 	 Encoded data for curl request: subresource=version
DEBUG 2025-10-09 02:07:36.239 UTC: 	 CRABClient version: v3.250820
DEBUG 2025-10-09 02:07:36.239 UTC: 	 Instance is prod
DEBUG 2025-10-09 02:07:36.239 UTC: 	 Server base url is cmsweb.cern.ch
DEBUG 2025-10-09 02:07:36.239 UTC: 	 Command api workflow
DEBUG 2025-10-09 02:07:36.239 UTC: 	 Killing task 250909_175020:amalhotr_crab_Data_ScoutingPFRun3_1mod10_single_file
DEBUG 2025-10-09 02:07:36.239 UTC: 	 Encoded data for curl request: workflow=250909_175020%3Aamalhotr_crab_Data_ScoutingPFRun3_1mod10_single_file
DEBUG 2025-10-09 02:07:36.488 UTC: 	 Result: {'desc': {'columns': ['tm_taskname', 'tm_task_status', 'tm_task_command', 'tm_user_role', 'tm_user_group', 'tm_task_failure', 'tm_split_algo', 'tm_split_args', 'tm_save_logs', 'tm_username', 'tm_user_dn', 'tm_arguments', 'tm_input_dataset', 'tm_dbs_url', 'tm_task_warnings', 'tm_publication', 'tm_user_webdir', 'tm_output_dataset', 'tm_collector', 'tm_schedd', 'tm_dry_run', 'clusterid', 'tm_start_time', 'tw_name', 'tm_dagman_status', 'tm_num_jobs', 'tm_uploaded']}, 'result': [{'result': 'ok'}]}
INFO 2025-10-09 02:07:36.489 UTC: 	 Kill request successfully sent
INFO 2025-10-09 02:07:36.557 UTC: 	 Log file is /afs/cern.ch/user/a/amalhotr/CMSSW_14_0_18_patch1/src/Run3ScoutingAnalysisTools/crab_Data_ScoutingPFRun3_1mod10_single_file/crab.log
