DEBUG 2025-10-30 05:10:27.423 UTC: 	 CRAB Client version: v3.250820
DEBUG 2025-10-30 05:10:27.423 UTC: 	 Running on: Linux lxplus948.cern.ch 5.14.0-570.49.1.el9_6.x86_64 #1 SMP PREEMPT_DYNAMIC Tue Sep 23 01:11:18 EDT 2025 x86_64 x86_64 x86_64 GNU/Linux
DEBUG 2025-10-30 05:10:27.423 UTC: 	 Not using Singularity
DEBUG 2025-10-30 05:10:27.423 UTC: 	 Operating System: Red Hat Enterprise Linux 9.6 (Plow)
DEBUG 2025-10-30 05:10:27.423 UTC: 	 Executing command: 'submit'
DEBUG 2025-10-30 05:10:27.423 UTC: 	 Found CRAB cache file /afs/cern.ch/user/a/amalhotr/.crab3
INFO 2025-10-30 05:10:27.424 UTC: 	 Will use CRAB configuration file chainedCrabConfig.py
DEBUG 2025-10-30 05:10:27.424 UTC: 	 Loading CRAB configuration file.
DEBUG 2025-10-30 05:10:27.429 UTC: 	 Will use CRAB plugin ANALYSIS (i.e. will run an analysis job type).
DEBUG 2025-10-30 05:10:27.447 UTC: 	 Checking credentials
DEBUG 2025-10-30 05:10:27.448 UTC: 	 Found proxy file /tmp/x509up_u180451
DEBUG 2025-10-30 05:10:27.448 UTC: 	 Making sure it has proper VOMS extension
DEBUG 2025-10-30 05:10:27.448 UTC: 	 Executing command :
 voms-proxy-info --vo --file /tmp/x509up_u180451
DEBUG 2025-10-30 05:10:27.474 UTC: 	 output : cms

 error: 
 retcode : 0
DEBUG 2025-10-30 05:10:27.475 UTC: 	 Getting proxy life time left
DEBUG 2025-10-30 05:10:27.475 UTC: 	 Executing command :
 voms-proxy-info --actimeleft --timeleft --file /tmp/x509up_u180451
DEBUG 2025-10-30 05:10:27.494 UTC: 	 output : 690781
690781

 error: 
 retcode : 0
DEBUG 2025-10-30 05:10:27.494 UTC: 	 Proxy valid for 191:53:01 hours
DEBUG 2025-10-30 05:10:27.494 UTC: 	 Encoded data for curl request: subresource=delegatedn
DEBUG 2025-10-30 05:10:27.537 UTC: 	 Registering user credentials on myproxy for /DC=ch/DC=cern/OU=Organic Units/OU=Users/CN=cmscrab/CN=(817881|373708)/CN=Robot: cms crab|/DC=ch/DC=cern/OU=Organic Units/OU=Users/CN=crabint1/CN=373708/CN=Robot: CMS CRAB Integration 1
DEBUG 2025-10-30 05:10:27.537 UTC: 	 Executing command :
 voms-proxy-info --identity --file /tmp/x509up_u180451
DEBUG 2025-10-30 05:10:27.556 UTC: 	 output : /DC=ch/DC=cern/OU=Organic Units/OU=Users/CN=amalhotr/CN=884837/CN=Aryan Malhotra

 error: 
 retcode : 0
DEBUG 2025-10-30 05:10:27.557 UTC: 	 Getting myproxy life time left for 2382a3cf28fdeacb1de9b039908761ea517a5ed6
DEBUG 2025-10-30 05:10:27.557 UTC: 	 Executing command :
 myproxy-info -s myproxy.cern.ch -l 2382a3cf28fdeacb1de9b039908761ea517a5ed6
DEBUG 2025-10-30 05:10:27.826 UTC: 	 output : username: 2382a3cf28fdeacb1de9b039908761ea517a5ed6
owner: /DC=ch/DC=cern/OU=Organic Units/OU=Users/CN=amalhotr/CN=884837/CN=Aryan Malhotra
  renewal policy: /DC=ch/DC=cern/OU=Organic Units/OU=Users/CN=cmscrab/CN=(817881|373708)/CN=Robot: cms crab|/DC=ch/DC=cern/OU=Organic Units/OU=Users/CN=crabint1/CN=373708/CN=Robot: CMS CRAB Integration 1
  trusted retrieval policy: /DC=ch/DC=cern/OU=Organic Units/OU=Users/CN=cmscrab/CN=(817881|373708)/CN=Robot: cms crab|/DC=ch/DC=cern/OU=Organic Units/OU=Users/CN=crabint1/CN=373708/CN=Robot: CMS CRAB Integration 1
  timeleft: 713:38:48  (29.7 days)

 error: 
 retcode : 0
DEBUG 2025-10-30 05:10:27.826 UTC: 	 Myproxy is valid: 2569080
DEBUG 2025-10-30 05:10:27.826 UTC: 	 Result of myproxy credential check:
  Credential exists on myproxy: username: 2382a3cf28fdeacb1de9b039908761ea517a5ed6  - validity: 29 days, 17:38:00
DEBUG 2025-10-30 05:10:27.826 UTC: 	 Command use: submit
DEBUG 2025-10-30 05:10:27.826 UTC: 	 Options use: ['-c', 'chainedCrabConfig.py']
DEBUG 2025-10-30 05:10:27.826 UTC: 	 Encoded data for curl request: subresource=version
DEBUG 2025-10-30 05:10:27.864 UTC: 	 CRABClient version: v3.250820
DEBUG 2025-10-30 05:10:27.864 UTC: 	 Instance is prod
DEBUG 2025-10-30 05:10:27.864 UTC: 	 Server base url is cmsweb.cern.ch
DEBUG 2025-10-30 05:10:27.864 UTC: 	 Command api workflow
DEBUG 2025-10-30 05:10:27.864 UTC: 	 Started submission
DEBUG 2025-10-30 05:10:27.864 UTC: 	 Working on /afs/cern.ch/user/a/amalhotr/CMSSW_14_0_18_patch1/src/Run3ScoutingAnalysisTools/crab_ScoutingData_Redone_4mod10_v3
DEBUG 2025-10-30 05:10:27.864 UTC: 	 Encoded data for curl request: subresource=backendurls
DEBUG 2025-10-30 05:10:27.925 UTC: 	 Loading required information from the environment
DEBUG 2025-10-30 05:10:27.925 UTC: 	 Found CMSSW_14_0_18_patch1 for el9_amd64_gcc12 with base /afs/cern.ch/user/a/amalhotr/CMSSW_14_0_18_patch1
DEBUG 2025-10-30 05:10:27.925 UTC: 	 Loading required information from the environment
DEBUG 2025-10-30 05:10:27.925 UTC: 	 Found CMSSW_14_0_18_patch1 for el9_amd64_gcc12 with base /afs/cern.ch/user/a/amalhotr/CMSSW_14_0_18_patch1
DEBUG 2025-10-30 05:10:27.925 UTC: 	 UNIQUE NAME: tarUUID 0cad1880-d1ed-48e4-9d7c-101734f36ab1 
DEBUG 2025-10-30 05:10:27.925 UTC: 	 self.config: from WMCore.Configuration import Configuration
config = Configuration()
config.section_('General')
config.General.transferOutputs = True
config.General.requestName = 'ScoutingData_Redone_4mod10_v3'
config.General.transferLogs = True
config.section_('JobType')
config.JobType.outputFiles = ['ScoutingTree_Output.root']
config.JobType.psetName = 'UnifiedScoutingVertexingTreeMaker.py'
config.JobType.maxJobRuntimeMin = 2750
config.JobType.pluginName = 'Analysis'
config.JobType.maxMemoryMB = 3000
config.section_('Data')
config.Data.publication = False
config.Data.unitsPerJob = 2
config.Data.allowNonValidInputDataset = True
config.Data.inputDBS = 'global'
config.Data.outputDatasetTag = 'ScoutingData_Redone_4mod10_v3'
config.Data.splitting = 'FileBased'
config.Data.inputDataset = '/ScoutingPFRun3/Run2024H-v1/HLTSCOUT'
config.section_('Site')
config.Site.storageSite = 'T3_CH_CERNBOX'
config.section_('User')
config.section_('Debug')

DEBUG 2025-10-30 05:10:27.925 UTC: 	 self.config.JobType.psetName: UnifiedScoutingVertexingTreeMaker.py
INFO 2025-10-30 05:10:27.925 UTC: 	 Importing CMSSW configuration UnifiedScoutingVertexingTreeMaker.py
INFO 2025-10-30 05:10:28.259 UTC: 	 Finished importing CMSSW configuration UnifiedScoutingVertexingTreeMaker.py
DEBUG 2025-10-30 05:10:28.259 UTC: 	 Writing CMSSW configuration to /afs/cern.ch/user/a/amalhotr/CMSSW_14_0_18_patch1/src/Run3ScoutingAnalysisTools/crab_ScoutingData_Redone_4mod10_v3/inputs/PSet.py
DEBUG 2025-10-30 05:10:28.277 UTC: 	 The following EDM output files will be collected: []
DEBUG 2025-10-30 05:10:28.277 UTC: 	 The following TFile output files will be collected: ['ScoutingTree_Output.root']
DEBUG 2025-10-30 05:10:28.277 UTC: 	 The following user output files (not listed as PoolOuputModule or TFileService in the CMSSW PSet) will be collected: 
DEBUG 2025-10-30 05:10:28.277 UTC: 	 Loading required information from the environment
DEBUG 2025-10-30 05:10:28.277 UTC: 	 Found CMSSW_14_0_18_patch1 for el9_amd64_gcc12 with base /afs/cern.ch/user/a/amalhotr/CMSSW_14_0_18_patch1
DEBUG 2025-10-30 05:10:28.277 UTC: 	 Making tarball in /afs/cern.ch/user/a/amalhotr/CMSSW_14_0_18_patch1/src/Run3ScoutingAnalysisTools/crab_ScoutingData_Redone_4mod10_v3/inputs/0cad1880-d1ed-48e4-9d7c-101734f36ab1default.tgz
DEBUG 2025-10-30 05:10:28.278 UTC: 	 Checking directory /afs/cern.ch/user/a/amalhotr/CMSSW_14_0_18_patch1/bin
DEBUG 2025-10-30 05:10:28.278 UTC: 	 Adding directory /afs/cern.ch/user/a/amalhotr/CMSSW_14_0_18_patch1/bin to tarball
DEBUG 2025-10-30 05:10:28.282 UTC: 	 Checking directory /afs/cern.ch/user/a/amalhotr/CMSSW_14_0_18_patch1/python
DEBUG 2025-10-30 05:10:28.282 UTC: 	 Adding directory /afs/cern.ch/user/a/amalhotr/CMSSW_14_0_18_patch1/python to tarball
DEBUG 2025-10-30 05:10:28.663 UTC: 	 Checking directory /afs/cern.ch/user/a/amalhotr/CMSSW_14_0_18_patch1/cfipython
DEBUG 2025-10-30 05:10:28.663 UTC: 	 Adding directory /afs/cern.ch/user/a/amalhotr/CMSSW_14_0_18_patch1/cfipython to tarball
DEBUG 2025-10-30 05:10:28.681 UTC: 	 Checking directory /afs/cern.ch/user/a/amalhotr/CMSSW_14_0_18_patch1/lib
DEBUG 2025-10-30 05:10:28.681 UTC: 	 Adding directory /afs/cern.ch/user/a/amalhotr/CMSSW_14_0_18_patch1/lib to tarball
DEBUG 2025-10-30 05:10:28.806 UTC: 	 Checking directory /afs/cern.ch/user/a/amalhotr/CMSSW_14_0_18_patch1/biglib
DEBUG 2025-10-30 05:10:28.806 UTC: 	 Adding directory /afs/cern.ch/user/a/amalhotr/CMSSW_14_0_18_patch1/biglib to tarball
DEBUG 2025-10-30 05:10:28.808 UTC: 	 Checking directory /afs/cern.ch/user/a/amalhotr/CMSSW_14_0_18_patch1/module
DEBUG 2025-10-30 05:10:28.808 UTC: 	 Checking directory /afs/cern.ch/user/a/amalhotr/CMSSW_14_0_18_patch1/config/SCRAM/hooks
DEBUG 2025-10-30 05:10:28.808 UTC: 	 Adding directory /afs/cern.ch/user/a/amalhotr/CMSSW_14_0_18_patch1/config/SCRAM/hooks to tarball
DEBUG 2025-10-30 05:10:28.834 UTC: 	 Adding directory /afs/cern.ch/user/a/amalhotr/CMSSW_14_0_18_patch1/src/Run3ScoutingAnalysisTools/DataFormats/Scouting/interface to tarball
DEBUG 2025-10-30 05:10:28.849 UTC: 	 Adding directory /afs/cern.ch/user/a/amalhotr/CMSSW_14_0_18_patch1/src/Run3ScoutingAnalysisTools/ScoutingTreeMakerRun3/python to tarball
DEBUG 2025-10-30 05:10:28.866 UTC: 	 Adding directory /afs/cern.ch/user/a/amalhotr/CMSSW_14_0_18_patch1/src/DataFormats/Scouting/interface to tarball
DEBUG 2025-10-30 05:10:28.889 UTC: 	 Adding directory /afs/cern.ch/user/a/amalhotr/CMSSW_14_0_18_patch1/src/Configuration/GenProduction/python to tarball
DEBUG 2025-10-30 05:10:28.957 UTC: 	 Uploading archive /afs/cern.ch/user/a/amalhotr/CMSSW_14_0_18_patch1/src/Run3ScoutingAnalysisTools/crab_ScoutingData_Redone_4mod10_v3/inputs/0cad1880-d1ed-48e4-9d7c-101734f36ab1default.tgz (490 KB) to the CRAB cache. Using URI https://s3.cern.ch/crabcache
DEBUG 2025-10-30 05:10:29.169 UTC: 	 Encoded data for curl request: subresource=upload&objecttype=sandbox&tarballname=a67d4b06215e3e0890f18e011d44f40829f550beae46765d65e6bd8dfd1279aa.tar.gz
DEBUG 2025-10-30 05:10:29.236 UTC: 	 sandbox a67d4b06215e3e0890f18e011d44f40829f550beae46765d65e6bd8dfd1279aa.tar.gz is already in the S3 store, will not upload again
DEBUG 2025-10-30 05:10:29.237 UTC: 	 Loading required information from the environment
DEBUG 2025-10-30 05:10:29.237 UTC: 	 Found CMSSW_14_0_18_patch1 for el9_amd64_gcc12 with base /afs/cern.ch/user/a/amalhotr/CMSSW_14_0_18_patch1
DEBUG 2025-10-30 05:10:29.237 UTC: 	 Making tarball in /afs/cern.ch/user/a/amalhotr/CMSSW_14_0_18_patch1/src/Run3ScoutingAnalysisTools/crab_ScoutingData_Redone_4mod10_v3/inputs/debugFiles.tgz
DEBUG 2025-10-30 05:10:29.244 UTC: 	 Uploading archive /afs/cern.ch/user/a/amalhotr/CMSSW_14_0_18_patch1/src/Run3ScoutingAnalysisTools/crab_ScoutingData_Redone_4mod10_v3/inputs/debugFiles.tgz (3 KB) to the CRAB cache. Using URI https://s3.cern.ch/crabcache
DEBUG 2025-10-30 05:10:29.246 UTC: 	 Encoded data for curl request: subresource=upload&objecttype=sandbox&tarballname=e84ffc6c2a0eb5e0514fd7a36ef4adee766afcdb2fe938fdd7c8a76f17085314.tar.gz
DEBUG 2025-10-30 05:10:29.300 UTC: 	 Will execute:
curl -f -v -X POST  -H "User-Agent: CRAB" -F "key=amalhotr/sandboxes/e84ffc6c2a0eb5e0514fd7a36ef4adee766afcdb2fe938fdd7c8a76f17085314.tar.gz" -F "AWSAccessKeyId=715203df6482458ba839e73e6dab634b" -F "policy=eyJleHBpcmF0aW9uIjogIjIwMjUtMTAtMzBUMDY6MTA6MjlaIiwgImNvbmRpdGlvbnMiOiBbeyJidWNrZXQiOiAiY3JhYmNhY2hlX3Byb2QifSwgeyJrZXkiOiAiYW1hbGhvdHIvc2FuZGJveGVzL2U4NGZmYzZjMmEwZWI1ZTA1MTRmZDdhMzZlZjRhZGVlNzY2YWZjZGIyZmU5MzhmZGQ3YzhhNzZmMTcwODUzMTQudGFyLmd6In1dfQ==" -F "signature=E6KXyimhjzjhz2hmfDrJacinpz0=" -F "file=@/afs/cern.ch/user/a/amalhotr/CMSSW_14_0_18_patch1/src/Run3ScoutingAnalysisTools/crab_ScoutingData_Redone_4mod10_v3/inputs/debugFiles.tgz" "https://s3.cern.ch/crabcache_prod"
DEBUG 2025-10-30 05:10:29.332 UTC: 	 exitcode: 0
stdout: b''
DEBUG 2025-10-30 05:10:29.332 UTC: 	 upload to S3 of sandbox /afs/cern.ch/user/a/amalhotr/CMSSW_14_0_18_patch1/src/Run3ScoutingAnalysisTools/crab_ScoutingData_Redone_4mod10_v3/inputs/debugFiles.tgz completed
DEBUG 2025-10-30 05:10:29.332 UTC: 	 make sure that object is ready for retrieve
DEBUG 2025-10-30 05:10:30.333 UTC: 	 Encoded data for curl request: subresource=download&objecttype=sandbox&tarballname=e84ffc6c2a0eb5e0514fd7a36ef4adee766afcdb2fe938fdd7c8a76f17085314.tar.gz&clientmethod=head_object
DEBUG 2025-10-30 05:10:30.384 UTC: 	 PreSignedUrl to download sandbox received OK
DEBUG 2025-10-30 05:10:30.387 UTC: 	 Will execute:
 curl -v -s -f -o /dev/null --head  "https://s3.cern.ch/crabcache_prod/amalhotr/sandboxes/e84ffc6c2a0eb5e0514fd7a36ef4adee766afcdb2fe938fdd7c8a76f17085314.tar.gz?AWSAccessKeyId=715203df6482458ba839e73e6dab634b&Signature=oaVfYLO3POoT4yCKVbQ1eq4MnsA%3D&Expires=1761804630"
DEBUG 2025-10-30 05:10:30.414 UTC: 	 exitcode: 0
stdout: b''
DEBUG 2025-10-30 05:10:30.414 UTC: 	 sandbox /afs/cern.ch/user/a/amalhotr/CMSSW_14_0_18_patch1/src/Run3ScoutingAnalysisTools/crab_ScoutingData_Redone_4mod10_v3/inputs/debugFiles.tgz successfully uploaded to S3
DEBUG 2025-10-30 05:10:30.414 UTC: 	 Result uploading input files: a67d4b06215e3e0890f18e011d44f40829f550beae46765d65e6bd8dfd1279aa.tar.gz 
DEBUG 2025-10-30 05:10:30.414 UTC: 	 submit() - self.configuration from WMCore.Configuration import Configuration
config = Configuration()
config.section_('General')
config.General.transferOutputs = True
config.General.requestName = 'ScoutingData_Redone_4mod10_v3'
config.General.transferLogs = True
config.section_('JobType')
config.JobType.outputFiles = ['ScoutingTree_Output.root']
config.JobType.psetName = 'UnifiedScoutingVertexingTreeMaker.py'
config.JobType.maxJobRuntimeMin = 2750
config.JobType.pluginName = 'Analysis'
config.JobType.maxMemoryMB = 3000
config.section_('Data')
config.Data.publication = False
config.Data.unitsPerJob = 2
config.Data.allowNonValidInputDataset = True
config.Data.inputDBS = 'global'
config.Data.outputDatasetTag = 'ScoutingData_Redone_4mod10_v3'
config.Data.splitting = 'FileBased'
config.Data.inputDataset = '/ScoutingPFRun3/Run2024H-v1/HLTSCOUT'
config.section_('Site')
config.Site.storageSite = 'T3_CH_CERNBOX'
config.section_('User')
config.section_('Debug')

DEBUG 2025-10-30 05:10:30.414 UTC: 	 submit() - self.configreq {'dryrun': 0, 'workflow': 'crab_ScoutingData_Redone_4mod10_v3', 'saveoutput': 1, 'savelogsflag': 1, 'inputdata': '/ScoutingPFRun3/Run2024H-v1/HLTSCOUT', 'nonvaliddata': 1, 'userfiles': [], 'dbsurl': 'https://cmsweb.cern.ch/dbs/prod/global/DBSReader', 'useparent': 0, 'ignorelocality': 0, 'splitalgo': 'FileBased', 'algoargs': 2, 'totalunits': 0, 'publication': 0, 'publishdbsurl': 'https://cmsweb.cern.ch/dbs/prod/phys03/DBSWriter', 'publishname2': 'ScoutingData_Redone_4mod10_v3', 'jobtype': 'Analysis', 'generator': 'pythia', 'addoutputfiles': ['ScoutingTree_Output.root'], 'maxjobruntime': 2750, 'numcores': 1, 'maxmemory': 3000, 'priority': 10, 'nonprodsw': 0, 'asyncdest': 'T3_CH_CERNBOX', 'requireaccelerator': 0, 'oneEventMode': 0, 'extrajdl': [], 'ignoreglobalblacklist': 0, 'partialdataset': 0, 'inputblocks': []}
DEBUG 2025-10-30 05:10:30.414 UTC: 	 submit() - jobconfig {'addoutputfiles': [], 'tfileoutfiles': ['ScoutingTree_Output.root'], 'edmoutfiles': [], 'jobarch': 'el9_amd64_gcc12', 'jobminuarch': 'any', 'jobsw': 'CMSSW_14_0_18_patch1', 'inputdata': '/ScoutingPFRun3/Run2024H-v1/HLTSCOUT', 'cacheurl': 'https://s3.cern.ch/crabcache', 'cachefilename': 'a67d4b06215e3e0890f18e011d44f40829f550beae46765d65e6bd8dfd1279aa.tar.gz', 'debugfilename': 'e84ffc6c2a0eb5e0514fd7a36ef4adee766afcdb2fe938fdd7c8a76f17085314.tar.gz', 'jobtype': 'Analysis'}
INFO 2025-10-30 05:10:30.414 UTC: 	 Sending the request to the server at cmsweb.cern.ch
DEBUG 2025-10-30 05:10:30.414 UTC: 	 Submitting {'dryrun': 0, 'workflow': 'crab_ScoutingData_Redone_4mod10_v3', 'saveoutput': 1, 'savelogsflag': 1, 'inputdata': '/ScoutingPFRun3/Run2024H-v1/HLTSCOUT', 'nonvaliddata': 1, 'userfiles': [], 'dbsurl': 'https://cmsweb.cern.ch/dbs/prod/global/DBSReader', 'useparent': 0, 'ignorelocality': 0, 'splitalgo': 'FileBased', 'algoargs': 2, 'totalunits': 0, 'publication': 0, 'publishdbsurl': 'https://cmsweb.cern.ch/dbs/prod/phys03/DBSWriter', 'publishname2': 'ScoutingData_Redone_4mod10_v3', 'jobtype': 'Analysis', 'generator': 'pythia', 'addoutputfiles': [], 'maxjobruntime': 2750, 'numcores': 1, 'maxmemory': 3000, 'priority': 10, 'nonprodsw': 0, 'asyncdest': 'T3_CH_CERNBOX', 'requireaccelerator': 0, 'oneEventMode': 0, 'extrajdl': [], 'ignoreglobalblacklist': 0, 'partialdataset': 0, 'inputblocks': [], 'tfileoutfiles': ['ScoutingTree_Output.root'], 'edmoutfiles': [], 'jobarch': 'el9_amd64_gcc12', 'jobminuarch': 'any', 'jobsw': 'CMSSW_14_0_18_patch1', 'cacheurl': 'https://s3.cern.ch/crabcache', 'cachefilename': 'a67d4b06215e3e0890f18e011d44f40829f550beae46765d65e6bd8dfd1279aa.tar.gz', 'debugfilename': 'e84ffc6c2a0eb5e0514fd7a36ef4adee766afcdb2fe938fdd7c8a76f17085314.tar.gz'} 
DEBUG 2025-10-30 05:10:30.414 UTC: 	 Encoded data for curl request: dryrun=0&workflow=crab_ScoutingData_Redone_4mod10_v3&saveoutput=1&savelogsflag=1&inputdata=%2FScoutingPFRun3%2FRun2024H-v1%2FHLTSCOUT&nonvaliddata=1&dbsurl=https%3A%2F%2Fcmsweb.cern.ch%2Fdbs%2Fprod%2Fglobal%2FDBSReader&useparent=0&ignorelocality=0&splitalgo=FileBased&algoargs=2&totalunits=0&publication=0&publishdbsurl=https%3A%2F%2Fcmsweb.cern.ch%2Fdbs%2Fprod%2Fphys03%2FDBSWriter&publishname2=ScoutingData_Redone_4mod10_v3&jobtype=Analysis&generator=pythia&maxjobruntime=2750&numcores=1&maxmemory=3000&priority=10&nonprodsw=0&asyncdest=T3_CH_CERNBOX&requireaccelerator=0&oneEventMode=0&ignoreglobalblacklist=0&partialdataset=0&jobarch=el9_amd64_gcc12&jobminuarch=any&jobsw=CMSSW_14_0_18_patch1&cacheurl=https%3A%2F%2Fs3.cern.ch%2Fcrabcache&cachefilename=a67d4b06215e3e0890f18e011d44f40829f550beae46765d65e6bd8dfd1279aa.tar.gz&debugfilename=e84ffc6c2a0eb5e0514fd7a36ef4adee766afcdb2fe938fdd7c8a76f17085314.tar.gz&tfileoutfiles=ScoutingTree_Output.root
DEBUG 2025-10-30 05:10:30.565 UTC: 	 Result: {'result': [{'RequestName': '251030_051030:amalhotr_crab_ScoutingData_Redone_4mod10_v3'}]}
INFO 2025-10-30 05:10:30.567 UTC: 	 Success: Your task has been delivered to the prod CRAB3 server.
INFO 2025-10-30 05:10:30.567 UTC: 	 Task name: 251030_051030:amalhotr_crab_ScoutingData_Redone_4mod10_v3
INFO 2025-10-30 05:10:30.567 UTC: 	 Project dir: ./crab_ScoutingData_Redone_4mod10_v3
INFO 2025-10-30 05:10:30.567 UTC: 	 Please use ' crab status -d ./crab_ScoutingData_Redone_4mod10_v3 ' to check how the submission process proceeds.
DEBUG 2025-10-30 05:10:30.567 UTC: 	 About to return
INFO 2025-10-30 05:10:30.577 UTC: 	 Log file is /afs/cern.ch/user/a/amalhotr/CMSSW_14_0_18_patch1/src/Run3ScoutingAnalysisTools/crab_ScoutingData_Redone_4mod10_v3/crab.log
