000 (14420000.000.000) 01/26 11:28:45 Job submitted from host: <188.184.90.62:9618?addrs=188.184.90.62-9618+[2001-1458-201-e4--100-238]-9618&alias=bigbird16.cern.ch&noUDP&sock=schedd_5196_9a2f>
...
040 (14420000.000.000) 01/26 11:29:04 Started transferring input files
	Transferring to host: <188.185.192.88:9618?addrs=188.185.192.88-9618+[2001-1458-303-1f--100-54]-9618&alias=b9p13p5626.cern.ch&noUDP&sock=slot1_27_997560_036f_126136>
...
040 (14420000.000.000) 01/26 11:29:04 Finished transferring input files
...
001 (14420000.000.000) 01/26 11:29:05 Job executing on host: <188.185.192.88:9618?addrs=188.185.192.88-9618+[2001-1458-303-1f--100-54]-9618&alias=b9p13p5626.cern.ch&noUDP&sock=startd_4736_149f>
	SlotName: slot1_27@b9p13p5626.cern.ch
	CondorScratchDir = "/pool/condor/dir_2146547"
	Cpus = 1
	Disk = 3940
	GPUs = 0
	Memory = 3000
...
006 (14420000.000.000) 01/26 11:29:18 Image size of job updated: 115516
	113  -  MemoryUsage of job (MB)
	115516  -  ResidentSetSize of job (KB)
...
006 (14420000.000.000) 01/26 11:29:43 Image size of job updated: 125268
	113  -  MemoryUsage of job (MB)
	115516  -  ResidentSetSize of job (KB)
...
040 (14420000.000.000) 01/26 11:29:43 Started transferring output files
...
040 (14420000.000.000) 01/26 11:29:43 Finished transferring output files
...
005 (14420000.000.000) 01/26 11:29:43 Job terminated.
	(1) Normal termination (return value 0)
		Usr 0 00:00:20, Sys 0 00:00:02  -  Run Remote Usage
		Usr 0 00:00:00, Sys 0 00:00:00  -  Run Local Usage
		Usr 0 00:00:20, Sys 0 00:00:02  -  Total Remote Usage
		Usr 0 00:00:00, Sys 0 00:00:00  -  Total Local Usage
	26533  -  Run Bytes Sent By Job
	1166  -  Run Bytes Received By Job
	26533  -  Total Bytes Sent By Job
	1166  -  Total Bytes Received By Job
	Partitionable Resources :    Usage  Request Allocated 
	   Cpus                 :        0        1         1 
	   Disk (KB)            :       51        2      3940 
	   GPUs                 :                           0 
	   Memory (MB)          :      113     3000      3000 
	   TimeExecute (s)      :       38                    
	   TimeSlotBusy (s)     :       39                    

	Job terminated of its own accord at 2026-01-26T10:29:43Z with exit-code 0.
...
