000 (14420282.000.000) 01/26 12:06:55 Job submitted from host: <188.184.90.62:9618?addrs=188.184.90.62-9618+[2001-1458-201-e4--100-238]-9618&alias=bigbird16.cern.ch&noUDP&sock=schedd_5196_9a2f>
...
040 (14420282.000.000) 01/26 12:10:16 Started transferring input files
	Transferring to host: <188.185.195.112:9618?addrs=188.185.195.112-9618+[2001-1458-303-22--100-6c]-9618&alias=b9p17p8706.cern.ch&noUDP&sock=slot1_9_3903818_afd5_51141>
...
040 (14420282.000.000) 01/26 12:10:16 Finished transferring input files
...
001 (14420282.000.000) 01/26 12:10:17 Job executing on host: <188.185.195.112:9618?addrs=188.185.195.112-9618+[2001-1458-303-22--100-6c]-9618&alias=b9p17p8706.cern.ch&noUDP&sock=startd_3900515_7003>
	SlotName: slot1_9@b9p17p8706.cern.ch
	CondorScratchDir = "/pool/condor/dir_3577569"
	Cpus = 1
	Disk = 3814
	GPUs = 0
	Memory = 3000
...
006 (14420282.000.000) 01/26 12:10:31 Image size of job updated: 115264
	113  -  MemoryUsage of job (MB)
	115264  -  ResidentSetSize of job (KB)
...
006 (14420282.000.000) 01/26 12:11:07 Image size of job updated: 125516
	113  -  MemoryUsage of job (MB)
	115264  -  ResidentSetSize of job (KB)
...
040 (14420282.000.000) 01/26 12:11:07 Started transferring output files
...
040 (14420282.000.000) 01/26 12:11:07 Finished transferring output files
...
005 (14420282.000.000) 01/26 12:11:07 Job terminated.
	(1) Normal termination (return value 0)
		Usr 0 00:00:20, Sys 0 00:00:01  -  Run Remote Usage
		Usr 0 00:00:00, Sys 0 00:00:00  -  Run Local Usage
		Usr 0 00:00:20, Sys 0 00:00:01  -  Total Remote Usage
		Usr 0 00:00:00, Sys 0 00:00:00  -  Total Local Usage
	26522  -  Run Bytes Sent By Job
	1155  -  Run Bytes Received By Job
	26522  -  Total Bytes Sent By Job
	1155  -  Total Bytes Received By Job
	Partitionable Resources :    Usage  Request Allocated 
	   Cpus                 :        0        1         1 
	   Disk (KB)            :       50        2      3814 
	   GPUs                 :                           0 
	   Memory (MB)          :      113     3000      3000 
	   TimeExecute (s)      :       50                    
	   TimeSlotBusy (s)     :       52                    

	Job terminated of its own accord at 2026-01-26T11:11:07Z with exit-code 0.
...
