000 (14420355.000.000) 01/26 12:13:01 Job submitted from host: <188.184.90.62:9618?addrs=188.184.90.62-9618+[2001-1458-201-e4--100-238]-9618&alias=bigbird16.cern.ch&noUDP&sock=schedd_5196_9a2f>
...
040 (14420355.000.000) 01/26 12:14:20 Started transferring input files
	Transferring to host: <188.185.212.65:9618?addrs=188.185.212.65-9618+[2001-1458-303-18--100-3d]-9618&alias=b9p25p5165.cern.ch&noUDP&sock=slot1_13_4430_15ed_135269>
...
040 (14420355.000.000) 01/26 12:14:20 Finished transferring input files
...
001 (14420355.000.000) 01/26 12:14:21 Job executing on host: <188.185.212.65:9618?addrs=188.185.212.65-9618+[2001-1458-303-18--100-3d]-9618&alias=b9p25p5165.cern.ch&noUDP&sock=startd_3783_66dd>
	SlotName: slot1_13@b9p25p5165.cern.ch
	CondorScratchDir = "/pool/condor/dir_2395588"
	Cpus = 1
	Disk = 3849
	GPUs = 0
	Memory = 3000
...
006 (14420355.000.000) 01/26 12:14:34 Image size of job updated: 115528
	113  -  MemoryUsage of job (MB)
	115528  -  ResidentSetSize of job (KB)
...
006 (14420355.000.000) 01/26 12:14:51 Image size of job updated: 122152
	113  -  MemoryUsage of job (MB)
	115528  -  ResidentSetSize of job (KB)
...
040 (14420355.000.000) 01/26 12:14:51 Started transferring output files
...
040 (14420355.000.000) 01/26 12:14:51 Finished transferring output files
...
005 (14420355.000.000) 01/26 12:14:51 Job terminated.
	(1) Normal termination (return value 0)
		Usr 0 00:00:13, Sys 0 00:00:02  -  Run Remote Usage
		Usr 0 00:00:00, Sys 0 00:00:00  -  Run Local Usage
		Usr 0 00:00:13, Sys 0 00:00:02  -  Total Remote Usage
		Usr 0 00:00:00, Sys 0 00:00:00  -  Total Local Usage
	26435  -  Run Bytes Sent By Job
	1089  -  Run Bytes Received By Job
	26435  -  Total Bytes Sent By Job
	1089  -  Total Bytes Received By Job
	Partitionable Resources :    Usage  Request Allocated 
	   Cpus                 :     0.06        1         1 
	   Disk (KB)            :    50           2      3849 
	   GPUs                 :                           0 
	   Memory (MB)          :   113        3000      3000 
	   TimeExecute (s)      :    30                       
	   TimeSlotBusy (s)     :    32                       

	Job terminated of its own accord at 2026-01-26T11:14:51Z with exit-code 0.
...
