000 (14420227.000.000) 01/26 11:54:54 Job submitted from host: <188.184.90.62:9618?addrs=188.184.90.62-9618+[2001-1458-201-e4--100-238]-9618&alias=bigbird16.cern.ch&noUDP&sock=schedd_5196_9a2f>
...
040 (14420227.000.000) 01/26 11:56:12 Started transferring input files
	Transferring to host: <188.185.193.20:9618?addrs=188.185.193.20-9618+[2001-1458-303-20--100-10]-9618&alias=b9p19p4434.cern.ch&noUDP&sock=slot1_52_3349510_8e48_48929>
...
001 (14420227.000.000) 01/26 11:56:19 Job executing on host: <188.185.193.20:9618?addrs=188.185.193.20-9618+[2001-1458-303-20--100-10]-9618&alias=b9p19p4434.cern.ch&noUDP&sock=startd_3349074_c748>
	SlotName: slot1_52@b9p19p4434.cern.ch
	CondorScratchDir = "/pool/condor/dir_2401505"
	Cpus = 1
	Disk = 3854
	GPUs = 0
	Memory = 3000
...
040 (14420227.000.000) 01/26 11:56:19 Finished transferring input files
...
006 (14420227.000.000) 01/26 11:56:32 Image size of job updated: 103596
	102  -  MemoryUsage of job (MB)
	103596  -  ResidentSetSize of job (KB)
...
006 (14420227.000.000) 01/26 11:57:11 Image size of job updated: 125940
	102  -  MemoryUsage of job (MB)
	103596  -  ResidentSetSize of job (KB)
...
040 (14420227.000.000) 01/26 11:57:11 Started transferring output files
...
040 (14420227.000.000) 01/26 11:57:11 Finished transferring output files
...
005 (14420227.000.000) 01/26 11:57:11 Job terminated.
	(1) Normal termination (return value 0)
		Usr 0 00:00:24, Sys 0 00:00:02  -  Run Remote Usage
		Usr 0 00:00:00, Sys 0 00:00:00  -  Run Local Usage
		Usr 0 00:00:24, Sys 0 00:00:02  -  Total Remote Usage
		Usr 0 00:00:00, Sys 0 00:00:00  -  Total Local Usage
	26533  -  Run Bytes Sent By Job
	1166  -  Run Bytes Received By Job
	26533  -  Total Bytes Sent By Job
	1166  -  Total Bytes Received By Job
	Partitionable Resources :    Usage  Request Allocated 
	   Cpus                 :        0        1         1 
	   Disk (KB)            :       51        2      3854 
	   GPUs                 :                           0 
	   Memory (MB)          :      102     3000      3000 
	   TimeExecute (s)      :       53                    
	   TimeSlotBusy (s)     :       60                    

	Job terminated of its own accord at 2026-01-26T10:57:11Z with exit-code 0.
...
