000 (14992693.000.000) 04/22 16:30:35 Job submitted from host: <188.184.90.62:9618?addrs=188.184.90.62-9618+[2001-1458-201-e4--100-238]-9618&alias=bigbird16.cern.ch&noUDP&sock=schedd_5196_9a2f>
...
040 (14992693.000.000) 04/22 16:34:47 Started transferring input files
	Transferring to host: <128.142.192.194:9618?addrs=128.142.192.194-9618&alias=b9g18p2454.cern.ch&noUDP&sock=slot1_16_6505_1c62_102393>
...
040 (14992693.000.000) 04/22 16:34:47 Finished transferring input files
...
001 (14992693.000.000) 04/22 16:34:48 Job executing on host: <128.142.192.194:9618?addrs=128.142.192.194-9618&alias=b9g18p2454.cern.ch&noUDP&sock=startd_5749_ea0f>
	SlotName: slot1_16@b9g18p2454.cern.ch
	CondorScratchDir = "/pool/condor/dir_2269689"
	Cpus = 1
	Disk = 3811
	GPUs = 0
	Memory = 3000
...
006 (14992693.000.000) 04/22 16:35:02 Image size of job updated: 40324
	40  -  MemoryUsage of job (MB)
	40324  -  ResidentSetSize of job (KB)
...
006 (14992693.000.000) 04/22 16:40:03 Image size of job updated: 81512
	76  -  MemoryUsage of job (MB)
	77208  -  ResidentSetSize of job (KB)
...
006 (14992693.000.000) 04/22 16:44:33 Image size of job updated: 105128
	76  -  MemoryUsage of job (MB)
	77208  -  ResidentSetSize of job (KB)
...
040 (14992693.000.000) 04/22 16:44:33 Started transferring output files
...
040 (14992693.000.000) 04/22 16:44:33 Finished transferring output files
...
005 (14992693.000.000) 04/22 16:44:33 Job terminated.
	(1) Normal termination (return value 0)
		Usr 0 00:01:48, Sys 0 00:00:08  -  Run Remote Usage
		Usr 0 00:00:00, Sys 0 00:00:00  -  Run Local Usage
		Usr 0 00:01:48, Sys 0 00:00:08  -  Total Remote Usage
		Usr 0 00:00:00, Sys 0 00:00:00  -  Total Local Usage
	77095  -  Run Bytes Sent By Job
	5593  -  Run Bytes Received By Job
	77095  -  Total Bytes Sent By Job
	5593  -  Total Bytes Received By Job
	Partitionable Resources :    Usage  Request Allocated 
	   Cpus                 :     0.30        1         1 
	   Disk (KB)            :   103           7      3811 
	   GPUs                 :                           0 
	   Memory (MB)          :    76        3000      3000 
	   TimeExecute (s)      :   585                       
	   TimeSlotBusy (s)     :   587                       

	Job terminated of its own accord at 2026-04-22T14:44:33Z with exit-code 0.
...
