000 (14418747.000.000) 01/26 08:15:37 Job submitted from host: <188.184.90.62:9618?addrs=188.184.90.62-9618+[2001-1458-201-e4--100-238]-9618&alias=bigbird16.cern.ch&noUDP&sock=schedd_5196_9a2f>
...
040 (14418747.000.000) 01/26 08:18:48 Started transferring input files
	Transferring to host: <128.142.161.96:9618?addrs=128.142.161.96-9618+[2001-1458-301-b8--100-1e]-9618&alias=b9g03p4133.cern.ch&noUDP&sock=slot1_15_2286035_363a_57603>
...
040 (14418747.000.000) 01/26 08:18:48 Finished transferring input files
...
001 (14418747.000.000) 01/26 08:18:49 Job executing on host: <128.142.161.96:9618?addrs=128.142.161.96-9618+[2001-1458-301-b8--100-1e]-9618&alias=b9g03p4133.cern.ch&noUDP&sock=startd_5599_06da>
	SlotName: slot1_15@b9g03p4133.cern.ch
	CondorScratchDir = "/pool/condor/dir_280219"
	Cpus = 1
	Disk = 4049
	GPUs = 0
	Memory = 3000
...
006 (14418747.000.000) 01/26 08:19:03 Image size of job updated: 118748
	116  -  MemoryUsage of job (MB)
	118748  -  ResidentSetSize of job (KB)
...
006 (14418747.000.000) 01/26 08:19:07 Image size of job updated: 118756
	116  -  MemoryUsage of job (MB)
	118748  -  ResidentSetSize of job (KB)
...
040 (14418747.000.000) 01/26 08:19:07 Started transferring output files
...
040 (14418747.000.000) 01/26 08:19:07 Finished transferring output files
...
005 (14418747.000.000) 01/26 08:19:07 Job terminated.
	(1) Normal termination (return value 0)
		Usr 0 00:00:07, Sys 0 00:00:01  -  Run Remote Usage
		Usr 0 00:00:00, Sys 0 00:00:00  -  Run Local Usage
		Usr 0 00:00:07, Sys 0 00:00:01  -  Total Remote Usage
		Usr 0 00:00:00, Sys 0 00:00:00  -  Total Local Usage
	25872  -  Run Bytes Sent By Job
	649  -  Run Bytes Received By Job
	25872  -  Total Bytes Sent By Job
	649  -  Total Bytes Received By Job
	Partitionable Resources :    Usage  Request Allocated 
	   Cpus                 :        0        1         1 
	   Disk (KB)            :       49        1      4049 
	   GPUs                 :                           0 
	   Memory (MB)          :      116     3000      3000 
	   TimeExecute (s)      :       18                    
	   TimeSlotBusy (s)     :       19                    

	Job terminated of its own accord at 2026-01-26T07:19:07Z with exit-code 0.
...
