000 (14419603.000.000) 01/26 11:11:01 Job submitted from host: <188.184.90.62:9618?addrs=188.184.90.62-9618+[2001-1458-201-e4--100-238]-9618&alias=bigbird16.cern.ch&noUDP&sock=schedd_5196_9a2f>
...
040 (14419603.000.000) 01/26 11:11:15 Started transferring input files
	Transferring to host: <188.185.196.29:9618?addrs=188.185.196.29-9618+[2001-1458-303-23--100-19]-9618&alias=b9p16p9571.cern.ch&noUDP&sock=slot1_27_9305_f6d3_123632>
...
040 (14419603.000.000) 01/26 11:11:15 Finished transferring input files
...
001 (14419603.000.000) 01/26 11:11:16 Job executing on host: <188.185.196.29:9618?addrs=188.185.196.29-9618+[2001-1458-303-23--100-19]-9618&alias=b9p16p9571.cern.ch&noUDP&sock=startd_7586_f189>
	SlotName: slot1_27@b9p16p9571.cern.ch
	CondorScratchDir = "/pool/condor/dir_610167"
	Cpus = 1
	Disk = 3902
	GPUs = 0
	Memory = 3000
...
006 (14419603.000.000) 01/26 11:11:30 Image size of job updated: 113152
	111  -  MemoryUsage of job (MB)
	113152  -  ResidentSetSize of job (KB)
...
006 (14419603.000.000) 01/26 11:11:59 Image size of job updated: 125228
	111  -  MemoryUsage of job (MB)
	113164  -  ResidentSetSize of job (KB)
...
040 (14419603.000.000) 01/26 11:11:59 Started transferring output files
...
040 (14419603.000.000) 01/26 11:11:59 Finished transferring output files
...
005 (14419603.000.000) 01/26 11:11:59 Job terminated.
	(1) Normal termination (return value 0)
		Usr 0 00:00:23, Sys 0 00:00:02  -  Run Remote Usage
		Usr 0 00:00:00, Sys 0 00:00:00  -  Run Local Usage
		Usr 0 00:00:23, Sys 0 00:00:02  -  Total Remote Usage
		Usr 0 00:00:00, Sys 0 00:00:00  -  Total Local Usage
	26532  -  Run Bytes Sent By Job
	1166  -  Run Bytes Received By Job
	26532  -  Total Bytes Sent By Job
	1166  -  Total Bytes Received By Job
	Partitionable Resources :    Usage  Request Allocated 
	   Cpus                 :        0        1         1 
	   Disk (KB)            :       50        2      3902 
	   GPUs                 :                           0 
	   Memory (MB)          :      111     3000      3000 
	   TimeExecute (s)      :       43                    
	   TimeSlotBusy (s)     :       45                    

	Job terminated of its own accord at 2026-01-26T10:11:59Z with exit-code 0.
...
