000 (14992696.000.000) 04/22 16:30:37 Job submitted from host: <188.184.90.62:9618?addrs=188.184.90.62-9618+[2001-1458-201-e4--100-238]-9618&alias=bigbird16.cern.ch&noUDP&sock=schedd_5196_9a2f>
...
040 (14992696.000.000) 04/22 16:34:48 Started transferring input files
	Transferring to host: <188.185.210.189:9618?addrs=188.185.210.189-9618+[2001-1458-303-15--100-39]-9618&alias=b9p22p3993.cern.ch&noUDP&sock=slot1_1_4982_0504_284881>
...
040 (14992696.000.000) 04/22 16:34:48 Finished transferring input files
...
001 (14992696.000.000) 04/22 16:34:49 Job executing on host: <188.185.210.189:9618?addrs=188.185.210.189-9618+[2001-1458-303-15--100-39]-9618&alias=b9p22p3993.cern.ch&noUDP&sock=startd_4045_1cad>
	SlotName: slot1_1@b9p22p3993.cern.ch
	CondorScratchDir = "/pool/condor/dir_1667406"
	Cpus = 1
	Disk = 3746
	GPUs = 0
	Memory = 3000
...
006 (14992696.000.000) 04/22 16:35:03 Image size of job updated: 42936
	42  -  MemoryUsage of job (MB)
	42936  -  ResidentSetSize of job (KB)
...
006 (14992696.000.000) 04/22 16:38:39 Image size of job updated: 107188
	42  -  MemoryUsage of job (MB)
	42936  -  ResidentSetSize of job (KB)
...
040 (14992696.000.000) 04/22 16:38:39 Started transferring output files
...
040 (14992696.000.000) 04/22 16:38:39 Finished transferring output files
...
005 (14992696.000.000) 04/22 16:38:39 Job terminated.
	(1) Normal termination (return value 0)
		Usr 0 00:01:29, Sys 0 00:00:10  -  Run Remote Usage
		Usr 0 00:00:00, Sys 0 00:00:00  -  Run Local Usage
		Usr 0 00:01:29, Sys 0 00:00:10  -  Total Remote Usage
		Usr 0 00:00:00, Sys 0 00:00:00  -  Total Local Usage
	77095  -  Run Bytes Sent By Job
	5593  -  Run Bytes Received By Job
	77095  -  Total Bytes Sent By Job
	5593  -  Total Bytes Received By Job
	Partitionable Resources :    Usage  Request Allocated 
	   Cpus                 :        0        1         1 
	   Disk (KB)            :      104        7      3746 
	   GPUs                 :                           0 
	   Memory (MB)          :       42     3000      3000 
	   TimeExecute (s)      :      230                    
	   TimeSlotBusy (s)     :      232                    

	Job terminated of its own accord at 2026-04-22T14:38:39Z with exit-code 0.
...
