/pool/condor/dir_280219
hadd Target file: /eos/user/a/amalhotr/tree2plots_streaming/hadd/hadd_a6f8a87b.root
hadd compression setting for all output: 1
hadd Source file 1: /eos/user/a/amalhotr/tree2plots_streaming/primary/plot_primary_673d8118.root
hadd Source file 2: /eos/user/a/amalhotr/tree2plots_streaming/primary/plot_primary_7dedae3a.root
hadd Source file 3: /eos/user/a/amalhotr/tree2plots_streaming/primary/plot_primary_e7d8b167.root
hadd Source file 4: /eos/user/a/amalhotr/tree2plots_streaming/primary/plot_primary_c7e87ffd.root
hadd Source file 5: /eos/user/a/amalhotr/tree2plots_streaming/primary/plot_primary_5229ada8.root
hadd Target path: /eos/user/a/amalhotr/tree2plots_streaming/hadd/hadd_a6f8a87b.root:/
hadd Target path: /eos/user/a/amalhotr/tree2plots_streaming/hadd/hadd_a6f8a87b.root:/tree2plots
hadd Target path: /eos/user/a/amalhotr/tree2plots_streaming/hadd/hadd_a6f8a87b.root:/tree2plots/Vertices
hadd Target path: /eos/user/a/amalhotr/tree2plots_streaming/hadd/hadd_a6f8a87b.root:/tree2plots/Vertices/ntk_3
hadd Target path: /eos/user/a/amalhotr/tree2plots_streaming/hadd/hadd_a6f8a87b.root:/tree2plots/Vertices/ntk_3/angle_any
hadd Target path: /eos/user/a/amalhotr/tree2plots_streaming/hadd/hadd_a6f8a87b.root:/tree2plots/Vertices/ntk_3/angle_any/Kinematics
hadd Target path: /eos/user/a/amalhotr/tree2plots_streaming/hadd/hadd_a6f8a87b.root:/tree2plots/Vertices/ntk_3/angle_any/Spatial
hadd Target path: /eos/user/a/amalhotr/tree2plots_streaming/hadd/hadd_a6f8a87b.root:/tree2plots/Vertices/ntk_3/angle_any/Distance
hadd Target path: /eos/user/a/amalhotr/tree2plots_streaming/hadd/hadd_a6f8a87b.root:/tree2plots/Vertices/ntk_3/angle_any/OpeningAngles
hadd Target path: /eos/user/a/amalhotr/tree2plots_streaming/hadd/hadd_a6f8a87b.root:/tree2plots/Vertices/ntk_3/angle_any/Topology
hadd Target path: /eos/user/a/amalhotr/tree2plots_streaming/hadd/hadd_a6f8a87b.root:/tree2plots/Vertices/ntk_3/angle_any/Topology/Barrel
hadd Target path: /eos/user/a/amalhotr/tree2plots_streaming/hadd/hadd_a6f8a87b.root:/tree2plots/Vertices/ntk_3/angle_any/Topology/Endcap
hadd Target path: /eos/user/a/amalhotr/tree2plots_streaming/hadd/hadd_a6f8a87b.root:/tree2plots/Vertices/ntk_3/angle_any/PVRegions
hadd Target path: /eos/user/a/amalhotr/tree2plots_streaming/hadd/hadd_a6f8a87b.root:/tree2plots/Vertices/ntk_3/angle_any/PVRegions/RegionA
hadd Target path: /eos/user/a/amalhotr/tree2plots_streaming/hadd/hadd_a6f8a87b.root:/tree2plots/Vertices/ntk_3/angle_any/PVRegions/RegionB
hadd Target path: /eos/user/a/amalhotr/tree2plots_streaming/hadd/hadd_a6f8a87b.root:/tree2plots/Vertices/ntk_3/angle_any/PVRegions/RegionC
hadd Target path: /eos/user/a/amalhotr/tree2plots_streaming/hadd/hadd_a6f8a87b.root:/tree2plots/Vertices/ntk_3/angle_gt_5
hadd Target path: /eos/user/a/amalhotr/tree2plots_streaming/hadd/hadd_a6f8a87b.root:/tree2plots/Vertices/ntk_3/angle_gt_5/Kinematics
hadd Target path: /eos/user/a/amalhotr/tree2plots_streaming/hadd/hadd_a6f8a87b.root:/tree2plots/Vertices/ntk_3/angle_gt_5/Spatial
hadd Target path: /eos/user/a/amalhotr/tree2plots_streaming/hadd/hadd_a6f8a87b.root:/tree2plots/Vertices/ntk_3/angle_gt_5/Distance
hadd Target path: /eos/user/a/amalhotr/tree2plots_streaming/hadd/hadd_a6f8a87b.root:/tree2plots/Vertices/ntk_3/angle_gt_5/OpeningAngles
hadd Target path: /eos/user/a/amalhotr/tree2plots_streaming/hadd/hadd_a6f8a87b.root:/tree2plots/Vertices/ntk_3/angle_gt_5/Topology
hadd Target path: /eos/user/a/amalhotr/tree2plots_streaming/hadd/hadd_a6f8a87b.root:/tree2plots/Vertices/ntk_3/angle_gt_5/Topology/Barrel
hadd Target path: /eos/user/a/amalhotr/tree2plots_streaming/hadd/hadd_a6f8a87b.root:/tree2plots/Vertices/ntk_3/angle_gt_5/Topology/Endcap
hadd Target path: /eos/user/a/amalhotr/tree2plots_streaming/hadd/hadd_a6f8a87b.root:/tree2plots/Vertices/ntk_3/angle_gt_5/PVRegions
hadd Target path: /eos/user/a/amalhotr/tree2plots_streaming/hadd/hadd_a6f8a87b.root:/tree2plots/Vertices/ntk_3/angle_gt_5/PVRegions/RegionA
hadd Target path: /eos/user/a/amalhotr/tree2plots_streaming/hadd/hadd_a6f8a87b.root:/tree2plots/Vertices/ntk_3/angle_gt_5/PVRegions/RegionB
hadd Target path: /eos/user/a/amalhotr/tree2plots_streaming/hadd/hadd_a6f8a87b.root:/tree2plots/Vertices/ntk_3/angle_gt_5/PVRegions/RegionC
hadd Target path: /eos/user/a/amalhotr/tree2plots_streaming/hadd/hadd_a6f8a87b.root:/tree2plots/Vertices/ntk_3/angle_gt_10
hadd Target path: /eos/user/a/amalhotr/tree2plots_streaming/hadd/hadd_a6f8a87b.root:/tree2plots/Vertices/ntk_3/angle_gt_10/Kinematics
hadd Target path: /eos/user/a/amalhotr/tree2plots_streaming/hadd/hadd_a6f8a87b.root:/tree2plots/Vertices/ntk_3/angle_gt_10/Spatial
hadd Target path: /eos/user/a/amalhotr/tree2plots_streaming/hadd/hadd_a6f8a87b.root:/tree2plots/Vertices/ntk_3/angle_gt_10/Distance
hadd Target path: /eos/user/a/amalhotr/tree2plots_streaming/hadd/hadd_a6f8a87b.root:/tree2plots/Vertices/ntk_3/angle_gt_10/OpeningAngles
hadd Target path: /eos/user/a/amalhotr/tree2plots_streaming/hadd/hadd_a6f8a87b.root:/tree2plots/Vertices/ntk_3/angle_gt_10/Topology
hadd Target path: /eos/user/a/amalhotr/tree2plots_streaming/hadd/hadd_a6f8a87b.root:/tree2plots/Vertices/ntk_3/angle_gt_10/Topology/Barrel
hadd Target path: /eos/user/a/amalhotr/tree2plots_streaming/hadd/hadd_a6f8a87b.root:/tree2plots/Vertices/ntk_3/angle_gt_10/Topology/Endcap
hadd Target path: /eos/user/a/amalhotr/tree2plots_streaming/hadd/hadd_a6f8a87b.root:/tree2plots/Vertices/ntk_3/angle_gt_10/PVRegions
hadd Target path: /eos/user/a/amalhotr/tree2plots_streaming/hadd/hadd_a6f8a87b.root:/tree2plots/Vertices/ntk_3/angle_gt_10/PVRegions/RegionA
hadd Target path: /eos/user/a/amalhotr/tree2plots_streaming/hadd/hadd_a6f8a87b.root:/tree2plots/Vertices/ntk_3/angle_gt_10/PVRegions/RegionB
hadd Target path: /eos/user/a/amalhotr/tree2plots_streaming/hadd/hadd_a6f8a87b.root:/tree2plots/Vertices/ntk_3/angle_gt_10/PVRegions/RegionC
hadd Target path: /eos/user/a/amalhotr/tree2plots_streaming/hadd/hadd_a6f8a87b.root:/tree2plots/Vertices/ntk_3/angle_gt_25
hadd Target path: /eos/user/a/amalhotr/tree2plots_streaming/hadd/hadd_a6f8a87b.root:/tree2plots/Vertices/ntk_3/angle_gt_25/Kinematics
hadd Target path: /eos/user/a/amalhotr/tree2plots_streaming/hadd/hadd_a6f8a87b.root:/tree2plots/Vertices/ntk_3/angle_gt_25/Spatial
hadd Target path: /eos/user/a/amalhotr/tree2plots_streaming/hadd/hadd_a6f8a87b.root:/tree2plots/Vertices/ntk_3/angle_gt_25/Distance
hadd Target path: /eos/user/a/amalhotr/tree2plots_streaming/hadd/hadd_a6f8a87b.root:/tree2plots/Vertices/ntk_3/angle_gt_25/OpeningAngles
hadd Target path: /eos/user/a/amalhotr/tree2plots_streaming/hadd/hadd_a6f8a87b.root:/tree2plots/Vertices/ntk_3/angle_gt_25/Topology
hadd Target path: /eos/user/a/amalhotr/tree2plots_streaming/hadd/hadd_a6f8a87b.root:/tree2plots/Vertices/ntk_3/angle_gt_25/Topology/Barrel
hadd Target path: /eos/user/a/amalhotr/tree2plots_streaming/hadd/hadd_a6f8a87b.root:/tree2plots/Vertices/ntk_3/angle_gt_25/Topology/Endcap
hadd Target path: /eos/user/a/amalhotr/tree2plots_streaming/hadd/hadd_a6f8a87b.root:/tree2plots/Vertices/ntk_3/angle_gt_25/PVRegions
hadd Target path: /eos/user/a/amalhotr/tree2plots_streaming/hadd/hadd_a6f8a87b.root:/tree2plots/Vertices/ntk_3/angle_gt_25/PVRegions/RegionA
hadd Target path: /eos/user/a/amalhotr/tree2plots_streaming/hadd/hadd_a6f8a87b.root:/tree2plots/Vertices/ntk_3/angle_gt_25/PVRegions/RegionB
hadd Target path: /eos/user/a/amalhotr/tree2plots_streaming/hadd/hadd_a6f8a87b.root:/tree2plots/Vertices/ntk_3/angle_gt_25/PVRegions/RegionC
hadd Target path: /eos/user/a/amalhotr/tree2plots_streaming/hadd/hadd_a6f8a87b.root:/tree2plots/Vertices/ntk_3/angle_gt_50
hadd Target path: /eos/user/a/amalhotr/tree2plots_streaming/hadd/hadd_a6f8a87b.root:/tree2plots/Vertices/ntk_3/angle_gt_50/Kinematics
hadd Target path: /eos/user/a/amalhotr/tree2plots_streaming/hadd/hadd_a6f8a87b.root:/tree2plots/Vertices/ntk_3/angle_gt_50/Spatial
hadd Target path: /eos/user/a/amalhotr/tree2plots_streaming/hadd/hadd_a6f8a87b.root:/tree2plots/Vertices/ntk_3/angle_gt_50/Distance
hadd Target path: /eos/user/a/amalhotr/tree2plots_streaming/hadd/hadd_a6f8a87b.root:/tree2plots/Vertices/ntk_3/angle_gt_50/OpeningAngles
hadd Target path: /eos/user/a/amalhotr/tree2plots_streaming/hadd/hadd_a6f8a87b.root:/tree2plots/Vertices/ntk_3/angle_gt_50/Topology
hadd Target path: /eos/user/a/amalhotr/tree2plots_streaming/hadd/hadd_a6f8a87b.root:/tree2plots/Vertices/ntk_3/angle_gt_50/Topology/Barrel
hadd Target path: /eos/user/a/amalhotr/tree2plots_streaming/hadd/hadd_a6f8a87b.root:/tree2plots/Vertices/ntk_3/angle_gt_50/Topology/Endcap
hadd Target path: /eos/user/a/amalhotr/tree2plots_streaming/hadd/hadd_a6f8a87b.root:/tree2plots/Vertices/ntk_3/angle_gt_50/PVRegions
hadd Target path: /eos/user/a/amalhotr/tree2plots_streaming/hadd/hadd_a6f8a87b.root:/tree2plots/Vertices/ntk_3/angle_gt_50/PVRegions/RegionA
hadd Target path: /eos/user/a/amalhotr/tree2plots_streaming/hadd/hadd_a6f8a87b.root:/tree2plots/Vertices/ntk_3/angle_gt_50/PVRegions/RegionB
hadd Target path: /eos/user/a/amalhotr/tree2plots_streaming/hadd/hadd_a6f8a87b.root:/tree2plots/Vertices/ntk_3/angle_gt_50/PVRegions/RegionC
hadd Target path: /eos/user/a/amalhotr/tree2plots_streaming/hadd/hadd_a6f8a87b.root:/tree2plots/Vertices/ntk_3/angle_gt_100
hadd Target path: /eos/user/a/amalhotr/tree2plots_streaming/hadd/hadd_a6f8a87b.root:/tree2plots/Vertices/ntk_3/angle_gt_100/Kinematics
hadd Target path: /eos/user/a/amalhotr/tree2plots_streaming/hadd/hadd_a6f8a87b.root:/tree2plots/Vertices/ntk_3/angle_gt_100/Spatial
hadd Target path: /eos/user/a/amalhotr/tree2plots_streaming/hadd/hadd_a6f8a87b.root:/tree2plots/Vertices/ntk_3/angle_gt_100/Distance
hadd Target path: /eos/user/a/amalhotr/tree2plots_streaming/hadd/hadd_a6f8a87b.root:/tree2plots/Vertices/ntk_3/angle_gt_100/OpeningAngles
hadd Target path: /eos/user/a/amalhotr/tree2plots_streaming/hadd/hadd_a6f8a87b.root:/tree2plots/Vertices/ntk_3/angle_gt_100/Topology
hadd Target path: /eos/user/a/amalhotr/tree2plots_streaming/hadd/hadd_a6f8a87b.root:/tree2plots/Vertices/ntk_3/angle_gt_100/Topology/Barrel
hadd Target path: /eos/user/a/amalhotr/tree2plots_streaming/hadd/hadd_a6f8a87b.root:/tree2plots/Vertices/ntk_3/angle_gt_100/Topology/Endcap
hadd Target path: /eos/user/a/amalhotr/tree2plots_streaming/hadd/hadd_a6f8a87b.root:/tree2plots/Vertices/ntk_3/angle_gt_100/PVRegions
hadd Target path: /eos/user/a/amalhotr/tree2plots_streaming/hadd/hadd_a6f8a87b.root:/tree2plots/Vertices/ntk_3/angle_gt_100/PVRegions/RegionA
hadd Target path: /eos/user/a/amalhotr/tree2plots_streaming/hadd/hadd_a6f8a87b.root:/tree2plots/Vertices/ntk_3/angle_gt_100/PVRegions/RegionB
hadd Target path: /eos/user/a/amalhotr/tree2plots_streaming/hadd/hadd_a6f8a87b.root:/tree2plots/Vertices/ntk_3/angle_gt_100/PVRegions/RegionC
hadd Target path: /eos/user/a/amalhotr/tree2plots_streaming/hadd/hadd_a6f8a87b.root:/tree2plots/Vertices/ntk3_or_4
hadd Target path: /eos/user/a/amalhotr/tree2plots_streaming/hadd/hadd_a6f8a87b.root:/tree2plots/Vertices/ntk3_or_4/angle_any
hadd Target path: /eos/user/a/amalhotr/tree2plots_streaming/hadd/hadd_a6f8a87b.root:/tree2plots/Vertices/ntk3_or_4/angle_any/Kinematics
hadd Target path: /eos/user/a/amalhotr/tree2plots_streaming/hadd/hadd_a6f8a87b.root:/tree2plots/Vertices/ntk3_or_4/angle_any/Spatial
hadd Target path: /eos/user/a/amalhotr/tree2plots_streaming/hadd/hadd_a6f8a87b.root:/tree2plots/Vertices/ntk3_or_4/angle_any/Distance
hadd Target path: /eos/user/a/amalhotr/tree2plots_streaming/hadd/hadd_a6f8a87b.root:/tree2plots/Vertices/ntk3_or_4/angle_any/OpeningAngles
hadd Target path: /eos/user/a/amalhotr/tree2plots_streaming/hadd/hadd_a6f8a87b.root:/tree2plots/Vertices/ntk3_or_4/angle_any/Topology
hadd Target path: /eos/user/a/amalhotr/tree2plots_streaming/hadd/hadd_a6f8a87b.root:/tree2plots/Vertices/ntk3_or_4/angle_any/Topology/Barrel
hadd Target path: /eos/user/a/amalhotr/tree2plots_streaming/hadd/hadd_a6f8a87b.root:/tree2plots/Vertices/ntk3_or_4/angle_any/Topology/Endcap
hadd Target path: /eos/user/a/amalhotr/tree2plots_streaming/hadd/hadd_a6f8a87b.root:/tree2plots/Vertices/ntk3_or_4/angle_any/PVRegions
hadd Target path: /eos/user/a/amalhotr/tree2plots_streaming/hadd/hadd_a6f8a87b.root:/tree2plots/Vertices/ntk3_or_4/angle_any/PVRegions/RegionA
hadd Target path: /eos/user/a/amalhotr/tree2plots_streaming/hadd/hadd_a6f8a87b.root:/tree2plots/Vertices/ntk3_or_4/angle_any/PVRegions/RegionB
hadd Target path: /eos/user/a/amalhotr/tree2plots_streaming/hadd/hadd_a6f8a87b.root:/tree2plots/Vertices/ntk3_or_4/angle_any/PVRegions/RegionC
hadd Target path: /eos/user/a/amalhotr/tree2plots_streaming/hadd/hadd_a6f8a87b.root:/tree2plots/Vertices/ntk3_or_4/angle_gt_5
hadd Target path: /eos/user/a/amalhotr/tree2plots_streaming/hadd/hadd_a6f8a87b.root:/tree2plots/Vertices/ntk3_or_4/angle_gt_5/Kinematics
hadd Target path: /eos/user/a/amalhotr/tree2plots_streaming/hadd/hadd_a6f8a87b.root:/tree2plots/Vertices/ntk3_or_4/angle_gt_5/Spatial
hadd Target path: /eos/user/a/amalhotr/tree2plots_streaming/hadd/hadd_a6f8a87b.root:/tree2plots/Vertices/ntk3_or_4/angle_gt_5/Distance
hadd Target path: /eos/user/a/amalhotr/tree2plots_streaming/hadd/hadd_a6f8a87b.root:/tree2plots/Vertices/ntk3_or_4/angle_gt_5/OpeningAngles
hadd Target path: /eos/user/a/amalhotr/tree2plots_streaming/hadd/hadd_a6f8a87b.root:/tree2plots/Vertices/ntk3_or_4/angle_gt_5/Topology
hadd Target path: /eos/user/a/amalhotr/tree2plots_streaming/hadd/hadd_a6f8a87b.root:/tree2plots/Vertices/ntk3_or_4/angle_gt_5/Topology/Barrel
hadd Target path: /eos/user/a/amalhotr/tree2plots_streaming/hadd/hadd_a6f8a87b.root:/tree2plots/Vertices/ntk3_or_4/angle_gt_5/Topology/Endcap
hadd Target path: /eos/user/a/amalhotr/tree2plots_streaming/hadd/hadd_a6f8a87b.root:/tree2plots/Vertices/ntk3_or_4/angle_gt_5/PVRegions
hadd Target path: /eos/user/a/amalhotr/tree2plots_streaming/hadd/hadd_a6f8a87b.root:/tree2plots/Vertices/ntk3_or_4/angle_gt_5/PVRegions/RegionA
hadd Target path: /eos/user/a/amalhotr/tree2plots_streaming/hadd/hadd_a6f8a87b.root:/tree2plots/Vertices/ntk3_or_4/angle_gt_5/PVRegions/RegionB
hadd Target path: /eos/user/a/amalhotr/tree2plots_streaming/hadd/hadd_a6f8a87b.root:/tree2plots/Vertices/ntk3_or_4/angle_gt_5/PVRegions/RegionC
hadd Target path: /eos/user/a/amalhotr/tree2plots_streaming/hadd/hadd_a6f8a87b.root:/tree2plots/Vertices/ntk3_or_4/angle_gt_10
hadd Target path: /eos/user/a/amalhotr/tree2plots_streaming/hadd/hadd_a6f8a87b.root:/tree2plots/Vertices/ntk3_or_4/angle_gt_10/Kinematics
hadd Target path: /eos/user/a/amalhotr/tree2plots_streaming/hadd/hadd_a6f8a87b.root:/tree2plots/Vertices/ntk3_or_4/angle_gt_10/Spatial
hadd Target path: /eos/user/a/amalhotr/tree2plots_streaming/hadd/hadd_a6f8a87b.root:/tree2plots/Vertices/ntk3_or_4/angle_gt_10/Distance
hadd Target path: /eos/user/a/amalhotr/tree2plots_streaming/hadd/hadd_a6f8a87b.root:/tree2plots/Vertices/ntk3_or_4/angle_gt_10/OpeningAngles
hadd Target path: /eos/user/a/amalhotr/tree2plots_streaming/hadd/hadd_a6f8a87b.root:/tree2plots/Vertices/ntk3_or_4/angle_gt_10/Topology
hadd Target path: /eos/user/a/amalhotr/tree2plots_streaming/hadd/hadd_a6f8a87b.root:/tree2plots/Vertices/ntk3_or_4/angle_gt_10/Topology/Barrel
hadd Target path: /eos/user/a/amalhotr/tree2plots_streaming/hadd/hadd_a6f8a87b.root:/tree2plots/Vertices/ntk3_or_4/angle_gt_10/Topology/Endcap
hadd Target path: /eos/user/a/amalhotr/tree2plots_streaming/hadd/hadd_a6f8a87b.root:/tree2plots/Vertices/ntk3_or_4/angle_gt_10/PVRegions
hadd Target path: /eos/user/a/amalhotr/tree2plots_streaming/hadd/hadd_a6f8a87b.root:/tree2plots/Vertices/ntk3_or_4/angle_gt_10/PVRegions/RegionA
hadd Target path: /eos/user/a/amalhotr/tree2plots_streaming/hadd/hadd_a6f8a87b.root:/tree2plots/Vertices/ntk3_or_4/angle_gt_10/PVRegions/RegionB
hadd Target path: /eos/user/a/amalhotr/tree2plots_streaming/hadd/hadd_a6f8a87b.root:/tree2plots/Vertices/ntk3_or_4/angle_gt_10/PVRegions/RegionC
hadd Target path: /eos/user/a/amalhotr/tree2plots_streaming/hadd/hadd_a6f8a87b.root:/tree2plots/Vertices/ntk3_or_4/angle_gt_25
hadd Target path: /eos/user/a/amalhotr/tree2plots_streaming/hadd/hadd_a6f8a87b.root:/tree2plots/Vertices/ntk3_or_4/angle_gt_25/Kinematics
hadd Target path: /eos/user/a/amalhotr/tree2plots_streaming/hadd/hadd_a6f8a87b.root:/tree2plots/Vertices/ntk3_or_4/angle_gt_25/Spatial
hadd Target path: /eos/user/a/amalhotr/tree2plots_streaming/hadd/hadd_a6f8a87b.root:/tree2plots/Vertices/ntk3_or_4/angle_gt_25/Distance
hadd Target path: /eos/user/a/amalhotr/tree2plots_streaming/hadd/hadd_a6f8a87b.root:/tree2plots/Vertices/ntk3_or_4/angle_gt_25/OpeningAngles
hadd Target path: /eos/user/a/amalhotr/tree2plots_streaming/hadd/hadd_a6f8a87b.root:/tree2plots/Vertices/ntk3_or_4/angle_gt_25/Topology
hadd Target path: /eos/user/a/amalhotr/tree2plots_streaming/hadd/hadd_a6f8a87b.root:/tree2plots/Vertices/ntk3_or_4/angle_gt_25/Topology/Barrel
hadd Target path: /eos/user/a/amalhotr/tree2plots_streaming/hadd/hadd_a6f8a87b.root:/tree2plots/Vertices/ntk3_or_4/angle_gt_25/Topology/Endcap
hadd Target path: /eos/user/a/amalhotr/tree2plots_streaming/hadd/hadd_a6f8a87b.root:/tree2plots/Vertices/ntk3_or_4/angle_gt_25/PVRegions
hadd Target path: /eos/user/a/amalhotr/tree2plots_streaming/hadd/hadd_a6f8a87b.root:/tree2plots/Vertices/ntk3_or_4/angle_gt_25/PVRegions/RegionA
hadd Target path: /eos/user/a/amalhotr/tree2plots_streaming/hadd/hadd_a6f8a87b.root:/tree2plots/Vertices/ntk3_or_4/angle_gt_25/PVRegions/RegionB
hadd Target path: /eos/user/a/amalhotr/tree2plots_streaming/hadd/hadd_a6f8a87b.root:/tree2plots/Vertices/ntk3_or_4/angle_gt_25/PVRegions/RegionC
hadd Target path: /eos/user/a/amalhotr/tree2plots_streaming/hadd/hadd_a6f8a87b.root:/tree2plots/Vertices/ntk3_or_4/angle_gt_50
hadd Target path: /eos/user/a/amalhotr/tree2plots_streaming/hadd/hadd_a6f8a87b.root:/tree2plots/Vertices/ntk3_or_4/angle_gt_50/Kinematics
hadd Target path: /eos/user/a/amalhotr/tree2plots_streaming/hadd/hadd_a6f8a87b.root:/tree2plots/Vertices/ntk3_or_4/angle_gt_50/Spatial
hadd Target path: /eos/user/a/amalhotr/tree2plots_streaming/hadd/hadd_a6f8a87b.root:/tree2plots/Vertices/ntk3_or_4/angle_gt_50/Distance
hadd Target path: /eos/user/a/amalhotr/tree2plots_streaming/hadd/hadd_a6f8a87b.root:/tree2plots/Vertices/ntk3_or_4/angle_gt_50/OpeningAngles
hadd Target path: /eos/user/a/amalhotr/tree2plots_streaming/hadd/hadd_a6f8a87b.root:/tree2plots/Vertices/ntk3_or_4/angle_gt_50/Topology
hadd Target path: /eos/user/a/amalhotr/tree2plots_streaming/hadd/hadd_a6f8a87b.root:/tree2plots/Vertices/ntk3_or_4/angle_gt_50/Topology/Barrel
hadd Target path: /eos/user/a/amalhotr/tree2plots_streaming/hadd/hadd_a6f8a87b.root:/tree2plots/Vertices/ntk3_or_4/angle_gt_50/Topology/Endcap
hadd Target path: /eos/user/a/amalhotr/tree2plots_streaming/hadd/hadd_a6f8a87b.root:/tree2plots/Vertices/ntk3_or_4/angle_gt_50/PVRegions
hadd Target path: /eos/user/a/amalhotr/tree2plots_streaming/hadd/hadd_a6f8a87b.root:/tree2plots/Vertices/ntk3_or_4/angle_gt_50/PVRegions/RegionA
hadd Target path: /eos/user/a/amalhotr/tree2plots_streaming/hadd/hadd_a6f8a87b.root:/tree2plots/Vertices/ntk3_or_4/angle_gt_50/PVRegions/RegionB
hadd Target path: /eos/user/a/amalhotr/tree2plots_streaming/hadd/hadd_a6f8a87b.root:/tree2plots/Vertices/ntk3_or_4/angle_gt_50/PVRegions/RegionC
hadd Target path: /eos/user/a/amalhotr/tree2plots_streaming/hadd/hadd_a6f8a87b.root:/tree2plots/Vertices/ntk3_or_4/angle_gt_100
hadd Target path: /eos/user/a/amalhotr/tree2plots_streaming/hadd/hadd_a6f8a87b.root:/tree2plots/Vertices/ntk3_or_4/angle_gt_100/Kinematics
hadd Target path: /eos/user/a/amalhotr/tree2plots_streaming/hadd/hadd_a6f8a87b.root:/tree2plots/Vertices/ntk3_or_4/angle_gt_100/Spatial
hadd Target path: /eos/user/a/amalhotr/tree2plots_streaming/hadd/hadd_a6f8a87b.root:/tree2plots/Vertices/ntk3_or_4/angle_gt_100/Distance
hadd Target path: /eos/user/a/amalhotr/tree2plots_streaming/hadd/hadd_a6f8a87b.root:/tree2plots/Vertices/ntk3_or_4/angle_gt_100/OpeningAngles
hadd Target path: /eos/user/a/amalhotr/tree2plots_streaming/hadd/hadd_a6f8a87b.root:/tree2plots/Vertices/ntk3_or_4/angle_gt_100/Topology
hadd Target path: /eos/user/a/amalhotr/tree2plots_streaming/hadd/hadd_a6f8a87b.root:/tree2plots/Vertices/ntk3_or_4/angle_gt_100/Topology/Barrel
hadd Target path: /eos/user/a/amalhotr/tree2plots_streaming/hadd/hadd_a6f8a87b.root:/tree2plots/Vertices/ntk3_or_4/angle_gt_100/Topology/Endcap
hadd Target path: /eos/user/a/amalhotr/tree2plots_streaming/hadd/hadd_a6f8a87b.root:/tree2plots/Vertices/ntk3_or_4/angle_gt_100/PVRegions
hadd Target path: /eos/user/a/amalhotr/tree2plots_streaming/hadd/hadd_a6f8a87b.root:/tree2plots/Vertices/ntk3_or_4/angle_gt_100/PVRegions/RegionA
hadd Target path: /eos/user/a/amalhotr/tree2plots_streaming/hadd/hadd_a6f8a87b.root:/tree2plots/Vertices/ntk3_or_4/angle_gt_100/PVRegions/RegionB
hadd Target path: /eos/user/a/amalhotr/tree2plots_streaming/hadd/hadd_a6f8a87b.root:/tree2plots/Vertices/ntk3_or_4/angle_gt_100/PVRegions/RegionC
hadd Target path: /eos/user/a/amalhotr/tree2plots_streaming/hadd/hadd_a6f8a87b.root:/tree2plots/Event
hadd Target path: /eos/user/a/amalhotr/tree2plots_streaming/hadd/hadd_a6f8a87b.root:/tree2plots/Tracks
