000 (14419767.000.000) 01/26 11:18:02 Job submitted from host: <188.184.90.62:9618?addrs=188.184.90.62-9618+[2001-1458-201-e4--100-238]-9618&alias=bigbird16.cern.ch&noUDP&sock=schedd_5196_9a2f>
...
040 (14419767.000.000) 01/26 11:19:34 Started transferring input files
	Transferring to host: <188.185.195.30:9618?addrs=188.185.195.30-9618+[2001-1458-303-22--100-1a]-9618&alias=b9p17p0867.cern.ch&noUDP&sock=slot1_15_7894_c97a_127180>
...
040 (14419767.000.000) 01/26 11:19:34 Finished transferring input files
...
001 (14419767.000.000) 01/26 11:19:35 Job executing on host: <188.185.195.30:9618?addrs=188.185.195.30-9618+[2001-1458-303-22--100-1a]-9618&alias=b9p17p0867.cern.ch&noUDP&sock=startd_6557_2295>
	SlotName: slot1_15@b9p17p0867.cern.ch
	CondorScratchDir = "/pool/condor/dir_1752892"
	Cpus = 1
	Disk = 3915
	GPUs = 0
	Memory = 3000
...
006 (14419767.000.000) 01/26 11:19:48 Image size of job updated: 115164
	113  -  MemoryUsage of job (MB)
	115164  -  ResidentSetSize of job (KB)
...
006 (14419767.000.000) 01/26 11:20:21 Image size of job updated: 125656
	113  -  MemoryUsage of job (MB)
	115164  -  ResidentSetSize of job (KB)
...
040 (14419767.000.000) 01/26 11:20:21 Started transferring output files
...
040 (14419767.000.000) 01/26 11:20:21 Finished transferring output files
...
005 (14419767.000.000) 01/26 11:20:21 Job terminated.
	(1) Normal termination (return value 0)
		Usr 0 00:00:22, Sys 0 00:00:02  -  Run Remote Usage
		Usr 0 00:00:00, Sys 0 00:00:00  -  Run Local Usage
		Usr 0 00:00:22, Sys 0 00:00:02  -  Total Remote Usage
		Usr 0 00:00:00, Sys 0 00:00:00  -  Total Local Usage
	26544  -  Run Bytes Sent By Job
	1177  -  Run Bytes Received By Job
	26544  -  Total Bytes Sent By Job
	1177  -  Total Bytes Received By Job
	Partitionable Resources :    Usage  Request Allocated 
	   Cpus                 :        0        1         1 
	   Disk (KB)            :       50        2      3915 
	   GPUs                 :                           0 
	   Memory (MB)          :      113     3000      3000 
	   TimeExecute (s)      :       46                    
	   TimeSlotBusy (s)     :       49                    

	Job terminated of its own accord at 2026-01-26T10:20:21Z with exit-code 0.
...
