000 (14420184.000.000) 01/26 11:37:08 Job submitted from host: <188.184.90.62:9618?addrs=188.184.90.62-9618+[2001-1458-201-e4--100-238]-9618&alias=bigbird16.cern.ch&noUDP&sock=schedd_5196_9a2f>
...
040 (14420184.000.000) 01/26 11:38:03 Started transferring input files
	Transferring to host: <128.142.161.89:9618?addrs=128.142.161.89-9618+[2001-1458-301-b8--100-17]-9618&alias=b9g03p5498.cern.ch&noUDP&sock=slot1_16_3511885_6eb3_154342>
...
040 (14420184.000.000) 01/26 11:38:03 Finished transferring input files
...
001 (14420184.000.000) 01/26 11:38:04 Job executing on host: <128.142.161.89:9618?addrs=128.142.161.89-9618+[2001-1458-301-b8--100-17]-9618&alias=b9g03p5498.cern.ch&noUDP&sock=startd_4074_00ec>
	SlotName: slot1_16@b9g03p5498.cern.ch
	CondorScratchDir = "/pool/condor/dir_2941164"
	Cpus = 1
	Disk = 4076
	GPUs = 0
	Memory = 3000
...
006 (14420184.000.000) 01/26 11:38:17 Image size of job updated: 115184
	113  -  MemoryUsage of job (MB)
	115184  -  ResidentSetSize of job (KB)
...
006 (14420184.000.000) 01/26 11:38:56 Image size of job updated: 124896
	113  -  MemoryUsage of job (MB)
	115184  -  ResidentSetSize of job (KB)
...
040 (14420184.000.000) 01/26 11:38:56 Started transferring output files
...
040 (14420184.000.000) 01/26 11:38:56 Finished transferring output files
...
005 (14420184.000.000) 01/26 11:38:56 Job terminated.
	(1) Normal termination (return value 0)
		Usr 0 00:00:20, Sys 0 00:00:02  -  Run Remote Usage
		Usr 0 00:00:00, Sys 0 00:00:00  -  Run Local Usage
		Usr 0 00:00:20, Sys 0 00:00:02  -  Total Remote Usage
		Usr 0 00:00:00, Sys 0 00:00:00  -  Total Local Usage
	26555  -  Run Bytes Sent By Job
	1188  -  Run Bytes Received By Job
	26555  -  Total Bytes Sent By Job
	1188  -  Total Bytes Received By Job
	Partitionable Resources :    Usage  Request Allocated 
	   Cpus                 :                 1         1 
	   Disk (KB)            :       43        2      4076 
	   GPUs                 :                           0 
	   Memory (MB)          :      113     3000      3000 
	   TimeExecute (s)      :       52                    
	   TimeSlotBusy (s)     :       53                    

	Job terminated of its own accord at 2026-01-26T10:38:56Z with exit-code 0.
...
