000 (14420217.000.000) 01/26 11:40:44 Job submitted from host: <188.184.90.62:9618?addrs=188.184.90.62-9618+[2001-1458-201-e4--100-238]-9618&alias=bigbird16.cern.ch&noUDP&sock=schedd_5196_9a2f>
...
040 (14420217.000.000) 01/26 11:41:05 Started transferring input files
	Transferring to host: <188.185.215.157:9618?addrs=188.185.215.157-9618+[2001-1458-303-26--100-19]-9618&alias=b9p18p1806.cern.ch&noUDP&sock=slot1_17_964557_6a10_52736>
...
040 (14420217.000.000) 01/26 11:41:05 Finished transferring input files
...
001 (14420217.000.000) 01/26 11:41:06 Job executing on host: <188.185.215.157:9618?addrs=188.185.215.157-9618+[2001-1458-303-26--100-19]-9618&alias=b9p18p1806.cern.ch&noUDP&sock=startd_4058_0769>
	SlotName: slot1_17@b9p18p1806.cern.ch
	CondorScratchDir = "/pool/condor/dir_3580931"
	Cpus = 1
	Disk = 3830
	GPUs = 0
	Memory = 3000
...
006 (14420217.000.000) 01/26 11:41:20 Image size of job updated: 115192
	113  -  MemoryUsage of job (MB)
	115192  -  ResidentSetSize of job (KB)
...
006 (14420217.000.000) 01/26 11:41:45 Image size of job updated: 124780
	113  -  MemoryUsage of job (MB)
	115192  -  ResidentSetSize of job (KB)
...
040 (14420217.000.000) 01/26 11:41:45 Started transferring output files
...
040 (14420217.000.000) 01/26 11:41:45 Finished transferring output files
...
005 (14420217.000.000) 01/26 11:41:45 Job terminated.
	(1) Normal termination (return value 0)
		Usr 0 00:00:16, Sys 0 00:00:01  -  Run Remote Usage
		Usr 0 00:00:00, Sys 0 00:00:00  -  Run Local Usage
		Usr 0 00:00:16, Sys 0 00:00:01  -  Total Remote Usage
		Usr 0 00:00:00, Sys 0 00:00:00  -  Total Local Usage
	26533  -  Run Bytes Sent By Job
	1166  -  Run Bytes Received By Job
	26533  -  Total Bytes Sent By Job
	1166  -  Total Bytes Received By Job
	Partitionable Resources :    Usage  Request Allocated 
	   Cpus                 :        0        1         1 
	   Disk (KB)            :       50        2      3830 
	   GPUs                 :                           0 
	   Memory (MB)          :      113     3000      3000 
	   TimeExecute (s)      :       39                    
	   TimeSlotBusy (s)     :       41                    

	Job terminated of its own accord at 2026-01-26T10:41:45Z with exit-code 0.
...
