000 (14992687.000.000) 04/22 16:30:33 Job submitted from host: <188.184.90.62:9618?addrs=188.184.90.62-9618+[2001-1458-201-e4--100-238]-9618&alias=bigbird16.cern.ch&noUDP&sock=schedd_5196_9a2f>
...
040 (14992687.000.000) 04/22 16:34:46 Started transferring input files
	Transferring to host: <188.185.214.53:9618?addrs=188.185.214.53-9618+[2001-1458-303-1c--100-31]-9618&alias=b9p29p4388.cern.ch&noUDP&sock=slot1_14_1849311_a55b_193769>
...
040 (14992687.000.000) 04/22 16:34:46 Finished transferring input files
...
001 (14992687.000.000) 04/22 16:34:47 Job executing on host: <188.185.214.53:9618?addrs=188.185.214.53-9618+[2001-1458-303-1c--100-31]-9618&alias=b9p29p4388.cern.ch&noUDP&sock=startd_1848834_ec4d>
	SlotName: slot1_14@b9p29p4388.cern.ch
	CondorScratchDir = "/pool/condor/dir_1977652"
	Cpus = 1
	Disk = 3731
	GPUs = 0
	Memory = 3000
...
006 (14992687.000.000) 04/22 16:35:00 Image size of job updated: 48616
	48  -  MemoryUsage of job (MB)
	48616  -  ResidentSetSize of job (KB)
...
006 (14992687.000.000) 04/22 16:40:00 Image size of job updated: 101800
	96  -  MemoryUsage of job (MB)
	97636  -  ResidentSetSize of job (KB)
...
006 (14992687.000.000) 04/22 16:40:13 Image size of job updated: 105048
	96  -  MemoryUsage of job (MB)
	97636  -  ResidentSetSize of job (KB)
...
040 (14992687.000.000) 04/22 16:40:13 Started transferring output files
...
040 (14992687.000.000) 04/22 16:40:13 Finished transferring output files
...
005 (14992687.000.000) 04/22 16:40:13 Job terminated.
	(1) Normal termination (return value 0)
		Usr 0 00:01:42, Sys 0 00:00:10  -  Run Remote Usage
		Usr 0 00:00:00, Sys 0 00:00:00  -  Run Local Usage
		Usr 0 00:01:42, Sys 0 00:00:10  -  Total Remote Usage
		Usr 0 00:00:00, Sys 0 00:00:00  -  Total Local Usage
	77095  -  Run Bytes Sent By Job
	5593  -  Run Bytes Received By Job
	77095  -  Total Bytes Sent By Job
	5593  -  Total Bytes Received By Job
	Partitionable Resources :    Usage  Request Allocated 
	   Cpus                 :     0.13        1         1 
	   Disk (KB)            :   104           7      3731 
	   GPUs                 :                           0 
	   Memory (MB)          :    96        3000      3000 
	   TimeExecute (s)      :   326                       
	   TimeSlotBusy (s)     :   328                       

	Job terminated of its own accord at 2026-04-22T14:40:13Z with exit-code 0.
...
