000 (14420228.000.000) 01/26 11:54:54 Job submitted from host: <188.184.90.62:9618?addrs=188.184.90.62-9618+[2001-1458-201-e4--100-238]-9618&alias=bigbird16.cern.ch&noUDP&sock=schedd_5196_9a2f>
...
040 (14420228.000.000) 01/26 11:56:12 Started transferring input files
	Transferring to host: <188.185.193.171:9618?addrs=188.185.193.171-9618+[2001-1458-303-20--100-a7]-9618&alias=b9p19p9189.cern.ch&noUDP&sock=slot1_53_6001_ff4d_120366>
...
001 (14420228.000.000) 01/26 11:56:19 Job executing on host: <188.185.193.171:9618?addrs=188.185.193.171-9618+[2001-1458-303-20--100-a7]-9618&alias=b9p19p9189.cern.ch&noUDP&sock=startd_4875_6c49>
	SlotName: slot1_53@b9p19p9189.cern.ch
	CondorScratchDir = "/pool/condor/dir_1688733"
	Cpus = 1
	Disk = 3911
	GPUs = 0
	Memory = 3000
...
040 (14420228.000.000) 01/26 11:56:19 Finished transferring input files
...
006 (14420228.000.000) 01/26 11:56:32 Image size of job updated: 111456
	109  -  MemoryUsage of job (MB)
	111456  -  ResidentSetSize of job (KB)
...
006 (14420228.000.000) 01/26 11:56:59 Image size of job updated: 121612
	109  -  MemoryUsage of job (MB)
	111456  -  ResidentSetSize of job (KB)
...
040 (14420228.000.000) 01/26 11:56:59 Started transferring output files
...
040 (14420228.000.000) 01/26 11:56:59 Finished transferring output files
...
005 (14420228.000.000) 01/26 11:56:59 Job terminated.
	(1) Normal termination (return value 0)
		Usr 0 00:00:20, Sys 0 00:00:02  -  Run Remote Usage
		Usr 0 00:00:00, Sys 0 00:00:00  -  Run Local Usage
		Usr 0 00:00:20, Sys 0 00:00:02  -  Total Remote Usage
		Usr 0 00:00:00, Sys 0 00:00:00  -  Total Local Usage
	26555  -  Run Bytes Sent By Job
	1188  -  Run Bytes Received By Job
	26555  -  Total Bytes Sent By Job
	1188  -  Total Bytes Received By Job
	Partitionable Resources :    Usage  Request Allocated 
	   Cpus                 :        0        1         1 
	   Disk (KB)            :       50        2      3911 
	   GPUs                 :                           0 
	   Memory (MB)          :      109     3000      3000 
	   TimeExecute (s)      :       41                    
	   TimeSlotBusy (s)     :       48                    

	Job terminated of its own accord at 2026-01-26T10:56:59Z with exit-code 0.
...
