hadd Source file 1: /eos/user/a/amalhotr/DYto2Mu-4Jets_Bin-MLL-50_TuneCP5_13p6TeV_madgraphMLM-pythia8/Scouting_MC_DYto2Mu_Fix_things/260419_231416/0000/Scouting_MC_2024H_withHitCuts_159.root
hadd Source file 2: /eos/user/a/amalhotr/DYto2Mu-4Jets_Bin-MLL-50_TuneCP5_13p6TeV_madgraphMLM-pythia8/Scouting_MC_DYto2Mu_Fix_things/260419_231416/0000/Scouting_MC_2024H_withHitCuts_16.root
hadd Source file 3: /eos/user/a/amalhotr/DYto2Mu-4Jets_Bin-MLL-50_TuneCP5_13p6TeV_madgraphMLM-pythia8/Scouting_MC_DYto2Mu_Fix_things/260419_231416/0000/Scouting_MC_2024H_withHitCuts_160.root
hadd Source file 4: /eos/user/a/amalhotr/DYto2Mu-4Jets_Bin-MLL-50_TuneCP5_13p6TeV_madgraphMLM-pythia8/Scouting_MC_DYto2Mu_Fix_things/260419_231416/0000/Scouting_MC_2024H_withHitCuts_161.root
hadd Source file 5: /eos/user/a/amalhotr/DYto2Mu-4Jets_Bin-MLL-50_TuneCP5_13p6TeV_madgraphMLM-pythia8/Scouting_MC_DYto2Mu_Fix_things/260419_231416/0000/Scouting_MC_2024H_withHitCuts_163.root
hadd Source file 6: /eos/user/a/amalhotr/DYto2Mu-4Jets_Bin-MLL-50_TuneCP5_13p6TeV_madgraphMLM-pythia8/Scouting_MC_DYto2Mu_Fix_things/260419_231416/0000/Scouting_MC_2024H_withHitCuts_164.root
hadd Source file 7: /eos/user/a/amalhotr/DYto2Mu-4Jets_Bin-MLL-50_TuneCP5_13p6TeV_madgraphMLM-pythia8/Scouting_MC_DYto2Mu_Fix_things/260419_231416/0000/Scouting_MC_2024H_withHitCuts_165.root
hadd Source file 8: /eos/user/a/amalhotr/DYto2Mu-4Jets_Bin-MLL-50_TuneCP5_13p6TeV_madgraphMLM-pythia8/Scouting_MC_DYto2Mu_Fix_things/260419_231416/0000/Scouting_MC_2024H_withHitCuts_166.root
hadd Source file 9: /eos/user/a/amalhotr/DYto2Mu-4Jets_Bin-MLL-50_TuneCP5_13p6TeV_madgraphMLM-pythia8/Scouting_MC_DYto2Mu_Fix_things/260419_231416/0000/Scouting_MC_2024H_withHitCuts_167.root
hadd Source file 10: /eos/user/a/amalhotr/DYto2Mu-4Jets_Bin-MLL-50_TuneCP5_13p6TeV_madgraphMLM-pythia8/Scouting_MC_DYto2Mu_Fix_things/260419_231416/0000/Scouting_MC_2024H_withHitCuts_168.root
hadd Source file 11: /eos/user/a/amalhotr/DYto2Mu-4Jets_Bin-MLL-50_TuneCP5_13p6TeV_madgraphMLM-pythia8/Scouting_MC_DYto2Mu_Fix_things/260419_231416/0000/Scouting_MC_2024H_withHitCuts_169.root
hadd Source file 12: /eos/user/a/amalhotr/DYto2Mu-4Jets_Bin-MLL-50_TuneCP5_13p6TeV_madgraphMLM-pythia8/Scouting_MC_DYto2Mu_Fix_things/260419_231416/0000/Scouting_MC_2024H_withHitCuts_17.root
hadd Source file 13: /eos/user/a/amalhotr/DYto2Mu-4Jets_Bin-MLL-50_TuneCP5_13p6TeV_madgraphMLM-pythia8/Scouting_MC_DYto2Mu_Fix_things/260419_231416/0000/Scouting_MC_2024H_withHitCuts_170.root
hadd Source file 14: /eos/user/a/amalhotr/DYto2Mu-4Jets_Bin-MLL-50_TuneCP5_13p6TeV_madgraphMLM-pythia8/Scouting_MC_DYto2Mu_Fix_things/260419_231416/0000/Scouting_MC_2024H_withHitCuts_171.root
hadd Source file 15: /eos/user/a/amalhotr/DYto2Mu-4Jets_Bin-MLL-50_TuneCP5_13p6TeV_madgraphMLM-pythia8/Scouting_MC_DYto2Mu_Fix_things/260419_231416/0000/Scouting_MC_2024H_withHitCuts_172.root
hadd Source file 16: /eos/user/a/amalhotr/DYto2Mu-4Jets_Bin-MLL-50_TuneCP5_13p6TeV_madgraphMLM-pythia8/Scouting_MC_DYto2Mu_Fix_things/260419_231416/0000/Scouting_MC_2024H_withHitCuts_173.root
hadd Source file 17: /eos/user/a/amalhotr/DYto2Mu-4Jets_Bin-MLL-50_TuneCP5_13p6TeV_madgraphMLM-pythia8/Scouting_MC_DYto2Mu_Fix_things/260419_231416/0000/Scouting_MC_2024H_withHitCuts_174.root
hadd Source file 18: /eos/user/a/amalhotr/DYto2Mu-4Jets_Bin-MLL-50_TuneCP5_13p6TeV_madgraphMLM-pythia8/Scouting_MC_DYto2Mu_Fix_things/260419_231416/0000/Scouting_MC_2024H_withHitCuts_175.root
hadd Source file 19: /eos/user/a/amalhotr/DYto2Mu-4Jets_Bin-MLL-50_TuneCP5_13p6TeV_madgraphMLM-pythia8/Scouting_MC_DYto2Mu_Fix_things/260419_231416/0000/Scouting_MC_2024H_withHitCuts_176.root
hadd Source file 20: /eos/user/a/amalhotr/DYto2Mu-4Jets_Bin-MLL-50_TuneCP5_13p6TeV_madgraphMLM-pythia8/Scouting_MC_DYto2Mu_Fix_things/260419_231416/0000/Scouting_MC_2024H_withHitCuts_177.root
hadd Source file 21: /eos/user/a/amalhotr/DYto2Mu-4Jets_Bin-MLL-50_TuneCP5_13p6TeV_madgraphMLM-pythia8/Scouting_MC_DYto2Mu_Fix_things/260419_231416/0000/Scouting_MC_2024H_withHitCuts_178.root
hadd Source file 22: /eos/user/a/amalhotr/DYto2Mu-4Jets_Bin-MLL-50_TuneCP5_13p6TeV_madgraphMLM-pythia8/Scouting_MC_DYto2Mu_Fix_things/260419_231416/0000/Scouting_MC_2024H_withHitCuts_179.root
hadd Source file 23: /eos/user/a/amalhotr/DYto2Mu-4Jets_Bin-MLL-50_TuneCP5_13p6TeV_madgraphMLM-pythia8/Scouting_MC_DYto2Mu_Fix_things/260419_231416/0000/Scouting_MC_2024H_withHitCuts_18.root
hadd Source file 24: /eos/user/a/amalhotr/DYto2Mu-4Jets_Bin-MLL-50_TuneCP5_13p6TeV_madgraphMLM-pythia8/Scouting_MC_DYto2Mu_Fix_things/260419_231416/0000/Scouting_MC_2024H_withHitCuts_180.root
hadd Source file 25: /eos/user/a/amalhotr/DYto2Mu-4Jets_Bin-MLL-50_TuneCP5_13p6TeV_madgraphMLM-pythia8/Scouting_MC_DYto2Mu_Fix_things/260419_231416/0000/Scouting_MC_2024H_withHitCuts_181.root
hadd Source file 26: /eos/user/a/amalhotr/DYto2Mu-4Jets_Bin-MLL-50_TuneCP5_13p6TeV_madgraphMLM-pythia8/Scouting_MC_DYto2Mu_Fix_things/260419_231416/0000/Scouting_MC_2024H_withHitCuts_182.root
hadd Source file 27: /eos/user/a/amalhotr/DYto2Mu-4Jets_Bin-MLL-50_TuneCP5_13p6TeV_madgraphMLM-pythia8/Scouting_MC_DYto2Mu_Fix_things/260419_231416/0000/Scouting_MC_2024H_withHitCuts_183.root
hadd Source file 28: /eos/user/a/amalhotr/DYto2Mu-4Jets_Bin-MLL-50_TuneCP5_13p6TeV_madgraphMLM-pythia8/Scouting_MC_DYto2Mu_Fix_things/260419_231416/0000/Scouting_MC_2024H_withHitCuts_184.root
hadd Source file 29: /eos/user/a/amalhotr/DYto2Mu-4Jets_Bin-MLL-50_TuneCP5_13p6TeV_madgraphMLM-pythia8/Scouting_MC_DYto2Mu_Fix_things/260419_231416/0000/Scouting_MC_2024H_withHitCuts_185.root
hadd Source file 30: /eos/user/a/amalhotr/DYto2Mu-4Jets_Bin-MLL-50_TuneCP5_13p6TeV_madgraphMLM-pythia8/Scouting_MC_DYto2Mu_Fix_things/260419_231416/0000/Scouting_MC_2024H_withHitCuts_186.root
hadd Source file 31: /eos/user/a/amalhotr/DYto2Mu-4Jets_Bin-MLL-50_TuneCP5_13p6TeV_madgraphMLM-pythia8/Scouting_MC_DYto2Mu_Fix_things/260419_231416/0000/Scouting_MC_2024H_withHitCuts_187.root
hadd Source file 32: /eos/user/a/amalhotr/DYto2Mu-4Jets_Bin-MLL-50_TuneCP5_13p6TeV_madgraphMLM-pythia8/Scouting_MC_DYto2Mu_Fix_things/260419_231416/0000/Scouting_MC_2024H_withHitCuts_188.root
hadd Target path: /eos/user/a/amalhotr/tree2plots_streaming/hadd/hadd_32_20260422T163033_2f1ca5f8.root:/
hadd Target path: /eos/user/a/amalhotr/tree2plots_streaming/hadd/hadd_32_20260422T163033_2f1ca5f8.root:/scoutingPlots
hadd Target path: /eos/user/a/amalhotr/tree2plots_streaming/hadd/hadd_32_20260422T163033_2f1ca5f8.root:/scoutingPlots/Nominal
hadd Target path: /eos/user/a/amalhotr/tree2plots_streaming/hadd/hadd_32_20260422T163033_2f1ca5f8.root:/scoutingPlots/Nominal/Event
hadd Target path: /eos/user/a/amalhotr/tree2plots_streaming/hadd/hadd_32_20260422T163033_2f1ca5f8.root:/scoutingPlots/Nominal/Vertices
hadd Target path: /eos/user/a/amalhotr/tree2plots_streaming/hadd/hadd_32_20260422T163033_2f1ca5f8.root:/scoutingPlots/Nominal/Vertices/Selected
hadd Target path: /eos/user/a/amalhotr/tree2plots_streaming/hadd/hadd_32_20260422T163033_2f1ca5f8.root:/scoutingPlots/Nominal/Vertices/Selected/ntk_3
hadd Target path: /eos/user/a/amalhotr/tree2plots_streaming/hadd/hadd_32_20260422T163033_2f1ca5f8.root:/scoutingPlots/Nominal/Vertices/Selected/ntk_3/angle_any
hadd Target path: /eos/user/a/amalhotr/tree2plots_streaming/hadd/hadd_32_20260422T163033_2f1ca5f8.root:/scoutingPlots/Nominal/Vertices/Selected/ntk_3/angle_any/Kinematics
hadd Target path: /eos/user/a/amalhotr/tree2plots_streaming/hadd/hadd_32_20260422T163033_2f1ca5f8.root:/scoutingPlots/Nominal/Vertices/Selected/ntk_3/angle_any/Spatial
hadd Target path: /eos/user/a/amalhotr/tree2plots_streaming/hadd/hadd_32_20260422T163033_2f1ca5f8.root:/scoutingPlots/Nominal/Vertices/Selected/ntk_3/angle_any/Distance
hadd Target path: /eos/user/a/amalhotr/tree2plots_streaming/hadd/hadd_32_20260422T163033_2f1ca5f8.root:/scoutingPlots/Nominal/Vertices/Selected/ntk_3/angle_any/OpeningAngles
hadd Target path: /eos/user/a/amalhotr/tree2plots_streaming/hadd/hadd_32_20260422T163033_2f1ca5f8.root:/scoutingPlots/Nominal/Vertices/Selected/ntk_3/angle_any/Topology
hadd Target path: /eos/user/a/amalhotr/tree2plots_streaming/hadd/hadd_32_20260422T163033_2f1ca5f8.root:/scoutingPlots/Nominal/Vertices/Selected/ntk_3/angle_any/Topology/Barrel
hadd Target path: /eos/user/a/amalhotr/tree2plots_streaming/hadd/hadd_32_20260422T163033_2f1ca5f8.root:/scoutingPlots/Nominal/Vertices/Selected/ntk_3/angle_any/Topology/Endcap
hadd Target path: /eos/user/a/amalhotr/tree2plots_streaming/hadd/hadd_32_20260422T163033_2f1ca5f8.root:/scoutingPlots/Nominal/Vertices/Selected/ntk_3/angle_any/Topology/LeftEndcap
hadd Target path: /eos/user/a/amalhotr/tree2plots_streaming/hadd/hadd_32_20260422T163033_2f1ca5f8.root:/scoutingPlots/Nominal/Vertices/Selected/ntk_3/angle_any/Topology/RightEndcap
hadd Target path: /eos/user/a/amalhotr/tree2plots_streaming/hadd/hadd_32_20260422T163033_2f1ca5f8.root:/scoutingPlots/Nominal/Vertices/Selected/ntk_3/angle_any/PVRegions
hadd Target path: /eos/user/a/amalhotr/tree2plots_streaming/hadd/hadd_32_20260422T163033_2f1ca5f8.root:/scoutingPlots/Nominal/Vertices/Selected/ntk_3/angle_any/PVRegions/RegionA
hadd Target path: /eos/user/a/amalhotr/tree2plots_streaming/hadd/hadd_32_20260422T163033_2f1ca5f8.root:/scoutingPlots/Nominal/Vertices/Selected/ntk_3/angle_any/PVRegions/RegionB
hadd Target path: /eos/user/a/amalhotr/tree2plots_streaming/hadd/hadd_32_20260422T163033_2f1ca5f8.root:/scoutingPlots/Nominal/Vertices/Selected/ntk_3/angle_any/PVRegions/RegionC
hadd Target path: /eos/user/a/amalhotr/tree2plots_streaming/hadd/hadd_32_20260422T163033_2f1ca5f8.root:/scoutingPlots/Nominal/Vertices/Selected/ntk_3/angle_gt_0p05
hadd Target path: /eos/user/a/amalhotr/tree2plots_streaming/hadd/hadd_32_20260422T163033_2f1ca5f8.root:/scoutingPlots/Nominal/Vertices/Selected/ntk_3/angle_gt_0p05/Kinematics
hadd Target path: /eos/user/a/amalhotr/tree2plots_streaming/hadd/hadd_32_20260422T163033_2f1ca5f8.root:/scoutingPlots/Nominal/Vertices/Selected/ntk_3/angle_gt_0p05/Spatial
hadd Target path: /eos/user/a/amalhotr/tree2plots_streaming/hadd/hadd_32_20260422T163033_2f1ca5f8.root:/scoutingPlots/Nominal/Vertices/Selected/ntk_3/angle_gt_0p05/Distance
hadd Target path: /eos/user/a/amalhotr/tree2plots_streaming/hadd/hadd_32_20260422T163033_2f1ca5f8.root:/scoutingPlots/Nominal/Vertices/Selected/ntk_3/angle_gt_0p05/OpeningAngles
hadd Target path: /eos/user/a/amalhotr/tree2plots_streaming/hadd/hadd_32_20260422T163033_2f1ca5f8.root:/scoutingPlots/Nominal/Vertices/Selected/ntk_3/angle_gt_0p05/Topology
hadd Target path: /eos/user/a/amalhotr/tree2plots_streaming/hadd/hadd_32_20260422T163033_2f1ca5f8.root:/scoutingPlots/Nominal/Vertices/Selected/ntk_3/angle_gt_0p05/Topology/Barrel
hadd Target path: /eos/user/a/amalhotr/tree2plots_streaming/hadd/hadd_32_20260422T163033_2f1ca5f8.root:/scoutingPlots/Nominal/Vertices/Selected/ntk_3/angle_gt_0p05/Topology/Endcap
hadd Target path: /eos/user/a/amalhotr/tree2plots_streaming/hadd/hadd_32_20260422T163033_2f1ca5f8.root:/scoutingPlots/Nominal/Vertices/Selected/ntk_3/angle_gt_0p05/Topology/LeftEndcap
hadd Target path: /eos/user/a/amalhotr/tree2plots_streaming/hadd/hadd_32_20260422T163033_2f1ca5f8.root:/scoutingPlots/Nominal/Vertices/Selected/ntk_3/angle_gt_0p05/Topology/RightEndcap
hadd Target path: /eos/user/a/amalhotr/tree2plots_streaming/hadd/hadd_32_20260422T163033_2f1ca5f8.root:/scoutingPlots/Nominal/Vertices/Selected/ntk_3/angle_gt_0p05/PVRegions
hadd Target path: /eos/user/a/amalhotr/tree2plots_streaming/hadd/hadd_32_20260422T163033_2f1ca5f8.root:/scoutingPlots/Nominal/Vertices/Selected/ntk_3/angle_gt_0p05/PVRegions/RegionA
hadd Target path: /eos/user/a/amalhotr/tree2plots_streaming/hadd/hadd_32_20260422T163033_2f1ca5f8.root:/scoutingPlots/Nominal/Vertices/Selected/ntk_3/angle_gt_0p05/PVRegions/RegionB
hadd Target path: /eos/user/a/amalhotr/tree2plots_streaming/hadd/hadd_32_20260422T163033_2f1ca5f8.root:/scoutingPlots/Nominal/Vertices/Selected/ntk_3/angle_gt_0p05/PVRegions/RegionC
hadd Target path: /eos/user/a/amalhotr/tree2plots_streaming/hadd/hadd_32_20260422T163033_2f1ca5f8.root:/scoutingPlots/Nominal/Vertices/Selected/ntk_3/angle_gt_0p10
hadd Target path: /eos/user/a/amalhotr/tree2plots_streaming/hadd/hadd_32_20260422T163033_2f1ca5f8.root:/scoutingPlots/Nominal/Vertices/Selected/ntk_3/angle_gt_0p10/Kinematics
hadd Target path: /eos/user/a/amalhotr/tree2plots_streaming/hadd/hadd_32_20260422T163033_2f1ca5f8.root:/scoutingPlots/Nominal/Vertices/Selected/ntk_3/angle_gt_0p10/Spatial
hadd Target path: /eos/user/a/amalhotr/tree2plots_streaming/hadd/hadd_32_20260422T163033_2f1ca5f8.root:/scoutingPlots/Nominal/Vertices/Selected/ntk_3/angle_gt_0p10/Distance
hadd Target path: /eos/user/a/amalhotr/tree2plots_streaming/hadd/hadd_32_20260422T163033_2f1ca5f8.root:/scoutingPlots/Nominal/Vertices/Selected/ntk_3/angle_gt_0p10/OpeningAngles
hadd Target path: /eos/user/a/amalhotr/tree2plots_streaming/hadd/hadd_32_20260422T163033_2f1ca5f8.root:/scoutingPlots/Nominal/Vertices/Selected/ntk_3/angle_gt_0p10/Topology
hadd Target path: /eos/user/a/amalhotr/tree2plots_streaming/hadd/hadd_32_20260422T163033_2f1ca5f8.root:/scoutingPlots/Nominal/Vertices/Selected/ntk_3/angle_gt_0p10/Topology/Barrel
hadd Target path: /eos/user/a/amalhotr/tree2plots_streaming/hadd/hadd_32_20260422T163033_2f1ca5f8.root:/scoutingPlots/Nominal/Vertices/Selected/ntk_3/angle_gt_0p10/Topology/Endcap
hadd Target path: /eos/user/a/amalhotr/tree2plots_streaming/hadd/hadd_32_20260422T163033_2f1ca5f8.root:/scoutingPlots/Nominal/Vertices/Selected/ntk_3/angle_gt_0p10/Topology/LeftEndcap
hadd Target path: /eos/user/a/amalhotr/tree2plots_streaming/hadd/hadd_32_20260422T163033_2f1ca5f8.root:/scoutingPlots/Nominal/Vertices/Selected/ntk_3/angle_gt_0p10/Topology/RightEndcap
hadd Target path: /eos/user/a/amalhotr/tree2plots_streaming/hadd/hadd_32_20260422T163033_2f1ca5f8.root:/scoutingPlots/Nominal/Vertices/Selected/ntk_3/angle_gt_0p10/PVRegions
hadd Target path: /eos/user/a/amalhotr/tree2plots_streaming/hadd/hadd_32_20260422T163033_2f1ca5f8.root:/scoutingPlots/Nominal/Vertices/Selected/ntk_3/angle_gt_0p10/PVRegions/RegionA
hadd Target path: /eos/user/a/amalhotr/tree2plots_streaming/hadd/hadd_32_20260422T163033_2f1ca5f8.root:/scoutingPlots/Nominal/Vertices/Selected/ntk_3/angle_gt_0p10/PVRegions/RegionB
hadd Target path: /eos/user/a/amalhotr/tree2plots_streaming/hadd/hadd_32_20260422T163033_2f1ca5f8.root:/scoutingPlots/Nominal/Vertices/Selected/ntk_3/angle_gt_0p10/PVRegions/RegionC
hadd Target path: /eos/user/a/amalhotr/tree2plots_streaming/hadd/hadd_32_20260422T163033_2f1ca5f8.root:/scoutingPlots/Nominal/Vertices/Selected/ntk_3/angle_gt_0p25
hadd Target path: /eos/user/a/amalhotr/tree2plots_streaming/hadd/hadd_32_20260422T163033_2f1ca5f8.root:/scoutingPlots/Nominal/Vertices/Selected/ntk_3/angle_gt_0p25/Kinematics
hadd Target path: /eos/user/a/amalhotr/tree2plots_streaming/hadd/hadd_32_20260422T163033_2f1ca5f8.root:/scoutingPlots/Nominal/Vertices/Selected/ntk_3/angle_gt_0p25/Spatial
hadd Target path: /eos/user/a/amalhotr/tree2plots_streaming/hadd/hadd_32_20260422T163033_2f1ca5f8.root:/scoutingPlots/Nominal/Vertices/Selected/ntk_3/angle_gt_0p25/Distance
hadd Target path: /eos/user/a/amalhotr/tree2plots_streaming/hadd/hadd_32_20260422T163033_2f1ca5f8.root:/scoutingPlots/Nominal/Vertices/Selected/ntk_3/angle_gt_0p25/OpeningAngles
hadd Target path: /eos/user/a/amalhotr/tree2plots_streaming/hadd/hadd_32_20260422T163033_2f1ca5f8.root:/scoutingPlots/Nominal/Vertices/Selected/ntk_3/angle_gt_0p25/Topology
hadd Target path: /eos/user/a/amalhotr/tree2plots_streaming/hadd/hadd_32_20260422T163033_2f1ca5f8.root:/scoutingPlots/Nominal/Vertices/Selected/ntk_3/angle_gt_0p25/Topology/Barrel
hadd Target path: /eos/user/a/amalhotr/tree2plots_streaming/hadd/hadd_32_20260422T163033_2f1ca5f8.root:/scoutingPlots/Nominal/Vertices/Selected/ntk_3/angle_gt_0p25/Topology/Endcap
hadd Target path: /eos/user/a/amalhotr/tree2plots_streaming/hadd/hadd_32_20260422T163033_2f1ca5f8.root:/scoutingPlots/Nominal/Vertices/Selected/ntk_3/angle_gt_0p25/Topology/LeftEndcap
hadd Target path: /eos/user/a/amalhotr/tree2plots_streaming/hadd/hadd_32_20260422T163033_2f1ca5f8.root:/scoutingPlots/Nominal/Vertices/Selected/ntk_3/angle_gt_0p25/Topology/RightEndcap
hadd Target path: /eos/user/a/amalhotr/tree2plots_streaming/hadd/hadd_32_20260422T163033_2f1ca5f8.root:/scoutingPlots/Nominal/Vertices/Selected/ntk_3/angle_gt_0p25/PVRegions
hadd Target path: /eos/user/a/amalhotr/tree2plots_streaming/hadd/hadd_32_20260422T163033_2f1ca5f8.root:/scoutingPlots/Nominal/Vertices/Selected/ntk_3/angle_gt_0p25/PVRegions/RegionA
hadd Target path: /eos/user/a/amalhotr/tree2plots_streaming/hadd/hadd_32_20260422T163033_2f1ca5f8.root:/scoutingPlots/Nominal/Vertices/Selected/ntk_3/angle_gt_0p25/PVRegions/RegionB
hadd Target path: /eos/user/a/amalhotr/tree2plots_streaming/hadd/hadd_32_20260422T163033_2f1ca5f8.root:/scoutingPlots/Nominal/Vertices/Selected/ntk_3/angle_gt_0p25/PVRegions/RegionC
hadd Target path: /eos/user/a/amalhotr/tree2plots_streaming/hadd/hadd_32_20260422T163033_2f1ca5f8.root:/scoutingPlots/Nominal/Vertices/Selected/ntk_3/angle_gt_0p50
hadd Target path: /eos/user/a/amalhotr/tree2plots_streaming/hadd/hadd_32_20260422T163033_2f1ca5f8.root:/scoutingPlots/Nominal/Vertices/Selected/ntk_3/angle_gt_0p50/Kinematics
hadd Target path: /eos/user/a/amalhotr/tree2plots_streaming/hadd/hadd_32_20260422T163033_2f1ca5f8.root:/scoutingPlots/Nominal/Vertices/Selected/ntk_3/angle_gt_0p50/Spatial
hadd Target path: /eos/user/a/amalhotr/tree2plots_streaming/hadd/hadd_32_20260422T163033_2f1ca5f8.root:/scoutingPlots/Nominal/Vertices/Selected/ntk_3/angle_gt_0p50/Distance
hadd Target path: /eos/user/a/amalhotr/tree2plots_streaming/hadd/hadd_32_20260422T163033_2f1ca5f8.root:/scoutingPlots/Nominal/Vertices/Selected/ntk_3/angle_gt_0p50/OpeningAngles
hadd Target path: /eos/user/a/amalhotr/tree2plots_streaming/hadd/hadd_32_20260422T163033_2f1ca5f8.root:/scoutingPlots/Nominal/Vertices/Selected/ntk_3/angle_gt_0p50/Topology
hadd Target path: /eos/user/a/amalhotr/tree2plots_streaming/hadd/hadd_32_20260422T163033_2f1ca5f8.root:/scoutingPlots/Nominal/Vertices/Selected/ntk_3/angle_gt_0p50/Topology/Barrel
hadd Target path: /eos/user/a/amalhotr/tree2plots_streaming/hadd/hadd_32_20260422T163033_2f1ca5f8.root:/scoutingPlots/Nominal/Vertices/Selected/ntk_3/angle_gt_0p50/Topology/Endcap
hadd Target path: /eos/user/a/amalhotr/tree2plots_streaming/hadd/hadd_32_20260422T163033_2f1ca5f8.root:/scoutingPlots/Nominal/Vertices/Selected/ntk_3/angle_gt_0p50/Topology/LeftEndcap
hadd Target path: /eos/user/a/amalhotr/tree2plots_streaming/hadd/hadd_32_20260422T163033_2f1ca5f8.root:/scoutingPlots/Nominal/Vertices/Selected/ntk_3/angle_gt_0p50/Topology/RightEndcap
hadd Target path: /eos/user/a/amalhotr/tree2plots_streaming/hadd/hadd_32_20260422T163033_2f1ca5f8.root:/scoutingPlots/Nominal/Vertices/Selected/ntk_3/angle_gt_0p50/PVRegions
hadd Target path: /eos/user/a/amalhotr/tree2plots_streaming/hadd/hadd_32_20260422T163033_2f1ca5f8.root:/scoutingPlots/Nominal/Vertices/Selected/ntk_3/angle_gt_0p50/PVRegions/RegionA
hadd Target path: /eos/user/a/amalhotr/tree2plots_streaming/hadd/hadd_32_20260422T163033_2f1ca5f8.root:/scoutingPlots/Nominal/Vertices/Selected/ntk_3/angle_gt_0p50/PVRegions/RegionB
hadd Target path: /eos/user/a/amalhotr/tree2plots_streaming/hadd/hadd_32_20260422T163033_2f1ca5f8.root:/scoutingPlots/Nominal/Vertices/Selected/ntk_3/angle_gt_0p50/PVRegions/RegionC
hadd Target path: /eos/user/a/amalhotr/tree2plots_streaming/hadd/hadd_32_20260422T163033_2f1ca5f8.root:/scoutingPlots/Nominal/Vertices/Selected/ntk_3/angle_gt_1p00
hadd Target path: /eos/user/a/amalhotr/tree2plots_streaming/hadd/hadd_32_20260422T163033_2f1ca5f8.root:/scoutingPlots/Nominal/Vertices/Selected/ntk_3/angle_gt_1p00/Kinematics
hadd Target path: /eos/user/a/amalhotr/tree2plots_streaming/hadd/hadd_32_20260422T163033_2f1ca5f8.root:/scoutingPlots/Nominal/Vertices/Selected/ntk_3/angle_gt_1p00/Spatial
hadd Target path: /eos/user/a/amalhotr/tree2plots_streaming/hadd/hadd_32_20260422T163033_2f1ca5f8.root:/scoutingPlots/Nominal/Vertices/Selected/ntk_3/angle_gt_1p00/Distance
hadd Target path: /eos/user/a/amalhotr/tree2plots_streaming/hadd/hadd_32_20260422T163033_2f1ca5f8.root:/scoutingPlots/Nominal/Vertices/Selected/ntk_3/angle_gt_1p00/OpeningAngles
hadd Target path: /eos/user/a/amalhotr/tree2plots_streaming/hadd/hadd_32_20260422T163033_2f1ca5f8.root:/scoutingPlots/Nominal/Vertices/Selected/ntk_3/angle_gt_1p00/Topology
hadd Target path: /eos/user/a/amalhotr/tree2plots_streaming/hadd/hadd_32_20260422T163033_2f1ca5f8.root:/scoutingPlots/Nominal/Vertices/Selected/ntk_3/angle_gt_1p00/Topology/Barrel
hadd Target path: /eos/user/a/amalhotr/tree2plots_streaming/hadd/hadd_32_20260422T163033_2f1ca5f8.root:/scoutingPlots/Nominal/Vertices/Selected/ntk_3/angle_gt_1p00/Topology/Endcap
hadd Target path: /eos/user/a/amalhotr/tree2plots_streaming/hadd/hadd_32_20260422T163033_2f1ca5f8.root:/scoutingPlots/Nominal/Vertices/Selected/ntk_3/angle_gt_1p00/Topology/LeftEndcap
hadd Target path: /eos/user/a/amalhotr/tree2plots_streaming/hadd/hadd_32_20260422T163033_2f1ca5f8.root:/scoutingPlots/Nominal/Vertices/Selected/ntk_3/angle_gt_1p00/Topology/RightEndcap
hadd Target path: /eos/user/a/amalhotr/tree2plots_streaming/hadd/hadd_32_20260422T163033_2f1ca5f8.root:/scoutingPlots/Nominal/Vertices/Selected/ntk_3/angle_gt_1p00/PVRegions
hadd Target path: /eos/user/a/amalhotr/tree2plots_streaming/hadd/hadd_32_20260422T163033_2f1ca5f8.root:/scoutingPlots/Nominal/Vertices/Selected/ntk_3/angle_gt_1p00/PVRegions/RegionA
hadd Target path: /eos/user/a/amalhotr/tree2plots_streaming/hadd/hadd_32_20260422T163033_2f1ca5f8.root:/scoutingPlots/Nominal/Vertices/Selected/ntk_3/angle_gt_1p00/PVRegions/RegionB
hadd Target path: /eos/user/a/amalhotr/tree2plots_streaming/hadd/hadd_32_20260422T163033_2f1ca5f8.root:/scoutingPlots/Nominal/Vertices/Selected/ntk_3/angle_gt_1p00/PVRegions/RegionC
hadd Target path: /eos/user/a/amalhotr/tree2plots_streaming/hadd/hadd_32_20260422T163033_2f1ca5f8.root:/scoutingPlots/Nominal/Vertices/Selected/ntk3_or_4
hadd Target path: /eos/user/a/amalhotr/tree2plots_streaming/hadd/hadd_32_20260422T163033_2f1ca5f8.root:/scoutingPlots/Nominal/Vertices/Selected/ntk3_or_4/angle_any
hadd Target path: /eos/user/a/amalhotr/tree2plots_streaming/hadd/hadd_32_20260422T163033_2f1ca5f8.root:/scoutingPlots/Nominal/Vertices/Selected/ntk3_or_4/angle_any/Kinematics
hadd Target path: /eos/user/a/amalhotr/tree2plots_streaming/hadd/hadd_32_20260422T163033_2f1ca5f8.root:/scoutingPlots/Nominal/Vertices/Selected/ntk3_or_4/angle_any/Spatial
hadd Target path: /eos/user/a/amalhotr/tree2plots_streaming/hadd/hadd_32_20260422T163033_2f1ca5f8.root:/scoutingPlots/Nominal/Vertices/Selected/ntk3_or_4/angle_any/Distance
hadd Target path: /eos/user/a/amalhotr/tree2plots_streaming/hadd/hadd_32_20260422T163033_2f1ca5f8.root:/scoutingPlots/Nominal/Vertices/Selected/ntk3_or_4/angle_any/OpeningAngles
hadd Target path: /eos/user/a/amalhotr/tree2plots_streaming/hadd/hadd_32_20260422T163033_2f1ca5f8.root:/scoutingPlots/Nominal/Vertices/Selected/ntk3_or_4/angle_any/Topology
hadd Target path: /eos/user/a/amalhotr/tree2plots_streaming/hadd/hadd_32_20260422T163033_2f1ca5f8.root:/scoutingPlots/Nominal/Vertices/Selected/ntk3_or_4/angle_any/Topology/Barrel
hadd Target path: /eos/user/a/amalhotr/tree2plots_streaming/hadd/hadd_32_20260422T163033_2f1ca5f8.root:/scoutingPlots/Nominal/Vertices/Selected/ntk3_or_4/angle_any/Topology/Endcap
hadd Target path: /eos/user/a/amalhotr/tree2plots_streaming/hadd/hadd_32_20260422T163033_2f1ca5f8.root:/scoutingPlots/Nominal/Vertices/Selected/ntk3_or_4/angle_any/Topology/LeftEndcap
hadd Target path: /eos/user/a/amalhotr/tree2plots_streaming/hadd/hadd_32_20260422T163033_2f1ca5f8.root:/scoutingPlots/Nominal/Vertices/Selected/ntk3_or_4/angle_any/Topology/RightEndcap
hadd Target path: /eos/user/a/amalhotr/tree2plots_streaming/hadd/hadd_32_20260422T163033_2f1ca5f8.root:/scoutingPlots/Nominal/Vertices/Selected/ntk3_or_4/angle_any/PVRegions
hadd Target path: /eos/user/a/amalhotr/tree2plots_streaming/hadd/hadd_32_20260422T163033_2f1ca5f8.root:/scoutingPlots/Nominal/Vertices/Selected/ntk3_or_4/angle_any/PVRegions/RegionA
hadd Target path: /eos/user/a/amalhotr/tree2plots_streaming/hadd/hadd_32_20260422T163033_2f1ca5f8.root:/scoutingPlots/Nominal/Vertices/Selected/ntk3_or_4/angle_any/PVRegions/RegionB
hadd Target path: /eos/user/a/amalhotr/tree2plots_streaming/hadd/hadd_32_20260422T163033_2f1ca5f8.root:/scoutingPlots/Nominal/Vertices/Selected/ntk3_or_4/angle_any/PVRegions/RegionC
hadd Target path: /eos/user/a/amalhotr/tree2plots_streaming/hadd/hadd_32_20260422T163033_2f1ca5f8.root:/scoutingPlots/Nominal/Vertices/Selected/ntk3_or_4/angle_gt_0p05
hadd Target path: /eos/user/a/amalhotr/tree2plots_streaming/hadd/hadd_32_20260422T163033_2f1ca5f8.root:/scoutingPlots/Nominal/Vertices/Selected/ntk3_or_4/angle_gt_0p05/Kinematics
hadd Target path: /eos/user/a/amalhotr/tree2plots_streaming/hadd/hadd_32_20260422T163033_2f1ca5f8.root:/scoutingPlots/Nominal/Vertices/Selected/ntk3_or_4/angle_gt_0p05/Spatial
hadd Target path: /eos/user/a/amalhotr/tree2plots_streaming/hadd/hadd_32_20260422T163033_2f1ca5f8.root:/scoutingPlots/Nominal/Vertices/Selected/ntk3_or_4/angle_gt_0p05/Distance
hadd Target path: /eos/user/a/amalhotr/tree2plots_streaming/hadd/hadd_32_20260422T163033_2f1ca5f8.root:/scoutingPlots/Nominal/Vertices/Selected/ntk3_or_4/angle_gt_0p05/OpeningAngles
hadd Target path: /eos/user/a/amalhotr/tree2plots_streaming/hadd/hadd_32_20260422T163033_2f1ca5f8.root:/scoutingPlots/Nominal/Vertices/Selected/ntk3_or_4/angle_gt_0p05/Topology
hadd Target path: /eos/user/a/amalhotr/tree2plots_streaming/hadd/hadd_32_20260422T163033_2f1ca5f8.root:/scoutingPlots/Nominal/Vertices/Selected/ntk3_or_4/angle_gt_0p05/Topology/Barrel
hadd Target path: /eos/user/a/amalhotr/tree2plots_streaming/hadd/hadd_32_20260422T163033_2f1ca5f8.root:/scoutingPlots/Nominal/Vertices/Selected/ntk3_or_4/angle_gt_0p05/Topology/Endcap
hadd Target path: /eos/user/a/amalhotr/tree2plots_streaming/hadd/hadd_32_20260422T163033_2f1ca5f8.root:/scoutingPlots/Nominal/Vertices/Selected/ntk3_or_4/angle_gt_0p05/Topology/LeftEndcap
hadd Target path: /eos/user/a/amalhotr/tree2plots_streaming/hadd/hadd_32_20260422T163033_2f1ca5f8.root:/scoutingPlots/Nominal/Vertices/Selected/ntk3_or_4/angle_gt_0p05/Topology/RightEndcap
hadd Target path: /eos/user/a/amalhotr/tree2plots_streaming/hadd/hadd_32_20260422T163033_2f1ca5f8.root:/scoutingPlots/Nominal/Vertices/Selected/ntk3_or_4/angle_gt_0p05/PVRegions
hadd Target path: /eos/user/a/amalhotr/tree2plots_streaming/hadd/hadd_32_20260422T163033_2f1ca5f8.root:/scoutingPlots/Nominal/Vertices/Selected/ntk3_or_4/angle_gt_0p05/PVRegions/RegionA
hadd Target path: /eos/user/a/amalhotr/tree2plots_streaming/hadd/hadd_32_20260422T163033_2f1ca5f8.root:/scoutingPlots/Nominal/Vertices/Selected/ntk3_or_4/angle_gt_0p05/PVRegions/RegionB
hadd Target path: /eos/user/a/amalhotr/tree2plots_streaming/hadd/hadd_32_20260422T163033_2f1ca5f8.root:/scoutingPlots/Nominal/Vertices/Selected/ntk3_or_4/angle_gt_0p05/PVRegions/RegionC
hadd Target path: /eos/user/a/amalhotr/tree2plots_streaming/hadd/hadd_32_20260422T163033_2f1ca5f8.root:/scoutingPlots/Nominal/Vertices/Selected/ntk3_or_4/angle_gt_0p10
hadd Target path: /eos/user/a/amalhotr/tree2plots_streaming/hadd/hadd_32_20260422T163033_2f1ca5f8.root:/scoutingPlots/Nominal/Vertices/Selected/ntk3_or_4/angle_gt_0p10/Kinematics
hadd Target path: /eos/user/a/amalhotr/tree2plots_streaming/hadd/hadd_32_20260422T163033_2f1ca5f8.root:/scoutingPlots/Nominal/Vertices/Selected/ntk3_or_4/angle_gt_0p10/Spatial
hadd Target path: /eos/user/a/amalhotr/tree2plots_streaming/hadd/hadd_32_20260422T163033_2f1ca5f8.root:/scoutingPlots/Nominal/Vertices/Selected/ntk3_or_4/angle_gt_0p10/Distance
hadd Target path: /eos/user/a/amalhotr/tree2plots_streaming/hadd/hadd_32_20260422T163033_2f1ca5f8.root:/scoutingPlots/Nominal/Vertices/Selected/ntk3_or_4/angle_gt_0p10/OpeningAngles
hadd Target path: /eos/user/a/amalhotr/tree2plots_streaming/hadd/hadd_32_20260422T163033_2f1ca5f8.root:/scoutingPlots/Nominal/Vertices/Selected/ntk3_or_4/angle_gt_0p10/Topology
hadd Target path: /eos/user/a/amalhotr/tree2plots_streaming/hadd/hadd_32_20260422T163033_2f1ca5f8.root:/scoutingPlots/Nominal/Vertices/Selected/ntk3_or_4/angle_gt_0p10/Topology/Barrel
hadd Target path: /eos/user/a/amalhotr/tree2plots_streaming/hadd/hadd_32_20260422T163033_2f1ca5f8.root:/scoutingPlots/Nominal/Vertices/Selected/ntk3_or_4/angle_gt_0p10/Topology/Endcap
hadd Target path: /eos/user/a/amalhotr/tree2plots_streaming/hadd/hadd_32_20260422T163033_2f1ca5f8.root:/scoutingPlots/Nominal/Vertices/Selected/ntk3_or_4/angle_gt_0p10/Topology/LeftEndcap
hadd Target path: /eos/user/a/amalhotr/tree2plots_streaming/hadd/hadd_32_20260422T163033_2f1ca5f8.root:/scoutingPlots/Nominal/Vertices/Selected/ntk3_or_4/angle_gt_0p10/Topology/RightEndcap
hadd Target path: /eos/user/a/amalhotr/tree2plots_streaming/hadd/hadd_32_20260422T163033_2f1ca5f8.root:/scoutingPlots/Nominal/Vertices/Selected/ntk3_or_4/angle_gt_0p10/PVRegions
hadd Target path: /eos/user/a/amalhotr/tree2plots_streaming/hadd/hadd_32_20260422T163033_2f1ca5f8.root:/scoutingPlots/Nominal/Vertices/Selected/ntk3_or_4/angle_gt_0p10/PVRegions/RegionA
hadd Target path: /eos/user/a/amalhotr/tree2plots_streaming/hadd/hadd_32_20260422T163033_2f1ca5f8.root:/scoutingPlots/Nominal/Vertices/Selected/ntk3_or_4/angle_gt_0p10/PVRegions/RegionB
hadd Target path: /eos/user/a/amalhotr/tree2plots_streaming/hadd/hadd_32_20260422T163033_2f1ca5f8.root:/scoutingPlots/Nominal/Vertices/Selected/ntk3_or_4/angle_gt_0p10/PVRegions/RegionC
hadd Target path: /eos/user/a/amalhotr/tree2plots_streaming/hadd/hadd_32_20260422T163033_2f1ca5f8.root:/scoutingPlots/Nominal/Vertices/Selected/ntk3_or_4/angle_gt_0p25
hadd Target path: /eos/user/a/amalhotr/tree2plots_streaming/hadd/hadd_32_20260422T163033_2f1ca5f8.root:/scoutingPlots/Nominal/Vertices/Selected/ntk3_or_4/angle_gt_0p25/Kinematics
hadd Target path: /eos/user/a/amalhotr/tree2plots_streaming/hadd/hadd_32_20260422T163033_2f1ca5f8.root:/scoutingPlots/Nominal/Vertices/Selected/ntk3_or_4/angle_gt_0p25/Spatial
hadd Target path: /eos/user/a/amalhotr/tree2plots_streaming/hadd/hadd_32_20260422T163033_2f1ca5f8.root:/scoutingPlots/Nominal/Vertices/Selected/ntk3_or_4/angle_gt_0p25/Distance
hadd Target path: /eos/user/a/amalhotr/tree2plots_streaming/hadd/hadd_32_20260422T163033_2f1ca5f8.root:/scoutingPlots/Nominal/Vertices/Selected/ntk3_or_4/angle_gt_0p25/OpeningAngles
hadd Target path: /eos/user/a/amalhotr/tree2plots_streaming/hadd/hadd_32_20260422T163033_2f1ca5f8.root:/scoutingPlots/Nominal/Vertices/Selected/ntk3_or_4/angle_gt_0p25/Topology
hadd Target path: /eos/user/a/amalhotr/tree2plots_streaming/hadd/hadd_32_20260422T163033_2f1ca5f8.root:/scoutingPlots/Nominal/Vertices/Selected/ntk3_or_4/angle_gt_0p25/Topology/Barrel
hadd Target path: /eos/user/a/amalhotr/tree2plots_streaming/hadd/hadd_32_20260422T163033_2f1ca5f8.root:/scoutingPlots/Nominal/Vertices/Selected/ntk3_or_4/angle_gt_0p25/Topology/Endcap
hadd Target path: /eos/user/a/amalhotr/tree2plots_streaming/hadd/hadd_32_20260422T163033_2f1ca5f8.root:/scoutingPlots/Nominal/Vertices/Selected/ntk3_or_4/angle_gt_0p25/Topology/LeftEndcap
hadd Target path: /eos/user/a/amalhotr/tree2plots_streaming/hadd/hadd_32_20260422T163033_2f1ca5f8.root:/scoutingPlots/Nominal/Vertices/Selected/ntk3_or_4/angle_gt_0p25/Topology/RightEndcap
hadd Target path: /eos/user/a/amalhotr/tree2plots_streaming/hadd/hadd_32_20260422T163033_2f1ca5f8.root:/scoutingPlots/Nominal/Vertices/Selected/ntk3_or_4/angle_gt_0p25/PVRegions
hadd Target path: /eos/user/a/amalhotr/tree2plots_streaming/hadd/hadd_32_20260422T163033_2f1ca5f8.root:/scoutingPlots/Nominal/Vertices/Selected/ntk3_or_4/angle_gt_0p25/PVRegions/RegionA
hadd Target path: /eos/user/a/amalhotr/tree2plots_streaming/hadd/hadd_32_20260422T163033_2f1ca5f8.root:/scoutingPlots/Nominal/Vertices/Selected/ntk3_or_4/angle_gt_0p25/PVRegions/RegionB
hadd Target path: /eos/user/a/amalhotr/tree2plots_streaming/hadd/hadd_32_20260422T163033_2f1ca5f8.root:/scoutingPlots/Nominal/Vertices/Selected/ntk3_or_4/angle_gt_0p25/PVRegions/RegionC
hadd Target path: /eos/user/a/amalhotr/tree2plots_streaming/hadd/hadd_32_20260422T163033_2f1ca5f8.root:/scoutingPlots/Nominal/Vertices/Selected/ntk3_or_4/angle_gt_0p50
hadd Target path: /eos/user/a/amalhotr/tree2plots_streaming/hadd/hadd_32_20260422T163033_2f1ca5f8.root:/scoutingPlots/Nominal/Vertices/Selected/ntk3_or_4/angle_gt_0p50/Kinematics
hadd Target path: /eos/user/a/amalhotr/tree2plots_streaming/hadd/hadd_32_20260422T163033_2f1ca5f8.root:/scoutingPlots/Nominal/Vertices/Selected/ntk3_or_4/angle_gt_0p50/Spatial
hadd Target path: /eos/user/a/amalhotr/tree2plots_streaming/hadd/hadd_32_20260422T163033_2f1ca5f8.root:/scoutingPlots/Nominal/Vertices/Selected/ntk3_or_4/angle_gt_0p50/Distance
hadd Target path: /eos/user/a/amalhotr/tree2plots_streaming/hadd/hadd_32_20260422T163033_2f1ca5f8.root:/scoutingPlots/Nominal/Vertices/Selected/ntk3_or_4/angle_gt_0p50/OpeningAngles
hadd Target path: /eos/user/a/amalhotr/tree2plots_streaming/hadd/hadd_32_20260422T163033_2f1ca5f8.root:/scoutingPlots/Nominal/Vertices/Selected/ntk3_or_4/angle_gt_0p50/Topology
hadd Target path: /eos/user/a/amalhotr/tree2plots_streaming/hadd/hadd_32_20260422T163033_2f1ca5f8.root:/scoutingPlots/Nominal/Vertices/Selected/ntk3_or_4/angle_gt_0p50/Topology/Barrel
hadd Target path: /eos/user/a/amalhotr/tree2plots_streaming/hadd/hadd_32_20260422T163033_2f1ca5f8.root:/scoutingPlots/Nominal/Vertices/Selected/ntk3_or_4/angle_gt_0p50/Topology/Endcap
hadd Target path: /eos/user/a/amalhotr/tree2plots_streaming/hadd/hadd_32_20260422T163033_2f1ca5f8.root:/scoutingPlots/Nominal/Vertices/Selected/ntk3_or_4/angle_gt_0p50/Topology/LeftEndcap
hadd Target path: /eos/user/a/amalhotr/tree2plots_streaming/hadd/hadd_32_20260422T163033_2f1ca5f8.root:/scoutingPlots/Nominal/Vertices/Selected/ntk3_or_4/angle_gt_0p50/Topology/RightEndcap
hadd Target path: /eos/user/a/amalhotr/tree2plots_streaming/hadd/hadd_32_20260422T163033_2f1ca5f8.root:/scoutingPlots/Nominal/Vertices/Selected/ntk3_or_4/angle_gt_0p50/PVRegions
hadd Target path: /eos/user/a/amalhotr/tree2plots_streaming/hadd/hadd_32_20260422T163033_2f1ca5f8.root:/scoutingPlots/Nominal/Vertices/Selected/ntk3_or_4/angle_gt_0p50/PVRegions/RegionA
hadd Target path: /eos/user/a/amalhotr/tree2plots_streaming/hadd/hadd_32_20260422T163033_2f1ca5f8.root:/scoutingPlots/Nominal/Vertices/Selected/ntk3_or_4/angle_gt_0p50/PVRegions/RegionB
hadd Target path: /eos/user/a/amalhotr/tree2plots_streaming/hadd/hadd_32_20260422T163033_2f1ca5f8.root:/scoutingPlots/Nominal/Vertices/Selected/ntk3_or_4/angle_gt_0p50/PVRegions/RegionC
hadd Target path: /eos/user/a/amalhotr/tree2plots_streaming/hadd/hadd_32_20260422T163033_2f1ca5f8.root:/scoutingPlots/Nominal/Vertices/Selected/ntk3_or_4/angle_gt_1p00
hadd Target path: /eos/user/a/amalhotr/tree2plots_streaming/hadd/hadd_32_20260422T163033_2f1ca5f8.root:/scoutingPlots/Nominal/Vertices/Selected/ntk3_or_4/angle_gt_1p00/Kinematics
hadd Target path: /eos/user/a/amalhotr/tree2plots_streaming/hadd/hadd_32_20260422T163033_2f1ca5f8.root:/scoutingPlots/Nominal/Vertices/Selected/ntk3_or_4/angle_gt_1p00/Spatial
hadd Target path: /eos/user/a/amalhotr/tree2plots_streaming/hadd/hadd_32_20260422T163033_2f1ca5f8.root:/scoutingPlots/Nominal/Vertices/Selected/ntk3_or_4/angle_gt_1p00/Distance
hadd Target path: /eos/user/a/amalhotr/tree2plots_streaming/hadd/hadd_32_20260422T163033_2f1ca5f8.root:/scoutingPlots/Nominal/Vertices/Selected/ntk3_or_4/angle_gt_1p00/OpeningAngles
hadd Target path: /eos/user/a/amalhotr/tree2plots_streaming/hadd/hadd_32_20260422T163033_2f1ca5f8.root:/scoutingPlots/Nominal/Vertices/Selected/ntk3_or_4/angle_gt_1p00/Topology
hadd Target path: /eos/user/a/amalhotr/tree2plots_streaming/hadd/hadd_32_20260422T163033_2f1ca5f8.root:/scoutingPlots/Nominal/Vertices/Selected/ntk3_or_4/angle_gt_1p00/Topology/Barrel
hadd Target path: /eos/user/a/amalhotr/tree2plots_streaming/hadd/hadd_32_20260422T163033_2f1ca5f8.root:/scoutingPlots/Nominal/Vertices/Selected/ntk3_or_4/angle_gt_1p00/Topology/Endcap
hadd Target path: /eos/user/a/amalhotr/tree2plots_streaming/hadd/hadd_32_20260422T163033_2f1ca5f8.root:/scoutingPlots/Nominal/Vertices/Selected/ntk3_or_4/angle_gt_1p00/Topology/LeftEndcap
hadd Target path: /eos/user/a/amalhotr/tree2plots_streaming/hadd/hadd_32_20260422T163033_2f1ca5f8.root:/scoutingPlots/Nominal/Vertices/Selected/ntk3_or_4/angle_gt_1p00/Topology/RightEndcap
hadd Target path: /eos/user/a/amalhotr/tree2plots_streaming/hadd/hadd_32_20260422T163033_2f1ca5f8.root:/scoutingPlots/Nominal/Vertices/Selected/ntk3_or_4/angle_gt_1p00/PVRegions
hadd Target path: /eos/user/a/amalhotr/tree2plots_streaming/hadd/hadd_32_20260422T163033_2f1ca5f8.root:/scoutingPlots/Nominal/Vertices/Selected/ntk3_or_4/angle_gt_1p00/PVRegions/RegionA
hadd Target path: /eos/user/a/amalhotr/tree2plots_streaming/hadd/hadd_32_20260422T163033_2f1ca5f8.root:/scoutingPlots/Nominal/Vertices/Selected/ntk3_or_4/angle_gt_1p00/PVRegions/RegionB
hadd Target path: /eos/user/a/amalhotr/tree2plots_streaming/hadd/hadd_32_20260422T163033_2f1ca5f8.root:/scoutingPlots/Nominal/Vertices/Selected/ntk3_or_4/angle_gt_1p00/PVRegions/RegionC
hadd Target path: /eos/user/a/amalhotr/tree2plots_streaming/hadd/hadd_32_20260422T163033_2f1ca5f8.root:/scoutingPlots/Nominal/Tracks
hadd Target path: /eos/user/a/amalhotr/tree2plots_streaming/hadd/hadd_32_20260422T163033_2f1ca5f8.root:/scoutingPlots/Nominal/Tracks/All
hadd Target path: /eos/user/a/amalhotr/tree2plots_streaming/hadd/hadd_32_20260422T163033_2f1ca5f8.root:/scoutingPlots/Nominal/Tracks/All/Kinematics
hadd Target path: /eos/user/a/amalhotr/tree2plots_streaming/hadd/hadd_32_20260422T163033_2f1ca5f8.root:/scoutingPlots/Nominal/Tracks/All/ImpactParameter
hadd Target path: /eos/user/a/amalhotr/tree2plots_streaming/hadd/hadd_32_20260422T163033_2f1ca5f8.root:/scoutingPlots/Nominal/Tracks/SeedLike
hadd Target path: /eos/user/a/amalhotr/tree2plots_streaming/hadd/hadd_32_20260422T163033_2f1ca5f8.root:/scoutingPlots/Nominal/Tracks/SeedLike/Kinematics
hadd Target path: /eos/user/a/amalhotr/tree2plots_streaming/hadd/hadd_32_20260422T163033_2f1ca5f8.root:/scoutingPlots/Nominal/Tracks/SeedLike/ImpactParameter
hadd Target path: /eos/user/a/amalhotr/tree2plots_streaming/hadd/hadd_32_20260422T163033_2f1ca5f8.root:/scoutingPlots/Nominal/Tracks/VertexAssociated
hadd Target path: /eos/user/a/amalhotr/tree2plots_streaming/hadd/hadd_32_20260422T163033_2f1ca5f8.root:/scoutingPlots/Nominal/Tracks/VertexAssociated/Kinematics
hadd Target path: /eos/user/a/amalhotr/tree2plots_streaming/hadd/hadd_32_20260422T163033_2f1ca5f8.root:/scoutingPlots/Nominal/Tracks/VertexAssociated/ImpactParameter
hadd Target path: /eos/user/a/amalhotr/tree2plots_streaming/hadd/hadd_32_20260422T163033_2f1ca5f8.root:/scoutingPlots/WithHitCuts
hadd Target path: /eos/user/a/amalhotr/tree2plots_streaming/hadd/hadd_32_20260422T163033_2f1ca5f8.root:/scoutingPlots/WithHitCuts/Event
hadd Target path: /eos/user/a/amalhotr/tree2plots_streaming/hadd/hadd_32_20260422T163033_2f1ca5f8.root:/scoutingPlots/WithHitCuts/Vertices
hadd Target path: /eos/user/a/amalhotr/tree2plots_streaming/hadd/hadd_32_20260422T163033_2f1ca5f8.root:/scoutingPlots/WithHitCuts/Vertices/Selected
hadd Target path: /eos/user/a/amalhotr/tree2plots_streaming/hadd/hadd_32_20260422T163033_2f1ca5f8.root:/scoutingPlots/WithHitCuts/Vertices/Selected/ntk_3
hadd Target path: /eos/user/a/amalhotr/tree2plots_streaming/hadd/hadd_32_20260422T163033_2f1ca5f8.root:/scoutingPlots/WithHitCuts/Vertices/Selected/ntk_3/angle_any
hadd Target path: /eos/user/a/amalhotr/tree2plots_streaming/hadd/hadd_32_20260422T163033_2f1ca5f8.root:/scoutingPlots/WithHitCuts/Vertices/Selected/ntk_3/angle_any/Kinematics
hadd Target path: /eos/user/a/amalhotr/tree2plots_streaming/hadd/hadd_32_20260422T163033_2f1ca5f8.root:/scoutingPlots/WithHitCuts/Vertices/Selected/ntk_3/angle_any/Spatial
hadd Target path: /eos/user/a/amalhotr/tree2plots_streaming/hadd/hadd_32_20260422T163033_2f1ca5f8.root:/scoutingPlots/WithHitCuts/Vertices/Selected/ntk_3/angle_any/Distance
hadd Target path: /eos/user/a/amalhotr/tree2plots_streaming/hadd/hadd_32_20260422T163033_2f1ca5f8.root:/scoutingPlots/WithHitCuts/Vertices/Selected/ntk_3/angle_any/OpeningAngles
hadd Target path: /eos/user/a/amalhotr/tree2plots_streaming/hadd/hadd_32_20260422T163033_2f1ca5f8.root:/scoutingPlots/WithHitCuts/Vertices/Selected/ntk_3/angle_any/Topology
hadd Target path: /eos/user/a/amalhotr/tree2plots_streaming/hadd/hadd_32_20260422T163033_2f1ca5f8.root:/scoutingPlots/WithHitCuts/Vertices/Selected/ntk_3/angle_any/Topology/Barrel
hadd Target path: /eos/user/a/amalhotr/tree2plots_streaming/hadd/hadd_32_20260422T163033_2f1ca5f8.root:/scoutingPlots/WithHitCuts/Vertices/Selected/ntk_3/angle_any/Topology/Endcap
hadd Target path: /eos/user/a/amalhotr/tree2plots_streaming/hadd/hadd_32_20260422T163033_2f1ca5f8.root:/scoutingPlots/WithHitCuts/Vertices/Selected/ntk_3/angle_any/Topology/LeftEndcap
hadd Target path: /eos/user/a/amalhotr/tree2plots_streaming/hadd/hadd_32_20260422T163033_2f1ca5f8.root:/scoutingPlots/WithHitCuts/Vertices/Selected/ntk_3/angle_any/Topology/RightEndcap
hadd Target path: /eos/user/a/amalhotr/tree2plots_streaming/hadd/hadd_32_20260422T163033_2f1ca5f8.root:/scoutingPlots/WithHitCuts/Vertices/Selected/ntk_3/angle_any/PVRegions
hadd Target path: /eos/user/a/amalhotr/tree2plots_streaming/hadd/hadd_32_20260422T163033_2f1ca5f8.root:/scoutingPlots/WithHitCuts/Vertices/Selected/ntk_3/angle_any/PVRegions/RegionA
hadd Target path: /eos/user/a/amalhotr/tree2plots_streaming/hadd/hadd_32_20260422T163033_2f1ca5f8.root:/scoutingPlots/WithHitCuts/Vertices/Selected/ntk_3/angle_any/PVRegions/RegionB
hadd Target path: /eos/user/a/amalhotr/tree2plots_streaming/hadd/hadd_32_20260422T163033_2f1ca5f8.root:/scoutingPlots/WithHitCuts/Vertices/Selected/ntk_3/angle_any/PVRegions/RegionC
hadd Target path: /eos/user/a/amalhotr/tree2plots_streaming/hadd/hadd_32_20260422T163033_2f1ca5f8.root:/scoutingPlots/WithHitCuts/Vertices/Selected/ntk_3/angle_gt_0p05
hadd Target path: /eos/user/a/amalhotr/tree2plots_streaming/hadd/hadd_32_20260422T163033_2f1ca5f8.root:/scoutingPlots/WithHitCuts/Vertices/Selected/ntk_3/angle_gt_0p05/Kinematics
hadd Target path: /eos/user/a/amalhotr/tree2plots_streaming/hadd/hadd_32_20260422T163033_2f1ca5f8.root:/scoutingPlots/WithHitCuts/Vertices/Selected/ntk_3/angle_gt_0p05/Spatial
hadd Target path: /eos/user/a/amalhotr/tree2plots_streaming/hadd/hadd_32_20260422T163033_2f1ca5f8.root:/scoutingPlots/WithHitCuts/Vertices/Selected/ntk_3/angle_gt_0p05/Distance
hadd Target path: /eos/user/a/amalhotr/tree2plots_streaming/hadd/hadd_32_20260422T163033_2f1ca5f8.root:/scoutingPlots/WithHitCuts/Vertices/Selected/ntk_3/angle_gt_0p05/OpeningAngles
hadd Target path: /eos/user/a/amalhotr/tree2plots_streaming/hadd/hadd_32_20260422T163033_2f1ca5f8.root:/scoutingPlots/WithHitCuts/Vertices/Selected/ntk_3/angle_gt_0p05/Topology
hadd Target path: /eos/user/a/amalhotr/tree2plots_streaming/hadd/hadd_32_20260422T163033_2f1ca5f8.root:/scoutingPlots/WithHitCuts/Vertices/Selected/ntk_3/angle_gt_0p05/Topology/Barrel
hadd Target path: /eos/user/a/amalhotr/tree2plots_streaming/hadd/hadd_32_20260422T163033_2f1ca5f8.root:/scoutingPlots/WithHitCuts/Vertices/Selected/ntk_3/angle_gt_0p05/Topology/Endcap
hadd Target path: /eos/user/a/amalhotr/tree2plots_streaming/hadd/hadd_32_20260422T163033_2f1ca5f8.root:/scoutingPlots/WithHitCuts/Vertices/Selected/ntk_3/angle_gt_0p05/Topology/LeftEndcap
hadd Target path: /eos/user/a/amalhotr/tree2plots_streaming/hadd/hadd_32_20260422T163033_2f1ca5f8.root:/scoutingPlots/WithHitCuts/Vertices/Selected/ntk_3/angle_gt_0p05/Topology/RightEndcap
hadd Target path: /eos/user/a/amalhotr/tree2plots_streaming/hadd/hadd_32_20260422T163033_2f1ca5f8.root:/scoutingPlots/WithHitCuts/Vertices/Selected/ntk_3/angle_gt_0p05/PVRegions
hadd Target path: /eos/user/a/amalhotr/tree2plots_streaming/hadd/hadd_32_20260422T163033_2f1ca5f8.root:/scoutingPlots/WithHitCuts/Vertices/Selected/ntk_3/angle_gt_0p05/PVRegions/RegionA
hadd Target path: /eos/user/a/amalhotr/tree2plots_streaming/hadd/hadd_32_20260422T163033_2f1ca5f8.root:/scoutingPlots/WithHitCuts/Vertices/Selected/ntk_3/angle_gt_0p05/PVRegions/RegionB
hadd Target path: /eos/user/a/amalhotr/tree2plots_streaming/hadd/hadd_32_20260422T163033_2f1ca5f8.root:/scoutingPlots/WithHitCuts/Vertices/Selected/ntk_3/angle_gt_0p05/PVRegions/RegionC
hadd Target path: /eos/user/a/amalhotr/tree2plots_streaming/hadd/hadd_32_20260422T163033_2f1ca5f8.root:/scoutingPlots/WithHitCuts/Vertices/Selected/ntk_3/angle_gt_0p10
hadd Target path: /eos/user/a/amalhotr/tree2plots_streaming/hadd/hadd_32_20260422T163033_2f1ca5f8.root:/scoutingPlots/WithHitCuts/Vertices/Selected/ntk_3/angle_gt_0p10/Kinematics
hadd Target path: /eos/user/a/amalhotr/tree2plots_streaming/hadd/hadd_32_20260422T163033_2f1ca5f8.root:/scoutingPlots/WithHitCuts/Vertices/Selected/ntk_3/angle_gt_0p10/Spatial
hadd Target path: /eos/user/a/amalhotr/tree2plots_streaming/hadd/hadd_32_20260422T163033_2f1ca5f8.root:/scoutingPlots/WithHitCuts/Vertices/Selected/ntk_3/angle_gt_0p10/Distance
hadd Target path: /eos/user/a/amalhotr/tree2plots_streaming/hadd/hadd_32_20260422T163033_2f1ca5f8.root:/scoutingPlots/WithHitCuts/Vertices/Selected/ntk_3/angle_gt_0p10/OpeningAngles
hadd Target path: /eos/user/a/amalhotr/tree2plots_streaming/hadd/hadd_32_20260422T163033_2f1ca5f8.root:/scoutingPlots/WithHitCuts/Vertices/Selected/ntk_3/angle_gt_0p10/Topology
hadd Target path: /eos/user/a/amalhotr/tree2plots_streaming/hadd/hadd_32_20260422T163033_2f1ca5f8.root:/scoutingPlots/WithHitCuts/Vertices/Selected/ntk_3/angle_gt_0p10/Topology/Barrel
hadd Target path: /eos/user/a/amalhotr/tree2plots_streaming/hadd/hadd_32_20260422T163033_2f1ca5f8.root:/scoutingPlots/WithHitCuts/Vertices/Selected/ntk_3/angle_gt_0p10/Topology/Endcap
hadd Target path: /eos/user/a/amalhotr/tree2plots_streaming/hadd/hadd_32_20260422T163033_2f1ca5f8.root:/scoutingPlots/WithHitCuts/Vertices/Selected/ntk_3/angle_gt_0p10/Topology/LeftEndcap
hadd Target path: /eos/user/a/amalhotr/tree2plots_streaming/hadd/hadd_32_20260422T163033_2f1ca5f8.root:/scoutingPlots/WithHitCuts/Vertices/Selected/ntk_3/angle_gt_0p10/Topology/RightEndcap
hadd Target path: /eos/user/a/amalhotr/tree2plots_streaming/hadd/hadd_32_20260422T163033_2f1ca5f8.root:/scoutingPlots/WithHitCuts/Vertices/Selected/ntk_3/angle_gt_0p10/PVRegions
hadd Target path: /eos/user/a/amalhotr/tree2plots_streaming/hadd/hadd_32_20260422T163033_2f1ca5f8.root:/scoutingPlots/WithHitCuts/Vertices/Selected/ntk_3/angle_gt_0p10/PVRegions/RegionA
hadd Target path: /eos/user/a/amalhotr/tree2plots_streaming/hadd/hadd_32_20260422T163033_2f1ca5f8.root:/scoutingPlots/WithHitCuts/Vertices/Selected/ntk_3/angle_gt_0p10/PVRegions/RegionB
hadd Target path: /eos/user/a/amalhotr/tree2plots_streaming/hadd/hadd_32_20260422T163033_2f1ca5f8.root:/scoutingPlots/WithHitCuts/Vertices/Selected/ntk_3/angle_gt_0p10/PVRegions/RegionC
hadd Target path: /eos/user/a/amalhotr/tree2plots_streaming/hadd/hadd_32_20260422T163033_2f1ca5f8.root:/scoutingPlots/WithHitCuts/Vertices/Selected/ntk_3/angle_gt_0p25
hadd Target path: /eos/user/a/amalhotr/tree2plots_streaming/hadd/hadd_32_20260422T163033_2f1ca5f8.root:/scoutingPlots/WithHitCuts/Vertices/Selected/ntk_3/angle_gt_0p25/Kinematics
hadd Target path: /eos/user/a/amalhotr/tree2plots_streaming/hadd/hadd_32_20260422T163033_2f1ca5f8.root:/scoutingPlots/WithHitCuts/Vertices/Selected/ntk_3/angle_gt_0p25/Spatial
hadd Target path: /eos/user/a/amalhotr/tree2plots_streaming/hadd/hadd_32_20260422T163033_2f1ca5f8.root:/scoutingPlots/WithHitCuts/Vertices/Selected/ntk_3/angle_gt_0p25/Distance
hadd Target path: /eos/user/a/amalhotr/tree2plots_streaming/hadd/hadd_32_20260422T163033_2f1ca5f8.root:/scoutingPlots/WithHitCuts/Vertices/Selected/ntk_3/angle_gt_0p25/OpeningAngles
hadd Target path: /eos/user/a/amalhotr/tree2plots_streaming/hadd/hadd_32_20260422T163033_2f1ca5f8.root:/scoutingPlots/WithHitCuts/Vertices/Selected/ntk_3/angle_gt_0p25/Topology
hadd Target path: /eos/user/a/amalhotr/tree2plots_streaming/hadd/hadd_32_20260422T163033_2f1ca5f8.root:/scoutingPlots/WithHitCuts/Vertices/Selected/ntk_3/angle_gt_0p25/Topology/Barrel
hadd Target path: /eos/user/a/amalhotr/tree2plots_streaming/hadd/hadd_32_20260422T163033_2f1ca5f8.root:/scoutingPlots/WithHitCuts/Vertices/Selected/ntk_3/angle_gt_0p25/Topology/Endcap
hadd Target path: /eos/user/a/amalhotr/tree2plots_streaming/hadd/hadd_32_20260422T163033_2f1ca5f8.root:/scoutingPlots/WithHitCuts/Vertices/Selected/ntk_3/angle_gt_0p25/Topology/LeftEndcap
hadd Target path: /eos/user/a/amalhotr/tree2plots_streaming/hadd/hadd_32_20260422T163033_2f1ca5f8.root:/scoutingPlots/WithHitCuts/Vertices/Selected/ntk_3/angle_gt_0p25/Topology/RightEndcap
hadd Target path: /eos/user/a/amalhotr/tree2plots_streaming/hadd/hadd_32_20260422T163033_2f1ca5f8.root:/scoutingPlots/WithHitCuts/Vertices/Selected/ntk_3/angle_gt_0p25/PVRegions
hadd Target path: /eos/user/a/amalhotr/tree2plots_streaming/hadd/hadd_32_20260422T163033_2f1ca5f8.root:/scoutingPlots/WithHitCuts/Vertices/Selected/ntk_3/angle_gt_0p25/PVRegions/RegionA
hadd Target path: /eos/user/a/amalhotr/tree2plots_streaming/hadd/hadd_32_20260422T163033_2f1ca5f8.root:/scoutingPlots/WithHitCuts/Vertices/Selected/ntk_3/angle_gt_0p25/PVRegions/RegionB
hadd Target path: /eos/user/a/amalhotr/tree2plots_streaming/hadd/hadd_32_20260422T163033_2f1ca5f8.root:/scoutingPlots/WithHitCuts/Vertices/Selected/ntk_3/angle_gt_0p25/PVRegions/RegionC
hadd Target path: /eos/user/a/amalhotr/tree2plots_streaming/hadd/hadd_32_20260422T163033_2f1ca5f8.root:/scoutingPlots/WithHitCuts/Vertices/Selected/ntk_3/angle_gt_0p50
hadd Target path: /eos/user/a/amalhotr/tree2plots_streaming/hadd/hadd_32_20260422T163033_2f1ca5f8.root:/scoutingPlots/WithHitCuts/Vertices/Selected/ntk_3/angle_gt_0p50/Kinematics
hadd Target path: /eos/user/a/amalhotr/tree2plots_streaming/hadd/hadd_32_20260422T163033_2f1ca5f8.root:/scoutingPlots/WithHitCuts/Vertices/Selected/ntk_3/angle_gt_0p50/Spatial
hadd Target path: /eos/user/a/amalhotr/tree2plots_streaming/hadd/hadd_32_20260422T163033_2f1ca5f8.root:/scoutingPlots/WithHitCuts/Vertices/Selected/ntk_3/angle_gt_0p50/Distance
hadd Target path: /eos/user/a/amalhotr/tree2plots_streaming/hadd/hadd_32_20260422T163033_2f1ca5f8.root:/scoutingPlots/WithHitCuts/Vertices/Selected/ntk_3/angle_gt_0p50/OpeningAngles
hadd Target path: /eos/user/a/amalhotr/tree2plots_streaming/hadd/hadd_32_20260422T163033_2f1ca5f8.root:/scoutingPlots/WithHitCuts/Vertices/Selected/ntk_3/angle_gt_0p50/Topology
hadd Target path: /eos/user/a/amalhotr/tree2plots_streaming/hadd/hadd_32_20260422T163033_2f1ca5f8.root:/scoutingPlots/WithHitCuts/Vertices/Selected/ntk_3/angle_gt_0p50/Topology/Barrel
hadd Target path: /eos/user/a/amalhotr/tree2plots_streaming/hadd/hadd_32_20260422T163033_2f1ca5f8.root:/scoutingPlots/WithHitCuts/Vertices/Selected/ntk_3/angle_gt_0p50/Topology/Endcap
hadd Target path: /eos/user/a/amalhotr/tree2plots_streaming/hadd/hadd_32_20260422T163033_2f1ca5f8.root:/scoutingPlots/WithHitCuts/Vertices/Selected/ntk_3/angle_gt_0p50/Topology/LeftEndcap
hadd Target path: /eos/user/a/amalhotr/tree2plots_streaming/hadd/hadd_32_20260422T163033_2f1ca5f8.root:/scoutingPlots/WithHitCuts/Vertices/Selected/ntk_3/angle_gt_0p50/Topology/RightEndcap
hadd Target path: /eos/user/a/amalhotr/tree2plots_streaming/hadd/hadd_32_20260422T163033_2f1ca5f8.root:/scoutingPlots/WithHitCuts/Vertices/Selected/ntk_3/angle_gt_0p50/PVRegions
hadd Target path: /eos/user/a/amalhotr/tree2plots_streaming/hadd/hadd_32_20260422T163033_2f1ca5f8.root:/scoutingPlots/WithHitCuts/Vertices/Selected/ntk_3/angle_gt_0p50/PVRegions/RegionA
hadd Target path: /eos/user/a/amalhotr/tree2plots_streaming/hadd/hadd_32_20260422T163033_2f1ca5f8.root:/scoutingPlots/WithHitCuts/Vertices/Selected/ntk_3/angle_gt_0p50/PVRegions/RegionB
hadd Target path: /eos/user/a/amalhotr/tree2plots_streaming/hadd/hadd_32_20260422T163033_2f1ca5f8.root:/scoutingPlots/WithHitCuts/Vertices/Selected/ntk_3/angle_gt_0p50/PVRegions/RegionC
hadd Target path: /eos/user/a/amalhotr/tree2plots_streaming/hadd/hadd_32_20260422T163033_2f1ca5f8.root:/scoutingPlots/WithHitCuts/Vertices/Selected/ntk_3/angle_gt_1p00
hadd Target path: /eos/user/a/amalhotr/tree2plots_streaming/hadd/hadd_32_20260422T163033_2f1ca5f8.root:/scoutingPlots/WithHitCuts/Vertices/Selected/ntk_3/angle_gt_1p00/Kinematics
hadd Target path: /eos/user/a/amalhotr/tree2plots_streaming/hadd/hadd_32_20260422T163033_2f1ca5f8.root:/scoutingPlots/WithHitCuts/Vertices/Selected/ntk_3/angle_gt_1p00/Spatial
hadd Target path: /eos/user/a/amalhotr/tree2plots_streaming/hadd/hadd_32_20260422T163033_2f1ca5f8.root:/scoutingPlots/WithHitCuts/Vertices/Selected/ntk_3/angle_gt_1p00/Distance
hadd Target path: /eos/user/a/amalhotr/tree2plots_streaming/hadd/hadd_32_20260422T163033_2f1ca5f8.root:/scoutingPlots/WithHitCuts/Vertices/Selected/ntk_3/angle_gt_1p00/OpeningAngles
hadd Target path: /eos/user/a/amalhotr/tree2plots_streaming/hadd/hadd_32_20260422T163033_2f1ca5f8.root:/scoutingPlots/WithHitCuts/Vertices/Selected/ntk_3/angle_gt_1p00/Topology
hadd Target path: /eos/user/a/amalhotr/tree2plots_streaming/hadd/hadd_32_20260422T163033_2f1ca5f8.root:/scoutingPlots/WithHitCuts/Vertices/Selected/ntk_3/angle_gt_1p00/Topology/Barrel
hadd Target path: /eos/user/a/amalhotr/tree2plots_streaming/hadd/hadd_32_20260422T163033_2f1ca5f8.root:/scoutingPlots/WithHitCuts/Vertices/Selected/ntk_3/angle_gt_1p00/Topology/Endcap
hadd Target path: /eos/user/a/amalhotr/tree2plots_streaming/hadd/hadd_32_20260422T163033_2f1ca5f8.root:/scoutingPlots/WithHitCuts/Vertices/Selected/ntk_3/angle_gt_1p00/Topology/LeftEndcap
hadd Target path: /eos/user/a/amalhotr/tree2plots_streaming/hadd/hadd_32_20260422T163033_2f1ca5f8.root:/scoutingPlots/WithHitCuts/Vertices/Selected/ntk_3/angle_gt_1p00/Topology/RightEndcap
hadd Target path: /eos/user/a/amalhotr/tree2plots_streaming/hadd/hadd_32_20260422T163033_2f1ca5f8.root:/scoutingPlots/WithHitCuts/Vertices/Selected/ntk_3/angle_gt_1p00/PVRegions
hadd Target path: /eos/user/a/amalhotr/tree2plots_streaming/hadd/hadd_32_20260422T163033_2f1ca5f8.root:/scoutingPlots/WithHitCuts/Vertices/Selected/ntk_3/angle_gt_1p00/PVRegions/RegionA
hadd Target path: /eos/user/a/amalhotr/tree2plots_streaming/hadd/hadd_32_20260422T163033_2f1ca5f8.root:/scoutingPlots/WithHitCuts/Vertices/Selected/ntk_3/angle_gt_1p00/PVRegions/RegionB
hadd Target path: /eos/user/a/amalhotr/tree2plots_streaming/hadd/hadd_32_20260422T163033_2f1ca5f8.root:/scoutingPlots/WithHitCuts/Vertices/Selected/ntk_3/angle_gt_1p00/PVRegions/RegionC
hadd Target path: /eos/user/a/amalhotr/tree2plots_streaming/hadd/hadd_32_20260422T163033_2f1ca5f8.root:/scoutingPlots/WithHitCuts/Vertices/Selected/ntk3_or_4
hadd Target path: /eos/user/a/amalhotr/tree2plots_streaming/hadd/hadd_32_20260422T163033_2f1ca5f8.root:/scoutingPlots/WithHitCuts/Vertices/Selected/ntk3_or_4/angle_any
hadd Target path: /eos/user/a/amalhotr/tree2plots_streaming/hadd/hadd_32_20260422T163033_2f1ca5f8.root:/scoutingPlots/WithHitCuts/Vertices/Selected/ntk3_or_4/angle_any/Kinematics
hadd Target path: /eos/user/a/amalhotr/tree2plots_streaming/hadd/hadd_32_20260422T163033_2f1ca5f8.root:/scoutingPlots/WithHitCuts/Vertices/Selected/ntk3_or_4/angle_any/Spatial
hadd Target path: /eos/user/a/amalhotr/tree2plots_streaming/hadd/hadd_32_20260422T163033_2f1ca5f8.root:/scoutingPlots/WithHitCuts/Vertices/Selected/ntk3_or_4/angle_any/Distance
hadd Target path: /eos/user/a/amalhotr/tree2plots_streaming/hadd/hadd_32_20260422T163033_2f1ca5f8.root:/scoutingPlots/WithHitCuts/Vertices/Selected/ntk3_or_4/angle_any/OpeningAngles
hadd Target path: /eos/user/a/amalhotr/tree2plots_streaming/hadd/hadd_32_20260422T163033_2f1ca5f8.root:/scoutingPlots/WithHitCuts/Vertices/Selected/ntk3_or_4/angle_any/Topology
hadd Target path: /eos/user/a/amalhotr/tree2plots_streaming/hadd/hadd_32_20260422T163033_2f1ca5f8.root:/scoutingPlots/WithHitCuts/Vertices/Selected/ntk3_or_4/angle_any/Topology/Barrel
hadd Target path: /eos/user/a/amalhotr/tree2plots_streaming/hadd/hadd_32_20260422T163033_2f1ca5f8.root:/scoutingPlots/WithHitCuts/Vertices/Selected/ntk3_or_4/angle_any/Topology/Endcap
hadd Target path: /eos/user/a/amalhotr/tree2plots_streaming/hadd/hadd_32_20260422T163033_2f1ca5f8.root:/scoutingPlots/WithHitCuts/Vertices/Selected/ntk3_or_4/angle_any/Topology/LeftEndcap
hadd Target path: /eos/user/a/amalhotr/tree2plots_streaming/hadd/hadd_32_20260422T163033_2f1ca5f8.root:/scoutingPlots/WithHitCuts/Vertices/Selected/ntk3_or_4/angle_any/Topology/RightEndcap
hadd Target path: /eos/user/a/amalhotr/tree2plots_streaming/hadd/hadd_32_20260422T163033_2f1ca5f8.root:/scoutingPlots/WithHitCuts/Vertices/Selected/ntk3_or_4/angle_any/PVRegions
hadd Target path: /eos/user/a/amalhotr/tree2plots_streaming/hadd/hadd_32_20260422T163033_2f1ca5f8.root:/scoutingPlots/WithHitCuts/Vertices/Selected/ntk3_or_4/angle_any/PVRegions/RegionA
hadd Target path: /eos/user/a/amalhotr/tree2plots_streaming/hadd/hadd_32_20260422T163033_2f1ca5f8.root:/scoutingPlots/WithHitCuts/Vertices/Selected/ntk3_or_4/angle_any/PVRegions/RegionB
hadd Target path: /eos/user/a/amalhotr/tree2plots_streaming/hadd/hadd_32_20260422T163033_2f1ca5f8.root:/scoutingPlots/WithHitCuts/Vertices/Selected/ntk3_or_4/angle_any/PVRegions/RegionC
hadd Target path: /eos/user/a/amalhotr/tree2plots_streaming/hadd/hadd_32_20260422T163033_2f1ca5f8.root:/scoutingPlots/WithHitCuts/Vertices/Selected/ntk3_or_4/angle_gt_0p05
hadd Target path: /eos/user/a/amalhotr/tree2plots_streaming/hadd/hadd_32_20260422T163033_2f1ca5f8.root:/scoutingPlots/WithHitCuts/Vertices/Selected/ntk3_or_4/angle_gt_0p05/Kinematics
hadd Target path: /eos/user/a/amalhotr/tree2plots_streaming/hadd/hadd_32_20260422T163033_2f1ca5f8.root:/scoutingPlots/WithHitCuts/Vertices/Selected/ntk3_or_4/angle_gt_0p05/Spatial
hadd Target path: /eos/user/a/amalhotr/tree2plots_streaming/hadd/hadd_32_20260422T163033_2f1ca5f8.root:/scoutingPlots/WithHitCuts/Vertices/Selected/ntk3_or_4/angle_gt_0p05/Distance
hadd Target path: /eos/user/a/amalhotr/tree2plots_streaming/hadd/hadd_32_20260422T163033_2f1ca5f8.root:/scoutingPlots/WithHitCuts/Vertices/Selected/ntk3_or_4/angle_gt_0p05/OpeningAngles
hadd Target path: /eos/user/a/amalhotr/tree2plots_streaming/hadd/hadd_32_20260422T163033_2f1ca5f8.root:/scoutingPlots/WithHitCuts/Vertices/Selected/ntk3_or_4/angle_gt_0p05/Topology
hadd Target path: /eos/user/a/amalhotr/tree2plots_streaming/hadd/hadd_32_20260422T163033_2f1ca5f8.root:/scoutingPlots/WithHitCuts/Vertices/Selected/ntk3_or_4/angle_gt_0p05/Topology/Barrel
hadd Target path: /eos/user/a/amalhotr/tree2plots_streaming/hadd/hadd_32_20260422T163033_2f1ca5f8.root:/scoutingPlots/WithHitCuts/Vertices/Selected/ntk3_or_4/angle_gt_0p05/Topology/Endcap
hadd Target path: /eos/user/a/amalhotr/tree2plots_streaming/hadd/hadd_32_20260422T163033_2f1ca5f8.root:/scoutingPlots/WithHitCuts/Vertices/Selected/ntk3_or_4/angle_gt_0p05/Topology/LeftEndcap
hadd Target path: /eos/user/a/amalhotr/tree2plots_streaming/hadd/hadd_32_20260422T163033_2f1ca5f8.root:/scoutingPlots/WithHitCuts/Vertices/Selected/ntk3_or_4/angle_gt_0p05/Topology/RightEndcap
hadd Target path: /eos/user/a/amalhotr/tree2plots_streaming/hadd/hadd_32_20260422T163033_2f1ca5f8.root:/scoutingPlots/WithHitCuts/Vertices/Selected/ntk3_or_4/angle_gt_0p05/PVRegions
hadd Target path: /eos/user/a/amalhotr/tree2plots_streaming/hadd/hadd_32_20260422T163033_2f1ca5f8.root:/scoutingPlots/WithHitCuts/Vertices/Selected/ntk3_or_4/angle_gt_0p05/PVRegions/RegionA
hadd Target path: /eos/user/a/amalhotr/tree2plots_streaming/hadd/hadd_32_20260422T163033_2f1ca5f8.root:/scoutingPlots/WithHitCuts/Vertices/Selected/ntk3_or_4/angle_gt_0p05/PVRegions/RegionB
hadd Target path: /eos/user/a/amalhotr/tree2plots_streaming/hadd/hadd_32_20260422T163033_2f1ca5f8.root:/scoutingPlots/WithHitCuts/Vertices/Selected/ntk3_or_4/angle_gt_0p05/PVRegions/RegionC
hadd Target path: /eos/user/a/amalhotr/tree2plots_streaming/hadd/hadd_32_20260422T163033_2f1ca5f8.root:/scoutingPlots/WithHitCuts/Vertices/Selected/ntk3_or_4/angle_gt_0p10
hadd Target path: /eos/user/a/amalhotr/tree2plots_streaming/hadd/hadd_32_20260422T163033_2f1ca5f8.root:/scoutingPlots/WithHitCuts/Vertices/Selected/ntk3_or_4/angle_gt_0p10/Kinematics
hadd Target path: /eos/user/a/amalhotr/tree2plots_streaming/hadd/hadd_32_20260422T163033_2f1ca5f8.root:/scoutingPlots/WithHitCuts/Vertices/Selected/ntk3_or_4/angle_gt_0p10/Spatial
hadd Target path: /eos/user/a/amalhotr/tree2plots_streaming/hadd/hadd_32_20260422T163033_2f1ca5f8.root:/scoutingPlots/WithHitCuts/Vertices/Selected/ntk3_or_4/angle_gt_0p10/Distance
hadd Target path: /eos/user/a/amalhotr/tree2plots_streaming/hadd/hadd_32_20260422T163033_2f1ca5f8.root:/scoutingPlots/WithHitCuts/Vertices/Selected/ntk3_or_4/angle_gt_0p10/OpeningAngles
hadd Target path: /eos/user/a/amalhotr/tree2plots_streaming/hadd/hadd_32_20260422T163033_2f1ca5f8.root:/scoutingPlots/WithHitCuts/Vertices/Selected/ntk3_or_4/angle_gt_0p10/Topology
hadd Target path: /eos/user/a/amalhotr/tree2plots_streaming/hadd/hadd_32_20260422T163033_2f1ca5f8.root:/scoutingPlots/WithHitCuts/Vertices/Selected/ntk3_or_4/angle_gt_0p10/Topology/Barrel
hadd Target path: /eos/user/a/amalhotr/tree2plots_streaming/hadd/hadd_32_20260422T163033_2f1ca5f8.root:/scoutingPlots/WithHitCuts/Vertices/Selected/ntk3_or_4/angle_gt_0p10/Topology/Endcap
hadd Target path: /eos/user/a/amalhotr/tree2plots_streaming/hadd/hadd_32_20260422T163033_2f1ca5f8.root:/scoutingPlots/WithHitCuts/Vertices/Selected/ntk3_or_4/angle_gt_0p10/Topology/LeftEndcap
hadd Target path: /eos/user/a/amalhotr/tree2plots_streaming/hadd/hadd_32_20260422T163033_2f1ca5f8.root:/scoutingPlots/WithHitCuts/Vertices/Selected/ntk3_or_4/angle_gt_0p10/Topology/RightEndcap
hadd Target path: /eos/user/a/amalhotr/tree2plots_streaming/hadd/hadd_32_20260422T163033_2f1ca5f8.root:/scoutingPlots/WithHitCuts/Vertices/Selected/ntk3_or_4/angle_gt_0p10/PVRegions
hadd Target path: /eos/user/a/amalhotr/tree2plots_streaming/hadd/hadd_32_20260422T163033_2f1ca5f8.root:/scoutingPlots/WithHitCuts/Vertices/Selected/ntk3_or_4/angle_gt_0p10/PVRegions/RegionA
hadd Target path: /eos/user/a/amalhotr/tree2plots_streaming/hadd/hadd_32_20260422T163033_2f1ca5f8.root:/scoutingPlots/WithHitCuts/Vertices/Selected/ntk3_or_4/angle_gt_0p10/PVRegions/RegionB
hadd Target path: /eos/user/a/amalhotr/tree2plots_streaming/hadd/hadd_32_20260422T163033_2f1ca5f8.root:/scoutingPlots/WithHitCuts/Vertices/Selected/ntk3_or_4/angle_gt_0p10/PVRegions/RegionC
hadd Target path: /eos/user/a/amalhotr/tree2plots_streaming/hadd/hadd_32_20260422T163033_2f1ca5f8.root:/scoutingPlots/WithHitCuts/Vertices/Selected/ntk3_or_4/angle_gt_0p25
hadd Target path: /eos/user/a/amalhotr/tree2plots_streaming/hadd/hadd_32_20260422T163033_2f1ca5f8.root:/scoutingPlots/WithHitCuts/Vertices/Selected/ntk3_or_4/angle_gt_0p25/Kinematics
hadd Target path: /eos/user/a/amalhotr/tree2plots_streaming/hadd/hadd_32_20260422T163033_2f1ca5f8.root:/scoutingPlots/WithHitCuts/Vertices/Selected/ntk3_or_4/angle_gt_0p25/Spatial
hadd Target path: /eos/user/a/amalhotr/tree2plots_streaming/hadd/hadd_32_20260422T163033_2f1ca5f8.root:/scoutingPlots/WithHitCuts/Vertices/Selected/ntk3_or_4/angle_gt_0p25/Distance
hadd Target path: /eos/user/a/amalhotr/tree2plots_streaming/hadd/hadd_32_20260422T163033_2f1ca5f8.root:/scoutingPlots/WithHitCuts/Vertices/Selected/ntk3_or_4/angle_gt_0p25/OpeningAngles
hadd Target path: /eos/user/a/amalhotr/tree2plots_streaming/hadd/hadd_32_20260422T163033_2f1ca5f8.root:/scoutingPlots/WithHitCuts/Vertices/Selected/ntk3_or_4/angle_gt_0p25/Topology
hadd Target path: /eos/user/a/amalhotr/tree2plots_streaming/hadd/hadd_32_20260422T163033_2f1ca5f8.root:/scoutingPlots/WithHitCuts/Vertices/Selected/ntk3_or_4/angle_gt_0p25/Topology/Barrel
hadd Target path: /eos/user/a/amalhotr/tree2plots_streaming/hadd/hadd_32_20260422T163033_2f1ca5f8.root:/scoutingPlots/WithHitCuts/Vertices/Selected/ntk3_or_4/angle_gt_0p25/Topology/Endcap
hadd Target path: /eos/user/a/amalhotr/tree2plots_streaming/hadd/hadd_32_20260422T163033_2f1ca5f8.root:/scoutingPlots/WithHitCuts/Vertices/Selected/ntk3_or_4/angle_gt_0p25/Topology/LeftEndcap
hadd Target path: /eos/user/a/amalhotr/tree2plots_streaming/hadd/hadd_32_20260422T163033_2f1ca5f8.root:/scoutingPlots/WithHitCuts/Vertices/Selected/ntk3_or_4/angle_gt_0p25/Topology/RightEndcap
hadd Target path: /eos/user/a/amalhotr/tree2plots_streaming/hadd/hadd_32_20260422T163033_2f1ca5f8.root:/scoutingPlots/WithHitCuts/Vertices/Selected/ntk3_or_4/angle_gt_0p25/PVRegions
hadd Target path: /eos/user/a/amalhotr/tree2plots_streaming/hadd/hadd_32_20260422T163033_2f1ca5f8.root:/scoutingPlots/WithHitCuts/Vertices/Selected/ntk3_or_4/angle_gt_0p25/PVRegions/RegionA
hadd Target path: /eos/user/a/amalhotr/tree2plots_streaming/hadd/hadd_32_20260422T163033_2f1ca5f8.root:/scoutingPlots/WithHitCuts/Vertices/Selected/ntk3_or_4/angle_gt_0p25/PVRegions/RegionB
hadd Target path: /eos/user/a/amalhotr/tree2plots_streaming/hadd/hadd_32_20260422T163033_2f1ca5f8.root:/scoutingPlots/WithHitCuts/Vertices/Selected/ntk3_or_4/angle_gt_0p25/PVRegions/RegionC
hadd Target path: /eos/user/a/amalhotr/tree2plots_streaming/hadd/hadd_32_20260422T163033_2f1ca5f8.root:/scoutingPlots/WithHitCuts/Vertices/Selected/ntk3_or_4/angle_gt_0p50
hadd Target path: /eos/user/a/amalhotr/tree2plots_streaming/hadd/hadd_32_20260422T163033_2f1ca5f8.root:/scoutingPlots/WithHitCuts/Vertices/Selected/ntk3_or_4/angle_gt_0p50/Kinematics
hadd Target path: /eos/user/a/amalhotr/tree2plots_streaming/hadd/hadd_32_20260422T163033_2f1ca5f8.root:/scoutingPlots/WithHitCuts/Vertices/Selected/ntk3_or_4/angle_gt_0p50/Spatial
hadd Target path: /eos/user/a/amalhotr/tree2plots_streaming/hadd/hadd_32_20260422T163033_2f1ca5f8.root:/scoutingPlots/WithHitCuts/Vertices/Selected/ntk3_or_4/angle_gt_0p50/Distance
hadd Target path: /eos/user/a/amalhotr/tree2plots_streaming/hadd/hadd_32_20260422T163033_2f1ca5f8.root:/scoutingPlots/WithHitCuts/Vertices/Selected/ntk3_or_4/angle_gt_0p50/OpeningAngles
hadd Target path: /eos/user/a/amalhotr/tree2plots_streaming/hadd/hadd_32_20260422T163033_2f1ca5f8.root:/scoutingPlots/WithHitCuts/Vertices/Selected/ntk3_or_4/angle_gt_0p50/Topology
hadd Target path: /eos/user/a/amalhotr/tree2plots_streaming/hadd/hadd_32_20260422T163033_2f1ca5f8.root:/scoutingPlots/WithHitCuts/Vertices/Selected/ntk3_or_4/angle_gt_0p50/Topology/Barrel
hadd Target path: /eos/user/a/amalhotr/tree2plots_streaming/hadd/hadd_32_20260422T163033_2f1ca5f8.root:/scoutingPlots/WithHitCuts/Vertices/Selected/ntk3_or_4/angle_gt_0p50/Topology/Endcap
hadd Target path: /eos/user/a/amalhotr/tree2plots_streaming/hadd/hadd_32_20260422T163033_2f1ca5f8.root:/scoutingPlots/WithHitCuts/Vertices/Selected/ntk3_or_4/angle_gt_0p50/Topology/LeftEndcap
hadd Target path: /eos/user/a/amalhotr/tree2plots_streaming/hadd/hadd_32_20260422T163033_2f1ca5f8.root:/scoutingPlots/WithHitCuts/Vertices/Selected/ntk3_or_4/angle_gt_0p50/Topology/RightEndcap
hadd Target path: /eos/user/a/amalhotr/tree2plots_streaming/hadd/hadd_32_20260422T163033_2f1ca5f8.root:/scoutingPlots/WithHitCuts/Vertices/Selected/ntk3_or_4/angle_gt_0p50/PVRegions
hadd Target path: /eos/user/a/amalhotr/tree2plots_streaming/hadd/hadd_32_20260422T163033_2f1ca5f8.root:/scoutingPlots/WithHitCuts/Vertices/Selected/ntk3_or_4/angle_gt_0p50/PVRegions/RegionA
hadd Target path: /eos/user/a/amalhotr/tree2plots_streaming/hadd/hadd_32_20260422T163033_2f1ca5f8.root:/scoutingPlots/WithHitCuts/Vertices/Selected/ntk3_or_4/angle_gt_0p50/PVRegions/RegionB
hadd Target path: /eos/user/a/amalhotr/tree2plots_streaming/hadd/hadd_32_20260422T163033_2f1ca5f8.root:/scoutingPlots/WithHitCuts/Vertices/Selected/ntk3_or_4/angle_gt_0p50/PVRegions/RegionC
hadd Target path: /eos/user/a/amalhotr/tree2plots_streaming/hadd/hadd_32_20260422T163033_2f1ca5f8.root:/scoutingPlots/WithHitCuts/Vertices/Selected/ntk3_or_4/angle_gt_1p00
hadd Target path: /eos/user/a/amalhotr/tree2plots_streaming/hadd/hadd_32_20260422T163033_2f1ca5f8.root:/scoutingPlots/WithHitCuts/Vertices/Selected/ntk3_or_4/angle_gt_1p00/Kinematics
hadd Target path: /eos/user/a/amalhotr/tree2plots_streaming/hadd/hadd_32_20260422T163033_2f1ca5f8.root:/scoutingPlots/WithHitCuts/Vertices/Selected/ntk3_or_4/angle_gt_1p00/Spatial
hadd Target path: /eos/user/a/amalhotr/tree2plots_streaming/hadd/hadd_32_20260422T163033_2f1ca5f8.root:/scoutingPlots/WithHitCuts/Vertices/Selected/ntk3_or_4/angle_gt_1p00/Distance
hadd Target path: /eos/user/a/amalhotr/tree2plots_streaming/hadd/hadd_32_20260422T163033_2f1ca5f8.root:/scoutingPlots/WithHitCuts/Vertices/Selected/ntk3_or_4/angle_gt_1p00/OpeningAngles
hadd Target path: /eos/user/a/amalhotr/tree2plots_streaming/hadd/hadd_32_20260422T163033_2f1ca5f8.root:/scoutingPlots/WithHitCuts/Vertices/Selected/ntk3_or_4/angle_gt_1p00/Topology
hadd Target path: /eos/user/a/amalhotr/tree2plots_streaming/hadd/hadd_32_20260422T163033_2f1ca5f8.root:/scoutingPlots/WithHitCuts/Vertices/Selected/ntk3_or_4/angle_gt_1p00/Topology/Barrel
hadd Target path: /eos/user/a/amalhotr/tree2plots_streaming/hadd/hadd_32_20260422T163033_2f1ca5f8.root:/scoutingPlots/WithHitCuts/Vertices/Selected/ntk3_or_4/angle_gt_1p00/Topology/Endcap
hadd Target path: /eos/user/a/amalhotr/tree2plots_streaming/hadd/hadd_32_20260422T163033_2f1ca5f8.root:/scoutingPlots/WithHitCuts/Vertices/Selected/ntk3_or_4/angle_gt_1p00/Topology/LeftEndcap
hadd Target path: /eos/user/a/amalhotr/tree2plots_streaming/hadd/hadd_32_20260422T163033_2f1ca5f8.root:/scoutingPlots/WithHitCuts/Vertices/Selected/ntk3_or_4/angle_gt_1p00/Topology/RightEndcap
hadd Target path: /eos/user/a/amalhotr/tree2plots_streaming/hadd/hadd_32_20260422T163033_2f1ca5f8.root:/scoutingPlots/WithHitCuts/Vertices/Selected/ntk3_or_4/angle_gt_1p00/PVRegions
hadd Target path: /eos/user/a/amalhotr/tree2plots_streaming/hadd/hadd_32_20260422T163033_2f1ca5f8.root:/scoutingPlots/WithHitCuts/Vertices/Selected/ntk3_or_4/angle_gt_1p00/PVRegions/RegionA
hadd Target path: /eos/user/a/amalhotr/tree2plots_streaming/hadd/hadd_32_20260422T163033_2f1ca5f8.root:/scoutingPlots/WithHitCuts/Vertices/Selected/ntk3_or_4/angle_gt_1p00/PVRegions/RegionB
hadd Target path: /eos/user/a/amalhotr/tree2plots_streaming/hadd/hadd_32_20260422T163033_2f1ca5f8.root:/scoutingPlots/WithHitCuts/Vertices/Selected/ntk3_or_4/angle_gt_1p00/PVRegions/RegionC
hadd Target path: /eos/user/a/amalhotr/tree2plots_streaming/hadd/hadd_32_20260422T163033_2f1ca5f8.root:/scoutingPlots/WithHitCuts/Tracks
hadd Target path: /eos/user/a/amalhotr/tree2plots_streaming/hadd/hadd_32_20260422T163033_2f1ca5f8.root:/scoutingPlots/WithHitCuts/Tracks/All
hadd Target path: /eos/user/a/amalhotr/tree2plots_streaming/hadd/hadd_32_20260422T163033_2f1ca5f8.root:/scoutingPlots/WithHitCuts/Tracks/All/Kinematics
hadd Target path: /eos/user/a/amalhotr/tree2plots_streaming/hadd/hadd_32_20260422T163033_2f1ca5f8.root:/scoutingPlots/WithHitCuts/Tracks/All/ImpactParameter
hadd Target path: /eos/user/a/amalhotr/tree2plots_streaming/hadd/hadd_32_20260422T163033_2f1ca5f8.root:/scoutingPlots/WithHitCuts/Tracks/SeedLike
hadd Target path: /eos/user/a/amalhotr/tree2plots_streaming/hadd/hadd_32_20260422T163033_2f1ca5f8.root:/scoutingPlots/WithHitCuts/Tracks/SeedLike/Kinematics
hadd Target path: /eos/user/a/amalhotr/tree2plots_streaming/hadd/hadd_32_20260422T163033_2f1ca5f8.root:/scoutingPlots/WithHitCuts/Tracks/SeedLike/ImpactParameter
hadd Target path: /eos/user/a/amalhotr/tree2plots_streaming/hadd/hadd_32_20260422T163033_2f1ca5f8.root:/scoutingPlots/WithHitCuts/Tracks/VertexAssociated
hadd Target path: /eos/user/a/amalhotr/tree2plots_streaming/hadd/hadd_32_20260422T163033_2f1ca5f8.root:/scoutingPlots/WithHitCuts/Tracks/VertexAssociated/Kinematics
hadd Target path: /eos/user/a/amalhotr/tree2plots_streaming/hadd/hadd_32_20260422T163033_2f1ca5f8.root:/scoutingPlots/WithHitCuts/Tracks/VertexAssociated/ImpactParameter
hadd Target path: /eos/user/a/amalhotr/tree2plots_streaming/hadd/hadd_32_20260422T163033_2f1ca5f8.root:/scoutingPlots/Debug
