000 (14419766.000.000) 01/26 11:18:01 Job submitted from host: <188.184.90.62:9618?addrs=188.184.90.62-9618+[2001-1458-201-e4--100-238]-9618&alias=bigbird16.cern.ch&noUDP&sock=schedd_5196_9a2f>
...
040 (14419766.000.000) 01/26 11:19:48 Started transferring input files
	Transferring to host: <188.185.192.141:9618?addrs=188.185.192.141-9618+[2001-1458-303-1f--100-89]-9618&alias=b9p13p6301.cern.ch&noUDP&sock=slot1_1_193885_45a5_121512>
...
040 (14419766.000.000) 01/26 11:19:48 Finished transferring input files
...
001 (14419766.000.000) 01/26 11:19:49 Job executing on host: <188.185.192.141:9618?addrs=188.185.192.141-9618+[2001-1458-303-1f--100-89]-9618&alias=b9p13p6301.cern.ch&noUDP&sock=startd_4757_7c1c>
	SlotName: slot1_1@b9p13p6301.cern.ch
	CondorScratchDir = "/pool/condor/dir_1804185"
	Cpus = 1
	Disk = 3844
	GPUs = 0
	Memory = 3000
...
006 (14419766.000.000) 01/26 11:20:03 Image size of job updated: 89084
	87  -  MemoryUsage of job (MB)
	89084  -  ResidentSetSize of job (KB)
...
006 (14419766.000.000) 01/26 11:20:54 Image size of job updated: 121620
	87  -  MemoryUsage of job (MB)
	89084  -  ResidentSetSize of job (KB)
...
040 (14419766.000.000) 01/26 11:20:54 Started transferring output files
...
040 (14419766.000.000) 01/26 11:20:54 Finished transferring output files
...
005 (14419766.000.000) 01/26 11:20:54 Job terminated.
	(1) Normal termination (return value 0)
		Usr 0 00:00:26, Sys 0 00:00:03  -  Run Remote Usage
		Usr 0 00:00:00, Sys 0 00:00:00  -  Run Local Usage
		Usr 0 00:00:26, Sys 0 00:00:03  -  Total Remote Usage
		Usr 0 00:00:00, Sys 0 00:00:00  -  Total Local Usage
	26555  -  Run Bytes Sent By Job
	1188  -  Run Bytes Received By Job
	26555  -  Total Bytes Sent By Job
	1188  -  Total Bytes Received By Job
	Partitionable Resources :    Usage  Request Allocated 
	   Cpus                 :        0        1         1 
	   Disk (KB)            :       51        2      3844 
	   GPUs                 :                           0 
	   Memory (MB)          :       87     3000      3000 
	   TimeExecute (s)      :       65                    
	   TimeSlotBusy (s)     :       67                    

	Job terminated of its own accord at 2026-01-26T10:20:54Z with exit-code 0.
...
