000 (14418815.000.000) 01/26 10:28:53 Job submitted from host: <188.184.90.62:9618?addrs=188.184.90.62-9618+[2001-1458-201-e4--100-238]-9618&alias=bigbird16.cern.ch&noUDP&sock=schedd_5196_9a2f>
...
040 (14418815.000.000) 01/26 10:31:50 Started transferring input files
	Transferring to host: <188.185.214.65:9618?addrs=188.185.214.65-9618+[2001-1458-303-1c--100-3d]-9618&alias=b9p29p0733.cern.ch&noUDP&sock=slot1_6_5117_23a9_160912>
...
040 (14418815.000.000) 01/26 10:31:50 Finished transferring input files
...
001 (14418815.000.000) 01/26 10:31:51 Job executing on host: <188.185.214.65:9618?addrs=188.185.214.65-9618+[2001-1458-303-1c--100-3d]-9618&alias=b9p29p0733.cern.ch&noUDP&sock=startd_4180_b5f6>
	SlotName: slot1_6@b9p29p0733.cern.ch
	CondorScratchDir = "/pool/condor/dir_373583"
	Cpus = 1
	Disk = 3808
	GPUs = 0
	Memory = 3000
...
006 (14418815.000.000) 01/26 10:32:04 Image size of job updated: 115840
	114  -  MemoryUsage of job (MB)
	115840  -  ResidentSetSize of job (KB)
...
006 (14418815.000.000) 01/26 10:32:22 Image size of job updated: 124828
	114  -  MemoryUsage of job (MB)
	115840  -  ResidentSetSize of job (KB)
...
040 (14418815.000.000) 01/26 10:32:22 Started transferring output files
...
040 (14418815.000.000) 01/26 10:32:22 Finished transferring output files
...
005 (14418815.000.000) 01/26 10:32:22 Job terminated.
	(1) Normal termination (return value 0)
		Usr 0 00:00:10, Sys 0 00:00:02  -  Run Remote Usage
		Usr 0 00:00:00, Sys 0 00:00:00  -  Run Local Usage
		Usr 0 00:00:10, Sys 0 00:00:02  -  Total Remote Usage
		Usr 0 00:00:00, Sys 0 00:00:00  -  Total Local Usage
	26554  -  Run Bytes Sent By Job
	1188  -  Run Bytes Received By Job
	26554  -  Total Bytes Sent By Job
	1188  -  Total Bytes Received By Job
	Partitionable Resources :    Usage  Request Allocated 
	   Cpus                 :        0        1         1 
	   Disk (KB)            :       51        2      3808 
	   GPUs                 :                           0 
	   Memory (MB)          :      114     3000      3000 
	   TimeExecute (s)      :       31                    
	   TimeSlotBusy (s)     :       34                    

	Job terminated of its own accord at 2026-01-26T09:32:22Z with exit-code 0.
...
