000 (14992688.000.000) 04/22 16:30:33 Job submitted from host: <188.184.90.62:9618?addrs=188.184.90.62-9618+[2001-1458-201-e4--100-238]-9618&alias=bigbird16.cern.ch&noUDP&sock=schedd_5196_9a2f>
...
040 (14992688.000.000) 04/22 16:34:46 Started transferring input files
	Transferring to host: <188.185.214.13:9618?addrs=188.185.214.13-9618+[2001-1458-303-1c--100-9]-9618&alias=b9p29p5951.cern.ch&noUDP&sock=slot1_5_8500_c4d3_276937>
...
040 (14992688.000.000) 04/22 16:34:46 Finished transferring input files
...
001 (14992688.000.000) 04/22 16:34:47 Job executing on host: <188.185.214.13:9618?addrs=188.185.214.13-9618+[2001-1458-303-1c--100-9]-9618&alias=b9p29p5951.cern.ch&noUDP&sock=startd_7268_d26b>
	SlotName: slot1_5@b9p29p5951.cern.ch
	CondorScratchDir = "/pool/condor/dir_2808903"
	Cpus = 1
	Disk = 3822
	GPUs = 0
	Memory = 3000
...
006 (14992688.000.000) 04/22 16:35:00 Image size of job updated: 52144
	51  -  MemoryUsage of job (MB)
	52144  -  ResidentSetSize of job (KB)
...
006 (14992688.000.000) 04/22 16:38:10 Image size of job updated: 105256
	51  -  MemoryUsage of job (MB)
	52144  -  ResidentSetSize of job (KB)
...
040 (14992688.000.000) 04/22 16:38:10 Started transferring output files
...
040 (14992688.000.000) 04/22 16:38:10 Finished transferring output files
...
005 (14992688.000.000) 04/22 16:38:10 Job terminated.
	(1) Normal termination (return value 0)
		Usr 0 00:01:18, Sys 0 00:00:08  -  Run Remote Usage
		Usr 0 00:00:00, Sys 0 00:00:00  -  Run Local Usage
		Usr 0 00:01:18, Sys 0 00:00:08  -  Total Remote Usage
		Usr 0 00:00:00, Sys 0 00:00:00  -  Total Local Usage
	77095  -  Run Bytes Sent By Job
	5593  -  Run Bytes Received By Job
	77095  -  Total Bytes Sent By Job
	5593  -  Total Bytes Received By Job
	Partitionable Resources :    Usage  Request Allocated 
	   Cpus                 :        0        1         1 
	   Disk (KB)            :      104        7      3822 
	   GPUs                 :                           0 
	   Memory (MB)          :       51     3000      3000 
	   TimeExecute (s)      :      203                    
	   TimeSlotBusy (s)     :      205                    

	Job terminated of its own accord at 2026-04-22T14:38:10Z with exit-code 0.
...
