000 (14419443.000.000) 01/26 11:02:24 Job submitted from host: <188.184.90.62:9618?addrs=188.184.90.62-9618+[2001-1458-201-e4--100-238]-9618&alias=bigbird16.cern.ch&noUDP&sock=schedd_5196_9a2f>
...
040 (14419443.000.000) 01/26 11:05:11 Started transferring input files
	Transferring to host: <188.185.212.62:9618?addrs=188.185.212.62-9618+[2001-1458-303-18--100-3a]-9618&alias=b9p25p2813.cern.ch&noUDP&sock=slot1_7_7086_7a59_135131>
...
040 (14419443.000.000) 01/26 11:05:11 Finished transferring input files
...
001 (14419443.000.000) 01/26 11:05:12 Job executing on host: <188.185.212.62:9618?addrs=188.185.212.62-9618+[2001-1458-303-18--100-3a]-9618&alias=b9p25p2813.cern.ch&noUDP&sock=startd_6177_7c98>
	SlotName: slot1_7@b9p25p2813.cern.ch
	CondorScratchDir = "/pool/condor/dir_3549386"
	Cpus = 1
	Disk = 3763
	GPUs = 0
	Memory = 3000
...
006 (14419443.000.000) 01/26 11:05:26 Image size of job updated: 115212
	113  -  MemoryUsage of job (MB)
	115212  -  ResidentSetSize of job (KB)
...
006 (14419443.000.000) 01/26 11:05:59 Image size of job updated: 127032
	113  -  MemoryUsage of job (MB)
	115212  -  ResidentSetSize of job (KB)
...
040 (14419443.000.000) 01/26 11:05:59 Started transferring output files
...
040 (14419443.000.000) 01/26 11:05:59 Finished transferring output files
...
005 (14419443.000.000) 01/26 11:05:59 Job terminated.
	(1) Normal termination (return value 0)
		Usr 0 00:00:14, Sys 0 00:00:02  -  Run Remote Usage
		Usr 0 00:00:00, Sys 0 00:00:00  -  Run Local Usage
		Usr 0 00:00:14, Sys 0 00:00:02  -  Total Remote Usage
		Usr 0 00:00:00, Sys 0 00:00:00  -  Total Local Usage
	26544  -  Run Bytes Sent By Job
	1177  -  Run Bytes Received By Job
	26544  -  Total Bytes Sent By Job
	1177  -  Total Bytes Received By Job
	Partitionable Resources :    Usage  Request Allocated 
	   Cpus                 :        0        1         1 
	   Disk (KB)            :       50        2      3763 
	   GPUs                 :                           0 
	   Memory (MB)          :      113     3000      3000 
	   TimeExecute (s)      :       47                    
	   TimeSlotBusy (s)     :       49                    

	Job terminated of its own accord at 2026-01-26T10:05:59Z with exit-code 0.
...
