000 (14418848.000.000) 01/26 10:43:37 Job submitted from host: <188.184.90.62:9618?addrs=188.184.90.62-9618+[2001-1458-201-e4--100-238]-9618&alias=bigbird16.cern.ch&noUDP&sock=schedd_5196_9a2f>
...
040 (14418848.000.000) 01/26 10:44:04 Started transferring input files
	Transferring to host: <188.185.196.138:9618?addrs=188.185.196.138-9618+[2001-1458-303-23--100-86]-9618&alias=b9p16p4018.cern.ch&noUDP&sock=slot1_22_4607_cc54_129350>
...
040 (14418848.000.000) 01/26 10:44:04 Finished transferring input files
...
001 (14418848.000.000) 01/26 10:44:05 Job executing on host: <188.185.196.138:9618?addrs=188.185.196.138-9618+[2001-1458-303-23--100-86]-9618&alias=b9p16p4018.cern.ch&noUDP&sock=startd_3467_a6f0>
	SlotName: slot1_22@b9p16p4018.cern.ch
	CondorScratchDir = "/pool/condor/dir_965489"
	Cpus = 1
	Disk = 3818
	GPUs = 0
	Memory = 3000
...
006 (14418848.000.000) 01/26 10:44:18 Image size of job updated: 81204
	80  -  MemoryUsage of job (MB)
	81204  -  ResidentSetSize of job (KB)
...
006 (14418848.000.000) 01/26 10:45:04 Image size of job updated: 124696
	80  -  MemoryUsage of job (MB)
	81220  -  ResidentSetSize of job (KB)
...
040 (14418848.000.000) 01/26 10:45:04 Started transferring output files
...
040 (14418848.000.000) 01/26 10:45:04 Finished transferring output files
...
005 (14418848.000.000) 01/26 10:45:04 Job terminated.
	(1) Normal termination (return value 0)
		Usr 0 00:00:22, Sys 0 00:00:02  -  Run Remote Usage
		Usr 0 00:00:00, Sys 0 00:00:00  -  Run Local Usage
		Usr 0 00:00:22, Sys 0 00:00:02  -  Total Remote Usage
		Usr 0 00:00:00, Sys 0 00:00:00  -  Total Local Usage
	26554  -  Run Bytes Sent By Job
	1188  -  Run Bytes Received By Job
	26554  -  Total Bytes Sent By Job
	1188  -  Total Bytes Received By Job
	Partitionable Resources :    Usage  Request Allocated 
	   Cpus                 :        0        1         1 
	   Disk (KB)            :       50        2      3818 
	   GPUs                 :                           0 
	   Memory (MB)          :       80     3000      3000 
	   TimeExecute (s)      :       59                    
	   TimeSlotBusy (s)     :       62                    

	Job terminated of its own accord at 2026-01-26T09:45:04Z with exit-code 0.
...
