000 (14419444.000.000) 01/26 11:02:25 Job submitted from host: <188.184.90.62:9618?addrs=188.184.90.62-9618+[2001-1458-201-e4--100-238]-9618&alias=bigbird16.cern.ch&noUDP&sock=schedd_5196_9a2f>
...
040 (14419444.000.000) 01/26 11:05:15 Started transferring input files
	Transferring to host: <188.185.193.16:9618?addrs=188.185.193.16-9618+[2001-1458-303-20--100-c]-9618&alias=b9p19p4171.cern.ch&noUDP&sock=slot1_8_7254_d960_125213>
...
040 (14419444.000.000) 01/26 11:05:15 Finished transferring input files
...
001 (14419444.000.000) 01/26 11:05:16 Job executing on host: <188.185.193.16:9618?addrs=188.185.193.16-9618+[2001-1458-303-20--100-c]-9618&alias=b9p19p4171.cern.ch&noUDP&sock=startd_6111_3757>
	SlotName: slot1_8@b9p19p4171.cern.ch
	CondorScratchDir = "/pool/condor/dir_313754"
	Cpus = 1
	Disk = 3856
	GPUs = 0
	Memory = 3000
...
006 (14419444.000.000) 01/26 11:05:30 Image size of job updated: 11420
	10  -  MemoryUsage of job (MB)
	9420  -  ResidentSetSize of job (KB)
...
006 (14419444.000.000) 01/26 11:06:44 Image size of job updated: 122896
	10  -  MemoryUsage of job (MB)
	9420  -  ResidentSetSize of job (KB)
...
040 (14419444.000.000) 01/26 11:06:44 Started transferring output files
...
040 (14419444.000.000) 01/26 11:06:44 Finished transferring output files
...
005 (14419444.000.000) 01/26 11:06:44 Job terminated.
	(1) Normal termination (return value 0)
		Usr 0 00:00:22, Sys 0 00:00:02  -  Run Remote Usage
		Usr 0 00:00:00, Sys 0 00:00:00  -  Run Local Usage
		Usr 0 00:00:22, Sys 0 00:00:02  -  Total Remote Usage
		Usr 0 00:00:00, Sys 0 00:00:00  -  Total Local Usage
	26554  -  Run Bytes Sent By Job
	1188  -  Run Bytes Received By Job
	26554  -  Total Bytes Sent By Job
	1188  -  Total Bytes Received By Job
	Partitionable Resources :    Usage  Request Allocated 
	   Cpus                 :                 1         1 
	   Disk (KB)            :       42        2      3856 
	   GPUs                 :                           0 
	   Memory (MB)          :       10     3000      3000 
	   TimeExecute (s)      :       88                    
	   TimeSlotBusy (s)     :       92                    

	Job terminated of its own accord at 2026-01-26T10:06:44Z with exit-code 0.
...
