000 (14418748.000.000) 01/26 08:21:07 Job submitted from host: <188.184.90.62:9618?addrs=188.184.90.62-9618+[2001-1458-201-e4--100-238]-9618&alias=bigbird16.cern.ch&noUDP&sock=schedd_5196_9a2f>
...
040 (14418748.000.000) 01/26 08:25:38 Started transferring input files
	Transferring to host: <188.185.204.251:9618?addrs=188.185.204.251-9618+[2001-1458-303-8--100-78]-9618&alias=b9p02p8722.cern.ch&noUDP&sock=slot1_25_11985_4440_115769>
...
040 (14418748.000.000) 01/26 08:25:38 Finished transferring input files
...
001 (14418748.000.000) 01/26 08:25:39 Job executing on host: <188.185.204.251:9618?addrs=188.185.204.251-9618+[2001-1458-303-8--100-78]-9618&alias=b9p02p8722.cern.ch&noUDP&sock=startd_11580_7ecb>
	SlotName: slot1_25@b9p02p8722.cern.ch
	CondorScratchDir = "/pool/condor/dir_860649"
	Cpus = 1
	Disk = 3765
	GPUs = 0
	Memory = 3000
...
006 (14418748.000.000) 01/26 08:25:53 Image size of job updated: 114284
	112  -  MemoryUsage of job (MB)
	114284  -  ResidentSetSize of job (KB)
...
006 (14418748.000.000) 01/26 08:26:15 Image size of job updated: 118460
	112  -  MemoryUsage of job (MB)
	114284  -  ResidentSetSize of job (KB)
...
040 (14418748.000.000) 01/26 08:26:15 Started transferring output files
...
040 (14418748.000.000) 01/26 08:26:15 Finished transferring output files
...
005 (14418748.000.000) 01/26 08:26:15 Job terminated.
	(1) Normal termination (return value 0)
		Usr 0 00:00:05, Sys 0 00:00:01  -  Run Remote Usage
		Usr 0 00:00:00, Sys 0 00:00:00  -  Run Local Usage
		Usr 0 00:00:05, Sys 0 00:00:01  -  Total Remote Usage
		Usr 0 00:00:00, Sys 0 00:00:00  -  Total Local Usage
	25667  -  Run Bytes Sent By Job
	484  -  Run Bytes Received By Job
	25667  -  Total Bytes Sent By Job
	484  -  Total Bytes Received By Job
	Partitionable Resources :    Usage  Request Allocated 
	   Cpus                 :        0        1         1 
	   Disk (KB)            :       53        1      3765 
	   GPUs                 :                           0 
	   Memory (MB)          :      112     3000      3000 
	   TimeExecute (s)      :       36                    
	   TimeSlotBusy (s)     :       38                    

	Job terminated of its own accord at 2026-01-26T07:26:15Z with exit-code 0.
...
