000 (14418891.000.000) 01/26 10:52:44 Job submitted from host: <188.184.90.62:9618?addrs=188.184.90.62-9618+[2001-1458-201-e4--100-238]-9618&alias=bigbird16.cern.ch&noUDP&sock=schedd_5196_9a2f>
...
040 (14418891.000.000) 01/26 10:53:05 Started transferring input files
	Transferring to host: <128.142.132.64:9618?addrs=128.142.132.64-9618+[2001-1458-301-5a--100-34]-9618&alias=b9g12p9766.cern.ch&noUDP&sock=slot1_3_2715_b687_125685>
...
040 (14418891.000.000) 01/26 10:53:05 Finished transferring input files
...
001 (14418891.000.000) 01/26 10:53:06 Job executing on host: <128.142.132.64:9618?addrs=128.142.132.64-9618+[2001-1458-301-5a--100-34]-9618&alias=b9g12p9766.cern.ch&noUDP&sock=startd_2348_1c76>
	SlotName: slot1_3@b9g12p9766.cern.ch
	CondorScratchDir = "/pool/condor/dir_1257969"
	Cpus = 1
	Disk = 2691
	GPUs = 0
	Memory = 3000
...
006 (14418891.000.000) 01/26 10:53:20 Image size of job updated: 115660
	113  -  MemoryUsage of job (MB)
	115660  -  ResidentSetSize of job (KB)
...
006 (14418891.000.000) 01/26 10:53:53 Image size of job updated: 125632
	113  -  MemoryUsage of job (MB)
	115660  -  ResidentSetSize of job (KB)
...
040 (14418891.000.000) 01/26 10:53:53 Started transferring output files
...
040 (14418891.000.000) 01/26 10:53:53 Finished transferring output files
...
005 (14418891.000.000) 01/26 10:53:54 Job terminated.
	(1) Normal termination (return value 0)
		Usr 0 00:00:20, Sys 0 00:00:01  -  Run Remote Usage
		Usr 0 00:00:00, Sys 0 00:00:00  -  Run Local Usage
		Usr 0 00:00:20, Sys 0 00:00:01  -  Total Remote Usage
		Usr 0 00:00:00, Sys 0 00:00:00  -  Total Local Usage
	26522  -  Run Bytes Sent By Job
	1155  -  Run Bytes Received By Job
	26522  -  Total Bytes Sent By Job
	1155  -  Total Bytes Received By Job
	Partitionable Resources :    Usage  Request Allocated 
	   Cpus                 :        0        1         1 
	   Disk (KB)            :       50        2      2691 
	   GPUs                 :                           0 
	   Memory (MB)          :      113     3000      3000 
	   TimeExecute (s)      :       47                    
	   TimeSlotBusy (s)     :       48                    

	Job terminated of its own accord at 2026-01-26T09:53:53Z with exit-code 0.
...
