000 (14992812.000.000) 04/22 16:55:06 Job submitted from host: <188.184.90.62:9618?addrs=188.184.90.62-9618+[2001-1458-201-e4--100-238]-9618&alias=bigbird16.cern.ch&noUDP&sock=schedd_5196_9a2f>
...
040 (14992812.000.000) 04/22 16:57:01 Started transferring input files
	Transferring to host: <188.185.212.197:9618?addrs=188.185.212.197-9618+[2001-1458-303-19--100-41]-9618&alias=b9p26p6528.cern.ch&noUDP&sock=slot1_35_1271493_97d2_138199>
...
040 (14992812.000.000) 04/22 16:57:01 Finished transferring input files
...
001 (14992812.000.000) 04/22 16:57:03 Job executing on host: <188.185.212.197:9618?addrs=188.185.212.197-9618+[2001-1458-303-19--100-41]-9618&alias=b9p26p6528.cern.ch&noUDP&sock=startd_4058_0769>
	SlotName: slot1_35@b9p26p6528.cern.ch
	CondorScratchDir = "/pool/condor/dir_548939"
	Cpus = 1
	Disk = 3757
	GPUs = 0
	Memory = 3000
...
006 (14992812.000.000) 04/22 16:57:16 Image size of job updated: 48088
	47  -  MemoryUsage of job (MB)
	48088  -  ResidentSetSize of job (KB)
...
006 (14992812.000.000) 04/22 16:57:50 Image size of job updated: 51188
	47  -  MemoryUsage of job (MB)
	48088  -  ResidentSetSize of job (KB)
...
040 (14992812.000.000) 04/22 16:57:50 Started transferring output files
...
040 (14992812.000.000) 04/22 16:57:50 Finished transferring output files
...
005 (14992812.000.000) 04/22 16:57:50 Job terminated.
	(1) Normal termination (return value 0)
		Usr 0 00:00:15, Sys 0 00:00:03  -  Run Remote Usage
		Usr 0 00:00:00, Sys 0 00:00:00  -  Run Local Usage
		Usr 0 00:00:15, Sys 0 00:00:03  -  Total Remote Usage
		Usr 0 00:00:00, Sys 0 00:00:00  -  Total Local Usage
	71011  -  Run Bytes Sent By Job
	463  -  Run Bytes Received By Job
	71011  -  Total Bytes Sent By Job
	463  -  Total Bytes Received By Job
	Partitionable Resources :    Usage  Request Allocated 
	   Cpus                 :        0        1         1 
	   Disk (KB)            :       92        1      3757 
	   GPUs                 :                           0 
	   Memory (MB)          :       47     3000      3000 
	   TimeExecute (s)      :       48                    
	   TimeSlotBusy (s)     :       50                    

	Job terminated of its own accord at 2026-04-22T14:57:50Z with exit-code 0.
...
