000 (14418816.000.000) 01/26 10:28:53 Job submitted from host: <188.184.90.62:9618?addrs=188.184.90.62-9618+[2001-1458-201-e4--100-238]-9618&alias=bigbird16.cern.ch&noUDP&sock=schedd_5196_9a2f>
...
040 (14418816.000.000) 01/26 10:31:50 Started transferring input files
	Transferring to host: <188.185.210.176:9618?addrs=188.185.210.176-9618+[2001-1458-303-15--100-2c]-9618&alias=b9p22p1329.cern.ch&noUDP&sock=slot1_29_3591_ef2b_165013>
...
040 (14418816.000.000) 01/26 10:31:50 Finished transferring input files
...
001 (14418816.000.000) 01/26 10:31:51 Job executing on host: <188.185.210.176:9618?addrs=188.185.210.176-9618+[2001-1458-303-15--100-2c]-9618&alias=b9p22p1329.cern.ch&noUDP&sock=startd_3014_ee89>
	SlotName: slot1_29@b9p22p1329.cern.ch
	CondorScratchDir = "/pool/condor/dir_2585117"
	Cpus = 1
	Disk = 3771
	GPUs = 0
	Memory = 3000
...
006 (14418816.000.000) 01/26 10:32:04 Image size of job updated: 114008
	112  -  MemoryUsage of job (MB)
	114008  -  ResidentSetSize of job (KB)
...
006 (14418816.000.000) 01/26 10:32:17 Image size of job updated: 122092
	112  -  MemoryUsage of job (MB)
	114008  -  ResidentSetSize of job (KB)
...
040 (14418816.000.000) 01/26 10:32:17 Started transferring output files
...
040 (14418816.000.000) 01/26 10:32:17 Finished transferring output files
...
005 (14418816.000.000) 01/26 10:32:17 Job terminated.
	(1) Normal termination (return value 0)
		Usr 0 00:00:10, Sys 0 00:00:02  -  Run Remote Usage
		Usr 0 00:00:00, Sys 0 00:00:00  -  Run Local Usage
		Usr 0 00:00:10, Sys 0 00:00:02  -  Total Remote Usage
		Usr 0 00:00:00, Sys 0 00:00:00  -  Total Local Usage
	26555  -  Run Bytes Sent By Job
	1188  -  Run Bytes Received By Job
	26555  -  Total Bytes Sent By Job
	1188  -  Total Bytes Received By Job
	Partitionable Resources :    Usage  Request Allocated 
	   Cpus                 :     0.44        1         1 
	   Disk (KB)            :    50           2      3771 
	   GPUs                 :                           0 
	   Memory (MB)          :   112        3000      3000 
	   TimeExecute (s)      :    26                       
	   TimeSlotBusy (s)     :    29                       

	Job terminated of its own accord at 2026-01-26T09:32:17Z with exit-code 0.
...
