000 (14418738.000.000) 01/26 08:00:07 Job submitted from host: <188.184.90.62:9618?addrs=188.184.90.62-9618+[2001-1458-201-e4--100-238]-9618&alias=bigbird16.cern.ch&noUDP&sock=schedd_5196_9a2f>
...
040 (14418738.000.000) 01/26 08:03:41 Started transferring input files
	Transferring to host: <128.142.161.90:9618?addrs=128.142.161.90-9618+[2001-1458-301-b8--100-18]-9618&alias=b9g03p4505.cern.ch&noUDP&sock=slot1_29_3785899_1579_141858>
...
040 (14418738.000.000) 01/26 08:03:41 Finished transferring input files
...
001 (14418738.000.000) 01/26 08:03:42 Job executing on host: <128.142.161.90:9618?addrs=128.142.161.90-9618+[2001-1458-301-b8--100-18]-9618&alias=b9g03p4505.cern.ch&noUDP&sock=startd_2580_3e6e>
	SlotName: slot1_29@b9g03p4505.cern.ch
	CondorScratchDir = "/pool/condor/dir_1649254"
	Cpus = 1
	Disk = 3959
	GPUs = 0
	Memory = 3000
...
006 (14418738.000.000) 01/26 08:03:48 Image size of job updated: 208
	0  -  MemoryUsage of job (MB)
	0  -  ResidentSetSize of job (KB)
...
040 (14418738.000.000) 01/26 08:03:48 Started transferring output files
...
040 (14418738.000.000) 01/26 08:03:48 Finished transferring output files
...
005 (14418738.000.000) 01/26 08:03:48 Job terminated.
	(1) Normal termination (return value 1)
		Usr 0 00:00:00, Sys 0 00:00:00  -  Run Remote Usage
		Usr 0 00:00:00, Sys 0 00:00:00  -  Run Local Usage
		Usr 0 00:00:00, Sys 0 00:00:00  -  Total Remote Usage
		Usr 0 00:00:00, Sys 0 00:00:00  -  Total Local Usage
	5036  -  Run Bytes Sent By Job
	478  -  Run Bytes Received By Job
	5036  -  Total Bytes Sent By Job
	478  -  Total Bytes Received By Job
	Partitionable Resources :    Usage  Request Allocated 
	   Cpus                 :        0        1         1 
	   Disk (KB)            :       28        1      3959 
	   GPUs                 :                           0 
	   Memory (MB)          :        0     3000      3000 
	   TimeExecute (s)      :        6                    
	   TimeSlotBusy (s)     :        8                    

	Job terminated of its own accord at 2026-01-26T07:03:48Z with exit-code 1.
...
