/pool/condor/dir_2613059
hadd Target file: /eos/user/a/amalhotr/tree2plots_streaming/hadd/hadd_d332a2c1.root
hadd compression setting for all output: 1
hadd Source file 1: /eos/user/a/amalhotr/tree2plots_streaming/primary/plot_primary_a316d6cb.root
hadd Source file 2: /eos/user/a/amalhotr/tree2plots_streaming/primary/plot_primary_2f3bcfc9.root
hadd Source file 3: /eos/user/a/amalhotr/tree2plots_streaming/primary/plot_primary_bd69b852.root
hadd Source file 4: /eos/user/a/amalhotr/tree2plots_streaming/primary/plot_primary_a2ef7d24.root
hadd Source file 5: /eos/user/a/amalhotr/tree2plots_streaming/primary/plot_primary_7928f279.root
hadd Source file 6: /eos/user/a/amalhotr/tree2plots_streaming/primary/plot_primary_d86e7bcb.root
hadd Source file 7: /eos/user/a/amalhotr/tree2plots_streaming/primary/plot_primary_82973af7.root
hadd Source file 8: /eos/user/a/amalhotr/tree2plots_streaming/primary/plot_primary_a3227242.root
hadd Source file 9: /eos/user/a/amalhotr/tree2plots_streaming/primary/plot_primary_d7c28582.root
hadd Source file 10: /eos/user/a/amalhotr/tree2plots_streaming/primary/plot_primary_45dbeb7e.root
hadd Source file 11: /eos/user/a/amalhotr/tree2plots_streaming/primary/plot_primary_a7f861d2.root
hadd Source file 12: /eos/user/a/amalhotr/tree2plots_streaming/primary/plot_primary_ee99007d.root
hadd Target path: /eos/user/a/amalhotr/tree2plots_streaming/hadd/hadd_d332a2c1.root:/
hadd Target path: /eos/user/a/amalhotr/tree2plots_streaming/hadd/hadd_d332a2c1.root:/tree2plots
hadd Target path: /eos/user/a/amalhotr/tree2plots_streaming/hadd/hadd_d332a2c1.root:/tree2plots/Vertices
hadd Target path: /eos/user/a/amalhotr/tree2plots_streaming/hadd/hadd_d332a2c1.root:/tree2plots/Vertices/ntk_3
hadd Target path: /eos/user/a/amalhotr/tree2plots_streaming/hadd/hadd_d332a2c1.root:/tree2plots/Vertices/ntk_3/angle_any
hadd Target path: /eos/user/a/amalhotr/tree2plots_streaming/hadd/hadd_d332a2c1.root:/tree2plots/Vertices/ntk_3/angle_any/Kinematics
hadd Target path: /eos/user/a/amalhotr/tree2plots_streaming/hadd/hadd_d332a2c1.root:/tree2plots/Vertices/ntk_3/angle_any/Spatial
hadd Target path: /eos/user/a/amalhotr/tree2plots_streaming/hadd/hadd_d332a2c1.root:/tree2plots/Vertices/ntk_3/angle_any/Distance
hadd Target path: /eos/user/a/amalhotr/tree2plots_streaming/hadd/hadd_d332a2c1.root:/tree2plots/Vertices/ntk_3/angle_any/OpeningAngles
hadd Target path: /eos/user/a/amalhotr/tree2plots_streaming/hadd/hadd_d332a2c1.root:/tree2plots/Vertices/ntk_3/angle_any/Topology
hadd Target path: /eos/user/a/amalhotr/tree2plots_streaming/hadd/hadd_d332a2c1.root:/tree2plots/Vertices/ntk_3/angle_any/Topology/Barrel
hadd Target path: /eos/user/a/amalhotr/tree2plots_streaming/hadd/hadd_d332a2c1.root:/tree2plots/Vertices/ntk_3/angle_any/Topology/Endcap
hadd Target path: /eos/user/a/amalhotr/tree2plots_streaming/hadd/hadd_d332a2c1.root:/tree2plots/Vertices/ntk_3/angle_any/PVRegions
hadd Target path: /eos/user/a/amalhotr/tree2plots_streaming/hadd/hadd_d332a2c1.root:/tree2plots/Vertices/ntk_3/angle_any/PVRegions/RegionA
hadd Target path: /eos/user/a/amalhotr/tree2plots_streaming/hadd/hadd_d332a2c1.root:/tree2plots/Vertices/ntk_3/angle_any/PVRegions/RegionB
hadd Target path: /eos/user/a/amalhotr/tree2plots_streaming/hadd/hadd_d332a2c1.root:/tree2plots/Vertices/ntk_3/angle_any/PVRegions/RegionC
hadd Target path: /eos/user/a/amalhotr/tree2plots_streaming/hadd/hadd_d332a2c1.root:/tree2plots/Vertices/ntk_3/angle_gt_5
hadd Target path: /eos/user/a/amalhotr/tree2plots_streaming/hadd/hadd_d332a2c1.root:/tree2plots/Vertices/ntk_3/angle_gt_5/Kinematics
hadd Target path: /eos/user/a/amalhotr/tree2plots_streaming/hadd/hadd_d332a2c1.root:/tree2plots/Vertices/ntk_3/angle_gt_5/Spatial
hadd Target path: /eos/user/a/amalhotr/tree2plots_streaming/hadd/hadd_d332a2c1.root:/tree2plots/Vertices/ntk_3/angle_gt_5/Distance
hadd Target path: /eos/user/a/amalhotr/tree2plots_streaming/hadd/hadd_d332a2c1.root:/tree2plots/Vertices/ntk_3/angle_gt_5/OpeningAngles
hadd Target path: /eos/user/a/amalhotr/tree2plots_streaming/hadd/hadd_d332a2c1.root:/tree2plots/Vertices/ntk_3/angle_gt_5/Topology
hadd Target path: /eos/user/a/amalhotr/tree2plots_streaming/hadd/hadd_d332a2c1.root:/tree2plots/Vertices/ntk_3/angle_gt_5/Topology/Barrel
hadd Target path: /eos/user/a/amalhotr/tree2plots_streaming/hadd/hadd_d332a2c1.root:/tree2plots/Vertices/ntk_3/angle_gt_5/Topology/Endcap
hadd Target path: /eos/user/a/amalhotr/tree2plots_streaming/hadd/hadd_d332a2c1.root:/tree2plots/Vertices/ntk_3/angle_gt_5/PVRegions
hadd Target path: /eos/user/a/amalhotr/tree2plots_streaming/hadd/hadd_d332a2c1.root:/tree2plots/Vertices/ntk_3/angle_gt_5/PVRegions/RegionA
hadd Target path: /eos/user/a/amalhotr/tree2plots_streaming/hadd/hadd_d332a2c1.root:/tree2plots/Vertices/ntk_3/angle_gt_5/PVRegions/RegionB
hadd Target path: /eos/user/a/amalhotr/tree2plots_streaming/hadd/hadd_d332a2c1.root:/tree2plots/Vertices/ntk_3/angle_gt_5/PVRegions/RegionC
hadd Target path: /eos/user/a/amalhotr/tree2plots_streaming/hadd/hadd_d332a2c1.root:/tree2plots/Vertices/ntk_3/angle_gt_10
hadd Target path: /eos/user/a/amalhotr/tree2plots_streaming/hadd/hadd_d332a2c1.root:/tree2plots/Vertices/ntk_3/angle_gt_10/Kinematics
hadd Target path: /eos/user/a/amalhotr/tree2plots_streaming/hadd/hadd_d332a2c1.root:/tree2plots/Vertices/ntk_3/angle_gt_10/Spatial
hadd Target path: /eos/user/a/amalhotr/tree2plots_streaming/hadd/hadd_d332a2c1.root:/tree2plots/Vertices/ntk_3/angle_gt_10/Distance
hadd Target path: /eos/user/a/amalhotr/tree2plots_streaming/hadd/hadd_d332a2c1.root:/tree2plots/Vertices/ntk_3/angle_gt_10/OpeningAngles
hadd Target path: /eos/user/a/amalhotr/tree2plots_streaming/hadd/hadd_d332a2c1.root:/tree2plots/Vertices/ntk_3/angle_gt_10/Topology
hadd Target path: /eos/user/a/amalhotr/tree2plots_streaming/hadd/hadd_d332a2c1.root:/tree2plots/Vertices/ntk_3/angle_gt_10/Topology/Barrel
hadd Target path: /eos/user/a/amalhotr/tree2plots_streaming/hadd/hadd_d332a2c1.root:/tree2plots/Vertices/ntk_3/angle_gt_10/Topology/Endcap
hadd Target path: /eos/user/a/amalhotr/tree2plots_streaming/hadd/hadd_d332a2c1.root:/tree2plots/Vertices/ntk_3/angle_gt_10/PVRegions
hadd Target path: /eos/user/a/amalhotr/tree2plots_streaming/hadd/hadd_d332a2c1.root:/tree2plots/Vertices/ntk_3/angle_gt_10/PVRegions/RegionA
hadd Target path: /eos/user/a/amalhotr/tree2plots_streaming/hadd/hadd_d332a2c1.root:/tree2plots/Vertices/ntk_3/angle_gt_10/PVRegions/RegionB
hadd Target path: /eos/user/a/amalhotr/tree2plots_streaming/hadd/hadd_d332a2c1.root:/tree2plots/Vertices/ntk_3/angle_gt_10/PVRegions/RegionC
hadd Target path: /eos/user/a/amalhotr/tree2plots_streaming/hadd/hadd_d332a2c1.root:/tree2plots/Vertices/ntk_3/angle_gt_25
hadd Target path: /eos/user/a/amalhotr/tree2plots_streaming/hadd/hadd_d332a2c1.root:/tree2plots/Vertices/ntk_3/angle_gt_25/Kinematics
hadd Target path: /eos/user/a/amalhotr/tree2plots_streaming/hadd/hadd_d332a2c1.root:/tree2plots/Vertices/ntk_3/angle_gt_25/Spatial
hadd Target path: /eos/user/a/amalhotr/tree2plots_streaming/hadd/hadd_d332a2c1.root:/tree2plots/Vertices/ntk_3/angle_gt_25/Distance
hadd Target path: /eos/user/a/amalhotr/tree2plots_streaming/hadd/hadd_d332a2c1.root:/tree2plots/Vertices/ntk_3/angle_gt_25/OpeningAngles
hadd Target path: /eos/user/a/amalhotr/tree2plots_streaming/hadd/hadd_d332a2c1.root:/tree2plots/Vertices/ntk_3/angle_gt_25/Topology
hadd Target path: /eos/user/a/amalhotr/tree2plots_streaming/hadd/hadd_d332a2c1.root:/tree2plots/Vertices/ntk_3/angle_gt_25/Topology/Barrel
hadd Target path: /eos/user/a/amalhotr/tree2plots_streaming/hadd/hadd_d332a2c1.root:/tree2plots/Vertices/ntk_3/angle_gt_25/Topology/Endcap
hadd Target path: /eos/user/a/amalhotr/tree2plots_streaming/hadd/hadd_d332a2c1.root:/tree2plots/Vertices/ntk_3/angle_gt_25/PVRegions
hadd Target path: /eos/user/a/amalhotr/tree2plots_streaming/hadd/hadd_d332a2c1.root:/tree2plots/Vertices/ntk_3/angle_gt_25/PVRegions/RegionA
hadd Target path: /eos/user/a/amalhotr/tree2plots_streaming/hadd/hadd_d332a2c1.root:/tree2plots/Vertices/ntk_3/angle_gt_25/PVRegions/RegionB
hadd Target path: /eos/user/a/amalhotr/tree2plots_streaming/hadd/hadd_d332a2c1.root:/tree2plots/Vertices/ntk_3/angle_gt_25/PVRegions/RegionC
hadd Target path: /eos/user/a/amalhotr/tree2plots_streaming/hadd/hadd_d332a2c1.root:/tree2plots/Vertices/ntk_3/angle_gt_50
hadd Target path: /eos/user/a/amalhotr/tree2plots_streaming/hadd/hadd_d332a2c1.root:/tree2plots/Vertices/ntk_3/angle_gt_50/Kinematics
hadd Target path: /eos/user/a/amalhotr/tree2plots_streaming/hadd/hadd_d332a2c1.root:/tree2plots/Vertices/ntk_3/angle_gt_50/Spatial
hadd Target path: /eos/user/a/amalhotr/tree2plots_streaming/hadd/hadd_d332a2c1.root:/tree2plots/Vertices/ntk_3/angle_gt_50/Distance
hadd Target path: /eos/user/a/amalhotr/tree2plots_streaming/hadd/hadd_d332a2c1.root:/tree2plots/Vertices/ntk_3/angle_gt_50/OpeningAngles
hadd Target path: /eos/user/a/amalhotr/tree2plots_streaming/hadd/hadd_d332a2c1.root:/tree2plots/Vertices/ntk_3/angle_gt_50/Topology
hadd Target path: /eos/user/a/amalhotr/tree2plots_streaming/hadd/hadd_d332a2c1.root:/tree2plots/Vertices/ntk_3/angle_gt_50/Topology/Barrel
hadd Target path: /eos/user/a/amalhotr/tree2plots_streaming/hadd/hadd_d332a2c1.root:/tree2plots/Vertices/ntk_3/angle_gt_50/Topology/Endcap
hadd Target path: /eos/user/a/amalhotr/tree2plots_streaming/hadd/hadd_d332a2c1.root:/tree2plots/Vertices/ntk_3/angle_gt_50/PVRegions
hadd Target path: /eos/user/a/amalhotr/tree2plots_streaming/hadd/hadd_d332a2c1.root:/tree2plots/Vertices/ntk_3/angle_gt_50/PVRegions/RegionA
hadd Target path: /eos/user/a/amalhotr/tree2plots_streaming/hadd/hadd_d332a2c1.root:/tree2plots/Vertices/ntk_3/angle_gt_50/PVRegions/RegionB
hadd Target path: /eos/user/a/amalhotr/tree2plots_streaming/hadd/hadd_d332a2c1.root:/tree2plots/Vertices/ntk_3/angle_gt_50/PVRegions/RegionC
hadd Target path: /eos/user/a/amalhotr/tree2plots_streaming/hadd/hadd_d332a2c1.root:/tree2plots/Vertices/ntk_3/angle_gt_100
hadd Target path: /eos/user/a/amalhotr/tree2plots_streaming/hadd/hadd_d332a2c1.root:/tree2plots/Vertices/ntk_3/angle_gt_100/Kinematics
hadd Target path: /eos/user/a/amalhotr/tree2plots_streaming/hadd/hadd_d332a2c1.root:/tree2plots/Vertices/ntk_3/angle_gt_100/Spatial
hadd Target path: /eos/user/a/amalhotr/tree2plots_streaming/hadd/hadd_d332a2c1.root:/tree2plots/Vertices/ntk_3/angle_gt_100/Distance
hadd Target path: /eos/user/a/amalhotr/tree2plots_streaming/hadd/hadd_d332a2c1.root:/tree2plots/Vertices/ntk_3/angle_gt_100/OpeningAngles
hadd Target path: /eos/user/a/amalhotr/tree2plots_streaming/hadd/hadd_d332a2c1.root:/tree2plots/Vertices/ntk_3/angle_gt_100/Topology
hadd Target path: /eos/user/a/amalhotr/tree2plots_streaming/hadd/hadd_d332a2c1.root:/tree2plots/Vertices/ntk_3/angle_gt_100/Topology/Barrel
hadd Target path: /eos/user/a/amalhotr/tree2plots_streaming/hadd/hadd_d332a2c1.root:/tree2plots/Vertices/ntk_3/angle_gt_100/Topology/Endcap
hadd Target path: /eos/user/a/amalhotr/tree2plots_streaming/hadd/hadd_d332a2c1.root:/tree2plots/Vertices/ntk_3/angle_gt_100/PVRegions
hadd Target path: /eos/user/a/amalhotr/tree2plots_streaming/hadd/hadd_d332a2c1.root:/tree2plots/Vertices/ntk_3/angle_gt_100/PVRegions/RegionA
hadd Target path: /eos/user/a/amalhotr/tree2plots_streaming/hadd/hadd_d332a2c1.root:/tree2plots/Vertices/ntk_3/angle_gt_100/PVRegions/RegionB
hadd Target path: /eos/user/a/amalhotr/tree2plots_streaming/hadd/hadd_d332a2c1.root:/tree2plots/Vertices/ntk_3/angle_gt_100/PVRegions/RegionC
hadd Target path: /eos/user/a/amalhotr/tree2plots_streaming/hadd/hadd_d332a2c1.root:/tree2plots/Vertices/ntk3_or_4
hadd Target path: /eos/user/a/amalhotr/tree2plots_streaming/hadd/hadd_d332a2c1.root:/tree2plots/Vertices/ntk3_or_4/angle_any
hadd Target path: /eos/user/a/amalhotr/tree2plots_streaming/hadd/hadd_d332a2c1.root:/tree2plots/Vertices/ntk3_or_4/angle_any/Kinematics
hadd Target path: /eos/user/a/amalhotr/tree2plots_streaming/hadd/hadd_d332a2c1.root:/tree2plots/Vertices/ntk3_or_4/angle_any/Spatial
hadd Target path: /eos/user/a/amalhotr/tree2plots_streaming/hadd/hadd_d332a2c1.root:/tree2plots/Vertices/ntk3_or_4/angle_any/Distance
hadd Target path: /eos/user/a/amalhotr/tree2plots_streaming/hadd/hadd_d332a2c1.root:/tree2plots/Vertices/ntk3_or_4/angle_any/OpeningAngles
hadd Target path: /eos/user/a/amalhotr/tree2plots_streaming/hadd/hadd_d332a2c1.root:/tree2plots/Vertices/ntk3_or_4/angle_any/Topology
hadd Target path: /eos/user/a/amalhotr/tree2plots_streaming/hadd/hadd_d332a2c1.root:/tree2plots/Vertices/ntk3_or_4/angle_any/Topology/Barrel
hadd Target path: /eos/user/a/amalhotr/tree2plots_streaming/hadd/hadd_d332a2c1.root:/tree2plots/Vertices/ntk3_or_4/angle_any/Topology/Endcap
hadd Target path: /eos/user/a/amalhotr/tree2plots_streaming/hadd/hadd_d332a2c1.root:/tree2plots/Vertices/ntk3_or_4/angle_any/PVRegions
hadd Target path: /eos/user/a/amalhotr/tree2plots_streaming/hadd/hadd_d332a2c1.root:/tree2plots/Vertices/ntk3_or_4/angle_any/PVRegions/RegionA
hadd Target path: /eos/user/a/amalhotr/tree2plots_streaming/hadd/hadd_d332a2c1.root:/tree2plots/Vertices/ntk3_or_4/angle_any/PVRegions/RegionB
hadd Target path: /eos/user/a/amalhotr/tree2plots_streaming/hadd/hadd_d332a2c1.root:/tree2plots/Vertices/ntk3_or_4/angle_any/PVRegions/RegionC
hadd Target path: /eos/user/a/amalhotr/tree2plots_streaming/hadd/hadd_d332a2c1.root:/tree2plots/Vertices/ntk3_or_4/angle_gt_5
hadd Target path: /eos/user/a/amalhotr/tree2plots_streaming/hadd/hadd_d332a2c1.root:/tree2plots/Vertices/ntk3_or_4/angle_gt_5/Kinematics
hadd Target path: /eos/user/a/amalhotr/tree2plots_streaming/hadd/hadd_d332a2c1.root:/tree2plots/Vertices/ntk3_or_4/angle_gt_5/Spatial
hadd Target path: /eos/user/a/amalhotr/tree2plots_streaming/hadd/hadd_d332a2c1.root:/tree2plots/Vertices/ntk3_or_4/angle_gt_5/Distance
hadd Target path: /eos/user/a/amalhotr/tree2plots_streaming/hadd/hadd_d332a2c1.root:/tree2plots/Vertices/ntk3_or_4/angle_gt_5/OpeningAngles
hadd Target path: /eos/user/a/amalhotr/tree2plots_streaming/hadd/hadd_d332a2c1.root:/tree2plots/Vertices/ntk3_or_4/angle_gt_5/Topology
hadd Target path: /eos/user/a/amalhotr/tree2plots_streaming/hadd/hadd_d332a2c1.root:/tree2plots/Vertices/ntk3_or_4/angle_gt_5/Topology/Barrel
hadd Target path: /eos/user/a/amalhotr/tree2plots_streaming/hadd/hadd_d332a2c1.root:/tree2plots/Vertices/ntk3_or_4/angle_gt_5/Topology/Endcap
hadd Target path: /eos/user/a/amalhotr/tree2plots_streaming/hadd/hadd_d332a2c1.root:/tree2plots/Vertices/ntk3_or_4/angle_gt_5/PVRegions
hadd Target path: /eos/user/a/amalhotr/tree2plots_streaming/hadd/hadd_d332a2c1.root:/tree2plots/Vertices/ntk3_or_4/angle_gt_5/PVRegions/RegionA
hadd Target path: /eos/user/a/amalhotr/tree2plots_streaming/hadd/hadd_d332a2c1.root:/tree2plots/Vertices/ntk3_or_4/angle_gt_5/PVRegions/RegionB
hadd Target path: /eos/user/a/amalhotr/tree2plots_streaming/hadd/hadd_d332a2c1.root:/tree2plots/Vertices/ntk3_or_4/angle_gt_5/PVRegions/RegionC
hadd Target path: /eos/user/a/amalhotr/tree2plots_streaming/hadd/hadd_d332a2c1.root:/tree2plots/Vertices/ntk3_or_4/angle_gt_10
hadd Target path: /eos/user/a/amalhotr/tree2plots_streaming/hadd/hadd_d332a2c1.root:/tree2plots/Vertices/ntk3_or_4/angle_gt_10/Kinematics
hadd Target path: /eos/user/a/amalhotr/tree2plots_streaming/hadd/hadd_d332a2c1.root:/tree2plots/Vertices/ntk3_or_4/angle_gt_10/Spatial
hadd Target path: /eos/user/a/amalhotr/tree2plots_streaming/hadd/hadd_d332a2c1.root:/tree2plots/Vertices/ntk3_or_4/angle_gt_10/Distance
hadd Target path: /eos/user/a/amalhotr/tree2plots_streaming/hadd/hadd_d332a2c1.root:/tree2plots/Vertices/ntk3_or_4/angle_gt_10/OpeningAngles
hadd Target path: /eos/user/a/amalhotr/tree2plots_streaming/hadd/hadd_d332a2c1.root:/tree2plots/Vertices/ntk3_or_4/angle_gt_10/Topology
hadd Target path: /eos/user/a/amalhotr/tree2plots_streaming/hadd/hadd_d332a2c1.root:/tree2plots/Vertices/ntk3_or_4/angle_gt_10/Topology/Barrel
hadd Target path: /eos/user/a/amalhotr/tree2plots_streaming/hadd/hadd_d332a2c1.root:/tree2plots/Vertices/ntk3_or_4/angle_gt_10/Topology/Endcap
hadd Target path: /eos/user/a/amalhotr/tree2plots_streaming/hadd/hadd_d332a2c1.root:/tree2plots/Vertices/ntk3_or_4/angle_gt_10/PVRegions
hadd Target path: /eos/user/a/amalhotr/tree2plots_streaming/hadd/hadd_d332a2c1.root:/tree2plots/Vertices/ntk3_or_4/angle_gt_10/PVRegions/RegionA
hadd Target path: /eos/user/a/amalhotr/tree2plots_streaming/hadd/hadd_d332a2c1.root:/tree2plots/Vertices/ntk3_or_4/angle_gt_10/PVRegions/RegionB
hadd Target path: /eos/user/a/amalhotr/tree2plots_streaming/hadd/hadd_d332a2c1.root:/tree2plots/Vertices/ntk3_or_4/angle_gt_10/PVRegions/RegionC
hadd Target path: /eos/user/a/amalhotr/tree2plots_streaming/hadd/hadd_d332a2c1.root:/tree2plots/Vertices/ntk3_or_4/angle_gt_25
hadd Target path: /eos/user/a/amalhotr/tree2plots_streaming/hadd/hadd_d332a2c1.root:/tree2plots/Vertices/ntk3_or_4/angle_gt_25/Kinematics
hadd Target path: /eos/user/a/amalhotr/tree2plots_streaming/hadd/hadd_d332a2c1.root:/tree2plots/Vertices/ntk3_or_4/angle_gt_25/Spatial
hadd Target path: /eos/user/a/amalhotr/tree2plots_streaming/hadd/hadd_d332a2c1.root:/tree2plots/Vertices/ntk3_or_4/angle_gt_25/Distance
hadd Target path: /eos/user/a/amalhotr/tree2plots_streaming/hadd/hadd_d332a2c1.root:/tree2plots/Vertices/ntk3_or_4/angle_gt_25/OpeningAngles
hadd Target path: /eos/user/a/amalhotr/tree2plots_streaming/hadd/hadd_d332a2c1.root:/tree2plots/Vertices/ntk3_or_4/angle_gt_25/Topology
hadd Target path: /eos/user/a/amalhotr/tree2plots_streaming/hadd/hadd_d332a2c1.root:/tree2plots/Vertices/ntk3_or_4/angle_gt_25/Topology/Barrel
hadd Target path: /eos/user/a/amalhotr/tree2plots_streaming/hadd/hadd_d332a2c1.root:/tree2plots/Vertices/ntk3_or_4/angle_gt_25/Topology/Endcap
hadd Target path: /eos/user/a/amalhotr/tree2plots_streaming/hadd/hadd_d332a2c1.root:/tree2plots/Vertices/ntk3_or_4/angle_gt_25/PVRegions
hadd Target path: /eos/user/a/amalhotr/tree2plots_streaming/hadd/hadd_d332a2c1.root:/tree2plots/Vertices/ntk3_or_4/angle_gt_25/PVRegions/RegionA
hadd Target path: /eos/user/a/amalhotr/tree2plots_streaming/hadd/hadd_d332a2c1.root:/tree2plots/Vertices/ntk3_or_4/angle_gt_25/PVRegions/RegionB
hadd Target path: /eos/user/a/amalhotr/tree2plots_streaming/hadd/hadd_d332a2c1.root:/tree2plots/Vertices/ntk3_or_4/angle_gt_25/PVRegions/RegionC
hadd Target path: /eos/user/a/amalhotr/tree2plots_streaming/hadd/hadd_d332a2c1.root:/tree2plots/Vertices/ntk3_or_4/angle_gt_50
hadd Target path: /eos/user/a/amalhotr/tree2plots_streaming/hadd/hadd_d332a2c1.root:/tree2plots/Vertices/ntk3_or_4/angle_gt_50/Kinematics
hadd Target path: /eos/user/a/amalhotr/tree2plots_streaming/hadd/hadd_d332a2c1.root:/tree2plots/Vertices/ntk3_or_4/angle_gt_50/Spatial
hadd Target path: /eos/user/a/amalhotr/tree2plots_streaming/hadd/hadd_d332a2c1.root:/tree2plots/Vertices/ntk3_or_4/angle_gt_50/Distance
hadd Target path: /eos/user/a/amalhotr/tree2plots_streaming/hadd/hadd_d332a2c1.root:/tree2plots/Vertices/ntk3_or_4/angle_gt_50/OpeningAngles
hadd Target path: /eos/user/a/amalhotr/tree2plots_streaming/hadd/hadd_d332a2c1.root:/tree2plots/Vertices/ntk3_or_4/angle_gt_50/Topology
hadd Target path: /eos/user/a/amalhotr/tree2plots_streaming/hadd/hadd_d332a2c1.root:/tree2plots/Vertices/ntk3_or_4/angle_gt_50/Topology/Barrel
hadd Target path: /eos/user/a/amalhotr/tree2plots_streaming/hadd/hadd_d332a2c1.root:/tree2plots/Vertices/ntk3_or_4/angle_gt_50/Topology/Endcap
hadd Target path: /eos/user/a/amalhotr/tree2plots_streaming/hadd/hadd_d332a2c1.root:/tree2plots/Vertices/ntk3_or_4/angle_gt_50/PVRegions
hadd Target path: /eos/user/a/amalhotr/tree2plots_streaming/hadd/hadd_d332a2c1.root:/tree2plots/Vertices/ntk3_or_4/angle_gt_50/PVRegions/RegionA
hadd Target path: /eos/user/a/amalhotr/tree2plots_streaming/hadd/hadd_d332a2c1.root:/tree2plots/Vertices/ntk3_or_4/angle_gt_50/PVRegions/RegionB
hadd Target path: /eos/user/a/amalhotr/tree2plots_streaming/hadd/hadd_d332a2c1.root:/tree2plots/Vertices/ntk3_or_4/angle_gt_50/PVRegions/RegionC
hadd Target path: /eos/user/a/amalhotr/tree2plots_streaming/hadd/hadd_d332a2c1.root:/tree2plots/Vertices/ntk3_or_4/angle_gt_100
hadd Target path: /eos/user/a/amalhotr/tree2plots_streaming/hadd/hadd_d332a2c1.root:/tree2plots/Vertices/ntk3_or_4/angle_gt_100/Kinematics
hadd Target path: /eos/user/a/amalhotr/tree2plots_streaming/hadd/hadd_d332a2c1.root:/tree2plots/Vertices/ntk3_or_4/angle_gt_100/Spatial
hadd Target path: /eos/user/a/amalhotr/tree2plots_streaming/hadd/hadd_d332a2c1.root:/tree2plots/Vertices/ntk3_or_4/angle_gt_100/Distance
hadd Target path: /eos/user/a/amalhotr/tree2plots_streaming/hadd/hadd_d332a2c1.root:/tree2plots/Vertices/ntk3_or_4/angle_gt_100/OpeningAngles
hadd Target path: /eos/user/a/amalhotr/tree2plots_streaming/hadd/hadd_d332a2c1.root:/tree2plots/Vertices/ntk3_or_4/angle_gt_100/Topology
hadd Target path: /eos/user/a/amalhotr/tree2plots_streaming/hadd/hadd_d332a2c1.root:/tree2plots/Vertices/ntk3_or_4/angle_gt_100/Topology/Barrel
hadd Target path: /eos/user/a/amalhotr/tree2plots_streaming/hadd/hadd_d332a2c1.root:/tree2plots/Vertices/ntk3_or_4/angle_gt_100/Topology/Endcap
hadd Target path: /eos/user/a/amalhotr/tree2plots_streaming/hadd/hadd_d332a2c1.root:/tree2plots/Vertices/ntk3_or_4/angle_gt_100/PVRegions
hadd Target path: /eos/user/a/amalhotr/tree2plots_streaming/hadd/hadd_d332a2c1.root:/tree2plots/Vertices/ntk3_or_4/angle_gt_100/PVRegions/RegionA
hadd Target path: /eos/user/a/amalhotr/tree2plots_streaming/hadd/hadd_d332a2c1.root:/tree2plots/Vertices/ntk3_or_4/angle_gt_100/PVRegions/RegionB
hadd Target path: /eos/user/a/amalhotr/tree2plots_streaming/hadd/hadd_d332a2c1.root:/tree2plots/Vertices/ntk3_or_4/angle_gt_100/PVRegions/RegionC
hadd Target path: /eos/user/a/amalhotr/tree2plots_streaming/hadd/hadd_d332a2c1.root:/tree2plots/Event
hadd Target path: /eos/user/a/amalhotr/tree2plots_streaming/hadd/hadd_d332a2c1.root:/tree2plots/Tracks
