000 (14992695.000.000) 04/22 16:30:36 Job submitted from host: <188.184.90.62:9618?addrs=188.184.90.62-9618+[2001-1458-201-e4--100-238]-9618&alias=bigbird16.cern.ch&noUDP&sock=schedd_5196_9a2f>
...
040 (14992695.000.000) 04/22 16:34:48 Started transferring input files
	Transferring to host: <188.185.203.195:9618?addrs=188.185.203.195-9618+[2001-1458-303-6--100-40]-9618&alias=b9p34p0020.cern.ch&noUDP&sock=slot1_21_4293_8e88_127448>
...
040 (14992695.000.000) 04/22 16:34:48 Finished transferring input files
...
001 (14992695.000.000) 04/22 16:34:49 Job executing on host: <188.185.203.195:9618?addrs=188.185.203.195-9618+[2001-1458-303-6--100-40]-9618&alias=b9p34p0020.cern.ch&noUDP&sock=startd_4245_4b9e>
	SlotName: slot1_21@b9p34p0020.cern.ch
	CondorScratchDir = "/pool/condor/dir_3796160"
	Cpus = 1
	Disk = 6431
	GPUs = 0
	Memory = 3000
...
006 (14992695.000.000) 04/22 16:35:02 Image size of job updated: 37348
	37  -  MemoryUsage of job (MB)
	37348  -  ResidentSetSize of job (KB)
...
006 (14992695.000.000) 04/22 16:40:02 Image size of job updated: 105208
	99  -  MemoryUsage of job (MB)
	100880  -  ResidentSetSize of job (KB)
...
040 (14992695.000.000) 04/22 16:40:03 Started transferring output files
...
040 (14992695.000.000) 04/22 16:40:03 Finished transferring output files
...
005 (14992695.000.000) 04/22 16:40:03 Job terminated.
	(1) Normal termination (return value 0)
		Usr 0 00:00:49, Sys 0 00:00:03  -  Run Remote Usage
		Usr 0 00:00:00, Sys 0 00:00:00  -  Run Local Usage
		Usr 0 00:00:49, Sys 0 00:00:03  -  Total Remote Usage
		Usr 0 00:00:00, Sys 0 00:00:00  -  Total Local Usage
	77094  -  Run Bytes Sent By Job
	5592  -  Run Bytes Received By Job
	77094  -  Total Bytes Sent By Job
	5592  -  Total Bytes Received By Job
	Partitionable Resources :    Usage  Request Allocated 
	   Cpus                 :     0.03        1         1 
	   Disk (KB)            :   104           7      6431 
	   GPUs                 :                           0 
	   Memory (MB)          :    99        3000      3000 
	   TimeExecute (s)      :   314                       
	   TimeSlotBusy (s)     :   316                       

	Job terminated of its own accord at 2026-04-22T14:40:03Z with exit-code 0.
...
