Begin processing the 1st record. Run 1, Event 1, LumiSection 1 on stream 0 at 26-Jan-2026 11:05:41.053 CET
%MSG-w XrdAdaptorLvl3:  Tree2PlotsRun3:tree2plots 26-Jan-2026 11:06:47 CET  Run: 1 Event: 1
Deactivating st-h01-apollo.cern.ch from active sources because its quality (1148) is higher than 260 and 4 times larger than the other active server st-h01-paris.cern.ch (0) 
%MSG

TrigReport ---------- Event  Summary ------------
TrigReport Events total = 1 passed = 1 failed = 0

TrigReport ---------- Path   Summary ------------
TrigReport  Trig Bit#   Executed     Passed     Failed      Error Name
TrigReport     1    0          1          1          0          0 p


TrigReport -------End-Path   Summary ------------
TrigReport  Trig Bit#   Executed     Passed     Failed      Error Name


TrigReport ---------- Modules in Path: p ------------
TrigReport  Trig Bit#    Visited     Passed     Failed      Error Name
TrigReport     1    0          1          1          0          0 tree2plots


TrigReport ---------- Module Summary ------------
TrigReport    Visited   Executed     Passed     Failed      Error Name
TrigReport          1          1          1          0          0 TriggerResults
TrigReport          1          1          1          0          0 p
TrigReport          1          1          1          0          0 tree2plots


TimeReport ---------- Event  Summary ---[sec]----
TimeReport       event loop CPU/event = 83.750247
TimeReport      event loop Real/event = 112.231912
TimeReport     sum Streams Real/event = 112.231142
TimeReport efficiency CPU/Real/thread = 0.746225

TimeReport ---------- Path   Summary ---[Real sec]----
TimeReport  per event     per exec  Name
TimeReport 112.230783   112.230783  p

TimeReport  per event     per exec  Name

TimeReport -------End-Path   Summary ---[Real sec]----
TimeReport  per event     per exec  Name

TimeReport  per event     per exec  Name

TimeReport ---------- Modules in Path: p ---[Real sec]----
TimeReport  per event    per visit  Name
TimeReport 112.230584   112.230584  tree2plots

TimeReport  per event    per visit  Name

TimeReport ---------- Module Summary ---[Real sec]----
TimeReport  per event     per exec    per visit  Name
TimeReport   0.000003     0.000003     0.000003  TriggerResults
TimeReport   0.000044     0.000044     0.000044  p
TimeReport 112.230584   112.230584   112.230584  tree2plots

TimeReport  per event     per exec    per visit  Name

T---Report end!


