/pool/condor/dir_1758108

Opening file: /eos/user/a/amalhotr/ScoutingPFRun3/ScoutingData_2024H_TreeMakerRedone/251209_202708/0000/ScoutingTree_Output_825.root
Opened file /eos/user/a/amalhotr/ScoutingPFRun3/ScoutingData_2024H_TreeMakerRedone/251209_202708/0000/ScoutingTree_Output_825.root with 7096392 entries.
Tree opened successfully.
Total entries = 7096392

=====================================
=== Progress: 10% reached at entry 709639 ===
=====================================

=====================================
=== Progress: 20% reached at entry 1419278 ===
=====================================

=====================================
=== Progress: 30% reached at entry 2128917 ===
=====================================

=====================================
=== Progress: 40% reached at entry 2838556 ===
=====================================

=====================================
=== Progress: 50% reached at entry 3548196 ===
=====================================

=====================================
=== Progress: 60% reached at entry 4257835 ===
=====================================

=====================================
=== Progress: 70% reached at entry 4967474 ===
=====================================

=====================================
=== Progress: 80% reached at entry 5677113 ===
=====================================

=====================================
=== Progress: 90% reached at entry 6386752 ===
=====================================

Opening file: /eos/user/a/amalhotr/ScoutingPFRun3/ScoutingData_2024H_TreeMakerRedone/251209_202708/0000/ScoutingTree_Output_826.root
Opened file /eos/user/a/amalhotr/ScoutingPFRun3/ScoutingData_2024H_TreeMakerRedone/251209_202708/0000/ScoutingTree_Output_826.root with 7747707 entries.
Tree opened successfully.
Total entries = 7747707

=====================================
=== Progress: 10% reached at entry 774770 ===
=====================================

=====================================
=== Progress: 20% reached at entry 1549541 ===
=====================================

=====================================
=== Progress: 30% reached at entry 2324312 ===
=====================================

=====================================
=== Progress: 40% reached at entry 3099082 ===
=====================================

=====================================
=== Progress: 50% reached at entry 3873853 ===
=====================================

=====================================
=== Progress: 60% reached at entry 4648624 ===
=====================================

=====================================
=== Progress: 70% reached at entry 5423394 ===
=====================================

=====================================
=== Progress: 80% reached at entry 6198165 ===
=====================================

=====================================
=== Progress: 90% reached at entry 6972936 ===
=====================================

Opening file: /eos/user/a/amalhotr/ScoutingPFRun3/ScoutingData_2024H_TreeMakerRedone/251209_202708/0000/ScoutingTree_Output_827.root
Opened file /eos/user/a/amalhotr/ScoutingPFRun3/ScoutingData_2024H_TreeMakerRedone/251209_202708/0000/ScoutingTree_Output_827.root with 6735442 entries.
Tree opened successfully.
Total entries = 6735442

=====================================
=== Progress: 10% reached at entry 673544 ===
=====================================

=====================================
=== Progress: 20% reached at entry 1347088 ===
=====================================

=====================================
=== Progress: 30% reached at entry 2020632 ===
=====================================

=====================================
=== Progress: 40% reached at entry 2694176 ===
=====================================

=====================================
=== Progress: 50% reached at entry 3367721 ===
=====================================

=====================================
=== Progress: 60% reached at entry 4041265 ===
=====================================

=====================================
=== Progress: 70% reached at entry 4714809 ===
=====================================

=====================================
=== Progress: 80% reached at entry 5388353 ===
=====================================

=====================================
=== Progress: 90% reached at entry 6061897 ===
=====================================

Opening file: /eos/user/a/amalhotr/ScoutingPFRun3/ScoutingData_2024H_TreeMakerRedone/251209_202708/0000/ScoutingTree_Output_828.root
Opened file /eos/user/a/amalhotr/ScoutingPFRun3/ScoutingData_2024H_TreeMakerRedone/251209_202708/0000/ScoutingTree_Output_828.root with 6393138 entries.
Tree opened successfully.
Total entries = 6393138

=====================================
=== Progress: 10% reached at entry 639313 ===
=====================================

=====================================
=== Progress: 20% reached at entry 1278627 ===
=====================================

=====================================
=== Progress: 30% reached at entry 1917941 ===
=====================================

=====================================
=== Progress: 40% reached at entry 2557255 ===
=====================================

=====================================
=== Progress: 50% reached at entry 3196569 ===
=====================================

=====================================
=== Progress: 60% reached at entry 3835882 ===
=====================================

=====================================
=== Progress: 70% reached at entry 4475196 ===
=====================================

=====================================
=== Progress: 80% reached at entry 5114510 ===
=====================================

=====================================
=== Progress: 90% reached at entry 5753824 ===
=====================================

Finished Tree2PlotsRun3 scan.
