/pool/condor/dir_856342

Opening file: /eos/user/a/amalhotr/ScoutingPFRun3/ScoutingData_2024H_TreeMakerRedone/251209_202708/0000/ScoutingTree_Output_382.root
Opened file /eos/user/a/amalhotr/ScoutingPFRun3/ScoutingData_2024H_TreeMakerRedone/251209_202708/0000/ScoutingTree_Output_382.root with 8046197 entries.
Tree opened successfully.
Total entries = 8046197

=====================================
=== Progress: 10% reached at entry 804619 ===
=====================================

=====================================
=== Progress: 20% reached at entry 1609239 ===
=====================================

=====================================
=== Progress: 30% reached at entry 2413859 ===
=====================================

=====================================
=== Progress: 40% reached at entry 3218478 ===
=====================================

=====================================
=== Progress: 50% reached at entry 4023098 ===
=====================================

=====================================
=== Progress: 60% reached at entry 4827718 ===
=====================================

=====================================
=== Progress: 70% reached at entry 5632337 ===
=====================================

=====================================
=== Progress: 80% reached at entry 6436957 ===
=====================================

=====================================
=== Progress: 90% reached at entry 7241577 ===
=====================================

Opening file: /eos/user/a/amalhotr/ScoutingPFRun3/ScoutingData_2024H_TreeMakerRedone/251209_202708/0000/ScoutingTree_Output_383.root
Opened file /eos/user/a/amalhotr/ScoutingPFRun3/ScoutingData_2024H_TreeMakerRedone/251209_202708/0000/ScoutingTree_Output_383.root with 8380930 entries.
Tree opened successfully.
Total entries = 8380930

=====================================
=== Progress: 10% reached at entry 838093 ===
=====================================

=====================================
=== Progress: 20% reached at entry 1676186 ===
=====================================

=====================================
=== Progress: 30% reached at entry 2514279 ===
=====================================

=====================================
=== Progress: 40% reached at entry 3352372 ===
=====================================

=====================================
=== Progress: 50% reached at entry 4190465 ===
=====================================

=====================================
=== Progress: 60% reached at entry 5028558 ===
=====================================

=====================================
=== Progress: 70% reached at entry 5866651 ===
=====================================

=====================================
=== Progress: 80% reached at entry 6704744 ===
=====================================

=====================================
=== Progress: 90% reached at entry 7542837 ===
=====================================

Opening file: /eos/user/a/amalhotr/ScoutingPFRun3/ScoutingData_2024H_TreeMakerRedone/251209_202708/0000/ScoutingTree_Output_384.root
Opened file /eos/user/a/amalhotr/ScoutingPFRun3/ScoutingData_2024H_TreeMakerRedone/251209_202708/0000/ScoutingTree_Output_384.root with 8330605 entries.
Tree opened successfully.
Total entries = 8330605

=====================================
=== Progress: 10% reached at entry 833060 ===
=====================================

=====================================
=== Progress: 20% reached at entry 1666121 ===
=====================================

=====================================
=== Progress: 30% reached at entry 2499181 ===
=====================================

=====================================
=== Progress: 40% reached at entry 3332242 ===
=====================================

=====================================
=== Progress: 50% reached at entry 4165302 ===
=====================================

=====================================
=== Progress: 60% reached at entry 4998363 ===
=====================================

=====================================
=== Progress: 70% reached at entry 5831423 ===
=====================================

=====================================
=== Progress: 80% reached at entry 6664484 ===
=====================================

=====================================
=== Progress: 90% reached at entry 7497544 ===
=====================================

Opening file: /eos/user/a/amalhotr/ScoutingPFRun3/ScoutingData_2024H_TreeMakerRedone/251209_202708/0000/ScoutingTree_Output_385.root
Opened file /eos/user/a/amalhotr/ScoutingPFRun3/ScoutingData_2024H_TreeMakerRedone/251209_202708/0000/ScoutingTree_Output_385.root with 8405943 entries.
Tree opened successfully.
Total entries = 8405943

=====================================
=== Progress: 10% reached at entry 840594 ===
=====================================

=====================================
=== Progress: 20% reached at entry 1681188 ===
=====================================

=====================================
=== Progress: 30% reached at entry 2521782 ===
=====================================

=====================================
=== Progress: 40% reached at entry 3362377 ===
=====================================

=====================================
=== Progress: 50% reached at entry 4202971 ===
=====================================

=====================================
=== Progress: 60% reached at entry 5043565 ===
=====================================

=====================================
=== Progress: 70% reached at entry 5884160 ===
=====================================

=====================================
=== Progress: 80% reached at entry 6724754 ===
=====================================

=====================================
=== Progress: 90% reached at entry 7565348 ===
=====================================

Finished Tree2PlotsRun3 scan.
