000 (14420252.000.000) 01/26 11:56:01 Job submitted from host: <188.184.90.62:9618?addrs=188.184.90.62-9618+[2001-1458-201-e4--100-238]-9618&alias=bigbird16.cern.ch&noUDP&sock=schedd_5196_9a2f>
...
040 (14420252.000.000) 01/26 11:56:21 Started transferring input files
	Transferring to host: <188.185.193.116:9618?addrs=188.185.193.116-9618+[2001-1458-303-20--100-70]-9618&alias=b9p19p3501.cern.ch&noUDP&sock=slot1_24_9077_514a_123957>
...
040 (14420252.000.000) 01/26 11:56:21 Finished transferring input files
...
001 (14420252.000.000) 01/26 11:56:22 Job executing on host: <188.185.193.116:9618?addrs=188.185.193.116-9618+[2001-1458-303-20--100-70]-9618&alias=b9p19p3501.cern.ch&noUDP&sock=startd_7910_2e38>
	SlotName: slot1_24@b9p19p3501.cern.ch
	CondorScratchDir = "/pool/condor/dir_2316366"
	Cpus = 1
	Disk = 3925
	GPUs = 0
	Memory = 3000
...
006 (14420252.000.000) 01/26 11:56:35 Image size of job updated: 141664
	139  -  MemoryUsage of job (MB)
	141664  -  ResidentSetSize of job (KB)
...
006 (14420252.000.000) 01/26 12:01:35 Image size of job updated: 849424
	811  -  MemoryUsage of job (MB)
	830088  -  ResidentSetSize of job (KB)
...
040 (14420252.000.000) 01/26 12:03:36 Started transferring output files
...
040 (14420252.000.000) 01/26 12:03:36 Finished transferring output files
...
005 (14420252.000.000) 01/26 12:03:36 Job terminated.
	(1) Normal termination (return value 0)
		Usr 0 00:05:43, Sys 0 00:00:07  -  Run Remote Usage
		Usr 0 00:00:00, Sys 0 00:00:00  -  Run Local Usage
		Usr 0 00:05:43, Sys 0 00:00:07  -  Total Remote Usage
		Usr 0 00:00:00, Sys 0 00:00:00  -  Total Local Usage
	13009  -  Run Bytes Sent By Job
	317  -  Run Bytes Received By Job
	13009  -  Total Bytes Sent By Job
	317  -  Total Bytes Received By Job
	Partitionable Resources :    Usage  Request Allocated 
	   Cpus                 :        0        1         1 
	   Disk (KB)            :       36        1      3925 
	   GPUs                 :                           0 
	   Memory (MB)          :      811     3000      3000 
	   TimeExecute (s)      :      434                    
	   TimeSlotBusy (s)     :      436                    

	Job terminated of its own accord at 2026-01-26T11:03:36Z with exit-code 0.
...
