000 (14420237.000.000) 01/26 11:55:55 Job submitted from host: <188.184.90.62:9618?addrs=188.184.90.62-9618+[2001-1458-201-e4--100-238]-9618&alias=bigbird16.cern.ch&noUDP&sock=schedd_5196_9a2f>
...
040 (14420237.000.000) 01/26 11:56:31 Started transferring input files
	Transferring to host: <188.185.194.34:9618?addrs=188.185.194.34-9618+[2001-1458-303-21--100-1e]-9618&alias=b9p20p0795.cern.ch&noUDP&sock=slot1_9_6240_64f7_121464>
...
040 (14420237.000.000) 01/26 11:56:31 Finished transferring input files
...
001 (14420237.000.000) 01/26 11:56:32 Job executing on host: <188.185.194.34:9618?addrs=188.185.194.34-9618+[2001-1458-303-21--100-1e]-9618&alias=b9p20p0795.cern.ch&noUDP&sock=startd_4977_62f2>
	SlotName: slot1_9@b9p20p0795.cern.ch
	CondorScratchDir = "/pool/condor/dir_1544382"
	Cpus = 1
	Disk = 3884
	GPUs = 0
	Memory = 3000
...
006 (14420237.000.000) 01/26 11:56:45 Image size of job updated: 135620
	133  -  MemoryUsage of job (MB)
	135620  -  ResidentSetSize of job (KB)
...
006 (14420237.000.000) 01/26 12:01:45 Image size of job updated: 770748
	749  -  MemoryUsage of job (MB)
	766344  -  ResidentSetSize of job (KB)
...
006 (14420237.000.000) 01/26 12:03:17 Image size of job updated: 774012
	749  -  MemoryUsage of job (MB)
	766344  -  ResidentSetSize of job (KB)
...
040 (14420237.000.000) 01/26 12:03:17 Started transferring output files
...
040 (14420237.000.000) 01/26 12:03:17 Finished transferring output files
...
005 (14420237.000.000) 01/26 12:03:17 Job terminated.
	(1) Normal termination (return value 0)
		Usr 0 00:05:23, Sys 0 00:00:11  -  Run Remote Usage
		Usr 0 00:00:00, Sys 0 00:00:00  -  Run Local Usage
		Usr 0 00:05:23, Sys 0 00:00:11  -  Total Remote Usage
		Usr 0 00:00:00, Sys 0 00:00:00  -  Total Local Usage
	12859  -  Run Bytes Sent By Job
	317  -  Run Bytes Received By Job
	12859  -  Total Bytes Sent By Job
	317  -  Total Bytes Received By Job
	Partitionable Resources :    Usage  Request Allocated 
	   Cpus                 :     0.74        1         1 
	   Disk (KB)            :    36           1      3884 
	   GPUs                 :                           0 
	   Memory (MB)          :   749        3000      3000 
	   TimeExecute (s)      :   405                       
	   TimeSlotBusy (s)     :   408                       

	Job terminated of its own accord at 2026-01-26T11:03:17Z with exit-code 0.
...
