/pool/condor/dir_3413458

Opening file: /eos/user/a/amalhotr/ScoutingPFRun3/ScoutingData_2024H_TreeMakerRedone/251209_202708/0000/ScoutingTree_Output_605.root
Opened file /eos/user/a/amalhotr/ScoutingPFRun3/ScoutingData_2024H_TreeMakerRedone/251209_202708/0000/ScoutingTree_Output_605.root with 9498708 entries.
Tree opened successfully.
Total entries = 9498708

=====================================
=== Progress: 10% reached at entry 949870 ===
=====================================

=====================================
=== Progress: 20% reached at entry 1899741 ===
=====================================

=====================================
=== Progress: 30% reached at entry 2849612 ===
=====================================

=====================================
=== Progress: 40% reached at entry 3799483 ===
=====================================

=====================================
=== Progress: 50% reached at entry 4749354 ===
=====================================

=====================================
=== Progress: 60% reached at entry 5699224 ===
=====================================

=====================================
=== Progress: 70% reached at entry 6649095 ===
=====================================

=====================================
=== Progress: 80% reached at entry 7598966 ===
=====================================

=====================================
=== Progress: 90% reached at entry 8548837 ===
=====================================

Opening file: /eos/user/a/amalhotr/ScoutingPFRun3/ScoutingData_2024H_TreeMakerRedone/251209_202708/0000/ScoutingTree_Output_606.root
Opened file /eos/user/a/amalhotr/ScoutingPFRun3/ScoutingData_2024H_TreeMakerRedone/251209_202708/0000/ScoutingTree_Output_606.root with 10193433 entries.
Tree opened successfully.
Total entries = 10193433

=====================================
=== Progress: 10% reached at entry 1019343 ===
=====================================

=====================================
=== Progress: 20% reached at entry 2038686 ===
=====================================

=====================================
=== Progress: 30% reached at entry 3058029 ===
=====================================

=====================================
=== Progress: 40% reached at entry 4077373 ===
=====================================

=====================================
=== Progress: 50% reached at entry 5096716 ===
=====================================

=====================================
=== Progress: 60% reached at entry 6116059 ===
=====================================

=====================================
=== Progress: 70% reached at entry 7135403 ===
=====================================

=====================================
=== Progress: 80% reached at entry 8154746 ===
=====================================

=====================================
=== Progress: 90% reached at entry 9174089 ===
=====================================

Opening file: /eos/user/a/amalhotr/ScoutingPFRun3/ScoutingData_2024H_TreeMakerRedone/251209_202708/0000/ScoutingTree_Output_607.root
Opened file /eos/user/a/amalhotr/ScoutingPFRun3/ScoutingData_2024H_TreeMakerRedone/251209_202708/0000/ScoutingTree_Output_607.root with 9519058 entries.
Tree opened successfully.
Total entries = 9519058

=====================================
=== Progress: 10% reached at entry 951905 ===
=====================================

=====================================
=== Progress: 20% reached at entry 1903811 ===
=====================================

=====================================
=== Progress: 30% reached at entry 2855717 ===
=====================================

=====================================
=== Progress: 40% reached at entry 3807623 ===
=====================================

=====================================
=== Progress: 50% reached at entry 4759529 ===
=====================================

=====================================
=== Progress: 60% reached at entry 5711434 ===
=====================================

=====================================
=== Progress: 70% reached at entry 6663340 ===
=====================================

=====================================
=== Progress: 80% reached at entry 7615246 ===
=====================================

=====================================
=== Progress: 90% reached at entry 8567152 ===
=====================================

Opening file: /eos/user/a/amalhotr/ScoutingPFRun3/ScoutingData_2024H_TreeMakerRedone/251209_202708/0000/ScoutingTree_Output_608.root
Opened file /eos/user/a/amalhotr/ScoutingPFRun3/ScoutingData_2024H_TreeMakerRedone/251209_202708/0000/ScoutingTree_Output_608.root with 9837135 entries.
Tree opened successfully.
Total entries = 9837135

=====================================
=== Progress: 10% reached at entry 983713 ===
=====================================

=====================================
=== Progress: 20% reached at entry 1967427 ===
=====================================

=====================================
=== Progress: 30% reached at entry 2951140 ===
=====================================

=====================================
=== Progress: 40% reached at entry 3934854 ===
=====================================

=====================================
=== Progress: 50% reached at entry 4918567 ===
=====================================

=====================================
=== Progress: 60% reached at entry 5902281 ===
=====================================

=====================================
=== Progress: 70% reached at entry 6885994 ===
=====================================

=====================================
=== Progress: 80% reached at entry 7869708 ===
=====================================

=====================================
=== Progress: 90% reached at entry 8853421 ===
=====================================

Finished Tree2PlotsRun3 scan.
