/pool/condor/dir_2027114

Opening file: /eos/user/a/amalhotr/ScoutingPFRun3/ScoutingData_2024H_TreeMakerRedone/251209_202708/0000/ScoutingTree_Output_177.root
Opened file /eos/user/a/amalhotr/ScoutingPFRun3/ScoutingData_2024H_TreeMakerRedone/251209_202708/0000/ScoutingTree_Output_177.root with 10799861 entries.
Tree opened successfully.
Total entries = 10799861

=====================================
=== Progress: 10% reached at entry 1079986 ===
=====================================

=====================================
=== Progress: 20% reached at entry 2159972 ===
=====================================

=====================================
=== Progress: 30% reached at entry 3239958 ===
=====================================

=====================================
=== Progress: 40% reached at entry 4319944 ===
=====================================

=====================================
=== Progress: 50% reached at entry 5399930 ===
=====================================

=====================================
=== Progress: 60% reached at entry 6479916 ===
=====================================

=====================================
=== Progress: 70% reached at entry 7559902 ===
=====================================

=====================================
=== Progress: 80% reached at entry 8639888 ===
=====================================

=====================================
=== Progress: 90% reached at entry 9719874 ===
=====================================

Opening file: /eos/user/a/amalhotr/ScoutingPFRun3/ScoutingData_2024H_TreeMakerRedone/251209_202708/0000/ScoutingTree_Output_178.root
Opened file /eos/user/a/amalhotr/ScoutingPFRun3/ScoutingData_2024H_TreeMakerRedone/251209_202708/0000/ScoutingTree_Output_178.root with 11128637 entries.
Tree opened successfully.
Total entries = 11128637

=====================================
=== Progress: 10% reached at entry 1112863 ===
=====================================

=====================================
=== Progress: 20% reached at entry 2225727 ===
=====================================

=====================================
=== Progress: 30% reached at entry 3338591 ===
=====================================

=====================================
=== Progress: 40% reached at entry 4451454 ===
=====================================

=====================================
=== Progress: 50% reached at entry 5564318 ===
=====================================

=====================================
=== Progress: 60% reached at entry 6677182 ===
=====================================

=====================================
=== Progress: 70% reached at entry 7790045 ===
=====================================

=====================================
=== Progress: 80% reached at entry 8902909 ===
=====================================

=====================================
=== Progress: 90% reached at entry 10015773 ===
=====================================

Opening file: /eos/user/a/amalhotr/ScoutingPFRun3/ScoutingData_2024H_TreeMakerRedone/251209_202708/0000/ScoutingTree_Output_179.root
Opened file /eos/user/a/amalhotr/ScoutingPFRun3/ScoutingData_2024H_TreeMakerRedone/251209_202708/0000/ScoutingTree_Output_179.root with 10564771 entries.
Tree opened successfully.
Total entries = 10564771

=====================================
=== Progress: 10% reached at entry 1056477 ===
=====================================

=====================================
=== Progress: 20% reached at entry 2112954 ===
=====================================

=====================================
=== Progress: 30% reached at entry 3169431 ===
=====================================

=====================================
=== Progress: 40% reached at entry 4225908 ===
=====================================

=====================================
=== Progress: 50% reached at entry 5282385 ===
=====================================

=====================================
=== Progress: 60% reached at entry 6338862 ===
=====================================

=====================================
=== Progress: 70% reached at entry 7395339 ===
=====================================

=====================================
=== Progress: 80% reached at entry 8451816 ===
=====================================

=====================================
=== Progress: 90% reached at entry 9508293 ===
=====================================

Opening file: /eos/user/a/amalhotr/ScoutingPFRun3/ScoutingData_2024H_TreeMakerRedone/251209_202708/0000/ScoutingTree_Output_17.root
Opened file /eos/user/a/amalhotr/ScoutingPFRun3/ScoutingData_2024H_TreeMakerRedone/251209_202708/0000/ScoutingTree_Output_17.root with 8465883 entries.
Tree opened successfully.
Total entries = 8465883

=====================================
=== Progress: 10% reached at entry 846588 ===
=====================================

=====================================
=== Progress: 20% reached at entry 1693176 ===
=====================================

=====================================
=== Progress: 30% reached at entry 2539764 ===
=====================================

=====================================
=== Progress: 40% reached at entry 3386353 ===
=====================================

=====================================
=== Progress: 50% reached at entry 4232941 ===
=====================================

=====================================
=== Progress: 60% reached at entry 5079529 ===
=====================================

=====================================
=== Progress: 70% reached at entry 5926118 ===
=====================================

=====================================
=== Progress: 80% reached at entry 6772706 ===
=====================================

=====================================
=== Progress: 90% reached at entry 7619294 ===
=====================================

Finished Tree2PlotsRun3 scan.
