/pool/condor/dir_1129832

Opening file: /eos/user/a/amalhotr/ScoutingPFRun3/ScoutingData_2024H_TreeMakerRedone/251209_202708/0000/ScoutingTree_Output_872.root
Opened file /eos/user/a/amalhotr/ScoutingPFRun3/ScoutingData_2024H_TreeMakerRedone/251209_202708/0000/ScoutingTree_Output_872.root with 8271185 entries.
Tree opened successfully.
Total entries = 8271185

=====================================
=== Progress: 10% reached at entry 827118 ===
=====================================

=====================================
=== Progress: 20% reached at entry 1654237 ===
=====================================

=====================================
=== Progress: 30% reached at entry 2481355 ===
=====================================

=====================================
=== Progress: 40% reached at entry 3308474 ===
=====================================

=====================================
=== Progress: 50% reached at entry 4135592 ===
=====================================

=====================================
=== Progress: 60% reached at entry 4962711 ===
=====================================

=====================================
=== Progress: 70% reached at entry 5789829 ===
=====================================

=====================================
=== Progress: 80% reached at entry 6616948 ===
=====================================

=====================================
=== Progress: 90% reached at entry 7444066 ===
=====================================

Opening file: /eos/user/a/amalhotr/ScoutingPFRun3/ScoutingData_2024H_TreeMakerRedone/251209_202708/0000/ScoutingTree_Output_873.root
Opened file /eos/user/a/amalhotr/ScoutingPFRun3/ScoutingData_2024H_TreeMakerRedone/251209_202708/0000/ScoutingTree_Output_873.root with 7980325 entries.
Tree opened successfully.
Total entries = 7980325

=====================================
=== Progress: 10% reached at entry 798032 ===
=====================================

=====================================
=== Progress: 20% reached at entry 1596065 ===
=====================================

=====================================
=== Progress: 30% reached at entry 2394097 ===
=====================================

=====================================
=== Progress: 40% reached at entry 3192130 ===
=====================================

=====================================
=== Progress: 50% reached at entry 3990162 ===
=====================================

=====================================
=== Progress: 60% reached at entry 4788195 ===
=====================================

=====================================
=== Progress: 70% reached at entry 5586227 ===
=====================================

=====================================
=== Progress: 80% reached at entry 6384260 ===
=====================================

=====================================
=== Progress: 90% reached at entry 7182292 ===
=====================================

Opening file: /eos/user/a/amalhotr/ScoutingPFRun3/ScoutingData_2024H_TreeMakerRedone/251209_202708/0000/ScoutingTree_Output_874.root
Opened file /eos/user/a/amalhotr/ScoutingPFRun3/ScoutingData_2024H_TreeMakerRedone/251209_202708/0000/ScoutingTree_Output_874.root with 7764022 entries.
Tree opened successfully.
Total entries = 7764022

=====================================
=== Progress: 10% reached at entry 776402 ===
=====================================

=====================================
=== Progress: 20% reached at entry 1552804 ===
=====================================

=====================================
=== Progress: 30% reached at entry 2329206 ===
=====================================

=====================================
=== Progress: 40% reached at entry 3105608 ===
=====================================

=====================================
=== Progress: 50% reached at entry 3882011 ===
=====================================

=====================================
=== Progress: 60% reached at entry 4658413 ===
=====================================

=====================================
=== Progress: 70% reached at entry 5434815 ===
=====================================

=====================================
=== Progress: 80% reached at entry 6211217 ===
=====================================

=====================================
=== Progress: 90% reached at entry 6987619 ===
=====================================

Opening file: /eos/user/a/amalhotr/ScoutingPFRun3/ScoutingData_2024H_TreeMakerRedone/251209_202708/0000/ScoutingTree_Output_875.root
Opened file /eos/user/a/amalhotr/ScoutingPFRun3/ScoutingData_2024H_TreeMakerRedone/251209_202708/0000/ScoutingTree_Output_875.root with 8206315 entries.
Tree opened successfully.
Total entries = 8206315

=====================================
=== Progress: 10% reached at entry 820631 ===
=====================================

=====================================
=== Progress: 20% reached at entry 1641263 ===
=====================================

=====================================
=== Progress: 30% reached at entry 2461894 ===
=====================================

=====================================
=== Progress: 40% reached at entry 3282526 ===
=====================================

=====================================
=== Progress: 50% reached at entry 4103157 ===
=====================================

=====================================
=== Progress: 60% reached at entry 4923789 ===
=====================================

=====================================
=== Progress: 70% reached at entry 5744420 ===
=====================================

=====================================
=== Progress: 80% reached at entry 6565052 ===
=====================================

=====================================
=== Progress: 90% reached at entry 7385683 ===
=====================================

Finished Tree2PlotsRun3 scan.
