000 (14418785.000.000) 01/26 10:11:27 Job submitted from host: <188.184.90.62:9618?addrs=188.184.90.62-9618+[2001-1458-201-e4--100-238]-9618&alias=bigbird16.cern.ch&noUDP&sock=schedd_5196_9a2f>
...
040 (14418785.000.000) 01/26 10:14:06 Started transferring input files
	Transferring to host: <188.185.205.188:9618?addrs=188.185.205.188-9618+[2001-1458-303-a--100-39]-9618&alias=b9p04p6505.cern.ch&noUDP&sock=slot1_27_4022_9cdd_113822>
...
040 (14418785.000.000) 01/26 10:14:06 Finished transferring input files
...
001 (14418785.000.000) 01/26 10:14:07 Job executing on host: <188.185.205.188:9618?addrs=188.185.205.188-9618+[2001-1458-303-a--100-39]-9618&alias=b9p04p6505.cern.ch&noUDP&sock=startd_3563_8007>
	SlotName: slot1_27@b9p04p6505.cern.ch
	CondorScratchDir = "/pool/condor/dir_2304755"
	Cpus = 1
	Disk = 3726
	GPUs = 0
	Memory = 3000
...
006 (14418785.000.000) 01/26 10:14:20 Image size of job updated: 44896
	44  -  MemoryUsage of job (MB)
	44896  -  ResidentSetSize of job (KB)
...
006 (14418785.000.000) 01/26 10:19:20 Image size of job updated: 847200
	814  -  MemoryUsage of job (MB)
	833192  -  ResidentSetSize of job (KB)
...
040 (14418785.000.000) 01/26 10:20:10 Started transferring output files
...
040 (14418785.000.000) 01/26 10:20:10 Finished transferring output files
...
005 (14418785.000.000) 01/26 10:20:11 Job terminated.
	(1) Normal termination (return value 0)
		Usr 0 00:04:14, Sys 0 00:00:11  -  Run Remote Usage
		Usr 0 00:00:00, Sys 0 00:00:00  -  Run Local Usage
		Usr 0 00:04:14, Sys 0 00:00:11  -  Total Remote Usage
		Usr 0 00:00:00, Sys 0 00:00:00  -  Total Local Usage
	12862  -  Run Bytes Sent By Job
	317  -  Run Bytes Received By Job
	12862  -  Total Bytes Sent By Job
	317  -  Total Bytes Received By Job
	Partitionable Resources :    Usage  Request Allocated 
	   Cpus                 :     0.40        1         1 
	   Disk (KB)            :    41           1      3726 
	   GPUs                 :                           0 
	   Memory (MB)          :   814        3000      3000 
	   TimeExecute (s)      :   363                       
	   TimeSlotBusy (s)     :   366                       

	Job terminated of its own accord at 2026-01-26T09:20:10Z with exit-code 0.
...
