000 (14419476.000.000) 01/26 11:06:27 Job submitted from host: <188.184.90.62:9618?addrs=188.184.90.62-9618+[2001-1458-201-e4--100-238]-9618&alias=bigbird16.cern.ch&noUDP&sock=schedd_5196_9a2f>
...
040 (14419476.000.000) 01/26 11:10:47 Started transferring input files
	Transferring to host: <188.185.213.212:9618?addrs=188.185.213.212-9618+[2001-1458-303-1b--100-50]-9618&alias=b9p28p2314.cern.ch&noUDP&sock=slot1_27_3151_ea19_162766>
...
040 (14419476.000.000) 01/26 11:10:47 Finished transferring input files
...
001 (14419476.000.000) 01/26 11:10:48 Job executing on host: <188.185.213.212:9618?addrs=188.185.213.212-9618+[2001-1458-303-1b--100-50]-9618&alias=b9p28p2314.cern.ch&noUDP&sock=startd_2685_43e0>
	SlotName: slot1_27@b9p28p2314.cern.ch
	CondorScratchDir = "/pool/condor/dir_1972381"
	Cpus = 1
	Disk = 3820
	GPUs = 0
	Memory = 3000
...
006 (14419476.000.000) 01/26 11:11:02 Image size of job updated: 586764
	574  -  MemoryUsage of job (MB)
	586764  -  ResidentSetSize of job (KB)
...
006 (14419476.000.000) 01/26 11:15:14 Image size of job updated: 828188
	574  -  MemoryUsage of job (MB)
	586764  -  ResidentSetSize of job (KB)
...
040 (14419476.000.000) 01/26 11:15:14 Started transferring output files
...
040 (14419476.000.000) 01/26 11:15:14 Finished transferring output files
...
005 (14419476.000.000) 01/26 11:15:14 Job terminated.
	(1) Normal termination (return value 0)
		Usr 0 00:03:14, Sys 0 00:00:07  -  Run Remote Usage
		Usr 0 00:00:00, Sys 0 00:00:00  -  Run Local Usage
		Usr 0 00:03:14, Sys 0 00:00:07  -  Total Remote Usage
		Usr 0 00:00:00, Sys 0 00:00:00  -  Total Local Usage
	12859  -  Run Bytes Sent By Job
	317  -  Run Bytes Received By Job
	12859  -  Total Bytes Sent By Job
	317  -  Total Bytes Received By Job
	Partitionable Resources :    Usage  Request Allocated 
	   Cpus                 :        0        1         1 
	   Disk (KB)            :       36        1      3820 
	   GPUs                 :                           0 
	   Memory (MB)          :      574     3000      3000 
	   TimeExecute (s)      :      266                    
	   TimeSlotBusy (s)     :      268                    

	Job terminated of its own accord at 2026-01-26T10:15:14Z with exit-code 0.
...
