/pool/condor/dir_3735267

Opening file: /eos/user/a/amalhotr/ScoutingPFRun3/ScoutingData_2024H_TreeMakerRedone/251209_202708/0000/ScoutingTree_Output_731.root
Opened file /eos/user/a/amalhotr/ScoutingPFRun3/ScoutingData_2024H_TreeMakerRedone/251209_202708/0000/ScoutingTree_Output_731.root with 8233095 entries.
Tree opened successfully.
Total entries = 8233095

=====================================
=== Progress: 10% reached at entry 823309 ===
=====================================

=====================================
=== Progress: 20% reached at entry 1646619 ===
=====================================

=====================================
=== Progress: 30% reached at entry 2469928 ===
=====================================

=====================================
=== Progress: 40% reached at entry 3293238 ===
=====================================

=====================================
=== Progress: 50% reached at entry 4116547 ===
=====================================

=====================================
=== Progress: 60% reached at entry 4939857 ===
=====================================

=====================================
=== Progress: 70% reached at entry 5763166 ===
=====================================

=====================================
=== Progress: 80% reached at entry 6586476 ===
=====================================

=====================================
=== Progress: 90% reached at entry 7409785 ===
=====================================

Opening file: /eos/user/a/amalhotr/ScoutingPFRun3/ScoutingData_2024H_TreeMakerRedone/251209_202708/0000/ScoutingTree_Output_732.root
Opened file /eos/user/a/amalhotr/ScoutingPFRun3/ScoutingData_2024H_TreeMakerRedone/251209_202708/0000/ScoutingTree_Output_732.root with 8326172 entries.
Tree opened successfully.
Total entries = 8326172

=====================================
=== Progress: 10% reached at entry 832617 ===
=====================================

=====================================
=== Progress: 20% reached at entry 1665234 ===
=====================================

=====================================
=== Progress: 30% reached at entry 2497851 ===
=====================================

=====================================
=== Progress: 40% reached at entry 3330468 ===
=====================================

=====================================
=== Progress: 50% reached at entry 4163086 ===
=====================================

=====================================
=== Progress: 60% reached at entry 4995703 ===
=====================================

=====================================
=== Progress: 70% reached at entry 5828320 ===
=====================================

=====================================
=== Progress: 80% reached at entry 6660937 ===
=====================================

=====================================
=== Progress: 90% reached at entry 7493554 ===
=====================================

Opening file: /eos/user/a/amalhotr/ScoutingPFRun3/ScoutingData_2024H_TreeMakerRedone/251209_202708/0000/ScoutingTree_Output_733.root
Opened file /eos/user/a/amalhotr/ScoutingPFRun3/ScoutingData_2024H_TreeMakerRedone/251209_202708/0000/ScoutingTree_Output_733.root with 8336276 entries.
Tree opened successfully.
Total entries = 8336276

=====================================
=== Progress: 10% reached at entry 833627 ===
=====================================

=====================================
=== Progress: 20% reached at entry 1667255 ===
=====================================

=====================================
=== Progress: 30% reached at entry 2500882 ===
=====================================

=====================================
=== Progress: 40% reached at entry 3334510 ===
=====================================

=====================================
=== Progress: 50% reached at entry 4168138 ===
=====================================

=====================================
=== Progress: 60% reached at entry 5001765 ===
=====================================

=====================================
=== Progress: 70% reached at entry 5835393 ===
=====================================

=====================================
=== Progress: 80% reached at entry 6669020 ===
=====================================

=====================================
=== Progress: 90% reached at entry 7502648 ===
=====================================

Opening file: /eos/user/a/amalhotr/ScoutingPFRun3/ScoutingData_2024H_TreeMakerRedone/251209_202708/0000/ScoutingTree_Output_734.root
Opened file /eos/user/a/amalhotr/ScoutingPFRun3/ScoutingData_2024H_TreeMakerRedone/251209_202708/0000/ScoutingTree_Output_734.root with 7503044 entries.
Tree opened successfully.
Total entries = 7503044

=====================================
=== Progress: 10% reached at entry 750304 ===
=====================================

=====================================
=== Progress: 20% reached at entry 1500608 ===
=====================================

=====================================
=== Progress: 30% reached at entry 2250913 ===
=====================================

=====================================
=== Progress: 40% reached at entry 3001217 ===
=====================================

=====================================
=== Progress: 50% reached at entry 3751522 ===
=====================================

=====================================
=== Progress: 60% reached at entry 4501826 ===
=====================================

=====================================
=== Progress: 70% reached at entry 5252130 ===
=====================================

=====================================
=== Progress: 80% reached at entry 6002435 ===
=====================================

=====================================
=== Progress: 90% reached at entry 6752739 ===
=====================================

Finished Tree2PlotsRun3 scan.
