000 (14420207.000.000) 01/26 11:38:15 Job submitted from host: <188.184.90.62:9618?addrs=188.184.90.62-9618+[2001-1458-201-e4--100-238]-9618&alias=bigbird16.cern.ch&noUDP&sock=schedd_5196_9a2f>
...
040 (14420207.000.000) 01/26 11:40:27 Started transferring input files
	Transferring to host: <188.185.206.151:9618?addrs=188.185.206.151-9618+[2001-1458-303-c--100-14]-9618&alias=b9p06p7463.cern.ch&noUDP&sock=slot1_8_6056_bfef_117001>
...
040 (14420207.000.000) 01/26 11:40:27 Finished transferring input files
...
001 (14420207.000.000) 01/26 11:40:28 Job executing on host: <188.185.206.151:9618?addrs=188.185.206.151-9618+[2001-1458-303-c--100-14]-9618&alias=b9p06p7463.cern.ch&noUDP&sock=startd_4960_b9d5>
	SlotName: slot1_8@b9p06p7463.cern.ch
	CondorScratchDir = "/pool/condor/dir_951745"
	Cpus = 1
	Disk = 3671
	GPUs = 0
	Memory = 3000
...
006 (14420207.000.000) 01/26 11:40:41 Image size of job updated: 42292
	42  -  MemoryUsage of job (MB)
	42292  -  ResidentSetSize of job (KB)
...
006 (14420207.000.000) 01/26 11:45:41 Image size of job updated: 786224
	765  -  MemoryUsage of job (MB)
	783248  -  ResidentSetSize of job (KB)
...
006 (14420207.000.000) 01/26 11:48:00 Image size of job updated: 787712
	765  -  MemoryUsage of job (MB)
	783248  -  ResidentSetSize of job (KB)
...
040 (14420207.000.000) 01/26 11:48:00 Started transferring output files
...
040 (14420207.000.000) 01/26 11:48:00 Finished transferring output files
...
005 (14420207.000.000) 01/26 11:48:00 Job terminated.
	(1) Normal termination (return value 0)
		Usr 0 00:05:11, Sys 0 00:00:14  -  Run Remote Usage
		Usr 0 00:00:00, Sys 0 00:00:00  -  Run Local Usage
		Usr 0 00:05:11, Sys 0 00:00:14  -  Total Remote Usage
		Usr 0 00:00:00, Sys 0 00:00:00  -  Total Local Usage
	12858  -  Run Bytes Sent By Job
	317  -  Run Bytes Received By Job
	12858  -  Total Bytes Sent By Job
	317  -  Total Bytes Received By Job
	Partitionable Resources :    Usage  Request Allocated 
	   Cpus                 :     0.82        1         1 
	   Disk (KB)            :    38           1      3671 
	   GPUs                 :                           0 
	   Memory (MB)          :   765        3000      3000 
	   TimeExecute (s)      :   452                       
	   TimeSlotBusy (s)     :   455                       

	Job terminated of its own accord at 2026-01-26T10:48:00Z with exit-code 0.
...
