000 (14418743.000.000) 01/26 08:09:31 Job submitted from host: <188.184.90.62:9618?addrs=188.184.90.62-9618+[2001-1458-201-e4--100-238]-9618&alias=bigbird16.cern.ch&noUDP&sock=schedd_5196_9a2f>
...
040 (14418743.000.000) 01/26 08:09:57 Started transferring input files
	Transferring to host: <188.185.214.86:9618?addrs=188.185.214.86-9618+[2001-1458-303-1c--100-52]-9618&alias=b9p29p2890.cern.ch&noUDP&sock=slot1_27_4378_726b_141313>
...
040 (14418743.000.000) 01/26 08:09:57 Finished transferring input files
...
001 (14418743.000.000) 01/26 08:09:58 Job executing on host: <188.185.214.86:9618?addrs=188.185.214.86-9618+[2001-1458-303-1c--100-52]-9618&alias=b9p29p2890.cern.ch&noUDP&sock=startd_3749_14a5>
	SlotName: slot1_27@b9p29p2890.cern.ch
	CondorScratchDir = "/pool/condor/dir_4017382"
	Cpus = 1
	Disk = 3776
	GPUs = 0
	Memory = 3000
...
006 (14418743.000.000) 01/26 08:10:11 Image size of job updated: 146252
	143  -  MemoryUsage of job (MB)
	146252  -  ResidentSetSize of job (KB)
...
006 (14418743.000.000) 01/26 08:14:03 Image size of job updated: 847188
	143  -  MemoryUsage of job (MB)
	146252  -  ResidentSetSize of job (KB)
...
040 (14418743.000.000) 01/26 08:14:03 Started transferring output files
...
040 (14418743.000.000) 01/26 08:14:03 Finished transferring output files
...
005 (14418743.000.000) 01/26 08:14:03 Job terminated.
	(1) Normal termination (return value 0)
		Usr 0 00:03:00, Sys 0 00:00:07  -  Run Remote Usage
		Usr 0 00:00:00, Sys 0 00:00:00  -  Run Local Usage
		Usr 0 00:03:00, Sys 0 00:00:07  -  Total Remote Usage
		Usr 0 00:00:00, Sys 0 00:00:00  -  Total Local Usage
	11401  -  Run Bytes Sent By Job
	317  -  Run Bytes Received By Job
	11401  -  Total Bytes Sent By Job
	317  -  Total Bytes Received By Job
	Partitionable Resources :    Usage  Request Allocated 
	   Cpus                 :        0        1         1 
	   Disk (KB)            :       35        1      3776 
	   GPUs                 :                           0 
	   Memory (MB)          :      143     3000      3000 
	   TimeExecute (s)      :      245                    
	   TimeSlotBusy (s)     :      247                    

	Job terminated of its own accord at 2026-01-26T07:14:03Z with exit-code 0.
...
