000 (14420263.000.000) 01/26 11:56:07 Job submitted from host: <188.184.90.62:9618?addrs=188.184.90.62-9618+[2001-1458-201-e4--100-238]-9618&alias=bigbird16.cern.ch&noUDP&sock=schedd_5196_9a2f>
...
040 (14420263.000.000) 01/26 11:56:24 Started transferring input files
	Transferring to host: <128.142.52.11:9618?addrs=128.142.52.11-9618+[2001-1458-301-1b--100-8]-9618&alias=b9g02p1359.cern.ch&noUDP&sock=slot1_25_1610033_a619_125934>
...
001 (14420263.000.000) 01/26 11:56:27 Job executing on host: <128.142.52.11:9618?addrs=128.142.52.11-9618+[2001-1458-301-1b--100-8]-9618&alias=b9g02p1359.cern.ch&noUDP&sock=startd_4276_8f0e>
	SlotName: slot1_25@b9g02p1359.cern.ch
	CondorScratchDir = "/pool/condor/dir_171954"
	Cpus = 1
	Disk = 3917
	GPUs = 0
	Memory = 3000
...
040 (14420263.000.000) 01/26 11:56:27 Finished transferring input files
...
006 (14420263.000.000) 01/26 11:56:40 Image size of job updated: 148592
	146  -  MemoryUsage of job (MB)
	148592  -  ResidentSetSize of job (KB)
...
006 (14420263.000.000) 01/26 12:01:40 Image size of job updated: 838860
	802  -  MemoryUsage of job (MB)
	820360  -  ResidentSetSize of job (KB)
...
040 (14420263.000.000) 01/26 12:03:40 Started transferring output files
...
040 (14420263.000.000) 01/26 12:03:40 Finished transferring output files
...
005 (14420263.000.000) 01/26 12:03:40 Job terminated.
	(1) Normal termination (return value 0)
		Usr 0 00:05:27, Sys 0 00:00:08  -  Run Remote Usage
		Usr 0 00:00:00, Sys 0 00:00:00  -  Run Local Usage
		Usr 0 00:05:27, Sys 0 00:00:08  -  Total Remote Usage
		Usr 0 00:00:00, Sys 0 00:00:00  -  Total Local Usage
	13002  -  Run Bytes Sent By Job
	317  -  Run Bytes Received By Job
	13002  -  Total Bytes Sent By Job
	317  -  Total Bytes Received By Job
	Partitionable Resources :    Usage  Request Allocated 
	   Cpus                 :        0        1         1 
	   Disk (KB)            :       36        1      3917 
	   GPUs                 :                           0 
	   Memory (MB)          :      802     3000      3000 
	   TimeExecute (s)      :      433                    
	   TimeSlotBusy (s)     :      437                    

	Job terminated of its own accord at 2026-01-26T11:03:40Z with exit-code 0.
...
