/pool/condor/dir_3534910

Opening file: /eos/user/a/amalhotr/ScoutingPFRun3/ScoutingData_2024H_TreeMakerRedone/251209_202708/0000/ScoutingTree_Output_771.root
Opened file /eos/user/a/amalhotr/ScoutingPFRun3/ScoutingData_2024H_TreeMakerRedone/251209_202708/0000/ScoutingTree_Output_771.root with 9181160 entries.
Tree opened successfully.
Total entries = 9181160

=====================================
=== Progress: 10% reached at entry 918116 ===
=====================================

=====================================
=== Progress: 20% reached at entry 1836232 ===
=====================================

=====================================
=== Progress: 30% reached at entry 2754348 ===
=====================================

=====================================
=== Progress: 40% reached at entry 3672464 ===
=====================================

=====================================
=== Progress: 50% reached at entry 4590580 ===
=====================================

=====================================
=== Progress: 60% reached at entry 5508696 ===
=====================================

=====================================
=== Progress: 70% reached at entry 6426812 ===
=====================================

=====================================
=== Progress: 80% reached at entry 7344928 ===
=====================================

=====================================
=== Progress: 90% reached at entry 8263044 ===
=====================================

Opening file: /eos/user/a/amalhotr/ScoutingPFRun3/ScoutingData_2024H_TreeMakerRedone/251209_202708/0000/ScoutingTree_Output_772.root
Opened file /eos/user/a/amalhotr/ScoutingPFRun3/ScoutingData_2024H_TreeMakerRedone/251209_202708/0000/ScoutingTree_Output_772.root with 9249450 entries.
Tree opened successfully.
Total entries = 9249450

=====================================
=== Progress: 10% reached at entry 924945 ===
=====================================

=====================================
=== Progress: 20% reached at entry 1849890 ===
=====================================

=====================================
=== Progress: 30% reached at entry 2774835 ===
=====================================

=====================================
=== Progress: 40% reached at entry 3699780 ===
=====================================

=====================================
=== Progress: 50% reached at entry 4624725 ===
=====================================

=====================================
=== Progress: 60% reached at entry 5549670 ===
=====================================

=====================================
=== Progress: 70% reached at entry 6474615 ===
=====================================

=====================================
=== Progress: 80% reached at entry 7399560 ===
=====================================

=====================================
=== Progress: 90% reached at entry 8324505 ===
=====================================

Opening file: /eos/user/a/amalhotr/ScoutingPFRun3/ScoutingData_2024H_TreeMakerRedone/251209_202708/0000/ScoutingTree_Output_773.root
Opened file /eos/user/a/amalhotr/ScoutingPFRun3/ScoutingData_2024H_TreeMakerRedone/251209_202708/0000/ScoutingTree_Output_773.root with 8968914 entries.
Tree opened successfully.
Total entries = 8968914

=====================================
=== Progress: 10% reached at entry 896891 ===
=====================================

=====================================
=== Progress: 20% reached at entry 1793782 ===
=====================================

=====================================
=== Progress: 30% reached at entry 2690674 ===
=====================================

=====================================
=== Progress: 40% reached at entry 3587565 ===
=====================================

=====================================
=== Progress: 50% reached at entry 4484457 ===
=====================================

=====================================
=== Progress: 60% reached at entry 5381348 ===
=====================================

=====================================
=== Progress: 70% reached at entry 6278239 ===
=====================================

=====================================
=== Progress: 80% reached at entry 7175131 ===
=====================================

=====================================
=== Progress: 90% reached at entry 8072022 ===
=====================================

Opening file: /eos/user/a/amalhotr/ScoutingPFRun3/ScoutingData_2024H_TreeMakerRedone/251209_202708/0000/ScoutingTree_Output_774.root
Opened file /eos/user/a/amalhotr/ScoutingPFRun3/ScoutingData_2024H_TreeMakerRedone/251209_202708/0000/ScoutingTree_Output_774.root with 9138408 entries.
Tree opened successfully.
Total entries = 9138408

=====================================
=== Progress: 10% reached at entry 913840 ===
=====================================

=====================================
=== Progress: 20% reached at entry 1827681 ===
=====================================

=====================================
=== Progress: 30% reached at entry 2741522 ===
=====================================

=====================================
=== Progress: 40% reached at entry 3655363 ===
=====================================

=====================================
=== Progress: 50% reached at entry 4569204 ===
=====================================

=====================================
=== Progress: 60% reached at entry 5483044 ===
=====================================

=====================================
=== Progress: 70% reached at entry 6396885 ===
=====================================

=====================================
=== Progress: 80% reached at entry 7310726 ===
=====================================

=====================================
=== Progress: 90% reached at entry 8224567 ===
=====================================

Finished Tree2PlotsRun3 scan.
