000 (14420255.000.000) 01/26 11:56:02 Job submitted from host: <188.184.90.62:9618?addrs=188.184.90.62-9618+[2001-1458-201-e4--100-238]-9618&alias=bigbird16.cern.ch&noUDP&sock=schedd_5196_9a2f>
...
040 (14420255.000.000) 01/26 11:56:23 Started transferring input files
	Transferring to host: <188.185.196.170:9618?addrs=188.185.196.170-9618+[2001-1458-303-23--100-a6]-9618&alias=b9p16p1151.cern.ch&noUDP&sock=slot1_34_3660_8d0e_122705>
...
001 (14420255.000.000) 01/26 11:56:27 Job executing on host: <188.185.196.170:9618?addrs=188.185.196.170-9618+[2001-1458-303-23--100-a6]-9618&alias=b9p16p1151.cern.ch&noUDP&sock=startd_2831_68b4>
	SlotName: slot1_34@b9p16p1151.cern.ch
	CondorScratchDir = "/pool/condor/dir_4130821"
	Cpus = 1
	Disk = 3890
	GPUs = 0
	Memory = 3000
...
040 (14420255.000.000) 01/26 11:56:27 Finished transferring input files
...
006 (14420255.000.000) 01/26 11:56:40 Image size of job updated: 131816
	129  -  MemoryUsage of job (MB)
	131816  -  ResidentSetSize of job (KB)
...
006 (14420255.000.000) 01/26 12:01:40 Image size of job updated: 834832
	811  -  MemoryUsage of job (MB)
	830464  -  ResidentSetSize of job (KB)
...
040 (14420255.000.000) 01/26 12:03:59 Started transferring output files
...
040 (14420255.000.000) 01/26 12:03:59 Finished transferring output files
...
005 (14420255.000.000) 01/26 12:03:59 Job terminated.
	(1) Normal termination (return value 0)
		Usr 0 00:05:57, Sys 0 00:00:12  -  Run Remote Usage
		Usr 0 00:00:00, Sys 0 00:00:00  -  Run Local Usage
		Usr 0 00:05:57, Sys 0 00:00:12  -  Total Remote Usage
		Usr 0 00:00:00, Sys 0 00:00:00  -  Total Local Usage
	13160  -  Run Bytes Sent By Job
	317  -  Run Bytes Received By Job
	13160  -  Total Bytes Sent By Job
	317  -  Total Bytes Received By Job
	Partitionable Resources :    Usage  Request Allocated 
	   Cpus                 :     0.59        1         1 
	   Disk (KB)            :    36           1      3890 
	   GPUs                 :                           0 
	   Memory (MB)          :   811        3000      3000 
	   TimeExecute (s)      :   452                       
	   TimeSlotBusy (s)     :   457                       

	Job terminated of its own accord at 2026-01-26T11:03:59Z with exit-code 0.
...
