/pool/condor/dir_2137165

Opening file: /eos/user/a/amalhotr/ScoutingPFRun3/ScoutingData_2024H_TreeMakerRedone/251209_202708/0000/ScoutingTree_Output_43.root
Opened file /eos/user/a/amalhotr/ScoutingPFRun3/ScoutingData_2024H_TreeMakerRedone/251209_202708/0000/ScoutingTree_Output_43.root with 8623526 entries.
Tree opened successfully.
Total entries = 8623526

=====================================
=== Progress: 10% reached at entry 862352 ===
=====================================

=====================================
=== Progress: 20% reached at entry 1724705 ===
=====================================

=====================================
=== Progress: 30% reached at entry 2587057 ===
=====================================

=====================================
=== Progress: 40% reached at entry 3449410 ===
=====================================

=====================================
=== Progress: 50% reached at entry 4311763 ===
=====================================

=====================================
=== Progress: 60% reached at entry 5174115 ===
=====================================

=====================================
=== Progress: 70% reached at entry 6036468 ===
=====================================

=====================================
=== Progress: 80% reached at entry 6898820 ===
=====================================

=====================================
=== Progress: 90% reached at entry 7761173 ===
=====================================

Opening file: /eos/user/a/amalhotr/ScoutingPFRun3/ScoutingData_2024H_TreeMakerRedone/251209_202708/0000/ScoutingTree_Output_440.root
Opened file /eos/user/a/amalhotr/ScoutingPFRun3/ScoutingData_2024H_TreeMakerRedone/251209_202708/0000/ScoutingTree_Output_440.root with 7187981 entries.
Tree opened successfully.
Total entries = 7187981

=====================================
=== Progress: 10% reached at entry 718798 ===
=====================================

=====================================
=== Progress: 20% reached at entry 1437596 ===
=====================================

=====================================
=== Progress: 30% reached at entry 2156394 ===
=====================================

=====================================
=== Progress: 40% reached at entry 2875192 ===
=====================================

=====================================
=== Progress: 50% reached at entry 3593990 ===
=====================================

=====================================
=== Progress: 60% reached at entry 4312788 ===
=====================================

=====================================
=== Progress: 70% reached at entry 5031586 ===
=====================================

=====================================
=== Progress: 80% reached at entry 5750384 ===
=====================================

=====================================
=== Progress: 90% reached at entry 6469182 ===
=====================================

Opening file: /eos/user/a/amalhotr/ScoutingPFRun3/ScoutingData_2024H_TreeMakerRedone/251209_202708/0000/ScoutingTree_Output_441.root
Opened file /eos/user/a/amalhotr/ScoutingPFRun3/ScoutingData_2024H_TreeMakerRedone/251209_202708/0000/ScoutingTree_Output_441.root with 7437776 entries.
Tree opened successfully.
Total entries = 7437776

=====================================
=== Progress: 10% reached at entry 743777 ===
=====================================

=====================================
=== Progress: 20% reached at entry 1487555 ===
=====================================

=====================================
=== Progress: 30% reached at entry 2231332 ===
=====================================

=====================================
=== Progress: 40% reached at entry 2975110 ===
=====================================

=====================================
=== Progress: 50% reached at entry 3718888 ===
=====================================

=====================================
=== Progress: 60% reached at entry 4462665 ===
=====================================

=====================================
=== Progress: 70% reached at entry 5206443 ===
=====================================

=====================================
=== Progress: 80% reached at entry 5950220 ===
=====================================

=====================================
=== Progress: 90% reached at entry 6693998 ===
=====================================

Opening file: /eos/user/a/amalhotr/ScoutingPFRun3/ScoutingData_2024H_TreeMakerRedone/251209_202708/0000/ScoutingTree_Output_442.root
Opened file /eos/user/a/amalhotr/ScoutingPFRun3/ScoutingData_2024H_TreeMakerRedone/251209_202708/0000/ScoutingTree_Output_442.root with 7624519 entries.
Tree opened successfully.
Total entries = 7624519

=====================================
=== Progress: 10% reached at entry 762451 ===
=====================================

=====================================
=== Progress: 20% reached at entry 1524903 ===
=====================================

=====================================
=== Progress: 30% reached at entry 2287355 ===
=====================================

=====================================
=== Progress: 40% reached at entry 3049807 ===
=====================================

=====================================
=== Progress: 50% reached at entry 3812259 ===
=====================================

=====================================
=== Progress: 60% reached at entry 4574711 ===
=====================================

=====================================
=== Progress: 70% reached at entry 5337163 ===
=====================================

=====================================
=== Progress: 80% reached at entry 6099615 ===
=====================================

=====================================
=== Progress: 90% reached at entry 6862067 ===
=====================================

Finished Tree2PlotsRun3 scan.
