000 (14418827.000.000) 01/26 10:29:57 Job submitted from host: <188.184.90.62:9618?addrs=188.184.90.62-9618+[2001-1458-201-e4--100-238]-9618&alias=bigbird16.cern.ch&noUDP&sock=schedd_5196_9a2f>
...
040 (14418827.000.000) 01/26 10:31:53 Started transferring input files
	Transferring to host: <188.185.214.11:9618?addrs=188.185.214.11-9618+[2001-1458-303-1c--100-7]-9618&alias=b9p29p4563.cern.ch&noUDP&sock=slot1_8_6737_936b_164989>
...
040 (14418827.000.000) 01/26 10:31:53 Finished transferring input files
...
001 (14418827.000.000) 01/26 10:31:54 Job executing on host: <188.185.214.11:9618?addrs=188.185.214.11-9618+[2001-1458-303-1c--100-7]-9618&alias=b9p29p4563.cern.ch&noUDP&sock=startd_5671_69ac>
	SlotName: slot1_8@b9p29p4563.cern.ch
	CondorScratchDir = "/pool/condor/dir_2437997"
	Cpus = 1
	Disk = 3793
	GPUs = 0
	Memory = 3000
...
006 (14418827.000.000) 01/26 10:32:08 Image size of job updated: 142964
	140  -  MemoryUsage of job (MB)
	142964  -  ResidentSetSize of job (KB)
...
006 (14418827.000.000) 01/26 10:37:09 Image size of job updated: 792172
	765  -  MemoryUsage of job (MB)
	782500  -  ResidentSetSize of job (KB)
...
040 (14418827.000.000) 01/26 10:38:09 Started transferring output files
...
040 (14418827.000.000) 01/26 10:38:09 Finished transferring output files
...
005 (14418827.000.000) 01/26 10:38:10 Job terminated.
	(1) Normal termination (return value 0)
		Usr 0 00:04:18, Sys 0 00:00:12  -  Run Remote Usage
		Usr 0 00:00:00, Sys 0 00:00:00  -  Run Local Usage
		Usr 0 00:04:18, Sys 0 00:00:12  -  Total Remote Usage
		Usr 0 00:00:00, Sys 0 00:00:00  -  Total Local Usage
	12857  -  Run Bytes Sent By Job
	317  -  Run Bytes Received By Job
	12857  -  Total Bytes Sent By Job
	317  -  Total Bytes Received By Job
	Partitionable Resources :    Usage  Request Allocated 
	   Cpus                 :     0.63        1         1 
	   Disk (KB)            :    36           1      3793 
	   GPUs                 :                           0 
	   Memory (MB)          :   765        3000      3000 
	   TimeExecute (s)      :   375                       
	   TimeSlotBusy (s)     :   377                       

	Job terminated of its own accord at 2026-01-26T09:38:09Z with exit-code 0.
...
