/pool/condor/dir_3401182

Opening file: /eos/user/a/amalhotr/ScoutingPFRun3/ScoutingData_2024H_TreeMakerRedone/251209_202708/0000/ScoutingTree_Output_234.root
Opened file /eos/user/a/amalhotr/ScoutingPFRun3/ScoutingData_2024H_TreeMakerRedone/251209_202708/0000/ScoutingTree_Output_234.root with 8417812 entries.
Tree opened successfully.
Total entries = 8417812

=====================================
=== Progress: 10% reached at entry 841781 ===
=====================================

=====================================
=== Progress: 20% reached at entry 1683562 ===
=====================================

=====================================
=== Progress: 30% reached at entry 2525343 ===
=====================================

=====================================
=== Progress: 40% reached at entry 3367124 ===
=====================================

=====================================
=== Progress: 50% reached at entry 4208906 ===
=====================================

=====================================
=== Progress: 60% reached at entry 5050687 ===
=====================================

=====================================
=== Progress: 70% reached at entry 5892468 ===
=====================================

=====================================
=== Progress: 80% reached at entry 6734249 ===
=====================================

=====================================
=== Progress: 90% reached at entry 7576030 ===
=====================================

Opening file: /eos/user/a/amalhotr/ScoutingPFRun3/ScoutingData_2024H_TreeMakerRedone/251209_202708/0000/ScoutingTree_Output_235.root
Opened file /eos/user/a/amalhotr/ScoutingPFRun3/ScoutingData_2024H_TreeMakerRedone/251209_202708/0000/ScoutingTree_Output_235.root with 8351892 entries.
Tree opened successfully.
Total entries = 8351892

=====================================
=== Progress: 10% reached at entry 835189 ===
=====================================

=====================================
=== Progress: 20% reached at entry 1670378 ===
=====================================

=====================================
=== Progress: 30% reached at entry 2505567 ===
=====================================

=====================================
=== Progress: 40% reached at entry 3340756 ===
=====================================

=====================================
=== Progress: 50% reached at entry 4175946 ===
=====================================

=====================================
=== Progress: 60% reached at entry 5011135 ===
=====================================

=====================================
=== Progress: 70% reached at entry 5846324 ===
=====================================

=====================================
=== Progress: 80% reached at entry 6681513 ===
=====================================

=====================================
=== Progress: 90% reached at entry 7516702 ===
=====================================

Opening file: /eos/user/a/amalhotr/ScoutingPFRun3/ScoutingData_2024H_TreeMakerRedone/251209_202708/0000/ScoutingTree_Output_236.root
Opened file /eos/user/a/amalhotr/ScoutingPFRun3/ScoutingData_2024H_TreeMakerRedone/251209_202708/0000/ScoutingTree_Output_236.root with 8086573 entries.
Tree opened successfully.
Total entries = 8086573

=====================================
=== Progress: 10% reached at entry 808657 ===
=====================================

=====================================
=== Progress: 20% reached at entry 1617314 ===
=====================================

=====================================
=== Progress: 30% reached at entry 2425971 ===
=====================================

=====================================
=== Progress: 40% reached at entry 3234629 ===
=====================================

=====================================
=== Progress: 50% reached at entry 4043286 ===
=====================================

=====================================
=== Progress: 60% reached at entry 4851943 ===
=====================================

=====================================
=== Progress: 70% reached at entry 5660601 ===
=====================================

=====================================
=== Progress: 80% reached at entry 6469258 ===
=====================================

=====================================
=== Progress: 90% reached at entry 7277915 ===
=====================================

Opening file: /eos/user/a/amalhotr/ScoutingPFRun3/ScoutingData_2024H_TreeMakerRedone/251209_202708/0000/ScoutingTree_Output_237.root
Opened file /eos/user/a/amalhotr/ScoutingPFRun3/ScoutingData_2024H_TreeMakerRedone/251209_202708/0000/ScoutingTree_Output_237.root with 8625608 entries.
Tree opened successfully.
Total entries = 8625608

=====================================
=== Progress: 10% reached at entry 862560 ===
=====================================

=====================================
=== Progress: 20% reached at entry 1725121 ===
=====================================

=====================================
=== Progress: 30% reached at entry 2587682 ===
=====================================

=====================================
=== Progress: 40% reached at entry 3450243 ===
=====================================

=====================================
=== Progress: 50% reached at entry 4312804 ===
=====================================

=====================================
=== Progress: 60% reached at entry 5175364 ===
=====================================

=====================================
=== Progress: 70% reached at entry 6037925 ===
=====================================

=====================================
=== Progress: 80% reached at entry 6900486 ===
=====================================

=====================================
=== Progress: 90% reached at entry 7763047 ===
=====================================

Finished Tree2PlotsRun3 scan.
