000 (14418868.000.000) 01/26 10:44:44 Job submitted from host: <188.184.90.62:9618?addrs=188.184.90.62-9618+[2001-1458-201-e4--100-238]-9618&alias=bigbird16.cern.ch&noUDP&sock=schedd_5196_9a2f>
...
040 (14418868.000.000) 01/26 10:49:12 Started transferring input files
	Transferring to host: <188.185.194.71:9618?addrs=188.185.194.71-9618+[2001-1458-303-21--100-43]-9618&alias=b9p20p6902.cern.ch&noUDP&sock=slot1_24_8589_7a36_124118>
...
040 (14418868.000.000) 01/26 10:49:12 Finished transferring input files
...
001 (14418868.000.000) 01/26 10:49:13 Job executing on host: <188.185.194.71:9618?addrs=188.185.194.71-9618+[2001-1458-303-21--100-43]-9618&alias=b9p20p6902.cern.ch&noUDP&sock=startd_7475_ce86>
	SlotName: slot1_24@b9p20p6902.cern.ch
	CondorScratchDir = "/pool/condor/dir_2814112"
	Cpus = 1
	Disk = 3883
	GPUs = 0
	Memory = 3000
...
006 (14418868.000.000) 01/26 10:49:27 Image size of job updated: 141908
	139  -  MemoryUsage of job (MB)
	141908  -  ResidentSetSize of job (KB)
...
006 (14418868.000.000) 01/26 10:54:28 Image size of job updated: 797148
	773  -  MemoryUsage of job (MB)
	791100  -  ResidentSetSize of job (KB)
...
040 (14418868.000.000) 01/26 10:56:53 Started transferring output files
...
040 (14418868.000.000) 01/26 10:56:53 Finished transferring output files
...
005 (14418868.000.000) 01/26 10:56:53 Job terminated.
	(1) Normal termination (return value 0)
		Usr 0 00:06:12, Sys 0 00:00:09  -  Run Remote Usage
		Usr 0 00:00:00, Sys 0 00:00:00  -  Run Local Usage
		Usr 0 00:06:12, Sys 0 00:00:09  -  Total Remote Usage
		Usr 0 00:00:00, Sys 0 00:00:00  -  Total Local Usage
	13165  -  Run Bytes Sent By Job
	317  -  Run Bytes Received By Job
	13165  -  Total Bytes Sent By Job
	317  -  Total Bytes Received By Job
	Partitionable Resources :    Usage  Request Allocated 
	   Cpus                 :        0        1         1 
	   Disk (KB)            :       36        1      3883 
	   GPUs                 :                           0 
	   Memory (MB)          :      773     3000      3000 
	   TimeExecute (s)      :      460                    
	   TimeSlotBusy (s)     :      462                    

	Job terminated of its own accord at 2026-01-26T09:56:53Z with exit-code 0.
...
