/pool/condor/dir_841031

Opening file: /eos/user/a/amalhotr/ScoutingPFRun3/ScoutingData_2024H_TreeMakerRedone/251209_202708/0000/ScoutingTree_Output_320.root
Opened file /eos/user/a/amalhotr/ScoutingPFRun3/ScoutingData_2024H_TreeMakerRedone/251209_202708/0000/ScoutingTree_Output_320.root with 10854455 entries.
Tree opened successfully.
Total entries = 10854455

=====================================
=== Progress: 10% reached at entry 1085445 ===
=====================================

=====================================
=== Progress: 20% reached at entry 2170891 ===
=====================================

=====================================
=== Progress: 30% reached at entry 3256336 ===
=====================================

=====================================
=== Progress: 40% reached at entry 4341782 ===
=====================================

=====================================
=== Progress: 50% reached at entry 5427227 ===
=====================================

=====================================
=== Progress: 60% reached at entry 6512673 ===
=====================================

=====================================
=== Progress: 70% reached at entry 7598118 ===
=====================================

=====================================
=== Progress: 80% reached at entry 8683564 ===
=====================================

=====================================
=== Progress: 90% reached at entry 9769009 ===
=====================================

Opening file: /eos/user/a/amalhotr/ScoutingPFRun3/ScoutingData_2024H_TreeMakerRedone/251209_202708/0000/ScoutingTree_Output_321.root
Opened file /eos/user/a/amalhotr/ScoutingPFRun3/ScoutingData_2024H_TreeMakerRedone/251209_202708/0000/ScoutingTree_Output_321.root with 11532174 entries.
Tree opened successfully.
Total entries = 11532174

=====================================
=== Progress: 10% reached at entry 1153217 ===
=====================================

=====================================
=== Progress: 20% reached at entry 2306434 ===
=====================================

=====================================
=== Progress: 30% reached at entry 3459652 ===
=====================================

=====================================
=== Progress: 40% reached at entry 4612869 ===
=====================================

=====================================
=== Progress: 50% reached at entry 5766087 ===
=====================================

=====================================
=== Progress: 60% reached at entry 6919304 ===
=====================================

=====================================
=== Progress: 70% reached at entry 8072521 ===
=====================================

=====================================
=== Progress: 80% reached at entry 9225739 ===
=====================================

=====================================
=== Progress: 90% reached at entry 10378956 ===
=====================================

Opening file: /eos/user/a/amalhotr/ScoutingPFRun3/ScoutingData_2024H_TreeMakerRedone/251209_202708/0000/ScoutingTree_Output_322.root
Opened file /eos/user/a/amalhotr/ScoutingPFRun3/ScoutingData_2024H_TreeMakerRedone/251209_202708/0000/ScoutingTree_Output_322.root with 11233498 entries.
Tree opened successfully.
Total entries = 11233498

=====================================
=== Progress: 10% reached at entry 1123349 ===
=====================================

=====================================
=== Progress: 20% reached at entry 2246699 ===
=====================================

=====================================
=== Progress: 30% reached at entry 3370049 ===
=====================================

=====================================
=== Progress: 40% reached at entry 4493399 ===
=====================================

=====================================
=== Progress: 50% reached at entry 5616749 ===
=====================================

=====================================
=== Progress: 60% reached at entry 6740098 ===
=====================================

=====================================
=== Progress: 70% reached at entry 7863448 ===
=====================================

=====================================
=== Progress: 80% reached at entry 8986798 ===
=====================================

=====================================
=== Progress: 90% reached at entry 10110148 ===
=====================================

Opening file: /eos/user/a/amalhotr/ScoutingPFRun3/ScoutingData_2024H_TreeMakerRedone/251209_202708/0000/ScoutingTree_Output_323.root
Opened file /eos/user/a/amalhotr/ScoutingPFRun3/ScoutingData_2024H_TreeMakerRedone/251209_202708/0000/ScoutingTree_Output_323.root with 11629339 entries.
Tree opened successfully.
Total entries = 11629339

=====================================
=== Progress: 10% reached at entry 1162933 ===
=====================================

=====================================
=== Progress: 20% reached at entry 2325867 ===
=====================================

=====================================
=== Progress: 30% reached at entry 3488801 ===
=====================================

=====================================
=== Progress: 40% reached at entry 4651735 ===
=====================================

=====================================
=== Progress: 50% reached at entry 5814669 ===
=====================================

=====================================
=== Progress: 60% reached at entry 6977603 ===
=====================================

=====================================
=== Progress: 70% reached at entry 8140537 ===
=====================================

=====================================
=== Progress: 80% reached at entry 9303471 ===
=====================================

=====================================
=== Progress: 90% reached at entry 10466405 ===
=====================================

Finished Tree2PlotsRun3 scan.
