/pool/condor/dir_3317632

Opening file: /eos/user/a/amalhotr/ScoutingPFRun3/ScoutingData_2024H_TreeMakerRedone/251209_202708/0000/ScoutingTree_Output_100.root
Opened file /eos/user/a/amalhotr/ScoutingPFRun3/ScoutingData_2024H_TreeMakerRedone/251209_202708/0000/ScoutingTree_Output_100.root with 8356753 entries.
Tree opened successfully.
Total entries = 8356753

=====================================
=== Progress: 10% reached at entry 835675 ===
=====================================

=====================================
=== Progress: 20% reached at entry 1671350 ===
=====================================

=====================================
=== Progress: 30% reached at entry 2507025 ===
=====================================

=====================================
=== Progress: 40% reached at entry 3342701 ===
=====================================

=====================================
=== Progress: 50% reached at entry 4178376 ===
=====================================

=====================================
=== Progress: 60% reached at entry 5014051 ===
=====================================

=====================================
=== Progress: 70% reached at entry 5849727 ===
=====================================

=====================================
=== Progress: 80% reached at entry 6685402 ===
=====================================

=====================================
=== Progress: 90% reached at entry 7521077 ===
=====================================

Opening file: /eos/user/a/amalhotr/ScoutingPFRun3/ScoutingData_2024H_TreeMakerRedone/251209_202708/0000/ScoutingTree_Output_101.root
Opened file /eos/user/a/amalhotr/ScoutingPFRun3/ScoutingData_2024H_TreeMakerRedone/251209_202708/0000/ScoutingTree_Output_101.root with 8355382 entries.
Tree opened successfully.
Total entries = 8355382

=====================================
=== Progress: 10% reached at entry 835538 ===
=====================================

=====================================
=== Progress: 20% reached at entry 1671076 ===
=====================================

=====================================
=== Progress: 30% reached at entry 2506614 ===
=====================================

=====================================
=== Progress: 40% reached at entry 3342152 ===
=====================================

=====================================
=== Progress: 50% reached at entry 4177691 ===
=====================================

=====================================
=== Progress: 60% reached at entry 5013229 ===
=====================================

=====================================
=== Progress: 70% reached at entry 5848767 ===
=====================================

=====================================
=== Progress: 80% reached at entry 6684305 ===
=====================================

=====================================
=== Progress: 90% reached at entry 7519843 ===
=====================================

Opening file: /eos/user/a/amalhotr/ScoutingPFRun3/ScoutingData_2024H_TreeMakerRedone/251209_202708/0000/ScoutingTree_Output_102.root
Opened file /eos/user/a/amalhotr/ScoutingPFRun3/ScoutingData_2024H_TreeMakerRedone/251209_202708/0000/ScoutingTree_Output_102.root with 8339345 entries.
Tree opened successfully.
Total entries = 8339345

=====================================
=== Progress: 10% reached at entry 833934 ===
=====================================

=====================================
=== Progress: 20% reached at entry 1667869 ===
=====================================

=====================================
=== Progress: 30% reached at entry 2501803 ===
=====================================

=====================================
=== Progress: 40% reached at entry 3335738 ===
=====================================

=====================================
=== Progress: 50% reached at entry 4169672 ===
=====================================

=====================================
=== Progress: 60% reached at entry 5003607 ===
=====================================

=====================================
=== Progress: 70% reached at entry 5837541 ===
=====================================

=====================================
=== Progress: 80% reached at entry 6671476 ===
=====================================

=====================================
=== Progress: 90% reached at entry 7505410 ===
=====================================

Opening file: /eos/user/a/amalhotr/ScoutingPFRun3/ScoutingData_2024H_TreeMakerRedone/251209_202708/0000/ScoutingTree_Output_103.root
Opened file /eos/user/a/amalhotr/ScoutingPFRun3/ScoutingData_2024H_TreeMakerRedone/251209_202708/0000/ScoutingTree_Output_103.root with 7984528 entries.
Tree opened successfully.
Total entries = 7984528

=====================================
=== Progress: 10% reached at entry 798452 ===
=====================================

=====================================
=== Progress: 20% reached at entry 1596905 ===
=====================================

=====================================
=== Progress: 30% reached at entry 2395358 ===
=====================================

=====================================
=== Progress: 40% reached at entry 3193811 ===
=====================================

=====================================
=== Progress: 50% reached at entry 3992264 ===
=====================================

=====================================
=== Progress: 60% reached at entry 4790716 ===
=====================================

=====================================
=== Progress: 70% reached at entry 5589169 ===
=====================================

=====================================
=== Progress: 80% reached at entry 6387622 ===
=====================================

=====================================
=== Progress: 90% reached at entry 7186075 ===
=====================================

Finished Tree2PlotsRun3 scan.
