000 (14419827.000.000) 01/26 11:19:07 Job submitted from host: <188.184.90.62:9618?addrs=188.184.90.62-9618+[2001-1458-201-e4--100-238]-9618&alias=bigbird16.cern.ch&noUDP&sock=schedd_5196_9a2f>
...
040 (14419827.000.000) 01/26 11:20:22 Started transferring input files
	Transferring to host: <188.185.196.112:9618?addrs=188.185.196.112-9618+[2001-1458-303-23--100-6c]-9618&alias=b9p16p4521.cern.ch&noUDP&sock=slot1_3_9246_64b1_122839>
...
040 (14419827.000.000) 01/26 11:20:22 Finished transferring input files
...
001 (14419827.000.000) 01/26 11:20:23 Job executing on host: <188.185.196.112:9618?addrs=188.185.196.112-9618+[2001-1458-303-23--100-6c]-9618&alias=b9p16p4521.cern.ch&noUDP&sock=startd_7958_1ac4>
	SlotName: slot1_3@b9p16p4521.cern.ch
	CondorScratchDir = "/pool/condor/dir_2698056"
	Cpus = 1
	Disk = 3760
	GPUs = 0
	Memory = 3000
...
006 (14419827.000.000) 01/26 11:20:36 Image size of job updated: 45132
	45  -  MemoryUsage of job (MB)
	45132  -  ResidentSetSize of job (KB)
...
006 (14419827.000.000) 01/26 11:25:36 Image size of job updated: 789248
	769  -  MemoryUsage of job (MB)
	786708  -  ResidentSetSize of job (KB)
...
006 (14419827.000.000) 01/26 11:28:05 Image size of job updated: 791464
	769  -  MemoryUsage of job (MB)
	786708  -  ResidentSetSize of job (KB)
...
040 (14419827.000.000) 01/26 11:28:05 Started transferring output files
...
040 (14419827.000.000) 01/26 11:28:05 Finished transferring output files
...
005 (14419827.000.000) 01/26 11:28:05 Job terminated.
	(1) Normal termination (return value 0)
		Usr 0 00:05:40, Sys 0 00:00:09  -  Run Remote Usage
		Usr 0 00:00:00, Sys 0 00:00:00  -  Run Local Usage
		Usr 0 00:05:40, Sys 0 00:00:09  -  Total Remote Usage
		Usr 0 00:00:00, Sys 0 00:00:00  -  Total Local Usage
	13172  -  Run Bytes Sent By Job
	317  -  Run Bytes Received By Job
	13172  -  Total Bytes Sent By Job
	317  -  Total Bytes Received By Job
	Partitionable Resources :    Usage  Request Allocated 
	   Cpus                 :     0.86        1         1 
	   Disk (KB)            :    37           1      3760 
	   GPUs                 :                           0 
	   Memory (MB)          :   769        3000      3000 
	   TimeExecute (s)      :   462                       
	   TimeSlotBusy (s)     :   464                       

	Job terminated of its own accord at 2026-01-26T10:28:05Z with exit-code 0.
...
