000 (14418803.000.000) 01/26 10:20:15 Job submitted from host: <188.184.90.62:9618?addrs=188.184.90.62-9618+[2001-1458-201-e4--100-238]-9618&alias=bigbird16.cern.ch&noUDP&sock=schedd_5196_9a2f>
...
040 (14418803.000.000) 01/26 10:20:23 Started transferring input files
	Transferring to host: <188.185.213.217:9618?addrs=188.185.213.217-9618+[2001-1458-303-1b--100-55]-9618&alias=b9p28p6886.cern.ch&noUDP&sock=slot1_21_9250_3631_160610>
...
040 (14418803.000.000) 01/26 10:20:23 Finished transferring input files
...
001 (14418803.000.000) 01/26 10:20:24 Job executing on host: <188.185.213.217:9618?addrs=188.185.213.217-9618+[2001-1458-303-1b--100-55]-9618&alias=b9p28p6886.cern.ch&noUDP&sock=startd_8572_41ea>
	SlotName: slot1_21@b9p28p6886.cern.ch
	CondorScratchDir = "/pool/condor/dir_3775416"
	Cpus = 1
	Disk = 3835
	GPUs = 0
	Memory = 3000
...
006 (14418803.000.000) 01/26 10:20:37 Image size of job updated: 649264
	635  -  MemoryUsage of job (MB)
	649264  -  ResidentSetSize of job (KB)
...
006 (14418803.000.000) 01/26 10:25:11 Image size of job updated: 842816
	635  -  MemoryUsage of job (MB)
	649264  -  ResidentSetSize of job (KB)
...
040 (14418803.000.000) 01/26 10:25:11 Started transferring output files
...
040 (14418803.000.000) 01/26 10:25:11 Finished transferring output files
...
005 (14418803.000.000) 01/26 10:25:11 Job terminated.
	(1) Normal termination (return value 0)
		Usr 0 00:03:12, Sys 0 00:00:08  -  Run Remote Usage
		Usr 0 00:00:00, Sys 0 00:00:00  -  Run Local Usage
		Usr 0 00:03:12, Sys 0 00:00:08  -  Total Remote Usage
		Usr 0 00:00:00, Sys 0 00:00:00  -  Total Local Usage
	12860  -  Run Bytes Sent By Job
	317  -  Run Bytes Received By Job
	12860  -  Total Bytes Sent By Job
	317  -  Total Bytes Received By Job
	Partitionable Resources :    Usage  Request Allocated 
	   Cpus                 :                 1         1 
	   Disk (KB)            :       29        1      3835 
	   GPUs                 :                           0 
	   Memory (MB)          :      635     3000      3000 
	   TimeExecute (s)      :      287                    
	   TimeSlotBusy (s)     :      288                    

	Job terminated of its own accord at 2026-01-26T09:25:11Z with exit-code 0.
...
