/pool/condor/dir_1772807

Opening file: /eos/user/a/amalhotr/ScoutingPFRun3/ScoutingData_2024H_TreeMakerRedone/251209_202708/0000/ScoutingTree_Output_858.root
Opened file /eos/user/a/amalhotr/ScoutingPFRun3/ScoutingData_2024H_TreeMakerRedone/251209_202708/0000/ScoutingTree_Output_858.root with 8591769 entries.
Tree opened successfully.
Total entries = 8591769

=====================================
=== Progress: 10% reached at entry 859176 ===
=====================================

=====================================
=== Progress: 20% reached at entry 1718353 ===
=====================================

=====================================
=== Progress: 30% reached at entry 2577530 ===
=====================================

=====================================
=== Progress: 40% reached at entry 3436707 ===
=====================================

=====================================
=== Progress: 50% reached at entry 4295884 ===
=====================================

=====================================
=== Progress: 60% reached at entry 5155061 ===
=====================================

=====================================
=== Progress: 70% reached at entry 6014238 ===
=====================================

=====================================
=== Progress: 80% reached at entry 6873415 ===
=====================================

=====================================
=== Progress: 90% reached at entry 7732592 ===
=====================================

Opening file: /eos/user/a/amalhotr/ScoutingPFRun3/ScoutingData_2024H_TreeMakerRedone/251209_202708/0000/ScoutingTree_Output_859.root
Opened file /eos/user/a/amalhotr/ScoutingPFRun3/ScoutingData_2024H_TreeMakerRedone/251209_202708/0000/ScoutingTree_Output_859.root with 8703641 entries.
Tree opened successfully.
Total entries = 8703641

=====================================
=== Progress: 10% reached at entry 870364 ===
=====================================

=====================================
=== Progress: 20% reached at entry 1740728 ===
=====================================

=====================================
=== Progress: 30% reached at entry 2611092 ===
=====================================

=====================================
=== Progress: 40% reached at entry 3481456 ===
=====================================

=====================================
=== Progress: 50% reached at entry 4351820 ===
=====================================

=====================================
=== Progress: 60% reached at entry 5222184 ===
=====================================

=====================================
=== Progress: 70% reached at entry 6092548 ===
=====================================

=====================================
=== Progress: 80% reached at entry 6962912 ===
=====================================

=====================================
=== Progress: 90% reached at entry 7833276 ===
=====================================

Opening file: /eos/user/a/amalhotr/ScoutingPFRun3/ScoutingData_2024H_TreeMakerRedone/251209_202708/0000/ScoutingTree_Output_85.root
Opened file /eos/user/a/amalhotr/ScoutingPFRun3/ScoutingData_2024H_TreeMakerRedone/251209_202708/0000/ScoutingTree_Output_85.root with 8343472 entries.
Tree opened successfully.
Total entries = 8343472

=====================================
=== Progress: 10% reached at entry 834347 ===
=====================================

=====================================
=== Progress: 20% reached at entry 1668694 ===
=====================================

=====================================
=== Progress: 30% reached at entry 2503041 ===
=====================================

=====================================
=== Progress: 40% reached at entry 3337388 ===
=====================================

=====================================
=== Progress: 50% reached at entry 4171736 ===
=====================================

=====================================
=== Progress: 60% reached at entry 5006083 ===
=====================================

=====================================
=== Progress: 70% reached at entry 5840430 ===
=====================================

=====================================
=== Progress: 80% reached at entry 6674777 ===
=====================================

=====================================
=== Progress: 90% reached at entry 7509124 ===
=====================================

Opening file: /eos/user/a/amalhotr/ScoutingPFRun3/ScoutingData_2024H_TreeMakerRedone/251209_202708/0000/ScoutingTree_Output_860.root
Opened file /eos/user/a/amalhotr/ScoutingPFRun3/ScoutingData_2024H_TreeMakerRedone/251209_202708/0000/ScoutingTree_Output_860.root with 7542577 entries.
Tree opened successfully.
Total entries = 7542577

=====================================
=== Progress: 10% reached at entry 754257 ===
=====================================

=====================================
=== Progress: 20% reached at entry 1508515 ===
=====================================

=====================================
=== Progress: 30% reached at entry 2262773 ===
=====================================

=====================================
=== Progress: 40% reached at entry 3017030 ===
=====================================

=====================================
=== Progress: 50% reached at entry 3771288 ===
=====================================

=====================================
=== Progress: 60% reached at entry 4525546 ===
=====================================

=====================================
=== Progress: 70% reached at entry 5279803 ===
=====================================

=====================================
=== Progress: 80% reached at entry 6034061 ===
=====================================

=====================================
=== Progress: 90% reached at entry 6788319 ===
=====================================

Finished Tree2PlotsRun3 scan.
