000 (14418867.000.000) 01/26 10:44:44 Job submitted from host: <188.184.90.62:9618?addrs=188.184.90.62-9618+[2001-1458-201-e4--100-238]-9618&alias=bigbird16.cern.ch&noUDP&sock=schedd_5196_9a2f>
...
040 (14418867.000.000) 01/26 10:49:12 Started transferring input files
	Transferring to host: <188.185.193.58:9618?addrs=188.185.193.58-9618+[2001-1458-303-20--100-36]-9618&alias=b9p19p9651.cern.ch&noUDP&sock=slot1_49_8430_7290_121980>
...
040 (14418867.000.000) 01/26 10:49:12 Finished transferring input files
...
001 (14418867.000.000) 01/26 10:49:13 Job executing on host: <188.185.193.58:9618?addrs=188.185.193.58-9618+[2001-1458-303-20--100-36]-9618&alias=b9p19p9651.cern.ch&noUDP&sock=startd_7377_963e>
	SlotName: slot1_49@b9p19p9651.cern.ch
	CondorScratchDir = "/pool/condor/dir_953912"
	Cpus = 1
	Disk = 3791
	GPUs = 0
	Memory = 3000
...
006 (14418867.000.000) 01/26 10:49:27 Image size of job updated: 29552
	29  -  MemoryUsage of job (MB)
	29552  -  ResidentSetSize of job (KB)
...
006 (14418867.000.000) 01/26 10:54:28 Image size of job updated: 776092
	743  -  MemoryUsage of job (MB)
	760816  -  ResidentSetSize of job (KB)
...
006 (14418867.000.000) 01/26 10:58:03 Image size of job updated: 783196
	743  -  MemoryUsage of job (MB)
	760816  -  ResidentSetSize of job (KB)
...
040 (14418867.000.000) 01/26 10:58:03 Started transferring output files
...
040 (14418867.000.000) 01/26 10:58:03 Finished transferring output files
...
005 (14418867.000.000) 01/26 10:58:03 Job terminated.
	(1) Normal termination (return value 0)
		Usr 0 00:06:41, Sys 0 00:00:13  -  Run Remote Usage
		Usr 0 00:00:00, Sys 0 00:00:00  -  Run Local Usage
		Usr 0 00:06:41, Sys 0 00:00:13  -  Total Remote Usage
		Usr 0 00:00:00, Sys 0 00:00:00  -  Total Local Usage
	13006  -  Run Bytes Sent By Job
	317  -  Run Bytes Received By Job
	13006  -  Total Bytes Sent By Job
	317  -  Total Bytes Received By Job
	Partitionable Resources :    Usage  Request Allocated 
	   Cpus                 :     0.70        1         1 
	   Disk (KB)            :    36           1      3791 
	   GPUs                 :                           0 
	   Memory (MB)          :   743        3000      3000 
	   TimeExecute (s)      :   530                       
	   TimeSlotBusy (s)     :   532                       

	Job terminated of its own accord at 2026-01-26T09:58:03Z with exit-code 0.
...
