/pool/condor/dir_1207926

Opening file: /eos/user/a/amalhotr/ScoutingPFRun3/ScoutingData_2024H_TreeMakerRedone/251209_202708/0000/ScoutingTree_Output_96.root
Opened file /eos/user/a/amalhotr/ScoutingPFRun3/ScoutingData_2024H_TreeMakerRedone/251209_202708/0000/ScoutingTree_Output_96.root with 7798882 entries.
Tree opened successfully.
Total entries = 7798882

=====================================
=== Progress: 10% reached at entry 779888 ===
=====================================

=====================================
=== Progress: 20% reached at entry 1559776 ===
=====================================

=====================================
=== Progress: 30% reached at entry 2339664 ===
=====================================

=====================================
=== Progress: 40% reached at entry 3119552 ===
=====================================

=====================================
=== Progress: 50% reached at entry 3899441 ===
=====================================

=====================================
=== Progress: 60% reached at entry 4679329 ===
=====================================

=====================================
=== Progress: 70% reached at entry 5459217 ===
=====================================

=====================================
=== Progress: 80% reached at entry 6239105 ===
=====================================

=====================================
=== Progress: 90% reached at entry 7018993 ===
=====================================

Opening file: /eos/user/a/amalhotr/ScoutingPFRun3/ScoutingData_2024H_TreeMakerRedone/251209_202708/0000/ScoutingTree_Output_97.root
Opened file /eos/user/a/amalhotr/ScoutingPFRun3/ScoutingData_2024H_TreeMakerRedone/251209_202708/0000/ScoutingTree_Output_97.root with 8187887 entries.
Tree opened successfully.
Total entries = 8187887

=====================================
=== Progress: 10% reached at entry 818788 ===
=====================================

=====================================
=== Progress: 20% reached at entry 1637577 ===
=====================================

=====================================
=== Progress: 30% reached at entry 2456366 ===
=====================================

=====================================
=== Progress: 40% reached at entry 3275154 ===
=====================================

=====================================
=== Progress: 50% reached at entry 4093943 ===
=====================================

=====================================
=== Progress: 60% reached at entry 4912732 ===
=====================================

=====================================
=== Progress: 70% reached at entry 5731520 ===
=====================================

=====================================
=== Progress: 80% reached at entry 6550309 ===
=====================================

=====================================
=== Progress: 90% reached at entry 7369098 ===
=====================================

Opening file: /eos/user/a/amalhotr/ScoutingPFRun3/ScoutingData_2024H_TreeMakerRedone/251209_202708/0000/ScoutingTree_Output_98.root
Opened file /eos/user/a/amalhotr/ScoutingPFRun3/ScoutingData_2024H_TreeMakerRedone/251209_202708/0000/ScoutingTree_Output_98.root with 7662443 entries.
Tree opened successfully.
Total entries = 7662443

=====================================
=== Progress: 10% reached at entry 766244 ===
=====================================

=====================================
=== Progress: 20% reached at entry 1532488 ===
=====================================

=====================================
=== Progress: 30% reached at entry 2298732 ===
=====================================

=====================================
=== Progress: 40% reached at entry 3064977 ===
=====================================

=====================================
=== Progress: 50% reached at entry 3831221 ===
=====================================

=====================================
=== Progress: 60% reached at entry 4597465 ===
=====================================

=====================================
=== Progress: 70% reached at entry 5363710 ===
=====================================

=====================================
=== Progress: 80% reached at entry 6129954 ===
=====================================

=====================================
=== Progress: 90% reached at entry 6896198 ===
=====================================

Opening file: /eos/user/a/amalhotr/ScoutingPFRun3/ScoutingData_2024H_TreeMakerRedone/251209_202708/0000/ScoutingTree_Output_99.root
Opened file /eos/user/a/amalhotr/ScoutingPFRun3/ScoutingData_2024H_TreeMakerRedone/251209_202708/0000/ScoutingTree_Output_99.root with 8351108 entries.
Tree opened successfully.
Total entries = 8351108

=====================================
=== Progress: 10% reached at entry 835110 ===
=====================================

=====================================
=== Progress: 20% reached at entry 1670221 ===
=====================================

=====================================
=== Progress: 30% reached at entry 2505332 ===
=====================================

=====================================
=== Progress: 40% reached at entry 3340443 ===
=====================================

=====================================
=== Progress: 50% reached at entry 4175554 ===
=====================================

=====================================
=== Progress: 60% reached at entry 5010664 ===
=====================================

=====================================
=== Progress: 70% reached at entry 5845775 ===
=====================================

=====================================
=== Progress: 80% reached at entry 6680886 ===
=====================================

=====================================
=== Progress: 90% reached at entry 7515997 ===
=====================================

Finished Tree2PlotsRun3 scan.
