/pool/condor/dir_3514001

Opening file: /eos/user/a/amalhotr/ScoutingPFRun3/ScoutingData_2024H_TreeMakerRedone/251209_202708/0000/ScoutingTree_Output_803.root
Opened file /eos/user/a/amalhotr/ScoutingPFRun3/ScoutingData_2024H_TreeMakerRedone/251209_202708/0000/ScoutingTree_Output_803.root with 5228077 entries.
Tree opened successfully.
Total entries = 5228077

=====================================
=== Progress: 10% reached at entry 522807 ===
=====================================

=====================================
=== Progress: 20% reached at entry 1045615 ===
=====================================

=====================================
=== Progress: 30% reached at entry 1568423 ===
=====================================

=====================================
=== Progress: 40% reached at entry 2091230 ===
=====================================

=====================================
=== Progress: 50% reached at entry 2614038 ===
=====================================

=====================================
=== Progress: 60% reached at entry 3136846 ===
=====================================

=====================================
=== Progress: 70% reached at entry 3659653 ===
=====================================

=====================================
=== Progress: 80% reached at entry 4182461 ===
=====================================

=====================================
=== Progress: 90% reached at entry 4705269 ===
=====================================

Opening file: /eos/user/a/amalhotr/ScoutingPFRun3/ScoutingData_2024H_TreeMakerRedone/251209_202708/0000/ScoutingTree_Output_804.root
Opened file /eos/user/a/amalhotr/ScoutingPFRun3/ScoutingData_2024H_TreeMakerRedone/251209_202708/0000/ScoutingTree_Output_804.root with 5248373 entries.
Tree opened successfully.
Total entries = 5248373

=====================================
=== Progress: 10% reached at entry 524837 ===
=====================================

=====================================
=== Progress: 20% reached at entry 1049674 ===
=====================================

=====================================
=== Progress: 30% reached at entry 1574511 ===
=====================================

=====================================
=== Progress: 40% reached at entry 2099349 ===
=====================================

=====================================
=== Progress: 50% reached at entry 2624186 ===
=====================================

=====================================
=== Progress: 60% reached at entry 3149023 ===
=====================================

=====================================
=== Progress: 70% reached at entry 3673861 ===
=====================================

=====================================
=== Progress: 80% reached at entry 4198698 ===
=====================================

=====================================
=== Progress: 90% reached at entry 4723535 ===
=====================================

Opening file: /eos/user/a/amalhotr/ScoutingPFRun3/ScoutingData_2024H_TreeMakerRedone/251209_202708/0000/ScoutingTree_Output_805.root
Opened file /eos/user/a/amalhotr/ScoutingPFRun3/ScoutingData_2024H_TreeMakerRedone/251209_202708/0000/ScoutingTree_Output_805.root with 5224791 entries.
Tree opened successfully.
Total entries = 5224791

=====================================
=== Progress: 10% reached at entry 522479 ===
=====================================

=====================================
=== Progress: 20% reached at entry 1044958 ===
=====================================

=====================================
=== Progress: 30% reached at entry 1567437 ===
=====================================

=====================================
=== Progress: 40% reached at entry 2089916 ===
=====================================

=====================================
=== Progress: 50% reached at entry 2612395 ===
=====================================

=====================================
=== Progress: 60% reached at entry 3134874 ===
=====================================

=====================================
=== Progress: 70% reached at entry 3657353 ===
=====================================

=====================================
=== Progress: 80% reached at entry 4179832 ===
=====================================

=====================================
=== Progress: 90% reached at entry 4702311 ===
=====================================

Opening file: /eos/user/a/amalhotr/ScoutingPFRun3/ScoutingData_2024H_TreeMakerRedone/251209_202708/0000/ScoutingTree_Output_806.root
Opened file /eos/user/a/amalhotr/ScoutingPFRun3/ScoutingData_2024H_TreeMakerRedone/251209_202708/0000/ScoutingTree_Output_806.root with 5248291 entries.
Tree opened successfully.
Total entries = 5248291

=====================================
=== Progress: 10% reached at entry 524829 ===
=====================================

=====================================
=== Progress: 20% reached at entry 1049658 ===
=====================================

=====================================
=== Progress: 30% reached at entry 1574487 ===
=====================================

=====================================
=== Progress: 40% reached at entry 2099316 ===
=====================================

=====================================
=== Progress: 50% reached at entry 2624145 ===
=====================================

=====================================
=== Progress: 60% reached at entry 3148974 ===
=====================================

=====================================
=== Progress: 70% reached at entry 3673803 ===
=====================================

=====================================
=== Progress: 80% reached at entry 4198632 ===
=====================================

=====================================
=== Progress: 90% reached at entry 4723461 ===
=====================================

Finished Tree2PlotsRun3 scan.
