/pool/condor/dir_2871668

Opening file: /eos/user/a/amalhotr/ScoutingPFRun3/ScoutingData_2024H_TreeMakerRedone/251209_202708/0000/ScoutingTree_Output_191.root
Opened file /eos/user/a/amalhotr/ScoutingPFRun3/ScoutingData_2024H_TreeMakerRedone/251209_202708/0000/ScoutingTree_Output_191.root with 11029519 entries.
Tree opened successfully.
Total entries = 11029519

=====================================
=== Progress: 10% reached at entry 1102951 ===
=====================================

=====================================
=== Progress: 20% reached at entry 2205903 ===
=====================================

=====================================
=== Progress: 30% reached at entry 3308855 ===
=====================================

=====================================
=== Progress: 40% reached at entry 4411807 ===
=====================================

=====================================
=== Progress: 50% reached at entry 5514759 ===
=====================================

=====================================
=== Progress: 60% reached at entry 6617711 ===
=====================================

=====================================
=== Progress: 70% reached at entry 7720663 ===
=====================================

=====================================
=== Progress: 80% reached at entry 8823615 ===
=====================================

=====================================
=== Progress: 90% reached at entry 9926567 ===
=====================================

Opening file: /eos/user/a/amalhotr/ScoutingPFRun3/ScoutingData_2024H_TreeMakerRedone/251209_202708/0000/ScoutingTree_Output_192.root
Opened file /eos/user/a/amalhotr/ScoutingPFRun3/ScoutingData_2024H_TreeMakerRedone/251209_202708/0000/ScoutingTree_Output_192.root with 11185344 entries.
Tree opened successfully.
Total entries = 11185344

=====================================
=== Progress: 10% reached at entry 1118534 ===
=====================================

=====================================
=== Progress: 20% reached at entry 2237068 ===
=====================================

=====================================
=== Progress: 30% reached at entry 3355603 ===
=====================================

=====================================
=== Progress: 40% reached at entry 4474137 ===
=====================================

=====================================
=== Progress: 50% reached at entry 5592672 ===
=====================================

=====================================
=== Progress: 60% reached at entry 6711206 ===
=====================================

=====================================
=== Progress: 70% reached at entry 7829740 ===
=====================================

=====================================
=== Progress: 80% reached at entry 8948275 ===
=====================================

=====================================
=== Progress: 90% reached at entry 10066809 ===
=====================================

Opening file: /eos/user/a/amalhotr/ScoutingPFRun3/ScoutingData_2024H_TreeMakerRedone/251209_202708/0000/ScoutingTree_Output_193.root
Opened file /eos/user/a/amalhotr/ScoutingPFRun3/ScoutingData_2024H_TreeMakerRedone/251209_202708/0000/ScoutingTree_Output_193.root with 10805785 entries.
Tree opened successfully.
Total entries = 10805785

=====================================
=== Progress: 10% reached at entry 1080578 ===
=====================================

=====================================
=== Progress: 20% reached at entry 2161157 ===
=====================================

=====================================
=== Progress: 30% reached at entry 3241735 ===
=====================================

=====================================
=== Progress: 40% reached at entry 4322314 ===
=====================================

=====================================
=== Progress: 50% reached at entry 5402892 ===
=====================================

=====================================
=== Progress: 60% reached at entry 6483471 ===
=====================================

=====================================
=== Progress: 70% reached at entry 7564049 ===
=====================================

=====================================
=== Progress: 80% reached at entry 8644628 ===
=====================================

=====================================
=== Progress: 90% reached at entry 9725206 ===
=====================================

Opening file: /eos/user/a/amalhotr/ScoutingPFRun3/ScoutingData_2024H_TreeMakerRedone/251209_202708/0000/ScoutingTree_Output_194.root
Opened file /eos/user/a/amalhotr/ScoutingPFRun3/ScoutingData_2024H_TreeMakerRedone/251209_202708/0000/ScoutingTree_Output_194.root with 11209604 entries.
Tree opened successfully.
Total entries = 11209604

=====================================
=== Progress: 10% reached at entry 1120960 ===
=====================================

=====================================
=== Progress: 20% reached at entry 2241920 ===
=====================================

=====================================
=== Progress: 30% reached at entry 3362881 ===
=====================================

=====================================
=== Progress: 40% reached at entry 4483841 ===
=====================================

=====================================
=== Progress: 50% reached at entry 5604802 ===
=====================================

=====================================
=== Progress: 60% reached at entry 6725762 ===
=====================================

=====================================
=== Progress: 70% reached at entry 7846722 ===
=====================================

=====================================
=== Progress: 80% reached at entry 8967683 ===
=====================================

=====================================
=== Progress: 90% reached at entry 10088643 ===
=====================================

Finished Tree2PlotsRun3 scan.
