/pool/condor/dir_3775416

Opening file: /eos/user/a/amalhotr/ScoutingPFRun3/ScoutingData_2024H_TreeMakerRedone/251209_202708/0000/ScoutingTree_Output_209.root
Opened file /eos/user/a/amalhotr/ScoutingPFRun3/ScoutingData_2024H_TreeMakerRedone/251209_202708/0000/ScoutingTree_Output_209.root with 10713744 entries.
Tree opened successfully.
Total entries = 10713744

=====================================
=== Progress: 10% reached at entry 1071374 ===
=====================================

=====================================
=== Progress: 20% reached at entry 2142748 ===
=====================================

=====================================
=== Progress: 30% reached at entry 3214123 ===
=====================================

=====================================
=== Progress: 40% reached at entry 4285497 ===
=====================================

=====================================
=== Progress: 50% reached at entry 5356872 ===
=====================================

=====================================
=== Progress: 60% reached at entry 6428246 ===
=====================================

=====================================
=== Progress: 70% reached at entry 7499620 ===
=====================================

=====================================
=== Progress: 80% reached at entry 8570995 ===
=====================================

=====================================
=== Progress: 90% reached at entry 9642369 ===
=====================================

Opening file: /eos/user/a/amalhotr/ScoutingPFRun3/ScoutingData_2024H_TreeMakerRedone/251209_202708/0000/ScoutingTree_Output_20.root
Opened file /eos/user/a/amalhotr/ScoutingPFRun3/ScoutingData_2024H_TreeMakerRedone/251209_202708/0000/ScoutingTree_Output_20.root with 8353520 entries.
Tree opened successfully.
Total entries = 8353520

=====================================
=== Progress: 10% reached at entry 835352 ===
=====================================

=====================================
=== Progress: 20% reached at entry 1670704 ===
=====================================

=====================================
=== Progress: 30% reached at entry 2506056 ===
=====================================

=====================================
=== Progress: 40% reached at entry 3341408 ===
=====================================

=====================================
=== Progress: 50% reached at entry 4176760 ===
=====================================

=====================================
=== Progress: 60% reached at entry 5012112 ===
=====================================

=====================================
=== Progress: 70% reached at entry 5847464 ===
=====================================

=====================================
=== Progress: 80% reached at entry 6682816 ===
=====================================

=====================================
=== Progress: 90% reached at entry 7518168 ===
=====================================

Opening file: /eos/user/a/amalhotr/ScoutingPFRun3/ScoutingData_2024H_TreeMakerRedone/251209_202708/0000/ScoutingTree_Output_210.root
Opened file /eos/user/a/amalhotr/ScoutingPFRun3/ScoutingData_2024H_TreeMakerRedone/251209_202708/0000/ScoutingTree_Output_210.root with 5293923 entries.
Tree opened successfully.
Total entries = 5293923

=====================================
=== Progress: 10% reached at entry 529392 ===
=====================================

=====================================
=== Progress: 20% reached at entry 1058784 ===
=====================================

=====================================
=== Progress: 30% reached at entry 1588176 ===
=====================================

=====================================
=== Progress: 40% reached at entry 2117569 ===
=====================================

=====================================
=== Progress: 50% reached at entry 2646961 ===
=====================================

=====================================
=== Progress: 60% reached at entry 3176353 ===
=====================================

=====================================
=== Progress: 70% reached at entry 3705746 ===
=====================================

=====================================
=== Progress: 80% reached at entry 4235138 ===
=====================================

=====================================
=== Progress: 90% reached at entry 4764530 ===
=====================================

Opening file: /eos/user/a/amalhotr/ScoutingPFRun3/ScoutingData_2024H_TreeMakerRedone/251209_202708/0000/ScoutingTree_Output_211.root
Opened file /eos/user/a/amalhotr/ScoutingPFRun3/ScoutingData_2024H_TreeMakerRedone/251209_202708/0000/ScoutingTree_Output_211.root with 7979633 entries.
Tree opened successfully.
Total entries = 7979633

=====================================
=== Progress: 10% reached at entry 797963 ===
=====================================

=====================================
=== Progress: 20% reached at entry 1595926 ===
=====================================

=====================================
=== Progress: 30% reached at entry 2393889 ===
=====================================

=====================================
=== Progress: 40% reached at entry 3191853 ===
=====================================

=====================================
=== Progress: 50% reached at entry 3989816 ===
=====================================

=====================================
=== Progress: 60% reached at entry 4787779 ===
=====================================

=====================================
=== Progress: 70% reached at entry 5585743 ===
=====================================

=====================================
=== Progress: 80% reached at entry 6383706 ===
=====================================

=====================================
=== Progress: 90% reached at entry 7181669 ===
=====================================

Finished Tree2PlotsRun3 scan.
