000 (14420222.000.000) 01/26 11:47:48 Job submitted from host: <188.184.90.62:9618?addrs=188.184.90.62-9618+[2001-1458-201-e4--100-238]-9618&alias=bigbird16.cern.ch&noUDP&sock=schedd_5196_9a2f>
...
040 (14420222.000.000) 01/26 11:47:51 Started transferring input files
	Transferring to host: <128.142.51.203:9618?addrs=128.142.51.203-9618+[2001-1458-301-3--100-8]-9618&alias=b9g02p3210.cern.ch&noUDP&sock=slot1_22_1975134_54f7_64737>
...
040 (14420222.000.000) 01/26 11:47:51 Finished transferring input files
...
001 (14420222.000.000) 01/26 11:47:52 Job executing on host: <128.142.51.203:9618?addrs=128.142.51.203-9618+[2001-1458-301-3--100-8]-9618&alias=b9g02p3210.cern.ch&noUDP&sock=startd_7392_e029>
	SlotName: slot1_22@b9g02p3210.cern.ch
	CondorScratchDir = "/pool/condor/dir_3115181"
	Cpus = 1
	Disk = 3905
	GPUs = 0
	Memory = 3000
...
006 (14420222.000.000) 01/26 11:48:05 Image size of job updated: 570868
	558  -  MemoryUsage of job (MB)
	570868  -  ResidentSetSize of job (KB)
...
006 (14420222.000.000) 01/26 11:53:05 Image size of job updated: 828860
	796  -  MemoryUsage of job (MB)
	814564  -  ResidentSetSize of job (KB)
...
040 (14420222.000.000) 01/26 11:54:04 Started transferring output files
...
040 (14420222.000.000) 01/26 11:54:04 Finished transferring output files
...
005 (14420222.000.000) 01/26 11:54:04 Job terminated.
	(1) Normal termination (return value 0)
		Usr 0 00:04:48, Sys 0 00:00:08  -  Run Remote Usage
		Usr 0 00:00:00, Sys 0 00:00:00  -  Run Local Usage
		Usr 0 00:04:48, Sys 0 00:00:08  -  Total Remote Usage
		Usr 0 00:00:00, Sys 0 00:00:00  -  Total Local Usage
	12857  -  Run Bytes Sent By Job
	317  -  Run Bytes Received By Job
	12857  -  Total Bytes Sent By Job
	317  -  Total Bytes Received By Job
	Partitionable Resources :    Usage  Request Allocated 
	   Cpus                 :        0        1         1 
	   Disk (KB)            :       37        1      3905 
	   GPUs                 :                           0 
	   Memory (MB)          :      796     3000      3000 
	   TimeExecute (s)      :      372                    
	   TimeSlotBusy (s)     :      374                    

	Job terminated of its own accord at 2026-01-26T10:54:04Z with exit-code 0.
...
