/pool/condor/dir_42086

Opening file: /eos/user/a/amalhotr/ScoutingPFRun3/ScoutingData_2024H_TreeMakerRedone/251209_202708/0000/ScoutingTree_Output_472.root
Opened file /eos/user/a/amalhotr/ScoutingPFRun3/ScoutingData_2024H_TreeMakerRedone/251209_202708/0000/ScoutingTree_Output_472.root with 7894069 entries.
Tree opened successfully.
Total entries = 7894069

=====================================
=== Progress: 10% reached at entry 789406 ===
=====================================

=====================================
=== Progress: 20% reached at entry 1578813 ===
=====================================

=====================================
=== Progress: 30% reached at entry 2368220 ===
=====================================

=====================================
=== Progress: 40% reached at entry 3157627 ===
=====================================

=====================================
=== Progress: 50% reached at entry 3947034 ===
=====================================

=====================================
=== Progress: 60% reached at entry 4736441 ===
=====================================

=====================================
=== Progress: 70% reached at entry 5525848 ===
=====================================

=====================================
=== Progress: 80% reached at entry 6315255 ===
=====================================

=====================================
=== Progress: 90% reached at entry 7104662 ===
=====================================

Opening file: /eos/user/a/amalhotr/ScoutingPFRun3/ScoutingData_2024H_TreeMakerRedone/251209_202708/0000/ScoutingTree_Output_473.root
Opened file /eos/user/a/amalhotr/ScoutingPFRun3/ScoutingData_2024H_TreeMakerRedone/251209_202708/0000/ScoutingTree_Output_473.root with 7873225 entries.
Tree opened successfully.
Total entries = 7873225

=====================================
=== Progress: 10% reached at entry 787322 ===
=====================================

=====================================
=== Progress: 20% reached at entry 1574645 ===
=====================================

=====================================
=== Progress: 30% reached at entry 2361967 ===
=====================================

=====================================
=== Progress: 40% reached at entry 3149290 ===
=====================================

=====================================
=== Progress: 50% reached at entry 3936612 ===
=====================================

=====================================
=== Progress: 60% reached at entry 4723935 ===
=====================================

=====================================
=== Progress: 70% reached at entry 5511257 ===
=====================================

=====================================
=== Progress: 80% reached at entry 6298580 ===
=====================================

=====================================
=== Progress: 90% reached at entry 7085902 ===
=====================================

Opening file: /eos/user/a/amalhotr/ScoutingPFRun3/ScoutingData_2024H_TreeMakerRedone/251209_202708/0000/ScoutingTree_Output_474.root
Opened file /eos/user/a/amalhotr/ScoutingPFRun3/ScoutingData_2024H_TreeMakerRedone/251209_202708/0000/ScoutingTree_Output_474.root with 8372078 entries.
Tree opened successfully.
Total entries = 8372078

=====================================
=== Progress: 10% reached at entry 837207 ===
=====================================

=====================================
=== Progress: 20% reached at entry 1674415 ===
=====================================

=====================================
=== Progress: 30% reached at entry 2511623 ===
=====================================

=====================================
=== Progress: 40% reached at entry 3348831 ===
=====================================

=====================================
=== Progress: 50% reached at entry 4186039 ===
=====================================

=====================================
=== Progress: 60% reached at entry 5023246 ===
=====================================

=====================================
=== Progress: 70% reached at entry 5860454 ===
=====================================

=====================================
=== Progress: 80% reached at entry 6697662 ===
=====================================

=====================================
=== Progress: 90% reached at entry 7534870 ===
=====================================

Opening file: /eos/user/a/amalhotr/ScoutingPFRun3/ScoutingData_2024H_TreeMakerRedone/251209_202708/0000/ScoutingTree_Output_475.root
Opened file /eos/user/a/amalhotr/ScoutingPFRun3/ScoutingData_2024H_TreeMakerRedone/251209_202708/0000/ScoutingTree_Output_475.root with 8139718 entries.
Tree opened successfully.
Total entries = 8139718

=====================================
=== Progress: 10% reached at entry 813971 ===
=====================================

=====================================
=== Progress: 20% reached at entry 1627943 ===
=====================================

=====================================
=== Progress: 30% reached at entry 2441915 ===
=====================================

=====================================
=== Progress: 40% reached at entry 3255887 ===
=====================================

=====================================
=== Progress: 50% reached at entry 4069859 ===
=====================================

=====================================
=== Progress: 60% reached at entry 4883830 ===
=====================================

=====================================
=== Progress: 70% reached at entry 5697802 ===
=====================================

=====================================
=== Progress: 80% reached at entry 6511774 ===
=====================================

=====================================
=== Progress: 90% reached at entry 7325746 ===
=====================================

Finished Tree2PlotsRun3 scan.
