/pool/condor/dir_3345313

Opening file: /eos/user/a/amalhotr/ScoutingPFRun3/ScoutingData_2024H_TreeMakerRedone/251209_202708/0000/ScoutingTree_Output_641.root
Opened file /eos/user/a/amalhotr/ScoutingPFRun3/ScoutingData_2024H_TreeMakerRedone/251209_202708/0000/ScoutingTree_Output_641.root with 8353279 entries.
Tree opened successfully.
Total entries = 8353279

=====================================
=== Progress: 10% reached at entry 835327 ===
=====================================

=====================================
=== Progress: 20% reached at entry 1670655 ===
=====================================

=====================================
=== Progress: 30% reached at entry 2505983 ===
=====================================

=====================================
=== Progress: 40% reached at entry 3341311 ===
=====================================

=====================================
=== Progress: 50% reached at entry 4176639 ===
=====================================

=====================================
=== Progress: 60% reached at entry 5011967 ===
=====================================

=====================================
=== Progress: 70% reached at entry 5847295 ===
=====================================

=====================================
=== Progress: 80% reached at entry 6682623 ===
=====================================

=====================================
=== Progress: 90% reached at entry 7517951 ===
=====================================

Opening file: /eos/user/a/amalhotr/ScoutingPFRun3/ScoutingData_2024H_TreeMakerRedone/251209_202708/0000/ScoutingTree_Output_642.root
Opened file /eos/user/a/amalhotr/ScoutingPFRun3/ScoutingData_2024H_TreeMakerRedone/251209_202708/0000/ScoutingTree_Output_642.root with 7793398 entries.
Tree opened successfully.
Total entries = 7793398

=====================================
=== Progress: 10% reached at entry 779339 ===
=====================================

=====================================
=== Progress: 20% reached at entry 1558679 ===
=====================================

=====================================
=== Progress: 30% reached at entry 2338019 ===
=====================================

=====================================
=== Progress: 40% reached at entry 3117359 ===
=====================================

=====================================
=== Progress: 50% reached at entry 3896699 ===
=====================================

=====================================
=== Progress: 60% reached at entry 4676038 ===
=====================================

=====================================
=== Progress: 70% reached at entry 5455378 ===
=====================================

=====================================
=== Progress: 80% reached at entry 6234718 ===
=====================================

=====================================
=== Progress: 90% reached at entry 7014058 ===
=====================================

Opening file: /eos/user/a/amalhotr/ScoutingPFRun3/ScoutingData_2024H_TreeMakerRedone/251209_202708/0000/ScoutingTree_Output_643.root
Opened file /eos/user/a/amalhotr/ScoutingPFRun3/ScoutingData_2024H_TreeMakerRedone/251209_202708/0000/ScoutingTree_Output_643.root with 8199215 entries.
Tree opened successfully.
Total entries = 8199215

=====================================
=== Progress: 10% reached at entry 819921 ===
=====================================

=====================================
=== Progress: 20% reached at entry 1639843 ===
=====================================

=====================================
=== Progress: 30% reached at entry 2459764 ===
=====================================

=====================================
=== Progress: 40% reached at entry 3279686 ===
=====================================

=====================================
=== Progress: 50% reached at entry 4099607 ===
=====================================

=====================================
=== Progress: 60% reached at entry 4919529 ===
=====================================

=====================================
=== Progress: 70% reached at entry 5739450 ===
=====================================

=====================================
=== Progress: 80% reached at entry 6559372 ===
=====================================

=====================================
=== Progress: 90% reached at entry 7379293 ===
=====================================

Opening file: /eos/user/a/amalhotr/ScoutingPFRun3/ScoutingData_2024H_TreeMakerRedone/251209_202708/0000/ScoutingTree_Output_644.root
Opened file /eos/user/a/amalhotr/ScoutingPFRun3/ScoutingData_2024H_TreeMakerRedone/251209_202708/0000/ScoutingTree_Output_644.root with 8093264 entries.
Tree opened successfully.
Total entries = 8093264

=====================================
=== Progress: 10% reached at entry 809326 ===
=====================================

=====================================
=== Progress: 20% reached at entry 1618652 ===
=====================================

=====================================
=== Progress: 30% reached at entry 2427979 ===
=====================================

=====================================
=== Progress: 40% reached at entry 3237305 ===
=====================================

=====================================
=== Progress: 50% reached at entry 4046632 ===
=====================================

=====================================
=== Progress: 60% reached at entry 4855958 ===
=====================================

=====================================
=== Progress: 70% reached at entry 5665284 ===
=====================================

=====================================
=== Progress: 80% reached at entry 6474611 ===
=====================================

=====================================
=== Progress: 90% reached at entry 7283937 ===
=====================================

Finished Tree2PlotsRun3 scan.
