/pool/condor/dir_2390811

Opening file: /eos/user/a/amalhotr/ScoutingPFRun3/ScoutingData_2024H_TreeMakerRedone/251209_202708/0000/ScoutingTree_Output_159.root
Opened file /eos/user/a/amalhotr/ScoutingPFRun3/ScoutingData_2024H_TreeMakerRedone/251209_202708/0000/ScoutingTree_Output_159.root with 10785351 entries.
Tree opened successfully.
Total entries = 10785351

=====================================
=== Progress: 10% reached at entry 1078535 ===
=====================================

=====================================
=== Progress: 20% reached at entry 2157070 ===
=====================================

=====================================
=== Progress: 30% reached at entry 3235605 ===
=====================================

=====================================
=== Progress: 40% reached at entry 4314140 ===
=====================================

=====================================
=== Progress: 50% reached at entry 5392675 ===
=====================================

=====================================
=== Progress: 60% reached at entry 6471210 ===
=====================================

=====================================
=== Progress: 70% reached at entry 7549745 ===
=====================================

=====================================
=== Progress: 80% reached at entry 8628280 ===
=====================================

=====================================
=== Progress: 90% reached at entry 9706815 ===
=====================================

Opening file: /eos/user/a/amalhotr/ScoutingPFRun3/ScoutingData_2024H_TreeMakerRedone/251209_202708/0000/ScoutingTree_Output_15.root
Opened file /eos/user/a/amalhotr/ScoutingPFRun3/ScoutingData_2024H_TreeMakerRedone/251209_202708/0000/ScoutingTree_Output_15.root with 8625888 entries.
Tree opened successfully.
Total entries = 8625888

=====================================
=== Progress: 10% reached at entry 862588 ===
=====================================

=====================================
=== Progress: 20% reached at entry 1725177 ===
=====================================

=====================================
=== Progress: 30% reached at entry 2587766 ===
=====================================

=====================================
=== Progress: 40% reached at entry 3450355 ===
=====================================

=====================================
=== Progress: 50% reached at entry 4312944 ===
=====================================

=====================================
=== Progress: 60% reached at entry 5175532 ===
=====================================

=====================================
=== Progress: 70% reached at entry 6038121 ===
=====================================

=====================================
=== Progress: 80% reached at entry 6900710 ===
=====================================

=====================================
=== Progress: 90% reached at entry 7763299 ===
=====================================

Opening file: /eos/user/a/amalhotr/ScoutingPFRun3/ScoutingData_2024H_TreeMakerRedone/251209_202708/0000/ScoutingTree_Output_160.root
Opened file /eos/user/a/amalhotr/ScoutingPFRun3/ScoutingData_2024H_TreeMakerRedone/251209_202708/0000/ScoutingTree_Output_160.root with 10939892 entries.
Tree opened successfully.
Total entries = 10939892

=====================================
=== Progress: 10% reached at entry 1093989 ===
=====================================

=====================================
=== Progress: 20% reached at entry 2187978 ===
=====================================

=====================================
=== Progress: 30% reached at entry 3281967 ===
=====================================

=====================================
=== Progress: 40% reached at entry 4375956 ===
=====================================

=====================================
=== Progress: 50% reached at entry 5469946 ===
=====================================

=====================================
=== Progress: 60% reached at entry 6563935 ===
=====================================

=====================================
=== Progress: 70% reached at entry 7657924 ===
=====================================

=====================================
=== Progress: 80% reached at entry 8751913 ===
=====================================

=====================================
=== Progress: 90% reached at entry 9845902 ===
=====================================

Opening file: /eos/user/a/amalhotr/ScoutingPFRun3/ScoutingData_2024H_TreeMakerRedone/251209_202708/0000/ScoutingTree_Output_161.root
Opened file /eos/user/a/amalhotr/ScoutingPFRun3/ScoutingData_2024H_TreeMakerRedone/251209_202708/0000/ScoutingTree_Output_161.root with 10802325 entries.
Tree opened successfully.
Total entries = 10802325

=====================================
=== Progress: 10% reached at entry 1080232 ===
=====================================

=====================================
=== Progress: 20% reached at entry 2160465 ===
=====================================

=====================================
=== Progress: 30% reached at entry 3240697 ===
=====================================

=====================================
=== Progress: 40% reached at entry 4320930 ===
=====================================

=====================================
=== Progress: 50% reached at entry 5401162 ===
=====================================

=====================================
=== Progress: 60% reached at entry 6481395 ===
=====================================

=====================================
=== Progress: 70% reached at entry 7561627 ===
=====================================

=====================================
=== Progress: 80% reached at entry 8641860 ===
=====================================

=====================================
=== Progress: 90% reached at entry 9722092 ===
=====================================

Finished Tree2PlotsRun3 scan.
