000 (14420258.000.000) 01/26 11:56:03 Job submitted from host: <188.184.90.62:9618?addrs=188.184.90.62-9618+[2001-1458-201-e4--100-238]-9618&alias=bigbird16.cern.ch&noUDP&sock=schedd_5196_9a2f>
...
040 (14420258.000.000) 01/26 11:56:24 Started transferring input files
	Transferring to host: <188.185.194.166:9618?addrs=188.185.194.166-9618+[2001-1458-303-21--100-a2]-9618&alias=b9p20p9398.cern.ch&noUDP&sock=slot1_18_4634_d276_123578>
...
001 (14420258.000.000) 01/26 11:56:27 Job executing on host: <188.185.194.166:9618?addrs=188.185.194.166-9618+[2001-1458-303-21--100-a2]-9618&alias=b9p20p9398.cern.ch&noUDP&sock=startd_3742_477b>
	SlotName: slot1_18@b9p20p9398.cern.ch
	CondorScratchDir = "/pool/condor/dir_2489405"
	Cpus = 1
	Disk = 3785
	GPUs = 0
	Memory = 3000
...
040 (14420258.000.000) 01/26 11:56:27 Finished transferring input files
...
006 (14420258.000.000) 01/26 11:56:40 Image size of job updated: 140028
	137  -  MemoryUsage of job (MB)
	140028  -  ResidentSetSize of job (KB)
...
006 (14420258.000.000) 01/26 12:01:40 Image size of job updated: 849556
	624  -  MemoryUsage of job (MB)
	638328  -  ResidentSetSize of job (KB)
...
040 (14420258.000.000) 01/26 12:03:13 Started transferring output files
...
040 (14420258.000.000) 01/26 12:03:13 Finished transferring output files
...
005 (14420258.000.000) 01/26 12:03:13 Job terminated.
	(1) Normal termination (return value 0)
		Usr 0 00:05:24, Sys 0 00:00:08  -  Run Remote Usage
		Usr 0 00:00:00, Sys 0 00:00:00  -  Run Local Usage
		Usr 0 00:05:24, Sys 0 00:00:08  -  Total Remote Usage
		Usr 0 00:00:00, Sys 0 00:00:00  -  Total Local Usage
	12857  -  Run Bytes Sent By Job
	317  -  Run Bytes Received By Job
	12857  -  Total Bytes Sent By Job
	317  -  Total Bytes Received By Job
	Partitionable Resources :    Usage  Request Allocated 
	   Cpus                 :     0.79        1         1 
	   Disk (KB)            :    36           1      3785 
	   GPUs                 :                           0 
	   Memory (MB)          :   624        3000      3000 
	   TimeExecute (s)      :   406                       
	   TimeSlotBusy (s)     :   410                       

	Job terminated of its own accord at 2026-01-26T11:03:13Z with exit-code 0.
...
