/pool/condor/dir_2530988

Opening file: /eos/user/a/amalhotr/ScoutingPFRun3/ScoutingData_2024H_TreeMakerRedone/251209_202708/0000/ScoutingTree_Output_508.root
Opened file /eos/user/a/amalhotr/ScoutingPFRun3/ScoutingData_2024H_TreeMakerRedone/251209_202708/0000/ScoutingTree_Output_508.root with 0 entries.
Tree opened successfully.
Total entries = 0

Opening file: /eos/user/a/amalhotr/ScoutingPFRun3/ScoutingData_2024H_TreeMakerRedone/251209_202708/0000/ScoutingTree_Output_509.root
Opened file /eos/user/a/amalhotr/ScoutingPFRun3/ScoutingData_2024H_TreeMakerRedone/251209_202708/0000/ScoutingTree_Output_509.root with 0 entries.
Tree opened successfully.
Total entries = 0

Opening file: /eos/user/a/amalhotr/ScoutingPFRun3/ScoutingData_2024H_TreeMakerRedone/251209_202708/0000/ScoutingTree_Output_50.root
Opened file /eos/user/a/amalhotr/ScoutingPFRun3/ScoutingData_2024H_TreeMakerRedone/251209_202708/0000/ScoutingTree_Output_50.root with 8541002 entries.
Tree opened successfully.
Total entries = 8541002

=====================================
=== Progress: 10% reached at entry 854100 ===
=====================================

=====================================
=== Progress: 20% reached at entry 1708200 ===
=====================================

=====================================
=== Progress: 30% reached at entry 2562300 ===
=====================================

=====================================
=== Progress: 40% reached at entry 3416400 ===
=====================================

=====================================
=== Progress: 50% reached at entry 4270501 ===
=====================================

=====================================
=== Progress: 60% reached at entry 5124601 ===
=====================================

=====================================
=== Progress: 70% reached at entry 5978701 ===
=====================================

=====================================
=== Progress: 80% reached at entry 6832801 ===
=====================================

=====================================
=== Progress: 90% reached at entry 7686901 ===
=====================================

Opening file: /eos/user/a/amalhotr/ScoutingPFRun3/ScoutingData_2024H_TreeMakerRedone/251209_202708/0000/ScoutingTree_Output_510.root
Opened file /eos/user/a/amalhotr/ScoutingPFRun3/ScoutingData_2024H_TreeMakerRedone/251209_202708/0000/ScoutingTree_Output_510.root with 0 entries.
Tree opened successfully.
Total entries = 0

Finished Tree2PlotsRun3 scan.
