/pool/condor/dir_2987818

Opening file: /eos/user/a/amalhotr/ScoutingPFRun3/ScoutingData_2024H_TreeMakerRedone/251209_202708/0000/ScoutingTree_Output_306.root
Opened file /eos/user/a/amalhotr/ScoutingPFRun3/ScoutingData_2024H_TreeMakerRedone/251209_202708/0000/ScoutingTree_Output_306.root with 11629607 entries.
Tree opened successfully.
Total entries = 11629607

=====================================
=== Progress: 10% reached at entry 1162960 ===
=====================================

=====================================
=== Progress: 20% reached at entry 2325921 ===
=====================================

=====================================
=== Progress: 30% reached at entry 3488882 ===
=====================================

=====================================
=== Progress: 40% reached at entry 4651842 ===
=====================================

=====================================
=== Progress: 50% reached at entry 5814803 ===
=====================================

=====================================
=== Progress: 60% reached at entry 6977764 ===
=====================================

=====================================
=== Progress: 70% reached at entry 8140724 ===
=====================================

=====================================
=== Progress: 80% reached at entry 9303685 ===
=====================================

=====================================
=== Progress: 90% reached at entry 10466646 ===
=====================================

Opening file: /eos/user/a/amalhotr/ScoutingPFRun3/ScoutingData_2024H_TreeMakerRedone/251209_202708/0000/ScoutingTree_Output_307.root
Opened file /eos/user/a/amalhotr/ScoutingPFRun3/ScoutingData_2024H_TreeMakerRedone/251209_202708/0000/ScoutingTree_Output_307.root with 11870763 entries.
Tree opened successfully.
Total entries = 11870763

=====================================
=== Progress: 10% reached at entry 1187076 ===
=====================================

=====================================
=== Progress: 20% reached at entry 2374152 ===
=====================================

=====================================
=== Progress: 30% reached at entry 3561228 ===
=====================================

=====================================
=== Progress: 40% reached at entry 4748305 ===
=====================================

=====================================
=== Progress: 50% reached at entry 5935381 ===
=====================================

=====================================
=== Progress: 60% reached at entry 7122457 ===
=====================================

=====================================
=== Progress: 70% reached at entry 8309534 ===
=====================================

=====================================
=== Progress: 80% reached at entry 9496610 ===
=====================================

=====================================
=== Progress: 90% reached at entry 10683686 ===
=====================================

Opening file: /eos/user/a/amalhotr/ScoutingPFRun3/ScoutingData_2024H_TreeMakerRedone/251209_202708/0000/ScoutingTree_Output_308.root
Opened file /eos/user/a/amalhotr/ScoutingPFRun3/ScoutingData_2024H_TreeMakerRedone/251209_202708/0000/ScoutingTree_Output_308.root with 11393617 entries.
Tree opened successfully.
Total entries = 11393617

=====================================
=== Progress: 10% reached at entry 1139361 ===
=====================================

=====================================
=== Progress: 20% reached at entry 2278723 ===
=====================================

=====================================
=== Progress: 30% reached at entry 3418085 ===
=====================================

=====================================
=== Progress: 40% reached at entry 4557446 ===
=====================================

=====================================
=== Progress: 50% reached at entry 5696808 ===
=====================================

=====================================
=== Progress: 60% reached at entry 6836170 ===
=====================================

=====================================
=== Progress: 70% reached at entry 7975531 ===
=====================================

=====================================
=== Progress: 80% reached at entry 9114893 ===
=====================================

=====================================
=== Progress: 90% reached at entry 10254255 ===
=====================================

Opening file: /eos/user/a/amalhotr/ScoutingPFRun3/ScoutingData_2024H_TreeMakerRedone/251209_202708/0000/ScoutingTree_Output_309.root
Opened file /eos/user/a/amalhotr/ScoutingPFRun3/ScoutingData_2024H_TreeMakerRedone/251209_202708/0000/ScoutingTree_Output_309.root with 11234713 entries.
Tree opened successfully.
Total entries = 11234713

=====================================
=== Progress: 10% reached at entry 1123471 ===
=====================================

=====================================
=== Progress: 20% reached at entry 2246942 ===
=====================================

=====================================
=== Progress: 30% reached at entry 3370413 ===
=====================================

=====================================
=== Progress: 40% reached at entry 4493885 ===
=====================================

=====================================
=== Progress: 50% reached at entry 5617356 ===
=====================================

=====================================
=== Progress: 60% reached at entry 6740827 ===
=====================================

=====================================
=== Progress: 70% reached at entry 7864299 ===
=====================================

=====================================
=== Progress: 80% reached at entry 8987770 ===
=====================================

=====================================
=== Progress: 90% reached at entry 10111241 ===
=====================================

Finished Tree2PlotsRun3 scan.
