000 (14418805.000.000) 01/26 10:23:22 Job submitted from host: <188.184.90.62:9618?addrs=188.184.90.62-9618+[2001-1458-201-e4--100-238]-9618&alias=bigbird16.cern.ch&noUDP&sock=schedd_5196_9a2f>
...
040 (14418805.000.000) 01/26 10:23:46 Started transferring input files
	Transferring to host: <188.185.195.112:9618?addrs=188.185.195.112-9618+[2001-1458-303-22--100-6c]-9618&alias=b9p17p8706.cern.ch&noUDP&sock=slot1_10_3903818_afd5_51049>
...
040 (14418805.000.000) 01/26 10:23:46 Finished transferring input files
...
001 (14418805.000.000) 01/26 10:23:47 Job executing on host: <188.185.195.112:9618?addrs=188.185.195.112-9618+[2001-1458-303-22--100-6c]-9618&alias=b9p17p8706.cern.ch&noUDP&sock=startd_3900515_7003>
	SlotName: slot1_10@b9p17p8706.cern.ch
	CondorScratchDir = "/pool/condor/dir_3332816"
	Cpus = 1
	Disk = 3849
	GPUs = 0
	Memory = 3000
...
006 (14418805.000.000) 01/26 10:24:00 Image size of job updated: 181832
	178  -  MemoryUsage of job (MB)
	181832  -  ResidentSetSize of job (KB)
...
006 (14418805.000.000) 01/26 10:29:00 Image size of job updated: 833684
	613  -  MemoryUsage of job (MB)
	627424  -  ResidentSetSize of job (KB)
...
040 (14418805.000.000) 01/26 10:30:46 Started transferring output files
...
040 (14418805.000.000) 01/26 10:30:46 Finished transferring output files
...
005 (14418805.000.000) 01/26 10:30:46 Job terminated.
	(1) Normal termination (return value 0)
		Usr 0 00:05:22, Sys 0 00:00:08  -  Run Remote Usage
		Usr 0 00:00:00, Sys 0 00:00:00  -  Run Local Usage
		Usr 0 00:05:22, Sys 0 00:00:08  -  Total Remote Usage
		Usr 0 00:00:00, Sys 0 00:00:00  -  Total Local Usage
	12859  -  Run Bytes Sent By Job
	317  -  Run Bytes Received By Job
	12859  -  Total Bytes Sent By Job
	317  -  Total Bytes Received By Job
	Partitionable Resources :    Usage  Request Allocated 
	   Cpus                 :        0        1         1 
	   Disk (KB)            :       37        1      3849 
	   GPUs                 :                           0 
	   Memory (MB)          :      613     3000      3000 
	   TimeExecute (s)      :      419                    
	   TimeSlotBusy (s)     :      421                    

	Job terminated of its own accord at 2026-01-26T09:30:46Z with exit-code 0.
...
