/pool/condor/dir_399402

Opening file: /eos/user/a/amalhotr/ScoutingPFRun3/ScoutingData_2024H_TreeMakerRedone/251209_202708/0000/ScoutingTree_Output_115.root
Opened file /eos/user/a/amalhotr/ScoutingPFRun3/ScoutingData_2024H_TreeMakerRedone/251209_202708/0000/ScoutingTree_Output_115.root with 8351150 entries.
Tree opened successfully.
Total entries = 8351150

=====================================
=== Progress: 10% reached at entry 835115 ===
=====================================

=====================================
=== Progress: 20% reached at entry 1670230 ===
=====================================

=====================================
=== Progress: 30% reached at entry 2505345 ===
=====================================

=====================================
=== Progress: 40% reached at entry 3340460 ===
=====================================

=====================================
=== Progress: 50% reached at entry 4175575 ===
=====================================

=====================================
=== Progress: 60% reached at entry 5010690 ===
=====================================

=====================================
=== Progress: 70% reached at entry 5845805 ===
=====================================

=====================================
=== Progress: 80% reached at entry 6680920 ===
=====================================

=====================================
=== Progress: 90% reached at entry 7516035 ===
=====================================

Opening file: /eos/user/a/amalhotr/ScoutingPFRun3/ScoutingData_2024H_TreeMakerRedone/251209_202708/0000/ScoutingTree_Output_116.root
Opened file /eos/user/a/amalhotr/ScoutingPFRun3/ScoutingData_2024H_TreeMakerRedone/251209_202708/0000/ScoutingTree_Output_116.root with 8355256 entries.
Tree opened successfully.
Total entries = 8355256

=====================================
=== Progress: 10% reached at entry 835525 ===
=====================================

=====================================
=== Progress: 20% reached at entry 1671051 ===
=====================================

=====================================
=== Progress: 30% reached at entry 2506576 ===
=====================================

=====================================
=== Progress: 40% reached at entry 3342102 ===
=====================================

=====================================
=== Progress: 50% reached at entry 4177628 ===
=====================================

=====================================
=== Progress: 60% reached at entry 5013153 ===
=====================================

=====================================
=== Progress: 70% reached at entry 5848679 ===
=====================================

=====================================
=== Progress: 80% reached at entry 6684204 ===
=====================================

=====================================
=== Progress: 90% reached at entry 7519730 ===
=====================================

Opening file: /eos/user/a/amalhotr/ScoutingPFRun3/ScoutingData_2024H_TreeMakerRedone/251209_202708/0000/ScoutingTree_Output_117.root
Opened file /eos/user/a/amalhotr/ScoutingPFRun3/ScoutingData_2024H_TreeMakerRedone/251209_202708/0000/ScoutingTree_Output_117.root with 8366888 entries.
Tree opened successfully.
Total entries = 8366888

=====================================
=== Progress: 10% reached at entry 836688 ===
=====================================

=====================================
=== Progress: 20% reached at entry 1673377 ===
=====================================

=====================================
=== Progress: 30% reached at entry 2510066 ===
=====================================

=====================================
=== Progress: 40% reached at entry 3346755 ===
=====================================

=====================================
=== Progress: 50% reached at entry 4183444 ===
=====================================

=====================================
=== Progress: 60% reached at entry 5020132 ===
=====================================

=====================================
=== Progress: 70% reached at entry 5856821 ===
=====================================

=====================================
=== Progress: 80% reached at entry 6693510 ===
=====================================

=====================================
=== Progress: 90% reached at entry 7530199 ===
=====================================

Opening file: /eos/user/a/amalhotr/ScoutingPFRun3/ScoutingData_2024H_TreeMakerRedone/251209_202708/0000/ScoutingTree_Output_118.root
Opened file /eos/user/a/amalhotr/ScoutingPFRun3/ScoutingData_2024H_TreeMakerRedone/251209_202708/0000/ScoutingTree_Output_118.root with 8035328 entries.
Tree opened successfully.
Total entries = 8035328

=====================================
=== Progress: 10% reached at entry 803532 ===
=====================================

=====================================
=== Progress: 20% reached at entry 1607065 ===
=====================================

=====================================
=== Progress: 30% reached at entry 2410598 ===
=====================================

=====================================
=== Progress: 40% reached at entry 3214131 ===
=====================================

=====================================
=== Progress: 50% reached at entry 4017664 ===
=====================================

=====================================
=== Progress: 60% reached at entry 4821196 ===
=====================================

=====================================
=== Progress: 70% reached at entry 5624729 ===
=====================================

=====================================
=== Progress: 80% reached at entry 6428262 ===
=====================================

=====================================
=== Progress: 90% reached at entry 7231795 ===
=====================================

Finished Tree2PlotsRun3 scan.
