/pool/condor/dir_2149243

Opening file: /eos/user/a/amalhotr/ScoutingPFRun3/ScoutingData_2024H_TreeMakerRedone/251209_202708/0000/ScoutingTree_Output_289.root
Opened file /eos/user/a/amalhotr/ScoutingPFRun3/ScoutingData_2024H_TreeMakerRedone/251209_202708/0000/ScoutingTree_Output_289.root with 8542182 entries.
Tree opened successfully.
Total entries = 8542182

=====================================
=== Progress: 10% reached at entry 854218 ===
=====================================

=====================================
=== Progress: 20% reached at entry 1708436 ===
=====================================

=====================================
=== Progress: 30% reached at entry 2562654 ===
=====================================

=====================================
=== Progress: 40% reached at entry 3416872 ===
=====================================

=====================================
=== Progress: 50% reached at entry 4271091 ===
=====================================

=====================================
=== Progress: 60% reached at entry 5125309 ===
=====================================

=====================================
=== Progress: 70% reached at entry 5979527 ===
=====================================

=====================================
=== Progress: 80% reached at entry 6833745 ===
=====================================

=====================================
=== Progress: 90% reached at entry 7687963 ===
=====================================

Opening file: /eos/user/a/amalhotr/ScoutingPFRun3/ScoutingData_2024H_TreeMakerRedone/251209_202708/0000/ScoutingTree_Output_28.root
Opened file /eos/user/a/amalhotr/ScoutingPFRun3/ScoutingData_2024H_TreeMakerRedone/251209_202708/0000/ScoutingTree_Output_28.root with 8391829 entries.
Tree opened successfully.
Total entries = 8391829

=====================================
=== Progress: 10% reached at entry 839182 ===
=====================================

=====================================
=== Progress: 20% reached at entry 1678365 ===
=====================================

=====================================
=== Progress: 30% reached at entry 2517548 ===
=====================================

=====================================
=== Progress: 40% reached at entry 3356731 ===
=====================================

=====================================
=== Progress: 50% reached at entry 4195914 ===
=====================================

=====================================
=== Progress: 60% reached at entry 5035097 ===
=====================================

=====================================
=== Progress: 70% reached at entry 5874280 ===
=====================================

=====================================
=== Progress: 80% reached at entry 6713463 ===
=====================================

=====================================
=== Progress: 90% reached at entry 7552646 ===
=====================================

Opening file: /eos/user/a/amalhotr/ScoutingPFRun3/ScoutingData_2024H_TreeMakerRedone/251209_202708/0000/ScoutingTree_Output_290.root
Opened file /eos/user/a/amalhotr/ScoutingPFRun3/ScoutingData_2024H_TreeMakerRedone/251209_202708/0000/ScoutingTree_Output_290.root with 8198335 entries.
Tree opened successfully.
Total entries = 8198335

=====================================
=== Progress: 10% reached at entry 819833 ===
=====================================

=====================================
=== Progress: 20% reached at entry 1639667 ===
=====================================

=====================================
=== Progress: 30% reached at entry 2459500 ===
=====================================

=====================================
=== Progress: 40% reached at entry 3279334 ===
=====================================

=====================================
=== Progress: 50% reached at entry 4099167 ===
=====================================

=====================================
=== Progress: 60% reached at entry 4919001 ===
=====================================

=====================================
=== Progress: 70% reached at entry 5738834 ===
=====================================

=====================================
=== Progress: 80% reached at entry 6558668 ===
=====================================

=====================================
=== Progress: 90% reached at entry 7378501 ===
=====================================

Opening file: /eos/user/a/amalhotr/ScoutingPFRun3/ScoutingData_2024H_TreeMakerRedone/251209_202708/0000/ScoutingTree_Output_291.root
Opened file /eos/user/a/amalhotr/ScoutingPFRun3/ScoutingData_2024H_TreeMakerRedone/251209_202708/0000/ScoutingTree_Output_291.root with 8335602 entries.
Tree opened successfully.
Total entries = 8335602

=====================================
=== Progress: 10% reached at entry 833560 ===
=====================================

=====================================
=== Progress: 20% reached at entry 1667120 ===
=====================================

=====================================
=== Progress: 30% reached at entry 2500680 ===
=====================================

=====================================
=== Progress: 40% reached at entry 3334240 ===
=====================================

=====================================
=== Progress: 50% reached at entry 4167801 ===
=====================================

=====================================
=== Progress: 60% reached at entry 5001361 ===
=====================================

=====================================
=== Progress: 70% reached at entry 5834921 ===
=====================================

=====================================
=== Progress: 80% reached at entry 6668481 ===
=====================================

=====================================
=== Progress: 90% reached at entry 7502041 ===
=====================================

Finished Tree2PlotsRun3 scan.
