000 (14420205.000.000) 01/26 11:38:14 Job submitted from host: <188.184.90.62:9618?addrs=188.184.90.62-9618+[2001-1458-201-e4--100-238]-9618&alias=bigbird16.cern.ch&noUDP&sock=schedd_5196_9a2f>
...
040 (14420205.000.000) 01/26 11:40:27 Started transferring input files
	Transferring to host: <188.185.209.225:9618?addrs=188.185.209.225-9618+[2001-1458-303-12--100-5e]-9618&alias=b9p12p3280.cern.ch&noUDP&sock=slot1_31_4003780_f575_116562>
...
040 (14420205.000.000) 01/26 11:40:27 Finished transferring input files
...
001 (14420205.000.000) 01/26 11:40:28 Job executing on host: <188.185.209.225:9618?addrs=188.185.209.225-9618+[2001-1458-303-12--100-5e]-9618&alias=b9p12p3280.cern.ch&noUDP&sock=startd_10442_ec04>
	SlotName: slot1_31@b9p12p3280.cern.ch
	CondorScratchDir = "/pool/condor/dir_2641416"
	Cpus = 1
	Disk = 3673
	GPUs = 0
	Memory = 3000
...
006 (14420205.000.000) 01/26 11:40:41 Image size of job updated: 132836
	130  -  MemoryUsage of job (MB)
	132836  -  ResidentSetSize of job (KB)
...
006 (14420205.000.000) 01/26 11:45:41 Image size of job updated: 795252
	748  -  MemoryUsage of job (MB)
	765648  -  ResidentSetSize of job (KB)
...
040 (14420205.000.000) 01/26 11:46:39 Started transferring output files
...
040 (14420205.000.000) 01/26 11:46:39 Finished transferring output files
...
005 (14420205.000.000) 01/26 11:46:39 Job terminated.
	(1) Normal termination (return value 0)
		Usr 0 00:04:15, Sys 0 00:00:13  -  Run Remote Usage
		Usr 0 00:00:00, Sys 0 00:00:00  -  Run Local Usage
		Usr 0 00:04:15, Sys 0 00:00:13  -  Total Remote Usage
		Usr 0 00:00:00, Sys 0 00:00:00  -  Total Local Usage
	12857  -  Run Bytes Sent By Job
	317  -  Run Bytes Received By Job
	12857  -  Total Bytes Sent By Job
	317  -  Total Bytes Received By Job
	Partitionable Resources :    Usage  Request Allocated 
	   Cpus                 :     0.68        1         1 
	   Disk (KB)            :    40           1      3673 
	   GPUs                 :                           0 
	   Memory (MB)          :   748        3000      3000 
	   TimeExecute (s)      :   371                       
	   TimeSlotBusy (s)     :   374                       

	Job terminated of its own accord at 2026-01-26T10:46:39Z with exit-code 0.
...
