000 (14419815.000.000) 01/26 11:19:04 Job submitted from host: <188.184.90.62:9618?addrs=188.184.90.62-9618+[2001-1458-201-e4--100-238]-9618&alias=bigbird16.cern.ch&noUDP&sock=schedd_5196_9a2f>
...
040 (14419815.000.000) 01/26 11:19:35 Started transferring input files
	Transferring to host: <188.185.194.164:9618?addrs=188.185.194.164-9618+[2001-1458-303-21--100-a0]-9618&alias=b9p20p8139.cern.ch&noUDP&sock=slot1_42_10058_8552_123662>
...
040 (14419815.000.000) 01/26 11:19:35 Finished transferring input files
...
001 (14419815.000.000) 01/26 11:19:36 Job executing on host: <188.185.194.164:9618?addrs=188.185.194.164-9618+[2001-1458-303-21--100-a0]-9618&alias=b9p20p8139.cern.ch&noUDP&sock=startd_8177_5201>
	SlotName: slot1_42@b9p20p8139.cern.ch
	CondorScratchDir = "/pool/condor/dir_2438599"
	Cpus = 1
	Disk = 3807
	GPUs = 0
	Memory = 3000
...
006 (14419815.000.000) 01/26 11:19:50 Image size of job updated: 23252
	23  -  MemoryUsage of job (MB)
	23252  -  ResidentSetSize of job (KB)
...
006 (14419815.000.000) 01/26 11:24:51 Image size of job updated: 759108
	740  -  MemoryUsage of job (MB)
	757456  -  ResidentSetSize of job (KB)
...
006 (14419815.000.000) 01/26 11:29:35 Image size of job updated: 771640
	740  -  MemoryUsage of job (MB)
	757456  -  ResidentSetSize of job (KB)
...
040 (14419815.000.000) 01/26 11:29:35 Started transferring output files
...
040 (14419815.000.000) 01/26 11:29:35 Finished transferring output files
...
005 (14419815.000.000) 01/26 11:29:35 Job terminated.
	(1) Normal termination (return value 0)
		Usr 0 00:07:06, Sys 0 00:00:11  -  Run Remote Usage
		Usr 0 00:00:00, Sys 0 00:00:00  -  Run Local Usage
		Usr 0 00:07:06, Sys 0 00:00:11  -  Total Remote Usage
		Usr 0 00:00:00, Sys 0 00:00:00  -  Total Local Usage
	13014  -  Run Bytes Sent By Job
	317  -  Run Bytes Received By Job
	13014  -  Total Bytes Sent By Job
	317  -  Total Bytes Received By Job
	Partitionable Resources :    Usage  Request Allocated 
	   Cpus                 :     0.89        1         1 
	   Disk (KB)            :    36           1      3807 
	   GPUs                 :                           0 
	   Memory (MB)          :   740        3000      3000 
	   TimeExecute (s)      :   599                       
	   TimeSlotBusy (s)     :   601                       

	Job terminated of its own accord at 2026-01-26T10:29:35Z with exit-code 0.
...
