/pool/condor/dir_82808

Opening file: /eos/user/a/amalhotr/ScoutingPFRun3/ScoutingData_2024H_TreeMakerRedone/251209_202708/0000/ScoutingTree_Output_702.root
Opened file /eos/user/a/amalhotr/ScoutingPFRun3/ScoutingData_2024H_TreeMakerRedone/251209_202708/0000/ScoutingTree_Output_702.root with 7617680 entries.
Tree opened successfully.
Total entries = 7617680

=====================================
=== Progress: 10% reached at entry 761768 ===
=====================================

=====================================
=== Progress: 20% reached at entry 1523536 ===
=====================================

=====================================
=== Progress: 30% reached at entry 2285304 ===
=====================================

=====================================
=== Progress: 40% reached at entry 3047072 ===
=====================================

=====================================
=== Progress: 50% reached at entry 3808840 ===
=====================================

=====================================
=== Progress: 60% reached at entry 4570608 ===
=====================================

=====================================
=== Progress: 70% reached at entry 5332376 ===
=====================================

=====================================
=== Progress: 80% reached at entry 6094144 ===
=====================================

=====================================
=== Progress: 90% reached at entry 6855912 ===
=====================================

Opening file: /eos/user/a/amalhotr/ScoutingPFRun3/ScoutingData_2024H_TreeMakerRedone/251209_202708/0000/ScoutingTree_Output_703.root
Opened file /eos/user/a/amalhotr/ScoutingPFRun3/ScoutingData_2024H_TreeMakerRedone/251209_202708/0000/ScoutingTree_Output_703.root with 7940779 entries.
Tree opened successfully.
Total entries = 7940779

=====================================
=== Progress: 10% reached at entry 794077 ===
=====================================

=====================================
=== Progress: 20% reached at entry 1588155 ===
=====================================

=====================================
=== Progress: 30% reached at entry 2382233 ===
=====================================

=====================================
=== Progress: 40% reached at entry 3176311 ===
=====================================

=====================================
=== Progress: 50% reached at entry 3970389 ===
=====================================

=====================================
=== Progress: 60% reached at entry 4764467 ===
=====================================

=====================================
=== Progress: 70% reached at entry 5558545 ===
=====================================

=====================================
=== Progress: 80% reached at entry 6352623 ===
=====================================

=====================================
=== Progress: 90% reached at entry 7146701 ===
=====================================

Opening file: /eos/user/a/amalhotr/ScoutingPFRun3/ScoutingData_2024H_TreeMakerRedone/251209_202708/0000/ScoutingTree_Output_704.root
Opened file /eos/user/a/amalhotr/ScoutingPFRun3/ScoutingData_2024H_TreeMakerRedone/251209_202708/0000/ScoutingTree_Output_704.root with 8179162 entries.
Tree opened successfully.
Total entries = 8179162

=====================================
=== Progress: 10% reached at entry 817916 ===
=====================================

=====================================
=== Progress: 20% reached at entry 1635832 ===
=====================================

=====================================
=== Progress: 30% reached at entry 2453748 ===
=====================================

=====================================
=== Progress: 40% reached at entry 3271664 ===
=====================================

=====================================
=== Progress: 50% reached at entry 4089581 ===
=====================================

=====================================
=== Progress: 60% reached at entry 4907497 ===
=====================================

=====================================
=== Progress: 70% reached at entry 5725413 ===
=====================================

=====================================
=== Progress: 80% reached at entry 6543329 ===
=====================================

=====================================
=== Progress: 90% reached at entry 7361245 ===
=====================================

Opening file: /eos/user/a/amalhotr/ScoutingPFRun3/ScoutingData_2024H_TreeMakerRedone/251209_202708/0000/ScoutingTree_Output_705.root
Opened file /eos/user/a/amalhotr/ScoutingPFRun3/ScoutingData_2024H_TreeMakerRedone/251209_202708/0000/ScoutingTree_Output_705.root with 8375741 entries.
Tree opened successfully.
Total entries = 8375741

=====================================
=== Progress: 10% reached at entry 837574 ===
=====================================

=====================================
=== Progress: 20% reached at entry 1675148 ===
=====================================

=====================================
=== Progress: 30% reached at entry 2512722 ===
=====================================

=====================================
=== Progress: 40% reached at entry 3350296 ===
=====================================

=====================================
=== Progress: 50% reached at entry 4187870 ===
=====================================

=====================================
=== Progress: 60% reached at entry 5025444 ===
=====================================

=====================================
=== Progress: 70% reached at entry 5863018 ===
=====================================

=====================================
=== Progress: 80% reached at entry 6700592 ===
=====================================

=====================================
=== Progress: 90% reached at entry 7538166 ===
=====================================

Finished Tree2PlotsRun3 scan.
