000 (14420219.000.000) 01/26 11:45:42 Job submitted from host: <188.184.90.62:9618?addrs=188.184.90.62-9618+[2001-1458-201-e4--100-238]-9618&alias=bigbird16.cern.ch&noUDP&sock=schedd_5196_9a2f>
...
040 (14420219.000.000) 01/26 11:45:54 Started transferring input files
	Transferring to host: <188.185.204.237:9618?addrs=188.185.204.237-9618+[2001-1458-303-8--100-6a]-9618&alias=b9p02p4140.cern.ch&noUDP&sock=slot1_46_3786_5453_115097>
...
040 (14420219.000.000) 01/26 11:45:54 Finished transferring input files
...
001 (14420219.000.000) 01/26 11:45:55 Job executing on host: <188.185.204.237:9618?addrs=188.185.204.237-9618+[2001-1458-303-8--100-6a]-9618&alias=b9p02p4140.cern.ch&noUDP&sock=startd_3333_bd3f>
	SlotName: slot1_46@b9p02p4140.cern.ch
	CondorScratchDir = "/pool/condor/dir_3544907"
	Cpus = 1
	Disk = 3687
	GPUs = 0
	Memory = 3000
...
006 (14420219.000.000) 01/26 11:46:08 Image size of job updated: 595924
	582  -  MemoryUsage of job (MB)
	595924  -  ResidentSetSize of job (KB)
...
006 (14420219.000.000) 01/26 11:49:30 Image size of job updated: 769520
	582  -  MemoryUsage of job (MB)
	595924  -  ResidentSetSize of job (KB)
...
040 (14420219.000.000) 01/26 11:49:30 Started transferring output files
...
040 (14420219.000.000) 01/26 11:49:30 Finished transferring output files
...
005 (14420219.000.000) 01/26 11:49:30 Job terminated.
	(1) Normal termination (return value 0)
		Usr 0 00:02:11, Sys 0 00:00:08  -  Run Remote Usage
		Usr 0 00:00:00, Sys 0 00:00:00  -  Run Local Usage
		Usr 0 00:02:11, Sys 0 00:00:08  -  Total Remote Usage
		Usr 0 00:00:00, Sys 0 00:00:00  -  Total Local Usage
	12856  -  Run Bytes Sent By Job
	317  -  Run Bytes Received By Job
	12856  -  Total Bytes Sent By Job
	317  -  Total Bytes Received By Job
	Partitionable Resources :    Usage  Request Allocated 
	   Cpus                 :                 1         1 
	   Disk (KB)            :       31        1      3687 
	   GPUs                 :                           0 
	   Memory (MB)          :      582     3000      3000 
	   TimeExecute (s)      :      215                    
	   TimeSlotBusy (s)     :      216                    

	Job terminated of its own accord at 2026-01-26T10:49:30Z with exit-code 0.
...
