/pool/condor/dir_1706400

Opening file: /eos/user/a/amalhotr/ScoutingPFRun3/ScoutingData_2024H_TreeMakerRedone/251209_202708/0000/ScoutingTree_Output_458.root
Opened file /eos/user/a/amalhotr/ScoutingPFRun3/ScoutingData_2024H_TreeMakerRedone/251209_202708/0000/ScoutingTree_Output_458.root with 8393951 entries.
Tree opened successfully.
Total entries = 8393951

=====================================
=== Progress: 10% reached at entry 839395 ===
=====================================

=====================================
=== Progress: 20% reached at entry 1678790 ===
=====================================

=====================================
=== Progress: 30% reached at entry 2518185 ===
=====================================

=====================================
=== Progress: 40% reached at entry 3357580 ===
=====================================

=====================================
=== Progress: 50% reached at entry 4196975 ===
=====================================

=====================================
=== Progress: 60% reached at entry 5036370 ===
=====================================

=====================================
=== Progress: 70% reached at entry 5875765 ===
=====================================

=====================================
=== Progress: 80% reached at entry 6715160 ===
=====================================

=====================================
=== Progress: 90% reached at entry 7554555 ===
=====================================

Opening file: /eos/user/a/amalhotr/ScoutingPFRun3/ScoutingData_2024H_TreeMakerRedone/251209_202708/0000/ScoutingTree_Output_459.root
Opened file /eos/user/a/amalhotr/ScoutingPFRun3/ScoutingData_2024H_TreeMakerRedone/251209_202708/0000/ScoutingTree_Output_459.root with 8233099 entries.
Tree opened successfully.
Total entries = 8233099

=====================================
=== Progress: 10% reached at entry 823309 ===
=====================================

=====================================
=== Progress: 20% reached at entry 1646619 ===
=====================================

=====================================
=== Progress: 30% reached at entry 2469929 ===
=====================================

=====================================
=== Progress: 40% reached at entry 3293239 ===
=====================================

=====================================
=== Progress: 50% reached at entry 4116549 ===
=====================================

=====================================
=== Progress: 60% reached at entry 4939859 ===
=====================================

=====================================
=== Progress: 70% reached at entry 5763169 ===
=====================================

=====================================
=== Progress: 80% reached at entry 6586479 ===
=====================================

=====================================
=== Progress: 90% reached at entry 7409789 ===
=====================================

Opening file: /eos/user/a/amalhotr/ScoutingPFRun3/ScoutingData_2024H_TreeMakerRedone/251209_202708/0000/ScoutingTree_Output_45.root
Opened file /eos/user/a/amalhotr/ScoutingPFRun3/ScoutingData_2024H_TreeMakerRedone/251209_202708/0000/ScoutingTree_Output_45.root with 9138884 entries.
Tree opened successfully.
Total entries = 9138884

=====================================
=== Progress: 10% reached at entry 913888 ===
=====================================

=====================================
=== Progress: 20% reached at entry 1827776 ===
=====================================

=====================================
=== Progress: 30% reached at entry 2741665 ===
=====================================

=====================================
=== Progress: 40% reached at entry 3655553 ===
=====================================

=====================================
=== Progress: 50% reached at entry 4569442 ===
=====================================

=====================================
=== Progress: 60% reached at entry 5483330 ===
=====================================

=====================================
=== Progress: 70% reached at entry 6397218 ===
=====================================

=====================================
=== Progress: 80% reached at entry 7311107 ===
=====================================

=====================================
=== Progress: 90% reached at entry 8224995 ===
=====================================

Opening file: /eos/user/a/amalhotr/ScoutingPFRun3/ScoutingData_2024H_TreeMakerRedone/251209_202708/0000/ScoutingTree_Output_460.root
Opened file /eos/user/a/amalhotr/ScoutingPFRun3/ScoutingData_2024H_TreeMakerRedone/251209_202708/0000/ScoutingTree_Output_460.root with 8395821 entries.
Tree opened successfully.
Total entries = 8395821

=====================================
=== Progress: 10% reached at entry 839582 ===
=====================================

=====================================
=== Progress: 20% reached at entry 1679164 ===
=====================================

=====================================
=== Progress: 30% reached at entry 2518746 ===
=====================================

=====================================
=== Progress: 40% reached at entry 3358328 ===
=====================================

=====================================
=== Progress: 50% reached at entry 4197910 ===
=====================================

=====================================
=== Progress: 60% reached at entry 5037492 ===
=====================================

=====================================
=== Progress: 70% reached at entry 5877074 ===
=====================================

=====================================
=== Progress: 80% reached at entry 6716656 ===
=====================================

=====================================
=== Progress: 90% reached at entry 7556238 ===
=====================================

Finished Tree2PlotsRun3 scan.
