000 (14419460.000.000) 01/26 11:03:30 Job submitted from host: <188.184.90.62:9618?addrs=188.184.90.62-9618+[2001-1458-201-e4--100-238]-9618&alias=bigbird16.cern.ch&noUDP&sock=schedd_5196_9a2f>
...
040 (14419460.000.000) 01/26 11:05:19 Started transferring input files
	Transferring to host: <188.185.193.134:9618?addrs=188.185.193.134-9618+[2001-1458-303-20--100-82]-9618&alias=b9p19p2472.cern.ch&noUDP&sock=slot1_1_5013_dca5_124722>
...
040 (14419460.000.000) 01/26 11:05:19 Finished transferring input files
...
001 (14419460.000.000) 01/26 11:05:20 Job executing on host: <188.185.193.134:9618?addrs=188.185.193.134-9618+[2001-1458-303-20--100-82]-9618&alias=b9p19p2472.cern.ch&noUDP&sock=startd_3982_e636>
	SlotName: slot1_1@b9p19p2472.cern.ch
	CondorScratchDir = "/pool/condor/dir_2530988"
	Cpus = 1
	Disk = 3859
	GPUs = 0
	Memory = 3000
...
006 (14419460.000.000) 01/26 11:05:34 Image size of job updated: 108012
	106  -  MemoryUsage of job (MB)
	108012  -  ResidentSetSize of job (KB)
...
006 (14419460.000.000) 01/26 11:07:34 Image size of job updated: 852580
	106  -  MemoryUsage of job (MB)
	108012  -  ResidentSetSize of job (KB)
...
040 (14419460.000.000) 01/26 11:07:34 Started transferring output files
...
040 (14419460.000.000) 01/26 11:07:34 Finished transferring output files
...
005 (14419460.000.000) 01/26 11:07:34 Job terminated.
	(1) Normal termination (return value 0)
		Usr 0 00:01:26, Sys 0 00:00:03  -  Run Remote Usage
		Usr 0 00:00:00, Sys 0 00:00:00  -  Run Local Usage
		Usr 0 00:01:26, Sys 0 00:00:03  -  Total Remote Usage
		Usr 0 00:00:00, Sys 0 00:00:00  -  Total Local Usage
	9747  -  Run Bytes Sent By Job
	317  -  Run Bytes Received By Job
	9747  -  Total Bytes Sent By Job
	317  -  Total Bytes Received By Job
	Partitionable Resources :    Usage  Request Allocated 
	   Cpus                 :        0        1         1 
	   Disk (KB)            :       33        1      3859 
	   GPUs                 :                           0 
	   Memory (MB)          :      106     3000      3000 
	   TimeExecute (s)      :      134                    
	   TimeSlotBusy (s)     :      136                    

	Job terminated of its own accord at 2026-01-26T10:07:34Z with exit-code 0.
...
