/pool/condor/dir_1646754

Opening file: /eos/user/a/amalhotr/ScoutingPFRun3/ScoutingData_2024H_TreeMakerRedone/251209_202708/0000/ScoutingTree_Output_126.root
Opened file /eos/user/a/amalhotr/ScoutingPFRun3/ScoutingData_2024H_TreeMakerRedone/251209_202708/0000/ScoutingTree_Output_126.root with 8233044 entries.
Tree opened successfully.
Total entries = 8233044

=====================================
=== Progress: 10% reached at entry 823304 ===
=====================================

=====================================
=== Progress: 20% reached at entry 1646608 ===
=====================================

=====================================
=== Progress: 30% reached at entry 2469913 ===
=====================================

=====================================
=== Progress: 40% reached at entry 3293217 ===
=====================================

=====================================
=== Progress: 50% reached at entry 4116522 ===
=====================================

=====================================
=== Progress: 60% reached at entry 4939826 ===
=====================================

=====================================
=== Progress: 70% reached at entry 5763130 ===
=====================================

=====================================
=== Progress: 80% reached at entry 6586435 ===
=====================================

=====================================
=== Progress: 90% reached at entry 7409739 ===
=====================================

Opening file: /eos/user/a/amalhotr/ScoutingPFRun3/ScoutingData_2024H_TreeMakerRedone/251209_202708/0000/ScoutingTree_Output_127.root
Opened file /eos/user/a/amalhotr/ScoutingPFRun3/ScoutingData_2024H_TreeMakerRedone/251209_202708/0000/ScoutingTree_Output_127.root with 8369993 entries.
Tree opened successfully.
Total entries = 8369993

=====================================
=== Progress: 10% reached at entry 836999 ===
=====================================

=====================================
=== Progress: 20% reached at entry 1673998 ===
=====================================

=====================================
=== Progress: 30% reached at entry 2510997 ===
=====================================

=====================================
=== Progress: 40% reached at entry 3347997 ===
=====================================

=====================================
=== Progress: 50% reached at entry 4184996 ===
=====================================

=====================================
=== Progress: 60% reached at entry 5021995 ===
=====================================

=====================================
=== Progress: 70% reached at entry 5858995 ===
=====================================

=====================================
=== Progress: 80% reached at entry 6695994 ===
=====================================

=====================================
=== Progress: 90% reached at entry 7532993 ===
=====================================

Opening file: /eos/user/a/amalhotr/ScoutingPFRun3/ScoutingData_2024H_TreeMakerRedone/251209_202708/0000/ScoutingTree_Output_128.root
Opened file /eos/user/a/amalhotr/ScoutingPFRun3/ScoutingData_2024H_TreeMakerRedone/251209_202708/0000/ScoutingTree_Output_128.root with 8209063 entries.
Tree opened successfully.
Total entries = 8209063

=====================================
=== Progress: 10% reached at entry 820906 ===
=====================================

=====================================
=== Progress: 20% reached at entry 1641812 ===
=====================================

=====================================
=== Progress: 30% reached at entry 2462718 ===
=====================================

=====================================
=== Progress: 40% reached at entry 3283625 ===
=====================================

=====================================
=== Progress: 50% reached at entry 4104531 ===
=====================================

=====================================
=== Progress: 60% reached at entry 4925437 ===
=====================================

=====================================
=== Progress: 70% reached at entry 5746344 ===
=====================================

=====================================
=== Progress: 80% reached at entry 6567250 ===
=====================================

=====================================
=== Progress: 90% reached at entry 7388156 ===
=====================================

Opening file: /eos/user/a/amalhotr/ScoutingPFRun3/ScoutingData_2024H_TreeMakerRedone/251209_202708/0000/ScoutingTree_Output_129.root
Opened file /eos/user/a/amalhotr/ScoutingPFRun3/ScoutingData_2024H_TreeMakerRedone/251209_202708/0000/ScoutingTree_Output_129.root with 8382178 entries.
Tree opened successfully.
Total entries = 8382178

=====================================
=== Progress: 10% reached at entry 838217 ===
=====================================

=====================================
=== Progress: 20% reached at entry 1676435 ===
=====================================

=====================================
=== Progress: 30% reached at entry 2514653 ===
=====================================

=====================================
=== Progress: 40% reached at entry 3352871 ===
=====================================

=====================================
=== Progress: 50% reached at entry 4191089 ===
=====================================

=====================================
=== Progress: 60% reached at entry 5029306 ===
=====================================

=====================================
=== Progress: 70% reached at entry 5867524 ===
=====================================

=====================================
=== Progress: 80% reached at entry 6705742 ===
=====================================

=====================================
=== Progress: 90% reached at entry 7543960 ===
=====================================

Finished Tree2PlotsRun3 scan.
