/pool/condor/dir_1622519

Opening file: /eos/user/a/amalhotr/ScoutingPFRun3/ScoutingData_2024H_TreeMakerRedone/251209_202708/0000/ScoutingTree_Output_681.root
Opened file /eos/user/a/amalhotr/ScoutingPFRun3/ScoutingData_2024H_TreeMakerRedone/251209_202708/0000/ScoutingTree_Output_681.root with 8156849 entries.
Tree opened successfully.
Total entries = 8156849

=====================================
=== Progress: 10% reached at entry 815684 ===
=====================================

=====================================
=== Progress: 20% reached at entry 1631369 ===
=====================================

=====================================
=== Progress: 30% reached at entry 2447054 ===
=====================================

=====================================
=== Progress: 40% reached at entry 3262739 ===
=====================================

=====================================
=== Progress: 50% reached at entry 4078424 ===
=====================================

=====================================
=== Progress: 60% reached at entry 4894109 ===
=====================================

=====================================
=== Progress: 70% reached at entry 5709794 ===
=====================================

=====================================
=== Progress: 80% reached at entry 6525479 ===
=====================================

=====================================
=== Progress: 90% reached at entry 7341164 ===
=====================================

Opening file: /eos/user/a/amalhotr/ScoutingPFRun3/ScoutingData_2024H_TreeMakerRedone/251209_202708/0000/ScoutingTree_Output_682.root
Opened file /eos/user/a/amalhotr/ScoutingPFRun3/ScoutingData_2024H_TreeMakerRedone/251209_202708/0000/ScoutingTree_Output_682.root with 8355797 entries.
Tree opened successfully.
Total entries = 8355797

=====================================
=== Progress: 10% reached at entry 835579 ===
=====================================

=====================================
=== Progress: 20% reached at entry 1671159 ===
=====================================

=====================================
=== Progress: 30% reached at entry 2506739 ===
=====================================

=====================================
=== Progress: 40% reached at entry 3342318 ===
=====================================

=====================================
=== Progress: 50% reached at entry 4177898 ===
=====================================

=====================================
=== Progress: 60% reached at entry 5013478 ===
=====================================

=====================================
=== Progress: 70% reached at entry 5849057 ===
=====================================

=====================================
=== Progress: 80% reached at entry 6684637 ===
=====================================

=====================================
=== Progress: 90% reached at entry 7520217 ===
=====================================

Opening file: /eos/user/a/amalhotr/ScoutingPFRun3/ScoutingData_2024H_TreeMakerRedone/251209_202708/0000/ScoutingTree_Output_683.root
Opened file /eos/user/a/amalhotr/ScoutingPFRun3/ScoutingData_2024H_TreeMakerRedone/251209_202708/0000/ScoutingTree_Output_683.root with 8085671 entries.
Tree opened successfully.
Total entries = 8085671

=====================================
=== Progress: 10% reached at entry 808567 ===
=====================================

=====================================
=== Progress: 20% reached at entry 1617134 ===
=====================================

=====================================
=== Progress: 30% reached at entry 2425701 ===
=====================================

=====================================
=== Progress: 40% reached at entry 3234268 ===
=====================================

=====================================
=== Progress: 50% reached at entry 4042835 ===
=====================================

=====================================
=== Progress: 60% reached at entry 4851402 ===
=====================================

=====================================
=== Progress: 70% reached at entry 5659969 ===
=====================================

=====================================
=== Progress: 80% reached at entry 6468536 ===
=====================================

=====================================
=== Progress: 90% reached at entry 7277103 ===
=====================================

Opening file: /eos/user/a/amalhotr/ScoutingPFRun3/ScoutingData_2024H_TreeMakerRedone/251209_202708/0000/ScoutingTree_Output_684.root
Opened file /eos/user/a/amalhotr/ScoutingPFRun3/ScoutingData_2024H_TreeMakerRedone/251209_202708/0000/ScoutingTree_Output_684.root with 8335739 entries.
Tree opened successfully.
Total entries = 8335739

=====================================
=== Progress: 10% reached at entry 833573 ===
=====================================

=====================================
=== Progress: 20% reached at entry 1667147 ===
=====================================

=====================================
=== Progress: 30% reached at entry 2500721 ===
=====================================

=====================================
=== Progress: 40% reached at entry 3334295 ===
=====================================

=====================================
=== Progress: 50% reached at entry 4167869 ===
=====================================

=====================================
=== Progress: 60% reached at entry 5001443 ===
=====================================

=====================================
=== Progress: 70% reached at entry 5835017 ===
=====================================

=====================================
=== Progress: 80% reached at entry 6668591 ===
=====================================

=====================================
=== Progress: 90% reached at entry 7502165 ===
=====================================

Finished Tree2PlotsRun3 scan.
