/pool/condor/dir_1401449

Opening file: /eos/user/a/amalhotr/ScoutingPFRun3/ScoutingData_2024H_TreeMakerRedone/251209_202708/0000/ScoutingTree_Output_407.root
Opened file /eos/user/a/amalhotr/ScoutingPFRun3/ScoutingData_2024H_TreeMakerRedone/251209_202708/0000/ScoutingTree_Output_407.root with 8210557 entries.
Tree opened successfully.
Total entries = 8210557

=====================================
=== Progress: 10% reached at entry 821055 ===
=====================================

=====================================
=== Progress: 20% reached at entry 1642111 ===
=====================================

=====================================
=== Progress: 30% reached at entry 2463167 ===
=====================================

=====================================
=== Progress: 40% reached at entry 3284222 ===
=====================================

=====================================
=== Progress: 50% reached at entry 4105278 ===
=====================================

=====================================
=== Progress: 60% reached at entry 4926334 ===
=====================================

=====================================
=== Progress: 70% reached at entry 5747389 ===
=====================================

=====================================
=== Progress: 80% reached at entry 6568445 ===
=====================================

=====================================
=== Progress: 90% reached at entry 7389501 ===
=====================================

Opening file: /eos/user/a/amalhotr/ScoutingPFRun3/ScoutingData_2024H_TreeMakerRedone/251209_202708/0000/ScoutingTree_Output_408.root
Opened file /eos/user/a/amalhotr/ScoutingPFRun3/ScoutingData_2024H_TreeMakerRedone/251209_202708/0000/ScoutingTree_Output_408.root with 7963334 entries.
Tree opened successfully.
Total entries = 7963334

=====================================
=== Progress: 10% reached at entry 796333 ===
=====================================

=====================================
=== Progress: 20% reached at entry 1592666 ===
=====================================

=====================================
=== Progress: 30% reached at entry 2389000 ===
=====================================

=====================================
=== Progress: 40% reached at entry 3185333 ===
=====================================

=====================================
=== Progress: 50% reached at entry 3981667 ===
=====================================

=====================================
=== Progress: 60% reached at entry 4778000 ===
=====================================

=====================================
=== Progress: 70% reached at entry 5574333 ===
=====================================

=====================================
=== Progress: 80% reached at entry 6370667 ===
=====================================

=====================================
=== Progress: 90% reached at entry 7167000 ===
=====================================

Opening file: /eos/user/a/amalhotr/ScoutingPFRun3/ScoutingData_2024H_TreeMakerRedone/251209_202708/0000/ScoutingTree_Output_409.root
Opened file /eos/user/a/amalhotr/ScoutingPFRun3/ScoutingData_2024H_TreeMakerRedone/251209_202708/0000/ScoutingTree_Output_409.root with 8112299 entries.
Tree opened successfully.
Total entries = 8112299

=====================================
=== Progress: 10% reached at entry 811229 ===
=====================================

=====================================
=== Progress: 20% reached at entry 1622459 ===
=====================================

=====================================
=== Progress: 30% reached at entry 2433689 ===
=====================================

=====================================
=== Progress: 40% reached at entry 3244919 ===
=====================================

=====================================
=== Progress: 50% reached at entry 4056149 ===
=====================================

=====================================
=== Progress: 60% reached at entry 4867379 ===
=====================================

=====================================
=== Progress: 70% reached at entry 5678609 ===
=====================================

=====================================
=== Progress: 80% reached at entry 6489839 ===
=====================================

=====================================
=== Progress: 90% reached at entry 7301069 ===
=====================================

Opening file: /eos/user/a/amalhotr/ScoutingPFRun3/ScoutingData_2024H_TreeMakerRedone/251209_202708/0000/ScoutingTree_Output_40.root
Opened file /eos/user/a/amalhotr/ScoutingPFRun3/ScoutingData_2024H_TreeMakerRedone/251209_202708/0000/ScoutingTree_Output_40.root with 8240073 entries.
Tree opened successfully.
Total entries = 8240073

=====================================
=== Progress: 10% reached at entry 824007 ===
=====================================

=====================================
=== Progress: 20% reached at entry 1648014 ===
=====================================

=====================================
=== Progress: 30% reached at entry 2472021 ===
=====================================

=====================================
=== Progress: 40% reached at entry 3296029 ===
=====================================

=====================================
=== Progress: 50% reached at entry 4120036 ===
=====================================

=====================================
=== Progress: 60% reached at entry 4944043 ===
=====================================

=====================================
=== Progress: 70% reached at entry 5768051 ===
=====================================

=====================================
=== Progress: 80% reached at entry 6592058 ===
=====================================

=====================================
=== Progress: 90% reached at entry 7416065 ===
=====================================

Finished Tree2PlotsRun3 scan.
