Begin processing the 1st record. Run 1, Event 1, LumiSection 1 on stream 0 at 26-Jan-2026 10:49:35.539 CET
%MSG-w XrdAdaptorLvl3:  Tree2PlotsRun3:tree2plots 26-Jan-2026 10:50:38 CET  Run: 1 Event: 1
Deactivating st-h01-perseo.cern.ch from active sources because its quality (328) is higher than 260 and 4 times larger than the other active server st-h01-apollo.cern.ch (0) 
%MSG
[2026-01-26 10:56:23.693238 +0100][Error  ][PostMaster        ] [st-h01-apollo.cern.ch:1104] Forcing error on disconnect: [ERROR] Operation interrupted.
[2026-01-26 10:56:23.694006 +0100][Error  ][PostMaster        ] [st-h01-perseo.cern.ch:1101] Forcing error on disconnect: [ERROR] Operation interrupted.

TrigReport ---------- Event  Summary ------------
TrigReport Events total = 1 passed = 1 failed = 0

TrigReport ---------- Path   Summary ------------
TrigReport  Trig Bit#   Executed     Passed     Failed      Error Name
TrigReport     1    0          1          1          0          0 p


TrigReport -------End-Path   Summary ------------
TrigReport  Trig Bit#   Executed     Passed     Failed      Error Name


TrigReport ---------- Modules in Path: p ------------
TrigReport  Trig Bit#    Visited     Passed     Failed      Error Name
TrigReport     1    0          1          1          0          0 tree2plots


TrigReport ---------- Module Summary ------------
TrigReport    Visited   Executed     Passed     Failed      Error Name
TrigReport          1          1          1          0          0 TriggerResults
TrigReport          1          1          1          0          0 p
TrigReport          1          1          1          0          0 tree2plots


TimeReport ---------- Event  Summary ---[sec]----
TimeReport       event loop CPU/event = 344.440947
TimeReport      event loop Real/event = 412.669380
TimeReport     sum Streams Real/event = 412.668508
TimeReport efficiency CPU/Real/thread = 0.834666

TimeReport ---------- Path   Summary ---[Real sec]----
TimeReport  per event     per exec  Name
TimeReport 412.668125   412.668125  p

TimeReport  per event     per exec  Name

TimeReport -------End-Path   Summary ---[Real sec]----
TimeReport  per event     per exec  Name

TimeReport  per event     per exec  Name

TimeReport ---------- Modules in Path: p ---[Real sec]----
TimeReport  per event    per visit  Name
TimeReport 412.667930   412.667930  tree2plots

TimeReport  per event    per visit  Name

TimeReport ---------- Module Summary ---[Real sec]----
TimeReport  per event     per exec    per visit  Name
TimeReport   0.000003     0.000003     0.000003  TriggerResults
TimeReport   0.000046     0.000046     0.000046  p
TimeReport 412.667930   412.667930   412.667930  tree2plots

TimeReport  per event     per exec    per visit  Name

T---Report end!


