000 (14418773.000.000) 01/26 10:11:23 Job submitted from host: <188.184.90.62:9618?addrs=188.184.90.62-9618+[2001-1458-201-e4--100-238]-9618&alias=bigbird16.cern.ch&noUDP&sock=schedd_5196_9a2f>
...
040 (14418773.000.000) 01/26 10:14:10 Started transferring input files
	Transferring to host: <188.185.195.112:9618?addrs=188.185.195.112-9618+[2001-1458-303-22--100-6c]-9618&alias=b9p17p8706.cern.ch&noUDP&sock=slot1_10_3903818_afd5_51039>
...
040 (14418773.000.000) 01/26 10:14:10 Finished transferring input files
...
001 (14418773.000.000) 01/26 10:14:11 Job executing on host: <188.185.195.112:9618?addrs=188.185.195.112-9618+[2001-1458-303-22--100-6c]-9618&alias=b9p17p8706.cern.ch&noUDP&sock=startd_3900515_7003>
	SlotName: slot1_10@b9p17p8706.cern.ch
	CondorScratchDir = "/pool/condor/dir_3317632"
	Cpus = 1
	Disk = 3851
	GPUs = 0
	Memory = 3000
...
006 (14418773.000.000) 01/26 10:14:25 Image size of job updated: 29548
	29  -  MemoryUsage of job (MB)
	29548  -  ResidentSetSize of job (KB)
...
006 (14418773.000.000) 01/26 10:19:26 Image size of job updated: 848236
	777  -  MemoryUsage of job (MB)
	795376  -  ResidentSetSize of job (KB)
...
006 (14418773.000.000) 01/26 10:23:44 Image size of job updated: 849868
	777  -  MemoryUsage of job (MB)
	795376  -  ResidentSetSize of job (KB)
...
040 (14418773.000.000) 01/26 10:23:44 Started transferring output files
...
040 (14418773.000.000) 01/26 10:23:44 Finished transferring output files
...
005 (14418773.000.000) 01/26 10:23:44 Job terminated.
	(1) Normal termination (return value 0)
		Usr 0 00:06:25, Sys 0 00:00:12  -  Run Remote Usage
		Usr 0 00:00:00, Sys 0 00:00:00  -  Run Local Usage
		Usr 0 00:06:25, Sys 0 00:00:12  -  Total Remote Usage
		Usr 0 00:00:00, Sys 0 00:00:00  -  Total Local Usage
	13438  -  Run Bytes Sent By Job
	317  -  Run Bytes Received By Job
	13438  -  Total Bytes Sent By Job
	317  -  Total Bytes Received By Job
	Partitionable Resources :    Usage  Request Allocated 
	   Cpus                 :     0.81        1         1 
	   Disk (KB)            :    37           1      3851 
	   GPUs                 :                           0 
	   Memory (MB)          :   777        3000      3000 
	   TimeExecute (s)      :   573                       
	   TimeSlotBusy (s)     :   576                       

	Job terminated of its own accord at 2026-01-26T09:23:44Z with exit-code 0.
...
