/pool/condor/dir_84395

Opening file: /eos/user/a/amalhotr/ScoutingPFRun3/ScoutingData_2024H_TreeMakerRedone/251209_202708/0000/ScoutingTree_Output_634.root
Opened file /eos/user/a/amalhotr/ScoutingPFRun3/ScoutingData_2024H_TreeMakerRedone/251209_202708/0000/ScoutingTree_Output_634.root with 7923642 entries.
Tree opened successfully.
Total entries = 7923642

=====================================
=== Progress: 10% reached at entry 792364 ===
=====================================

=====================================
=== Progress: 20% reached at entry 1584728 ===
=====================================

=====================================
=== Progress: 30% reached at entry 2377092 ===
=====================================

=====================================
=== Progress: 40% reached at entry 3169456 ===
=====================================

=====================================
=== Progress: 50% reached at entry 3961821 ===
=====================================

=====================================
=== Progress: 60% reached at entry 4754185 ===
=====================================

=====================================
=== Progress: 70% reached at entry 5546549 ===
=====================================

=====================================
=== Progress: 80% reached at entry 6338913 ===
=====================================

=====================================
=== Progress: 90% reached at entry 7131277 ===
=====================================

Opening file: /eos/user/a/amalhotr/ScoutingPFRun3/ScoutingData_2024H_TreeMakerRedone/251209_202708/0000/ScoutingTree_Output_635.root
Opened file /eos/user/a/amalhotr/ScoutingPFRun3/ScoutingData_2024H_TreeMakerRedone/251209_202708/0000/ScoutingTree_Output_635.root with 8222636 entries.
Tree opened successfully.
Total entries = 8222636

=====================================
=== Progress: 10% reached at entry 822263 ===
=====================================

=====================================
=== Progress: 20% reached at entry 1644527 ===
=====================================

=====================================
=== Progress: 30% reached at entry 2466790 ===
=====================================

=====================================
=== Progress: 40% reached at entry 3289054 ===
=====================================

=====================================
=== Progress: 50% reached at entry 4111318 ===
=====================================

=====================================
=== Progress: 60% reached at entry 4933581 ===
=====================================

=====================================
=== Progress: 70% reached at entry 5755845 ===
=====================================

=====================================
=== Progress: 80% reached at entry 6578108 ===
=====================================

=====================================
=== Progress: 90% reached at entry 7400372 ===
=====================================

Opening file: /eos/user/a/amalhotr/ScoutingPFRun3/ScoutingData_2024H_TreeMakerRedone/251209_202708/0000/ScoutingTree_Output_636.root
Opened file /eos/user/a/amalhotr/ScoutingPFRun3/ScoutingData_2024H_TreeMakerRedone/251209_202708/0000/ScoutingTree_Output_636.root with 8070945 entries.
Tree opened successfully.
Total entries = 8070945

=====================================
=== Progress: 10% reached at entry 807094 ===
=====================================

=====================================
=== Progress: 20% reached at entry 1614189 ===
=====================================

=====================================
=== Progress: 30% reached at entry 2421283 ===
=====================================

=====================================
=== Progress: 40% reached at entry 3228378 ===
=====================================

=====================================
=== Progress: 50% reached at entry 4035472 ===
=====================================

=====================================
=== Progress: 60% reached at entry 4842567 ===
=====================================

=====================================
=== Progress: 70% reached at entry 5649661 ===
=====================================

=====================================
=== Progress: 80% reached at entry 6456756 ===
=====================================

=====================================
=== Progress: 90% reached at entry 7263850 ===
=====================================

Opening file: /eos/user/a/amalhotr/ScoutingPFRun3/ScoutingData_2024H_TreeMakerRedone/251209_202708/0000/ScoutingTree_Output_637.root
Opened file /eos/user/a/amalhotr/ScoutingPFRun3/ScoutingData_2024H_TreeMakerRedone/251209_202708/0000/ScoutingTree_Output_637.root with 8171454 entries.
Tree opened successfully.
Total entries = 8171454

=====================================
=== Progress: 10% reached at entry 817145 ===
=====================================

=====================================
=== Progress: 20% reached at entry 1634290 ===
=====================================

=====================================
=== Progress: 30% reached at entry 2451436 ===
=====================================

=====================================
=== Progress: 40% reached at entry 3268581 ===
=====================================

=====================================
=== Progress: 50% reached at entry 4085727 ===
=====================================

=====================================
=== Progress: 60% reached at entry 4902872 ===
=====================================

=====================================
=== Progress: 70% reached at entry 5720017 ===
=====================================

=====================================
=== Progress: 80% reached at entry 6537163 ===
=====================================

=====================================
=== Progress: 90% reached at entry 7354308 ===
=====================================

Finished Tree2PlotsRun3 scan.
