000 (14420079.000.000) 01/26 11:29:47 Job submitted from host: <188.184.90.62:9618?addrs=188.184.90.62-9618+[2001-1458-201-e4--100-238]-9618&alias=bigbird16.cern.ch&noUDP&sock=schedd_5196_9a2f>
...
040 (14420079.000.000) 01/26 11:30:12 Started transferring input files
	Transferring to host: <188.185.213.139:9618?addrs=188.185.213.139-9618+[2001-1458-303-1b--100-7]-9618&alias=b9p28p3597.cern.ch&noUDP&sock=slot1_9_5615_067d_162447>
...
040 (14420079.000.000) 01/26 11:30:12 Finished transferring input files
...
001 (14420079.000.000) 01/26 11:30:13 Job executing on host: <188.185.213.139:9618?addrs=188.185.213.139-9618+[2001-1458-303-1b--100-7]-9618&alias=b9p28p3597.cern.ch&noUDP&sock=startd_4564_1a54>
	SlotName: slot1_9@b9p28p3597.cern.ch
	CondorScratchDir = "/pool/condor/dir_1111903"
	Cpus = 1
	Disk = 3790
	GPUs = 0
	Memory = 3000
...
006 (14420079.000.000) 01/26 11:30:26 Image size of job updated: 585200
	572  -  MemoryUsage of job (MB)
	585200  -  ResidentSetSize of job (KB)
...
006 (14420079.000.000) 01/26 11:34:48 Image size of job updated: 842940
	572  -  MemoryUsage of job (MB)
	585200  -  ResidentSetSize of job (KB)
...
040 (14420079.000.000) 01/26 11:34:48 Started transferring output files
...
040 (14420079.000.000) 01/26 11:34:48 Finished transferring output files
...
005 (14420079.000.000) 01/26 11:34:48 Job terminated.
	(1) Normal termination (return value 0)
		Usr 0 00:03:06, Sys 0 00:00:07  -  Run Remote Usage
		Usr 0 00:00:00, Sys 0 00:00:00  -  Run Local Usage
		Usr 0 00:03:06, Sys 0 00:00:07  -  Total Remote Usage
		Usr 0 00:00:00, Sys 0 00:00:00  -  Total Local Usage
	12859  -  Run Bytes Sent By Job
	317  -  Run Bytes Received By Job
	12859  -  Total Bytes Sent By Job
	317  -  Total Bytes Received By Job
	Partitionable Resources :    Usage  Request Allocated 
	   Cpus                 :     0.78        1         1 
	   Disk (KB)            :    36           1      3790 
	   GPUs                 :                           0 
	   Memory (MB)          :   572        3000      3000 
	   TimeExecute (s)      :   275                       
	   TimeSlotBusy (s)     :   278                       

	Job terminated of its own accord at 2026-01-26T10:34:48Z with exit-code 0.
...
