000 (14418791.000.000) 01/26 10:11:28 Job submitted from host: <188.184.90.62:9618?addrs=188.184.90.62-9618+[2001-1458-201-e4--100-238]-9618&alias=bigbird16.cern.ch&noUDP&sock=schedd_5196_9a2f>
...
040 (14418791.000.000) 01/26 10:14:07 Started transferring input files
	Transferring to host: <188.185.215.29:9618?addrs=188.185.215.29-9618+[2001-1458-303-1e--100-19]-9618&alias=b9p31p5944.cern.ch&noUDP&sock=slot1_30_4759_e55b_140118>
...
040 (14418791.000.000) 01/26 10:14:07 Finished transferring input files
...
001 (14418791.000.000) 01/26 10:14:08 Job executing on host: <188.185.215.29:9618?addrs=188.185.215.29-9618+[2001-1458-303-1e--100-19]-9618&alias=b9p31p5944.cern.ch&noUDP&sock=startd_3969_fb7b>
	SlotName: slot1_30@b9p31p5944.cern.ch
	CondorScratchDir = "/pool/condor/dir_1322197"
	Cpus = 1
	Disk = 3916
	GPUs = 0
	Memory = 3000
...
006 (14418791.000.000) 01/26 10:14:21 Image size of job updated: 136344
	134  -  MemoryUsage of job (MB)
	136344  -  ResidentSetSize of job (KB)
...
006 (14418791.000.000) 01/26 10:19:21 Image size of job updated: 770960
	751  -  MemoryUsage of job (MB)
	768044  -  ResidentSetSize of job (KB)
...
040 (14418791.000.000) 01/26 10:20:56 Started transferring output files
...
040 (14418791.000.000) 01/26 10:20:56 Finished transferring output files
...
005 (14418791.000.000) 01/26 10:20:56 Job terminated.
	(1) Normal termination (return value 0)
		Usr 0 00:05:25, Sys 0 00:00:15  -  Run Remote Usage
		Usr 0 00:00:00, Sys 0 00:00:00  -  Run Local Usage
		Usr 0 00:05:25, Sys 0 00:00:15  -  Total Remote Usage
		Usr 0 00:00:00, Sys 0 00:00:00  -  Total Local Usage
	13570  -  Run Bytes Sent By Job
	317  -  Run Bytes Received By Job
	13570  -  Total Bytes Sent By Job
	317  -  Total Bytes Received By Job
	Partitionable Resources :    Usage  Request Allocated 
	   Cpus                 :        0        1         1 
	   Disk (KB)            :       37        1      3916 
	   GPUs                 :                           0 
	   Memory (MB)          :      751     3000      3000 
	   TimeExecute (s)      :      408                    
	   TimeSlotBusy (s)     :      410                    

	Job terminated of its own accord at 2026-01-26T09:20:56Z with exit-code 0.
...
