/pool/condor/dir_3843918

Opening file: /eos/user/a/amalhotr/ScoutingPFRun3/ScoutingData_2024H_TreeMakerRedone/251209_202708/0000/ScoutingTree_Output_713.root
Opened file /eos/user/a/amalhotr/ScoutingPFRun3/ScoutingData_2024H_TreeMakerRedone/251209_202708/0000/ScoutingTree_Output_713.root with 7651848 entries.
Tree opened successfully.
Total entries = 7651848

=====================================
=== Progress: 10% reached at entry 765184 ===
=====================================

=====================================
=== Progress: 20% reached at entry 1530369 ===
=====================================

=====================================
=== Progress: 30% reached at entry 2295554 ===
=====================================

=====================================
=== Progress: 40% reached at entry 3060739 ===
=====================================

=====================================
=== Progress: 50% reached at entry 3825924 ===
=====================================

=====================================
=== Progress: 60% reached at entry 4591108 ===
=====================================

=====================================
=== Progress: 70% reached at entry 5356293 ===
=====================================

=====================================
=== Progress: 80% reached at entry 6121478 ===
=====================================

=====================================
=== Progress: 90% reached at entry 6886663 ===
=====================================

Opening file: /eos/user/a/amalhotr/ScoutingPFRun3/ScoutingData_2024H_TreeMakerRedone/251209_202708/0000/ScoutingTree_Output_714.root
Opened file /eos/user/a/amalhotr/ScoutingPFRun3/ScoutingData_2024H_TreeMakerRedone/251209_202708/0000/ScoutingTree_Output_714.root with 8128276 entries.
Tree opened successfully.
Total entries = 8128276

=====================================
=== Progress: 10% reached at entry 812827 ===
=====================================

=====================================
=== Progress: 20% reached at entry 1625655 ===
=====================================

=====================================
=== Progress: 30% reached at entry 2438482 ===
=====================================

=====================================
=== Progress: 40% reached at entry 3251310 ===
=====================================

=====================================
=== Progress: 50% reached at entry 4064138 ===
=====================================

=====================================
=== Progress: 60% reached at entry 4876965 ===
=====================================

=====================================
=== Progress: 70% reached at entry 5689793 ===
=====================================

=====================================
=== Progress: 80% reached at entry 6502620 ===
=====================================

=====================================
=== Progress: 90% reached at entry 7315448 ===
=====================================

Opening file: /eos/user/a/amalhotr/ScoutingPFRun3/ScoutingData_2024H_TreeMakerRedone/251209_202708/0000/ScoutingTree_Output_715.root
Opened file /eos/user/a/amalhotr/ScoutingPFRun3/ScoutingData_2024H_TreeMakerRedone/251209_202708/0000/ScoutingTree_Output_715.root with 8236496 entries.
Tree opened successfully.
Total entries = 8236496

=====================================
=== Progress: 10% reached at entry 823649 ===
=====================================

=====================================
=== Progress: 20% reached at entry 1647299 ===
=====================================

=====================================
=== Progress: 30% reached at entry 2470948 ===
=====================================

=====================================
=== Progress: 40% reached at entry 3294598 ===
=====================================

=====================================
=== Progress: 50% reached at entry 4118248 ===
=====================================

=====================================
=== Progress: 60% reached at entry 4941897 ===
=====================================

=====================================
=== Progress: 70% reached at entry 5765547 ===
=====================================

=====================================
=== Progress: 80% reached at entry 6589196 ===
=====================================

=====================================
=== Progress: 90% reached at entry 7412846 ===
=====================================

Opening file: /eos/user/a/amalhotr/ScoutingPFRun3/ScoutingData_2024H_TreeMakerRedone/251209_202708/0000/ScoutingTree_Output_716.root
Opened file /eos/user/a/amalhotr/ScoutingPFRun3/ScoutingData_2024H_TreeMakerRedone/251209_202708/0000/ScoutingTree_Output_716.root with 7867459 entries.
Tree opened successfully.
Total entries = 7867459

=====================================
=== Progress: 10% reached at entry 786745 ===
=====================================

=====================================
=== Progress: 20% reached at entry 1573491 ===
=====================================

=====================================
=== Progress: 30% reached at entry 2360237 ===
=====================================

=====================================
=== Progress: 40% reached at entry 3146983 ===
=====================================

=====================================
=== Progress: 50% reached at entry 3933729 ===
=====================================

=====================================
=== Progress: 60% reached at entry 4720475 ===
=====================================

=====================================
=== Progress: 70% reached at entry 5507221 ===
=====================================

=====================================
=== Progress: 80% reached at entry 6293967 ===
=====================================

=====================================
=== Progress: 90% reached at entry 7080713 ===
=====================================

Finished Tree2PlotsRun3 scan.
