/pool/condor/dir_3735813

Opening file: /eos/user/a/amalhotr/ScoutingPFRun3/ScoutingData_2024H_TreeMakerRedone/251209_202708/0000/ScoutingTree_Output_850.root
Opened file /eos/user/a/amalhotr/ScoutingPFRun3/ScoutingData_2024H_TreeMakerRedone/251209_202708/0000/ScoutingTree_Output_850.root with 7147216 entries.
Tree opened successfully.
Total entries = 7147216

=====================================
=== Progress: 10% reached at entry 714721 ===
=====================================

=====================================
=== Progress: 20% reached at entry 1429443 ===
=====================================

=====================================
=== Progress: 30% reached at entry 2144164 ===
=====================================

=====================================
=== Progress: 40% reached at entry 2858886 ===
=====================================

=====================================
=== Progress: 50% reached at entry 3573608 ===
=====================================

=====================================
=== Progress: 60% reached at entry 4288329 ===
=====================================

=====================================
=== Progress: 70% reached at entry 5003051 ===
=====================================

=====================================
=== Progress: 80% reached at entry 5717772 ===
=====================================

=====================================
=== Progress: 90% reached at entry 6432494 ===
=====================================

Opening file: /eos/user/a/amalhotr/ScoutingPFRun3/ScoutingData_2024H_TreeMakerRedone/251209_202708/0000/ScoutingTree_Output_851.root
Opened file /eos/user/a/amalhotr/ScoutingPFRun3/ScoutingData_2024H_TreeMakerRedone/251209_202708/0000/ScoutingTree_Output_851.root with 7167420 entries.
Tree opened successfully.
Total entries = 7167420

=====================================
=== Progress: 10% reached at entry 716742 ===
=====================================

=====================================
=== Progress: 20% reached at entry 1433484 ===
=====================================

=====================================
=== Progress: 30% reached at entry 2150226 ===
=====================================

=====================================
=== Progress: 40% reached at entry 2866968 ===
=====================================

=====================================
=== Progress: 50% reached at entry 3583710 ===
=====================================

=====================================
=== Progress: 60% reached at entry 4300452 ===
=====================================

=====================================
=== Progress: 70% reached at entry 5017194 ===
=====================================

=====================================
=== Progress: 80% reached at entry 5733936 ===
=====================================

=====================================
=== Progress: 90% reached at entry 6450678 ===
=====================================

Opening file: /eos/user/a/amalhotr/ScoutingPFRun3/ScoutingData_2024H_TreeMakerRedone/251209_202708/0000/ScoutingTree_Output_852.root
Opened file /eos/user/a/amalhotr/ScoutingPFRun3/ScoutingData_2024H_TreeMakerRedone/251209_202708/0000/ScoutingTree_Output_852.root with 7497608 entries.
Tree opened successfully.
Total entries = 7497608

=====================================
=== Progress: 10% reached at entry 749760 ===
=====================================

=====================================
=== Progress: 20% reached at entry 1499521 ===
=====================================

=====================================
=== Progress: 30% reached at entry 2249282 ===
=====================================

=====================================
=== Progress: 40% reached at entry 2999043 ===
=====================================

=====================================
=== Progress: 50% reached at entry 3748804 ===
=====================================

=====================================
=== Progress: 60% reached at entry 4498564 ===
=====================================

=====================================
=== Progress: 70% reached at entry 5248325 ===
=====================================

=====================================
=== Progress: 80% reached at entry 5998086 ===
=====================================

=====================================
=== Progress: 90% reached at entry 6747847 ===
=====================================

Opening file: /eos/user/a/amalhotr/ScoutingPFRun3/ScoutingData_2024H_TreeMakerRedone/251209_202708/0000/ScoutingTree_Output_853.root
Opened file /eos/user/a/amalhotr/ScoutingPFRun3/ScoutingData_2024H_TreeMakerRedone/251209_202708/0000/ScoutingTree_Output_853.root with 6890785 entries.
Tree opened successfully.
Total entries = 6890785

=====================================
=== Progress: 10% reached at entry 689078 ===
=====================================

=====================================
=== Progress: 20% reached at entry 1378157 ===
=====================================

=====================================
=== Progress: 30% reached at entry 2067235 ===
=====================================

=====================================
=== Progress: 40% reached at entry 2756314 ===
=====================================

=====================================
=== Progress: 50% reached at entry 3445392 ===
=====================================

=====================================
=== Progress: 60% reached at entry 4134471 ===
=====================================

=====================================
=== Progress: 70% reached at entry 4823549 ===
=====================================

=====================================
=== Progress: 80% reached at entry 5512628 ===
=====================================

=====================================
=== Progress: 90% reached at entry 6201706 ===
=====================================

Finished Tree2PlotsRun3 scan.
