000 (14419822.000.000) 01/26 11:19:05 Job submitted from host: <188.184.90.62:9618?addrs=188.184.90.62-9618+[2001-1458-201-e4--100-238]-9618&alias=bigbird16.cern.ch&noUDP&sock=schedd_5196_9a2f>
...
040 (14419822.000.000) 01/26 11:19:37 Started transferring input files
	Transferring to host: <188.185.192.81:9618?addrs=188.185.192.81-9618+[2001-1458-303-1f--100-4d]-9618&alias=b9p13p6807.cern.ch&noUDP&sock=slot1_8_6344_abfb_130668>
...
040 (14419822.000.000) 01/26 11:19:37 Finished transferring input files
...
001 (14419822.000.000) 01/26 11:19:38 Job executing on host: <188.185.192.81:9618?addrs=188.185.192.81-9618+[2001-1458-303-1f--100-4d]-9618&alias=b9p13p6807.cern.ch&noUDP&sock=startd_4734_b56e>
	SlotName: slot1_8@b9p13p6807.cern.ch
	CondorScratchDir = "/pool/condor/dir_3413458"
	Cpus = 1
	Disk = 3905
	GPUs = 0
	Memory = 3000
...
006 (14419822.000.000) 01/26 11:19:51 Image size of job updated: 167836
	164  -  MemoryUsage of job (MB)
	167836  -  ResidentSetSize of job (KB)
...
006 (14419822.000.000) 01/26 11:24:51 Image size of job updated: 838312
	813  -  MemoryUsage of job (MB)
	831720  -  ResidentSetSize of job (KB)
...
006 (14419822.000.000) 01/26 11:27:11 Image size of job updated: 847240
	813  -  MemoryUsage of job (MB)
	831720  -  ResidentSetSize of job (KB)
...
040 (14419822.000.000) 01/26 11:27:11 Started transferring output files
...
040 (14419822.000.000) 01/26 11:27:11 Finished transferring output files
...
005 (14419822.000.000) 01/26 11:27:11 Job terminated.
	(1) Normal termination (return value 0)
		Usr 0 00:06:06, Sys 0 00:00:06  -  Run Remote Usage
		Usr 0 00:00:00, Sys 0 00:00:00  -  Run Local Usage
		Usr 0 00:06:06, Sys 0 00:00:06  -  Total Remote Usage
		Usr 0 00:00:00, Sys 0 00:00:00  -  Total Local Usage
	13166  -  Run Bytes Sent By Job
	317  -  Run Bytes Received By Job
	13166  -  Total Bytes Sent By Job
	317  -  Total Bytes Received By Job
	Partitionable Resources :    Usage  Request Allocated 
	   Cpus                 :     0.90        1         1 
	   Disk (KB)            :    37           1      3905 
	   GPUs                 :                           0 
	   Memory (MB)          :   813        3000      3000 
	   TimeExecute (s)      :   453                       
	   TimeSlotBusy (s)     :   455                       

	Job terminated of its own accord at 2026-01-26T10:27:11Z with exit-code 0.
...
