/pool/condor/dir_405999

Opening file: /eos/user/a/amalhotr/ScoutingPFRun3/ScoutingData_2024H_TreeMakerRedone/251209_202708/0000/ScoutingTree_Output_498.root
Opened file /eos/user/a/amalhotr/ScoutingPFRun3/ScoutingData_2024H_TreeMakerRedone/251209_202708/0000/ScoutingTree_Output_498.root with 8297432 entries.
Tree opened successfully.
Total entries = 8297432

=====================================
=== Progress: 10% reached at entry 829743 ===
=====================================

=====================================
=== Progress: 20% reached at entry 1659486 ===
=====================================

=====================================
=== Progress: 30% reached at entry 2489229 ===
=====================================

=====================================
=== Progress: 40% reached at entry 3318972 ===
=====================================

=====================================
=== Progress: 50% reached at entry 4148716 ===
=====================================

=====================================
=== Progress: 60% reached at entry 4978459 ===
=====================================

=====================================
=== Progress: 70% reached at entry 5808202 ===
=====================================

=====================================
=== Progress: 80% reached at entry 6637945 ===
=====================================

=====================================
=== Progress: 90% reached at entry 7467688 ===
=====================================

Opening file: /eos/user/a/amalhotr/ScoutingPFRun3/ScoutingData_2024H_TreeMakerRedone/251209_202708/0000/ScoutingTree_Output_499.root
Opened file /eos/user/a/amalhotr/ScoutingPFRun3/ScoutingData_2024H_TreeMakerRedone/251209_202708/0000/ScoutingTree_Output_499.root with 8027717 entries.
Tree opened successfully.
Total entries = 8027717

=====================================
=== Progress: 10% reached at entry 802771 ===
=====================================

=====================================
=== Progress: 20% reached at entry 1605543 ===
=====================================

=====================================
=== Progress: 30% reached at entry 2408315 ===
=====================================

=====================================
=== Progress: 40% reached at entry 3211086 ===
=====================================

=====================================
=== Progress: 50% reached at entry 4013858 ===
=====================================

=====================================
=== Progress: 60% reached at entry 4816630 ===
=====================================

=====================================
=== Progress: 70% reached at entry 5619401 ===
=====================================

=====================================
=== Progress: 80% reached at entry 6422173 ===
=====================================

=====================================
=== Progress: 90% reached at entry 7224945 ===
=====================================

Opening file: /eos/user/a/amalhotr/ScoutingPFRun3/ScoutingData_2024H_TreeMakerRedone/251209_202708/0000/ScoutingTree_Output_49.root
Opened file /eos/user/a/amalhotr/ScoutingPFRun3/ScoutingData_2024H_TreeMakerRedone/251209_202708/0000/ScoutingTree_Output_49.root with 9814955 entries.
Tree opened successfully.
Total entries = 9814955

=====================================
=== Progress: 10% reached at entry 981495 ===
=====================================

=====================================
=== Progress: 20% reached at entry 1962991 ===
=====================================

=====================================
=== Progress: 30% reached at entry 2944486 ===
=====================================

=====================================
=== Progress: 40% reached at entry 3925982 ===
=====================================

=====================================
=== Progress: 50% reached at entry 4907477 ===
=====================================

=====================================
=== Progress: 60% reached at entry 5888973 ===
=====================================

=====================================
=== Progress: 70% reached at entry 6870468 ===
=====================================

=====================================
=== Progress: 80% reached at entry 7851964 ===
=====================================

=====================================
=== Progress: 90% reached at entry 8833459 ===
=====================================

Opening file: /eos/user/a/amalhotr/ScoutingPFRun3/ScoutingData_2024H_TreeMakerRedone/251209_202708/0000/ScoutingTree_Output_4.root
Opened file /eos/user/a/amalhotr/ScoutingPFRun3/ScoutingData_2024H_TreeMakerRedone/251209_202708/0000/ScoutingTree_Output_4.root with 8385669 entries.
Tree opened successfully.
Total entries = 8385669

=====================================
=== Progress: 10% reached at entry 838566 ===
=====================================

=====================================
=== Progress: 20% reached at entry 1677133 ===
=====================================

=====================================
=== Progress: 30% reached at entry 2515700 ===
=====================================

=====================================
=== Progress: 40% reached at entry 3354267 ===
=====================================

=====================================
=== Progress: 50% reached at entry 4192834 ===
=====================================

=====================================
=== Progress: 60% reached at entry 5031401 ===
=====================================

=====================================
=== Progress: 70% reached at entry 5869968 ===
=====================================

=====================================
=== Progress: 80% reached at entry 6708535 ===
=====================================

=====================================
=== Progress: 90% reached at entry 7547102 ===
=====================================

Finished Tree2PlotsRun3 scan.
