000 (14418784.000.000) 01/26 10:11:27 Job submitted from host: <188.184.90.62:9618?addrs=188.184.90.62-9618+[2001-1458-201-e4--100-238]-9618&alias=bigbird16.cern.ch&noUDP&sock=schedd_5196_9a2f>
...
040 (14418784.000.000) 01/26 10:14:10 Started transferring input files
	Transferring to host: <188.185.207.207:9618?addrs=188.185.207.207-9618+[2001-1458-303-e--100-4c]-9618&alias=b9p08p5785.cern.ch&noUDP&sock=slot1_25_210734_eab3_9347>
...
040 (14418784.000.000) 01/26 10:14:10 Finished transferring input files
...
001 (14418784.000.000) 01/26 10:14:11 Job executing on host: <188.185.207.207:9618?addrs=188.185.207.207-9618+[2001-1458-303-e--100-4c]-9618&alias=b9p08p5785.cern.ch&noUDP&sock=startd_7109_c2dc>
	SlotName: slot1_25@b9p08p5785.cern.ch
	CondorScratchDir = "/pool/condor/dir_2652593"
	Cpus = 1
	Disk = 3696
	GPUs = 0
	Memory = 3000
...
006 (14418784.000.000) 01/26 10:14:25 Image size of job updated: 649484
	635  -  MemoryUsage of job (MB)
	649484  -  ResidentSetSize of job (KB)
...
006 (14418784.000.000) 01/26 10:18:46 Image size of job updated: 848100
	635  -  MemoryUsage of job (MB)
	649484  -  ResidentSetSize of job (KB)
...
040 (14418784.000.000) 01/26 10:18:46 Started transferring output files
...
040 (14418784.000.000) 01/26 10:18:46 Finished transferring output files
...
005 (14418784.000.000) 01/26 10:18:46 Job terminated.
	(1) Normal termination (return value 0)
		Usr 0 00:03:06, Sys 0 00:00:08  -  Run Remote Usage
		Usr 0 00:00:00, Sys 0 00:00:00  -  Run Local Usage
		Usr 0 00:03:06, Sys 0 00:00:08  -  Total Remote Usage
		Usr 0 00:00:00, Sys 0 00:00:00  -  Total Local Usage
	12859  -  Run Bytes Sent By Job
	317  -  Run Bytes Received By Job
	12859  -  Total Bytes Sent By Job
	317  -  Total Bytes Received By Job
	Partitionable Resources :    Usage  Request Allocated 
	   Cpus                 :     0.77        1         1 
	   Disk (KB)            :    38           1      3696 
	   GPUs                 :                           0 
	   Memory (MB)          :   635        3000      3000 
	   TimeExecute (s)      :   275                       
	   TimeSlotBusy (s)     :   277                       

	Job terminated of its own accord at 2026-01-26T09:18:46Z with exit-code 0.
...
