/pool/condor/dir_2533545

Opening file: /eos/user/a/amalhotr/ScoutingPFRun3/ScoutingData_2024H_TreeMakerRedone/251209_202708/0000/ScoutingTree_Output_540.root
Opened file /eos/user/a/amalhotr/ScoutingPFRun3/ScoutingData_2024H_TreeMakerRedone/251209_202708/0000/ScoutingTree_Output_540.root with 8115006 entries.
Tree opened successfully.
Total entries = 8115006

=====================================
=== Progress: 10% reached at entry 811500 ===
=====================================

=====================================
=== Progress: 20% reached at entry 1623001 ===
=====================================

=====================================
=== Progress: 30% reached at entry 2434501 ===
=====================================

=====================================
=== Progress: 40% reached at entry 3246002 ===
=====================================

=====================================
=== Progress: 50% reached at entry 4057503 ===
=====================================

=====================================
=== Progress: 60% reached at entry 4869003 ===
=====================================

=====================================
=== Progress: 70% reached at entry 5680504 ===
=====================================

=====================================
=== Progress: 80% reached at entry 6492004 ===
=====================================

=====================================
=== Progress: 90% reached at entry 7303505 ===
=====================================

Opening file: /eos/user/a/amalhotr/ScoutingPFRun3/ScoutingData_2024H_TreeMakerRedone/251209_202708/0000/ScoutingTree_Output_541.root
Opened file /eos/user/a/amalhotr/ScoutingPFRun3/ScoutingData_2024H_TreeMakerRedone/251209_202708/0000/ScoutingTree_Output_541.root with 7860290 entries.
Tree opened successfully.
Total entries = 7860290

=====================================
=== Progress: 10% reached at entry 786029 ===
=====================================

=====================================
=== Progress: 20% reached at entry 1572058 ===
=====================================

=====================================
=== Progress: 30% reached at entry 2358087 ===
=====================================

=====================================
=== Progress: 40% reached at entry 3144116 ===
=====================================

=====================================
=== Progress: 50% reached at entry 3930145 ===
=====================================

=====================================
=== Progress: 60% reached at entry 4716174 ===
=====================================

=====================================
=== Progress: 70% reached at entry 5502203 ===
=====================================

=====================================
=== Progress: 80% reached at entry 6288232 ===
=====================================

=====================================
=== Progress: 90% reached at entry 7074261 ===
=====================================

Opening file: /eos/user/a/amalhotr/ScoutingPFRun3/ScoutingData_2024H_TreeMakerRedone/251209_202708/0000/ScoutingTree_Output_542.root
Opened file /eos/user/a/amalhotr/ScoutingPFRun3/ScoutingData_2024H_TreeMakerRedone/251209_202708/0000/ScoutingTree_Output_542.root with 7904850 entries.
Tree opened successfully.
Total entries = 7904850

=====================================
=== Progress: 10% reached at entry 790485 ===
=====================================

=====================================
=== Progress: 20% reached at entry 1580970 ===
=====================================

=====================================
=== Progress: 30% reached at entry 2371455 ===
=====================================

=====================================
=== Progress: 40% reached at entry 3161940 ===
=====================================

=====================================
=== Progress: 50% reached at entry 3952425 ===
=====================================

=====================================
=== Progress: 60% reached at entry 4742910 ===
=====================================

=====================================
=== Progress: 70% reached at entry 5533395 ===
=====================================

=====================================
=== Progress: 80% reached at entry 6323880 ===
=====================================

=====================================
=== Progress: 90% reached at entry 7114365 ===
=====================================

Opening file: /eos/user/a/amalhotr/ScoutingPFRun3/ScoutingData_2024H_TreeMakerRedone/251209_202708/0000/ScoutingTree_Output_543.root
Opened file /eos/user/a/amalhotr/ScoutingPFRun3/ScoutingData_2024H_TreeMakerRedone/251209_202708/0000/ScoutingTree_Output_543.root with 7719566 entries.
Tree opened successfully.
Total entries = 7719566

=====================================
=== Progress: 10% reached at entry 771956 ===
=====================================

=====================================
=== Progress: 20% reached at entry 1543913 ===
=====================================

=====================================
=== Progress: 30% reached at entry 2315869 ===
=====================================

=====================================
=== Progress: 40% reached at entry 3087826 ===
=====================================

=====================================
=== Progress: 50% reached at entry 3859783 ===
=====================================

=====================================
=== Progress: 60% reached at entry 4631739 ===
=====================================

=====================================
=== Progress: 70% reached at entry 5403696 ===
=====================================

=====================================
=== Progress: 80% reached at entry 6175652 ===
=====================================

=====================================
=== Progress: 90% reached at entry 6947609 ===
=====================================

Finished Tree2PlotsRun3 scan.
