000 (14418734.000.000) 01/26 07:58:08 Job submitted from host: <188.184.90.62:9618?addrs=188.184.90.62-9618+[2001-1458-201-e4--100-238]-9618&alias=bigbird16.cern.ch&noUDP&sock=schedd_5196_9a2f>
...
040 (14418734.000.000) 01/26 07:58:33 Started transferring input files
	Transferring to host: <188.185.196.112:9618?addrs=188.185.196.112-9618+[2001-1458-303-23--100-6c]-9618&alias=b9p16p4521.cern.ch&noUDP&sock=slot1_5_9246_64b1_122639>
...
040 (14418734.000.000) 01/26 07:58:33 Finished transferring input files
...
001 (14418734.000.000) 01/26 07:58:34 Job executing on host: <188.185.196.112:9618?addrs=188.185.196.112-9618+[2001-1458-303-23--100-6c]-9618&alias=b9p16p4521.cern.ch&noUDP&sock=startd_7958_1ac4>
	SlotName: slot1_5@b9p16p4521.cern.ch
	CondorScratchDir = "/pool/condor/dir_2399569"
	Cpus = 1
	Disk = 3858
	GPUs = 0
	Memory = 3000
...
006 (14418734.000.000) 01/26 07:58:40 Image size of job updated: 100
	0  -  MemoryUsage of job (MB)
	0  -  ResidentSetSize of job (KB)
...
040 (14418734.000.000) 01/26 07:58:40 Started transferring output files
...
040 (14418734.000.000) 01/26 07:58:40 Finished transferring output files
...
005 (14418734.000.000) 01/26 07:58:40 Job terminated.
	(1) Normal termination (return value 127)
		Usr 0 00:00:00, Sys 0 00:00:00  -  Run Remote Usage
		Usr 0 00:00:00, Sys 0 00:00:00  -  Run Local Usage
		Usr 0 00:00:00, Sys 0 00:00:00  -  Total Remote Usage
		Usr 0 00:00:00, Sys 0 00:00:00  -  Total Local Usage
	84  -  Run Bytes Sent By Job
	146  -  Run Bytes Received By Job
	84  -  Total Bytes Sent By Job
	146  -  Total Bytes Received By Job
	Partitionable Resources :    Usage  Request Allocated 
	   Cpus                 :                 1         1 
	   Disk (KB)            :       18        1      3858 
	   GPUs                 :                           0 
	   Memory (MB)          :        0     3000      3000 
	   TimeExecute (s)      :        6                    
	   TimeSlotBusy (s)     :        8                    

	Job terminated of its own accord at 2026-01-26T06:58:40Z with exit-code 127.
...
