/pool/condor/dir_783604

Opening file: /eos/user/a/amalhotr/ScoutingPFRun3/ScoutingData_2024H_TreeMakerRedone/251209_202708/0000/ScoutingTree_Output_894.root
Opened file /eos/user/a/amalhotr/ScoutingPFRun3/ScoutingData_2024H_TreeMakerRedone/251209_202708/0000/ScoutingTree_Output_894.root with 7648342 entries.
Tree opened successfully.
Total entries = 7648342

=====================================
=== Progress: 10% reached at entry 764834 ===
=====================================

=====================================
=== Progress: 20% reached at entry 1529668 ===
=====================================

=====================================
=== Progress: 30% reached at entry 2294502 ===
=====================================

=====================================
=== Progress: 40% reached at entry 3059336 ===
=====================================

=====================================
=== Progress: 50% reached at entry 3824171 ===
=====================================

=====================================
=== Progress: 60% reached at entry 4589005 ===
=====================================

=====================================
=== Progress: 70% reached at entry 5353839 ===
=====================================

=====================================
=== Progress: 80% reached at entry 6118673 ===
=====================================

=====================================
=== Progress: 90% reached at entry 6883507 ===
=====================================

Opening file: /eos/user/a/amalhotr/ScoutingPFRun3/ScoutingData_2024H_TreeMakerRedone/251209_202708/0000/ScoutingTree_Output_895.root
Opened file /eos/user/a/amalhotr/ScoutingPFRun3/ScoutingData_2024H_TreeMakerRedone/251209_202708/0000/ScoutingTree_Output_895.root with 8163850 entries.
Tree opened successfully.
Total entries = 8163850

=====================================
=== Progress: 10% reached at entry 816385 ===
=====================================

=====================================
=== Progress: 20% reached at entry 1632770 ===
=====================================

=====================================
=== Progress: 30% reached at entry 2449155 ===
=====================================

=====================================
=== Progress: 40% reached at entry 3265540 ===
=====================================

=====================================
=== Progress: 50% reached at entry 4081925 ===
=====================================

=====================================
=== Progress: 60% reached at entry 4898310 ===
=====================================

=====================================
=== Progress: 70% reached at entry 5714695 ===
=====================================

=====================================
=== Progress: 80% reached at entry 6531080 ===
=====================================

=====================================
=== Progress: 90% reached at entry 7347465 ===
=====================================

Opening file: /eos/user/a/amalhotr/ScoutingPFRun3/ScoutingData_2024H_TreeMakerRedone/251209_202708/0000/ScoutingTree_Output_896.root
Opened file /eos/user/a/amalhotr/ScoutingPFRun3/ScoutingData_2024H_TreeMakerRedone/251209_202708/0000/ScoutingTree_Output_896.root with 8175805 entries.
Tree opened successfully.
Total entries = 8175805

=====================================
=== Progress: 10% reached at entry 817580 ===
=====================================

=====================================
=== Progress: 20% reached at entry 1635161 ===
=====================================

=====================================
=== Progress: 30% reached at entry 2452741 ===
=====================================

=====================================
=== Progress: 40% reached at entry 3270322 ===
=====================================

=====================================
=== Progress: 50% reached at entry 4087902 ===
=====================================

=====================================
=== Progress: 60% reached at entry 4905483 ===
=====================================

=====================================
=== Progress: 70% reached at entry 5723063 ===
=====================================

=====================================
=== Progress: 80% reached at entry 6540644 ===
=====================================

=====================================
=== Progress: 90% reached at entry 7358224 ===
=====================================

Opening file: /eos/user/a/amalhotr/ScoutingPFRun3/ScoutingData_2024H_TreeMakerRedone/251209_202708/0000/ScoutingTree_Output_897.root
Opened file /eos/user/a/amalhotr/ScoutingPFRun3/ScoutingData_2024H_TreeMakerRedone/251209_202708/0000/ScoutingTree_Output_897.root with 8319336 entries.
Tree opened successfully.
Total entries = 8319336

=====================================
=== Progress: 10% reached at entry 831933 ===
=====================================

=====================================
=== Progress: 20% reached at entry 1663867 ===
=====================================

=====================================
=== Progress: 30% reached at entry 2495800 ===
=====================================

=====================================
=== Progress: 40% reached at entry 3327734 ===
=====================================

=====================================
=== Progress: 50% reached at entry 4159668 ===
=====================================

=====================================
=== Progress: 60% reached at entry 4991601 ===
=====================================

=====================================
=== Progress: 70% reached at entry 5823535 ===
=====================================

=====================================
=== Progress: 80% reached at entry 6655468 ===
=====================================

=====================================
=== Progress: 90% reached at entry 7487402 ===
=====================================

Finished Tree2PlotsRun3 scan.
