/pool/condor/dir_3819355

Opening file: /eos/user/a/amalhotr/ScoutingPFRun3/ScoutingData_2024H_TreeMakerRedone/251209_202708/0000/ScoutingTree_Output_108.root
Opened file /eos/user/a/amalhotr/ScoutingPFRun3/ScoutingData_2024H_TreeMakerRedone/251209_202708/0000/ScoutingTree_Output_108.root with 8004800 entries.
Tree opened successfully.
Total entries = 8004800

=====================================
=== Progress: 10% reached at entry 800480 ===
=====================================

=====================================
=== Progress: 20% reached at entry 1600960 ===
=====================================

=====================================
=== Progress: 30% reached at entry 2401440 ===
=====================================

=====================================
=== Progress: 40% reached at entry 3201920 ===
=====================================

=====================================
=== Progress: 50% reached at entry 4002400 ===
=====================================

=====================================
=== Progress: 60% reached at entry 4802880 ===
=====================================

=====================================
=== Progress: 70% reached at entry 5603360 ===
=====================================

=====================================
=== Progress: 80% reached at entry 6403840 ===
=====================================

=====================================
=== Progress: 90% reached at entry 7204320 ===
=====================================

Opening file: /eos/user/a/amalhotr/ScoutingPFRun3/ScoutingData_2024H_TreeMakerRedone/251209_202708/0000/ScoutingTree_Output_109.root
Opened file /eos/user/a/amalhotr/ScoutingPFRun3/ScoutingData_2024H_TreeMakerRedone/251209_202708/0000/ScoutingTree_Output_109.root with 8363114 entries.
Tree opened successfully.
Total entries = 8363114

=====================================
=== Progress: 10% reached at entry 836311 ===
=====================================

=====================================
=== Progress: 20% reached at entry 1672622 ===
=====================================

=====================================
=== Progress: 30% reached at entry 2508934 ===
=====================================

=====================================
=== Progress: 40% reached at entry 3345245 ===
=====================================

=====================================
=== Progress: 50% reached at entry 4181557 ===
=====================================

=====================================
=== Progress: 60% reached at entry 5017868 ===
=====================================

=====================================
=== Progress: 70% reached at entry 5854179 ===
=====================================

=====================================
=== Progress: 80% reached at entry 6690491 ===
=====================================

=====================================
=== Progress: 90% reached at entry 7526802 ===
=====================================

Opening file: /eos/user/a/amalhotr/ScoutingPFRun3/ScoutingData_2024H_TreeMakerRedone/251209_202708/0000/ScoutingTree_Output_10.root
Opened file /eos/user/a/amalhotr/ScoutingPFRun3/ScoutingData_2024H_TreeMakerRedone/251209_202708/0000/ScoutingTree_Output_10.root with 8360320 entries.
Tree opened successfully.
Total entries = 8360320

=====================================
=== Progress: 10% reached at entry 836032 ===
=====================================

=====================================
=== Progress: 20% reached at entry 1672064 ===
=====================================

=====================================
=== Progress: 30% reached at entry 2508096 ===
=====================================

=====================================
=== Progress: 40% reached at entry 3344128 ===
=====================================

=====================================
=== Progress: 50% reached at entry 4180160 ===
=====================================

=====================================
=== Progress: 60% reached at entry 5016192 ===
=====================================

=====================================
=== Progress: 70% reached at entry 5852224 ===
=====================================

=====================================
=== Progress: 80% reached at entry 6688256 ===
=====================================

=====================================
=== Progress: 90% reached at entry 7524288 ===
=====================================

Opening file: /eos/user/a/amalhotr/ScoutingPFRun3/ScoutingData_2024H_TreeMakerRedone/251209_202708/0000/ScoutingTree_Output_110.root
Opened file /eos/user/a/amalhotr/ScoutingPFRun3/ScoutingData_2024H_TreeMakerRedone/251209_202708/0000/ScoutingTree_Output_110.root with 8343878 entries.
Tree opened successfully.
Total entries = 8343878

=====================================
=== Progress: 10% reached at entry 834387 ===
=====================================

=====================================
=== Progress: 20% reached at entry 1668775 ===
=====================================

=====================================
=== Progress: 30% reached at entry 2503163 ===
=====================================

=====================================
=== Progress: 40% reached at entry 3337551 ===
=====================================

=====================================
=== Progress: 50% reached at entry 4171939 ===
=====================================

=====================================
=== Progress: 60% reached at entry 5006326 ===
=====================================

=====================================
=== Progress: 70% reached at entry 5840714 ===
=====================================

=====================================
=== Progress: 80% reached at entry 6675102 ===
=====================================

=====================================
=== Progress: 90% reached at entry 7509490 ===
=====================================

Finished Tree2PlotsRun3 scan.
