000 (14420195.000.000) 01/26 11:38:11 Job submitted from host: <188.184.90.62:9618?addrs=188.184.90.62-9618+[2001-1458-201-e4--100-238]-9618&alias=bigbird16.cern.ch&noUDP&sock=schedd_5196_9a2f>
...
040 (14420195.000.000) 01/26 11:40:23 Started transferring input files
	Transferring to host: <188.185.196.162:9618?addrs=188.185.196.162-9618+[2001-1458-303-23--100-9e]-9618&alias=b9p16p1742.cern.ch&noUDP&sock=slot1_51_4996_e244_120816>
...
040 (14420195.000.000) 01/26 11:40:23 Finished transferring input files
...
001 (14420195.000.000) 01/26 11:40:24 Job executing on host: <188.185.196.162:9618?addrs=188.185.196.162-9618+[2001-1458-303-23--100-9e]-9618&alias=b9p16p1742.cern.ch&noUDP&sock=startd_4005_ace4>
	SlotName: slot1_51@b9p16p1742.cern.ch
	CondorScratchDir = "/pool/condor/dir_3735267"
	Cpus = 1
	Disk = 3842
	GPUs = 0
	Memory = 3000
...
006 (14420195.000.000) 01/26 11:40:37 Image size of job updated: 137796
	135  -  MemoryUsage of job (MB)
	137796  -  ResidentSetSize of job (KB)
...
006 (14420195.000.000) 01/26 11:45:37 Image size of job updated: 824260
	782  -  MemoryUsage of job (MB)
	800392  -  ResidentSetSize of job (KB)
...
040 (14420195.000.000) 01/26 11:47:56 Started transferring output files
...
040 (14420195.000.000) 01/26 11:47:56 Finished transferring output files
...
005 (14420195.000.000) 01/26 11:47:56 Job terminated.
	(1) Normal termination (return value 0)
		Usr 0 00:05:47, Sys 0 00:00:09  -  Run Remote Usage
		Usr 0 00:00:00, Sys 0 00:00:00  -  Run Local Usage
		Usr 0 00:05:47, Sys 0 00:00:09  -  Total Remote Usage
		Usr 0 00:00:00, Sys 0 00:00:00  -  Total Local Usage
	13013  -  Run Bytes Sent By Job
	317  -  Run Bytes Received By Job
	13013  -  Total Bytes Sent By Job
	317  -  Total Bytes Received By Job
	Partitionable Resources :    Usage  Request Allocated 
	   Cpus                 :     0.88        1         1 
	   Disk (KB)            :    36           1      3842 
	   GPUs                 :                           0 
	   Memory (MB)          :   782        3000      3000 
	   TimeExecute (s)      :   452                       
	   TimeSlotBusy (s)     :   454                       

	Job terminated of its own accord at 2026-01-26T10:47:56Z with exit-code 0.
...
