/pool/condor/dir_2437997

Opening file: /eos/user/a/amalhotr/ScoutingPFRun3/ScoutingData_2024H_TreeMakerRedone/251209_202708/0000/ScoutingTree_Output_278.root
Opened file /eos/user/a/amalhotr/ScoutingPFRun3/ScoutingData_2024H_TreeMakerRedone/251209_202708/0000/ScoutingTree_Output_278.root with 8546191 entries.
Tree opened successfully.
Total entries = 8546191

=====================================
=== Progress: 10% reached at entry 854619 ===
=====================================

=====================================
=== Progress: 20% reached at entry 1709238 ===
=====================================

=====================================
=== Progress: 30% reached at entry 2563857 ===
=====================================

=====================================
=== Progress: 40% reached at entry 3418476 ===
=====================================

=====================================
=== Progress: 50% reached at entry 4273095 ===
=====================================

=====================================
=== Progress: 60% reached at entry 5127714 ===
=====================================

=====================================
=== Progress: 70% reached at entry 5982333 ===
=====================================

=====================================
=== Progress: 80% reached at entry 6836952 ===
=====================================

=====================================
=== Progress: 90% reached at entry 7691571 ===
=====================================

Opening file: /eos/user/a/amalhotr/ScoutingPFRun3/ScoutingData_2024H_TreeMakerRedone/251209_202708/0000/ScoutingTree_Output_279.root
Opened file /eos/user/a/amalhotr/ScoutingPFRun3/ScoutingData_2024H_TreeMakerRedone/251209_202708/0000/ScoutingTree_Output_279.root with 8424725 entries.
Tree opened successfully.
Total entries = 8424725

=====================================
=== Progress: 10% reached at entry 842472 ===
=====================================

=====================================
=== Progress: 20% reached at entry 1684945 ===
=====================================

=====================================
=== Progress: 30% reached at entry 2527417 ===
=====================================

=====================================
=== Progress: 40% reached at entry 3369890 ===
=====================================

=====================================
=== Progress: 50% reached at entry 4212362 ===
=====================================

=====================================
=== Progress: 60% reached at entry 5054835 ===
=====================================

=====================================
=== Progress: 70% reached at entry 5897307 ===
=====================================

=====================================
=== Progress: 80% reached at entry 6739780 ===
=====================================

=====================================
=== Progress: 90% reached at entry 7582252 ===
=====================================

Opening file: /eos/user/a/amalhotr/ScoutingPFRun3/ScoutingData_2024H_TreeMakerRedone/251209_202708/0000/ScoutingTree_Output_27.root
Opened file /eos/user/a/amalhotr/ScoutingPFRun3/ScoutingData_2024H_TreeMakerRedone/251209_202708/0000/ScoutingTree_Output_27.root with 8071954 entries.
Tree opened successfully.
Total entries = 8071954

=====================================
=== Progress: 10% reached at entry 807195 ===
=====================================

=====================================
=== Progress: 20% reached at entry 1614390 ===
=====================================

=====================================
=== Progress: 30% reached at entry 2421586 ===
=====================================

=====================================
=== Progress: 40% reached at entry 3228781 ===
=====================================

=====================================
=== Progress: 50% reached at entry 4035977 ===
=====================================

=====================================
=== Progress: 60% reached at entry 4843172 ===
=====================================

=====================================
=== Progress: 70% reached at entry 5650367 ===
=====================================

=====================================
=== Progress: 80% reached at entry 6457563 ===
=====================================

=====================================
=== Progress: 90% reached at entry 7264758 ===
=====================================

Opening file: /eos/user/a/amalhotr/ScoutingPFRun3/ScoutingData_2024H_TreeMakerRedone/251209_202708/0000/ScoutingTree_Output_280.root
Opened file /eos/user/a/amalhotr/ScoutingPFRun3/ScoutingData_2024H_TreeMakerRedone/251209_202708/0000/ScoutingTree_Output_280.root with 8686751 entries.
Tree opened successfully.
Total entries = 8686751

=====================================
=== Progress: 10% reached at entry 868675 ===
=====================================

=====================================
=== Progress: 20% reached at entry 1737350 ===
=====================================

=====================================
=== Progress: 30% reached at entry 2606025 ===
=====================================

=====================================
=== Progress: 40% reached at entry 3474700 ===
=====================================

=====================================
=== Progress: 50% reached at entry 4343375 ===
=====================================

=====================================
=== Progress: 60% reached at entry 5212050 ===
=====================================

=====================================
=== Progress: 70% reached at entry 6080725 ===
=====================================

=====================================
=== Progress: 80% reached at entry 6949400 ===
=====================================

=====================================
=== Progress: 90% reached at entry 7818075 ===
=====================================

Finished Tree2PlotsRun3 scan.
