000 (14419834.000.000) 01/26 11:19:07 Job submitted from host: <188.184.90.62:9618?addrs=188.184.90.62-9618+[2001-1458-201-e4--100-238]-9618&alias=bigbird16.cern.ch&noUDP&sock=schedd_5196_9a2f>
...
040 (14419834.000.000) 01/26 11:19:38 Started transferring input files
	Transferring to host: <188.185.194.92:9618?addrs=188.185.194.92-9618+[2001-1458-303-21--100-58]-9618&alias=b9p20p7578.cern.ch&noUDP&sock=slot1_3_6949_f2f4_124313>
...
040 (14419834.000.000) 01/26 11:19:38 Finished transferring input files
...
001 (14419834.000.000) 01/26 11:19:39 Job executing on host: <188.185.194.92:9618?addrs=188.185.194.92-9618+[2001-1458-303-21--100-58]-9618&alias=b9p20p7578.cern.ch&noUDP&sock=startd_5807_b28d>
	SlotName: slot1_3@b9p20p7578.cern.ch
	CondorScratchDir = "/pool/condor/dir_3164166"
	Cpus = 1
	Disk = 3850
	GPUs = 0
	Memory = 3000
...
006 (14419834.000.000) 01/26 11:19:52 Image size of job updated: 144264
	141  -  MemoryUsage of job (MB)
	144264  -  ResidentSetSize of job (KB)
...
006 (14419834.000.000) 01/26 11:24:52 Image size of job updated: 849732
	816  -  MemoryUsage of job (MB)
	835344  -  ResidentSetSize of job (KB)
...
040 (14419834.000.000) 01/26 11:26:13 Started transferring output files
...
040 (14419834.000.000) 01/26 11:26:13 Finished transferring output files
...
005 (14419834.000.000) 01/26 11:26:14 Job terminated.
	(1) Normal termination (return value 0)
		Usr 0 00:04:57, Sys 0 00:00:07  -  Run Remote Usage
		Usr 0 00:00:00, Sys 0 00:00:00  -  Run Local Usage
		Usr 0 00:04:57, Sys 0 00:00:07  -  Total Remote Usage
		Usr 0 00:00:00, Sys 0 00:00:00  -  Total Local Usage
	12859  -  Run Bytes Sent By Job
	317  -  Run Bytes Received By Job
	12859  -  Total Bytes Sent By Job
	317  -  Total Bytes Received By Job
	Partitionable Resources :    Usage  Request Allocated 
	   Cpus                 :     0.69        1         1 
	   Disk (KB)            :    36           1      3850 
	   GPUs                 :                           0 
	   Memory (MB)          :   816        3000      3000 
	   TimeExecute (s)      :   394                       
	   TimeSlotBusy (s)     :   396                       

	Job terminated of its own accord at 2026-01-26T10:26:13Z with exit-code 0.
...
