000 (14419446.000.000) 01/26 11:03:25 Job submitted from host: <188.184.90.62:9618?addrs=188.184.90.62-9618+[2001-1458-201-e4--100-238]-9618&alias=bigbird16.cern.ch&noUDP&sock=schedd_5196_9a2f>
...
040 (14419446.000.000) 01/26 11:05:15 Started transferring input files
	Transferring to host: <128.142.196.59:9618?addrs=128.142.196.59-9618+[2001-1458-301-3c--100-39]-9618&alias=b9g32p1900.cern.ch&noUDP&sock=slot1_38_3226_c23c_139855>
...
040 (14419446.000.000) 01/26 11:05:15 Finished transferring input files
...
001 (14419446.000.000) 01/26 11:05:16 Job executing on host: <128.142.196.59:9618?addrs=128.142.196.59-9618+[2001-1458-301-3c--100-39]-9618&alias=b9g32p1900.cern.ch&noUDP&sock=startd_2777_5e97>
	SlotName: slot1_38@b9g32p1900.cern.ch
	CondorScratchDir = "/pool/condor/dir_1706400"
	Cpus = 1
	Disk = 3824
	GPUs = 0
	Memory = 3000
...
006 (14419446.000.000) 01/26 11:05:29 Image size of job updated: 137012
	134  -  MemoryUsage of job (MB)
	137012  -  ResidentSetSize of job (KB)
...
006 (14419446.000.000) 01/26 11:10:29 Image size of job updated: 827836
	806  -  MemoryUsage of job (MB)
	825192  -  ResidentSetSize of job (KB)
...
006 (14419446.000.000) 01/26 11:11:46 Image size of job updated: 831400
	806  -  MemoryUsage of job (MB)
	825192  -  ResidentSetSize of job (KB)
...
040 (14419446.000.000) 01/26 11:11:46 Started transferring output files
...
040 (14419446.000.000) 01/26 11:11:46 Finished transferring output files
...
005 (14419446.000.000) 01/26 11:11:46 Job terminated.
	(1) Normal termination (return value 0)
		Usr 0 00:04:34, Sys 0 00:00:08  -  Run Remote Usage
		Usr 0 00:00:00, Sys 0 00:00:00  -  Run Local Usage
		Usr 0 00:04:34, Sys 0 00:00:08  -  Total Remote Usage
		Usr 0 00:00:00, Sys 0 00:00:00  -  Total Local Usage
	12857  -  Run Bytes Sent By Job
	317  -  Run Bytes Received By Job
	12857  -  Total Bytes Sent By Job
	317  -  Total Bytes Received By Job
	Partitionable Resources :    Usage  Request Allocated 
	   Cpus                 :                 1         1 
	   Disk (KB)            :       28        1      3824 
	   GPUs                 :                           0 
	   Memory (MB)          :      806     3000      3000 
	   TimeExecute (s)      :      390                    
	   TimeSlotBusy (s)     :      393                    

	Job terminated of its own accord at 2026-01-26T10:11:46Z with exit-code 0.
...
