/pool/condor/dir_3167467

Opening file: /eos/user/a/amalhotr/ScoutingPFRun3/ScoutingData_2024H_TreeMakerRedone/251209_202708/0000/ScoutingTree_Output_252.root
Opened file /eos/user/a/amalhotr/ScoutingPFRun3/ScoutingData_2024H_TreeMakerRedone/251209_202708/0000/ScoutingTree_Output_252.root with 8598409 entries.
Tree opened successfully.
Total entries = 8598409

=====================================
=== Progress: 10% reached at entry 859840 ===
=====================================

=====================================
=== Progress: 20% reached at entry 1719681 ===
=====================================

=====================================
=== Progress: 30% reached at entry 2579522 ===
=====================================

=====================================
=== Progress: 40% reached at entry 3439363 ===
=====================================

=====================================
=== Progress: 50% reached at entry 4299204 ===
=====================================

=====================================
=== Progress: 60% reached at entry 5159045 ===
=====================================

=====================================
=== Progress: 70% reached at entry 6018886 ===
=====================================

=====================================
=== Progress: 80% reached at entry 6878727 ===
=====================================

=====================================
=== Progress: 90% reached at entry 7738568 ===
=====================================

Opening file: /eos/user/a/amalhotr/ScoutingPFRun3/ScoutingData_2024H_TreeMakerRedone/251209_202708/0000/ScoutingTree_Output_253.root
Opened file /eos/user/a/amalhotr/ScoutingPFRun3/ScoutingData_2024H_TreeMakerRedone/251209_202708/0000/ScoutingTree_Output_253.root with 8481294 entries.
Tree opened successfully.
Total entries = 8481294

=====================================
=== Progress: 10% reached at entry 848129 ===
=====================================

=====================================
=== Progress: 20% reached at entry 1696258 ===
=====================================

=====================================
=== Progress: 30% reached at entry 2544388 ===
=====================================

=====================================
=== Progress: 40% reached at entry 3392517 ===
=====================================

=====================================
=== Progress: 50% reached at entry 4240647 ===
=====================================

=====================================
=== Progress: 60% reached at entry 5088776 ===
=====================================

=====================================
=== Progress: 70% reached at entry 5936905 ===
=====================================

=====================================
=== Progress: 80% reached at entry 6785035 ===
=====================================

=====================================
=== Progress: 90% reached at entry 7633164 ===
=====================================

Opening file: /eos/user/a/amalhotr/ScoutingPFRun3/ScoutingData_2024H_TreeMakerRedone/251209_202708/0000/ScoutingTree_Output_254.root
Opened file /eos/user/a/amalhotr/ScoutingPFRun3/ScoutingData_2024H_TreeMakerRedone/251209_202708/0000/ScoutingTree_Output_254.root with 8410553 entries.
Tree opened successfully.
Total entries = 8410553

=====================================
=== Progress: 10% reached at entry 841055 ===
=====================================

=====================================
=== Progress: 20% reached at entry 1682110 ===
=====================================

=====================================
=== Progress: 30% reached at entry 2523165 ===
=====================================

=====================================
=== Progress: 40% reached at entry 3364221 ===
=====================================

=====================================
=== Progress: 50% reached at entry 4205276 ===
=====================================

=====================================
=== Progress: 60% reached at entry 5046331 ===
=====================================

=====================================
=== Progress: 70% reached at entry 5887387 ===
=====================================

=====================================
=== Progress: 80% reached at entry 6728442 ===
=====================================

=====================================
=== Progress: 90% reached at entry 7569497 ===
=====================================

Opening file: /eos/user/a/amalhotr/ScoutingPFRun3/ScoutingData_2024H_TreeMakerRedone/251209_202708/0000/ScoutingTree_Output_255.root
Opened file /eos/user/a/amalhotr/ScoutingPFRun3/ScoutingData_2024H_TreeMakerRedone/251209_202708/0000/ScoutingTree_Output_255.root with 8481621 entries.
Tree opened successfully.
Total entries = 8481621

=====================================
=== Progress: 10% reached at entry 848162 ===
=====================================

=====================================
=== Progress: 20% reached at entry 1696324 ===
=====================================

=====================================
=== Progress: 30% reached at entry 2544486 ===
=====================================

=====================================
=== Progress: 40% reached at entry 3392648 ===
=====================================

=====================================
=== Progress: 50% reached at entry 4240810 ===
=====================================

=====================================
=== Progress: 60% reached at entry 5088972 ===
=====================================

=====================================
=== Progress: 70% reached at entry 5937134 ===
=====================================

=====================================
=== Progress: 80% reached at entry 6785296 ===
=====================================

=====================================
=== Progress: 90% reached at entry 7633458 ===
=====================================

Finished Tree2PlotsRun3 scan.
