/pool/condor/dir_887462

Opening file: /eos/user/a/amalhotr/ScoutingPFRun3/ScoutingData_2024H_TreeMakerRedone/251209_202708/0000/ScoutingTree_Output_551.root
Opened file /eos/user/a/amalhotr/ScoutingPFRun3/ScoutingData_2024H_TreeMakerRedone/251209_202708/0000/ScoutingTree_Output_551.root with 8361063 entries.
Tree opened successfully.
Total entries = 8361063

=====================================
=== Progress: 10% reached at entry 836106 ===
=====================================

=====================================
=== Progress: 20% reached at entry 1672212 ===
=====================================

=====================================
=== Progress: 30% reached at entry 2508318 ===
=====================================

=====================================
=== Progress: 40% reached at entry 3344425 ===
=====================================

=====================================
=== Progress: 50% reached at entry 4180531 ===
=====================================

=====================================
=== Progress: 60% reached at entry 5016637 ===
=====================================

=====================================
=== Progress: 70% reached at entry 5852744 ===
=====================================

=====================================
=== Progress: 80% reached at entry 6688850 ===
=====================================

=====================================
=== Progress: 90% reached at entry 7524956 ===
=====================================

Opening file: /eos/user/a/amalhotr/ScoutingPFRun3/ScoutingData_2024H_TreeMakerRedone/251209_202708/0000/ScoutingTree_Output_552.root
Opened file /eos/user/a/amalhotr/ScoutingPFRun3/ScoutingData_2024H_TreeMakerRedone/251209_202708/0000/ScoutingTree_Output_552.root with 8231201 entries.
Tree opened successfully.
Total entries = 8231201

=====================================
=== Progress: 10% reached at entry 823120 ===
=====================================

=====================================
=== Progress: 20% reached at entry 1646240 ===
=====================================

=====================================
=== Progress: 30% reached at entry 2469360 ===
=====================================

=====================================
=== Progress: 40% reached at entry 3292480 ===
=====================================

=====================================
=== Progress: 50% reached at entry 4115600 ===
=====================================

=====================================
=== Progress: 60% reached at entry 4938720 ===
=====================================

=====================================
=== Progress: 70% reached at entry 5761840 ===
=====================================

=====================================
=== Progress: 80% reached at entry 6584960 ===
=====================================

=====================================
=== Progress: 90% reached at entry 7408080 ===
=====================================

Opening file: /eos/user/a/amalhotr/ScoutingPFRun3/ScoutingData_2024H_TreeMakerRedone/251209_202708/0000/ScoutingTree_Output_553.root
Opened file /eos/user/a/amalhotr/ScoutingPFRun3/ScoutingData_2024H_TreeMakerRedone/251209_202708/0000/ScoutingTree_Output_553.root with 8079509 entries.
Tree opened successfully.
Total entries = 8079509

=====================================
=== Progress: 10% reached at entry 807950 ===
=====================================

=====================================
=== Progress: 20% reached at entry 1615901 ===
=====================================

=====================================
=== Progress: 30% reached at entry 2423852 ===
=====================================

=====================================
=== Progress: 40% reached at entry 3231803 ===
=====================================

=====================================
=== Progress: 50% reached at entry 4039754 ===
=====================================

=====================================
=== Progress: 60% reached at entry 4847705 ===
=====================================

=====================================
=== Progress: 70% reached at entry 5655656 ===
=====================================

=====================================
=== Progress: 80% reached at entry 6463607 ===
=====================================

=====================================
=== Progress: 90% reached at entry 7271558 ===
=====================================

Opening file: /eos/user/a/amalhotr/ScoutingPFRun3/ScoutingData_2024H_TreeMakerRedone/251209_202708/0000/ScoutingTree_Output_554.root
Opened file /eos/user/a/amalhotr/ScoutingPFRun3/ScoutingData_2024H_TreeMakerRedone/251209_202708/0000/ScoutingTree_Output_554.root with 8401935 entries.
Tree opened successfully.
Total entries = 8401935

=====================================
=== Progress: 10% reached at entry 840193 ===
=====================================

=====================================
=== Progress: 20% reached at entry 1680387 ===
=====================================

=====================================
=== Progress: 30% reached at entry 2520580 ===
=====================================

=====================================
=== Progress: 40% reached at entry 3360774 ===
=====================================

=====================================
=== Progress: 50% reached at entry 4200967 ===
=====================================

=====================================
=== Progress: 60% reached at entry 5041161 ===
=====================================

=====================================
=== Progress: 70% reached at entry 5881354 ===
=====================================

=====================================
=== Progress: 80% reached at entry 6721548 ===
=====================================

=====================================
=== Progress: 90% reached at entry 7561741 ===
=====================================

Finished Tree2PlotsRun3 scan.
