000 (14418853.000.000) 01/26 10:44:39 Job submitted from host: <188.184.90.62:9618?addrs=188.184.90.62-9618+[2001-1458-201-e4--100-238]-9618&alias=bigbird16.cern.ch&noUDP&sock=schedd_5196_9a2f>
...
040 (14418853.000.000) 01/26 10:49:16 Started transferring input files
	Transferring to host: <188.185.195.9:9618?addrs=188.185.195.9-9618+[2001-1458-303-22--100-5]-9618&alias=b9p17p4096.cern.ch&noUDP&sock=slot1_30_3058_6335_3621>
...
040 (14418853.000.000) 01/26 10:49:16 Finished transferring input files
...
001 (14418853.000.000) 01/26 10:49:17 Job executing on host: <188.185.195.9:9618?addrs=188.185.195.9-9618+[2001-1458-303-22--100-5]-9618&alias=b9p17p4096.cern.ch&noUDP&sock=startd_2542_2dd5>
	SlotName: slot1_30@b9p17p4096.cern.ch
	CondorScratchDir = "/pool/condor/dir_3377429"
	Cpus = 1
	Disk = 3827
	GPUs = 0
	Memory = 3000
...
006 (14418853.000.000) 01/26 10:49:30 Image size of job updated: 143852
	141  -  MemoryUsage of job (MB)
	143852  -  ResidentSetSize of job (KB)
...
006 (14418853.000.000) 01/26 10:54:30 Image size of job updated: 848504
	804  -  MemoryUsage of job (MB)
	822720  -  ResidentSetSize of job (KB)
...
040 (14418853.000.000) 01/26 10:56:54 Started transferring output files
...
040 (14418853.000.000) 01/26 10:56:54 Finished transferring output files
...
005 (14418853.000.000) 01/26 10:56:54 Job terminated.
	(1) Normal termination (return value 0)
		Usr 0 00:06:20, Sys 0 00:00:09  -  Run Remote Usage
		Usr 0 00:00:00, Sys 0 00:00:00  -  Run Local Usage
		Usr 0 00:06:20, Sys 0 00:00:09  -  Total Remote Usage
		Usr 0 00:00:00, Sys 0 00:00:00  -  Total Local Usage
	13163  -  Run Bytes Sent By Job
	317  -  Run Bytes Received By Job
	13163  -  Total Bytes Sent By Job
	317  -  Total Bytes Received By Job
	Partitionable Resources :    Usage  Request Allocated 
	   Cpus                 :        0        1         1 
	   Disk (KB)            :       36        1      3827 
	   GPUs                 :                           0 
	   Memory (MB)          :      804     3000      3000 
	   TimeExecute (s)      :      457                    
	   TimeSlotBusy (s)     :      459                    

	Job terminated of its own accord at 2026-01-26T09:56:54Z with exit-code 0.
...
