/pool/condor/dir_1001407

Opening file: /eos/user/a/amalhotr/ScoutingPFRun3/ScoutingData_2024H_TreeMakerRedone/251209_202708/0000/ScoutingTree_Output_313.root
Opened file /eos/user/a/amalhotr/ScoutingPFRun3/ScoutingData_2024H_TreeMakerRedone/251209_202708/0000/ScoutingTree_Output_313.root with 11149936 entries.
Tree opened successfully.
Total entries = 11149936

=====================================
=== Progress: 10% reached at entry 1114993 ===
=====================================

=====================================
=== Progress: 20% reached at entry 2229987 ===
=====================================

=====================================
=== Progress: 30% reached at entry 3344980 ===
=====================================

=====================================
=== Progress: 40% reached at entry 4459974 ===
=====================================

=====================================
=== Progress: 50% reached at entry 5574968 ===
=====================================

=====================================
=== Progress: 60% reached at entry 6689961 ===
=====================================

=====================================
=== Progress: 70% reached at entry 7804955 ===
=====================================

=====================================
=== Progress: 80% reached at entry 8919948 ===
=====================================

=====================================
=== Progress: 90% reached at entry 10034942 ===
=====================================

Opening file: /eos/user/a/amalhotr/ScoutingPFRun3/ScoutingData_2024H_TreeMakerRedone/251209_202708/0000/ScoutingTree_Output_314.root
Opened file /eos/user/a/amalhotr/ScoutingPFRun3/ScoutingData_2024H_TreeMakerRedone/251209_202708/0000/ScoutingTree_Output_314.root with 11404663 entries.
Tree opened successfully.
Total entries = 11404663

=====================================
=== Progress: 10% reached at entry 1140466 ===
=====================================

=====================================
=== Progress: 20% reached at entry 2280932 ===
=====================================

=====================================
=== Progress: 30% reached at entry 3421398 ===
=====================================

=====================================
=== Progress: 40% reached at entry 4561865 ===
=====================================

=====================================
=== Progress: 50% reached at entry 5702331 ===
=====================================

=====================================
=== Progress: 60% reached at entry 6842797 ===
=====================================

=====================================
=== Progress: 70% reached at entry 7983264 ===
=====================================

=====================================
=== Progress: 80% reached at entry 9123730 ===
=====================================

=====================================
=== Progress: 90% reached at entry 10264196 ===
=====================================

Opening file: /eos/user/a/amalhotr/ScoutingPFRun3/ScoutingData_2024H_TreeMakerRedone/251209_202708/0000/ScoutingTree_Output_315.root
Opened file /eos/user/a/amalhotr/ScoutingPFRun3/ScoutingData_2024H_TreeMakerRedone/251209_202708/0000/ScoutingTree_Output_315.root with 11521226 entries.
Tree opened successfully.
Total entries = 11521226

=====================================
=== Progress: 10% reached at entry 1152122 ===
=====================================

=====================================
=== Progress: 20% reached at entry 2304245 ===
=====================================

=====================================
=== Progress: 30% reached at entry 3456367 ===
=====================================

=====================================
=== Progress: 40% reached at entry 4608490 ===
=====================================

=====================================
=== Progress: 50% reached at entry 5760613 ===
=====================================

=====================================
=== Progress: 60% reached at entry 6912735 ===
=====================================

=====================================
=== Progress: 70% reached at entry 8064858 ===
=====================================

=====================================
=== Progress: 80% reached at entry 9216980 ===
=====================================

=====================================
=== Progress: 90% reached at entry 10369103 ===
=====================================

Opening file: /eos/user/a/amalhotr/ScoutingPFRun3/ScoutingData_2024H_TreeMakerRedone/251209_202708/0000/ScoutingTree_Output_316.root
Opened file /eos/user/a/amalhotr/ScoutingPFRun3/ScoutingData_2024H_TreeMakerRedone/251209_202708/0000/ScoutingTree_Output_316.root with 11730993 entries.
Tree opened successfully.
Total entries = 11730993

=====================================
=== Progress: 10% reached at entry 1173099 ===
=====================================

=====================================
=== Progress: 20% reached at entry 2346198 ===
=====================================

=====================================
=== Progress: 30% reached at entry 3519297 ===
=====================================

=====================================
=== Progress: 40% reached at entry 4692397 ===
=====================================

=====================================
=== Progress: 50% reached at entry 5865496 ===
=====================================

=====================================
=== Progress: 60% reached at entry 7038595 ===
=====================================

=====================================
=== Progress: 70% reached at entry 8211695 ===
=====================================

=====================================
=== Progress: 80% reached at entry 9384794 ===
=====================================

=====================================
=== Progress: 90% reached at entry 10557893 ===
=====================================

Finished Tree2PlotsRun3 scan.
