000 (14418788.000.000) 01/26 10:11:28 Job submitted from host: <188.184.90.62:9618?addrs=188.184.90.62-9618+[2001-1458-201-e4--100-238]-9618&alias=bigbird16.cern.ch&noUDP&sock=schedd_5196_9a2f>
...
040 (14418788.000.000) 01/26 10:14:06 Started transferring input files
	Transferring to host: <188.185.210.175:9618?addrs=188.185.210.175-9618+[2001-1458-303-15--100-2b]-9618&alias=b9p22p5637.cern.ch&noUDP&sock=slot1_31_3832953_e233_64897>
...
040 (14418788.000.000) 01/26 10:14:06 Finished transferring input files
...
001 (14418788.000.000) 01/26 10:14:07 Job executing on host: <188.185.210.175:9618?addrs=188.185.210.175-9618+[2001-1458-303-15--100-2b]-9618&alias=b9p22p5637.cern.ch&noUDP&sock=startd_3896_e911>
	SlotName: slot1_31@b9p22p5637.cern.ch
	CondorScratchDir = "/pool/condor/dir_1609660"
	Cpus = 1
	Disk = 3864
	GPUs = 0
	Memory = 3000
...
006 (14418788.000.000) 01/26 10:14:20 Image size of job updated: 134892
	132  -  MemoryUsage of job (MB)
	134892  -  ResidentSetSize of job (KB)
...
006 (14418788.000.000) 01/26 10:19:20 Image size of job updated: 760240
	740  -  MemoryUsage of job (MB)
	757348  -  ResidentSetSize of job (KB)
...
006 (14418788.000.000) 01/26 10:21:20 Image size of job updated: 770180
	740  -  MemoryUsage of job (MB)
	757348  -  ResidentSetSize of job (KB)
...
040 (14418788.000.000) 01/26 10:21:20 Started transferring output files
...
040 (14418788.000.000) 01/26 10:21:20 Finished transferring output files
...
005 (14418788.000.000) 01/26 10:21:21 Job terminated.
	(1) Normal termination (return value 0)
		Usr 0 00:05:22, Sys 0 00:00:15  -  Run Remote Usage
		Usr 0 00:00:00, Sys 0 00:00:00  -  Run Local Usage
		Usr 0 00:05:22, Sys 0 00:00:15  -  Total Remote Usage
		Usr 0 00:00:00, Sys 0 00:00:00  -  Total Local Usage
	12872  -  Run Bytes Sent By Job
	317  -  Run Bytes Received By Job
	12872  -  Total Bytes Sent By Job
	317  -  Total Bytes Received By Job
	Partitionable Resources :    Usage  Request Allocated 
	   Cpus                 :        0        1         1 
	   Disk (KB)            :       36        1      3864 
	   GPUs                 :                           0 
	   Memory (MB)          :      740     3000      3000 
	   TimeExecute (s)      :      433                    
	   TimeSlotBusy (s)     :      435                    

	Job terminated of its own accord at 2026-01-26T09:21:20Z with exit-code 0.
...
