/pool/condor/dir_3313911

Opening file: /eos/user/a/amalhotr/ScoutingPFRun3/ScoutingData_2024H_TreeMakerRedone/251209_202708/0000/ScoutingTree_Output_566.root
Opened file /eos/user/a/amalhotr/ScoutingPFRun3/ScoutingData_2024H_TreeMakerRedone/251209_202708/0000/ScoutingTree_Output_566.root with 7620429 entries.
Tree opened successfully.
Total entries = 7620429

=====================================
=== Progress: 10% reached at entry 762042 ===
=====================================

=====================================
=== Progress: 20% reached at entry 1524085 ===
=====================================

=====================================
=== Progress: 30% reached at entry 2286128 ===
=====================================

=====================================
=== Progress: 40% reached at entry 3048171 ===
=====================================

=====================================
=== Progress: 50% reached at entry 3810214 ===
=====================================

=====================================
=== Progress: 60% reached at entry 4572257 ===
=====================================

=====================================
=== Progress: 70% reached at entry 5334300 ===
=====================================

=====================================
=== Progress: 80% reached at entry 6096343 ===
=====================================

=====================================
=== Progress: 90% reached at entry 6858386 ===
=====================================

Opening file: /eos/user/a/amalhotr/ScoutingPFRun3/ScoutingData_2024H_TreeMakerRedone/251209_202708/0000/ScoutingTree_Output_567.root
Opened file /eos/user/a/amalhotr/ScoutingPFRun3/ScoutingData_2024H_TreeMakerRedone/251209_202708/0000/ScoutingTree_Output_567.root with 7901730 entries.
Tree opened successfully.
Total entries = 7901730

=====================================
=== Progress: 10% reached at entry 790173 ===
=====================================

=====================================
=== Progress: 20% reached at entry 1580346 ===
=====================================

=====================================
=== Progress: 30% reached at entry 2370519 ===
=====================================

=====================================
=== Progress: 40% reached at entry 3160692 ===
=====================================

=====================================
=== Progress: 50% reached at entry 3950865 ===
=====================================

=====================================
=== Progress: 60% reached at entry 4741038 ===
=====================================

=====================================
=== Progress: 70% reached at entry 5531211 ===
=====================================

=====================================
=== Progress: 80% reached at entry 6321384 ===
=====================================

=====================================
=== Progress: 90% reached at entry 7111557 ===
=====================================

Opening file: /eos/user/a/amalhotr/ScoutingPFRun3/ScoutingData_2024H_TreeMakerRedone/251209_202708/0000/ScoutingTree_Output_568.root
Opened file /eos/user/a/amalhotr/ScoutingPFRun3/ScoutingData_2024H_TreeMakerRedone/251209_202708/0000/ScoutingTree_Output_568.root with 7979198 entries.
Tree opened successfully.
Total entries = 7979198

=====================================
=== Progress: 10% reached at entry 797919 ===
=====================================

=====================================
=== Progress: 20% reached at entry 1595839 ===
=====================================

=====================================
=== Progress: 30% reached at entry 2393759 ===
=====================================

=====================================
=== Progress: 40% reached at entry 3191679 ===
=====================================

=====================================
=== Progress: 50% reached at entry 3989599 ===
=====================================

=====================================
=== Progress: 60% reached at entry 4787518 ===
=====================================

=====================================
=== Progress: 70% reached at entry 5585438 ===
=====================================

=====================================
=== Progress: 80% reached at entry 6383358 ===
=====================================

=====================================
=== Progress: 90% reached at entry 7181278 ===
=====================================

Opening file: /eos/user/a/amalhotr/ScoutingPFRun3/ScoutingData_2024H_TreeMakerRedone/251209_202708/0000/ScoutingTree_Output_569.root
Opened file /eos/user/a/amalhotr/ScoutingPFRun3/ScoutingData_2024H_TreeMakerRedone/251209_202708/0000/ScoutingTree_Output_569.root with 7982833 entries.
Tree opened successfully.
Total entries = 7982833

=====================================
=== Progress: 10% reached at entry 798283 ===
=====================================

=====================================
=== Progress: 20% reached at entry 1596566 ===
=====================================

=====================================
=== Progress: 30% reached at entry 2394849 ===
=====================================

=====================================
=== Progress: 40% reached at entry 3193133 ===
=====================================

=====================================
=== Progress: 50% reached at entry 3991416 ===
=====================================

=====================================
=== Progress: 60% reached at entry 4789699 ===
=====================================

=====================================
=== Progress: 70% reached at entry 5587983 ===
=====================================

=====================================
=== Progress: 80% reached at entry 6386266 ===
=====================================

=====================================
=== Progress: 90% reached at entry 7184549 ===
=====================================

Finished Tree2PlotsRun3 scan.
