/pool/condor/dir_315412

Opening file: /eos/user/a/amalhotr/ScoutingPFRun3/ScoutingData_2024H_TreeMakerRedone/251209_202708/0000/ScoutingTree_Output_537.root
Opened file /eos/user/a/amalhotr/ScoutingPFRun3/ScoutingData_2024H_TreeMakerRedone/251209_202708/0000/ScoutingTree_Output_537.root with 7814622 entries.
Tree opened successfully.
Total entries = 7814622

=====================================
=== Progress: 10% reached at entry 781462 ===
=====================================

=====================================
=== Progress: 20% reached at entry 1562924 ===
=====================================

=====================================
=== Progress: 30% reached at entry 2344386 ===
=====================================

=====================================
=== Progress: 40% reached at entry 3125848 ===
=====================================

=====================================
=== Progress: 50% reached at entry 3907311 ===
=====================================

=====================================
=== Progress: 60% reached at entry 4688773 ===
=====================================

=====================================
=== Progress: 70% reached at entry 5470235 ===
=====================================

=====================================
=== Progress: 80% reached at entry 6251697 ===
=====================================

=====================================
=== Progress: 90% reached at entry 7033159 ===
=====================================

Opening file: /eos/user/a/amalhotr/ScoutingPFRun3/ScoutingData_2024H_TreeMakerRedone/251209_202708/0000/ScoutingTree_Output_538.root
Opened file /eos/user/a/amalhotr/ScoutingPFRun3/ScoutingData_2024H_TreeMakerRedone/251209_202708/0000/ScoutingTree_Output_538.root with 8145144 entries.
Tree opened successfully.
Total entries = 8145144

=====================================
=== Progress: 10% reached at entry 814514 ===
=====================================

=====================================
=== Progress: 20% reached at entry 1629028 ===
=====================================

=====================================
=== Progress: 30% reached at entry 2443543 ===
=====================================

=====================================
=== Progress: 40% reached at entry 3258057 ===
=====================================

=====================================
=== Progress: 50% reached at entry 4072572 ===
=====================================

=====================================
=== Progress: 60% reached at entry 4887086 ===
=====================================

=====================================
=== Progress: 70% reached at entry 5701600 ===
=====================================

=====================================
=== Progress: 80% reached at entry 6516115 ===
=====================================

=====================================
=== Progress: 90% reached at entry 7330629 ===
=====================================

Opening file: /eos/user/a/amalhotr/ScoutingPFRun3/ScoutingData_2024H_TreeMakerRedone/251209_202708/0000/ScoutingTree_Output_539.root
Opened file /eos/user/a/amalhotr/ScoutingPFRun3/ScoutingData_2024H_TreeMakerRedone/251209_202708/0000/ScoutingTree_Output_539.root with 8211212 entries.
Tree opened successfully.
Total entries = 8211212

=====================================
=== Progress: 10% reached at entry 821121 ===
=====================================

=====================================
=== Progress: 20% reached at entry 1642242 ===
=====================================

=====================================
=== Progress: 30% reached at entry 2463363 ===
=====================================

=====================================
=== Progress: 40% reached at entry 3284484 ===
=====================================

=====================================
=== Progress: 50% reached at entry 4105606 ===
=====================================

=====================================
=== Progress: 60% reached at entry 4926727 ===
=====================================

=====================================
=== Progress: 70% reached at entry 5747848 ===
=====================================

=====================================
=== Progress: 80% reached at entry 6568969 ===
=====================================

=====================================
=== Progress: 90% reached at entry 7390090 ===
=====================================

Opening file: /eos/user/a/amalhotr/ScoutingPFRun3/ScoutingData_2024H_TreeMakerRedone/251209_202708/0000/ScoutingTree_Output_53.root
Opened file /eos/user/a/amalhotr/ScoutingPFRun3/ScoutingData_2024H_TreeMakerRedone/251209_202708/0000/ScoutingTree_Output_53.root with 8363869 entries.
Tree opened successfully.
Total entries = 8363869

=====================================
=== Progress: 10% reached at entry 836386 ===
=====================================

=====================================
=== Progress: 20% reached at entry 1672773 ===
=====================================

=====================================
=== Progress: 30% reached at entry 2509160 ===
=====================================

=====================================
=== Progress: 40% reached at entry 3345547 ===
=====================================

=====================================
=== Progress: 50% reached at entry 4181934 ===
=====================================

=====================================
=== Progress: 60% reached at entry 5018321 ===
=====================================

=====================================
=== Progress: 70% reached at entry 5854708 ===
=====================================

=====================================
=== Progress: 80% reached at entry 6691095 ===
=====================================

=====================================
=== Progress: 90% reached at entry 7527482 ===
=====================================

Finished Tree2PlotsRun3 scan.
