000 (14420256.000.000) 01/26 11:56:02 Job submitted from host: <188.184.90.62:9618?addrs=188.184.90.62-9618+[2001-1458-201-e4--100-238]-9618&alias=bigbird16.cern.ch&noUDP&sock=schedd_5196_9a2f>
...
040 (14420256.000.000) 01/26 11:56:23 Started transferring input files
	Transferring to host: <188.185.193.101:9618?addrs=188.185.193.101-9618+[2001-1458-303-20--100-61]-9618&alias=b9p19p6122.cern.ch&noUDP&sock=slot1_45_5526_511a_122107>
...
001 (14420256.000.000) 01/26 11:56:27 Job executing on host: <188.185.193.101:9618?addrs=188.185.193.101-9618+[2001-1458-303-20--100-61]-9618&alias=b9p19p6122.cern.ch&noUDP&sock=startd_4312_4077>
	SlotName: slot1_45@b9p19p6122.cern.ch
	CondorScratchDir = "/pool/condor/dir_1398786"
	Cpus = 1
	Disk = 3825
	GPUs = 0
	Memory = 3000
...
040 (14420256.000.000) 01/26 11:56:27 Finished transferring input files
...
006 (14420256.000.000) 01/26 11:56:40 Image size of job updated: 124872
	122  -  MemoryUsage of job (MB)
	124872  -  ResidentSetSize of job (KB)
...
006 (14420256.000.000) 01/26 12:01:40 Image size of job updated: 794644
	770  -  MemoryUsage of job (MB)
	787852  -  ResidentSetSize of job (KB)
...
040 (14420256.000.000) 01/26 12:03:35 Started transferring output files
...
040 (14420256.000.000) 01/26 12:03:35 Finished transferring output files
...
005 (14420256.000.000) 01/26 12:03:35 Job terminated.
	(1) Normal termination (return value 0)
		Usr 0 00:05:31, Sys 0 00:00:10  -  Run Remote Usage
		Usr 0 00:00:00, Sys 0 00:00:00  -  Run Local Usage
		Usr 0 00:05:31, Sys 0 00:00:10  -  Total Remote Usage
		Usr 0 00:00:00, Sys 0 00:00:00  -  Total Local Usage
	13163  -  Run Bytes Sent By Job
	317  -  Run Bytes Received By Job
	13163  -  Total Bytes Sent By Job
	317  -  Total Bytes Received By Job
	Partitionable Resources :    Usage  Request Allocated 
	   Cpus                 :        0        1         1 
	   Disk (KB)            :       36        1      3825 
	   GPUs                 :                           0 
	   Memory (MB)          :      770     3000      3000 
	   TimeExecute (s)      :      428                    
	   TimeSlotBusy (s)     :      433                    

	Job terminated of its own accord at 2026-01-26T11:03:35Z with exit-code 0.
...
