/pool/condor/dir_687592

Opening file: /eos/user/a/amalhotr/ScoutingPFRun3/ScoutingData_2024H_TreeMakerRedone/251209_202708/0000/ScoutingTree_Output_230.root
Opened file /eos/user/a/amalhotr/ScoutingPFRun3/ScoutingData_2024H_TreeMakerRedone/251209_202708/0000/ScoutingTree_Output_230.root with 8438558 entries.
Tree opened successfully.
Total entries = 8438558

=====================================
=== Progress: 10% reached at entry 843855 ===
=====================================

=====================================
=== Progress: 20% reached at entry 1687711 ===
=====================================

=====================================
=== Progress: 30% reached at entry 2531567 ===
=====================================

=====================================
=== Progress: 40% reached at entry 3375423 ===
=====================================

=====================================
=== Progress: 50% reached at entry 4219279 ===
=====================================

=====================================
=== Progress: 60% reached at entry 5063134 ===
=====================================

=====================================
=== Progress: 70% reached at entry 5906990 ===
=====================================

=====================================
=== Progress: 80% reached at entry 6750846 ===
=====================================

=====================================
=== Progress: 90% reached at entry 7594702 ===
=====================================

Opening file: /eos/user/a/amalhotr/ScoutingPFRun3/ScoutingData_2024H_TreeMakerRedone/251209_202708/0000/ScoutingTree_Output_231.root
Opened file /eos/user/a/amalhotr/ScoutingPFRun3/ScoutingData_2024H_TreeMakerRedone/251209_202708/0000/ScoutingTree_Output_231.root with 8233594 entries.
Tree opened successfully.
Total entries = 8233594

=====================================
=== Progress: 10% reached at entry 823359 ===
=====================================

=====================================
=== Progress: 20% reached at entry 1646718 ===
=====================================

=====================================
=== Progress: 30% reached at entry 2470078 ===
=====================================

=====================================
=== Progress: 40% reached at entry 3293437 ===
=====================================

=====================================
=== Progress: 50% reached at entry 4116797 ===
=====================================

=====================================
=== Progress: 60% reached at entry 4940156 ===
=====================================

=====================================
=== Progress: 70% reached at entry 5763515 ===
=====================================

=====================================
=== Progress: 80% reached at entry 6586875 ===
=====================================

=====================================
=== Progress: 90% reached at entry 7410234 ===
=====================================

Opening file: /eos/user/a/amalhotr/ScoutingPFRun3/ScoutingData_2024H_TreeMakerRedone/251209_202708/0000/ScoutingTree_Output_232.root
Opened file /eos/user/a/amalhotr/ScoutingPFRun3/ScoutingData_2024H_TreeMakerRedone/251209_202708/0000/ScoutingTree_Output_232.root with 8176204 entries.
Tree opened successfully.
Total entries = 8176204

=====================================
=== Progress: 10% reached at entry 817620 ===
=====================================

=====================================
=== Progress: 20% reached at entry 1635240 ===
=====================================

=====================================
=== Progress: 30% reached at entry 2452861 ===
=====================================

=====================================
=== Progress: 40% reached at entry 3270481 ===
=====================================

=====================================
=== Progress: 50% reached at entry 4088102 ===
=====================================

=====================================
=== Progress: 60% reached at entry 4905722 ===
=====================================

=====================================
=== Progress: 70% reached at entry 5723342 ===
=====================================

=====================================
=== Progress: 80% reached at entry 6540963 ===
=====================================

=====================================
=== Progress: 90% reached at entry 7358583 ===
=====================================

Opening file: /eos/user/a/amalhotr/ScoutingPFRun3/ScoutingData_2024H_TreeMakerRedone/251209_202708/0000/ScoutingTree_Output_233.root
Opened file /eos/user/a/amalhotr/ScoutingPFRun3/ScoutingData_2024H_TreeMakerRedone/251209_202708/0000/ScoutingTree_Output_233.root with 8517844 entries.
Tree opened successfully.
Total entries = 8517844

=====================================
=== Progress: 10% reached at entry 851784 ===
=====================================

=====================================
=== Progress: 20% reached at entry 1703568 ===
=====================================

=====================================
=== Progress: 30% reached at entry 2555353 ===
=====================================

=====================================
=== Progress: 40% reached at entry 3407137 ===
=====================================

=====================================
=== Progress: 50% reached at entry 4258922 ===
=====================================

=====================================
=== Progress: 60% reached at entry 5110706 ===
=====================================

=====================================
=== Progress: 70% reached at entry 5962490 ===
=====================================

=====================================
=== Progress: 80% reached at entry 6814275 ===
=====================================

=====================================
=== Progress: 90% reached at entry 7666059 ===
=====================================

Finished Tree2PlotsRun3 scan.
