/pool/condor/dir_1628706

Opening file: /eos/user/a/amalhotr/ScoutingPFRun3/ScoutingData_2024H_TreeMakerRedone/251209_202708/0000/ScoutingTree_Output_256.root
Opened file /eos/user/a/amalhotr/ScoutingPFRun3/ScoutingData_2024H_TreeMakerRedone/251209_202708/0000/ScoutingTree_Output_256.root with 8453079 entries.
Tree opened successfully.
Total entries = 8453079

=====================================
=== Progress: 10% reached at entry 845307 ===
=====================================

=====================================
=== Progress: 20% reached at entry 1690615 ===
=====================================

=====================================
=== Progress: 30% reached at entry 2535923 ===
=====================================

=====================================
=== Progress: 40% reached at entry 3381231 ===
=====================================

=====================================
=== Progress: 50% reached at entry 4226539 ===
=====================================

=====================================
=== Progress: 60% reached at entry 5071847 ===
=====================================

=====================================
=== Progress: 70% reached at entry 5917155 ===
=====================================

=====================================
=== Progress: 80% reached at entry 6762463 ===
=====================================

=====================================
=== Progress: 90% reached at entry 7607771 ===
=====================================

Opening file: /eos/user/a/amalhotr/ScoutingPFRun3/ScoutingData_2024H_TreeMakerRedone/251209_202708/0000/ScoutingTree_Output_257.root
Opened file /eos/user/a/amalhotr/ScoutingPFRun3/ScoutingData_2024H_TreeMakerRedone/251209_202708/0000/ScoutingTree_Output_257.root with 8647959 entries.
Tree opened successfully.
Total entries = 8647959

=====================================
=== Progress: 10% reached at entry 864795 ===
=====================================

=====================================
=== Progress: 20% reached at entry 1729591 ===
=====================================

=====================================
=== Progress: 30% reached at entry 2594387 ===
=====================================

=====================================
=== Progress: 40% reached at entry 3459183 ===
=====================================

=====================================
=== Progress: 50% reached at entry 4323979 ===
=====================================

=====================================
=== Progress: 60% reached at entry 5188775 ===
=====================================

=====================================
=== Progress: 70% reached at entry 6053571 ===
=====================================

=====================================
=== Progress: 80% reached at entry 6918367 ===
=====================================

=====================================
=== Progress: 90% reached at entry 7783163 ===
=====================================

Opening file: /eos/user/a/amalhotr/ScoutingPFRun3/ScoutingData_2024H_TreeMakerRedone/251209_202708/0000/ScoutingTree_Output_258.root
Opened file /eos/user/a/amalhotr/ScoutingPFRun3/ScoutingData_2024H_TreeMakerRedone/251209_202708/0000/ScoutingTree_Output_258.root with 8530459 entries.
Tree opened successfully.
Total entries = 8530459

=====================================
=== Progress: 10% reached at entry 853045 ===
=====================================

=====================================
=== Progress: 20% reached at entry 1706091 ===
=====================================

=====================================
=== Progress: 30% reached at entry 2559137 ===
=====================================

=====================================
=== Progress: 40% reached at entry 3412183 ===
=====================================

=====================================
=== Progress: 50% reached at entry 4265229 ===
=====================================

=====================================
=== Progress: 60% reached at entry 5118275 ===
=====================================

=====================================
=== Progress: 70% reached at entry 5971321 ===
=====================================

=====================================
=== Progress: 80% reached at entry 6824367 ===
=====================================

=====================================
=== Progress: 90% reached at entry 7677413 ===
=====================================

Opening file: /eos/user/a/amalhotr/ScoutingPFRun3/ScoutingData_2024H_TreeMakerRedone/251209_202708/0000/ScoutingTree_Output_259.root
Opened file /eos/user/a/amalhotr/ScoutingPFRun3/ScoutingData_2024H_TreeMakerRedone/251209_202708/0000/ScoutingTree_Output_259.root with 8649227 entries.
Tree opened successfully.
Total entries = 8649227

=====================================
=== Progress: 10% reached at entry 864922 ===
=====================================

=====================================
=== Progress: 20% reached at entry 1729845 ===
=====================================

=====================================
=== Progress: 30% reached at entry 2594768 ===
=====================================

=====================================
=== Progress: 40% reached at entry 3459690 ===
=====================================

=====================================
=== Progress: 50% reached at entry 4324613 ===
=====================================

=====================================
=== Progress: 60% reached at entry 5189536 ===
=====================================

=====================================
=== Progress: 70% reached at entry 6054458 ===
=====================================

=====================================
=== Progress: 80% reached at entry 6919381 ===
=====================================

=====================================
=== Progress: 90% reached at entry 7784304 ===
=====================================

Finished Tree2PlotsRun3 scan.
