000 (14420239.000.000) 01/26 11:55:56 Job submitted from host: <188.184.90.62:9618?addrs=188.184.90.62-9618+[2001-1458-201-e4--100-238]-9618&alias=bigbird16.cern.ch&noUDP&sock=schedd_5196_9a2f>
...
040 (14420239.000.000) 01/26 11:56:19 Started transferring input files
	Transferring to host: <188.185.195.152:9618?addrs=188.185.195.152-9618+[2001-1458-303-22--100-94]-9618&alias=b9p17p7151.cern.ch&noUDP&sock=slot1_10_12303_538d_45354>
...
040 (14420239.000.000) 01/26 11:56:19 Finished transferring input files
...
001 (14420239.000.000) 01/26 11:56:20 Job executing on host: <188.185.195.152:9618?addrs=188.185.195.152-9618+[2001-1458-303-22--100-94]-9618&alias=b9p17p7151.cern.ch&noUDP&sock=startd_12240_334d>
	SlotName: slot1_10@b9p17p7151.cern.ch
	CondorScratchDir = "/pool/condor/dir_4066318"
	Cpus = 1
	Disk = 3775
	GPUs = 0
	Memory = 3000
...
006 (14420239.000.000) 01/26 11:56:34 Image size of job updated: 201340
	197  -  MemoryUsage of job (MB)
	201340  -  ResidentSetSize of job (KB)
...
006 (14420239.000.000) 01/26 12:01:35 Image size of job updated: 807844
	783  -  MemoryUsage of job (MB)
	801148  -  ResidentSetSize of job (KB)
...
006 (14420239.000.000) 01/26 12:02:16 Image size of job updated: 809116
	783  -  MemoryUsage of job (MB)
	801148  -  ResidentSetSize of job (KB)
...
040 (14420239.000.000) 01/26 12:02:16 Started transferring output files
...
040 (14420239.000.000) 01/26 12:02:16 Finished transferring output files
...
005 (14420239.000.000) 01/26 12:02:16 Job terminated.
	(1) Normal termination (return value 0)
		Usr 0 00:04:47, Sys 0 00:00:08  -  Run Remote Usage
		Usr 0 00:00:00, Sys 0 00:00:00  -  Run Local Usage
		Usr 0 00:04:47, Sys 0 00:00:08  -  Total Remote Usage
		Usr 0 00:00:00, Sys 0 00:00:00  -  Total Local Usage
	12859  -  Run Bytes Sent By Job
	317  -  Run Bytes Received By Job
	12859  -  Total Bytes Sent By Job
	317  -  Total Bytes Received By Job
	Partitionable Resources :    Usage  Request Allocated 
	   Cpus                 :     0.92        1         1 
	   Disk (KB)            :    36           1      3775 
	   GPUs                 :                           0 
	   Memory (MB)          :   783        3000      3000 
	   TimeExecute (s)      :   356                       
	   TimeSlotBusy (s)     :   364                       

	Job terminated of its own accord at 2026-01-26T11:02:16Z with exit-code 0.
...
