000 (14418811.000.000) 01/26 10:23:24 Job submitted from host: <188.184.90.62:9618?addrs=188.184.90.62-9618+[2001-1458-201-e4--100-238]-9618&alias=bigbird16.cern.ch&noUDP&sock=schedd_5196_9a2f>
...
040 (14418811.000.000) 01/26 10:28:02 Started transferring input files
	Transferring to host: <188.185.207.185:9618?addrs=188.185.207.185-9618+[2001-1458-303-e--100-36]-9618&alias=b9p08p1505.cern.ch&noUDP&sock=slot1_16_9211_bb90_115142>
...
040 (14418811.000.000) 01/26 10:28:02 Finished transferring input files
...
001 (14418811.000.000) 01/26 10:28:03 Job executing on host: <188.185.207.185:9618?addrs=188.185.207.185-9618+[2001-1458-303-e--100-36]-9618&alias=b9p08p1505.cern.ch&noUDP&sock=startd_7990_0dcc>
	SlotName: slot1_16@b9p08p1505.cern.ch
	CondorScratchDir = "/pool/condor/dir_3401182"
	Cpus = 1
	Disk = 3626
	GPUs = 0
	Memory = 3000
...
006 (14418811.000.000) 01/26 10:28:17 Image size of job updated: 175440
	172  -  MemoryUsage of job (MB)
	175440  -  ResidentSetSize of job (KB)
...
006 (14418811.000.000) 01/26 10:33:18 Image size of job updated: 812424
	794  -  MemoryUsage of job (MB)
	812424  -  ResidentSetSize of job (KB)
...
006 (14418811.000.000) 01/26 10:34:04 Image size of job updated: 815908
	794  -  MemoryUsage of job (MB)
	812432  -  ResidentSetSize of job (KB)
...
040 (14418811.000.000) 01/26 10:34:05 Started transferring output files
...
040 (14418811.000.000) 01/26 10:34:05 Finished transferring output files
...
005 (14418811.000.000) 01/26 10:34:05 Job terminated.
	(1) Normal termination (return value 0)
		Usr 0 00:04:01, Sys 0 00:00:10  -  Run Remote Usage
		Usr 0 00:00:00, Sys 0 00:00:00  -  Run Local Usage
		Usr 0 00:04:01, Sys 0 00:00:10  -  Total Remote Usage
		Usr 0 00:00:00, Sys 0 00:00:00  -  Total Local Usage
	12859  -  Run Bytes Sent By Job
	317  -  Run Bytes Received By Job
	12859  -  Total Bytes Sent By Job
	317  -  Total Bytes Received By Job
	Partitionable Resources :    Usage  Request Allocated 
	   Cpus                 :     0.77        1         1 
	   Disk (KB)            :    40           1      3626 
	   GPUs                 :                           0 
	   Memory (MB)          :   794        3000      3000 
	   TimeExecute (s)      :   361                       
	   TimeSlotBusy (s)     :   364                       

	Job terminated of its own accord at 2026-01-26T09:34:04Z with exit-code 0.
...
