/pool/condor/dir_3790741

Opening file: /eos/user/a/amalhotr/ScoutingPFRun3/ScoutingData_2024H_TreeMakerRedone/251209_202708/0000/ScoutingTree_Output_267.root
Opened file /eos/user/a/amalhotr/ScoutingPFRun3/ScoutingData_2024H_TreeMakerRedone/251209_202708/0000/ScoutingTree_Output_267.root with 8307804 entries.
Tree opened successfully.
Total entries = 8307804

=====================================
=== Progress: 10% reached at entry 830780 ===
=====================================

=====================================
=== Progress: 20% reached at entry 1661560 ===
=====================================

=====================================
=== Progress: 30% reached at entry 2492341 ===
=====================================

=====================================
=== Progress: 40% reached at entry 3323121 ===
=====================================

=====================================
=== Progress: 50% reached at entry 4153902 ===
=====================================

=====================================
=== Progress: 60% reached at entry 4984682 ===
=====================================

=====================================
=== Progress: 70% reached at entry 5815462 ===
=====================================

=====================================
=== Progress: 80% reached at entry 6646243 ===
=====================================

=====================================
=== Progress: 90% reached at entry 7477023 ===
=====================================

Opening file: /eos/user/a/amalhotr/ScoutingPFRun3/ScoutingData_2024H_TreeMakerRedone/251209_202708/0000/ScoutingTree_Output_268.root
Opened file /eos/user/a/amalhotr/ScoutingPFRun3/ScoutingData_2024H_TreeMakerRedone/251209_202708/0000/ScoutingTree_Output_268.root with 8406582 entries.
Tree opened successfully.
Total entries = 8406582

=====================================
=== Progress: 10% reached at entry 840658 ===
=====================================

=====================================
=== Progress: 20% reached at entry 1681316 ===
=====================================

=====================================
=== Progress: 30% reached at entry 2521974 ===
=====================================

=====================================
=== Progress: 40% reached at entry 3362632 ===
=====================================

=====================================
=== Progress: 50% reached at entry 4203291 ===
=====================================

=====================================
=== Progress: 60% reached at entry 5043949 ===
=====================================

=====================================
=== Progress: 70% reached at entry 5884607 ===
=====================================

=====================================
=== Progress: 80% reached at entry 6725265 ===
=====================================

=====================================
=== Progress: 90% reached at entry 7565923 ===
=====================================

Opening file: /eos/user/a/amalhotr/ScoutingPFRun3/ScoutingData_2024H_TreeMakerRedone/251209_202708/0000/ScoutingTree_Output_269.root
Opened file /eos/user/a/amalhotr/ScoutingPFRun3/ScoutingData_2024H_TreeMakerRedone/251209_202708/0000/ScoutingTree_Output_269.root with 8513551 entries.
Tree opened successfully.
Total entries = 8513551

=====================================
=== Progress: 10% reached at entry 851355 ===
=====================================

=====================================
=== Progress: 20% reached at entry 1702710 ===
=====================================

=====================================
=== Progress: 30% reached at entry 2554065 ===
=====================================

=====================================
=== Progress: 40% reached at entry 3405420 ===
=====================================

=====================================
=== Progress: 50% reached at entry 4256775 ===
=====================================

=====================================
=== Progress: 60% reached at entry 5108130 ===
=====================================

=====================================
=== Progress: 70% reached at entry 5959485 ===
=====================================

=====================================
=== Progress: 80% reached at entry 6810840 ===
=====================================

=====================================
=== Progress: 90% reached at entry 7662195 ===
=====================================

Opening file: /eos/user/a/amalhotr/ScoutingPFRun3/ScoutingData_2024H_TreeMakerRedone/251209_202708/0000/ScoutingTree_Output_26.root
Opened file /eos/user/a/amalhotr/ScoutingPFRun3/ScoutingData_2024H_TreeMakerRedone/251209_202708/0000/ScoutingTree_Output_26.root with 8004738 entries.
Tree opened successfully.
Total entries = 8004738

=====================================
=== Progress: 10% reached at entry 800473 ===
=====================================

=====================================
=== Progress: 20% reached at entry 1600947 ===
=====================================

=====================================
=== Progress: 30% reached at entry 2401421 ===
=====================================

=====================================
=== Progress: 40% reached at entry 3201895 ===
=====================================

=====================================
=== Progress: 50% reached at entry 4002369 ===
=====================================

=====================================
=== Progress: 60% reached at entry 4802842 ===
=====================================

=====================================
=== Progress: 70% reached at entry 5603316 ===
=====================================

=====================================
=== Progress: 80% reached at entry 6403790 ===
=====================================

=====================================
=== Progress: 90% reached at entry 7204264 ===
=====================================

Finished Tree2PlotsRun3 scan.
