000 (14418841.000.000) 01/26 10:32:56 Job submitted from host: <188.184.90.62:9618?addrs=188.184.90.62-9618+[2001-1458-201-e4--100-238]-9618&alias=bigbird16.cern.ch&noUDP&sock=schedd_5196_9a2f>
...
040 (14418841.000.000) 01/26 10:34:02 Started transferring input files
	Transferring to host: <188.185.215.96:9618?addrs=188.185.215.96-9618+[2001-1458-303-1e--100-5c]-9618&alias=b9p31p5861.cern.ch&noUDP&sock=slot1_1_5071_ba67_134952>
...
040 (14418841.000.000) 01/26 10:34:02 Finished transferring input files
...
001 (14418841.000.000) 01/26 10:34:03 Job executing on host: <188.185.215.96:9618?addrs=188.185.215.96-9618+[2001-1458-303-1e--100-5c]-9618&alias=b9p31p5861.cern.ch&noUDP&sock=startd_4093_0939>
	SlotName: slot1_1@b9p31p5861.cern.ch
	CondorScratchDir = "/pool/condor/dir_715522"
	Cpus = 1
	Disk = 3748
	GPUs = 0
	Memory = 3000
...
006 (14418841.000.000) 01/26 10:34:17 Image size of job updated: 551624
	539  -  MemoryUsage of job (MB)
	551624  -  ResidentSetSize of job (KB)
...
006 (14418841.000.000) 01/26 10:39:18 Image size of job updated: 778152
	757  -  MemoryUsage of job (MB)
	775164  -  ResidentSetSize of job (KB)
...
040 (14418841.000.000) 01/26 10:42:10 Started transferring output files
...
040 (14418841.000.000) 01/26 10:42:10 Finished transferring output files
...
005 (14418841.000.000) 01/26 10:42:23 Job terminated.
	(1) Normal termination (return value 0)
		Usr 0 00:06:02, Sys 0 00:00:14  -  Run Remote Usage
		Usr 0 00:00:00, Sys 0 00:00:00  -  Run Local Usage
		Usr 0 00:06:02, Sys 0 00:00:14  -  Total Remote Usage
		Usr 0 00:00:00, Sys 0 00:00:00  -  Total Local Usage
	13025  -  Run Bytes Sent By Job
	317  -  Run Bytes Received By Job
	13025  -  Total Bytes Sent By Job
	317  -  Total Bytes Received By Job
	Partitionable Resources :    Usage  Request Allocated 
	   Cpus                 :     0.70        1         1 
	   Disk (KB)            :    37           1      3748 
	   GPUs                 :                           0 
	   Memory (MB)          :   757        3000      3000 
	   TimeExecute (s)      :   487                       
	   TimeSlotBusy (s)     :   488                       

	Job terminated of its own accord at 2026-01-26T09:42:10Z with exit-code 0.
...
