/pool/condor/dir_287278

Opening file: /eos/user/a/amalhotr/ScoutingPFRun3/ScoutingData_2024H_TreeMakerRedone/251209_202708/0000/ScoutingTree_Output_379.root
Opened file /eos/user/a/amalhotr/ScoutingPFRun3/ScoutingData_2024H_TreeMakerRedone/251209_202708/0000/ScoutingTree_Output_379.root with 8386491 entries.
Tree opened successfully.
Total entries = 8386491

=====================================
=== Progress: 10% reached at entry 838649 ===
=====================================

=====================================
=== Progress: 20% reached at entry 1677298 ===
=====================================

=====================================
=== Progress: 30% reached at entry 2515947 ===
=====================================

=====================================
=== Progress: 40% reached at entry 3354596 ===
=====================================

=====================================
=== Progress: 50% reached at entry 4193245 ===
=====================================

=====================================
=== Progress: 60% reached at entry 5031894 ===
=====================================

=====================================
=== Progress: 70% reached at entry 5870543 ===
=====================================

=====================================
=== Progress: 80% reached at entry 6709192 ===
=====================================

=====================================
=== Progress: 90% reached at entry 7547841 ===
=====================================

Opening file: /eos/user/a/amalhotr/ScoutingPFRun3/ScoutingData_2024H_TreeMakerRedone/251209_202708/0000/ScoutingTree_Output_37.root
Opened file /eos/user/a/amalhotr/ScoutingPFRun3/ScoutingData_2024H_TreeMakerRedone/251209_202708/0000/ScoutingTree_Output_37.root with 7873506 entries.
Tree opened successfully.
Total entries = 7873506

=====================================
=== Progress: 10% reached at entry 787350 ===
=====================================

=====================================
=== Progress: 20% reached at entry 1574701 ===
=====================================

=====================================
=== Progress: 30% reached at entry 2362051 ===
=====================================

=====================================
=== Progress: 40% reached at entry 3149402 ===
=====================================

=====================================
=== Progress: 50% reached at entry 3936753 ===
=====================================

=====================================
=== Progress: 60% reached at entry 4724103 ===
=====================================

=====================================
=== Progress: 70% reached at entry 5511454 ===
=====================================

=====================================
=== Progress: 80% reached at entry 6298804 ===
=====================================

=====================================
=== Progress: 90% reached at entry 7086155 ===
=====================================

Opening file: /eos/user/a/amalhotr/ScoutingPFRun3/ScoutingData_2024H_TreeMakerRedone/251209_202708/0000/ScoutingTree_Output_380.root
Opened file /eos/user/a/amalhotr/ScoutingPFRun3/ScoutingData_2024H_TreeMakerRedone/251209_202708/0000/ScoutingTree_Output_380.root with 8268233 entries.
Tree opened successfully.
Total entries = 8268233

=====================================
=== Progress: 10% reached at entry 826823 ===
=====================================

=====================================
=== Progress: 20% reached at entry 1653646 ===
=====================================

=====================================
=== Progress: 30% reached at entry 2480469 ===
=====================================

=====================================
=== Progress: 40% reached at entry 3307293 ===
=====================================

=====================================
=== Progress: 50% reached at entry 4134116 ===
=====================================

=====================================
=== Progress: 60% reached at entry 4960939 ===
=====================================

=====================================
=== Progress: 70% reached at entry 5787763 ===
=====================================

=====================================
=== Progress: 80% reached at entry 6614586 ===
=====================================

=====================================
=== Progress: 90% reached at entry 7441409 ===
=====================================

Opening file: /eos/user/a/amalhotr/ScoutingPFRun3/ScoutingData_2024H_TreeMakerRedone/251209_202708/0000/ScoutingTree_Output_381.root
Opened file /eos/user/a/amalhotr/ScoutingPFRun3/ScoutingData_2024H_TreeMakerRedone/251209_202708/0000/ScoutingTree_Output_381.root with 7620654 entries.
Tree opened successfully.
Total entries = 7620654

=====================================
=== Progress: 10% reached at entry 762065 ===
=====================================

=====================================
=== Progress: 20% reached at entry 1524130 ===
=====================================

=====================================
=== Progress: 30% reached at entry 2286196 ===
=====================================

=====================================
=== Progress: 40% reached at entry 3048261 ===
=====================================

=====================================
=== Progress: 50% reached at entry 3810327 ===
=====================================

=====================================
=== Progress: 60% reached at entry 4572392 ===
=====================================

=====================================
=== Progress: 70% reached at entry 5334457 ===
=====================================

=====================================
=== Progress: 80% reached at entry 6096523 ===
=====================================

=====================================
=== Progress: 90% reached at entry 6858588 ===
=====================================

Finished Tree2PlotsRun3 scan.
