000 (14420236.000.000) 01/26 11:55:55 Job submitted from host: <188.184.90.62:9618?addrs=188.184.90.62-9618+[2001-1458-201-e4--100-238]-9618&alias=bigbird16.cern.ch&noUDP&sock=schedd_5196_9a2f>
...
040 (14420236.000.000) 01/26 11:56:12 Started transferring input files
	Transferring to host: <188.185.192.169:9618?addrs=188.185.192.169-9618+[2001-1458-303-1f--100-a5]-9618&alias=b9p13p3548.cern.ch&noUDP&sock=slot1_38_1747120_d77f_127827>
...
001 (14420236.000.000) 01/26 11:56:19 Job executing on host: <188.185.192.169:9618?addrs=188.185.192.169-9618+[2001-1458-303-1f--100-a5]-9618&alias=b9p13p3548.cern.ch&noUDP&sock=startd_7435_5ebc>
	SlotName: slot1_38@b9p13p3548.cern.ch
	CondorScratchDir = "/pool/condor/dir_3205053"
	Cpus = 1
	Disk = 3833
	GPUs = 0
	Memory = 3000
...
040 (14420236.000.000) 01/26 11:56:19 Finished transferring input files
...
006 (14420236.000.000) 01/26 11:56:32 Image size of job updated: 146288
	143  -  MemoryUsage of job (MB)
	146288  -  ResidentSetSize of job (KB)
...
006 (14420236.000.000) 01/26 12:01:32 Image size of job updated: 844068
	817  -  MemoryUsage of job (MB)
	836004  -  ResidentSetSize of job (KB)
...
040 (14420236.000.000) 01/26 12:03:04 Started transferring output files
...
040 (14420236.000.000) 01/26 12:03:04 Finished transferring output files
...
005 (14420236.000.000) 01/26 12:03:04 Job terminated.
	(1) Normal termination (return value 0)
		Usr 0 00:05:22, Sys 0 00:00:07  -  Run Remote Usage
		Usr 0 00:00:00, Sys 0 00:00:00  -  Run Local Usage
		Usr 0 00:05:22, Sys 0 00:00:07  -  Total Remote Usage
		Usr 0 00:00:00, Sys 0 00:00:00  -  Total Local Usage
	12859  -  Run Bytes Sent By Job
	317  -  Run Bytes Received By Job
	12859  -  Total Bytes Sent By Job
	317  -  Total Bytes Received By Job
	Partitionable Resources :    Usage  Request Allocated 
	   Cpus                 :        0        1         1 
	   Disk (KB)            :       36        1      3833 
	   GPUs                 :                           0 
	   Memory (MB)          :      817     3000      3000 
	   TimeExecute (s)      :      406                    
	   TimeSlotBusy (s)     :      413                    

	Job terminated of its own accord at 2026-01-26T11:03:04Z with exit-code 0.
...
