/pool/condor/dir_1768479

Opening file: /eos/user/a/amalhotr/ScoutingPFRun3/ScoutingData_2024H_TreeMakerRedone/251209_202708/0000/ScoutingTree_Output_746.root
Opened file /eos/user/a/amalhotr/ScoutingPFRun3/ScoutingData_2024H_TreeMakerRedone/251209_202708/0000/ScoutingTree_Output_746.root with 8374032 entries.
Tree opened successfully.
Total entries = 8374032

=====================================
=== Progress: 10% reached at entry 837403 ===
=====================================

=====================================
=== Progress: 20% reached at entry 1674806 ===
=====================================

=====================================
=== Progress: 30% reached at entry 2512209 ===
=====================================

=====================================
=== Progress: 40% reached at entry 3349612 ===
=====================================

=====================================
=== Progress: 50% reached at entry 4187016 ===
=====================================

=====================================
=== Progress: 60% reached at entry 5024419 ===
=====================================

=====================================
=== Progress: 70% reached at entry 5861822 ===
=====================================

=====================================
=== Progress: 80% reached at entry 6699225 ===
=====================================

=====================================
=== Progress: 90% reached at entry 7536628 ===
=====================================

Opening file: /eos/user/a/amalhotr/ScoutingPFRun3/ScoutingData_2024H_TreeMakerRedone/251209_202708/0000/ScoutingTree_Output_747.root
Opened file /eos/user/a/amalhotr/ScoutingPFRun3/ScoutingData_2024H_TreeMakerRedone/251209_202708/0000/ScoutingTree_Output_747.root with 9444021 entries.
Tree opened successfully.
Total entries = 9444021

=====================================
=== Progress: 10% reached at entry 944402 ===
=====================================

=====================================
=== Progress: 20% reached at entry 1888804 ===
=====================================

=====================================
=== Progress: 30% reached at entry 2833206 ===
=====================================

=====================================
=== Progress: 40% reached at entry 3777608 ===
=====================================

=====================================
=== Progress: 50% reached at entry 4722010 ===
=====================================

=====================================
=== Progress: 60% reached at entry 5666412 ===
=====================================

=====================================
=== Progress: 70% reached at entry 6610814 ===
=====================================

=====================================
=== Progress: 80% reached at entry 7555216 ===
=====================================

=====================================
=== Progress: 90% reached at entry 8499618 ===
=====================================

Opening file: /eos/user/a/amalhotr/ScoutingPFRun3/ScoutingData_2024H_TreeMakerRedone/251209_202708/0000/ScoutingTree_Output_748.root
Opened file /eos/user/a/amalhotr/ScoutingPFRun3/ScoutingData_2024H_TreeMakerRedone/251209_202708/0000/ScoutingTree_Output_748.root with 9117514 entries.
Tree opened successfully.
Total entries = 9117514

=====================================
=== Progress: 10% reached at entry 911751 ===
=====================================

=====================================
=== Progress: 20% reached at entry 1823502 ===
=====================================

=====================================
=== Progress: 30% reached at entry 2735254 ===
=====================================

=====================================
=== Progress: 40% reached at entry 3647005 ===
=====================================

=====================================
=== Progress: 50% reached at entry 4558757 ===
=====================================

=====================================
=== Progress: 60% reached at entry 5470508 ===
=====================================

=====================================
=== Progress: 70% reached at entry 6382259 ===
=====================================

=====================================
=== Progress: 80% reached at entry 7294011 ===
=====================================

=====================================
=== Progress: 90% reached at entry 8205762 ===
=====================================

Opening file: /eos/user/a/amalhotr/ScoutingPFRun3/ScoutingData_2024H_TreeMakerRedone/251209_202708/0000/ScoutingTree_Output_749.root
Opened file /eos/user/a/amalhotr/ScoutingPFRun3/ScoutingData_2024H_TreeMakerRedone/251209_202708/0000/ScoutingTree_Output_749.root with 9390636 entries.
Tree opened successfully.
Total entries = 9390636

=====================================
=== Progress: 10% reached at entry 939063 ===
=====================================

=====================================
=== Progress: 20% reached at entry 1878127 ===
=====================================

=====================================
=== Progress: 30% reached at entry 2817190 ===
=====================================

=====================================
=== Progress: 40% reached at entry 3756254 ===
=====================================

=====================================
=== Progress: 50% reached at entry 4695318 ===
=====================================

=====================================
=== Progress: 60% reached at entry 5634381 ===
=====================================

=====================================
=== Progress: 70% reached at entry 6573445 ===
=====================================

=====================================
=== Progress: 80% reached at entry 7512508 ===
=====================================

=====================================
=== Progress: 90% reached at entry 8451572 ===
=====================================

Finished Tree2PlotsRun3 scan.
