000 (14419934.000.000) 01/26 11:22:51 Job submitted from host: <188.184.90.62:9618?addrs=188.184.90.62-9618+[2001-1458-201-e4--100-238]-9618&alias=bigbird16.cern.ch&noUDP&sock=schedd_5196_9a2f>
...
040 (14419934.000.000) 01/26 11:25:07 Started transferring input files
	Transferring to host: <188.185.211.154:9618?addrs=188.185.211.154-9618+[2001-1458-303-17--100-16]-9618&alias=b9p24p7450.cern.ch&noUDP&sock=slot1_21_5771_f104_135236>
...
040 (14419934.000.000) 01/26 11:25:08 Finished transferring input files
...
001 (14419934.000.000) 01/26 11:25:09 Job executing on host: <188.185.211.154:9618?addrs=188.185.211.154-9618+[2001-1458-303-17--100-16]-9618&alias=b9p24p7450.cern.ch&noUDP&sock=startd_5137_2219>
	SlotName: slot1_21@b9p24p7450.cern.ch
	CondorScratchDir = "/pool/condor/dir_3208393"
	Cpus = 1
	Disk = 3871
	GPUs = 0
	Memory = 3000
...
006 (14419934.000.000) 01/26 11:25:22 Image size of job updated: 550504
	538  -  MemoryUsage of job (MB)
	550504  -  ResidentSetSize of job (KB)
...
006 (14419934.000.000) 01/26 11:30:22 Image size of job updated: 820016
	790  -  MemoryUsage of job (MB)
	808064  -  ResidentSetSize of job (KB)
...
040 (14419934.000.000) 01/26 11:30:49 Started transferring output files
...
040 (14419934.000.000) 01/26 11:30:49 Finished transferring output files
...
005 (14419934.000.000) 01/26 11:30:49 Job terminated.
	(1) Normal termination (return value 0)
		Usr 0 00:04:02, Sys 0 00:00:11  -  Run Remote Usage
		Usr 0 00:00:00, Sys 0 00:00:00  -  Run Local Usage
		Usr 0 00:04:02, Sys 0 00:00:11  -  Total Remote Usage
		Usr 0 00:00:00, Sys 0 00:00:00  -  Total Local Usage
	12859  -  Run Bytes Sent By Job
	317  -  Run Bytes Received By Job
	12859  -  Total Bytes Sent By Job
	317  -  Total Bytes Received By Job
	Partitionable Resources :    Usage  Request Allocated 
	   Cpus                 :        0        1         1 
	   Disk (KB)            :       36        1      3871 
	   GPUs                 :                           0 
	   Memory (MB)          :      790     3000      3000 
	   TimeExecute (s)      :      341                    
	   TimeSlotBusy (s)     :      343                    

	Job terminated of its own accord at 2026-01-26T10:30:49Z with exit-code 0.
...
