000 (14418855.000.000) 01/26 10:44:40 Job submitted from host: <188.184.90.62:9618?addrs=188.184.90.62-9618+[2001-1458-201-e4--100-238]-9618&alias=bigbird16.cern.ch&noUDP&sock=schedd_5196_9a2f>
...
040 (14418855.000.000) 01/26 10:49:08 Started transferring input files
	Transferring to host: <188.185.196.130:9618?addrs=188.185.196.130-9618+[2001-1458-303-23--100-7e]-9618&alias=b9p16p5254.cern.ch&noUDP&sock=slot1_28_928347_3190_128158>
...
040 (14418855.000.000) 01/26 10:49:08 Finished transferring input files
...
001 (14418855.000.000) 01/26 10:49:09 Job executing on host: <188.185.196.130:9618?addrs=188.185.196.130-9618+[2001-1458-303-23--100-7e]-9618&alias=b9p16p5254.cern.ch&noUDP&sock=startd_4497_257c>
	SlotName: slot1_28@b9p16p5254.cern.ch
	CondorScratchDir = "/pool/condor/dir_611612"
	Cpus = 1
	Disk = 3860
	GPUs = 0
	Memory = 3000
...
006 (14418855.000.000) 01/26 10:49:23 Image size of job updated: 45272
	45  -  MemoryUsage of job (MB)
	45272  -  ResidentSetSize of job (KB)
...
006 (14418855.000.000) 01/26 10:54:24 Image size of job updated: 847860
	810  -  MemoryUsage of job (MB)
	828808  -  ResidentSetSize of job (KB)
...
040 (14418855.000.000) 01/26 10:56:34 Started transferring output files
...
040 (14418855.000.000) 01/26 10:56:34 Finished transferring output files
...
005 (14418855.000.000) 01/26 10:56:34 Job terminated.
	(1) Normal termination (return value 0)
		Usr 0 00:05:39, Sys 0 00:00:07  -  Run Remote Usage
		Usr 0 00:00:00, Sys 0 00:00:00  -  Run Local Usage
		Usr 0 00:05:39, Sys 0 00:00:07  -  Total Remote Usage
		Usr 0 00:00:00, Sys 0 00:00:00  -  Total Local Usage
	12856  -  Run Bytes Sent By Job
	317  -  Run Bytes Received By Job
	12856  -  Total Bytes Sent By Job
	317  -  Total Bytes Received By Job
	Partitionable Resources :    Usage  Request Allocated 
	   Cpus                 :        0        1         1 
	   Disk (KB)            :       36        1      3860 
	   GPUs                 :                           0 
	   Memory (MB)          :      810     3000      3000 
	   TimeExecute (s)      :      445                    
	   TimeSlotBusy (s)     :      447                    

	Job terminated of its own accord at 2026-01-26T09:56:34Z with exit-code 0.
...
