000 (14418820.000.000) 01/26 10:29:55 Job submitted from host: <188.184.90.62:9618?addrs=188.184.90.62-9618+[2001-1458-201-e4--100-238]-9618&alias=bigbird16.cern.ch&noUDP&sock=schedd_5196_9a2f>
...
040 (14418820.000.000) 01/26 10:31:51 Started transferring input files
	Transferring to host: <188.185.214.70:9618?addrs=188.185.214.70-9618+[2001-1458-303-1c--100-42]-9618&alias=b9p29p9286.cern.ch&noUDP&sock=slot1_7_4847_e65e_159552>
...
040 (14418820.000.000) 01/26 10:31:51 Finished transferring input files
...
001 (14418820.000.000) 01/26 10:31:52 Job executing on host: <188.185.214.70:9618?addrs=188.185.214.70-9618+[2001-1458-303-1c--100-42]-9618&alias=b9p29p9286.cern.ch&noUDP&sock=startd_3945_8535>
	SlotName: slot1_7@b9p29p9286.cern.ch
	CondorScratchDir = "/pool/condor/dir_3167467"
	Cpus = 1
	Disk = 3859
	GPUs = 0
	Memory = 3000
...
006 (14418820.000.000) 01/26 10:32:05 Image size of job updated: 572884
	560  -  MemoryUsage of job (MB)
	572884  -  ResidentSetSize of job (KB)
...
006 (14418820.000.000) 01/26 10:36:19 Image size of job updated: 847908
	560  -  MemoryUsage of job (MB)
	572884  -  ResidentSetSize of job (KB)
...
040 (14418820.000.000) 01/26 10:36:20 Started transferring output files
...
040 (14418820.000.000) 01/26 10:36:20 Finished transferring output files
...
005 (14418820.000.000) 01/26 10:36:20 Job terminated.
	(1) Normal termination (return value 0)
		Usr 0 00:03:10, Sys 0 00:00:08  -  Run Remote Usage
		Usr 0 00:00:00, Sys 0 00:00:00  -  Run Local Usage
		Usr 0 00:03:10, Sys 0 00:00:08  -  Total Remote Usage
		Usr 0 00:00:00, Sys 0 00:00:00  -  Total Local Usage
	12859  -  Run Bytes Sent By Job
	317  -  Run Bytes Received By Job
	12859  -  Total Bytes Sent By Job
	317  -  Total Bytes Received By Job
	Partitionable Resources :    Usage  Request Allocated 
	   Cpus                 :     0.82        1         1 
	   Disk (KB)            :    36           1      3859 
	   GPUs                 :                           0 
	   Memory (MB)          :   560        3000      3000 
	   TimeExecute (s)      :   267                       
	   TimeSlotBusy (s)     :   270                       

	Job terminated of its own accord at 2026-01-26T09:36:19Z with exit-code 0.
...
