/pool/condor/dir_715522

Opening file: /eos/user/a/amalhotr/ScoutingPFRun3/ScoutingData_2024H_TreeMakerRedone/251209_202708/0000/ScoutingTree_Output_324.root
Opened file /eos/user/a/amalhotr/ScoutingPFRun3/ScoutingData_2024H_TreeMakerRedone/251209_202708/0000/ScoutingTree_Output_324.root with 11886070 entries.
Tree opened successfully.
Total entries = 11886070

=====================================
=== Progress: 10% reached at entry 1188607 ===
=====================================

=====================================
=== Progress: 20% reached at entry 2377214 ===
=====================================

=====================================
=== Progress: 30% reached at entry 3565821 ===
=====================================

=====================================
=== Progress: 40% reached at entry 4754428 ===
=====================================

=====================================
=== Progress: 50% reached at entry 5943035 ===
=====================================

=====================================
=== Progress: 60% reached at entry 7131642 ===
=====================================

=====================================
=== Progress: 70% reached at entry 8320249 ===
=====================================

=====================================
=== Progress: 80% reached at entry 9508856 ===
=====================================

=====================================
=== Progress: 90% reached at entry 10697463 ===
=====================================

Opening file: /eos/user/a/amalhotr/ScoutingPFRun3/ScoutingData_2024H_TreeMakerRedone/251209_202708/0000/ScoutingTree_Output_325.root
Opened file /eos/user/a/amalhotr/ScoutingPFRun3/ScoutingData_2024H_TreeMakerRedone/251209_202708/0000/ScoutingTree_Output_325.root with 11009815 entries.
Tree opened successfully.
Total entries = 11009815

=====================================
=== Progress: 10% reached at entry 1100981 ===
=====================================

=====================================
=== Progress: 20% reached at entry 2201963 ===
=====================================

=====================================
=== Progress: 30% reached at entry 3302944 ===
=====================================

=====================================
=== Progress: 40% reached at entry 4403926 ===
=====================================

=====================================
=== Progress: 50% reached at entry 5504907 ===
=====================================

=====================================
=== Progress: 60% reached at entry 6605889 ===
=====================================

=====================================
=== Progress: 70% reached at entry 7706870 ===
=====================================

=====================================
=== Progress: 80% reached at entry 8807852 ===
=====================================

=====================================
=== Progress: 90% reached at entry 9908833 ===
=====================================

Opening file: /eos/user/a/amalhotr/ScoutingPFRun3/ScoutingData_2024H_TreeMakerRedone/251209_202708/0000/ScoutingTree_Output_326.root
Opened file /eos/user/a/amalhotr/ScoutingPFRun3/ScoutingData_2024H_TreeMakerRedone/251209_202708/0000/ScoutingTree_Output_326.root with 11348257 entries.
Tree opened successfully.
Total entries = 11348257

=====================================
=== Progress: 10% reached at entry 1134825 ===
=====================================

=====================================
=== Progress: 20% reached at entry 2269651 ===
=====================================

=====================================
=== Progress: 30% reached at entry 3404477 ===
=====================================

=====================================
=== Progress: 40% reached at entry 4539302 ===
=====================================

=====================================
=== Progress: 50% reached at entry 5674128 ===
=====================================

=====================================
=== Progress: 60% reached at entry 6808954 ===
=====================================

=====================================
=== Progress: 70% reached at entry 7943779 ===
=====================================

=====================================
=== Progress: 80% reached at entry 9078605 ===
=====================================

=====================================
=== Progress: 90% reached at entry 10213431 ===
=====================================

Opening file: /eos/user/a/amalhotr/ScoutingPFRun3/ScoutingData_2024H_TreeMakerRedone/251209_202708/0000/ScoutingTree_Output_327.root
Opened file /eos/user/a/amalhotr/ScoutingPFRun3/ScoutingData_2024H_TreeMakerRedone/251209_202708/0000/ScoutingTree_Output_327.root with 11446439 entries.
Tree opened successfully.
Total entries = 11446439

=====================================
=== Progress: 10% reached at entry 1144643 ===
=====================================

=====================================
=== Progress: 20% reached at entry 2289287 ===
=====================================

=====================================
=== Progress: 30% reached at entry 3433931 ===
=====================================

=====================================
=== Progress: 40% reached at entry 4578575 ===
=====================================

=====================================
=== Progress: 50% reached at entry 5723219 ===
=====================================

=====================================
=== Progress: 60% reached at entry 6867863 ===
=====================================

=====================================
=== Progress: 70% reached at entry 8012507 ===
=====================================

=====================================
=== Progress: 80% reached at entry 9157151 ===
=====================================

=====================================
=== Progress: 90% reached at entry 10301795 ===
=====================================

Finished Tree2PlotsRun3 scan.
