000 (14418822.000.000) 01/26 10:29:56 Job submitted from host: <188.184.90.62:9618?addrs=188.184.90.62-9618+[2001-1458-201-e4--100-238]-9618&alias=bigbird16.cern.ch&noUDP&sock=schedd_5196_9a2f>
...
040 (14418822.000.000) 01/26 10:31:51 Started transferring input files
	Transferring to host: <188.185.213.220:9618?addrs=188.185.213.220-9618+[2001-1458-303-1b--100-58]-9618&alias=b9p28p1121.cern.ch&noUDP&sock=slot1_26_1586554_91be_65224>
...
040 (14418822.000.000) 01/26 10:31:51 Finished transferring input files
...
001 (14418822.000.000) 01/26 10:31:52 Job executing on host: <188.185.213.220:9618?addrs=188.185.213.220-9618+[2001-1458-303-1b--100-58]-9618&alias=b9p28p1121.cern.ch&noUDP&sock=startd_4079_6ee6>
	SlotName: slot1_26@b9p28p1121.cern.ch
	CondorScratchDir = "/pool/condor/dir_3167420"
	Cpus = 1
	Disk = 3784
	GPUs = 0
	Memory = 3000
...
006 (14418822.000.000) 01/26 10:32:05 Image size of job updated: 541996
	530  -  MemoryUsage of job (MB)
	541996  -  ResidentSetSize of job (KB)
...
006 (14418822.000.000) 01/26 10:36:34 Image size of job updated: 786952
	530  -  MemoryUsage of job (MB)
	541996  -  ResidentSetSize of job (KB)
...
040 (14418822.000.000) 01/26 10:36:34 Started transferring output files
...
040 (14418822.000.000) 01/26 10:36:34 Finished transferring output files
...
005 (14418822.000.000) 01/26 10:36:34 Job terminated.
	(1) Normal termination (return value 0)
		Usr 0 00:03:20, Sys 0 00:00:09  -  Run Remote Usage
		Usr 0 00:00:00, Sys 0 00:00:00  -  Run Local Usage
		Usr 0 00:03:20, Sys 0 00:00:09  -  Total Remote Usage
		Usr 0 00:00:00, Sys 0 00:00:00  -  Total Local Usage
	12857  -  Run Bytes Sent By Job
	317  -  Run Bytes Received By Job
	12857  -  Total Bytes Sent By Job
	317  -  Total Bytes Received By Job
	Partitionable Resources :    Usage  Request Allocated 
	   Cpus                 :     0.84        1         1 
	   Disk (KB)            :    36           1      3784 
	   GPUs                 :                           0 
	   Memory (MB)          :   530        3000      3000 
	   TimeExecute (s)      :   282                       
	   TimeSlotBusy (s)     :   284                       

	Job terminated of its own accord at 2026-01-26T09:36:34Z with exit-code 0.
...
