/pool/condor/dir_967049

Opening file: /eos/user/a/amalhotr/ScoutingPFRun3/ScoutingData_2024H_TreeMakerRedone/251209_202708/0000/ScoutingTree_Output_342.root
Opened file /eos/user/a/amalhotr/ScoutingPFRun3/ScoutingData_2024H_TreeMakerRedone/251209_202708/0000/ScoutingTree_Output_342.root with 8356713 entries.
Tree opened successfully.
Total entries = 8356713

=====================================
=== Progress: 10% reached at entry 835671 ===
=====================================

=====================================
=== Progress: 20% reached at entry 1671342 ===
=====================================

=====================================
=== Progress: 30% reached at entry 2507013 ===
=====================================

=====================================
=== Progress: 40% reached at entry 3342685 ===
=====================================

=====================================
=== Progress: 50% reached at entry 4178356 ===
=====================================

=====================================
=== Progress: 60% reached at entry 5014027 ===
=====================================

=====================================
=== Progress: 70% reached at entry 5849699 ===
=====================================

=====================================
=== Progress: 80% reached at entry 6685370 ===
=====================================

=====================================
=== Progress: 90% reached at entry 7521041 ===
=====================================

Opening file: /eos/user/a/amalhotr/ScoutingPFRun3/ScoutingData_2024H_TreeMakerRedone/251209_202708/0000/ScoutingTree_Output_343.root
Opened file /eos/user/a/amalhotr/ScoutingPFRun3/ScoutingData_2024H_TreeMakerRedone/251209_202708/0000/ScoutingTree_Output_343.root with 8179160 entries.
Tree opened successfully.
Total entries = 8179160

=====================================
=== Progress: 10% reached at entry 817916 ===
=====================================

=====================================
=== Progress: 20% reached at entry 1635832 ===
=====================================

=====================================
=== Progress: 30% reached at entry 2453748 ===
=====================================

=====================================
=== Progress: 40% reached at entry 3271664 ===
=====================================

=====================================
=== Progress: 50% reached at entry 4089580 ===
=====================================

=====================================
=== Progress: 60% reached at entry 4907496 ===
=====================================

=====================================
=== Progress: 70% reached at entry 5725412 ===
=====================================

=====================================
=== Progress: 80% reached at entry 6543328 ===
=====================================

=====================================
=== Progress: 90% reached at entry 7361244 ===
=====================================

Opening file: /eos/user/a/amalhotr/ScoutingPFRun3/ScoutingData_2024H_TreeMakerRedone/251209_202708/0000/ScoutingTree_Output_344.root
Opened file /eos/user/a/amalhotr/ScoutingPFRun3/ScoutingData_2024H_TreeMakerRedone/251209_202708/0000/ScoutingTree_Output_344.root with 8372216 entries.
Tree opened successfully.
Total entries = 8372216

=====================================
=== Progress: 10% reached at entry 837221 ===
=====================================

=====================================
=== Progress: 20% reached at entry 1674443 ===
=====================================

=====================================
=== Progress: 30% reached at entry 2511664 ===
=====================================

=====================================
=== Progress: 40% reached at entry 3348886 ===
=====================================

=====================================
=== Progress: 50% reached at entry 4186108 ===
=====================================

=====================================
=== Progress: 60% reached at entry 5023329 ===
=====================================

=====================================
=== Progress: 70% reached at entry 5860551 ===
=====================================

=====================================
=== Progress: 80% reached at entry 6697772 ===
=====================================

=====================================
=== Progress: 90% reached at entry 7534994 ===
=====================================

Opening file: /eos/user/a/amalhotr/ScoutingPFRun3/ScoutingData_2024H_TreeMakerRedone/251209_202708/0000/ScoutingTree_Output_345.root
Opened file /eos/user/a/amalhotr/ScoutingPFRun3/ScoutingData_2024H_TreeMakerRedone/251209_202708/0000/ScoutingTree_Output_345.root with 8218452 entries.
Tree opened successfully.
Total entries = 8218452

=====================================
=== Progress: 10% reached at entry 821845 ===
=====================================

=====================================
=== Progress: 20% reached at entry 1643690 ===
=====================================

=====================================
=== Progress: 30% reached at entry 2465535 ===
=====================================

=====================================
=== Progress: 40% reached at entry 3287380 ===
=====================================

=====================================
=== Progress: 50% reached at entry 4109226 ===
=====================================

=====================================
=== Progress: 60% reached at entry 4931071 ===
=====================================

=====================================
=== Progress: 70% reached at entry 5752916 ===
=====================================

=====================================
=== Progress: 80% reached at entry 6574761 ===
=====================================

=====================================
=== Progress: 90% reached at entry 7396606 ===
=====================================

Finished Tree2PlotsRun3 scan.
