000 (14419850.000.000) 01/26 11:19:09 Job submitted from host: <188.184.90.62:9618?addrs=188.184.90.62-9618+[2001-1458-201-e4--100-238]-9618&alias=bigbird16.cern.ch&noUDP&sock=schedd_5196_9a2f>
...
040 (14419850.000.000) 01/26 11:19:40 Started transferring input files
	Transferring to host: <188.185.196.57:9618?addrs=188.185.196.57-9618+[2001-1458-303-23--100-35]-9618&alias=b9p16p1771.cern.ch&noUDP&sock=slot1_36_5058_9187_119523>
...
040 (14419850.000.000) 01/26 11:19:40 Finished transferring input files
...
001 (14419850.000.000) 01/26 11:19:41 Job executing on host: <188.185.196.57:9618?addrs=188.185.196.57-9618+[2001-1458-303-23--100-35]-9618&alias=b9p16p1771.cern.ch&noUDP&sock=startd_3985_f4ff>
	SlotName: slot1_36@b9p16p1771.cern.ch
	CondorScratchDir = "/pool/condor/dir_791385"
	Cpus = 1
	Disk = 3824
	GPUs = 0
	Memory = 3000
...
006 (14419850.000.000) 01/26 11:19:55 Image size of job updated: 150336
	147  -  MemoryUsage of job (MB)
	150336  -  ResidentSetSize of job (KB)
...
006 (14419850.000.000) 01/26 11:24:56 Image size of job updated: 815164
	794  -  MemoryUsage of job (MB)
	812640  -  ResidentSetSize of job (KB)
...
040 (14419850.000.000) 01/26 11:27:27 Started transferring output files
...
040 (14419850.000.000) 01/26 11:27:27 Finished transferring output files
...
005 (14419850.000.000) 01/26 11:27:27 Job terminated.
	(1) Normal termination (return value 0)
		Usr 0 00:05:31, Sys 0 00:00:09  -  Run Remote Usage
		Usr 0 00:00:00, Sys 0 00:00:00  -  Run Local Usage
		Usr 0 00:05:31, Sys 0 00:00:09  -  Total Remote Usage
		Usr 0 00:00:00, Sys 0 00:00:00  -  Total Local Usage
	13008  -  Run Bytes Sent By Job
	317  -  Run Bytes Received By Job
	13008  -  Total Bytes Sent By Job
	317  -  Total Bytes Received By Job
	Partitionable Resources :    Usage  Request Allocated 
	   Cpus                 :        0        1         1 
	   Disk (KB)            :       36        1      3824 
	   GPUs                 :                           0 
	   Memory (MB)          :      794     3000      3000 
	   TimeExecute (s)      :      465                    
	   TimeSlotBusy (s)     :      468                    

	Job terminated of its own accord at 2026-01-26T10:27:26Z with exit-code 0.
...
