000 (14419805.000.000) 01/26 11:19:02 Job submitted from host: <188.184.90.62:9618?addrs=188.184.90.62-9618+[2001-1458-201-e4--100-238]-9618&alias=bigbird16.cern.ch&noUDP&sock=schedd_5196_9a2f>
...
040 (14419805.000.000) 01/26 11:19:35 Started transferring input files
	Transferring to host: <188.185.194.47:9618?addrs=188.185.194.47-9618+[2001-1458-303-21--100-2b]-9618&alias=b9p20p9107.cern.ch&noUDP&sock=slot1_16_4007_0b3c_120575>
...
040 (14419805.000.000) 01/26 11:19:35 Finished transferring input files
...
001 (14419805.000.000) 01/26 11:19:36 Job executing on host: <188.185.194.47:9618?addrs=188.185.194.47-9618+[2001-1458-303-21--100-2b]-9618&alias=b9p20p9107.cern.ch&noUDP&sock=startd_2960_e46c>
	SlotName: slot1_16@b9p20p9107.cern.ch
	CondorScratchDir = "/pool/condor/dir_2326909"
	Cpus = 1
	Disk = 3766
	GPUs = 0
	Memory = 3000
...
006 (14419805.000.000) 01/26 11:19:49 Image size of job updated: 128988
	126  -  MemoryUsage of job (MB)
	128988  -  ResidentSetSize of job (KB)
...
006 (14419805.000.000) 01/26 11:24:49 Image size of job updated: 771628
	750  -  MemoryUsage of job (MB)
	767512  -  ResidentSetSize of job (KB)
...
006 (14419805.000.000) 01/26 11:28:15 Image size of job updated: 781388
	750  -  MemoryUsage of job (MB)
	767512  -  ResidentSetSize of job (KB)
...
040 (14419805.000.000) 01/26 11:28:15 Started transferring output files
...
040 (14419805.000.000) 01/26 11:28:15 Finished transferring output files
...
005 (14419805.000.000) 01/26 11:28:15 Job terminated.
	(1) Normal termination (return value 0)
		Usr 0 00:07:04, Sys 0 00:00:12  -  Run Remote Usage
		Usr 0 00:00:00, Sys 0 00:00:00  -  Run Local Usage
		Usr 0 00:07:04, Sys 0 00:00:12  -  Total Remote Usage
		Usr 0 00:00:00, Sys 0 00:00:00  -  Total Local Usage
	13168  -  Run Bytes Sent By Job
	317  -  Run Bytes Received By Job
	13168  -  Total Bytes Sent By Job
	317  -  Total Bytes Received By Job
	Partitionable Resources :    Usage  Request Allocated 
	   Cpus                 :     0.78        1         1 
	   Disk (KB)            :    36           1      3766 
	   GPUs                 :                           0 
	   Memory (MB)          :   750        3000      3000 
	   TimeExecute (s)      :   519                       
	   TimeSlotBusy (s)     :   522                       

	Job terminated of its own accord at 2026-01-26T10:28:15Z with exit-code 0.
...
