/pool/condor/dir_3879459

Opening file: /eos/user/a/amalhotr/ScoutingPFRun3/ScoutingData_2024H_TreeMakerRedone/251209_202708/0000/ScoutingTree_Output_674.root
Opened file /eos/user/a/amalhotr/ScoutingPFRun3/ScoutingData_2024H_TreeMakerRedone/251209_202708/0000/ScoutingTree_Output_674.root with 8220455 entries.
Tree opened successfully.
Total entries = 8220455

=====================================
=== Progress: 10% reached at entry 822045 ===
=====================================

=====================================
=== Progress: 20% reached at entry 1644091 ===
=====================================

=====================================
=== Progress: 30% reached at entry 2466136 ===
=====================================

=====================================
=== Progress: 40% reached at entry 3288182 ===
=====================================

=====================================
=== Progress: 50% reached at entry 4110227 ===
=====================================

=====================================
=== Progress: 60% reached at entry 4932273 ===
=====================================

=====================================
=== Progress: 70% reached at entry 5754318 ===
=====================================

=====================================
=== Progress: 80% reached at entry 6576364 ===
=====================================

=====================================
=== Progress: 90% reached at entry 7398409 ===
=====================================

Opening file: /eos/user/a/amalhotr/ScoutingPFRun3/ScoutingData_2024H_TreeMakerRedone/251209_202708/0000/ScoutingTree_Output_675.root
Opened file /eos/user/a/amalhotr/ScoutingPFRun3/ScoutingData_2024H_TreeMakerRedone/251209_202708/0000/ScoutingTree_Output_675.root with 8349762 entries.
Tree opened successfully.
Total entries = 8349762

=====================================
=== Progress: 10% reached at entry 834976 ===
=====================================

=====================================
=== Progress: 20% reached at entry 1669952 ===
=====================================

=====================================
=== Progress: 30% reached at entry 2504928 ===
=====================================

=====================================
=== Progress: 40% reached at entry 3339904 ===
=====================================

=====================================
=== Progress: 50% reached at entry 4174881 ===
=====================================

=====================================
=== Progress: 60% reached at entry 5009857 ===
=====================================

=====================================
=== Progress: 70% reached at entry 5844833 ===
=====================================

=====================================
=== Progress: 80% reached at entry 6679809 ===
=====================================

=====================================
=== Progress: 90% reached at entry 7514785 ===
=====================================

Opening file: /eos/user/a/amalhotr/ScoutingPFRun3/ScoutingData_2024H_TreeMakerRedone/251209_202708/0000/ScoutingTree_Output_676.root
Opened file /eos/user/a/amalhotr/ScoutingPFRun3/ScoutingData_2024H_TreeMakerRedone/251209_202708/0000/ScoutingTree_Output_676.root with 8334753 entries.
Tree opened successfully.
Total entries = 8334753

=====================================
=== Progress: 10% reached at entry 833475 ===
=====================================

=====================================
=== Progress: 20% reached at entry 1666950 ===
=====================================

=====================================
=== Progress: 30% reached at entry 2500425 ===
=====================================

=====================================
=== Progress: 40% reached at entry 3333901 ===
=====================================

=====================================
=== Progress: 50% reached at entry 4167376 ===
=====================================

=====================================
=== Progress: 60% reached at entry 5000851 ===
=====================================

=====================================
=== Progress: 70% reached at entry 5834327 ===
=====================================

=====================================
=== Progress: 80% reached at entry 6667802 ===
=====================================

=====================================
=== Progress: 90% reached at entry 7501277 ===
=====================================

Opening file: /eos/user/a/amalhotr/ScoutingPFRun3/ScoutingData_2024H_TreeMakerRedone/251209_202708/0000/ScoutingTree_Output_677.root
Opened file /eos/user/a/amalhotr/ScoutingPFRun3/ScoutingData_2024H_TreeMakerRedone/251209_202708/0000/ScoutingTree_Output_677.root with 8091364 entries.
Tree opened successfully.
Total entries = 8091364

=====================================
=== Progress: 10% reached at entry 809136 ===
=====================================

=====================================
=== Progress: 20% reached at entry 1618272 ===
=====================================

=====================================
=== Progress: 30% reached at entry 2427409 ===
=====================================

=====================================
=== Progress: 40% reached at entry 3236545 ===
=====================================

=====================================
=== Progress: 50% reached at entry 4045682 ===
=====================================

=====================================
=== Progress: 60% reached at entry 4854818 ===
=====================================

=====================================
=== Progress: 70% reached at entry 5663954 ===
=====================================

=====================================
=== Progress: 80% reached at entry 6473091 ===
=====================================

=====================================
=== Progress: 90% reached at entry 7282227 ===
=====================================

Finished Tree2PlotsRun3 scan.
