000 (14419807.000.000) 01/26 11:19:03 Job submitted from host: <188.184.90.62:9618?addrs=188.184.90.62-9618+[2001-1458-201-e4--100-238]-9618&alias=bigbird16.cern.ch&noUDP&sock=schedd_5196_9a2f>
...
040 (14419807.000.000) 01/26 11:19:34 Started transferring input files
	Transferring to host: <188.185.194.111:9618?addrs=188.185.194.111-9618+[2001-1458-303-21--100-6b]-9618&alias=b9p20p3458.cern.ch&noUDP&sock=slot1_4_1089801_2475_121259>
...
040 (14419807.000.000) 01/26 11:19:34 Finished transferring input files
...
001 (14419807.000.000) 01/26 11:19:35 Job executing on host: <188.185.194.111:9618?addrs=188.185.194.111-9618+[2001-1458-303-21--100-6b]-9618&alias=b9p20p3458.cern.ch&noUDP&sock=startd_7872_1d9f>
	SlotName: slot1_4@b9p20p3458.cern.ch
	CondorScratchDir = "/pool/condor/dir_2440376"
	Cpus = 1
	Disk = 3911
	GPUs = 0
	Memory = 3000
...
006 (14419807.000.000) 01/26 11:19:49 Image size of job updated: 552620
	540  -  MemoryUsage of job (MB)
	552620  -  ResidentSetSize of job (KB)
...
006 (14419807.000.000) 01/26 11:24:50 Image size of job updated: 784364
	581  -  MemoryUsage of job (MB)
	594660  -  ResidentSetSize of job (KB)
...
006 (14419807.000.000) 01/26 11:29:33 Image size of job updated: 794500
	581  -  MemoryUsage of job (MB)
	594660  -  ResidentSetSize of job (KB)
...
040 (14419807.000.000) 01/26 11:29:33 Started transferring output files
...
040 (14419807.000.000) 01/26 11:29:33 Finished transferring output files
...
005 (14419807.000.000) 01/26 11:29:33 Job terminated.
	(1) Normal termination (return value 0)
		Usr 0 00:07:25, Sys 0 00:00:09  -  Run Remote Usage
		Usr 0 00:00:00, Sys 0 00:00:00  -  Run Local Usage
		Usr 0 00:07:25, Sys 0 00:00:09  -  Total Remote Usage
		Usr 0 00:00:00, Sys 0 00:00:00  -  Total Local Usage
	13168  -  Run Bytes Sent By Job
	317  -  Run Bytes Received By Job
	13168  -  Total Bytes Sent By Job
	317  -  Total Bytes Received By Job
	Partitionable Resources :    Usage  Request Allocated 
	   Cpus                 :     0.57        1         1 
	   Disk (KB)            :    36           1      3911 
	   GPUs                 :                           0 
	   Memory (MB)          :   581        3000      3000 
	   TimeExecute (s)      :   598                       
	   TimeSlotBusy (s)     :   599                       

	Job terminated of its own accord at 2026-01-26T10:29:33Z with exit-code 0.
...
