/pool/condor/dir_1322197

Opening file: /eos/user/a/amalhotr/ScoutingPFRun3/ScoutingData_2024H_TreeMakerRedone/251209_202708/0000/ScoutingTree_Output_166.root
Opened file /eos/user/a/amalhotr/ScoutingPFRun3/ScoutingData_2024H_TreeMakerRedone/251209_202708/0000/ScoutingTree_Output_166.root with 10312708 entries.
Tree opened successfully.
Total entries = 10312708

=====================================
=== Progress: 10% reached at entry 1031270 ===
=====================================

=====================================
=== Progress: 20% reached at entry 2062541 ===
=====================================

=====================================
=== Progress: 30% reached at entry 3093812 ===
=====================================

=====================================
=== Progress: 40% reached at entry 4125083 ===
=====================================

=====================================
=== Progress: 50% reached at entry 5156354 ===
=====================================

=====================================
=== Progress: 60% reached at entry 6187624 ===
=====================================

=====================================
=== Progress: 70% reached at entry 7218895 ===
=====================================

=====================================
=== Progress: 80% reached at entry 8250166 ===
=====================================

=====================================
=== Progress: 90% reached at entry 9281437 ===
=====================================

Opening file: /eos/user/a/amalhotr/ScoutingPFRun3/ScoutingData_2024H_TreeMakerRedone/251209_202708/0000/ScoutingTree_Output_167.root
Opened file /eos/user/a/amalhotr/ScoutingPFRun3/ScoutingData_2024H_TreeMakerRedone/251209_202708/0000/ScoutingTree_Output_167.root with 11095346 entries.
Tree opened successfully.
Total entries = 11095346

=====================================
=== Progress: 10% reached at entry 1109534 ===
=====================================

=====================================
=== Progress: 20% reached at entry 2219069 ===
=====================================

=====================================
=== Progress: 30% reached at entry 3328603 ===
=====================================

=====================================
=== Progress: 40% reached at entry 4438138 ===
=====================================

=====================================
=== Progress: 50% reached at entry 5547673 ===
=====================================

=====================================
=== Progress: 60% reached at entry 6657207 ===
=====================================

=====================================
=== Progress: 70% reached at entry 7766742 ===
=====================================

=====================================
=== Progress: 80% reached at entry 8876276 ===
=====================================

=====================================
=== Progress: 90% reached at entry 9985811 ===
=====================================

Opening file: /eos/user/a/amalhotr/ScoutingPFRun3/ScoutingData_2024H_TreeMakerRedone/251209_202708/0000/ScoutingTree_Output_168.root
Opened file /eos/user/a/amalhotr/ScoutingPFRun3/ScoutingData_2024H_TreeMakerRedone/251209_202708/0000/ScoutingTree_Output_168.root with 11630655 entries.
Tree opened successfully.
Total entries = 11630655

=====================================
=== Progress: 10% reached at entry 1163065 ===
=====================================

=====================================
=== Progress: 20% reached at entry 2326131 ===
=====================================

=====================================
=== Progress: 30% reached at entry 3489196 ===
=====================================

=====================================
=== Progress: 40% reached at entry 4652262 ===
=====================================

=====================================
=== Progress: 50% reached at entry 5815327 ===
=====================================

=====================================
=== Progress: 60% reached at entry 6978393 ===
=====================================

=====================================
=== Progress: 70% reached at entry 8141458 ===
=====================================

=====================================
=== Progress: 80% reached at entry 9304524 ===
=====================================

=====================================
=== Progress: 90% reached at entry 10467589 ===
=====================================

Opening file: /eos/user/a/amalhotr/ScoutingPFRun3/ScoutingData_2024H_TreeMakerRedone/251209_202708/0000/ScoutingTree_Output_169.root
Opened file /eos/user/a/amalhotr/ScoutingPFRun3/ScoutingData_2024H_TreeMakerRedone/251209_202708/0000/ScoutingTree_Output_169.root with 10840073 entries.
Tree opened successfully.
Total entries = 10840073

=====================================
=== Progress: 10% reached at entry 1084007 ===
=====================================

=====================================
=== Progress: 20% reached at entry 2168014 ===
=====================================

=====================================
=== Progress: 30% reached at entry 3252021 ===
=====================================

=====================================
=== Progress: 40% reached at entry 4336029 ===
=====================================

=====================================
=== Progress: 50% reached at entry 5420036 ===
=====================================

=====================================
=== Progress: 60% reached at entry 6504043 ===
=====================================

=====================================
=== Progress: 70% reached at entry 7588051 ===
=====================================

=====================================
=== Progress: 80% reached at entry 8672058 ===
=====================================

=====================================
=== Progress: 90% reached at entry 9756065 ===
=====================================

Finished Tree2PlotsRun3 scan.
