/pool/condor/dir_1355040

Opening file: /eos/user/a/amalhotr/ScoutingPFRun3/ScoutingData_2024H_TreeMakerRedone/251209_202708/0000/ScoutingTree_Output_782.root
Opened file /eos/user/a/amalhotr/ScoutingPFRun3/ScoutingData_2024H_TreeMakerRedone/251209_202708/0000/ScoutingTree_Output_782.root with 9384530 entries.
Tree opened successfully.
Total entries = 9384530

=====================================
=== Progress: 10% reached at entry 938453 ===
=====================================

=====================================
=== Progress: 20% reached at entry 1876906 ===
=====================================

=====================================
=== Progress: 30% reached at entry 2815359 ===
=====================================

=====================================
=== Progress: 40% reached at entry 3753812 ===
=====================================

=====================================
=== Progress: 50% reached at entry 4692265 ===
=====================================

=====================================
=== Progress: 60% reached at entry 5630718 ===
=====================================

=====================================
=== Progress: 70% reached at entry 6569171 ===
=====================================

=====================================
=== Progress: 80% reached at entry 7507624 ===
=====================================

=====================================
=== Progress: 90% reached at entry 8446077 ===
=====================================

Opening file: /eos/user/a/amalhotr/ScoutingPFRun3/ScoutingData_2024H_TreeMakerRedone/251209_202708/0000/ScoutingTree_Output_783.root
Opened file /eos/user/a/amalhotr/ScoutingPFRun3/ScoutingData_2024H_TreeMakerRedone/251209_202708/0000/ScoutingTree_Output_783.root with 9312927 entries.
Tree opened successfully.
Total entries = 9312927

=====================================
=== Progress: 10% reached at entry 931292 ===
=====================================

=====================================
=== Progress: 20% reached at entry 1862585 ===
=====================================

=====================================
=== Progress: 30% reached at entry 2793878 ===
=====================================

=====================================
=== Progress: 40% reached at entry 3725170 ===
=====================================

=====================================
=== Progress: 50% reached at entry 4656463 ===
=====================================

=====================================
=== Progress: 60% reached at entry 5587756 ===
=====================================

=====================================
=== Progress: 70% reached at entry 6519048 ===
=====================================

=====================================
=== Progress: 80% reached at entry 7450341 ===
=====================================

=====================================
=== Progress: 90% reached at entry 8381634 ===
=====================================

Opening file: /eos/user/a/amalhotr/ScoutingPFRun3/ScoutingData_2024H_TreeMakerRedone/251209_202708/0000/ScoutingTree_Output_784.root
Opened file /eos/user/a/amalhotr/ScoutingPFRun3/ScoutingData_2024H_TreeMakerRedone/251209_202708/0000/ScoutingTree_Output_784.root with 9218285 entries.
Tree opened successfully.
Total entries = 9218285

=====================================
=== Progress: 10% reached at entry 921828 ===
=====================================

=====================================
=== Progress: 20% reached at entry 1843657 ===
=====================================

=====================================
=== Progress: 30% reached at entry 2765485 ===
=====================================

=====================================
=== Progress: 40% reached at entry 3687314 ===
=====================================

=====================================
=== Progress: 50% reached at entry 4609142 ===
=====================================

=====================================
=== Progress: 60% reached at entry 5530971 ===
=====================================

=====================================
=== Progress: 70% reached at entry 6452799 ===
=====================================

=====================================
=== Progress: 80% reached at entry 7374628 ===
=====================================

=====================================
=== Progress: 90% reached at entry 8296456 ===
=====================================

Opening file: /eos/user/a/amalhotr/ScoutingPFRun3/ScoutingData_2024H_TreeMakerRedone/251209_202708/0000/ScoutingTree_Output_785.root
Opened file /eos/user/a/amalhotr/ScoutingPFRun3/ScoutingData_2024H_TreeMakerRedone/251209_202708/0000/ScoutingTree_Output_785.root with 8786735 entries.
Tree opened successfully.
Total entries = 8786735

=====================================
=== Progress: 10% reached at entry 878673 ===
=====================================

=====================================
=== Progress: 20% reached at entry 1757347 ===
=====================================

=====================================
=== Progress: 30% reached at entry 2636020 ===
=====================================

=====================================
=== Progress: 40% reached at entry 3514694 ===
=====================================

=====================================
=== Progress: 50% reached at entry 4393367 ===
=====================================

=====================================
=== Progress: 60% reached at entry 5272041 ===
=====================================

=====================================
=== Progress: 70% reached at entry 6150714 ===
=====================================

=====================================
=== Progress: 80% reached at entry 7029388 ===
=====================================

=====================================
=== Progress: 90% reached at entry 7908061 ===
=====================================

Finished Tree2PlotsRun3 scan.
