000 (14419810.000.000) 01/26 11:19:03 Job submitted from host: <188.184.90.62:9618?addrs=188.184.90.62-9618+[2001-1458-201-e4--100-238]-9618&alias=bigbird16.cern.ch&noUDP&sock=schedd_5196_9a2f>
...
040 (14419810.000.000) 01/26 11:19:34 Started transferring input files
	Transferring to host: <188.185.192.88:9618?addrs=188.185.192.88-9618+[2001-1458-303-1f--100-54]-9618&alias=b9p13p5626.cern.ch&noUDP&sock=slot1_27_997560_036f_126122>
...
040 (14419810.000.000) 01/26 11:19:34 Finished transferring input files
...
001 (14419810.000.000) 01/26 11:19:35 Job executing on host: <188.185.192.88:9618?addrs=188.185.192.88-9618+[2001-1458-303-1f--100-54]-9618&alias=b9p13p5626.cern.ch&noUDP&sock=startd_4736_149f>
	SlotName: slot1_27@b9p13p5626.cern.ch
	CondorScratchDir = "/pool/condor/dir_2137684"
	Cpus = 1
	Disk = 3932
	GPUs = 0
	Memory = 3000
...
006 (14419810.000.000) 01/26 11:19:48 Image size of job updated: 142028
	139  -  MemoryUsage of job (MB)
	142028  -  ResidentSetSize of job (KB)
...
006 (14419810.000.000) 01/26 11:24:48 Image size of job updated: 831304
	812  -  MemoryUsage of job (MB)
	830512  -  ResidentSetSize of job (KB)
...
006 (14419810.000.000) 01/26 11:29:03 Image size of job updated: 836544
	812  -  MemoryUsage of job (MB)
	830512  -  ResidentSetSize of job (KB)
...
040 (14419810.000.000) 01/26 11:29:03 Started transferring output files
...
040 (14419810.000.000) 01/26 11:29:03 Finished transferring output files
...
005 (14419810.000.000) 01/26 11:29:03 Job terminated.
	(1) Normal termination (return value 0)
		Usr 0 00:07:15, Sys 0 00:00:09  -  Run Remote Usage
		Usr 0 00:00:00, Sys 0 00:00:00  -  Run Local Usage
		Usr 0 00:07:15, Sys 0 00:00:09  -  Total Remote Usage
		Usr 0 00:00:00, Sys 0 00:00:00  -  Total Local Usage
	13020  -  Run Bytes Sent By Job
	317  -  Run Bytes Received By Job
	13020  -  Total Bytes Sent By Job
	317  -  Total Bytes Received By Job
	Partitionable Resources :    Usage  Request Allocated 
	   Cpus                 :     0.81        1         1 
	   Disk (KB)            :    36           1      3932 
	   GPUs                 :                           0 
	   Memory (MB)          :   812        3000      3000 
	   TimeExecute (s)      :   568                       
	   TimeSlotBusy (s)     :   570                       

	Job terminated of its own accord at 2026-01-26T10:29:03Z with exit-code 0.
...
