000 (14418865.000.000) 01/26 10:44:43 Job submitted from host: <188.184.90.62:9618?addrs=188.184.90.62-9618+[2001-1458-201-e4--100-238]-9618&alias=bigbird16.cern.ch&noUDP&sock=schedd_5196_9a2f>
...
040 (14418865.000.000) 01/26 10:49:12 Started transferring input files
	Transferring to host: <188.185.195.91:9618?addrs=188.185.195.91-9618+[2001-1458-303-22--100-57]-9618&alias=b9p17p4939.cern.ch&noUDP&sock=slot1_2_5463_ed77_120237>
...
040 (14418865.000.000) 01/26 10:49:12 Finished transferring input files
...
001 (14418865.000.000) 01/26 10:49:13 Job executing on host: <188.185.195.91:9618?addrs=188.185.195.91-9618+[2001-1458-303-22--100-57]-9618&alias=b9p17p4939.cern.ch&noUDP&sock=startd_4328_39fb>
	SlotName: slot1_2@b9p17p4939.cern.ch
	CondorScratchDir = "/pool/condor/dir_2163838"
	Cpus = 1
	Disk = 3916
	GPUs = 0
	Memory = 3000
...
006 (14418865.000.000) 01/26 10:49:27 Image size of job updated: 142764
	140  -  MemoryUsage of job (MB)
	142764  -  ResidentSetSize of job (KB)
...
006 (14418865.000.000) 01/26 10:54:28 Image size of job updated: 834368
	808  -  MemoryUsage of job (MB)
	826564  -  ResidentSetSize of job (KB)
...
040 (14418865.000.000) 01/26 10:56:49 Started transferring output files
...
040 (14418865.000.000) 01/26 10:56:49 Finished transferring output files
...
005 (14418865.000.000) 01/26 10:56:49 Job terminated.
	(1) Normal termination (return value 0)
		Usr 0 00:06:04, Sys 0 00:00:09  -  Run Remote Usage
		Usr 0 00:00:00, Sys 0 00:00:00  -  Run Local Usage
		Usr 0 00:06:04, Sys 0 00:00:09  -  Total Remote Usage
		Usr 0 00:00:00, Sys 0 00:00:00  -  Total Local Usage
	13285  -  Run Bytes Sent By Job
	317  -  Run Bytes Received By Job
	13285  -  Total Bytes Sent By Job
	317  -  Total Bytes Received By Job
	Partitionable Resources :    Usage  Request Allocated 
	   Cpus                 :     0.84        1         1 
	   Disk (KB)            :    36           1      3916 
	   GPUs                 :                           0 
	   Memory (MB)          :   808        3000      3000 
	   TimeExecute (s)      :   456                       
	   TimeSlotBusy (s)     :   459                       

	Job terminated of its own accord at 2026-01-26T09:56:49Z with exit-code 0.
...
