/pool/condor/dir_1743165

Opening file: /eos/user/a/amalhotr/ScoutingPFRun3/ScoutingData_2024H_TreeMakerRedone/251209_202708/0000/ScoutingTree_Output_717.root
Opened file /eos/user/a/amalhotr/ScoutingPFRun3/ScoutingData_2024H_TreeMakerRedone/251209_202708/0000/ScoutingTree_Output_717.root with 7591459 entries.
Tree opened successfully.
Total entries = 7591459

=====================================
=== Progress: 10% reached at entry 759145 ===
=====================================

=====================================
=== Progress: 20% reached at entry 1518291 ===
=====================================

=====================================
=== Progress: 30% reached at entry 2277437 ===
=====================================

=====================================
=== Progress: 40% reached at entry 3036583 ===
=====================================

=====================================
=== Progress: 50% reached at entry 3795729 ===
=====================================

=====================================
=== Progress: 60% reached at entry 4554875 ===
=====================================

=====================================
=== Progress: 70% reached at entry 5314021 ===
=====================================

=====================================
=== Progress: 80% reached at entry 6073167 ===
=====================================

=====================================
=== Progress: 90% reached at entry 6832313 ===
=====================================

Opening file: /eos/user/a/amalhotr/ScoutingPFRun3/ScoutingData_2024H_TreeMakerRedone/251209_202708/0000/ScoutingTree_Output_718.root
Opened file /eos/user/a/amalhotr/ScoutingPFRun3/ScoutingData_2024H_TreeMakerRedone/251209_202708/0000/ScoutingTree_Output_718.root with 7887939 entries.
Tree opened successfully.
Total entries = 7887939

=====================================
=== Progress: 10% reached at entry 788793 ===
=====================================

=====================================
=== Progress: 20% reached at entry 1577587 ===
=====================================

=====================================
=== Progress: 30% reached at entry 2366381 ===
=====================================

=====================================
=== Progress: 40% reached at entry 3155175 ===
=====================================

=====================================
=== Progress: 50% reached at entry 3943969 ===
=====================================

=====================================
=== Progress: 60% reached at entry 4732763 ===
=====================================

=====================================
=== Progress: 70% reached at entry 5521557 ===
=====================================

=====================================
=== Progress: 80% reached at entry 6310351 ===
=====================================

=====================================
=== Progress: 90% reached at entry 7099145 ===
=====================================

Opening file: /eos/user/a/amalhotr/ScoutingPFRun3/ScoutingData_2024H_TreeMakerRedone/251209_202708/0000/ScoutingTree_Output_719.root
Opened file /eos/user/a/amalhotr/ScoutingPFRun3/ScoutingData_2024H_TreeMakerRedone/251209_202708/0000/ScoutingTree_Output_719.root with 8228688 entries.
Tree opened successfully.
Total entries = 8228688

=====================================
=== Progress: 10% reached at entry 822868 ===
=====================================

=====================================
=== Progress: 20% reached at entry 1645737 ===
=====================================

=====================================
=== Progress: 30% reached at entry 2468606 ===
=====================================

=====================================
=== Progress: 40% reached at entry 3291475 ===
=====================================

=====================================
=== Progress: 50% reached at entry 4114344 ===
=====================================

=====================================
=== Progress: 60% reached at entry 4937212 ===
=====================================

=====================================
=== Progress: 70% reached at entry 5760081 ===
=====================================

=====================================
=== Progress: 80% reached at entry 6582950 ===
=====================================

=====================================
=== Progress: 90% reached at entry 7405819 ===
=====================================

Opening file: /eos/user/a/amalhotr/ScoutingPFRun3/ScoutingData_2024H_TreeMakerRedone/251209_202708/0000/ScoutingTree_Output_71.root
Opened file /eos/user/a/amalhotr/ScoutingPFRun3/ScoutingData_2024H_TreeMakerRedone/251209_202708/0000/ScoutingTree_Output_71.root with 7497199 entries.
Tree opened successfully.
Total entries = 7497199

=====================================
=== Progress: 10% reached at entry 749719 ===
=====================================

=====================================
=== Progress: 20% reached at entry 1499439 ===
=====================================

=====================================
=== Progress: 30% reached at entry 2249159 ===
=====================================

=====================================
=== Progress: 40% reached at entry 2998879 ===
=====================================

=====================================
=== Progress: 50% reached at entry 3748599 ===
=====================================

=====================================
=== Progress: 60% reached at entry 4498319 ===
=====================================

=====================================
=== Progress: 70% reached at entry 5248039 ===
=====================================

=====================================
=== Progress: 80% reached at entry 5997759 ===
=====================================

=====================================
=== Progress: 90% reached at entry 6747479 ===
=====================================

Finished Tree2PlotsRun3 scan.
