/pool/condor/dir_1330047

Opening file: /eos/user/a/amalhotr/ScoutingPFRun3/ScoutingData_2024H_TreeMakerRedone/251209_202708/0000/ScoutingTree_Output_443.root
Opened file /eos/user/a/amalhotr/ScoutingPFRun3/ScoutingData_2024H_TreeMakerRedone/251209_202708/0000/ScoutingTree_Output_443.root with 7342664 entries.
Tree opened successfully.
Total entries = 7342664

=====================================
=== Progress: 10% reached at entry 734266 ===
=====================================

=====================================
=== Progress: 20% reached at entry 1468532 ===
=====================================

=====================================
=== Progress: 30% reached at entry 2202799 ===
=====================================

=====================================
=== Progress: 40% reached at entry 2937065 ===
=====================================

=====================================
=== Progress: 50% reached at entry 3671332 ===
=====================================

=====================================
=== Progress: 60% reached at entry 4405598 ===
=====================================

=====================================
=== Progress: 70% reached at entry 5139864 ===
=====================================

=====================================
=== Progress: 80% reached at entry 5874131 ===
=====================================

=====================================
=== Progress: 90% reached at entry 6608397 ===
=====================================

Opening file: /eos/user/a/amalhotr/ScoutingPFRun3/ScoutingData_2024H_TreeMakerRedone/251209_202708/0000/ScoutingTree_Output_444.root
Opened file /eos/user/a/amalhotr/ScoutingPFRun3/ScoutingData_2024H_TreeMakerRedone/251209_202708/0000/ScoutingTree_Output_444.root with 7674489 entries.
Tree opened successfully.
Total entries = 7674489

=====================================
=== Progress: 10% reached at entry 767448 ===
=====================================

=====================================
=== Progress: 20% reached at entry 1534897 ===
=====================================

=====================================
=== Progress: 30% reached at entry 2302346 ===
=====================================

=====================================
=== Progress: 40% reached at entry 3069795 ===
=====================================

=====================================
=== Progress: 50% reached at entry 3837244 ===
=====================================

=====================================
=== Progress: 60% reached at entry 4604693 ===
=====================================

=====================================
=== Progress: 70% reached at entry 5372142 ===
=====================================

=====================================
=== Progress: 80% reached at entry 6139591 ===
=====================================

=====================================
=== Progress: 90% reached at entry 6907040 ===
=====================================

Opening file: /eos/user/a/amalhotr/ScoutingPFRun3/ScoutingData_2024H_TreeMakerRedone/251209_202708/0000/ScoutingTree_Output_445.root
Opened file /eos/user/a/amalhotr/ScoutingPFRun3/ScoutingData_2024H_TreeMakerRedone/251209_202708/0000/ScoutingTree_Output_445.root with 7808337 entries.
Tree opened successfully.
Total entries = 7808337

=====================================
=== Progress: 10% reached at entry 780833 ===
=====================================

=====================================
=== Progress: 20% reached at entry 1561667 ===
=====================================

=====================================
=== Progress: 30% reached at entry 2342501 ===
=====================================

=====================================
=== Progress: 40% reached at entry 3123334 ===
=====================================

=====================================
=== Progress: 50% reached at entry 3904168 ===
=====================================

=====================================
=== Progress: 60% reached at entry 4685002 ===
=====================================

=====================================
=== Progress: 70% reached at entry 5465835 ===
=====================================

=====================================
=== Progress: 80% reached at entry 6246669 ===
=====================================

=====================================
=== Progress: 90% reached at entry 7027503 ===
=====================================

Opening file: /eos/user/a/amalhotr/ScoutingPFRun3/ScoutingData_2024H_TreeMakerRedone/251209_202708/0000/ScoutingTree_Output_446.root
Opened file /eos/user/a/amalhotr/ScoutingPFRun3/ScoutingData_2024H_TreeMakerRedone/251209_202708/0000/ScoutingTree_Output_446.root with 7363061 entries.
Tree opened successfully.
Total entries = 7363061

=====================================
=== Progress: 10% reached at entry 736306 ===
=====================================

=====================================
=== Progress: 20% reached at entry 1472612 ===
=====================================

=====================================
=== Progress: 30% reached at entry 2208918 ===
=====================================

=====================================
=== Progress: 40% reached at entry 2945224 ===
=====================================

=====================================
=== Progress: 50% reached at entry 3681530 ===
=====================================

=====================================
=== Progress: 60% reached at entry 4417836 ===
=====================================

=====================================
=== Progress: 70% reached at entry 5154142 ===
=====================================

=====================================
=== Progress: 80% reached at entry 5890448 ===
=====================================

=====================================
=== Progress: 90% reached at entry 6626754 ===
=====================================

Finished Tree2PlotsRun3 scan.
