/pool/condor/dir_2006537

Opening file: /eos/user/a/amalhotr/ScoutingPFRun3/ScoutingData_2024H_TreeMakerRedone/251209_202708/0000/ScoutingTree_Output_599.root
Opened file /eos/user/a/amalhotr/ScoutingPFRun3/ScoutingData_2024H_TreeMakerRedone/251209_202708/0000/ScoutingTree_Output_599.root with 9788576 entries.
Tree opened successfully.
Total entries = 9788576

=====================================
=== Progress: 10% reached at entry 978857 ===
=====================================

=====================================
=== Progress: 20% reached at entry 1957715 ===
=====================================

=====================================
=== Progress: 30% reached at entry 2936572 ===
=====================================

=====================================
=== Progress: 40% reached at entry 3915430 ===
=====================================

=====================================
=== Progress: 50% reached at entry 4894288 ===
=====================================

=====================================
=== Progress: 60% reached at entry 5873145 ===
=====================================

=====================================
=== Progress: 70% reached at entry 6852003 ===
=====================================

=====================================
=== Progress: 80% reached at entry 7830860 ===
=====================================

=====================================
=== Progress: 90% reached at entry 8809718 ===
=====================================

Opening file: /eos/user/a/amalhotr/ScoutingPFRun3/ScoutingData_2024H_TreeMakerRedone/251209_202708/0000/ScoutingTree_Output_59.root
Opened file /eos/user/a/amalhotr/ScoutingPFRun3/ScoutingData_2024H_TreeMakerRedone/251209_202708/0000/ScoutingTree_Output_59.root with 9184130 entries.
Tree opened successfully.
Total entries = 9184130

=====================================
=== Progress: 10% reached at entry 918413 ===
=====================================

=====================================
=== Progress: 20% reached at entry 1836826 ===
=====================================

=====================================
=== Progress: 30% reached at entry 2755239 ===
=====================================

=====================================
=== Progress: 40% reached at entry 3673652 ===
=====================================

=====================================
=== Progress: 50% reached at entry 4592065 ===
=====================================

=====================================
=== Progress: 60% reached at entry 5510478 ===
=====================================

=====================================
=== Progress: 70% reached at entry 6428891 ===
=====================================

=====================================
=== Progress: 80% reached at entry 7347304 ===
=====================================

=====================================
=== Progress: 90% reached at entry 8265717 ===
=====================================

Opening file: /eos/user/a/amalhotr/ScoutingPFRun3/ScoutingData_2024H_TreeMakerRedone/251209_202708/0000/ScoutingTree_Output_5.root
Opened file /eos/user/a/amalhotr/ScoutingPFRun3/ScoutingData_2024H_TreeMakerRedone/251209_202708/0000/ScoutingTree_Output_5.root with 8382341 entries.
Tree opened successfully.
Total entries = 8382341

=====================================
=== Progress: 10% reached at entry 838234 ===
=====================================

=====================================
=== Progress: 20% reached at entry 1676468 ===
=====================================

=====================================
=== Progress: 30% reached at entry 2514702 ===
=====================================

=====================================
=== Progress: 40% reached at entry 3352936 ===
=====================================

=====================================
=== Progress: 50% reached at entry 4191170 ===
=====================================

=====================================
=== Progress: 60% reached at entry 5029404 ===
=====================================

=====================================
=== Progress: 70% reached at entry 5867638 ===
=====================================

=====================================
=== Progress: 80% reached at entry 6705872 ===
=====================================

=====================================
=== Progress: 90% reached at entry 7544106 ===
=====================================

Opening file: /eos/user/a/amalhotr/ScoutingPFRun3/ScoutingData_2024H_TreeMakerRedone/251209_202708/0000/ScoutingTree_Output_600.root
Opened file /eos/user/a/amalhotr/ScoutingPFRun3/ScoutingData_2024H_TreeMakerRedone/251209_202708/0000/ScoutingTree_Output_600.root with 10365611 entries.
Tree opened successfully.
Total entries = 10365611

=====================================
=== Progress: 10% reached at entry 1036561 ===
=====================================

=====================================
=== Progress: 20% reached at entry 2073122 ===
=====================================

=====================================
=== Progress: 30% reached at entry 3109683 ===
=====================================

=====================================
=== Progress: 40% reached at entry 4146244 ===
=====================================

=====================================
=== Progress: 50% reached at entry 5182805 ===
=====================================

=====================================
=== Progress: 60% reached at entry 6219366 ===
=====================================

=====================================
=== Progress: 70% reached at entry 7255927 ===
=====================================

=====================================
=== Progress: 80% reached at entry 8292488 ===
=====================================

=====================================
=== Progress: 90% reached at entry 9329049 ===
=====================================

Finished Tree2PlotsRun3 scan.
