000 (14418781.000.000) 01/26 10:11:26 Job submitted from host: <188.184.90.62:9618?addrs=188.184.90.62-9618+[2001-1458-201-e4--100-238]-9618&alias=bigbird16.cern.ch&noUDP&sock=schedd_5196_9a2f>
...
040 (14418781.000.000) 01/26 10:14:04 Started transferring input files
	Transferring to host: <188.185.193.66:9618?addrs=188.185.193.66-9618+[2001-1458-303-20--100-3e]-9618&alias=b9p19p7061.cern.ch&noUDP&sock=slot1_15_5652_185f_120153>
...
040 (14418781.000.000) 01/26 10:14:04 Finished transferring input files
...
001 (14418781.000.000) 01/26 10:14:05 Job executing on host: <188.185.193.66:9618?addrs=188.185.193.66-9618+[2001-1458-303-20--100-3e]-9618&alias=b9p19p7061.cern.ch&noUDP&sock=startd_4537_9546>
	SlotName: slot1_15@b9p19p7061.cern.ch
	CondorScratchDir = "/pool/condor/dir_1657835"
	Cpus = 1
	Disk = 3896
	GPUs = 0
	Memory = 3000
...
006 (14418781.000.000) 01/26 10:14:19 Image size of job updated: 137984
	135  -  MemoryUsage of job (MB)
	137984  -  ResidentSetSize of job (KB)
...
006 (14418781.000.000) 01/26 10:19:20 Image size of job updated: 849448
	801  -  MemoryUsage of job (MB)
	820132  -  ResidentSetSize of job (KB)
...
040 (14418781.000.000) 01/26 10:22:12 Started transferring output files
...
040 (14418781.000.000) 01/26 10:22:12 Finished transferring output files
...
005 (14418781.000.000) 01/26 10:22:12 Job terminated.
	(1) Normal termination (return value 0)
		Usr 0 00:06:09, Sys 0 00:00:13  -  Run Remote Usage
		Usr 0 00:00:00, Sys 0 00:00:00  -  Run Local Usage
		Usr 0 00:06:09, Sys 0 00:00:13  -  Total Remote Usage
		Usr 0 00:00:00, Sys 0 00:00:00  -  Total Local Usage
	13163  -  Run Bytes Sent By Job
	317  -  Run Bytes Received By Job
	13163  -  Total Bytes Sent By Job
	317  -  Total Bytes Received By Job
	Partitionable Resources :    Usage  Request Allocated 
	   Cpus                 :     0.88        1         1 
	   Disk (KB)            :    36           1      3896 
	   GPUs                 :                           0 
	   Memory (MB)          :   801        3000      3000 
	   TimeExecute (s)      :   487                       
	   TimeSlotBusy (s)     :   489                       

	Job terminated of its own accord at 2026-01-26T09:22:12Z with exit-code 0.
...
