/pool/condor/dir_3877369

Opening file: /eos/user/a/amalhotr/ScoutingPFRun3/ScoutingData_2024H_TreeMakerRedone/251209_202708/0000/ScoutingTree_Output_533.root
Opened file /eos/user/a/amalhotr/ScoutingPFRun3/ScoutingData_2024H_TreeMakerRedone/251209_202708/0000/ScoutingTree_Output_533.root with 8359710 entries.
Tree opened successfully.
Total entries = 8359710

=====================================
=== Progress: 10% reached at entry 835971 ===
=====================================

=====================================
=== Progress: 20% reached at entry 1671942 ===
=====================================

=====================================
=== Progress: 30% reached at entry 2507913 ===
=====================================

=====================================
=== Progress: 40% reached at entry 3343884 ===
=====================================

=====================================
=== Progress: 50% reached at entry 4179855 ===
=====================================

=====================================
=== Progress: 60% reached at entry 5015826 ===
=====================================

=====================================
=== Progress: 70% reached at entry 5851797 ===
=====================================

=====================================
=== Progress: 80% reached at entry 6687768 ===
=====================================

=====================================
=== Progress: 90% reached at entry 7523739 ===
=====================================

Opening file: /eos/user/a/amalhotr/ScoutingPFRun3/ScoutingData_2024H_TreeMakerRedone/251209_202708/0000/ScoutingTree_Output_534.root
Opened file /eos/user/a/amalhotr/ScoutingPFRun3/ScoutingData_2024H_TreeMakerRedone/251209_202708/0000/ScoutingTree_Output_534.root with 8395954 entries.
Tree opened successfully.
Total entries = 8395954

=====================================
=== Progress: 10% reached at entry 839595 ===
=====================================

=====================================
=== Progress: 20% reached at entry 1679190 ===
=====================================

=====================================
=== Progress: 30% reached at entry 2518786 ===
=====================================

=====================================
=== Progress: 40% reached at entry 3358381 ===
=====================================

=====================================
=== Progress: 50% reached at entry 4197977 ===
=====================================

=====================================
=== Progress: 60% reached at entry 5037572 ===
=====================================

=====================================
=== Progress: 70% reached at entry 5877167 ===
=====================================

=====================================
=== Progress: 80% reached at entry 6716763 ===
=====================================

=====================================
=== Progress: 90% reached at entry 7556358 ===
=====================================

Opening file: /eos/user/a/amalhotr/ScoutingPFRun3/ScoutingData_2024H_TreeMakerRedone/251209_202708/0000/ScoutingTree_Output_535.root
Opened file /eos/user/a/amalhotr/ScoutingPFRun3/ScoutingData_2024H_TreeMakerRedone/251209_202708/0000/ScoutingTree_Output_535.root with 8139210 entries.
Tree opened successfully.
Total entries = 8139210

=====================================
=== Progress: 10% reached at entry 813921 ===
=====================================

=====================================
=== Progress: 20% reached at entry 1627842 ===
=====================================

=====================================
=== Progress: 30% reached at entry 2441763 ===
=====================================

=====================================
=== Progress: 40% reached at entry 3255684 ===
=====================================

=====================================
=== Progress: 50% reached at entry 4069605 ===
=====================================

=====================================
=== Progress: 60% reached at entry 4883526 ===
=====================================

=====================================
=== Progress: 70% reached at entry 5697447 ===
=====================================

=====================================
=== Progress: 80% reached at entry 6511368 ===
=====================================

=====================================
=== Progress: 90% reached at entry 7325289 ===
=====================================

Opening file: /eos/user/a/amalhotr/ScoutingPFRun3/ScoutingData_2024H_TreeMakerRedone/251209_202708/0000/ScoutingTree_Output_536.root
Opened file /eos/user/a/amalhotr/ScoutingPFRun3/ScoutingData_2024H_TreeMakerRedone/251209_202708/0000/ScoutingTree_Output_536.root with 8100596 entries.
Tree opened successfully.
Total entries = 8100596

=====================================
=== Progress: 10% reached at entry 810059 ===
=====================================

=====================================
=== Progress: 20% reached at entry 1620119 ===
=====================================

=====================================
=== Progress: 30% reached at entry 2430178 ===
=====================================

=====================================
=== Progress: 40% reached at entry 3240238 ===
=====================================

=====================================
=== Progress: 50% reached at entry 4050298 ===
=====================================

=====================================
=== Progress: 60% reached at entry 4860357 ===
=====================================

=====================================
=== Progress: 70% reached at entry 5670417 ===
=====================================

=====================================
=== Progress: 80% reached at entry 6480476 ===
=====================================

=====================================
=== Progress: 90% reached at entry 7290536 ===
=====================================

Finished Tree2PlotsRun3 scan.
