/pool/condor/dir_444066

Opening file: /eos/user/a/amalhotr/ScoutingPFRun3/ScoutingData_2024H_TreeMakerRedone/251209_202708/0000/ScoutingTree_Output_548.root
Opened file /eos/user/a/amalhotr/ScoutingPFRun3/ScoutingData_2024H_TreeMakerRedone/251209_202708/0000/ScoutingTree_Output_548.root with 8404982 entries.
Tree opened successfully.
Total entries = 8404982

=====================================
=== Progress: 10% reached at entry 840498 ===
=====================================

=====================================
=== Progress: 20% reached at entry 1680996 ===
=====================================

=====================================
=== Progress: 30% reached at entry 2521494 ===
=====================================

=====================================
=== Progress: 40% reached at entry 3361992 ===
=====================================

=====================================
=== Progress: 50% reached at entry 4202491 ===
=====================================

=====================================
=== Progress: 60% reached at entry 5042989 ===
=====================================

=====================================
=== Progress: 70% reached at entry 5883487 ===
=====================================

=====================================
=== Progress: 80% reached at entry 6723985 ===
=====================================

=====================================
=== Progress: 90% reached at entry 7564483 ===
=====================================

Opening file: /eos/user/a/amalhotr/ScoutingPFRun3/ScoutingData_2024H_TreeMakerRedone/251209_202708/0000/ScoutingTree_Output_549.root
Opened file /eos/user/a/amalhotr/ScoutingPFRun3/ScoutingData_2024H_TreeMakerRedone/251209_202708/0000/ScoutingTree_Output_549.root with 8396566 entries.
Tree opened successfully.
Total entries = 8396566

=====================================
=== Progress: 10% reached at entry 839656 ===
=====================================

=====================================
=== Progress: 20% reached at entry 1679313 ===
=====================================

=====================================
=== Progress: 30% reached at entry 2518969 ===
=====================================

=====================================
=== Progress: 40% reached at entry 3358626 ===
=====================================

=====================================
=== Progress: 50% reached at entry 4198283 ===
=====================================

=====================================
=== Progress: 60% reached at entry 5037939 ===
=====================================

=====================================
=== Progress: 70% reached at entry 5877596 ===
=====================================

=====================================
=== Progress: 80% reached at entry 6717252 ===
=====================================

=====================================
=== Progress: 90% reached at entry 7556909 ===
=====================================

Opening file: /eos/user/a/amalhotr/ScoutingPFRun3/ScoutingData_2024H_TreeMakerRedone/251209_202708/0000/ScoutingTree_Output_54.root
Opened file /eos/user/a/amalhotr/ScoutingPFRun3/ScoutingData_2024H_TreeMakerRedone/251209_202708/0000/ScoutingTree_Output_54.root with 8042263 entries.
Tree opened successfully.
Total entries = 8042263

=====================================
=== Progress: 10% reached at entry 804226 ===
=====================================

=====================================
=== Progress: 20% reached at entry 1608452 ===
=====================================

=====================================
=== Progress: 30% reached at entry 2412678 ===
=====================================

=====================================
=== Progress: 40% reached at entry 3216905 ===
=====================================

=====================================
=== Progress: 50% reached at entry 4021131 ===
=====================================

=====================================
=== Progress: 60% reached at entry 4825357 ===
=====================================

=====================================
=== Progress: 70% reached at entry 5629584 ===
=====================================

=====================================
=== Progress: 80% reached at entry 6433810 ===
=====================================

=====================================
=== Progress: 90% reached at entry 7238036 ===
=====================================

Opening file: /eos/user/a/amalhotr/ScoutingPFRun3/ScoutingData_2024H_TreeMakerRedone/251209_202708/0000/ScoutingTree_Output_550.root
Opened file /eos/user/a/amalhotr/ScoutingPFRun3/ScoutingData_2024H_TreeMakerRedone/251209_202708/0000/ScoutingTree_Output_550.root with 8234044 entries.
Tree opened successfully.
Total entries = 8234044

=====================================
=== Progress: 10% reached at entry 823404 ===
=====================================

=====================================
=== Progress: 20% reached at entry 1646808 ===
=====================================

=====================================
=== Progress: 30% reached at entry 2470213 ===
=====================================

=====================================
=== Progress: 40% reached at entry 3293617 ===
=====================================

=====================================
=== Progress: 50% reached at entry 4117022 ===
=====================================

=====================================
=== Progress: 60% reached at entry 4940426 ===
=====================================

=====================================
=== Progress: 70% reached at entry 5763830 ===
=====================================

=====================================
=== Progress: 80% reached at entry 6587235 ===
=====================================

=====================================
=== Progress: 90% reached at entry 7410639 ===
=====================================

Finished Tree2PlotsRun3 scan.
