/pool/condor/dir_1689684

Opening file: /eos/user/a/amalhotr/ScoutingPFRun3/ScoutingData_2024H_TreeMakerRedone/251209_202708/0000/ScoutingTree_Output_199.root
Opened file /eos/user/a/amalhotr/ScoutingPFRun3/ScoutingData_2024H_TreeMakerRedone/251209_202708/0000/ScoutingTree_Output_199.root with 11214565 entries.
Tree opened successfully.
Total entries = 11214565

=====================================
=== Progress: 10% reached at entry 1121456 ===
=====================================

=====================================
=== Progress: 20% reached at entry 2242913 ===
=====================================

=====================================
=== Progress: 30% reached at entry 3364369 ===
=====================================

=====================================
=== Progress: 40% reached at entry 4485826 ===
=====================================

=====================================
=== Progress: 50% reached at entry 5607282 ===
=====================================

=====================================
=== Progress: 60% reached at entry 6728739 ===
=====================================

=====================================
=== Progress: 70% reached at entry 7850195 ===
=====================================

=====================================
=== Progress: 80% reached at entry 8971652 ===
=====================================

=====================================
=== Progress: 90% reached at entry 10093108 ===
=====================================

Opening file: /eos/user/a/amalhotr/ScoutingPFRun3/ScoutingData_2024H_TreeMakerRedone/251209_202708/0000/ScoutingTree_Output_19.root
Opened file /eos/user/a/amalhotr/ScoutingPFRun3/ScoutingData_2024H_TreeMakerRedone/251209_202708/0000/ScoutingTree_Output_19.root with 8085379 entries.
Tree opened successfully.
Total entries = 8085379

=====================================
=== Progress: 10% reached at entry 808537 ===
=====================================

=====================================
=== Progress: 20% reached at entry 1617075 ===
=====================================

=====================================
=== Progress: 30% reached at entry 2425613 ===
=====================================

=====================================
=== Progress: 40% reached at entry 3234151 ===
=====================================

=====================================
=== Progress: 50% reached at entry 4042689 ===
=====================================

=====================================
=== Progress: 60% reached at entry 4851227 ===
=====================================

=====================================
=== Progress: 70% reached at entry 5659765 ===
=====================================

=====================================
=== Progress: 80% reached at entry 6468303 ===
=====================================

=====================================
=== Progress: 90% reached at entry 7276841 ===
=====================================

Opening file: /eos/user/a/amalhotr/ScoutingPFRun3/ScoutingData_2024H_TreeMakerRedone/251209_202708/0000/ScoutingTree_Output_1.root
Opened file /eos/user/a/amalhotr/ScoutingPFRun3/ScoutingData_2024H_TreeMakerRedone/251209_202708/0000/ScoutingTree_Output_1.root with 8374524 entries.
Tree opened successfully.
Total entries = 8374524

=====================================
=== Progress: 10% reached at entry 837452 ===
=====================================

=====================================
=== Progress: 20% reached at entry 1674904 ===
=====================================

=====================================
=== Progress: 30% reached at entry 2512357 ===
=====================================

=====================================
=== Progress: 40% reached at entry 3349809 ===
=====================================

=====================================
=== Progress: 50% reached at entry 4187262 ===
=====================================

=====================================
=== Progress: 60% reached at entry 5024714 ===
=====================================

=====================================
=== Progress: 70% reached at entry 5862166 ===
=====================================

=====================================
=== Progress: 80% reached at entry 6699619 ===
=====================================

=====================================
=== Progress: 90% reached at entry 7537071 ===
=====================================

Opening file: /eos/user/a/amalhotr/ScoutingPFRun3/ScoutingData_2024H_TreeMakerRedone/251209_202708/0000/ScoutingTree_Output_200.root
Opened file /eos/user/a/amalhotr/ScoutingPFRun3/ScoutingData_2024H_TreeMakerRedone/251209_202708/0000/ScoutingTree_Output_200.root with 11264554 entries.
Tree opened successfully.
Total entries = 11264554

=====================================
=== Progress: 10% reached at entry 1126455 ===
=====================================

=====================================
=== Progress: 20% reached at entry 2252910 ===
=====================================

=====================================
=== Progress: 30% reached at entry 3379366 ===
=====================================

=====================================
=== Progress: 40% reached at entry 4505821 ===
=====================================

=====================================
=== Progress: 50% reached at entry 5632277 ===
=====================================

=====================================
=== Progress: 60% reached at entry 6758732 ===
=====================================

=====================================
=== Progress: 70% reached at entry 7885187 ===
=====================================

=====================================
=== Progress: 80% reached at entry 9011643 ===
=====================================

=====================================
=== Progress: 90% reached at entry 10138098 ===
=====================================

Finished Tree2PlotsRun3 scan.
