/pool/condor/dir_3017472

Opening file: /eos/user/a/amalhotr/ScoutingPFRun3/ScoutingData_2024H_TreeMakerRedone/251209_202708/0000/ScoutingTree_Output_148.root
Opened file /eos/user/a/amalhotr/ScoutingPFRun3/ScoutingData_2024H_TreeMakerRedone/251209_202708/0000/ScoutingTree_Output_148.root with 10690678 entries.
Tree opened successfully.
Total entries = 10690678

=====================================
=== Progress: 10% reached at entry 1069067 ===
=====================================

=====================================
=== Progress: 20% reached at entry 2138135 ===
=====================================

=====================================
=== Progress: 30% reached at entry 3207203 ===
=====================================

=====================================
=== Progress: 40% reached at entry 4276271 ===
=====================================

=====================================
=== Progress: 50% reached at entry 5345339 ===
=====================================

=====================================
=== Progress: 60% reached at entry 6414406 ===
=====================================

=====================================
=== Progress: 70% reached at entry 7483474 ===
=====================================

=====================================
=== Progress: 80% reached at entry 8552542 ===
=====================================

=====================================
=== Progress: 90% reached at entry 9621610 ===
=====================================

Opening file: /eos/user/a/amalhotr/ScoutingPFRun3/ScoutingData_2024H_TreeMakerRedone/251209_202708/0000/ScoutingTree_Output_149.root
Opened file /eos/user/a/amalhotr/ScoutingPFRun3/ScoutingData_2024H_TreeMakerRedone/251209_202708/0000/ScoutingTree_Output_149.root with 11439619 entries.
Tree opened successfully.
Total entries = 11439619

=====================================
=== Progress: 10% reached at entry 1143961 ===
=====================================

=====================================
=== Progress: 20% reached at entry 2287923 ===
=====================================

=====================================
=== Progress: 30% reached at entry 3431885 ===
=====================================

=====================================
=== Progress: 40% reached at entry 4575847 ===
=====================================

=====================================
=== Progress: 50% reached at entry 5719809 ===
=====================================

=====================================
=== Progress: 60% reached at entry 6863771 ===
=====================================

=====================================
=== Progress: 70% reached at entry 8007733 ===
=====================================

=====================================
=== Progress: 80% reached at entry 9151695 ===
=====================================

=====================================
=== Progress: 90% reached at entry 10295657 ===
=====================================

Opening file: /eos/user/a/amalhotr/ScoutingPFRun3/ScoutingData_2024H_TreeMakerRedone/251209_202708/0000/ScoutingTree_Output_14.root
Opened file /eos/user/a/amalhotr/ScoutingPFRun3/ScoutingData_2024H_TreeMakerRedone/251209_202708/0000/ScoutingTree_Output_14.root with 8366577 entries.
Tree opened successfully.
Total entries = 8366577

=====================================
=== Progress: 10% reached at entry 836657 ===
=====================================

=====================================
=== Progress: 20% reached at entry 1673315 ===
=====================================

=====================================
=== Progress: 30% reached at entry 2509973 ===
=====================================

=====================================
=== Progress: 40% reached at entry 3346630 ===
=====================================

=====================================
=== Progress: 50% reached at entry 4183288 ===
=====================================

=====================================
=== Progress: 60% reached at entry 5019946 ===
=====================================

=====================================
=== Progress: 70% reached at entry 5856603 ===
=====================================

=====================================
=== Progress: 80% reached at entry 6693261 ===
=====================================

=====================================
=== Progress: 90% reached at entry 7529919 ===
=====================================

Opening file: /eos/user/a/amalhotr/ScoutingPFRun3/ScoutingData_2024H_TreeMakerRedone/251209_202708/0000/ScoutingTree_Output_150.root
Opened file /eos/user/a/amalhotr/ScoutingPFRun3/ScoutingData_2024H_TreeMakerRedone/251209_202708/0000/ScoutingTree_Output_150.root with 10986018 entries.
Tree opened successfully.
Total entries = 10986018

=====================================
=== Progress: 10% reached at entry 1098601 ===
=====================================

=====================================
=== Progress: 20% reached at entry 2197203 ===
=====================================

=====================================
=== Progress: 30% reached at entry 3295805 ===
=====================================

=====================================
=== Progress: 40% reached at entry 4394407 ===
=====================================

=====================================
=== Progress: 50% reached at entry 5493009 ===
=====================================

=====================================
=== Progress: 60% reached at entry 6591610 ===
=====================================

=====================================
=== Progress: 70% reached at entry 7690212 ===
=====================================

=====================================
=== Progress: 80% reached at entry 8788814 ===
=====================================

=====================================
=== Progress: 90% reached at entry 9887416 ===
=====================================

Finished Tree2PlotsRun3 scan.
