/pool/condor/dir_2652593

Opening file: /eos/user/a/amalhotr/ScoutingPFRun3/ScoutingData_2024H_TreeMakerRedone/251209_202708/0000/ScoutingTree_Output_140.root
Opened file /eos/user/a/amalhotr/ScoutingPFRun3/ScoutingData_2024H_TreeMakerRedone/251209_202708/0000/ScoutingTree_Output_140.root with 8299917 entries.
Tree opened successfully.
Total entries = 8299917

=====================================
=== Progress: 10% reached at entry 829991 ===
=====================================

=====================================
=== Progress: 20% reached at entry 1659983 ===
=====================================

=====================================
=== Progress: 30% reached at entry 2489975 ===
=====================================

=====================================
=== Progress: 40% reached at entry 3319966 ===
=====================================

=====================================
=== Progress: 50% reached at entry 4149958 ===
=====================================

=====================================
=== Progress: 60% reached at entry 4979950 ===
=====================================

=====================================
=== Progress: 70% reached at entry 5809941 ===
=====================================

=====================================
=== Progress: 80% reached at entry 6639933 ===
=====================================

=====================================
=== Progress: 90% reached at entry 7469925 ===
=====================================

Opening file: /eos/user/a/amalhotr/ScoutingPFRun3/ScoutingData_2024H_TreeMakerRedone/251209_202708/0000/ScoutingTree_Output_141.root
Opened file /eos/user/a/amalhotr/ScoutingPFRun3/ScoutingData_2024H_TreeMakerRedone/251209_202708/0000/ScoutingTree_Output_141.root with 8239478 entries.
Tree opened successfully.
Total entries = 8239478

=====================================
=== Progress: 10% reached at entry 823947 ===
=====================================

=====================================
=== Progress: 20% reached at entry 1647895 ===
=====================================

=====================================
=== Progress: 30% reached at entry 2471843 ===
=====================================

=====================================
=== Progress: 40% reached at entry 3295791 ===
=====================================

=====================================
=== Progress: 50% reached at entry 4119739 ===
=====================================

=====================================
=== Progress: 60% reached at entry 4943686 ===
=====================================

=====================================
=== Progress: 70% reached at entry 5767634 ===
=====================================

=====================================
=== Progress: 80% reached at entry 6591582 ===
=====================================

=====================================
=== Progress: 90% reached at entry 7415530 ===
=====================================

Opening file: /eos/user/a/amalhotr/ScoutingPFRun3/ScoutingData_2024H_TreeMakerRedone/251209_202708/0000/ScoutingTree_Output_142.root
Opened file /eos/user/a/amalhotr/ScoutingPFRun3/ScoutingData_2024H_TreeMakerRedone/251209_202708/0000/ScoutingTree_Output_142.root with 8275783 entries.
Tree opened successfully.
Total entries = 8275783

=====================================
=== Progress: 10% reached at entry 827578 ===
=====================================

=====================================
=== Progress: 20% reached at entry 1655156 ===
=====================================

=====================================
=== Progress: 30% reached at entry 2482734 ===
=====================================

=====================================
=== Progress: 40% reached at entry 3310313 ===
=====================================

=====================================
=== Progress: 50% reached at entry 4137891 ===
=====================================

=====================================
=== Progress: 60% reached at entry 4965469 ===
=====================================

=====================================
=== Progress: 70% reached at entry 5793048 ===
=====================================

=====================================
=== Progress: 80% reached at entry 6620626 ===
=====================================

=====================================
=== Progress: 90% reached at entry 7448204 ===
=====================================

Opening file: /eos/user/a/amalhotr/ScoutingPFRun3/ScoutingData_2024H_TreeMakerRedone/251209_202708/0000/ScoutingTree_Output_143.root
Opened file /eos/user/a/amalhotr/ScoutingPFRun3/ScoutingData_2024H_TreeMakerRedone/251209_202708/0000/ScoutingTree_Output_143.root with 7805372 entries.
Tree opened successfully.
Total entries = 7805372

=====================================
=== Progress: 10% reached at entry 780537 ===
=====================================

=====================================
=== Progress: 20% reached at entry 1561074 ===
=====================================

=====================================
=== Progress: 30% reached at entry 2341611 ===
=====================================

=====================================
=== Progress: 40% reached at entry 3122148 ===
=====================================

=====================================
=== Progress: 50% reached at entry 3902686 ===
=====================================

=====================================
=== Progress: 60% reached at entry 4683223 ===
=====================================

=====================================
=== Progress: 70% reached at entry 5463760 ===
=====================================

=====================================
=== Progress: 80% reached at entry 6244297 ===
=====================================

=====================================
=== Progress: 90% reached at entry 7024834 ===
=====================================

Finished Tree2PlotsRun3 scan.
