000 (14418783.000.000) 01/26 10:11:26 Job submitted from host: <188.184.90.62:9618?addrs=188.184.90.62-9618+[2001-1458-201-e4--100-238]-9618&alias=bigbird16.cern.ch&noUDP&sock=schedd_5196_9a2f>
...
040 (14418783.000.000) 01/26 10:14:04 Started transferring input files
	Transferring to host: <128.142.51.203:9618?addrs=128.142.51.203-9618+[2001-1458-301-3--100-8]-9618&alias=b9g02p3210.cern.ch&noUDP&sock=slot1_1_1975134_54f7_64664>
...
040 (14418783.000.000) 01/26 10:14:04 Finished transferring input files
...
001 (14418783.000.000) 01/26 10:14:05 Job executing on host: <128.142.51.203:9618?addrs=128.142.51.203-9618+[2001-1458-301-3--100-8]-9618&alias=b9g02p3210.cern.ch&noUDP&sock=startd_7392_e029>
	SlotName: slot1_1@b9g02p3210.cern.ch
	CondorScratchDir = "/pool/condor/dir_3047552"
	Cpus = 1
	Disk = 3908
	GPUs = 0
	Memory = 3000
...
006 (14418783.000.000) 01/26 10:14:19 Image size of job updated: 542944
	531  -  MemoryUsage of job (MB)
	542944  -  ResidentSetSize of job (KB)
...
006 (14418783.000.000) 01/26 10:19:20 Image size of job updated: 816588
	787  -  MemoryUsage of job (MB)
	805712  -  ResidentSetSize of job (KB)
...
040 (14418783.000.000) 01/26 10:21:13 Started transferring output files
...
040 (14418783.000.000) 01/26 10:21:13 Finished transferring output files
...
005 (14418783.000.000) 01/26 10:21:13 Job terminated.
	(1) Normal termination (return value 0)
		Usr 0 00:05:30, Sys 0 00:00:08  -  Run Remote Usage
		Usr 0 00:00:00, Sys 0 00:00:00  -  Run Local Usage
		Usr 0 00:05:30, Sys 0 00:00:08  -  Total Remote Usage
		Usr 0 00:00:00, Sys 0 00:00:00  -  Total Local Usage
	13163  -  Run Bytes Sent By Job
	317  -  Run Bytes Received By Job
	13163  -  Total Bytes Sent By Job
	317  -  Total Bytes Received By Job
	Partitionable Resources :    Usage  Request Allocated 
	   Cpus                 :     0.75        1         1 
	   Disk (KB)            :    36           1      3908 
	   GPUs                 :                           0 
	   Memory (MB)          :   787        3000      3000 
	   TimeExecute (s)      :   427                       
	   TimeSlotBusy (s)     :   430                       

	Job terminated of its own accord at 2026-01-26T09:21:12Z with exit-code 0.
...
