/pool/condor/dir_2469675

Opening file: /eos/user/a/amalhotr/ScoutingPFRun3/ScoutingData_2024H_TreeMakerRedone/251209_202708/0000/ScoutingTree_Output_432.root
Opened file /eos/user/a/amalhotr/ScoutingPFRun3/ScoutingData_2024H_TreeMakerRedone/251209_202708/0000/ScoutingTree_Output_432.root with 8295699 entries.
Tree opened successfully.
Total entries = 8295699

=====================================
=== Progress: 10% reached at entry 829569 ===
=====================================

=====================================
=== Progress: 20% reached at entry 1659139 ===
=====================================

=====================================
=== Progress: 30% reached at entry 2488709 ===
=====================================

=====================================
=== Progress: 40% reached at entry 3318279 ===
=====================================

=====================================
=== Progress: 50% reached at entry 4147849 ===
=====================================

=====================================
=== Progress: 60% reached at entry 4977419 ===
=====================================

=====================================
=== Progress: 70% reached at entry 5806989 ===
=====================================

=====================================
=== Progress: 80% reached at entry 6636559 ===
=====================================

=====================================
=== Progress: 90% reached at entry 7466129 ===
=====================================

Opening file: /eos/user/a/amalhotr/ScoutingPFRun3/ScoutingData_2024H_TreeMakerRedone/251209_202708/0000/ScoutingTree_Output_433.root
Opened file /eos/user/a/amalhotr/ScoutingPFRun3/ScoutingData_2024H_TreeMakerRedone/251209_202708/0000/ScoutingTree_Output_433.root with 7502920 entries.
Tree opened successfully.
Total entries = 7502920

=====================================
=== Progress: 10% reached at entry 750292 ===
=====================================

=====================================
=== Progress: 20% reached at entry 1500584 ===
=====================================

=====================================
=== Progress: 30% reached at entry 2250876 ===
=====================================

=====================================
=== Progress: 40% reached at entry 3001168 ===
=====================================

=====================================
=== Progress: 50% reached at entry 3751460 ===
=====================================

=====================================
=== Progress: 60% reached at entry 4501752 ===
=====================================

=====================================
=== Progress: 70% reached at entry 5252044 ===
=====================================

=====================================
=== Progress: 80% reached at entry 6002336 ===
=====================================

=====================================
=== Progress: 90% reached at entry 6752628 ===
=====================================

Opening file: /eos/user/a/amalhotr/ScoutingPFRun3/ScoutingData_2024H_TreeMakerRedone/251209_202708/0000/ScoutingTree_Output_434.root
Opened file /eos/user/a/amalhotr/ScoutingPFRun3/ScoutingData_2024H_TreeMakerRedone/251209_202708/0000/ScoutingTree_Output_434.root with 8062943 entries.
Tree opened successfully.
Total entries = 8062943

=====================================
=== Progress: 10% reached at entry 806294 ===
=====================================

=====================================
=== Progress: 20% reached at entry 1612588 ===
=====================================

=====================================
=== Progress: 30% reached at entry 2418882 ===
=====================================

=====================================
=== Progress: 40% reached at entry 3225177 ===
=====================================

=====================================
=== Progress: 50% reached at entry 4031471 ===
=====================================

=====================================
=== Progress: 60% reached at entry 4837765 ===
=====================================

=====================================
=== Progress: 70% reached at entry 5644060 ===
=====================================

=====================================
=== Progress: 80% reached at entry 6450354 ===
=====================================

=====================================
=== Progress: 90% reached at entry 7256648 ===
=====================================

Opening file: /eos/user/a/amalhotr/ScoutingPFRun3/ScoutingData_2024H_TreeMakerRedone/251209_202708/0000/ScoutingTree_Output_435.root
Opened file /eos/user/a/amalhotr/ScoutingPFRun3/ScoutingData_2024H_TreeMakerRedone/251209_202708/0000/ScoutingTree_Output_435.root with 7760503 entries.
Tree opened successfully.
Total entries = 7760503

=====================================
=== Progress: 10% reached at entry 776050 ===
=====================================

=====================================
=== Progress: 20% reached at entry 1552100 ===
=====================================

=====================================
=== Progress: 30% reached at entry 2328150 ===
=====================================

=====================================
=== Progress: 40% reached at entry 3104201 ===
=====================================

=====================================
=== Progress: 50% reached at entry 3880251 ===
=====================================

=====================================
=== Progress: 60% reached at entry 4656301 ===
=====================================

=====================================
=== Progress: 70% reached at entry 5432352 ===
=====================================

=====================================
=== Progress: 80% reached at entry 6208402 ===
=====================================

=====================================
=== Progress: 90% reached at entry 6984452 ===
=====================================

Finished Tree2PlotsRun3 scan.
