/pool/condor/dir_2479747

Opening file: /eos/user/a/amalhotr/ScoutingPFRun3/ScoutingData_2024H_TreeMakerRedone/251209_202708/0000/ScoutingTree_Output_779.root
Opened file /eos/user/a/amalhotr/ScoutingPFRun3/ScoutingData_2024H_TreeMakerRedone/251209_202708/0000/ScoutingTree_Output_779.root with 8962077 entries.
Tree opened successfully.
Total entries = 8962077

=====================================
=== Progress: 10% reached at entry 896207 ===
=====================================

=====================================
=== Progress: 20% reached at entry 1792415 ===
=====================================

=====================================
=== Progress: 30% reached at entry 2688623 ===
=====================================

=====================================
=== Progress: 40% reached at entry 3584830 ===
=====================================

=====================================
=== Progress: 50% reached at entry 4481038 ===
=====================================

=====================================
=== Progress: 60% reached at entry 5377246 ===
=====================================

=====================================
=== Progress: 70% reached at entry 6273453 ===
=====================================

=====================================
=== Progress: 80% reached at entry 7169661 ===
=====================================

=====================================
=== Progress: 90% reached at entry 8065869 ===
=====================================

Opening file: /eos/user/a/amalhotr/ScoutingPFRun3/ScoutingData_2024H_TreeMakerRedone/251209_202708/0000/ScoutingTree_Output_77.root
Opened file /eos/user/a/amalhotr/ScoutingPFRun3/ScoutingData_2024H_TreeMakerRedone/251209_202708/0000/ScoutingTree_Output_77.root with 8368945 entries.
Tree opened successfully.
Total entries = 8368945

=====================================
=== Progress: 10% reached at entry 836894 ===
=====================================

=====================================
=== Progress: 20% reached at entry 1673789 ===
=====================================

=====================================
=== Progress: 30% reached at entry 2510683 ===
=====================================

=====================================
=== Progress: 40% reached at entry 3347578 ===
=====================================

=====================================
=== Progress: 50% reached at entry 4184472 ===
=====================================

=====================================
=== Progress: 60% reached at entry 5021367 ===
=====================================

=====================================
=== Progress: 70% reached at entry 5858261 ===
=====================================

=====================================
=== Progress: 80% reached at entry 6695156 ===
=====================================

=====================================
=== Progress: 90% reached at entry 7532050 ===
=====================================

Opening file: /eos/user/a/amalhotr/ScoutingPFRun3/ScoutingData_2024H_TreeMakerRedone/251209_202708/0000/ScoutingTree_Output_780.root
Opened file /eos/user/a/amalhotr/ScoutingPFRun3/ScoutingData_2024H_TreeMakerRedone/251209_202708/0000/ScoutingTree_Output_780.root with 9366121 entries.
Tree opened successfully.
Total entries = 9366121

=====================================
=== Progress: 10% reached at entry 936612 ===
=====================================

=====================================
=== Progress: 20% reached at entry 1873224 ===
=====================================

=====================================
=== Progress: 30% reached at entry 2809836 ===
=====================================

=====================================
=== Progress: 40% reached at entry 3746448 ===
=====================================

=====================================
=== Progress: 50% reached at entry 4683060 ===
=====================================

=====================================
=== Progress: 60% reached at entry 5619672 ===
=====================================

=====================================
=== Progress: 70% reached at entry 6556284 ===
=====================================

=====================================
=== Progress: 80% reached at entry 7492896 ===
=====================================

=====================================
=== Progress: 90% reached at entry 8429508 ===
=====================================

Opening file: /eos/user/a/amalhotr/ScoutingPFRun3/ScoutingData_2024H_TreeMakerRedone/251209_202708/0000/ScoutingTree_Output_781.root
Opened file /eos/user/a/amalhotr/ScoutingPFRun3/ScoutingData_2024H_TreeMakerRedone/251209_202708/0000/ScoutingTree_Output_781.root with 8253652 entries.
Tree opened successfully.
Total entries = 8253652

=====================================
=== Progress: 10% reached at entry 825365 ===
=====================================

=====================================
=== Progress: 20% reached at entry 1650730 ===
=====================================

=====================================
=== Progress: 30% reached at entry 2476095 ===
=====================================

=====================================
=== Progress: 40% reached at entry 3301460 ===
=====================================

=====================================
=== Progress: 50% reached at entry 4126826 ===
=====================================

=====================================
=== Progress: 60% reached at entry 4952191 ===
=====================================

=====================================
=== Progress: 70% reached at entry 5777556 ===
=====================================

=====================================
=== Progress: 80% reached at entry 6602921 ===
=====================================

=====================================
=== Progress: 90% reached at entry 7428286 ===
=====================================

Finished Tree2PlotsRun3 scan.
