/pool/condor/dir_2440376

Opening file: /eos/user/a/amalhotr/ScoutingPFRun3/ScoutingData_2024H_TreeMakerRedone/251209_202708/0000/ScoutingTree_Output_580.root
Opened file /eos/user/a/amalhotr/ScoutingPFRun3/ScoutingData_2024H_TreeMakerRedone/251209_202708/0000/ScoutingTree_Output_580.root with 9408973 entries.
Tree opened successfully.
Total entries = 9408973

=====================================
=== Progress: 10% reached at entry 940897 ===
=====================================

=====================================
=== Progress: 20% reached at entry 1881794 ===
=====================================

=====================================
=== Progress: 30% reached at entry 2822691 ===
=====================================

=====================================
=== Progress: 40% reached at entry 3763589 ===
=====================================

=====================================
=== Progress: 50% reached at entry 4704486 ===
=====================================

=====================================
=== Progress: 60% reached at entry 5645383 ===
=====================================

=====================================
=== Progress: 70% reached at entry 6586281 ===
=====================================

=====================================
=== Progress: 80% reached at entry 7527178 ===
=====================================

=====================================
=== Progress: 90% reached at entry 8468075 ===
=====================================

Opening file: /eos/user/a/amalhotr/ScoutingPFRun3/ScoutingData_2024H_TreeMakerRedone/251209_202708/0000/ScoutingTree_Output_581.root
Opened file /eos/user/a/amalhotr/ScoutingPFRun3/ScoutingData_2024H_TreeMakerRedone/251209_202708/0000/ScoutingTree_Output_581.root with 10501019 entries.
Tree opened successfully.
Total entries = 10501019

=====================================
=== Progress: 10% reached at entry 1050101 ===
=====================================

=====================================
=== Progress: 20% reached at entry 2100203 ===
=====================================

=====================================
=== Progress: 30% reached at entry 3150305 ===
=====================================

=====================================
=== Progress: 40% reached at entry 4200407 ===
=====================================

=====================================
=== Progress: 50% reached at entry 5250509 ===
=====================================

=====================================
=== Progress: 60% reached at entry 6300611 ===
=====================================

=====================================
=== Progress: 70% reached at entry 7350713 ===
=====================================

=====================================
=== Progress: 80% reached at entry 8400815 ===
=====================================

=====================================
=== Progress: 90% reached at entry 9450917 ===
=====================================

Opening file: /eos/user/a/amalhotr/ScoutingPFRun3/ScoutingData_2024H_TreeMakerRedone/251209_202708/0000/ScoutingTree_Output_582.root
Opened file /eos/user/a/amalhotr/ScoutingPFRun3/ScoutingData_2024H_TreeMakerRedone/251209_202708/0000/ScoutingTree_Output_582.root with 9562327 entries.
Tree opened successfully.
Total entries = 9562327

=====================================
=== Progress: 10% reached at entry 956232 ===
=====================================

=====================================
=== Progress: 20% reached at entry 1912465 ===
=====================================

=====================================
=== Progress: 30% reached at entry 2868698 ===
=====================================

=====================================
=== Progress: 40% reached at entry 3824930 ===
=====================================

=====================================
=== Progress: 50% reached at entry 4781163 ===
=====================================

=====================================
=== Progress: 60% reached at entry 5737396 ===
=====================================

=====================================
=== Progress: 70% reached at entry 6693628 ===
=====================================

=====================================
=== Progress: 80% reached at entry 7649861 ===
=====================================

=====================================
=== Progress: 90% reached at entry 8606094 ===
=====================================

Opening file: /eos/user/a/amalhotr/ScoutingPFRun3/ScoutingData_2024H_TreeMakerRedone/251209_202708/0000/ScoutingTree_Output_583.root
Opened file /eos/user/a/amalhotr/ScoutingPFRun3/ScoutingData_2024H_TreeMakerRedone/251209_202708/0000/ScoutingTree_Output_583.root with 9922034 entries.
Tree opened successfully.
Total entries = 9922034

=====================================
=== Progress: 10% reached at entry 992203 ===
=====================================

=====================================
=== Progress: 20% reached at entry 1984406 ===
=====================================

=====================================
=== Progress: 30% reached at entry 2976610 ===
=====================================

=====================================
=== Progress: 40% reached at entry 3968813 ===
=====================================

=====================================
=== Progress: 50% reached at entry 4961017 ===
=====================================

=====================================
=== Progress: 60% reached at entry 5953220 ===
=====================================

=====================================
=== Progress: 70% reached at entry 6945423 ===
=====================================

=====================================
=== Progress: 80% reached at entry 7937627 ===
=====================================

=====================================
=== Progress: 90% reached at entry 8929830 ===
=====================================

Finished Tree2PlotsRun3 scan.
