/pool/condor/dir_3205053

Opening file: /eos/user/a/amalhotr/ScoutingPFRun3/ScoutingData_2024H_TreeMakerRedone/251209_202708/0000/ScoutingTree_Output_832.root
Opened file /eos/user/a/amalhotr/ScoutingPFRun3/ScoutingData_2024H_TreeMakerRedone/251209_202708/0000/ScoutingTree_Output_832.root with 8148610 entries.
Tree opened successfully.
Total entries = 8148610

=====================================
=== Progress: 10% reached at entry 814861 ===
=====================================

=====================================
=== Progress: 20% reached at entry 1629722 ===
=====================================

=====================================
=== Progress: 30% reached at entry 2444583 ===
=====================================

=====================================
=== Progress: 40% reached at entry 3259444 ===
=====================================

=====================================
=== Progress: 50% reached at entry 4074305 ===
=====================================

=====================================
=== Progress: 60% reached at entry 4889166 ===
=====================================

=====================================
=== Progress: 70% reached at entry 5704027 ===
=====================================

=====================================
=== Progress: 80% reached at entry 6518888 ===
=====================================

=====================================
=== Progress: 90% reached at entry 7333749 ===
=====================================

Opening file: /eos/user/a/amalhotr/ScoutingPFRun3/ScoutingData_2024H_TreeMakerRedone/251209_202708/0000/ScoutingTree_Output_833.root
Opened file /eos/user/a/amalhotr/ScoutingPFRun3/ScoutingData_2024H_TreeMakerRedone/251209_202708/0000/ScoutingTree_Output_833.root with 7614792 entries.
Tree opened successfully.
Total entries = 7614792

=====================================
=== Progress: 10% reached at entry 761479 ===
=====================================

=====================================
=== Progress: 20% reached at entry 1522958 ===
=====================================

=====================================
=== Progress: 30% reached at entry 2284437 ===
=====================================

=====================================
=== Progress: 40% reached at entry 3045916 ===
=====================================

=====================================
=== Progress: 50% reached at entry 3807396 ===
=====================================

=====================================
=== Progress: 60% reached at entry 4568875 ===
=====================================

=====================================
=== Progress: 70% reached at entry 5330354 ===
=====================================

=====================================
=== Progress: 80% reached at entry 6091833 ===
=====================================

=====================================
=== Progress: 90% reached at entry 6853312 ===
=====================================

Opening file: /eos/user/a/amalhotr/ScoutingPFRun3/ScoutingData_2024H_TreeMakerRedone/251209_202708/0000/ScoutingTree_Output_834.root
Opened file /eos/user/a/amalhotr/ScoutingPFRun3/ScoutingData_2024H_TreeMakerRedone/251209_202708/0000/ScoutingTree_Output_834.root with 6933432 entries.
Tree opened successfully.
Total entries = 6933432

=====================================
=== Progress: 10% reached at entry 693343 ===
=====================================

=====================================
=== Progress: 20% reached at entry 1386686 ===
=====================================

=====================================
=== Progress: 30% reached at entry 2080029 ===
=====================================

=====================================
=== Progress: 40% reached at entry 2773372 ===
=====================================

=====================================
=== Progress: 50% reached at entry 3466716 ===
=====================================

=====================================
=== Progress: 60% reached at entry 4160059 ===
=====================================

=====================================
=== Progress: 70% reached at entry 4853402 ===
=====================================

=====================================
=== Progress: 80% reached at entry 5546745 ===
=====================================

=====================================
=== Progress: 90% reached at entry 6240088 ===
=====================================

Opening file: /eos/user/a/amalhotr/ScoutingPFRun3/ScoutingData_2024H_TreeMakerRedone/251209_202708/0000/ScoutingTree_Output_835.root
Opened file /eos/user/a/amalhotr/ScoutingPFRun3/ScoutingData_2024H_TreeMakerRedone/251209_202708/0000/ScoutingTree_Output_835.root with 7801653 entries.
Tree opened successfully.
Total entries = 7801653

=====================================
=== Progress: 10% reached at entry 780165 ===
=====================================

=====================================
=== Progress: 20% reached at entry 1560330 ===
=====================================

=====================================
=== Progress: 30% reached at entry 2340495 ===
=====================================

=====================================
=== Progress: 40% reached at entry 3120661 ===
=====================================

=====================================
=== Progress: 50% reached at entry 3900826 ===
=====================================

=====================================
=== Progress: 60% reached at entry 4680991 ===
=====================================

=====================================
=== Progress: 70% reached at entry 5461157 ===
=====================================

=====================================
=== Progress: 80% reached at entry 6241322 ===
=====================================

=====================================
=== Progress: 90% reached at entry 7021487 ===
=====================================

Finished Tree2PlotsRun3 scan.
