/pool/condor/dir_3074152

Opening file: /eos/user/a/amalhotr/ScoutingPFRun3/ScoutingData_2024H_TreeMakerRedone/251209_202708/0000/ScoutingTree_Output_500.root
Opened file /eos/user/a/amalhotr/ScoutingPFRun3/ScoutingData_2024H_TreeMakerRedone/251209_202708/0000/ScoutingTree_Output_500.root with 8338917 entries.
Tree opened successfully.
Total entries = 8338917

=====================================
=== Progress: 10% reached at entry 833891 ===
=====================================

=====================================
=== Progress: 20% reached at entry 1667783 ===
=====================================

=====================================
=== Progress: 30% reached at entry 2501675 ===
=====================================

=====================================
=== Progress: 40% reached at entry 3335566 ===
=====================================

=====================================
=== Progress: 50% reached at entry 4169458 ===
=====================================

=====================================
=== Progress: 60% reached at entry 5003350 ===
=====================================

=====================================
=== Progress: 70% reached at entry 5837241 ===
=====================================

=====================================
=== Progress: 80% reached at entry 6671133 ===
=====================================

=====================================
=== Progress: 90% reached at entry 7505025 ===
=====================================

Opening file: /eos/user/a/amalhotr/ScoutingPFRun3/ScoutingData_2024H_TreeMakerRedone/251209_202708/0000/ScoutingTree_Output_501.root
Opened file /eos/user/a/amalhotr/ScoutingPFRun3/ScoutingData_2024H_TreeMakerRedone/251209_202708/0000/ScoutingTree_Output_501.root with 8526895 entries.
Tree opened successfully.
Total entries = 8526895

=====================================
=== Progress: 10% reached at entry 852689 ===
=====================================

=====================================
=== Progress: 20% reached at entry 1705379 ===
=====================================

=====================================
=== Progress: 30% reached at entry 2558068 ===
=====================================

=====================================
=== Progress: 40% reached at entry 3410758 ===
=====================================

=====================================
=== Progress: 50% reached at entry 4263447 ===
=====================================

=====================================
=== Progress: 60% reached at entry 5116137 ===
=====================================

=====================================
=== Progress: 70% reached at entry 5968826 ===
=====================================

=====================================
=== Progress: 80% reached at entry 6821516 ===
=====================================

=====================================
=== Progress: 90% reached at entry 7674205 ===
=====================================

Opening file: /eos/user/a/amalhotr/ScoutingPFRun3/ScoutingData_2024H_TreeMakerRedone/251209_202708/0000/ScoutingTree_Output_502.root
Opened file /eos/user/a/amalhotr/ScoutingPFRun3/ScoutingData_2024H_TreeMakerRedone/251209_202708/0000/ScoutingTree_Output_502.root with 8513818 entries.
Tree opened successfully.
Total entries = 8513818

=====================================
=== Progress: 10% reached at entry 851381 ===
=====================================

=====================================
=== Progress: 20% reached at entry 1702763 ===
=====================================

=====================================
=== Progress: 30% reached at entry 2554145 ===
=====================================

=====================================
=== Progress: 40% reached at entry 3405527 ===
=====================================

=====================================
=== Progress: 50% reached at entry 4256909 ===
=====================================

=====================================
=== Progress: 60% reached at entry 5108290 ===
=====================================

=====================================
=== Progress: 70% reached at entry 5959672 ===
=====================================

=====================================
=== Progress: 80% reached at entry 6811054 ===
=====================================

=====================================
=== Progress: 90% reached at entry 7662436 ===
=====================================

Opening file: /eos/user/a/amalhotr/ScoutingPFRun3/ScoutingData_2024H_TreeMakerRedone/251209_202708/0000/ScoutingTree_Output_503.root
Opened file /eos/user/a/amalhotr/ScoutingPFRun3/ScoutingData_2024H_TreeMakerRedone/251209_202708/0000/ScoutingTree_Output_503.root with 8531264 entries.
Tree opened successfully.
Total entries = 8531264

=====================================
=== Progress: 10% reached at entry 853126 ===
=====================================

=====================================
=== Progress: 20% reached at entry 1706252 ===
=====================================

=====================================
=== Progress: 30% reached at entry 2559379 ===
=====================================

=====================================
=== Progress: 40% reached at entry 3412505 ===
=====================================

=====================================
=== Progress: 50% reached at entry 4265632 ===
=====================================

=====================================
=== Progress: 60% reached at entry 5118758 ===
=====================================

=====================================
=== Progress: 70% reached at entry 5971884 ===
=====================================

=====================================
=== Progress: 80% reached at entry 6825011 ===
=====================================

=====================================
=== Progress: 90% reached at entry 7678137 ===
=====================================

Finished Tree2PlotsRun3 scan.
