/pool/condor/dir_3538271

Opening file: /eos/user/a/amalhotr/ScoutingPFRun3/ScoutingData_2024H_TreeMakerRedone/251209_202708/0000/ScoutingTree_Output_786.root
Opened file /eos/user/a/amalhotr/ScoutingPFRun3/ScoutingData_2024H_TreeMakerRedone/251209_202708/0000/ScoutingTree_Output_786.root with 9197234 entries.
Tree opened successfully.
Total entries = 9197234

=====================================
=== Progress: 10% reached at entry 919723 ===
=====================================

=====================================
=== Progress: 20% reached at entry 1839446 ===
=====================================

=====================================
=== Progress: 30% reached at entry 2759170 ===
=====================================

=====================================
=== Progress: 40% reached at entry 3678893 ===
=====================================

=====================================
=== Progress: 50% reached at entry 4598617 ===
=====================================

=====================================
=== Progress: 60% reached at entry 5518340 ===
=====================================

=====================================
=== Progress: 70% reached at entry 6438063 ===
=====================================

=====================================
=== Progress: 80% reached at entry 7357787 ===
=====================================

=====================================
=== Progress: 90% reached at entry 8277510 ===
=====================================

Opening file: /eos/user/a/amalhotr/ScoutingPFRun3/ScoutingData_2024H_TreeMakerRedone/251209_202708/0000/ScoutingTree_Output_787.root
Opened file /eos/user/a/amalhotr/ScoutingPFRun3/ScoutingData_2024H_TreeMakerRedone/251209_202708/0000/ScoutingTree_Output_787.root with 9406860 entries.
Tree opened successfully.
Total entries = 9406860

=====================================
=== Progress: 10% reached at entry 940686 ===
=====================================

=====================================
=== Progress: 20% reached at entry 1881372 ===
=====================================

=====================================
=== Progress: 30% reached at entry 2822058 ===
=====================================

=====================================
=== Progress: 40% reached at entry 3762744 ===
=====================================

=====================================
=== Progress: 50% reached at entry 4703430 ===
=====================================

=====================================
=== Progress: 60% reached at entry 5644116 ===
=====================================

=====================================
=== Progress: 70% reached at entry 6584802 ===
=====================================

=====================================
=== Progress: 80% reached at entry 7525488 ===
=====================================

=====================================
=== Progress: 90% reached at entry 8466174 ===
=====================================

Opening file: /eos/user/a/amalhotr/ScoutingPFRun3/ScoutingData_2024H_TreeMakerRedone/251209_202708/0000/ScoutingTree_Output_788.root
Opened file /eos/user/a/amalhotr/ScoutingPFRun3/ScoutingData_2024H_TreeMakerRedone/251209_202708/0000/ScoutingTree_Output_788.root with 8677241 entries.
Tree opened successfully.
Total entries = 8677241

=====================================
=== Progress: 10% reached at entry 867724 ===
=====================================

=====================================
=== Progress: 20% reached at entry 1735448 ===
=====================================

=====================================
=== Progress: 30% reached at entry 2603172 ===
=====================================

=====================================
=== Progress: 40% reached at entry 3470896 ===
=====================================

=====================================
=== Progress: 50% reached at entry 4338620 ===
=====================================

=====================================
=== Progress: 60% reached at entry 5206344 ===
=====================================

=====================================
=== Progress: 70% reached at entry 6074068 ===
=====================================

=====================================
=== Progress: 80% reached at entry 6941792 ===
=====================================

=====================================
=== Progress: 90% reached at entry 7809516 ===
=====================================

Opening file: /eos/user/a/amalhotr/ScoutingPFRun3/ScoutingData_2024H_TreeMakerRedone/251209_202708/0000/ScoutingTree_Output_789.root
Opened file /eos/user/a/amalhotr/ScoutingPFRun3/ScoutingData_2024H_TreeMakerRedone/251209_202708/0000/ScoutingTree_Output_789.root with 8735019 entries.
Tree opened successfully.
Total entries = 8735019

=====================================
=== Progress: 10% reached at entry 873501 ===
=====================================

=====================================
=== Progress: 20% reached at entry 1747003 ===
=====================================

=====================================
=== Progress: 30% reached at entry 2620505 ===
=====================================

=====================================
=== Progress: 40% reached at entry 3494007 ===
=====================================

=====================================
=== Progress: 50% reached at entry 4367509 ===
=====================================

=====================================
=== Progress: 60% reached at entry 5241011 ===
=====================================

=====================================
=== Progress: 70% reached at entry 6114513 ===
=====================================

=====================================
=== Progress: 80% reached at entry 6988015 ===
=====================================

=====================================
=== Progress: 90% reached at entry 7861517 ===
=====================================

Finished Tree2PlotsRun3 scan.
