000 (14418873.000.000) 01/26 10:44:46 Job submitted from host: <188.184.90.62:9618?addrs=188.184.90.62-9618+[2001-1458-201-e4--100-238]-9618&alias=bigbird16.cern.ch&noUDP&sock=schedd_5196_9a2f>
...
040 (14418873.000.000) 01/26 10:49:14 Started transferring input files
	Transferring to host: <188.185.193.63:9618?addrs=188.185.193.63-9618+[2001-1458-303-20--100-3b]-9618&alias=b9p19p3097.cern.ch&noUDP&sock=slot1_7_5196_cd4c_124483>
...
040 (14418873.000.000) 01/26 10:49:14 Finished transferring input files
...
001 (14418873.000.000) 01/26 10:49:15 Job executing on host: <188.185.193.63:9618?addrs=188.185.193.63-9618+[2001-1458-303-20--100-3b]-9618&alias=b9p19p3097.cern.ch&noUDP&sock=startd_4026_1461>
	SlotName: slot1_7@b9p19p3097.cern.ch
	CondorScratchDir = "/pool/condor/dir_3723608"
	Cpus = 1
	Disk = 3881
	GPUs = 0
	Memory = 3000
...
006 (14418873.000.000) 01/26 10:49:29 Image size of job updated: 146520
	144  -  MemoryUsage of job (MB)
	146520  -  ResidentSetSize of job (KB)
...
006 (14418873.000.000) 01/26 10:54:30 Image size of job updated: 824624
	649  -  MemoryUsage of job (MB)
	664500  -  ResidentSetSize of job (KB)
...
040 (14418873.000.000) 01/26 10:56:13 Started transferring output files
...
040 (14418873.000.000) 01/26 10:56:13 Finished transferring output files
...
005 (14418873.000.000) 01/26 10:56:13 Job terminated.
	(1) Normal termination (return value 0)
		Usr 0 00:05:42, Sys 0 00:00:09  -  Run Remote Usage
		Usr 0 00:00:00, Sys 0 00:00:00  -  Run Local Usage
		Usr 0 00:05:42, Sys 0 00:00:09  -  Total Remote Usage
		Usr 0 00:00:00, Sys 0 00:00:00  -  Total Local Usage
	12859  -  Run Bytes Sent By Job
	317  -  Run Bytes Received By Job
	12859  -  Total Bytes Sent By Job
	317  -  Total Bytes Received By Job
	Partitionable Resources :    Usage  Request Allocated 
	   Cpus                 :     0.94        1         1 
	   Disk (KB)            :    36           1      3881 
	   GPUs                 :                           0 
	   Memory (MB)          :   649        3000      3000 
	   TimeExecute (s)      :   418                       
	   TimeSlotBusy (s)     :   420                       

	Job terminated of its own accord at 2026-01-26T09:56:13Z with exit-code 0.
...
