000 (14420259.000.000) 01/26 11:56:03 Job submitted from host: <188.184.90.62:9618?addrs=188.184.90.62-9618+[2001-1458-201-e4--100-238]-9618&alias=bigbird16.cern.ch&noUDP&sock=schedd_5196_9a2f>
...
040 (14420259.000.000) 01/26 11:56:29 Started transferring input files
	Transferring to host: <188.185.192.68:9618?addrs=188.185.192.68-9618+[2001-1458-303-1f--100-40]-9618&alias=b9p13p8682.cern.ch&noUDP&sock=slot1_27_8597_1d37_128406>
...
040 (14420259.000.000) 01/26 11:56:29 Finished transferring input files
...
001 (14420259.000.000) 01/26 11:56:30 Job executing on host: <188.185.192.68:9618?addrs=188.185.192.68-9618+[2001-1458-303-1f--100-40]-9618&alias=b9p13p8682.cern.ch&noUDP&sock=startd_7537_5565>
	SlotName: slot1_27@b9p13p8682.cern.ch
	CondorScratchDir = "/pool/condor/dir_752583"
	Cpus = 1
	Disk = 3902
	GPUs = 0
	Memory = 3000
...
006 (14420259.000.000) 01/26 11:56:44 Image size of job updated: 33864
	34  -  MemoryUsage of job (MB)
	33864  -  ResidentSetSize of job (KB)
...
006 (14420259.000.000) 01/26 12:01:45 Image size of job updated: 847576
	789  -  MemoryUsage of job (MB)
	807628  -  ResidentSetSize of job (KB)
...
040 (14420259.000.000) 01/26 12:05:43 Started transferring output files
...
040 (14420259.000.000) 01/26 12:05:43 Finished transferring output files
...
005 (14420259.000.000) 01/26 12:05:43 Job terminated.
	(1) Normal termination (return value 0)
		Usr 0 00:06:21, Sys 0 00:00:10  -  Run Remote Usage
		Usr 0 00:00:00, Sys 0 00:00:00  -  Run Local Usage
		Usr 0 00:06:21, Sys 0 00:00:10  -  Total Remote Usage
		Usr 0 00:00:00, Sys 0 00:00:00  -  Total Local Usage
	13165  -  Run Bytes Sent By Job
	317  -  Run Bytes Received By Job
	13165  -  Total Bytes Sent By Job
	317  -  Total Bytes Received By Job
	Partitionable Resources :    Usage  Request Allocated 
	   Cpus                 :     0.73        1         1 
	   Disk (KB)            :    36           1      3902 
	   GPUs                 :                           0 
	   Memory (MB)          :   789        3000      3000 
	   TimeExecute (s)      :   553                       
	   TimeSlotBusy (s)     :   555                       

	Job terminated of its own accord at 2026-01-26T11:05:43Z with exit-code 0.
...
