Begin processing the 1st record. Run 1, Event 1, LumiSection 1 on stream 0 at 26-Jan-2026 10:14:36.102 CET
[2026-01-26 10:21:35.599780 +0100][Error  ][PostMaster        ] [st-h01-paris.cern.ch:1101] Forcing error on disconnect: [ERROR] Operation interrupted.
[2026-01-26 10:21:35.600066 +0100][Error  ][PostMaster        ] [eosfst-umbriel.cern.ch:1106] Forcing error on disconnect: [ERROR] Operation interrupted.

TrigReport ---------- Event  Summary ------------
TrigReport Events total = 1 passed = 1 failed = 0

TrigReport ---------- Path   Summary ------------
TrigReport  Trig Bit#   Executed     Passed     Failed      Error Name
TrigReport     1    0          1          1          0          0 p


TrigReport -------End-Path   Summary ------------
TrigReport  Trig Bit#   Executed     Passed     Failed      Error Name


TrigReport ---------- Modules in Path: p ------------
TrigReport  Trig Bit#    Visited     Passed     Failed      Error Name
TrigReport     1    0          1          1          0          0 tree2plots


TrigReport ---------- Module Summary ------------
TrigReport    Visited   Executed     Passed     Failed      Error Name
TrigReport          1          1          1          0          0 TriggerResults
TrigReport          1          1          1          0          0 p
TrigReport          1          1          1          0          0 tree2plots


TimeReport ---------- Event  Summary ---[sec]----
TimeReport       event loop CPU/event = 308.204941
TimeReport      event loop Real/event = 426.240271
TimeReport     sum Streams Real/event = 426.238682
TimeReport efficiency CPU/Real/thread = 0.723078

TimeReport ---------- Path   Summary ---[Real sec]----
TimeReport  per event     per exec  Name
TimeReport 426.238376   426.238376  p

TimeReport  per event     per exec  Name

TimeReport -------End-Path   Summary ---[Real sec]----
TimeReport  per event     per exec  Name

TimeReport  per event     per exec  Name

TimeReport ---------- Modules in Path: p ---[Real sec]----
TimeReport  per event    per visit  Name
TimeReport 426.238176   426.238176  tree2plots

TimeReport  per event    per visit  Name

TimeReport ---------- Module Summary ---[Real sec]----
TimeReport  per event     per exec    per visit  Name
TimeReport   0.000005     0.000005     0.000005  TriggerResults
TimeReport   0.000048     0.000048     0.000048  p
TimeReport 426.238176   426.238176   426.238176  tree2plots

TimeReport  per event     per exec    per visit  Name

T---Report end!


