/pool/condor/dir_2800368

Opening file: /eos/user/a/amalhotr/ScoutingPFRun3/ScoutingData_2024H_TreeMakerRedone/251209_202708/0000/ScoutingTree_Output_764.root
Opened file /eos/user/a/amalhotr/ScoutingPFRun3/ScoutingData_2024H_TreeMakerRedone/251209_202708/0000/ScoutingTree_Output_764.root with 9379518 entries.
Tree opened successfully.
Total entries = 9379518

=====================================
=== Progress: 10% reached at entry 937951 ===
=====================================

=====================================
=== Progress: 20% reached at entry 1875903 ===
=====================================

=====================================
=== Progress: 30% reached at entry 2813855 ===
=====================================

=====================================
=== Progress: 40% reached at entry 3751807 ===
=====================================

=====================================
=== Progress: 50% reached at entry 4689759 ===
=====================================

=====================================
=== Progress: 60% reached at entry 5627710 ===
=====================================

=====================================
=== Progress: 70% reached at entry 6565662 ===
=====================================

=====================================
=== Progress: 80% reached at entry 7503614 ===
=====================================

=====================================
=== Progress: 90% reached at entry 8441566 ===
=====================================

Opening file: /eos/user/a/amalhotr/ScoutingPFRun3/ScoutingData_2024H_TreeMakerRedone/251209_202708/0000/ScoutingTree_Output_765.root
Opened file /eos/user/a/amalhotr/ScoutingPFRun3/ScoutingData_2024H_TreeMakerRedone/251209_202708/0000/ScoutingTree_Output_765.root with 9384777 entries.
Tree opened successfully.
Total entries = 9384777

=====================================
=== Progress: 10% reached at entry 938477 ===
=====================================

=====================================
=== Progress: 20% reached at entry 1876955 ===
=====================================

=====================================
=== Progress: 30% reached at entry 2815433 ===
=====================================

=====================================
=== Progress: 40% reached at entry 3753910 ===
=====================================

=====================================
=== Progress: 50% reached at entry 4692388 ===
=====================================

=====================================
=== Progress: 60% reached at entry 5630866 ===
=====================================

=====================================
=== Progress: 70% reached at entry 6569343 ===
=====================================

=====================================
=== Progress: 80% reached at entry 7507821 ===
=====================================

=====================================
=== Progress: 90% reached at entry 8446299 ===
=====================================

Opening file: /eos/user/a/amalhotr/ScoutingPFRun3/ScoutingData_2024H_TreeMakerRedone/251209_202708/0000/ScoutingTree_Output_766.root
Opened file /eos/user/a/amalhotr/ScoutingPFRun3/ScoutingData_2024H_TreeMakerRedone/251209_202708/0000/ScoutingTree_Output_766.root with 8964900 entries.
Tree opened successfully.
Total entries = 8964900

=====================================
=== Progress: 10% reached at entry 896490 ===
=====================================

=====================================
=== Progress: 20% reached at entry 1792980 ===
=====================================

=====================================
=== Progress: 30% reached at entry 2689470 ===
=====================================

=====================================
=== Progress: 40% reached at entry 3585960 ===
=====================================

=====================================
=== Progress: 50% reached at entry 4482450 ===
=====================================

=====================================
=== Progress: 60% reached at entry 5378940 ===
=====================================

=====================================
=== Progress: 70% reached at entry 6275430 ===
=====================================

=====================================
=== Progress: 80% reached at entry 7171920 ===
=====================================

=====================================
=== Progress: 90% reached at entry 8068410 ===
=====================================

Opening file: /eos/user/a/amalhotr/ScoutingPFRun3/ScoutingData_2024H_TreeMakerRedone/251209_202708/0000/ScoutingTree_Output_767.root
Opened file /eos/user/a/amalhotr/ScoutingPFRun3/ScoutingData_2024H_TreeMakerRedone/251209_202708/0000/ScoutingTree_Output_767.root with 10202740 entries.
Tree opened successfully.
Total entries = 10202740

=====================================
=== Progress: 10% reached at entry 1020274 ===
=====================================

=====================================
=== Progress: 20% reached at entry 2040548 ===
=====================================

=====================================
=== Progress: 30% reached at entry 3060822 ===
=====================================

=====================================
=== Progress: 40% reached at entry 4081096 ===
=====================================

=====================================
=== Progress: 50% reached at entry 5101370 ===
=====================================

=====================================
=== Progress: 60% reached at entry 6121644 ===
=====================================

=====================================
=== Progress: 70% reached at entry 7141918 ===
=====================================

=====================================
=== Progress: 80% reached at entry 8162192 ===
=====================================

=====================================
=== Progress: 90% reached at entry 9182466 ===
=====================================

Finished Tree2PlotsRun3 scan.
