000 (14418860.000.000) 01/26 10:44:41 Job submitted from host: <188.184.90.62:9618?addrs=188.184.90.62-9618+[2001-1458-201-e4--100-238]-9618&alias=bigbird16.cern.ch&noUDP&sock=schedd_5196_9a2f>
...
040 (14418860.000.000) 01/26 10:49:11 Started transferring input files
	Transferring to host: <188.185.195.77:9618?addrs=188.185.195.77-9618+[2001-1458-303-22--100-49]-9618&alias=b9p17p9952.cern.ch&noUDP&sock=slot1_29_4820_e03d_126510>
...
040 (14418860.000.000) 01/26 10:49:11 Finished transferring input files
...
001 (14418860.000.000) 01/26 10:49:12 Job executing on host: <188.185.195.77:9618?addrs=188.185.195.77-9618+[2001-1458-303-22--100-49]-9618&alias=b9p17p9952.cern.ch&noUDP&sock=startd_3860_37a8>
	SlotName: slot1_29@b9p17p9952.cern.ch
	CondorScratchDir = "/pool/condor/dir_2747479"
	Cpus = 1
	Disk = 3835
	GPUs = 0
	Memory = 3000
...
006 (14418860.000.000) 01/26 10:49:26 Image size of job updated: 163716
	160  -  MemoryUsage of job (MB)
	163716  -  ResidentSetSize of job (KB)
...
006 (14418860.000.000) 01/26 10:54:27 Image size of job updated: 847436
	795  -  MemoryUsage of job (MB)
	813504  -  ResidentSetSize of job (KB)
...
040 (14418860.000.000) 01/26 10:57:10 Started transferring output files
...
040 (14418860.000.000) 01/26 10:57:10 Finished transferring output files
...
005 (14418860.000.000) 01/26 10:57:10 Job terminated.
	(1) Normal termination (return value 0)
		Usr 0 00:06:20, Sys 0 00:00:07  -  Run Remote Usage
		Usr 0 00:00:00, Sys 0 00:00:00  -  Run Local Usage
		Usr 0 00:06:20, Sys 0 00:00:07  -  Total Remote Usage
		Usr 0 00:00:00, Sys 0 00:00:00  -  Total Local Usage
	13163  -  Run Bytes Sent By Job
	317  -  Run Bytes Received By Job
	13163  -  Total Bytes Sent By Job
	317  -  Total Bytes Received By Job
	Partitionable Resources :    Usage  Request Allocated 
	   Cpus                 :     0.89        1         1 
	   Disk (KB)            :    36           1      3835 
	   GPUs                 :                           0 
	   Memory (MB)          :   795        3000      3000 
	   TimeExecute (s)      :   478                       
	   TimeSlotBusy (s)     :   481                       

	Job terminated of its own accord at 2026-01-26T09:57:10Z with exit-code 0.
...
