000 (14420249.000.000) 01/26 11:56:00 Job submitted from host: <188.184.90.62:9618?addrs=188.184.90.62-9618+[2001-1458-201-e4--100-238]-9618&alias=bigbird16.cern.ch&noUDP&sock=schedd_5196_9a2f>
...
040 (14420249.000.000) 01/26 11:56:20 Started transferring input files
	Transferring to host: <188.185.195.176:9618?addrs=188.185.195.176-9618+[2001-1458-303-22--100-ac]-9618&alias=b9p17p6908.cern.ch&noUDP&sock=slot1_36_6550_d143_119376>
...
040 (14420249.000.000) 01/26 11:56:20 Finished transferring input files
...
001 (14420249.000.000) 01/26 11:56:21 Job executing on host: <188.185.195.176:9618?addrs=188.185.195.176-9618+[2001-1458-303-22--100-ac]-9618&alias=b9p17p6908.cern.ch&noUDP&sock=startd_5620_6e57>
	SlotName: slot1_36@b9p17p6908.cern.ch
	CondorScratchDir = "/pool/condor/dir_733539"
	Cpus = 1
	Disk = 3805
	GPUs = 0
	Memory = 3000
...
006 (14420249.000.000) 01/26 11:56:35 Image size of job updated: 149632
	147  -  MemoryUsage of job (MB)
	149632  -  ResidentSetSize of job (KB)
...
006 (14420249.000.000) 01/26 12:01:36 Image size of job updated: 863148
	776  -  MemoryUsage of job (MB)
	793720  -  ResidentSetSize of job (KB)
...
040 (14420249.000.000) 01/26 12:03:24 Started transferring output files
...
040 (14420249.000.000) 01/26 12:03:24 Finished transferring output files
...
005 (14420249.000.000) 01/26 12:03:24 Job terminated.
	(1) Normal termination (return value 0)
		Usr 0 00:05:35, Sys 0 00:00:09  -  Run Remote Usage
		Usr 0 00:00:00, Sys 0 00:00:00  -  Run Local Usage
		Usr 0 00:05:35, Sys 0 00:00:09  -  Total Remote Usage
		Usr 0 00:00:00, Sys 0 00:00:00  -  Total Local Usage
	13286  -  Run Bytes Sent By Job
	317  -  Run Bytes Received By Job
	13286  -  Total Bytes Sent By Job
	317  -  Total Bytes Received By Job
	Partitionable Resources :    Usage  Request Allocated 
	   Cpus                 :     0.86        1         1 
	   Disk (KB)            :    37           1      3805 
	   GPUs                 :                           0 
	   Memory (MB)          :   776        3000      3000 
	   TimeExecute (s)      :   423                       
	   TimeSlotBusy (s)     :   425                       

	Job terminated of its own accord at 2026-01-26T11:03:24Z with exit-code 0.
...
