/pool/condor/dir_1544382

Opening file: /eos/user/a/amalhotr/ScoutingPFRun3/ScoutingData_2024H_TreeMakerRedone/251209_202708/0000/ScoutingTree_Output_836.root
Opened file /eos/user/a/amalhotr/ScoutingPFRun3/ScoutingData_2024H_TreeMakerRedone/251209_202708/0000/ScoutingTree_Output_836.root with 7114529 entries.
Tree opened successfully.
Total entries = 7114529

=====================================
=== Progress: 10% reached at entry 711452 ===
=====================================

=====================================
=== Progress: 20% reached at entry 1422905 ===
=====================================

=====================================
=== Progress: 30% reached at entry 2134358 ===
=====================================

=====================================
=== Progress: 40% reached at entry 2845811 ===
=====================================

=====================================
=== Progress: 50% reached at entry 3557264 ===
=====================================

=====================================
=== Progress: 60% reached at entry 4268717 ===
=====================================

=====================================
=== Progress: 70% reached at entry 4980170 ===
=====================================

=====================================
=== Progress: 80% reached at entry 5691623 ===
=====================================

=====================================
=== Progress: 90% reached at entry 6403076 ===
=====================================

Opening file: /eos/user/a/amalhotr/ScoutingPFRun3/ScoutingData_2024H_TreeMakerRedone/251209_202708/0000/ScoutingTree_Output_837.root
Opened file /eos/user/a/amalhotr/ScoutingPFRun3/ScoutingData_2024H_TreeMakerRedone/251209_202708/0000/ScoutingTree_Output_837.root with 7746690 entries.
Tree opened successfully.
Total entries = 7746690

=====================================
=== Progress: 10% reached at entry 774669 ===
=====================================

=====================================
=== Progress: 20% reached at entry 1549338 ===
=====================================

=====================================
=== Progress: 30% reached at entry 2324007 ===
=====================================

=====================================
=== Progress: 40% reached at entry 3098676 ===
=====================================

=====================================
=== Progress: 50% reached at entry 3873345 ===
=====================================

=====================================
=== Progress: 60% reached at entry 4648014 ===
=====================================

=====================================
=== Progress: 70% reached at entry 5422683 ===
=====================================

=====================================
=== Progress: 80% reached at entry 6197352 ===
=====================================

=====================================
=== Progress: 90% reached at entry 6972021 ===
=====================================

Opening file: /eos/user/a/amalhotr/ScoutingPFRun3/ScoutingData_2024H_TreeMakerRedone/251209_202708/0000/ScoutingTree_Output_838.root
Opened file /eos/user/a/amalhotr/ScoutingPFRun3/ScoutingData_2024H_TreeMakerRedone/251209_202708/0000/ScoutingTree_Output_838.root with 7244917 entries.
Tree opened successfully.
Total entries = 7244917

=====================================
=== Progress: 10% reached at entry 724491 ===
=====================================

=====================================
=== Progress: 20% reached at entry 1448983 ===
=====================================

=====================================
=== Progress: 30% reached at entry 2173475 ===
=====================================

=====================================
=== Progress: 40% reached at entry 2897966 ===
=====================================

=====================================
=== Progress: 50% reached at entry 3622458 ===
=====================================

=====================================
=== Progress: 60% reached at entry 4346950 ===
=====================================

=====================================
=== Progress: 70% reached at entry 5071441 ===
=====================================

=====================================
=== Progress: 80% reached at entry 5795933 ===
=====================================

=====================================
=== Progress: 90% reached at entry 6520425 ===
=====================================

Opening file: /eos/user/a/amalhotr/ScoutingPFRun3/ScoutingData_2024H_TreeMakerRedone/251209_202708/0000/ScoutingTree_Output_839.root
Opened file /eos/user/a/amalhotr/ScoutingPFRun3/ScoutingData_2024H_TreeMakerRedone/251209_202708/0000/ScoutingTree_Output_839.root with 7451045 entries.
Tree opened successfully.
Total entries = 7451045

=====================================
=== Progress: 10% reached at entry 745104 ===
=====================================

=====================================
=== Progress: 20% reached at entry 1490209 ===
=====================================

=====================================
=== Progress: 30% reached at entry 2235313 ===
=====================================

=====================================
=== Progress: 40% reached at entry 2980418 ===
=====================================

=====================================
=== Progress: 50% reached at entry 3725522 ===
=====================================

=====================================
=== Progress: 60% reached at entry 4470627 ===
=====================================

=====================================
=== Progress: 70% reached at entry 5215731 ===
=====================================

=====================================
=== Progress: 80% reached at entry 5960836 ===
=====================================

=====================================
=== Progress: 90% reached at entry 6705940 ===
=====================================

Finished Tree2PlotsRun3 scan.
