000 (14420196.000.000) 01/26 11:38:11 Job submitted from host: <188.184.90.62:9618?addrs=188.184.90.62-9618+[2001-1458-201-e4--100-238]-9618&alias=bigbird16.cern.ch&noUDP&sock=schedd_5196_9a2f>
...
040 (14420196.000.000) 01/26 11:40:23 Started transferring input files
	Transferring to host: <188.185.193.185:9618?addrs=188.185.193.185-9618+[2001-1458-303-20--100-b5]-9618&alias=b9p19p8898.cern.ch&noUDP&sock=slot1_22_7998_107e_122579>
...
040 (14420196.000.000) 01/26 11:40:23 Finished transferring input files
...
001 (14420196.000.000) 01/26 11:40:24 Job executing on host: <188.185.193.185:9618?addrs=188.185.193.185-9618+[2001-1458-303-20--100-b5]-9618&alias=b9p19p8898.cern.ch&noUDP&sock=startd_6838_e0b1>
	SlotName: slot1_22@b9p19p8898.cern.ch
	CondorScratchDir = "/pool/condor/dir_3470665"
	Cpus = 1
	Disk = 3924
	GPUs = 0
	Memory = 3000
...
006 (14420196.000.000) 01/26 11:40:37 Image size of job updated: 146296
	143  -  MemoryUsage of job (MB)
	146296  -  ResidentSetSize of job (KB)
...
006 (14420196.000.000) 01/26 11:45:37 Image size of job updated: 847216
	725  -  MemoryUsage of job (MB)
	741452  -  ResidentSetSize of job (KB)
...
006 (14420196.000.000) 01/26 11:47:14 Image size of job updated: 847216
	727  -  MemoryUsage of job (MB)
	743432  -  ResidentSetSize of job (KB)
...
040 (14420196.000.000) 01/26 11:47:14 Started transferring output files
...
040 (14420196.000.000) 01/26 11:47:14 Finished transferring output files
...
005 (14420196.000.000) 01/26 11:47:14 Job terminated.
	(1) Normal termination (return value 0)
		Usr 0 00:05:05, Sys 0 00:00:07  -  Run Remote Usage
		Usr 0 00:00:00, Sys 0 00:00:00  -  Run Local Usage
		Usr 0 00:05:05, Sys 0 00:00:07  -  Total Remote Usage
		Usr 0 00:00:00, Sys 0 00:00:00  -  Total Local Usage
	12859  -  Run Bytes Sent By Job
	317  -  Run Bytes Received By Job
	12859  -  Total Bytes Sent By Job
	317  -  Total Bytes Received By Job
	Partitionable Resources :    Usage  Request Allocated 
	   Cpus                 :     0.66        1         1 
	   Disk (KB)            :    36           1      3924 
	   GPUs                 :                           0 
	   Memory (MB)          :   727        3000      3000 
	   TimeExecute (s)      :   410                       
	   TimeSlotBusy (s)     :   412                       

	Job terminated of its own accord at 2026-01-26T10:47:14Z with exit-code 0.
...
