000 (14420218.000.000) 01/26 11:41:44 Job submitted from host: <188.184.90.62:9618?addrs=188.184.90.62-9618+[2001-1458-201-e4--100-238]-9618&alias=bigbird16.cern.ch&noUDP&sock=schedd_5196_9a2f>
...
040 (14420218.000.000) 01/26 11:41:46 Started transferring input files
	Transferring to host: <188.185.215.157:9618?addrs=188.185.215.157-9618+[2001-1458-303-26--100-19]-9618&alias=b9p18p1806.cern.ch&noUDP&sock=slot1_17_964557_6a10_52737>
...
040 (14420218.000.000) 01/26 11:41:46 Finished transferring input files
...
001 (14420218.000.000) 01/26 11:41:47 Job executing on host: <188.185.215.157:9618?addrs=188.185.215.157-9618+[2001-1458-303-26--100-19]-9618&alias=b9p18p1806.cern.ch&noUDP&sock=startd_4058_0769>
	SlotName: slot1_17@b9p18p1806.cern.ch
	CondorScratchDir = "/pool/condor/dir_3590521"
	Cpus = 1
	Disk = 3830
	GPUs = 0
	Memory = 3000
...
006 (14420218.000.000) 01/26 11:42:00 Image size of job updated: 590468
	577  -  MemoryUsage of job (MB)
	590468  -  ResidentSetSize of job (KB)
...
006 (14420218.000.000) 01/26 11:45:40 Image size of job updated: 831348
	577  -  MemoryUsage of job (MB)
	590468  -  ResidentSetSize of job (KB)
...
040 (14420218.000.000) 01/26 11:45:40 Started transferring output files
...
040 (14420218.000.000) 01/26 11:45:40 Finished transferring output files
...
005 (14420218.000.000) 01/26 11:45:40 Job terminated.
	(1) Normal termination (return value 0)
		Usr 0 00:02:45, Sys 0 00:00:05  -  Run Remote Usage
		Usr 0 00:00:00, Sys 0 00:00:00  -  Run Local Usage
		Usr 0 00:02:45, Sys 0 00:00:05  -  Total Remote Usage
		Usr 0 00:00:00, Sys 0 00:00:00  -  Total Local Usage
	12855  -  Run Bytes Sent By Job
	317  -  Run Bytes Received By Job
	12855  -  Total Bytes Sent By Job
	317  -  Total Bytes Received By Job
	Partitionable Resources :    Usage  Request Allocated 
	   Cpus                 :     0.80        1         1 
	   Disk (KB)            :    37           1      3830 
	   GPUs                 :                           0 
	   Memory (MB)          :   577        3000      3000 
	   TimeExecute (s)      :   233                       
	   TimeSlotBusy (s)     :   234                       

	Job terminated of its own accord at 2026-01-26T10:45:40Z with exit-code 0.
...
