/pool/condor/dir_3323749

Opening file: /eos/user/a/amalhotr/ScoutingPFRun3/ScoutingData_2024H_TreeMakerRedone/251209_202708/0000/ScoutingTree_Output_195.root
Opened file /eos/user/a/amalhotr/ScoutingPFRun3/ScoutingData_2024H_TreeMakerRedone/251209_202708/0000/ScoutingTree_Output_195.root with 9909792 entries.
Tree opened successfully.
Total entries = 9909792

=====================================
=== Progress: 10% reached at entry 990979 ===
=====================================

=====================================
=== Progress: 20% reached at entry 1981958 ===
=====================================

=====================================
=== Progress: 30% reached at entry 2972937 ===
=====================================

=====================================
=== Progress: 40% reached at entry 3963916 ===
=====================================

=====================================
=== Progress: 50% reached at entry 4954896 ===
=====================================

=====================================
=== Progress: 60% reached at entry 5945875 ===
=====================================

=====================================
=== Progress: 70% reached at entry 6936854 ===
=====================================

=====================================
=== Progress: 80% reached at entry 7927833 ===
=====================================

=====================================
=== Progress: 90% reached at entry 8918812 ===
=====================================

Opening file: /eos/user/a/amalhotr/ScoutingPFRun3/ScoutingData_2024H_TreeMakerRedone/251209_202708/0000/ScoutingTree_Output_196.root
Opened file /eos/user/a/amalhotr/ScoutingPFRun3/ScoutingData_2024H_TreeMakerRedone/251209_202708/0000/ScoutingTree_Output_196.root with 11483819 entries.
Tree opened successfully.
Total entries = 11483819

=====================================
=== Progress: 10% reached at entry 1148381 ===
=====================================

=====================================
=== Progress: 20% reached at entry 2296763 ===
=====================================

=====================================
=== Progress: 30% reached at entry 3445145 ===
=====================================

=====================================
=== Progress: 40% reached at entry 4593527 ===
=====================================

=====================================
=== Progress: 50% reached at entry 5741909 ===
=====================================

=====================================
=== Progress: 60% reached at entry 6890291 ===
=====================================

=====================================
=== Progress: 70% reached at entry 8038673 ===
=====================================

=====================================
=== Progress: 80% reached at entry 9187055 ===
=====================================

=====================================
=== Progress: 90% reached at entry 10335437 ===
=====================================

Opening file: /eos/user/a/amalhotr/ScoutingPFRun3/ScoutingData_2024H_TreeMakerRedone/251209_202708/0000/ScoutingTree_Output_197.root
Opened file /eos/user/a/amalhotr/ScoutingPFRun3/ScoutingData_2024H_TreeMakerRedone/251209_202708/0000/ScoutingTree_Output_197.root with 11250478 entries.
Tree opened successfully.
Total entries = 11250478

=====================================
=== Progress: 10% reached at entry 1125047 ===
=====================================

=====================================
=== Progress: 20% reached at entry 2250095 ===
=====================================

=====================================
=== Progress: 30% reached at entry 3375143 ===
=====================================

=====================================
=== Progress: 40% reached at entry 4500191 ===
=====================================

=====================================
=== Progress: 50% reached at entry 5625239 ===
=====================================

=====================================
=== Progress: 60% reached at entry 6750286 ===
=====================================

=====================================
=== Progress: 70% reached at entry 7875334 ===
=====================================

=====================================
=== Progress: 80% reached at entry 9000382 ===
=====================================

=====================================
=== Progress: 90% reached at entry 10125430 ===
=====================================

Opening file: /eos/user/a/amalhotr/ScoutingPFRun3/ScoutingData_2024H_TreeMakerRedone/251209_202708/0000/ScoutingTree_Output_198.root
Opened file /eos/user/a/amalhotr/ScoutingPFRun3/ScoutingData_2024H_TreeMakerRedone/251209_202708/0000/ScoutingTree_Output_198.root with 11359207 entries.
Tree opened successfully.
Total entries = 11359207

=====================================
=== Progress: 10% reached at entry 1135920 ===
=====================================

=====================================
=== Progress: 20% reached at entry 2271841 ===
=====================================

=====================================
=== Progress: 30% reached at entry 3407762 ===
=====================================

=====================================
=== Progress: 40% reached at entry 4543682 ===
=====================================

=====================================
=== Progress: 50% reached at entry 5679603 ===
=====================================

=====================================
=== Progress: 60% reached at entry 6815524 ===
=====================================

=====================================
=== Progress: 70% reached at entry 7951444 ===
=====================================

=====================================
=== Progress: 80% reached at entry 9087365 ===
=====================================

=====================================
=== Progress: 90% reached at entry 10223286 ===
=====================================

Finished Tree2PlotsRun3 scan.
