000 (14418798.000.000) 01/26 10:11:31 Job submitted from host: <188.184.90.62:9618?addrs=188.184.90.62-9618+[2001-1458-201-e4--100-238]-9618&alias=bigbird16.cern.ch&noUDP&sock=schedd_5196_9a2f>
...
040 (14418798.000.000) 01/26 10:14:10 Started transferring input files
	Transferring to host: <188.185.214.52:9618?addrs=188.185.214.52-9618+[2001-1458-303-1c--100-30]-9618&alias=b9p29p8321.cern.ch&noUDP&sock=slot1_8_163493_5bd1_64869>
...
040 (14418798.000.000) 01/26 10:14:10 Finished transferring input files
...
001 (14418798.000.000) 01/26 10:14:11 Job executing on host: <188.185.214.52:9618?addrs=188.185.214.52-9618+[2001-1458-303-1c--100-30]-9618&alias=b9p29p8321.cern.ch&noUDP&sock=startd_3427_3726>
	SlotName: slot1_8@b9p29p8321.cern.ch
	CondorScratchDir = "/pool/condor/dir_2871668"
	Cpus = 1
	Disk = 3903
	GPUs = 0
	Memory = 3000
...
006 (14418798.000.000) 01/26 10:14:25 Image size of job updated: 151104
	148  -  MemoryUsage of job (MB)
	151104  -  ResidentSetSize of job (KB)
...
006 (14418798.000.000) 01/26 10:19:26 Image size of job updated: 793140
	766  -  MemoryUsage of job (MB)
	784124  -  ResidentSetSize of job (KB)
...
006 (14418798.000.000) 01/26 10:21:17 Image size of job updated: 803176
	766  -  MemoryUsage of job (MB)
	784124  -  ResidentSetSize of job (KB)
...
040 (14418798.000.000) 01/26 10:21:17 Started transferring output files
...
040 (14418798.000.000) 01/26 10:21:17 Finished transferring output files
...
005 (14418798.000.000) 01/26 10:21:17 Job terminated.
	(1) Normal termination (return value 0)
		Usr 0 00:05:20, Sys 0 00:00:14  -  Run Remote Usage
		Usr 0 00:00:00, Sys 0 00:00:00  -  Run Local Usage
		Usr 0 00:05:20, Sys 0 00:00:14  -  Total Remote Usage
		Usr 0 00:00:00, Sys 0 00:00:00  -  Total Local Usage
	13178  -  Run Bytes Sent By Job
	317  -  Run Bytes Received By Job
	13178  -  Total Bytes Sent By Job
	317  -  Total Bytes Received By Job
	Partitionable Resources :    Usage  Request Allocated 
	   Cpus                 :     0.76        1         1 
	   Disk (KB)            :    36           1      3903 
	   GPUs                 :                           0 
	   Memory (MB)          :   766        3000      3000 
	   TimeExecute (s)      :   426                       
	   TimeSlotBusy (s)     :   428                       

	Job terminated of its own accord at 2026-01-26T09:21:17Z with exit-code 0.
...
