/pool/condor/dir_4039224

Opening file: /eos/user/a/amalhotr/ScoutingPFRun3/ScoutingData_2024H_TreeMakerRedone/251209_202708/0000/ScoutingTree_Output_450.root
Opened file /eos/user/a/amalhotr/ScoutingPFRun3/ScoutingData_2024H_TreeMakerRedone/251209_202708/0000/ScoutingTree_Output_450.root with 8388181 entries.
Tree opened successfully.
Total entries = 8388181

=====================================
=== Progress: 10% reached at entry 838818 ===
=====================================

=====================================
=== Progress: 20% reached at entry 1677636 ===
=====================================

=====================================
=== Progress: 30% reached at entry 2516454 ===
=====================================

=====================================
=== Progress: 40% reached at entry 3355272 ===
=====================================

=====================================
=== Progress: 50% reached at entry 4194090 ===
=====================================

=====================================
=== Progress: 60% reached at entry 5032908 ===
=====================================

=====================================
=== Progress: 70% reached at entry 5871726 ===
=====================================

=====================================
=== Progress: 80% reached at entry 6710544 ===
=====================================

=====================================
=== Progress: 90% reached at entry 7549362 ===
=====================================

Opening file: /eos/user/a/amalhotr/ScoutingPFRun3/ScoutingData_2024H_TreeMakerRedone/251209_202708/0000/ScoutingTree_Output_451.root
Opened file /eos/user/a/amalhotr/ScoutingPFRun3/ScoutingData_2024H_TreeMakerRedone/251209_202708/0000/ScoutingTree_Output_451.root with 8381921 entries.
Tree opened successfully.
Total entries = 8381921

=====================================
=== Progress: 10% reached at entry 838192 ===
=====================================

=====================================
=== Progress: 20% reached at entry 1676384 ===
=====================================

=====================================
=== Progress: 30% reached at entry 2514576 ===
=====================================

=====================================
=== Progress: 40% reached at entry 3352768 ===
=====================================

=====================================
=== Progress: 50% reached at entry 4190960 ===
=====================================

=====================================
=== Progress: 60% reached at entry 5029152 ===
=====================================

=====================================
=== Progress: 70% reached at entry 5867344 ===
=====================================

=====================================
=== Progress: 80% reached at entry 6705536 ===
=====================================

=====================================
=== Progress: 90% reached at entry 7543728 ===
=====================================

Opening file: /eos/user/a/amalhotr/ScoutingPFRun3/ScoutingData_2024H_TreeMakerRedone/251209_202708/0000/ScoutingTree_Output_452.root
Opened file /eos/user/a/amalhotr/ScoutingPFRun3/ScoutingData_2024H_TreeMakerRedone/251209_202708/0000/ScoutingTree_Output_452.root with 8376511 entries.
Tree opened successfully.
Total entries = 8376511

=====================================
=== Progress: 10% reached at entry 837651 ===
=====================================

=====================================
=== Progress: 20% reached at entry 1675302 ===
=====================================

=====================================
=== Progress: 30% reached at entry 2512953 ===
=====================================

=====================================
=== Progress: 40% reached at entry 3350604 ===
=====================================

=====================================
=== Progress: 50% reached at entry 4188255 ===
=====================================

=====================================
=== Progress: 60% reached at entry 5025906 ===
=====================================

=====================================
=== Progress: 70% reached at entry 5863557 ===
=====================================

=====================================
=== Progress: 80% reached at entry 6701208 ===
=====================================

=====================================
=== Progress: 90% reached at entry 7538859 ===
=====================================

Opening file: /eos/user/a/amalhotr/ScoutingPFRun3/ScoutingData_2024H_TreeMakerRedone/251209_202708/0000/ScoutingTree_Output_453.root
Opened file /eos/user/a/amalhotr/ScoutingPFRun3/ScoutingData_2024H_TreeMakerRedone/251209_202708/0000/ScoutingTree_Output_453.root with 8394511 entries.
Tree opened successfully.
Total entries = 8394511

=====================================
=== Progress: 10% reached at entry 839451 ===
=====================================

=====================================
=== Progress: 20% reached at entry 1678902 ===
=====================================

=====================================
=== Progress: 30% reached at entry 2518353 ===
=====================================

=====================================
=== Progress: 40% reached at entry 3357804 ===
=====================================

=====================================
=== Progress: 50% reached at entry 4197255 ===
=====================================

=====================================
=== Progress: 60% reached at entry 5036706 ===
=====================================

=====================================
=== Progress: 70% reached at entry 5876157 ===
=====================================

=====================================
=== Progress: 80% reached at entry 6715608 ===
=====================================

=====================================
=== Progress: 90% reached at entry 7555059 ===
=====================================

Finished Tree2PlotsRun3 scan.
