/pool/condor/dir_4161719

Opening file: /eos/user/a/amalhotr/ScoutingPFRun3/ScoutingData_2024H_TreeMakerRedone/251209_202708/0000/ScoutingTree_Output_386.root
Opened file /eos/user/a/amalhotr/ScoutingPFRun3/ScoutingData_2024H_TreeMakerRedone/251209_202708/0000/ScoutingTree_Output_386.root with 8037493 entries.
Tree opened successfully.
Total entries = 8037493

=====================================
=== Progress: 10% reached at entry 803749 ===
=====================================

=====================================
=== Progress: 20% reached at entry 1607498 ===
=====================================

=====================================
=== Progress: 30% reached at entry 2411247 ===
=====================================

=====================================
=== Progress: 40% reached at entry 3214997 ===
=====================================

=====================================
=== Progress: 50% reached at entry 4018746 ===
=====================================

=====================================
=== Progress: 60% reached at entry 4822495 ===
=====================================

=====================================
=== Progress: 70% reached at entry 5626245 ===
=====================================

=====================================
=== Progress: 80% reached at entry 6429994 ===
=====================================

=====================================
=== Progress: 90% reached at entry 7233743 ===
=====================================

Opening file: /eos/user/a/amalhotr/ScoutingPFRun3/ScoutingData_2024H_TreeMakerRedone/251209_202708/0000/ScoutingTree_Output_387.root
Opened file /eos/user/a/amalhotr/ScoutingPFRun3/ScoutingData_2024H_TreeMakerRedone/251209_202708/0000/ScoutingTree_Output_387.root with 8268651 entries.
Tree opened successfully.
Total entries = 8268651

=====================================
=== Progress: 10% reached at entry 826865 ===
=====================================

=====================================
=== Progress: 20% reached at entry 1653730 ===
=====================================

=====================================
=== Progress: 30% reached at entry 2480595 ===
=====================================

=====================================
=== Progress: 40% reached at entry 3307460 ===
=====================================

=====================================
=== Progress: 50% reached at entry 4134325 ===
=====================================

=====================================
=== Progress: 60% reached at entry 4961190 ===
=====================================

=====================================
=== Progress: 70% reached at entry 5788055 ===
=====================================

=====================================
=== Progress: 80% reached at entry 6614920 ===
=====================================

=====================================
=== Progress: 90% reached at entry 7441785 ===
=====================================

Opening file: /eos/user/a/amalhotr/ScoutingPFRun3/ScoutingData_2024H_TreeMakerRedone/251209_202708/0000/ScoutingTree_Output_388.root
Opened file /eos/user/a/amalhotr/ScoutingPFRun3/ScoutingData_2024H_TreeMakerRedone/251209_202708/0000/ScoutingTree_Output_388.root with 7468335 entries.
Tree opened successfully.
Total entries = 7468335

=====================================
=== Progress: 10% reached at entry 746833 ===
=====================================

=====================================
=== Progress: 20% reached at entry 1493667 ===
=====================================

=====================================
=== Progress: 30% reached at entry 2240500 ===
=====================================

=====================================
=== Progress: 40% reached at entry 2987334 ===
=====================================

=====================================
=== Progress: 50% reached at entry 3734167 ===
=====================================

=====================================
=== Progress: 60% reached at entry 4481001 ===
=====================================

=====================================
=== Progress: 70% reached at entry 5227834 ===
=====================================

=====================================
=== Progress: 80% reached at entry 5974668 ===
=====================================

=====================================
=== Progress: 90% reached at entry 6721501 ===
=====================================

Opening file: /eos/user/a/amalhotr/ScoutingPFRun3/ScoutingData_2024H_TreeMakerRedone/251209_202708/0000/ScoutingTree_Output_389.root
Opened file /eos/user/a/amalhotr/ScoutingPFRun3/ScoutingData_2024H_TreeMakerRedone/251209_202708/0000/ScoutingTree_Output_389.root with 8427059 entries.
Tree opened successfully.
Total entries = 8427059

=====================================
=== Progress: 10% reached at entry 842705 ===
=====================================

=====================================
=== Progress: 20% reached at entry 1685411 ===
=====================================

=====================================
=== Progress: 30% reached at entry 2528117 ===
=====================================

=====================================
=== Progress: 40% reached at entry 3370823 ===
=====================================

=====================================
=== Progress: 50% reached at entry 4213529 ===
=====================================

=====================================
=== Progress: 60% reached at entry 5056235 ===
=====================================

=====================================
=== Progress: 70% reached at entry 5898941 ===
=====================================

=====================================
=== Progress: 80% reached at entry 6741647 ===
=====================================

=====================================
=== Progress: 90% reached at entry 7584353 ===
=====================================

Finished Tree2PlotsRun3 scan.
