000 (14419933.000.000) 01/26 11:22:51 Job submitted from host: <188.184.90.62:9618?addrs=188.184.90.62-9618+[2001-1458-201-e4--100-238]-9618&alias=bigbird16.cern.ch&noUDP&sock=schedd_5196_9a2f>
...
040 (14419933.000.000) 01/26 11:25:06 Started transferring input files
	Transferring to host: <188.185.205.199:9618?addrs=188.185.205.199-9618+[2001-1458-303-a--100-44]-9618&alias=b9p04p8089.cern.ch&noUDP&sock=slot1_10_4450_2d6e_4517>
...
040 (14419933.000.000) 01/26 11:25:06 Finished transferring input files
...
001 (14419933.000.000) 01/26 11:25:08 Job executing on host: <188.185.205.199:9618?addrs=188.185.205.199-9618+[2001-1458-303-a--100-44]-9618&alias=b9p04p8089.cern.ch&noUDP&sock=startd_3903_b63b>
	SlotName: slot1_10@b9p04p8089.cern.ch
	CondorScratchDir = "/pool/condor/dir_2021061"
	Cpus = 1
	Disk = 3462
	GPUs = 0
	Memory = 3000
...
006 (14419933.000.000) 01/26 11:25:21 Image size of job updated: 589584
	576  -  MemoryUsage of job (MB)
	589584  -  ResidentSetSize of job (KB)
...
006 (14419933.000.000) 01/26 11:30:21 Image size of job updated: 844076
	784  -  MemoryUsage of job (MB)
	802652  -  ResidentSetSize of job (KB)
...
040 (14419933.000.000) 01/26 11:30:29 Started transferring output files
...
040 (14419933.000.000) 01/26 11:30:29 Finished transferring output files
...
005 (14419933.000.000) 01/26 11:30:29 Job terminated.
	(1) Normal termination (return value 0)
		Usr 0 00:03:47, Sys 0 00:00:08  -  Run Remote Usage
		Usr 0 00:00:00, Sys 0 00:00:00  -  Run Local Usage
		Usr 0 00:03:47, Sys 0 00:00:08  -  Total Remote Usage
		Usr 0 00:00:00, Sys 0 00:00:00  -  Total Local Usage
	13128  -  Run Bytes Sent By Job
	317  -  Run Bytes Received By Job
	13128  -  Total Bytes Sent By Job
	317  -  Total Bytes Received By Job
	Partitionable Resources :    Usage  Request Allocated 
	   Cpus                 :        0        1         1 
	   Disk (KB)            :       40        1      3462 
	   GPUs                 :                           0 
	   Memory (MB)          :      784     3000      3000 
	   TimeExecute (s)      :      322                    
	   TimeSlotBusy (s)     :      324                    

	Job terminated of its own accord at 2026-01-26T10:30:29Z with exit-code 0.
...
