/pool/condor/dir_3255562

Opening file: /eos/user/a/amalhotr/ScoutingPFRun3/ScoutingData_2024H_TreeMakerRedone/251209_202708/0000/ScoutingTree_Output_515.root
Opened file /eos/user/a/amalhotr/ScoutingPFRun3/ScoutingData_2024H_TreeMakerRedone/251209_202708/0000/ScoutingTree_Output_515.root with 8254435 entries.
Tree opened successfully.
Total entries = 8254435

=====================================
=== Progress: 10% reached at entry 825443 ===
=====================================

=====================================
=== Progress: 20% reached at entry 1650887 ===
=====================================

=====================================
=== Progress: 30% reached at entry 2476330 ===
=====================================

=====================================
=== Progress: 40% reached at entry 3301774 ===
=====================================

=====================================
=== Progress: 50% reached at entry 4127217 ===
=====================================

=====================================
=== Progress: 60% reached at entry 4952661 ===
=====================================

=====================================
=== Progress: 70% reached at entry 5778104 ===
=====================================

=====================================
=== Progress: 80% reached at entry 6603548 ===
=====================================

=====================================
=== Progress: 90% reached at entry 7428991 ===
=====================================

Opening file: /eos/user/a/amalhotr/ScoutingPFRun3/ScoutingData_2024H_TreeMakerRedone/251209_202708/0000/ScoutingTree_Output_516.root
Opened file /eos/user/a/amalhotr/ScoutingPFRun3/ScoutingData_2024H_TreeMakerRedone/251209_202708/0000/ScoutingTree_Output_516.root with 8356951 entries.
Tree opened successfully.
Total entries = 8356951

=====================================
=== Progress: 10% reached at entry 835695 ===
=====================================

=====================================
=== Progress: 20% reached at entry 1671390 ===
=====================================

=====================================
=== Progress: 30% reached at entry 2507085 ===
=====================================

=====================================
=== Progress: 40% reached at entry 3342780 ===
=====================================

=====================================
=== Progress: 50% reached at entry 4178475 ===
=====================================

=====================================
=== Progress: 60% reached at entry 5014170 ===
=====================================

=====================================
=== Progress: 70% reached at entry 5849865 ===
=====================================

=====================================
=== Progress: 80% reached at entry 6685560 ===
=====================================

=====================================
=== Progress: 90% reached at entry 7521255 ===
=====================================

Opening file: /eos/user/a/amalhotr/ScoutingPFRun3/ScoutingData_2024H_TreeMakerRedone/251209_202708/0000/ScoutingTree_Output_517.root
Opened file /eos/user/a/amalhotr/ScoutingPFRun3/ScoutingData_2024H_TreeMakerRedone/251209_202708/0000/ScoutingTree_Output_517.root with 8358470 entries.
Tree opened successfully.
Total entries = 8358470

=====================================
=== Progress: 10% reached at entry 835847 ===
=====================================

=====================================
=== Progress: 20% reached at entry 1671694 ===
=====================================

=====================================
=== Progress: 30% reached at entry 2507541 ===
=====================================

=====================================
=== Progress: 40% reached at entry 3343388 ===
=====================================

=====================================
=== Progress: 50% reached at entry 4179235 ===
=====================================

=====================================
=== Progress: 60% reached at entry 5015082 ===
=====================================

=====================================
=== Progress: 70% reached at entry 5850929 ===
=====================================

=====================================
=== Progress: 80% reached at entry 6686776 ===
=====================================

=====================================
=== Progress: 90% reached at entry 7522623 ===
=====================================

Opening file: /eos/user/a/amalhotr/ScoutingPFRun3/ScoutingData_2024H_TreeMakerRedone/251209_202708/0000/ScoutingTree_Output_518.root
Opened file /eos/user/a/amalhotr/ScoutingPFRun3/ScoutingData_2024H_TreeMakerRedone/251209_202708/0000/ScoutingTree_Output_518.root with 8278287 entries.
Tree opened successfully.
Total entries = 8278287

=====================================
=== Progress: 10% reached at entry 827828 ===
=====================================

=====================================
=== Progress: 20% reached at entry 1655657 ===
=====================================

=====================================
=== Progress: 30% reached at entry 2483486 ===
=====================================

=====================================
=== Progress: 40% reached at entry 3311314 ===
=====================================

=====================================
=== Progress: 50% reached at entry 4139143 ===
=====================================

=====================================
=== Progress: 60% reached at entry 4966972 ===
=====================================

=====================================
=== Progress: 70% reached at entry 5794800 ===
=====================================

=====================================
=== Progress: 80% reached at entry 6622629 ===
=====================================

=====================================
=== Progress: 90% reached at entry 7450458 ===
=====================================

Finished Tree2PlotsRun3 scan.
