000 (14418796.000.000) 01/26 10:11:30 Job submitted from host: <188.184.90.62:9618?addrs=188.184.90.62-9618+[2001-1458-201-e4--100-238]-9618&alias=bigbird16.cern.ch&noUDP&sock=schedd_5196_9a2f>
...
040 (14418796.000.000) 01/26 10:14:12 Started transferring input files
	Transferring to host: <188.185.212.33:9618?addrs=188.185.212.33-9618+[2001-1458-303-18--100-1d]-9618&alias=b9p25p7824.cern.ch&noUDP&sock=slot1_20_5707_d901_133150>
...
040 (14418796.000.000) 01/26 10:14:12 Finished transferring input files
...
001 (14418796.000.000) 01/26 10:14:13 Job executing on host: <188.185.212.33:9618?addrs=188.185.212.33-9618+[2001-1458-303-18--100-1d]-9618&alias=b9p25p7824.cern.ch&noUDP&sock=startd_4802_59df>
	SlotName: slot1_20@b9p25p7824.cern.ch
	CondorScratchDir = "/pool/condor/dir_1916561"
	Cpus = 1
	Disk = 3846
	GPUs = 0
	Memory = 3000
...
006 (14418796.000.000) 01/26 10:14:27 Image size of job updated: 49852
	49  -  MemoryUsage of job (MB)
	49852  -  ResidentSetSize of job (KB)
...
006 (14418796.000.000) 01/26 10:19:28 Image size of job updated: 844432
	809  -  MemoryUsage of job (MB)
	828252  -  ResidentSetSize of job (KB)
...
040 (14418796.000.000) 01/26 10:26:40 Started transferring output files
...
040 (14418796.000.000) 01/26 10:26:40 Finished transferring output files
...
005 (14418796.000.000) 01/26 10:26:40 Job terminated.
	(1) Normal termination (return value 0)
		Usr 0 00:06:41, Sys 0 00:00:08  -  Run Remote Usage
		Usr 0 00:00:00, Sys 0 00:00:00  -  Run Local Usage
		Usr 0 00:06:41, Sys 0 00:00:08  -  Total Remote Usage
		Usr 0 00:00:00, Sys 0 00:00:00  -  Total Local Usage
	13608  -  Run Bytes Sent By Job
	317  -  Run Bytes Received By Job
	13608  -  Total Bytes Sent By Job
	317  -  Total Bytes Received By Job
	Partitionable Resources :    Usage  Request Allocated 
	   Cpus                 :     0.27        1         1 
	   Disk (KB)            :    37           1      3846 
	   GPUs                 :                           0 
	   Memory (MB)          :   809        3000      3000 
	   TimeExecute (s)      :   747                       
	   TimeSlotBusy (s)     :   749                       

	Job terminated of its own accord at 2026-01-26T09:26:40Z with exit-code 0.
...
