/pool/condor/dir_2952984

Opening file: /eos/user/a/amalhotr/ScoutingPFRun3/ScoutingData_2024H_TreeMakerRedone/251209_202708/0000/ScoutingTree_Output_7.root
Opened file /eos/user/a/amalhotr/ScoutingPFRun3/ScoutingData_2024H_TreeMakerRedone/251209_202708/0000/ScoutingTree_Output_7.root with 8319976 entries.
Tree opened successfully.
Total entries = 8319976

=====================================
=== Progress: 10% reached at entry 831997 ===
=====================================

=====================================
=== Progress: 20% reached at entry 1663995 ===
=====================================

=====================================
=== Progress: 30% reached at entry 2495992 ===
=====================================

=====================================
=== Progress: 40% reached at entry 3327990 ===
=====================================

=====================================
=== Progress: 50% reached at entry 4159988 ===
=====================================

=====================================
=== Progress: 60% reached at entry 4991985 ===
=====================================

=====================================
=== Progress: 70% reached at entry 5823983 ===
=====================================

=====================================
=== Progress: 80% reached at entry 6655980 ===
=====================================

=====================================
=== Progress: 90% reached at entry 7487978 ===
=====================================

Opening file: /eos/user/a/amalhotr/ScoutingPFRun3/ScoutingData_2024H_TreeMakerRedone/251209_202708/0000/ScoutingTree_Output_800.root
Opened file /eos/user/a/amalhotr/ScoutingPFRun3/ScoutingData_2024H_TreeMakerRedone/251209_202708/0000/ScoutingTree_Output_800.root with 5187738 entries.
Tree opened successfully.
Total entries = 5187738

=====================================
=== Progress: 10% reached at entry 518773 ===
=====================================

=====================================
=== Progress: 20% reached at entry 1037547 ===
=====================================

=====================================
=== Progress: 30% reached at entry 1556321 ===
=====================================

=====================================
=== Progress: 40% reached at entry 2075095 ===
=====================================

=====================================
=== Progress: 50% reached at entry 2593869 ===
=====================================

=====================================
=== Progress: 60% reached at entry 3112642 ===
=====================================

=====================================
=== Progress: 70% reached at entry 3631416 ===
=====================================

=====================================
=== Progress: 80% reached at entry 4150190 ===
=====================================

=====================================
=== Progress: 90% reached at entry 4668964 ===
=====================================

Opening file: /eos/user/a/amalhotr/ScoutingPFRun3/ScoutingData_2024H_TreeMakerRedone/251209_202708/0000/ScoutingTree_Output_801.root
Opened file /eos/user/a/amalhotr/ScoutingPFRun3/ScoutingData_2024H_TreeMakerRedone/251209_202708/0000/ScoutingTree_Output_801.root with 5128374 entries.
Tree opened successfully.
Total entries = 5128374

=====================================
=== Progress: 10% reached at entry 512837 ===
=====================================

=====================================
=== Progress: 20% reached at entry 1025674 ===
=====================================

=====================================
=== Progress: 30% reached at entry 1538512 ===
=====================================

=====================================
=== Progress: 40% reached at entry 2051349 ===
=====================================

=====================================
=== Progress: 50% reached at entry 2564187 ===
=====================================

=====================================
=== Progress: 60% reached at entry 3077024 ===
=====================================

=====================================
=== Progress: 70% reached at entry 3589861 ===
=====================================

=====================================
=== Progress: 80% reached at entry 4102699 ===
=====================================

=====================================
=== Progress: 90% reached at entry 4615536 ===
=====================================

Opening file: /eos/user/a/amalhotr/ScoutingPFRun3/ScoutingData_2024H_TreeMakerRedone/251209_202708/0000/ScoutingTree_Output_802.root
Opened file /eos/user/a/amalhotr/ScoutingPFRun3/ScoutingData_2024H_TreeMakerRedone/251209_202708/0000/ScoutingTree_Output_802.root with 5158518 entries.
Tree opened successfully.
Total entries = 5158518

=====================================
=== Progress: 10% reached at entry 515851 ===
=====================================

=====================================
=== Progress: 20% reached at entry 1031703 ===
=====================================

=====================================
=== Progress: 30% reached at entry 1547555 ===
=====================================

=====================================
=== Progress: 40% reached at entry 2063407 ===
=====================================

=====================================
=== Progress: 50% reached at entry 2579259 ===
=====================================

=====================================
=== Progress: 60% reached at entry 3095110 ===
=====================================

=====================================
=== Progress: 70% reached at entry 3610962 ===
=====================================

=====================================
=== Progress: 80% reached at entry 4126814 ===
=====================================

=====================================
=== Progress: 90% reached at entry 4642666 ===
=====================================

Finished Tree2PlotsRun3 scan.
