/pool/condor/dir_252879

Opening file: /eos/user/a/amalhotr/ScoutingPFRun3/ScoutingData_2024H_TreeMakerRedone/251209_202708/0000/ScoutingTree_Output_56.root
Opened file /eos/user/a/amalhotr/ScoutingPFRun3/ScoutingData_2024H_TreeMakerRedone/251209_202708/0000/ScoutingTree_Output_56.root with 7942035 entries.
Tree opened successfully.
Total entries = 7942035

=====================================
=== Progress: 10% reached at entry 794203 ===
=====================================

=====================================
=== Progress: 20% reached at entry 1588407 ===
=====================================

=====================================
=== Progress: 30% reached at entry 2382610 ===
=====================================

=====================================
=== Progress: 40% reached at entry 3176814 ===
=====================================

=====================================
=== Progress: 50% reached at entry 3971017 ===
=====================================

=====================================
=== Progress: 60% reached at entry 4765221 ===
=====================================

=====================================
=== Progress: 70% reached at entry 5559424 ===
=====================================

=====================================
=== Progress: 80% reached at entry 6353628 ===
=====================================

=====================================
=== Progress: 90% reached at entry 7147831 ===
=====================================

Opening file: /eos/user/a/amalhotr/ScoutingPFRun3/ScoutingData_2024H_TreeMakerRedone/251209_202708/0000/ScoutingTree_Output_570.root
Opened file /eos/user/a/amalhotr/ScoutingPFRun3/ScoutingData_2024H_TreeMakerRedone/251209_202708/0000/ScoutingTree_Output_570.root with 8120219 entries.
Tree opened successfully.
Total entries = 8120219

=====================================
=== Progress: 10% reached at entry 812021 ===
=====================================

=====================================
=== Progress: 20% reached at entry 1624043 ===
=====================================

=====================================
=== Progress: 30% reached at entry 2436065 ===
=====================================

=====================================
=== Progress: 40% reached at entry 3248087 ===
=====================================

=====================================
=== Progress: 50% reached at entry 4060109 ===
=====================================

=====================================
=== Progress: 60% reached at entry 4872131 ===
=====================================

=====================================
=== Progress: 70% reached at entry 5684153 ===
=====================================

=====================================
=== Progress: 80% reached at entry 6496175 ===
=====================================

=====================================
=== Progress: 90% reached at entry 7308197 ===
=====================================

Opening file: /eos/user/a/amalhotr/ScoutingPFRun3/ScoutingData_2024H_TreeMakerRedone/251209_202708/0000/ScoutingTree_Output_571.root
Opened file /eos/user/a/amalhotr/ScoutingPFRun3/ScoutingData_2024H_TreeMakerRedone/251209_202708/0000/ScoutingTree_Output_571.root with 8131397 entries.
Tree opened successfully.
Total entries = 8131397

=====================================
=== Progress: 10% reached at entry 813139 ===
=====================================

=====================================
=== Progress: 20% reached at entry 1626279 ===
=====================================

=====================================
=== Progress: 30% reached at entry 2439419 ===
=====================================

=====================================
=== Progress: 40% reached at entry 3252558 ===
=====================================

=====================================
=== Progress: 50% reached at entry 4065698 ===
=====================================

=====================================
=== Progress: 60% reached at entry 4878838 ===
=====================================

=====================================
=== Progress: 70% reached at entry 5691977 ===
=====================================

=====================================
=== Progress: 80% reached at entry 6505117 ===
=====================================

=====================================
=== Progress: 90% reached at entry 7318257 ===
=====================================

Opening file: /eos/user/a/amalhotr/ScoutingPFRun3/ScoutingData_2024H_TreeMakerRedone/251209_202708/0000/ScoutingTree_Output_572.root
Opened file /eos/user/a/amalhotr/ScoutingPFRun3/ScoutingData_2024H_TreeMakerRedone/251209_202708/0000/ScoutingTree_Output_572.root with 8270513 entries.
Tree opened successfully.
Total entries = 8270513

=====================================
=== Progress: 10% reached at entry 827051 ===
=====================================

=====================================
=== Progress: 20% reached at entry 1654102 ===
=====================================

=====================================
=== Progress: 30% reached at entry 2481153 ===
=====================================

=====================================
=== Progress: 40% reached at entry 3308205 ===
=====================================

=====================================
=== Progress: 50% reached at entry 4135256 ===
=====================================

=====================================
=== Progress: 60% reached at entry 4962307 ===
=====================================

=====================================
=== Progress: 70% reached at entry 5789359 ===
=====================================

=====================================
=== Progress: 80% reached at entry 6616410 ===
=====================================

=====================================
=== Progress: 90% reached at entry 7443461 ===
=====================================

Finished Tree2PlotsRun3 scan.
