/pool/condor/dir_3976995

Opening file: /eos/user/a/amalhotr/ScoutingPFRun3/ScoutingData_2024H_TreeMakerRedone/251209_202708/0000/ScoutingTree_Output_281.root
Opened file /eos/user/a/amalhotr/ScoutingPFRun3/ScoutingData_2024H_TreeMakerRedone/251209_202708/0000/ScoutingTree_Output_281.root with 8451948 entries.
Tree opened successfully.
Total entries = 8451948

=====================================
=== Progress: 10% reached at entry 845194 ===
=====================================

=====================================
=== Progress: 20% reached at entry 1690389 ===
=====================================

=====================================
=== Progress: 30% reached at entry 2535584 ===
=====================================

=====================================
=== Progress: 40% reached at entry 3380779 ===
=====================================

=====================================
=== Progress: 50% reached at entry 4225974 ===
=====================================

=====================================
=== Progress: 60% reached at entry 5071168 ===
=====================================

=====================================
=== Progress: 70% reached at entry 5916363 ===
=====================================

=====================================
=== Progress: 80% reached at entry 6761558 ===
=====================================

=====================================
=== Progress: 90% reached at entry 7606753 ===
=====================================

Opening file: /eos/user/a/amalhotr/ScoutingPFRun3/ScoutingData_2024H_TreeMakerRedone/251209_202708/0000/ScoutingTree_Output_282.root
Opened file /eos/user/a/amalhotr/ScoutingPFRun3/ScoutingData_2024H_TreeMakerRedone/251209_202708/0000/ScoutingTree_Output_282.root with 8312410 entries.
Tree opened successfully.
Total entries = 8312410

=====================================
=== Progress: 10% reached at entry 831241 ===
=====================================

=====================================
=== Progress: 20% reached at entry 1662482 ===
=====================================

=====================================
=== Progress: 30% reached at entry 2493723 ===
=====================================

=====================================
=== Progress: 40% reached at entry 3324964 ===
=====================================

=====================================
=== Progress: 50% reached at entry 4156205 ===
=====================================

=====================================
=== Progress: 60% reached at entry 4987446 ===
=====================================

=====================================
=== Progress: 70% reached at entry 5818687 ===
=====================================

=====================================
=== Progress: 80% reached at entry 6649928 ===
=====================================

=====================================
=== Progress: 90% reached at entry 7481169 ===
=====================================

Opening file: /eos/user/a/amalhotr/ScoutingPFRun3/ScoutingData_2024H_TreeMakerRedone/251209_202708/0000/ScoutingTree_Output_283.root
Opened file /eos/user/a/amalhotr/ScoutingPFRun3/ScoutingData_2024H_TreeMakerRedone/251209_202708/0000/ScoutingTree_Output_283.root with 8527406 entries.
Tree opened successfully.
Total entries = 8527406

=====================================
=== Progress: 10% reached at entry 852740 ===
=====================================

=====================================
=== Progress: 20% reached at entry 1705481 ===
=====================================

=====================================
=== Progress: 30% reached at entry 2558221 ===
=====================================

=====================================
=== Progress: 40% reached at entry 3410962 ===
=====================================

=====================================
=== Progress: 50% reached at entry 4263703 ===
=====================================

=====================================
=== Progress: 60% reached at entry 5116443 ===
=====================================

=====================================
=== Progress: 70% reached at entry 5969184 ===
=====================================

=====================================
=== Progress: 80% reached at entry 6821924 ===
=====================================

=====================================
=== Progress: 90% reached at entry 7674665 ===
=====================================

Opening file: /eos/user/a/amalhotr/ScoutingPFRun3/ScoutingData_2024H_TreeMakerRedone/251209_202708/0000/ScoutingTree_Output_284.root
Opened file /eos/user/a/amalhotr/ScoutingPFRun3/ScoutingData_2024H_TreeMakerRedone/251209_202708/0000/ScoutingTree_Output_284.root with 8632563 entries.
Tree opened successfully.
Total entries = 8632563

=====================================
=== Progress: 10% reached at entry 863256 ===
=====================================

=====================================
=== Progress: 20% reached at entry 1726512 ===
=====================================

=====================================
=== Progress: 30% reached at entry 2589768 ===
=====================================

=====================================
=== Progress: 40% reached at entry 3453025 ===
=====================================

=====================================
=== Progress: 50% reached at entry 4316281 ===
=====================================

=====================================
=== Progress: 60% reached at entry 5179537 ===
=====================================

=====================================
=== Progress: 70% reached at entry 6042794 ===
=====================================

=====================================
=== Progress: 80% reached at entry 6906050 ===
=====================================

=====================================
=== Progress: 90% reached at entry 7769306 ===
=====================================

Finished Tree2PlotsRun3 scan.
