000 (14418828.000.000) 01/26 10:29:58 Job submitted from host: <188.184.90.62:9618?addrs=188.184.90.62-9618+[2001-1458-201-e4--100-238]-9618&alias=bigbird16.cern.ch&noUDP&sock=schedd_5196_9a2f>
...
040 (14418828.000.000) 01/26 10:31:53 Started transferring input files
	Transferring to host: <188.185.213.228:9618?addrs=188.185.213.228-9618+[2001-1458-303-1b--100-60]-9618&alias=b9p28p4003.cern.ch&noUDP&sock=slot1_3_9379_1a96_164271>
...
040 (14418828.000.000) 01/26 10:31:53 Finished transferring input files
...
001 (14418828.000.000) 01/26 10:31:54 Job executing on host: <188.185.213.228:9618?addrs=188.185.213.228-9618+[2001-1458-303-1b--100-60]-9618&alias=b9p28p4003.cern.ch&noUDP&sock=startd_8694_f078>
	SlotName: slot1_3@b9p28p4003.cern.ch
	CondorScratchDir = "/pool/condor/dir_3976995"
	Cpus = 1
	Disk = 3837
	GPUs = 0
	Memory = 3000
...
006 (14418828.000.000) 01/26 10:32:08 Image size of job updated: 568308
	555  -  MemoryUsage of job (MB)
	568308  -  ResidentSetSize of job (KB)
...
006 (14418828.000.000) 01/26 10:37:09 Image size of job updated: 848696
	813  -  MemoryUsage of job (MB)
	831904  -  ResidentSetSize of job (KB)
...
040 (14418828.000.000) 01/26 10:37:33 Started transferring output files
...
040 (14418828.000.000) 01/26 10:37:33 Finished transferring output files
...
005 (14418828.000.000) 01/26 10:37:33 Job terminated.
	(1) Normal termination (return value 0)
		Usr 0 00:03:38, Sys 0 00:00:11  -  Run Remote Usage
		Usr 0 00:00:00, Sys 0 00:00:00  -  Run Local Usage
		Usr 0 00:03:38, Sys 0 00:00:11  -  Total Remote Usage
		Usr 0 00:00:00, Sys 0 00:00:00  -  Total Local Usage
	12859  -  Run Bytes Sent By Job
	317  -  Run Bytes Received By Job
	12859  -  Total Bytes Sent By Job
	317  -  Total Bytes Received By Job
	Partitionable Resources :    Usage  Request Allocated 
	   Cpus                 :     0.76        1         1 
	   Disk (KB)            :    36           1      3837 
	   GPUs                 :                           0 
	   Memory (MB)          :   813        3000      3000 
	   TimeExecute (s)      :   339                       
	   TimeSlotBusy (s)     :   341                       

	Job terminated of its own accord at 2026-01-26T09:37:33Z with exit-code 0.
...
