000 (14418775.000.000) 01/26 10:11:24 Job submitted from host: <188.184.90.62:9618?addrs=188.184.90.62-9618+[2001-1458-201-e4--100-238]-9618&alias=bigbird16.cern.ch&noUDP&sock=schedd_5196_9a2f>
...
040 (14418775.000.000) 01/26 10:14:02 Started transferring input files
	Transferring to host: <188.185.195.158:9618?addrs=188.185.195.158-9618+[2001-1458-303-22--100-9a]-9618&alias=b9p17p8528.cern.ch&noUDP&sock=slot1_2_7032_6e17_157526>
...
040 (14418775.000.000) 01/26 10:14:02 Finished transferring input files
...
001 (14418775.000.000) 01/26 10:14:03 Job executing on host: <188.185.195.158:9618?addrs=188.185.195.158-9618+[2001-1458-303-22--100-9a]-9618&alias=b9p17p8528.cern.ch&noUDP&sock=startd_6447_af2a>
	SlotName: slot1_2@b9p17p8528.cern.ch
	CondorScratchDir = "/pool/condor/dir_3819355"
	Cpus = 1
	Disk = 3938
	GPUs = 0
	Memory = 3000
...
006 (14418775.000.000) 01/26 10:14:16 Image size of job updated: 116476
	114  -  MemoryUsage of job (MB)
	116476  -  ResidentSetSize of job (KB)
...
006 (14418775.000.000) 01/26 10:19:16 Image size of job updated: 837756
	809  -  MemoryUsage of job (MB)
	827872  -  ResidentSetSize of job (KB)
...
040 (14418775.000.000) 01/26 10:21:34 Started transferring output files
...
040 (14418775.000.000) 01/26 10:21:34 Finished transferring output files
...
005 (14418775.000.000) 01/26 10:21:35 Job terminated.
	(1) Normal termination (return value 0)
		Usr 0 00:05:48, Sys 0 00:00:09  -  Run Remote Usage
		Usr 0 00:00:00, Sys 0 00:00:00  -  Run Local Usage
		Usr 0 00:05:48, Sys 0 00:00:09  -  Total Remote Usage
		Usr 0 00:00:00, Sys 0 00:00:00  -  Total Local Usage
	13163  -  Run Bytes Sent By Job
	317  -  Run Bytes Received By Job
	13163  -  Total Bytes Sent By Job
	317  -  Total Bytes Received By Job
	Partitionable Resources :    Usage  Request Allocated 
	   Cpus                 :        0        1         1 
	   Disk (KB)            :       36        1      3938 
	   GPUs                 :                           0 
	   Memory (MB)          :      809     3000      3000 
	   TimeExecute (s)      :      451                    
	   TimeSlotBusy (s)     :      453                    

	Job terminated of its own accord at 2026-01-26T09:21:34Z with exit-code 0.
...
