/pool/condor/dir_3377429

Opening file: /eos/user/a/amalhotr/ScoutingPFRun3/ScoutingData_2024H_TreeMakerRedone/251209_202708/0000/ScoutingTree_Output_34.root
Opened file /eos/user/a/amalhotr/ScoutingPFRun3/ScoutingData_2024H_TreeMakerRedone/251209_202708/0000/ScoutingTree_Output_34.root with 8409845 entries.
Tree opened successfully.
Total entries = 8409845

=====================================
=== Progress: 10% reached at entry 840984 ===
=====================================

=====================================
=== Progress: 20% reached at entry 1681969 ===
=====================================

=====================================
=== Progress: 30% reached at entry 2522953 ===
=====================================

=====================================
=== Progress: 40% reached at entry 3363938 ===
=====================================

=====================================
=== Progress: 50% reached at entry 4204922 ===
=====================================

=====================================
=== Progress: 60% reached at entry 5045907 ===
=====================================

=====================================
=== Progress: 70% reached at entry 5886891 ===
=====================================

=====================================
=== Progress: 80% reached at entry 6727876 ===
=====================================

=====================================
=== Progress: 90% reached at entry 7568860 ===
=====================================

Opening file: /eos/user/a/amalhotr/ScoutingPFRun3/ScoutingData_2024H_TreeMakerRedone/251209_202708/0000/ScoutingTree_Output_350.root
Opened file /eos/user/a/amalhotr/ScoutingPFRun3/ScoutingData_2024H_TreeMakerRedone/251209_202708/0000/ScoutingTree_Output_350.root with 8271372 entries.
Tree opened successfully.
Total entries = 8271372

=====================================
=== Progress: 10% reached at entry 827137 ===
=====================================

=====================================
=== Progress: 20% reached at entry 1654274 ===
=====================================

=====================================
=== Progress: 30% reached at entry 2481411 ===
=====================================

=====================================
=== Progress: 40% reached at entry 3308548 ===
=====================================

=====================================
=== Progress: 50% reached at entry 4135686 ===
=====================================

=====================================
=== Progress: 60% reached at entry 4962823 ===
=====================================

=====================================
=== Progress: 70% reached at entry 5789960 ===
=====================================

=====================================
=== Progress: 80% reached at entry 6617097 ===
=====================================

=====================================
=== Progress: 90% reached at entry 7444234 ===
=====================================

Opening file: /eos/user/a/amalhotr/ScoutingPFRun3/ScoutingData_2024H_TreeMakerRedone/251209_202708/0000/ScoutingTree_Output_351.root
Opened file /eos/user/a/amalhotr/ScoutingPFRun3/ScoutingData_2024H_TreeMakerRedone/251209_202708/0000/ScoutingTree_Output_351.root with 8139977 entries.
Tree opened successfully.
Total entries = 8139977

=====================================
=== Progress: 10% reached at entry 813997 ===
=====================================

=====================================
=== Progress: 20% reached at entry 1627995 ===
=====================================

=====================================
=== Progress: 30% reached at entry 2441993 ===
=====================================

=====================================
=== Progress: 40% reached at entry 3255990 ===
=====================================

=====================================
=== Progress: 50% reached at entry 4069988 ===
=====================================

=====================================
=== Progress: 60% reached at entry 4883986 ===
=====================================

=====================================
=== Progress: 70% reached at entry 5697983 ===
=====================================

=====================================
=== Progress: 80% reached at entry 6511981 ===
=====================================

=====================================
=== Progress: 90% reached at entry 7325979 ===
=====================================

Opening file: /eos/user/a/amalhotr/ScoutingPFRun3/ScoutingData_2024H_TreeMakerRedone/251209_202708/0000/ScoutingTree_Output_352.root
Opened file /eos/user/a/amalhotr/ScoutingPFRun3/ScoutingData_2024H_TreeMakerRedone/251209_202708/0000/ScoutingTree_Output_352.root with 8359616 entries.
Tree opened successfully.
Total entries = 8359616

=====================================
=== Progress: 10% reached at entry 835961 ===
=====================================

=====================================
=== Progress: 20% reached at entry 1671923 ===
=====================================

=====================================
=== Progress: 30% reached at entry 2507884 ===
=====================================

=====================================
=== Progress: 40% reached at entry 3343846 ===
=====================================

=====================================
=== Progress: 50% reached at entry 4179808 ===
=====================================

=====================================
=== Progress: 60% reached at entry 5015769 ===
=====================================

=====================================
=== Progress: 70% reached at entry 5851731 ===
=====================================

=====================================
=== Progress: 80% reached at entry 6687692 ===
=====================================

=====================================
=== Progress: 90% reached at entry 7523654 ===
=====================================

Finished Tree2PlotsRun3 scan.
