000 (14420244.000.000) 01/26 11:55:57 Job submitted from host: <188.184.90.62:9618?addrs=188.184.90.62-9618+[2001-1458-201-e4--100-238]-9618&alias=bigbird16.cern.ch&noUDP&sock=schedd_5196_9a2f>
...
040 (14420244.000.000) 01/26 11:56:20 Started transferring input files
	Transferring to host: <188.185.192.76:9618?addrs=188.185.192.76-9618+[2001-1458-303-1f--100-48]-9618&alias=b9p13p8750.cern.ch&noUDP&sock=slot1_24_3420_7304_125749>
...
040 (14420244.000.000) 01/26 11:56:20 Finished transferring input files
...
001 (14420244.000.000) 01/26 11:56:21 Job executing on host: <188.185.192.76:9618?addrs=188.185.192.76-9618+[2001-1458-303-1f--100-48]-9618&alias=b9p13p8750.cern.ch&noUDP&sock=startd_2696_cf6b>
	SlotName: slot1_24@b9p13p8750.cern.ch
	CondorScratchDir = "/pool/condor/dir_235307"
	Cpus = 1
	Disk = 3805
	GPUs = 0
	Memory = 3000
...
006 (14420244.000.000) 01/26 11:56:34 Image size of job updated: 173136
	170  -  MemoryUsage of job (MB)
	173136  -  ResidentSetSize of job (KB)
...
006 (14420244.000.000) 01/26 12:01:34 Image size of job updated: 861668
	805  -  MemoryUsage of job (MB)
	823356  -  ResidentSetSize of job (KB)
...
040 (14420244.000.000) 01/26 12:02:38 Started transferring output files
...
040 (14420244.000.000) 01/26 12:02:38 Finished transferring output files
...
005 (14420244.000.000) 01/26 12:02:38 Job terminated.
	(1) Normal termination (return value 0)
		Usr 0 00:04:50, Sys 0 00:00:07  -  Run Remote Usage
		Usr 0 00:00:00, Sys 0 00:00:00  -  Run Local Usage
		Usr 0 00:04:50, Sys 0 00:00:07  -  Total Remote Usage
		Usr 0 00:00:00, Sys 0 00:00:00  -  Total Local Usage
	12858  -  Run Bytes Sent By Job
	317  -  Run Bytes Received By Job
	12858  -  Total Bytes Sent By Job
	317  -  Total Bytes Received By Job
	Partitionable Resources :    Usage  Request Allocated 
	   Cpus                 :     0.41        1         1 
	   Disk (KB)            :    36           1      3805 
	   GPUs                 :                           0 
	   Memory (MB)          :   805        3000      3000 
	   TimeExecute (s)      :   377                       
	   TimeSlotBusy (s)     :   380                       

	Job terminated of its own accord at 2026-01-26T11:02:38Z with exit-code 0.
...
