/pool/condor/dir_1448798

Opening file: /eos/user/a/amalhotr/ScoutingPFRun3/ScoutingData_2024H_TreeMakerRedone/251209_202708/0000/ScoutingTree_Output_410.root
Opened file /eos/user/a/amalhotr/ScoutingPFRun3/ScoutingData_2024H_TreeMakerRedone/251209_202708/0000/ScoutingTree_Output_410.root with 8156534 entries.
Tree opened successfully.
Total entries = 8156534

=====================================
=== Progress: 10% reached at entry 815653 ===
=====================================

=====================================
=== Progress: 20% reached at entry 1631306 ===
=====================================

=====================================
=== Progress: 30% reached at entry 2446960 ===
=====================================

=====================================
=== Progress: 40% reached at entry 3262613 ===
=====================================

=====================================
=== Progress: 50% reached at entry 4078267 ===
=====================================

=====================================
=== Progress: 60% reached at entry 4893920 ===
=====================================

=====================================
=== Progress: 70% reached at entry 5709573 ===
=====================================

=====================================
=== Progress: 80% reached at entry 6525227 ===
=====================================

=====================================
=== Progress: 90% reached at entry 7340880 ===
=====================================

Opening file: /eos/user/a/amalhotr/ScoutingPFRun3/ScoutingData_2024H_TreeMakerRedone/251209_202708/0000/ScoutingTree_Output_411.root
Opened file /eos/user/a/amalhotr/ScoutingPFRun3/ScoutingData_2024H_TreeMakerRedone/251209_202708/0000/ScoutingTree_Output_411.root with 8199421 entries.
Tree opened successfully.
Total entries = 8199421

=====================================
=== Progress: 10% reached at entry 819942 ===
=====================================

=====================================
=== Progress: 20% reached at entry 1639884 ===
=====================================

=====================================
=== Progress: 30% reached at entry 2459826 ===
=====================================

=====================================
=== Progress: 40% reached at entry 3279768 ===
=====================================

=====================================
=== Progress: 50% reached at entry 4099710 ===
=====================================

=====================================
=== Progress: 60% reached at entry 4919652 ===
=====================================

=====================================
=== Progress: 70% reached at entry 5739594 ===
=====================================

=====================================
=== Progress: 80% reached at entry 6559536 ===
=====================================

=====================================
=== Progress: 90% reached at entry 7379478 ===
=====================================

Opening file: /eos/user/a/amalhotr/ScoutingPFRun3/ScoutingData_2024H_TreeMakerRedone/251209_202708/0000/ScoutingTree_Output_412.root
Opened file /eos/user/a/amalhotr/ScoutingPFRun3/ScoutingData_2024H_TreeMakerRedone/251209_202708/0000/ScoutingTree_Output_412.root with 8202693 entries.
Tree opened successfully.
Total entries = 8202693

=====================================
=== Progress: 10% reached at entry 820269 ===
=====================================

=====================================
=== Progress: 20% reached at entry 1640538 ===
=====================================

=====================================
=== Progress: 30% reached at entry 2460807 ===
=====================================

=====================================
=== Progress: 40% reached at entry 3281077 ===
=====================================

=====================================
=== Progress: 50% reached at entry 4101346 ===
=====================================

=====================================
=== Progress: 60% reached at entry 4921615 ===
=====================================

=====================================
=== Progress: 70% reached at entry 5741885 ===
=====================================

=====================================
=== Progress: 80% reached at entry 6562154 ===
=====================================

=====================================
=== Progress: 90% reached at entry 7382423 ===
=====================================

Opening file: /eos/user/a/amalhotr/ScoutingPFRun3/ScoutingData_2024H_TreeMakerRedone/251209_202708/0000/ScoutingTree_Output_413.root
Opened file /eos/user/a/amalhotr/ScoutingPFRun3/ScoutingData_2024H_TreeMakerRedone/251209_202708/0000/ScoutingTree_Output_413.root with 8198987 entries.
Tree opened successfully.
Total entries = 8198987

=====================================
=== Progress: 10% reached at entry 819898 ===
=====================================

=====================================
=== Progress: 20% reached at entry 1639797 ===
=====================================

=====================================
=== Progress: 30% reached at entry 2459696 ===
=====================================

=====================================
=== Progress: 40% reached at entry 3279594 ===
=====================================

=====================================
=== Progress: 50% reached at entry 4099493 ===
=====================================

=====================================
=== Progress: 60% reached at entry 4919392 ===
=====================================

=====================================
=== Progress: 70% reached at entry 5739290 ===
=====================================

=====================================
=== Progress: 80% reached at entry 6559189 ===
=====================================

=====================================
=== Progress: 90% reached at entry 7379088 ===
=====================================

Finished Tree2PlotsRun3 scan.
