000 (14420201.000.000) 01/26 11:38:13 Job submitted from host: <188.184.90.62:9618?addrs=188.184.90.62-9618+[2001-1458-201-e4--100-238]-9618&alias=bigbird16.cern.ch&noUDP&sock=schedd_5196_9a2f>
...
040 (14420201.000.000) 01/26 11:40:25 Started transferring input files
	Transferring to host: <188.185.209.53:9618?addrs=188.185.209.53-9618+[2001-1458-303-11--100-32]-9618&alias=b9p11p4325.cern.ch&noUDP&sock=slot1_25_5343_6072_118088>
...
040 (14420201.000.000) 01/26 11:40:25 Finished transferring input files
...
001 (14420201.000.000) 01/26 11:40:26 Job executing on host: <188.185.209.53:9618?addrs=188.185.209.53-9618+[2001-1458-303-11--100-32]-9618&alias=b9p11p4325.cern.ch&noUDP&sock=startd_4526_09bb>
	SlotName: slot1_25@b9p11p4325.cern.ch
	CondorScratchDir = "/pool/condor/dir_2562554"
	Cpus = 1
	Disk = 3810
	GPUs = 0
	Memory = 3000
...
006 (14420201.000.000) 01/26 11:40:39 Image size of job updated: 170424
	167  -  MemoryUsage of job (MB)
	170424  -  ResidentSetSize of job (KB)
...
006 (14420201.000.000) 01/26 11:45:39 Image size of job updated: 827856
	803  -  MemoryUsage of job (MB)
	822156  -  ResidentSetSize of job (KB)
...
040 (14420201.000.000) 01/26 11:46:50 Started transferring output files
...
040 (14420201.000.000) 01/26 11:46:50 Finished transferring output files
...
005 (14420201.000.000) 01/26 11:46:50 Job terminated.
	(1) Normal termination (return value 0)
		Usr 0 00:04:16, Sys 0 00:00:08  -  Run Remote Usage
		Usr 0 00:00:00, Sys 0 00:00:00  -  Run Local Usage
		Usr 0 00:04:16, Sys 0 00:00:08  -  Total Remote Usage
		Usr 0 00:00:00, Sys 0 00:00:00  -  Total Local Usage
	12859  -  Run Bytes Sent By Job
	317  -  Run Bytes Received By Job
	12859  -  Total Bytes Sent By Job
	317  -  Total Bytes Received By Job
	Partitionable Resources :    Usage  Request Allocated 
	   Cpus                 :        0        1         1 
	   Disk (KB)            :       39        1      3810 
	   GPUs                 :                           0 
	   Memory (MB)          :      803     3000      3000 
	   TimeExecute (s)      :      384                    
	   TimeSlotBusy (s)     :      386                    

	Job terminated of its own accord at 2026-01-26T10:46:50Z with exit-code 0.
...
