/pool/condor/dir_3758420

Opening file: /eos/user/a/amalhotr/ScoutingPFRun3/ScoutingData_2024H_TreeMakerRedone/251209_202708/0000/ScoutingTree_Output_601.root
Opened file /eos/user/a/amalhotr/ScoutingPFRun3/ScoutingData_2024H_TreeMakerRedone/251209_202708/0000/ScoutingTree_Output_601.root with 9551757 entries.
Tree opened successfully.
Total entries = 9551757

=====================================
=== Progress: 10% reached at entry 955175 ===
=====================================

=====================================
=== Progress: 20% reached at entry 1910351 ===
=====================================

=====================================
=== Progress: 30% reached at entry 2865527 ===
=====================================

=====================================
=== Progress: 40% reached at entry 3820702 ===
=====================================

=====================================
=== Progress: 50% reached at entry 4775878 ===
=====================================

=====================================
=== Progress: 60% reached at entry 5731054 ===
=====================================

=====================================
=== Progress: 70% reached at entry 6686229 ===
=====================================

=====================================
=== Progress: 80% reached at entry 7641405 ===
=====================================

=====================================
=== Progress: 90% reached at entry 8596581 ===
=====================================

Opening file: /eos/user/a/amalhotr/ScoutingPFRun3/ScoutingData_2024H_TreeMakerRedone/251209_202708/0000/ScoutingTree_Output_602.root
Opened file /eos/user/a/amalhotr/ScoutingPFRun3/ScoutingData_2024H_TreeMakerRedone/251209_202708/0000/ScoutingTree_Output_602.root with 9143491 entries.
Tree opened successfully.
Total entries = 9143491

=====================================
=== Progress: 10% reached at entry 914349 ===
=====================================

=====================================
=== Progress: 20% reached at entry 1828698 ===
=====================================

=====================================
=== Progress: 30% reached at entry 2743047 ===
=====================================

=====================================
=== Progress: 40% reached at entry 3657396 ===
=====================================

=====================================
=== Progress: 50% reached at entry 4571745 ===
=====================================

=====================================
=== Progress: 60% reached at entry 5486094 ===
=====================================

=====================================
=== Progress: 70% reached at entry 6400443 ===
=====================================

=====================================
=== Progress: 80% reached at entry 7314792 ===
=====================================

=====================================
=== Progress: 90% reached at entry 8229141 ===
=====================================

Opening file: /eos/user/a/amalhotr/ScoutingPFRun3/ScoutingData_2024H_TreeMakerRedone/251209_202708/0000/ScoutingTree_Output_603.root
Opened file /eos/user/a/amalhotr/ScoutingPFRun3/ScoutingData_2024H_TreeMakerRedone/251209_202708/0000/ScoutingTree_Output_603.root with 9743764 entries.
Tree opened successfully.
Total entries = 9743764

=====================================
=== Progress: 10% reached at entry 974376 ===
=====================================

=====================================
=== Progress: 20% reached at entry 1948752 ===
=====================================

=====================================
=== Progress: 30% reached at entry 2923129 ===
=====================================

=====================================
=== Progress: 40% reached at entry 3897505 ===
=====================================

=====================================
=== Progress: 50% reached at entry 4871882 ===
=====================================

=====================================
=== Progress: 60% reached at entry 5846258 ===
=====================================

=====================================
=== Progress: 70% reached at entry 6820634 ===
=====================================

=====================================
=== Progress: 80% reached at entry 7795011 ===
=====================================

=====================================
=== Progress: 90% reached at entry 8769387 ===
=====================================

Opening file: /eos/user/a/amalhotr/ScoutingPFRun3/ScoutingData_2024H_TreeMakerRedone/251209_202708/0000/ScoutingTree_Output_604.root
Opened file /eos/user/a/amalhotr/ScoutingPFRun3/ScoutingData_2024H_TreeMakerRedone/251209_202708/0000/ScoutingTree_Output_604.root with 10182207 entries.
Tree opened successfully.
Total entries = 10182207

=====================================
=== Progress: 10% reached at entry 1018220 ===
=====================================

=====================================
=== Progress: 20% reached at entry 2036441 ===
=====================================

=====================================
=== Progress: 30% reached at entry 3054662 ===
=====================================

=====================================
=== Progress: 40% reached at entry 4072882 ===
=====================================

=====================================
=== Progress: 50% reached at entry 5091103 ===
=====================================

=====================================
=== Progress: 60% reached at entry 6109324 ===
=====================================

=====================================
=== Progress: 70% reached at entry 7127544 ===
=====================================

=====================================
=== Progress: 80% reached at entry 8145765 ===
=====================================

=====================================
=== Progress: 90% reached at entry 9163986 ===
=====================================

Finished Tree2PlotsRun3 scan.
