000 (14418852.000.000) 01/26 10:44:39 Job submitted from host: <188.184.90.62:9618?addrs=188.184.90.62-9618+[2001-1458-201-e4--100-238]-9618&alias=bigbird16.cern.ch&noUDP&sock=schedd_5196_9a2f>
...
040 (14418852.000.000) 01/26 10:49:08 Started transferring input files
	Transferring to host: <188.185.193.14:9618?addrs=188.185.193.14-9618+[2001-1458-303-20--100-a]-9618&alias=b9p19p9524.cern.ch&noUDP&sock=slot1_1_5790_5425_120699>
...
040 (14418852.000.000) 01/26 10:49:08 Finished transferring input files
...
001 (14418852.000.000) 01/26 10:49:09 Job executing on host: <188.185.193.14:9618?addrs=188.185.193.14-9618+[2001-1458-303-20--100-a]-9618&alias=b9p19p9524.cern.ch&noUDP&sock=startd_4598_6c8d>
	SlotName: slot1_1@b9p19p9524.cern.ch
	CondorScratchDir = "/pool/condor/dir_2678217"
	Cpus = 1
	Disk = 3796
	GPUs = 0
	Memory = 3000
...
006 (14418852.000.000) 01/26 10:49:23 Image size of job updated: 29548
	29  -  MemoryUsage of job (MB)
	29548  -  ResidentSetSize of job (KB)
...
006 (14418852.000.000) 01/26 10:54:24 Image size of job updated: 829848
	810  -  MemoryUsage of job (MB)
	828744  -  ResidentSetSize of job (KB)
...
006 (14418852.000.000) 01/26 10:57:00 Image size of job updated: 842352
	810  -  MemoryUsage of job (MB)
	828744  -  ResidentSetSize of job (KB)
...
040 (14418852.000.000) 01/26 10:57:00 Started transferring output files
...
040 (14418852.000.000) 01/26 10:57:00 Finished transferring output files
...
005 (14418852.000.000) 01/26 10:57:00 Job terminated.
	(1) Normal termination (return value 0)
		Usr 0 00:05:45, Sys 0 00:00:07  -  Run Remote Usage
		Usr 0 00:00:00, Sys 0 00:00:00  -  Run Local Usage
		Usr 0 00:05:45, Sys 0 00:00:07  -  Total Remote Usage
		Usr 0 00:00:00, Sys 0 00:00:00  -  Total Local Usage
	13167  -  Run Bytes Sent By Job
	317  -  Run Bytes Received By Job
	13167  -  Total Bytes Sent By Job
	317  -  Total Bytes Received By Job
	Partitionable Resources :    Usage  Request Allocated 
	   Cpus                 :     0.85        1         1 
	   Disk (KB)            :    36           1      3796 
	   GPUs                 :                           0 
	   Memory (MB)          :   810        3000      3000 
	   TimeExecute (s)      :   471                       
	   TimeSlotBusy (s)     :   473                       

	Job terminated of its own accord at 2026-01-26T09:57:00Z with exit-code 0.
...
