/pool/condor/dir_752583

Opening file: /eos/user/a/amalhotr/ScoutingPFRun3/ScoutingData_2024H_TreeMakerRedone/251209_202708/0000/ScoutingTree_Output_911.root
Opened file /eos/user/a/amalhotr/ScoutingPFRun3/ScoutingData_2024H_TreeMakerRedone/251209_202708/0000/ScoutingTree_Output_911.root with 8108662 entries.
Tree opened successfully.
Total entries = 8108662

=====================================
=== Progress: 10% reached at entry 810866 ===
=====================================

=====================================
=== Progress: 20% reached at entry 1621732 ===
=====================================

=====================================
=== Progress: 30% reached at entry 2432598 ===
=====================================

=====================================
=== Progress: 40% reached at entry 3243464 ===
=====================================

=====================================
=== Progress: 50% reached at entry 4054331 ===
=====================================

=====================================
=== Progress: 60% reached at entry 4865197 ===
=====================================

=====================================
=== Progress: 70% reached at entry 5676063 ===
=====================================

=====================================
=== Progress: 80% reached at entry 6486929 ===
=====================================

=====================================
=== Progress: 90% reached at entry 7297795 ===
=====================================

Opening file: /eos/user/a/amalhotr/ScoutingPFRun3/ScoutingData_2024H_TreeMakerRedone/251209_202708/0000/ScoutingTree_Output_912.root
Opened file /eos/user/a/amalhotr/ScoutingPFRun3/ScoutingData_2024H_TreeMakerRedone/251209_202708/0000/ScoutingTree_Output_912.root with 7856054 entries.
Tree opened successfully.
Total entries = 7856054

=====================================
=== Progress: 10% reached at entry 785605 ===
=====================================

=====================================
=== Progress: 20% reached at entry 1571210 ===
=====================================

=====================================
=== Progress: 30% reached at entry 2356816 ===
=====================================

=====================================
=== Progress: 40% reached at entry 3142421 ===
=====================================

=====================================
=== Progress: 50% reached at entry 3928027 ===
=====================================

=====================================
=== Progress: 60% reached at entry 4713632 ===
=====================================

=====================================
=== Progress: 70% reached at entry 5499237 ===
=====================================

=====================================
=== Progress: 80% reached at entry 6284843 ===
=====================================

=====================================
=== Progress: 90% reached at entry 7070448 ===
=====================================

Opening file: /eos/user/a/amalhotr/ScoutingPFRun3/ScoutingData_2024H_TreeMakerRedone/251209_202708/0000/ScoutingTree_Output_913.root
Opened file /eos/user/a/amalhotr/ScoutingPFRun3/ScoutingData_2024H_TreeMakerRedone/251209_202708/0000/ScoutingTree_Output_913.root with 8173820 entries.
Tree opened successfully.
Total entries = 8173820

=====================================
=== Progress: 10% reached at entry 817382 ===
=====================================

=====================================
=== Progress: 20% reached at entry 1634764 ===
=====================================

=====================================
=== Progress: 30% reached at entry 2452146 ===
=====================================

=====================================
=== Progress: 40% reached at entry 3269528 ===
=====================================

=====================================
=== Progress: 50% reached at entry 4086910 ===
=====================================

=====================================
=== Progress: 60% reached at entry 4904292 ===
=====================================

=====================================
=== Progress: 70% reached at entry 5721674 ===
=====================================

=====================================
=== Progress: 80% reached at entry 6539056 ===
=====================================

=====================================
=== Progress: 90% reached at entry 7356438 ===
=====================================

Opening file: /eos/user/a/amalhotr/ScoutingPFRun3/ScoutingData_2024H_TreeMakerRedone/251209_202708/0000/ScoutingTree_Output_914.root
Opened file /eos/user/a/amalhotr/ScoutingPFRun3/ScoutingData_2024H_TreeMakerRedone/251209_202708/0000/ScoutingTree_Output_914.root with 8309241 entries.
Tree opened successfully.
Total entries = 8309241

=====================================
=== Progress: 10% reached at entry 830924 ===
=====================================

=====================================
=== Progress: 20% reached at entry 1661848 ===
=====================================

=====================================
=== Progress: 30% reached at entry 2492772 ===
=====================================

=====================================
=== Progress: 40% reached at entry 3323696 ===
=====================================

=====================================
=== Progress: 50% reached at entry 4154620 ===
=====================================

=====================================
=== Progress: 60% reached at entry 4985544 ===
=====================================

=====================================
=== Progress: 70% reached at entry 5816468 ===
=====================================

=====================================
=== Progress: 80% reached at entry 6647392 ===
=====================================

=====================================
=== Progress: 90% reached at entry 7478316 ===
=====================================

Finished Tree2PlotsRun3 scan.
