000 (14418817.000.000) 01/26 10:29:54 Job submitted from host: <188.184.90.62:9618?addrs=188.184.90.62-9618+[2001-1458-201-e4--100-238]-9618&alias=bigbird16.cern.ch&noUDP&sock=schedd_5196_9a2f>
...
040 (14418817.000.000) 01/26 10:31:51 Started transferring input files
	Transferring to host: <188.185.213.148:9618?addrs=188.185.213.148-9618+[2001-1458-303-1b--100-10]-9618&alias=b9p28p0002.cern.ch&noUDP&sock=slot1_22_4516_ae31_162848>
...
040 (14418817.000.000) 01/26 10:31:51 Finished transferring input files
...
001 (14418817.000.000) 01/26 10:31:52 Job executing on host: <188.185.213.148:9618?addrs=188.185.213.148-9618+[2001-1458-303-1b--100-10]-9618&alias=b9p28p0002.cern.ch&noUDP&sock=startd_3840_7fc3>
	SlotName: slot1_22@b9p28p0002.cern.ch
	CondorScratchDir = "/pool/condor/dir_2945394"
	Cpus = 1
	Disk = 3845
	GPUs = 0
	Memory = 3000
...
006 (14418817.000.000) 01/26 10:32:05 Image size of job updated: 538836
	527  -  MemoryUsage of job (MB)
	538836  -  ResidentSetSize of job (KB)
...
006 (14418817.000.000) 01/26 10:37:05 Image size of job updated: 773120
	754  -  MemoryUsage of job (MB)
	771224  -  ResidentSetSize of job (KB)
...
040 (14418817.000.000) 01/26 10:37:16 Started transferring output files
...
040 (14418817.000.000) 01/26 10:37:16 Finished transferring output files
...
005 (14418817.000.000) 01/26 10:37:16 Job terminated.
	(1) Normal termination (return value 0)
		Usr 0 00:03:46, Sys 0 00:00:12  -  Run Remote Usage
		Usr 0 00:00:00, Sys 0 00:00:00  -  Run Local Usage
		Usr 0 00:03:46, Sys 0 00:00:12  -  Total Remote Usage
		Usr 0 00:00:00, Sys 0 00:00:00  -  Total Local Usage
	13131  -  Run Bytes Sent By Job
	317  -  Run Bytes Received By Job
	13131  -  Total Bytes Sent By Job
	317  -  Total Bytes Received By Job
	Partitionable Resources :    Usage  Request Allocated 
	   Cpus                 :     0.89        1         1 
	   Disk (KB)            :    36           1      3845 
	   GPUs                 :                           0 
	   Memory (MB)          :   754        3000      3000 
	   TimeExecute (s)      :   324                       
	   TimeSlotBusy (s)     :   327                       

	Job terminated of its own accord at 2026-01-26T09:37:16Z with exit-code 0.
...
