/pool/condor/dir_1352067

Opening file: /eos/user/a/amalhotr/ScoutingPFRun3/ScoutingData_2024H_TreeMakerRedone/251209_202708/0000/ScoutingTree_Output_371.root
Opened file /eos/user/a/amalhotr/ScoutingPFRun3/ScoutingData_2024H_TreeMakerRedone/251209_202708/0000/ScoutingTree_Output_371.root with 8422107 entries.
Tree opened successfully.
Total entries = 8422107

=====================================
=== Progress: 10% reached at entry 842210 ===
=====================================

=====================================
=== Progress: 20% reached at entry 1684421 ===
=====================================

=====================================
=== Progress: 30% reached at entry 2526632 ===
=====================================

=====================================
=== Progress: 40% reached at entry 3368842 ===
=====================================

=====================================
=== Progress: 50% reached at entry 4211053 ===
=====================================

=====================================
=== Progress: 60% reached at entry 5053264 ===
=====================================

=====================================
=== Progress: 70% reached at entry 5895474 ===
=====================================

=====================================
=== Progress: 80% reached at entry 6737685 ===
=====================================

=====================================
=== Progress: 90% reached at entry 7579896 ===
=====================================

Opening file: /eos/user/a/amalhotr/ScoutingPFRun3/ScoutingData_2024H_TreeMakerRedone/251209_202708/0000/ScoutingTree_Output_372.root
Opened file /eos/user/a/amalhotr/ScoutingPFRun3/ScoutingData_2024H_TreeMakerRedone/251209_202708/0000/ScoutingTree_Output_372.root with 8407824 entries.
Tree opened successfully.
Total entries = 8407824

=====================================
=== Progress: 10% reached at entry 840782 ===
=====================================

=====================================
=== Progress: 20% reached at entry 1681564 ===
=====================================

=====================================
=== Progress: 30% reached at entry 2522347 ===
=====================================

=====================================
=== Progress: 40% reached at entry 3363129 ===
=====================================

=====================================
=== Progress: 50% reached at entry 4203912 ===
=====================================

=====================================
=== Progress: 60% reached at entry 5044694 ===
=====================================

=====================================
=== Progress: 70% reached at entry 5885476 ===
=====================================

=====================================
=== Progress: 80% reached at entry 6726259 ===
=====================================

=====================================
=== Progress: 90% reached at entry 7567041 ===
=====================================

Opening file: /eos/user/a/amalhotr/ScoutingPFRun3/ScoutingData_2024H_TreeMakerRedone/251209_202708/0000/ScoutingTree_Output_373.root
Opened file /eos/user/a/amalhotr/ScoutingPFRun3/ScoutingData_2024H_TreeMakerRedone/251209_202708/0000/ScoutingTree_Output_373.root with 8261082 entries.
Tree opened successfully.
Total entries = 8261082

=====================================
=== Progress: 10% reached at entry 826108 ===
=====================================

=====================================
=== Progress: 20% reached at entry 1652216 ===
=====================================

=====================================
=== Progress: 30% reached at entry 2478324 ===
=====================================

=====================================
=== Progress: 40% reached at entry 3304432 ===
=====================================

=====================================
=== Progress: 50% reached at entry 4130541 ===
=====================================

=====================================
=== Progress: 60% reached at entry 4956649 ===
=====================================

=====================================
=== Progress: 70% reached at entry 5782757 ===
=====================================

=====================================
=== Progress: 80% reached at entry 6608865 ===
=====================================

=====================================
=== Progress: 90% reached at entry 7434973 ===
=====================================

Opening file: /eos/user/a/amalhotr/ScoutingPFRun3/ScoutingData_2024H_TreeMakerRedone/251209_202708/0000/ScoutingTree_Output_374.root
Opened file /eos/user/a/amalhotr/ScoutingPFRun3/ScoutingData_2024H_TreeMakerRedone/251209_202708/0000/ScoutingTree_Output_374.root with 8262582 entries.
Tree opened successfully.
Total entries = 8262582

=====================================
=== Progress: 10% reached at entry 826258 ===
=====================================

=====================================
=== Progress: 20% reached at entry 1652516 ===
=====================================

=====================================
=== Progress: 30% reached at entry 2478774 ===
=====================================

=====================================
=== Progress: 40% reached at entry 3305032 ===
=====================================

=====================================
=== Progress: 50% reached at entry 4131291 ===
=====================================

=====================================
=== Progress: 60% reached at entry 4957549 ===
=====================================

=====================================
=== Progress: 70% reached at entry 5783807 ===
=====================================

=====================================
=== Progress: 80% reached at entry 6610065 ===
=====================================

=====================================
=== Progress: 90% reached at entry 7436323 ===
=====================================

Finished Tree2PlotsRun3 scan.
