/pool/condor/dir_3642886

Opening file: /eos/user/a/amalhotr/ScoutingPFRun3/ScoutingData_2024H_TreeMakerRedone/251209_202708/0000/ScoutingTree_Output_526.root
Opened file /eos/user/a/amalhotr/ScoutingPFRun3/ScoutingData_2024H_TreeMakerRedone/251209_202708/0000/ScoutingTree_Output_526.root with 8270661 entries.
Tree opened successfully.
Total entries = 8270661

=====================================
=== Progress: 10% reached at entry 827066 ===
=====================================

=====================================
=== Progress: 20% reached at entry 1654132 ===
=====================================

=====================================
=== Progress: 30% reached at entry 2481198 ===
=====================================

=====================================
=== Progress: 40% reached at entry 3308264 ===
=====================================

=====================================
=== Progress: 50% reached at entry 4135330 ===
=====================================

=====================================
=== Progress: 60% reached at entry 4962396 ===
=====================================

=====================================
=== Progress: 70% reached at entry 5789462 ===
=====================================

=====================================
=== Progress: 80% reached at entry 6616528 ===
=====================================

=====================================
=== Progress: 90% reached at entry 7443594 ===
=====================================

Opening file: /eos/user/a/amalhotr/ScoutingPFRun3/ScoutingData_2024H_TreeMakerRedone/251209_202708/0000/ScoutingTree_Output_527.root
Opened file /eos/user/a/amalhotr/ScoutingPFRun3/ScoutingData_2024H_TreeMakerRedone/251209_202708/0000/ScoutingTree_Output_527.root with 8083938 entries.
Tree opened successfully.
Total entries = 8083938

=====================================
=== Progress: 10% reached at entry 808393 ===
=====================================

=====================================
=== Progress: 20% reached at entry 1616787 ===
=====================================

=====================================
=== Progress: 30% reached at entry 2425181 ===
=====================================

=====================================
=== Progress: 40% reached at entry 3233575 ===
=====================================

=====================================
=== Progress: 50% reached at entry 4041969 ===
=====================================

=====================================
=== Progress: 60% reached at entry 4850362 ===
=====================================

=====================================
=== Progress: 70% reached at entry 5658756 ===
=====================================

=====================================
=== Progress: 80% reached at entry 6467150 ===
=====================================

=====================================
=== Progress: 90% reached at entry 7275544 ===
=====================================

Opening file: /eos/user/a/amalhotr/ScoutingPFRun3/ScoutingData_2024H_TreeMakerRedone/251209_202708/0000/ScoutingTree_Output_528.root
Opened file /eos/user/a/amalhotr/ScoutingPFRun3/ScoutingData_2024H_TreeMakerRedone/251209_202708/0000/ScoutingTree_Output_528.root with 8019657 entries.
Tree opened successfully.
Total entries = 8019657

=====================================
=== Progress: 10% reached at entry 801965 ===
=====================================

=====================================
=== Progress: 20% reached at entry 1603931 ===
=====================================

=====================================
=== Progress: 30% reached at entry 2405897 ===
=====================================

=====================================
=== Progress: 40% reached at entry 3207862 ===
=====================================

=====================================
=== Progress: 50% reached at entry 4009828 ===
=====================================

=====================================
=== Progress: 60% reached at entry 4811794 ===
=====================================

=====================================
=== Progress: 70% reached at entry 5613759 ===
=====================================

=====================================
=== Progress: 80% reached at entry 6415725 ===
=====================================

=====================================
=== Progress: 90% reached at entry 7217691 ===
=====================================

Opening file: /eos/user/a/amalhotr/ScoutingPFRun3/ScoutingData_2024H_TreeMakerRedone/251209_202708/0000/ScoutingTree_Output_529.root
Opened file /eos/user/a/amalhotr/ScoutingPFRun3/ScoutingData_2024H_TreeMakerRedone/251209_202708/0000/ScoutingTree_Output_529.root with 8342252 entries.
Tree opened successfully.
Total entries = 8342252

=====================================
=== Progress: 10% reached at entry 834225 ===
=====================================

=====================================
=== Progress: 20% reached at entry 1668450 ===
=====================================

=====================================
=== Progress: 30% reached at entry 2502675 ===
=====================================

=====================================
=== Progress: 40% reached at entry 3336900 ===
=====================================

=====================================
=== Progress: 50% reached at entry 4171126 ===
=====================================

=====================================
=== Progress: 60% reached at entry 5005351 ===
=====================================

=====================================
=== Progress: 70% reached at entry 5839576 ===
=====================================

=====================================
=== Progress: 80% reached at entry 6673801 ===
=====================================

=====================================
=== Progress: 90% reached at entry 7508026 ===
=====================================

Finished Tree2PlotsRun3 scan.
