000 (14418871.000.000) 01/26 10:44:45 Job submitted from host: <188.184.90.62:9618?addrs=188.184.90.62-9618+[2001-1458-201-e4--100-238]-9618&alias=bigbird16.cern.ch&noUDP&sock=schedd_5196_9a2f>
...
040 (14418871.000.000) 01/26 10:49:13 Started transferring input files
	Transferring to host: <188.185.195.55:9618?addrs=188.185.195.55-9618+[2001-1458-303-22--100-33]-9618&alias=b9p17p6467.cern.ch&noUDP&sock=slot1_40_5692_4761_127338>
...
040 (14418871.000.000) 01/26 10:49:13 Finished transferring input files
...
001 (14418871.000.000) 01/26 10:49:14 Job executing on host: <188.185.195.55:9618?addrs=188.185.195.55-9618+[2001-1458-303-22--100-33]-9618&alias=b9p17p6467.cern.ch&noUDP&sock=startd_4450_e889>
	SlotName: slot1_40@b9p17p6467.cern.ch
	CondorScratchDir = "/pool/condor/dir_1266106"
	Cpus = 1
	Disk = 3891
	GPUs = 0
	Memory = 3000
...
006 (14418871.000.000) 01/26 10:49:28 Image size of job updated: 133872
	131  -  MemoryUsage of job (MB)
	133872  -  ResidentSetSize of job (KB)
...
006 (14418871.000.000) 01/26 10:54:28 Image size of job updated: 847220
	822  -  MemoryUsage of job (MB)
	840984  -  ResidentSetSize of job (KB)
...
040 (14418871.000.000) 01/26 10:56:18 Started transferring output files
...
040 (14418871.000.000) 01/26 10:56:18 Finished transferring output files
...
005 (14418871.000.000) 01/26 10:56:18 Job terminated.
	(1) Normal termination (return value 0)
		Usr 0 00:05:45, Sys 0 00:00:09  -  Run Remote Usage
		Usr 0 00:00:00, Sys 0 00:00:00  -  Run Local Usage
		Usr 0 00:05:45, Sys 0 00:00:09  -  Total Remote Usage
		Usr 0 00:00:00, Sys 0 00:00:00  -  Total Local Usage
	13166  -  Run Bytes Sent By Job
	317  -  Run Bytes Received By Job
	13166  -  Total Bytes Sent By Job
	317  -  Total Bytes Received By Job
	Partitionable Resources :    Usage  Request Allocated 
	   Cpus                 :     0.88        1         1 
	   Disk (KB)            :    36           1      3891 
	   GPUs                 :                           0 
	   Memory (MB)          :   822        3000      3000 
	   TimeExecute (s)      :   424                       
	   TimeSlotBusy (s)     :   426                       

	Job terminated of its own accord at 2026-01-26T09:56:18Z with exit-code 0.
...
