/pool/condor/dir_3302406

Opening file: /eos/user/a/amalhotr/ScoutingPFRun3/ScoutingData_2024H_TreeMakerRedone/251209_202708/0000/ScoutingTree_Output_760.root
Opened file /eos/user/a/amalhotr/ScoutingPFRun3/ScoutingData_2024H_TreeMakerRedone/251209_202708/0000/ScoutingTree_Output_760.root with 9321408 entries.
Tree opened successfully.
Total entries = 9321408

=====================================
=== Progress: 10% reached at entry 932140 ===
=====================================

=====================================
=== Progress: 20% reached at entry 1864281 ===
=====================================

=====================================
=== Progress: 30% reached at entry 2796422 ===
=====================================

=====================================
=== Progress: 40% reached at entry 3728563 ===
=====================================

=====================================
=== Progress: 50% reached at entry 4660704 ===
=====================================

=====================================
=== Progress: 60% reached at entry 5592844 ===
=====================================

=====================================
=== Progress: 70% reached at entry 6524985 ===
=====================================

=====================================
=== Progress: 80% reached at entry 7457126 ===
=====================================

=====================================
=== Progress: 90% reached at entry 8389267 ===
=====================================

Opening file: /eos/user/a/amalhotr/ScoutingPFRun3/ScoutingData_2024H_TreeMakerRedone/251209_202708/0000/ScoutingTree_Output_761.root
Opened file /eos/user/a/amalhotr/ScoutingPFRun3/ScoutingData_2024H_TreeMakerRedone/251209_202708/0000/ScoutingTree_Output_761.root with 9265491 entries.
Tree opened successfully.
Total entries = 9265491

=====================================
=== Progress: 10% reached at entry 926549 ===
=====================================

=====================================
=== Progress: 20% reached at entry 1853098 ===
=====================================

=====================================
=== Progress: 30% reached at entry 2779647 ===
=====================================

=====================================
=== Progress: 40% reached at entry 3706196 ===
=====================================

=====================================
=== Progress: 50% reached at entry 4632745 ===
=====================================

=====================================
=== Progress: 60% reached at entry 5559294 ===
=====================================

=====================================
=== Progress: 70% reached at entry 6485843 ===
=====================================

=====================================
=== Progress: 80% reached at entry 7412392 ===
=====================================

=====================================
=== Progress: 90% reached at entry 8338941 ===
=====================================

Opening file: /eos/user/a/amalhotr/ScoutingPFRun3/ScoutingData_2024H_TreeMakerRedone/251209_202708/0000/ScoutingTree_Output_762.root
Opened file /eos/user/a/amalhotr/ScoutingPFRun3/ScoutingData_2024H_TreeMakerRedone/251209_202708/0000/ScoutingTree_Output_762.root with 8694830 entries.
Tree opened successfully.
Total entries = 8694830

=====================================
=== Progress: 10% reached at entry 869483 ===
=====================================

=====================================
=== Progress: 20% reached at entry 1738966 ===
=====================================

=====================================
=== Progress: 30% reached at entry 2608449 ===
=====================================

=====================================
=== Progress: 40% reached at entry 3477932 ===
=====================================

=====================================
=== Progress: 50% reached at entry 4347415 ===
=====================================

=====================================
=== Progress: 60% reached at entry 5216898 ===
=====================================

=====================================
=== Progress: 70% reached at entry 6086381 ===
=====================================

=====================================
=== Progress: 80% reached at entry 6955864 ===
=====================================

=====================================
=== Progress: 90% reached at entry 7825347 ===
=====================================

Opening file: /eos/user/a/amalhotr/ScoutingPFRun3/ScoutingData_2024H_TreeMakerRedone/251209_202708/0000/ScoutingTree_Output_763.root
Opened file /eos/user/a/amalhotr/ScoutingPFRun3/ScoutingData_2024H_TreeMakerRedone/251209_202708/0000/ScoutingTree_Output_763.root with 9408133 entries.
Tree opened successfully.
Total entries = 9408133

=====================================
=== Progress: 10% reached at entry 940813 ===
=====================================

=====================================
=== Progress: 20% reached at entry 1881626 ===
=====================================

=====================================
=== Progress: 30% reached at entry 2822439 ===
=====================================

=====================================
=== Progress: 40% reached at entry 3763253 ===
=====================================

=====================================
=== Progress: 50% reached at entry 4704066 ===
=====================================

=====================================
=== Progress: 60% reached at entry 5644879 ===
=====================================

=====================================
=== Progress: 70% reached at entry 6585693 ===
=====================================

=====================================
=== Progress: 80% reached at entry 7526506 ===
=====================================

=====================================
=== Progress: 90% reached at entry 8467319 ===
=====================================

Finished Tree2PlotsRun3 scan.
