/pool/condor/dir_1090359

Opening file: /eos/user/a/amalhotr/ScoutingPFRun3/ScoutingData_2024H_TreeMakerRedone/251209_202708/0000/ScoutingTree_Output_670.root
Opened file /eos/user/a/amalhotr/ScoutingPFRun3/ScoutingData_2024H_TreeMakerRedone/251209_202708/0000/ScoutingTree_Output_670.root with 8339579 entries.
Tree opened successfully.
Total entries = 8339579

=====================================
=== Progress: 10% reached at entry 833957 ===
=====================================

=====================================
=== Progress: 20% reached at entry 1667915 ===
=====================================

=====================================
=== Progress: 30% reached at entry 2501873 ===
=====================================

=====================================
=== Progress: 40% reached at entry 3335831 ===
=====================================

=====================================
=== Progress: 50% reached at entry 4169789 ===
=====================================

=====================================
=== Progress: 60% reached at entry 5003747 ===
=====================================

=====================================
=== Progress: 70% reached at entry 5837705 ===
=====================================

=====================================
=== Progress: 80% reached at entry 6671663 ===
=====================================

=====================================
=== Progress: 90% reached at entry 7505621 ===
=====================================

Opening file: /eos/user/a/amalhotr/ScoutingPFRun3/ScoutingData_2024H_TreeMakerRedone/251209_202708/0000/ScoutingTree_Output_671.root
Opened file /eos/user/a/amalhotr/ScoutingPFRun3/ScoutingData_2024H_TreeMakerRedone/251209_202708/0000/ScoutingTree_Output_671.root with 8276849 entries.
Tree opened successfully.
Total entries = 8276849

=====================================
=== Progress: 10% reached at entry 827684 ===
=====================================

=====================================
=== Progress: 20% reached at entry 1655369 ===
=====================================

=====================================
=== Progress: 30% reached at entry 2483054 ===
=====================================

=====================================
=== Progress: 40% reached at entry 3310739 ===
=====================================

=====================================
=== Progress: 50% reached at entry 4138424 ===
=====================================

=====================================
=== Progress: 60% reached at entry 4966109 ===
=====================================

=====================================
=== Progress: 70% reached at entry 5793794 ===
=====================================

=====================================
=== Progress: 80% reached at entry 6621479 ===
=====================================

=====================================
=== Progress: 90% reached at entry 7449164 ===
=====================================

Opening file: /eos/user/a/amalhotr/ScoutingPFRun3/ScoutingData_2024H_TreeMakerRedone/251209_202708/0000/ScoutingTree_Output_672.root
Opened file /eos/user/a/amalhotr/ScoutingPFRun3/ScoutingData_2024H_TreeMakerRedone/251209_202708/0000/ScoutingTree_Output_672.root with 8366783 entries.
Tree opened successfully.
Total entries = 8366783

=====================================
=== Progress: 10% reached at entry 836678 ===
=====================================

=====================================
=== Progress: 20% reached at entry 1673356 ===
=====================================

=====================================
=== Progress: 30% reached at entry 2510034 ===
=====================================

=====================================
=== Progress: 40% reached at entry 3346713 ===
=====================================

=====================================
=== Progress: 50% reached at entry 4183391 ===
=====================================

=====================================
=== Progress: 60% reached at entry 5020069 ===
=====================================

=====================================
=== Progress: 70% reached at entry 5856748 ===
=====================================

=====================================
=== Progress: 80% reached at entry 6693426 ===
=====================================

=====================================
=== Progress: 90% reached at entry 7530104 ===
=====================================

Opening file: /eos/user/a/amalhotr/ScoutingPFRun3/ScoutingData_2024H_TreeMakerRedone/251209_202708/0000/ScoutingTree_Output_673.root
Opened file /eos/user/a/amalhotr/ScoutingPFRun3/ScoutingData_2024H_TreeMakerRedone/251209_202708/0000/ScoutingTree_Output_673.root with 8334305 entries.
Tree opened successfully.
Total entries = 8334305

=====================================
=== Progress: 10% reached at entry 833430 ===
=====================================

=====================================
=== Progress: 20% reached at entry 1666861 ===
=====================================

=====================================
=== Progress: 30% reached at entry 2500291 ===
=====================================

=====================================
=== Progress: 40% reached at entry 3333722 ===
=====================================

=====================================
=== Progress: 50% reached at entry 4167152 ===
=====================================

=====================================
=== Progress: 60% reached at entry 5000583 ===
=====================================

=====================================
=== Progress: 70% reached at entry 5834013 ===
=====================================

=====================================
=== Progress: 80% reached at entry 6667444 ===
=====================================

=====================================
=== Progress: 90% reached at entry 7500874 ===
=====================================

Finished Tree2PlotsRun3 scan.
