/pool/condor/dir_1003512

Opening file: /eos/user/a/amalhotr/ScoutingPFRun3/ScoutingData_2024H_TreeMakerRedone/251209_202708/0000/ScoutingTree_Output_612.root
Opened file /eos/user/a/amalhotr/ScoutingPFRun3/ScoutingData_2024H_TreeMakerRedone/251209_202708/0000/ScoutingTree_Output_612.root with 10079844 entries.
Tree opened successfully.
Total entries = 10079844

=====================================
=== Progress: 10% reached at entry 1007984 ===
=====================================

=====================================
=== Progress: 20% reached at entry 2015968 ===
=====================================

=====================================
=== Progress: 30% reached at entry 3023953 ===
=====================================

=====================================
=== Progress: 40% reached at entry 4031937 ===
=====================================

=====================================
=== Progress: 50% reached at entry 5039922 ===
=====================================

=====================================
=== Progress: 60% reached at entry 6047906 ===
=====================================

=====================================
=== Progress: 70% reached at entry 7055890 ===
=====================================

=====================================
=== Progress: 80% reached at entry 8063875 ===
=====================================

=====================================
=== Progress: 90% reached at entry 9071859 ===
=====================================

Opening file: /eos/user/a/amalhotr/ScoutingPFRun3/ScoutingData_2024H_TreeMakerRedone/251209_202708/0000/ScoutingTree_Output_613.root
Opened file /eos/user/a/amalhotr/ScoutingPFRun3/ScoutingData_2024H_TreeMakerRedone/251209_202708/0000/ScoutingTree_Output_613.root with 10576177 entries.
Tree opened successfully.
Total entries = 10576177

=====================================
=== Progress: 10% reached at entry 1057617 ===
=====================================

=====================================
=== Progress: 20% reached at entry 2115235 ===
=====================================

=====================================
=== Progress: 30% reached at entry 3172853 ===
=====================================

=====================================
=== Progress: 40% reached at entry 4230470 ===
=====================================

=====================================
=== Progress: 50% reached at entry 5288088 ===
=====================================

=====================================
=== Progress: 60% reached at entry 6345706 ===
=====================================

=====================================
=== Progress: 70% reached at entry 7403323 ===
=====================================

=====================================
=== Progress: 80% reached at entry 8460941 ===
=====================================

=====================================
=== Progress: 90% reached at entry 9518559 ===
=====================================

Opening file: /eos/user/a/amalhotr/ScoutingPFRun3/ScoutingData_2024H_TreeMakerRedone/251209_202708/0000/ScoutingTree_Output_614.root
Opened file /eos/user/a/amalhotr/ScoutingPFRun3/ScoutingData_2024H_TreeMakerRedone/251209_202708/0000/ScoutingTree_Output_614.root with 10578276 entries.
Tree opened successfully.
Total entries = 10578276

=====================================
=== Progress: 10% reached at entry 1057827 ===
=====================================

=====================================
=== Progress: 20% reached at entry 2115655 ===
=====================================

=====================================
=== Progress: 30% reached at entry 3173482 ===
=====================================

=====================================
=== Progress: 40% reached at entry 4231310 ===
=====================================

=====================================
=== Progress: 50% reached at entry 5289138 ===
=====================================

=====================================
=== Progress: 60% reached at entry 6346965 ===
=====================================

=====================================
=== Progress: 70% reached at entry 7404793 ===
=====================================

=====================================
=== Progress: 80% reached at entry 8462620 ===
=====================================

=====================================
=== Progress: 90% reached at entry 9520448 ===
=====================================

Opening file: /eos/user/a/amalhotr/ScoutingPFRun3/ScoutingData_2024H_TreeMakerRedone/251209_202708/0000/ScoutingTree_Output_615.root
Opened file /eos/user/a/amalhotr/ScoutingPFRun3/ScoutingData_2024H_TreeMakerRedone/251209_202708/0000/ScoutingTree_Output_615.root with 9137378 entries.
Tree opened successfully.
Total entries = 9137378

=====================================
=== Progress: 10% reached at entry 913737 ===
=====================================

=====================================
=== Progress: 20% reached at entry 1827475 ===
=====================================

=====================================
=== Progress: 30% reached at entry 2741213 ===
=====================================

=====================================
=== Progress: 40% reached at entry 3654951 ===
=====================================

=====================================
=== Progress: 50% reached at entry 4568689 ===
=====================================

=====================================
=== Progress: 60% reached at entry 5482426 ===
=====================================

=====================================
=== Progress: 70% reached at entry 6396164 ===
=====================================

=====================================
=== Progress: 80% reached at entry 7309902 ===
=====================================

=====================================
=== Progress: 90% reached at entry 8223640 ===
=====================================

Finished Tree2PlotsRun3 scan.
