000 (14420206.000.000) 01/26 11:38:15 Job submitted from host: <188.184.90.62:9618?addrs=188.184.90.62-9618+[2001-1458-201-e4--100-238]-9618&alias=bigbird16.cern.ch&noUDP&sock=schedd_5196_9a2f>
...
040 (14420206.000.000) 01/26 11:40:27 Started transferring input files
	Transferring to host: <188.185.204.237:9618?addrs=188.185.204.237-9618+[2001-1458-303-8--100-6a]-9618&alias=b9p02p4140.cern.ch&noUDP&sock=slot1_46_3786_5453_115092>
...
040 (14420206.000.000) 01/26 11:40:27 Finished transferring input files
...
001 (14420206.000.000) 01/26 11:40:28 Job executing on host: <188.185.204.237:9618?addrs=188.185.204.237-9618+[2001-1458-303-8--100-6a]-9618&alias=b9p02p4140.cern.ch&noUDP&sock=startd_3333_bd3f>
	SlotName: slot1_46@b9p02p4140.cern.ch
	CondorScratchDir = "/pool/condor/dir_3534910"
	Cpus = 1
	Disk = 3692
	GPUs = 0
	Memory = 3000
...
006 (14420206.000.000) 01/26 11:40:41 Image size of job updated: 543844
	532  -  MemoryUsage of job (MB)
	543844  -  ResidentSetSize of job (KB)
...
006 (14420206.000.000) 01/26 11:45:41 Image size of job updated: 776232
	758  -  MemoryUsage of job (MB)
	775280  -  ResidentSetSize of job (KB)
...
040 (14420206.000.000) 01/26 11:45:52 Started transferring output files
...
040 (14420206.000.000) 01/26 11:45:53 Finished transferring output files
...
005 (14420206.000.000) 01/26 11:45:53 Job terminated.
	(1) Normal termination (return value 0)
		Usr 0 00:03:58, Sys 0 00:00:10  -  Run Remote Usage
		Usr 0 00:00:00, Sys 0 00:00:00  -  Run Local Usage
		Usr 0 00:03:58, Sys 0 00:00:10  -  Total Remote Usage
		Usr 0 00:00:00, Sys 0 00:00:00  -  Total Local Usage
	12859  -  Run Bytes Sent By Job
	317  -  Run Bytes Received By Job
	12859  -  Total Bytes Sent By Job
	317  -  Total Bytes Received By Job
	Partitionable Resources :    Usage  Request Allocated 
	   Cpus                 :     0.81        1         1 
	   Disk (KB)            :    41           1      3692 
	   GPUs                 :                           0 
	   Memory (MB)          :   758        3000      3000 
	   TimeExecute (s)      :   324                       
	   TimeSlotBusy (s)     :   328                       

	Job terminated of its own accord at 2026-01-26T10:45:52Z with exit-code 0.
...
