000 (14419464.000.000) 01/26 11:03:31 Job submitted from host: <188.184.90.62:9618?addrs=188.184.90.62-9618+[2001-1458-201-e4--100-238]-9618&alias=bigbird16.cern.ch&noUDP&sock=schedd_5196_9a2f>
...
040 (14419464.000.000) 01/26 11:05:21 Started transferring input files
	Transferring to host: <188.185.212.83:9618?addrs=188.185.212.83-9618+[2001-1458-303-18--100-4f]-9618&alias=b9p25p7437.cern.ch&noUDP&sock=slot1_24_5518_ae19_136249>
...
040 (14419464.000.000) 01/26 11:05:21 Finished transferring input files
...
001 (14419464.000.000) 01/26 11:05:22 Job executing on host: <188.185.212.83:9618?addrs=188.185.212.83-9618+[2001-1458-303-18--100-4f]-9618&alias=b9p25p7437.cern.ch&noUDP&sock=startd_4557_4d2b>
	SlotName: slot1_24@b9p25p7437.cern.ch
	CondorScratchDir = "/pool/condor/dir_1027804"
	Cpus = 1
	Disk = 3899
	GPUs = 0
	Memory = 3000
...
006 (14419464.000.000) 01/26 11:05:35 Image size of job updated: 135736
	133  -  MemoryUsage of job (MB)
	135736  -  ResidentSetSize of job (KB)
...
006 (14419464.000.000) 01/26 11:10:35 Image size of job updated: 849424
	652  -  MemoryUsage of job (MB)
	667284  -  ResidentSetSize of job (KB)
...
040 (14419464.000.000) 01/26 11:12:01 Started transferring output files
...
040 (14419464.000.000) 01/26 11:12:01 Finished transferring output files
...
005 (14419464.000.000) 01/26 11:12:01 Job terminated.
	(1) Normal termination (return value 0)
		Usr 0 00:04:28, Sys 0 00:00:10  -  Run Remote Usage
		Usr 0 00:00:00, Sys 0 00:00:00  -  Run Local Usage
		Usr 0 00:04:28, Sys 0 00:00:10  -  Total Remote Usage
		Usr 0 00:00:00, Sys 0 00:00:00  -  Total Local Usage
	12859  -  Run Bytes Sent By Job
	317  -  Run Bytes Received By Job
	12859  -  Total Bytes Sent By Job
	317  -  Total Bytes Received By Job
	Partitionable Resources :    Usage  Request Allocated 
	   Cpus                 :     0.70        1         1 
	   Disk (KB)            :    36           1      3899 
	   GPUs                 :                           0 
	   Memory (MB)          :   652        3000      3000 
	   TimeExecute (s)      :   399                       
	   TimeSlotBusy (s)     :   402                       

	Job terminated of its own accord at 2026-01-26T10:12:01Z with exit-code 0.
...
