000 (14418879.000.000) 01/26 10:47:07 Job submitted from host: <188.184.90.62:9618?addrs=188.184.90.62-9618+[2001-1458-201-e4--100-238]-9618&alias=bigbird16.cern.ch&noUDP&sock=schedd_5196_9a2f>
...
040 (14418879.000.000) 01/26 10:49:16 Started transferring input files
	Transferring to host: <188.185.192.109:9618?addrs=188.185.192.109-9618+[2001-1458-303-1f--100-69]-9618&alias=b9p13p5857.cern.ch&noUDP&sock=slot1_10_5997_2dcd_131795>
...
040 (14418879.000.000) 01/26 10:49:16 Finished transferring input files
...
001 (14418879.000.000) 01/26 10:49:17 Job executing on host: <188.185.192.109:9618?addrs=188.185.192.109-9618+[2001-1458-303-1f--100-69]-9618&alias=b9p13p5857.cern.ch&noUDP&sock=startd_4485_ea59>
	SlotName: slot1_10@b9p13p5857.cern.ch
	CondorScratchDir = "/pool/condor/dir_1330047"
	Cpus = 1
	Disk = 3800
	GPUs = 0
	Memory = 3000
...
006 (14418879.000.000) 01/26 10:49:30 Image size of job updated: 142232
	139  -  MemoryUsage of job (MB)
	142232  -  ResidentSetSize of job (KB)
...
006 (14418879.000.000) 01/26 10:54:30 Image size of job updated: 777276
	759  -  MemoryUsage of job (MB)
	776340  -  ResidentSetSize of job (KB)
...
040 (14418879.000.000) 01/26 10:56:46 Started transferring output files
...
040 (14418879.000.000) 01/26 10:56:46 Finished transferring output files
...
005 (14418879.000.000) 01/26 10:56:46 Job terminated.
	(1) Normal termination (return value 0)
		Usr 0 00:05:22, Sys 0 00:00:09  -  Run Remote Usage
		Usr 0 00:00:00, Sys 0 00:00:00  -  Run Local Usage
		Usr 0 00:05:22, Sys 0 00:00:09  -  Total Remote Usage
		Usr 0 00:00:00, Sys 0 00:00:00  -  Total Local Usage
	13166  -  Run Bytes Sent By Job
	317  -  Run Bytes Received By Job
	13166  -  Total Bytes Sent By Job
	317  -  Total Bytes Received By Job
	Partitionable Resources :    Usage  Request Allocated 
	   Cpus                 :     0.89        1         1 
	   Disk (KB)            :    36           1      3800 
	   GPUs                 :                           0 
	   Memory (MB)          :   759        3000      3000 
	   TimeExecute (s)      :   449                       
	   TimeSlotBusy (s)     :   451                       

	Job terminated of its own accord at 2026-01-26T09:56:46Z with exit-code 0.
...
