/pool/condor/dir_1207237

Opening file: /eos/user/a/amalhotr/ScoutingPFRun3/ScoutingData_2024H_TreeMakerRedone/251209_202708/0000/ScoutingTree_Output_16.root
Opened file /eos/user/a/amalhotr/ScoutingPFRun3/ScoutingData_2024H_TreeMakerRedone/251209_202708/0000/ScoutingTree_Output_16.root with 8576340 entries.
Tree opened successfully.
Total entries = 8576340

=====================================
=== Progress: 10% reached at entry 857634 ===
=====================================

=====================================
=== Progress: 20% reached at entry 1715268 ===
=====================================

=====================================
=== Progress: 30% reached at entry 2572902 ===
=====================================

=====================================
=== Progress: 40% reached at entry 3430536 ===
=====================================

=====================================
=== Progress: 50% reached at entry 4288170 ===
=====================================

=====================================
=== Progress: 60% reached at entry 5145804 ===
=====================================

=====================================
=== Progress: 70% reached at entry 6003438 ===
=====================================

=====================================
=== Progress: 80% reached at entry 6861072 ===
=====================================

=====================================
=== Progress: 90% reached at entry 7718706 ===
=====================================

Opening file: /eos/user/a/amalhotr/ScoutingPFRun3/ScoutingData_2024H_TreeMakerRedone/251209_202708/0000/ScoutingTree_Output_170.root
Opened file /eos/user/a/amalhotr/ScoutingPFRun3/ScoutingData_2024H_TreeMakerRedone/251209_202708/0000/ScoutingTree_Output_170.root with 11355125 entries.
Tree opened successfully.
Total entries = 11355125

=====================================
=== Progress: 10% reached at entry 1135512 ===
=====================================

=====================================
=== Progress: 20% reached at entry 2271025 ===
=====================================

=====================================
=== Progress: 30% reached at entry 3406537 ===
=====================================

=====================================
=== Progress: 40% reached at entry 4542050 ===
=====================================

=====================================
=== Progress: 50% reached at entry 5677562 ===
=====================================

=====================================
=== Progress: 60% reached at entry 6813075 ===
=====================================

=====================================
=== Progress: 70% reached at entry 7948587 ===
=====================================

=====================================
=== Progress: 80% reached at entry 9084100 ===
=====================================

=====================================
=== Progress: 90% reached at entry 10219612 ===
=====================================

Opening file: /eos/user/a/amalhotr/ScoutingPFRun3/ScoutingData_2024H_TreeMakerRedone/251209_202708/0000/ScoutingTree_Output_171.root
Opened file /eos/user/a/amalhotr/ScoutingPFRun3/ScoutingData_2024H_TreeMakerRedone/251209_202708/0000/ScoutingTree_Output_171.root with 11230456 entries.
Tree opened successfully.
Total entries = 11230456

=====================================
=== Progress: 10% reached at entry 1123045 ===
=====================================

=====================================
=== Progress: 20% reached at entry 2246091 ===
=====================================

=====================================
=== Progress: 30% reached at entry 3369136 ===
=====================================

=====================================
=== Progress: 40% reached at entry 4492182 ===
=====================================

=====================================
=== Progress: 50% reached at entry 5615228 ===
=====================================

=====================================
=== Progress: 60% reached at entry 6738273 ===
=====================================

=====================================
=== Progress: 70% reached at entry 7861319 ===
=====================================

=====================================
=== Progress: 80% reached at entry 8984364 ===
=====================================

=====================================
=== Progress: 90% reached at entry 10107410 ===
=====================================

Opening file: /eos/user/a/amalhotr/ScoutingPFRun3/ScoutingData_2024H_TreeMakerRedone/251209_202708/0000/ScoutingTree_Output_172.root
Opened file /eos/user/a/amalhotr/ScoutingPFRun3/ScoutingData_2024H_TreeMakerRedone/251209_202708/0000/ScoutingTree_Output_172.root with 11420647 entries.
Tree opened successfully.
Total entries = 11420647

=====================================
=== Progress: 10% reached at entry 1142064 ===
=====================================

=====================================
=== Progress: 20% reached at entry 2284129 ===
=====================================

=====================================
=== Progress: 30% reached at entry 3426194 ===
=====================================

=====================================
=== Progress: 40% reached at entry 4568258 ===
=====================================

=====================================
=== Progress: 50% reached at entry 5710323 ===
=====================================

=====================================
=== Progress: 60% reached at entry 6852388 ===
=====================================

=====================================
=== Progress: 70% reached at entry 7994452 ===
=====================================

=====================================
=== Progress: 80% reached at entry 9136517 ===
=====================================

=====================================
=== Progress: 90% reached at entry 10278582 ===
=====================================

Finished Tree2PlotsRun3 scan.
