000 (14419458.000.000) 01/26 11:03:29 Job submitted from host: <188.184.90.62:9618?addrs=188.184.90.62-9618+[2001-1458-201-e4--100-238]-9618&alias=bigbird16.cern.ch&noUDP&sock=schedd_5196_9a2f>
...
040 (14419458.000.000) 01/26 11:05:18 Started transferring input files
	Transferring to host: <188.185.193.133:9618?addrs=188.185.193.133-9618+[2001-1458-303-20--100-81]-9618&alias=b9p19p3628.cern.ch&noUDP&sock=slot1_1_4762_027b_122988>
...
040 (14419458.000.000) 01/26 11:05:18 Finished transferring input files
...
001 (14419458.000.000) 01/26 11:05:19 Job executing on host: <188.185.193.133:9618?addrs=188.185.193.133-9618+[2001-1458-303-20--100-81]-9618&alias=b9p19p3628.cern.ch&noUDP&sock=startd_3744_a6ac>
	SlotName: slot1_1@b9p19p3628.cern.ch
	CondorScratchDir = "/pool/condor/dir_3074152"
	Cpus = 1
	Disk = 3802
	GPUs = 0
	Memory = 3000
...
006 (14419458.000.000) 01/26 11:05:33 Image size of job updated: 139988
	137  -  MemoryUsage of job (MB)
	139988  -  ResidentSetSize of job (KB)
...
006 (14419458.000.000) 01/26 11:10:33 Image size of job updated: 848452
	825  -  MemoryUsage of job (MB)
	844344  -  ResidentSetSize of job (KB)
...
040 (14419458.000.000) 01/26 11:12:46 Started transferring output files
...
040 (14419458.000.000) 01/26 11:12:46 Finished transferring output files
...
005 (14419458.000.000) 01/26 11:12:46 Job terminated.
	(1) Normal termination (return value 0)
		Usr 0 00:05:54, Sys 0 00:00:11  -  Run Remote Usage
		Usr 0 00:00:00, Sys 0 00:00:00  -  Run Local Usage
		Usr 0 00:05:54, Sys 0 00:00:11  -  Total Remote Usage
		Usr 0 00:00:00, Sys 0 00:00:00  -  Total Local Usage
	13164  -  Run Bytes Sent By Job
	317  -  Run Bytes Received By Job
	13164  -  Total Bytes Sent By Job
	317  -  Total Bytes Received By Job
	Partitionable Resources :    Usage  Request Allocated 
	   Cpus                 :        0        1         1 
	   Disk (KB)            :       36        1      3802 
	   GPUs                 :                           0 
	   Memory (MB)          :      825     3000      3000 
	   TimeExecute (s)      :      447                    
	   TimeSlotBusy (s)     :      449                    

	Job terminated of its own accord at 2026-01-26T10:12:46Z with exit-code 0.
...
