/pool/condor/dir_3290019

Opening file: /eos/user/a/amalhotr/ScoutingPFRun3/ScoutingData_2024H_TreeMakerRedone/251209_202708/0000/ScoutingTree_Output_274.root
Opened file /eos/user/a/amalhotr/ScoutingPFRun3/ScoutingData_2024H_TreeMakerRedone/251209_202708/0000/ScoutingTree_Output_274.root with 8538642 entries.
Tree opened successfully.
Total entries = 8538642

=====================================
=== Progress: 10% reached at entry 853864 ===
=====================================

=====================================
=== Progress: 20% reached at entry 1707728 ===
=====================================

=====================================
=== Progress: 30% reached at entry 2561592 ===
=====================================

=====================================
=== Progress: 40% reached at entry 3415456 ===
=====================================

=====================================
=== Progress: 50% reached at entry 4269321 ===
=====================================

=====================================
=== Progress: 60% reached at entry 5123185 ===
=====================================

=====================================
=== Progress: 70% reached at entry 5977049 ===
=====================================

=====================================
=== Progress: 80% reached at entry 6830913 ===
=====================================

=====================================
=== Progress: 90% reached at entry 7684777 ===
=====================================

Opening file: /eos/user/a/amalhotr/ScoutingPFRun3/ScoutingData_2024H_TreeMakerRedone/251209_202708/0000/ScoutingTree_Output_275.root
Opened file /eos/user/a/amalhotr/ScoutingPFRun3/ScoutingData_2024H_TreeMakerRedone/251209_202708/0000/ScoutingTree_Output_275.root with 8426894 entries.
Tree opened successfully.
Total entries = 8426894

=====================================
=== Progress: 10% reached at entry 842689 ===
=====================================

=====================================
=== Progress: 20% reached at entry 1685378 ===
=====================================

=====================================
=== Progress: 30% reached at entry 2528068 ===
=====================================

=====================================
=== Progress: 40% reached at entry 3370757 ===
=====================================

=====================================
=== Progress: 50% reached at entry 4213447 ===
=====================================

=====================================
=== Progress: 60% reached at entry 5056136 ===
=====================================

=====================================
=== Progress: 70% reached at entry 5898825 ===
=====================================

=====================================
=== Progress: 80% reached at entry 6741515 ===
=====================================

=====================================
=== Progress: 90% reached at entry 7584204 ===
=====================================

Opening file: /eos/user/a/amalhotr/ScoutingPFRun3/ScoutingData_2024H_TreeMakerRedone/251209_202708/0000/ScoutingTree_Output_276.root
Opened file /eos/user/a/amalhotr/ScoutingPFRun3/ScoutingData_2024H_TreeMakerRedone/251209_202708/0000/ScoutingTree_Output_276.root with 8574321 entries.
Tree opened successfully.
Total entries = 8574321

=====================================
=== Progress: 10% reached at entry 857432 ===
=====================================

=====================================
=== Progress: 20% reached at entry 1714864 ===
=====================================

=====================================
=== Progress: 30% reached at entry 2572296 ===
=====================================

=====================================
=== Progress: 40% reached at entry 3429728 ===
=====================================

=====================================
=== Progress: 50% reached at entry 4287160 ===
=====================================

=====================================
=== Progress: 60% reached at entry 5144592 ===
=====================================

=====================================
=== Progress: 70% reached at entry 6002024 ===
=====================================

=====================================
=== Progress: 80% reached at entry 6859456 ===
=====================================

=====================================
=== Progress: 90% reached at entry 7716888 ===
=====================================

Opening file: /eos/user/a/amalhotr/ScoutingPFRun3/ScoutingData_2024H_TreeMakerRedone/251209_202708/0000/ScoutingTree_Output_277.root
Opened file /eos/user/a/amalhotr/ScoutingPFRun3/ScoutingData_2024H_TreeMakerRedone/251209_202708/0000/ScoutingTree_Output_277.root with 8061366 entries.
Tree opened successfully.
Total entries = 8061366

=====================================
=== Progress: 10% reached at entry 806136 ===
=====================================

=====================================
=== Progress: 20% reached at entry 1612273 ===
=====================================

=====================================
=== Progress: 30% reached at entry 2418409 ===
=====================================

=====================================
=== Progress: 40% reached at entry 3224546 ===
=====================================

=====================================
=== Progress: 50% reached at entry 4030683 ===
=====================================

=====================================
=== Progress: 60% reached at entry 4836819 ===
=====================================

=====================================
=== Progress: 70% reached at entry 5642956 ===
=====================================

=====================================
=== Progress: 80% reached at entry 6449092 ===
=====================================

=====================================
=== Progress: 90% reached at entry 7255229 ===
=====================================

Finished Tree2PlotsRun3 scan.
