000 (14418844.000.000) 01/26 10:36:23 Job submitted from host: <188.184.90.62:9618?addrs=188.184.90.62-9618+[2001-1458-201-e4--100-238]-9618&alias=bigbird16.cern.ch&noUDP&sock=schedd_5196_9a2f>
...
040 (14418844.000.000) 01/26 10:36:24 Started transferring input files
	Transferring to host: <188.185.213.221:9618?addrs=188.185.213.221-9618+[2001-1458-303-1b--100-59]-9618&alias=b9p28p6440.cern.ch&noUDP&sock=slot1_30_4461_ed8e_162742>
...
040 (14418844.000.000) 01/26 10:36:24 Finished transferring input files
...
001 (14418844.000.000) 01/26 10:36:25 Job executing on host: <188.185.213.221:9618?addrs=188.185.213.221-9618+[2001-1458-303-1b--100-59]-9618&alias=b9p28p6440.cern.ch&noUDP&sock=startd_3792_9337>
	SlotName: slot1_30@b9p28p6440.cern.ch
	CondorScratchDir = "/pool/condor/dir_3297718"
	Cpus = 1
	Disk = 3862
	GPUs = 0
	Memory = 3000
...
006 (14418844.000.000) 01/26 10:36:38 Image size of job updated: 650348
	636  -  MemoryUsage of job (MB)
	650348  -  ResidentSetSize of job (KB)
...
006 (14418844.000.000) 01/26 10:41:38 Image size of job updated: 840088
	814  -  MemoryUsage of job (MB)
	832524  -  ResidentSetSize of job (KB)
...
040 (14418844.000.000) 01/26 10:42:16 Started transferring output files
...
040 (14418844.000.000) 01/26 10:42:16 Finished transferring output files
...
005 (14418844.000.000) 01/26 10:42:16 Job terminated.
	(1) Normal termination (return value 0)
		Usr 0 00:03:59, Sys 0 00:00:07  -  Run Remote Usage
		Usr 0 00:00:00, Sys 0 00:00:00  -  Run Local Usage
		Usr 0 00:03:59, Sys 0 00:00:07  -  Total Remote Usage
		Usr 0 00:00:00, Sys 0 00:00:00  -  Total Local Usage
	12869  -  Run Bytes Sent By Job
	317  -  Run Bytes Received By Job
	12869  -  Total Bytes Sent By Job
	317  -  Total Bytes Received By Job
	Partitionable Resources :    Usage  Request Allocated 
	   Cpus                 :        0        1         1 
	   Disk (KB)            :       37        1      3862 
	   GPUs                 :                           0 
	   Memory (MB)          :      814     3000      3000 
	   TimeExecute (s)      :      351                    
	   TimeSlotBusy (s)     :      353                    

	Job terminated of its own accord at 2026-01-26T09:42:16Z with exit-code 0.
...
