000 (14418776.000.000) 01/26 10:11:24 Job submitted from host: <188.184.90.62:9618?addrs=188.184.90.62-9618+[2001-1458-201-e4--100-238]-9618&alias=bigbird16.cern.ch&noUDP&sock=schedd_5196_9a2f>
...
040 (14418776.000.000) 01/26 10:14:03 Started transferring input files
	Transferring to host: <188.185.194.49:9618?addrs=188.185.194.49-9618+[2001-1458-303-21--100-2d]-9618&alias=b9p20p3359.cern.ch&noUDP&sock=slot1_46_5294_da10_121504>
...
040 (14418776.000.000) 01/26 10:14:03 Finished transferring input files
...
001 (14418776.000.000) 01/26 10:14:05 Job executing on host: <188.185.194.49:9618?addrs=188.185.194.49-9618+[2001-1458-303-21--100-2d]-9618&alias=b9p20p3359.cern.ch&noUDP&sock=startd_4154_e080>
	SlotName: slot1_46@b9p20p3359.cern.ch
	CondorScratchDir = "/pool/condor/dir_2318240"
	Cpus = 1
	Disk = 3828
	GPUs = 0
	Memory = 3000
...
006 (14418776.000.000) 01/26 10:14:18 Image size of job updated: 115232
	113  -  MemoryUsage of job (MB)
	115232  -  ResidentSetSize of job (KB)
...
006 (14418776.000.000) 01/26 10:19:18 Image size of job updated: 842176
	803  -  MemoryUsage of job (MB)
	822176  -  ResidentSetSize of job (KB)
...
040 (14418776.000.000) 01/26 10:21:59 Started transferring output files
...
040 (14418776.000.000) 01/26 10:21:59 Finished transferring output files
...
005 (14418776.000.000) 01/26 10:22:00 Job terminated.
	(1) Normal termination (return value 0)
		Usr 0 00:05:57, Sys 0 00:00:07  -  Run Remote Usage
		Usr 0 00:00:00, Sys 0 00:00:00  -  Run Local Usage
		Usr 0 00:05:57, Sys 0 00:00:07  -  Total Remote Usage
		Usr 0 00:00:00, Sys 0 00:00:00  -  Total Local Usage
	13165  -  Run Bytes Sent By Job
	317  -  Run Bytes Received By Job
	13165  -  Total Bytes Sent By Job
	317  -  Total Bytes Received By Job
	Partitionable Resources :    Usage  Request Allocated 
	   Cpus                 :     0.81        1         1 
	   Disk (KB)            :    36           1      3828 
	   GPUs                 :                           0 
	   Memory (MB)          :   803        3000      3000 
	   TimeExecute (s)      :   474                       
	   TimeSlotBusy (s)     :   477                       

	Job terminated of its own accord at 2026-01-26T09:21:59Z with exit-code 0.
...
