000 (14419445.000.000) 01/26 11:03:25 Job submitted from host: <188.184.90.62:9618?addrs=188.184.90.62-9618+[2001-1458-201-e4--100-238]-9618&alias=bigbird16.cern.ch&noUDP&sock=schedd_5196_9a2f>
...
040 (14419445.000.000) 01/26 11:05:14 Started transferring input files
	Transferring to host: <188.185.192.88:9618?addrs=188.185.192.88-9618+[2001-1458-303-1f--100-54]-9618&alias=b9p13p5626.cern.ch&noUDP&sock=slot1_6_997560_036f_126110>
...
040 (14419445.000.000) 01/26 11:05:14 Finished transferring input files
...
001 (14419445.000.000) 01/26 11:05:15 Job executing on host: <188.185.192.88:9618?addrs=188.185.192.88-9618+[2001-1458-303-1f--100-54]-9618&alias=b9p13p5626.cern.ch&noUDP&sock=startd_4736_149f>
	SlotName: slot1_6@b9p13p5626.cern.ch
	CondorScratchDir = "/pool/condor/dir_2127929"
	Cpus = 1
	Disk = 3935
	GPUs = 0
	Memory = 3000
...
006 (14419445.000.000) 01/26 11:05:28 Image size of job updated: 56788
	56  -  MemoryUsage of job (MB)
	56788  -  ResidentSetSize of job (KB)
...
006 (14419445.000.000) 01/26 11:10:28 Image size of job updated: 843736
	808  -  MemoryUsage of job (MB)
	826456  -  ResidentSetSize of job (KB)
...
040 (14419445.000.000) 01/26 11:12:44 Started transferring output files
...
040 (14419445.000.000) 01/26 11:12:44 Finished transferring output files
...
005 (14419445.000.000) 01/26 11:12:44 Job terminated.
	(1) Normal termination (return value 0)
		Usr 0 00:05:51, Sys 0 00:00:08  -  Run Remote Usage
		Usr 0 00:00:00, Sys 0 00:00:00  -  Run Local Usage
		Usr 0 00:05:51, Sys 0 00:00:08  -  Total Remote Usage
		Usr 0 00:00:00, Sys 0 00:00:00  -  Total Local Usage
	13438  -  Run Bytes Sent By Job
	317  -  Run Bytes Received By Job
	13438  -  Total Bytes Sent By Job
	317  -  Total Bytes Received By Job
	Partitionable Resources :    Usage  Request Allocated 
	   Cpus                 :     0.94        1         1 
	   Disk (KB)            :    36           1      3935 
	   GPUs                 :                           0 
	   Memory (MB)          :   808        3000      3000 
	   TimeExecute (s)      :   449                       
	   TimeSlotBusy (s)     :   452                       

	Job terminated of its own accord at 2026-01-26T10:12:44Z with exit-code 0.
...
