/pool/condor/dir_235307

Opening file: /eos/user/a/amalhotr/ScoutingPFRun3/ScoutingData_2024H_TreeMakerRedone/251209_202708/0000/ScoutingTree_Output_861.root
Opened file /eos/user/a/amalhotr/ScoutingPFRun3/ScoutingData_2024H_TreeMakerRedone/251209_202708/0000/ScoutingTree_Output_861.root with 7773806 entries.
Tree opened successfully.
Total entries = 7773806

=====================================
=== Progress: 10% reached at entry 777380 ===
=====================================

=====================================
=== Progress: 20% reached at entry 1554761 ===
=====================================

=====================================
=== Progress: 30% reached at entry 2332141 ===
=====================================

=====================================
=== Progress: 40% reached at entry 3109522 ===
=====================================

=====================================
=== Progress: 50% reached at entry 3886903 ===
=====================================

=====================================
=== Progress: 60% reached at entry 4664283 ===
=====================================

=====================================
=== Progress: 70% reached at entry 5441664 ===
=====================================

=====================================
=== Progress: 80% reached at entry 6219044 ===
=====================================

=====================================
=== Progress: 90% reached at entry 6996425 ===
=====================================

Opening file: /eos/user/a/amalhotr/ScoutingPFRun3/ScoutingData_2024H_TreeMakerRedone/251209_202708/0000/ScoutingTree_Output_862.root
Opened file /eos/user/a/amalhotr/ScoutingPFRun3/ScoutingData_2024H_TreeMakerRedone/251209_202708/0000/ScoutingTree_Output_862.root with 7154605 entries.
Tree opened successfully.
Total entries = 7154605

=====================================
=== Progress: 10% reached at entry 715460 ===
=====================================

=====================================
=== Progress: 20% reached at entry 1430921 ===
=====================================

=====================================
=== Progress: 30% reached at entry 2146381 ===
=====================================

=====================================
=== Progress: 40% reached at entry 2861842 ===
=====================================

=====================================
=== Progress: 50% reached at entry 3577302 ===
=====================================

=====================================
=== Progress: 60% reached at entry 4292763 ===
=====================================

=====================================
=== Progress: 70% reached at entry 5008223 ===
=====================================

=====================================
=== Progress: 80% reached at entry 5723684 ===
=====================================

=====================================
=== Progress: 90% reached at entry 6439144 ===
=====================================

Opening file: /eos/user/a/amalhotr/ScoutingPFRun3/ScoutingData_2024H_TreeMakerRedone/251209_202708/0000/ScoutingTree_Output_863.root
Opened file /eos/user/a/amalhotr/ScoutingPFRun3/ScoutingData_2024H_TreeMakerRedone/251209_202708/0000/ScoutingTree_Output_863.root with 7850626 entries.
Tree opened successfully.
Total entries = 7850626

=====================================
=== Progress: 10% reached at entry 785062 ===
=====================================

=====================================
=== Progress: 20% reached at entry 1570125 ===
=====================================

=====================================
=== Progress: 30% reached at entry 2355187 ===
=====================================

=====================================
=== Progress: 40% reached at entry 3140250 ===
=====================================

=====================================
=== Progress: 50% reached at entry 3925313 ===
=====================================

=====================================
=== Progress: 60% reached at entry 4710375 ===
=====================================

=====================================
=== Progress: 70% reached at entry 5495438 ===
=====================================

=====================================
=== Progress: 80% reached at entry 6280500 ===
=====================================

=====================================
=== Progress: 90% reached at entry 7065563 ===
=====================================

Opening file: /eos/user/a/amalhotr/ScoutingPFRun3/ScoutingData_2024H_TreeMakerRedone/251209_202708/0000/ScoutingTree_Output_864.root
Opened file /eos/user/a/amalhotr/ScoutingPFRun3/ScoutingData_2024H_TreeMakerRedone/251209_202708/0000/ScoutingTree_Output_864.root with 8446077 entries.
Tree opened successfully.
Total entries = 8446077

=====================================
=== Progress: 10% reached at entry 844607 ===
=====================================

=====================================
=== Progress: 20% reached at entry 1689215 ===
=====================================

=====================================
=== Progress: 30% reached at entry 2533823 ===
=====================================

=====================================
=== Progress: 40% reached at entry 3378430 ===
=====================================

=====================================
=== Progress: 50% reached at entry 4223038 ===
=====================================

=====================================
=== Progress: 60% reached at entry 5067646 ===
=====================================

=====================================
=== Progress: 70% reached at entry 5912253 ===
=====================================

=====================================
=== Progress: 80% reached at entry 6756861 ===
=====================================

=====================================
=== Progress: 90% reached at entry 7601469 ===
=====================================

Finished Tree2PlotsRun3 scan.
