/pool/condor/dir_1266106

Opening file: /eos/user/a/amalhotr/ScoutingPFRun3/ScoutingData_2024H_TreeMakerRedone/251209_202708/0000/ScoutingTree_Output_414.root
Opened file /eos/user/a/amalhotr/ScoutingPFRun3/ScoutingData_2024H_TreeMakerRedone/251209_202708/0000/ScoutingTree_Output_414.root with 8038703 entries.
Tree opened successfully.
Total entries = 8038703

=====================================
=== Progress: 10% reached at entry 803870 ===
=====================================

=====================================
=== Progress: 20% reached at entry 1607740 ===
=====================================

=====================================
=== Progress: 30% reached at entry 2411610 ===
=====================================

=====================================
=== Progress: 40% reached at entry 3215481 ===
=====================================

=====================================
=== Progress: 50% reached at entry 4019351 ===
=====================================

=====================================
=== Progress: 60% reached at entry 4823221 ===
=====================================

=====================================
=== Progress: 70% reached at entry 5627092 ===
=====================================

=====================================
=== Progress: 80% reached at entry 6430962 ===
=====================================

=====================================
=== Progress: 90% reached at entry 7234832 ===
=====================================

Opening file: /eos/user/a/amalhotr/ScoutingPFRun3/ScoutingData_2024H_TreeMakerRedone/251209_202708/0000/ScoutingTree_Output_415.root
Opened file /eos/user/a/amalhotr/ScoutingPFRun3/ScoutingData_2024H_TreeMakerRedone/251209_202708/0000/ScoutingTree_Output_415.root with 8247733 entries.
Tree opened successfully.
Total entries = 8247733

=====================================
=== Progress: 10% reached at entry 824773 ===
=====================================

=====================================
=== Progress: 20% reached at entry 1649546 ===
=====================================

=====================================
=== Progress: 30% reached at entry 2474319 ===
=====================================

=====================================
=== Progress: 40% reached at entry 3299093 ===
=====================================

=====================================
=== Progress: 50% reached at entry 4123866 ===
=====================================

=====================================
=== Progress: 60% reached at entry 4948639 ===
=====================================

=====================================
=== Progress: 70% reached at entry 5773413 ===
=====================================

=====================================
=== Progress: 80% reached at entry 6598186 ===
=====================================

=====================================
=== Progress: 90% reached at entry 7422959 ===
=====================================

Opening file: /eos/user/a/amalhotr/ScoutingPFRun3/ScoutingData_2024H_TreeMakerRedone/251209_202708/0000/ScoutingTree_Output_416.root
Opened file /eos/user/a/amalhotr/ScoutingPFRun3/ScoutingData_2024H_TreeMakerRedone/251209_202708/0000/ScoutingTree_Output_416.root with 8301689 entries.
Tree opened successfully.
Total entries = 8301689

=====================================
=== Progress: 10% reached at entry 830168 ===
=====================================

=====================================
=== Progress: 20% reached at entry 1660337 ===
=====================================

=====================================
=== Progress: 30% reached at entry 2490506 ===
=====================================

=====================================
=== Progress: 40% reached at entry 3320675 ===
=====================================

=====================================
=== Progress: 50% reached at entry 4150844 ===
=====================================

=====================================
=== Progress: 60% reached at entry 4981013 ===
=====================================

=====================================
=== Progress: 70% reached at entry 5811182 ===
=====================================

=====================================
=== Progress: 80% reached at entry 6641351 ===
=====================================

=====================================
=== Progress: 90% reached at entry 7471520 ===
=====================================

Opening file: /eos/user/a/amalhotr/ScoutingPFRun3/ScoutingData_2024H_TreeMakerRedone/251209_202708/0000/ScoutingTree_Output_417.root
Opened file /eos/user/a/amalhotr/ScoutingPFRun3/ScoutingData_2024H_TreeMakerRedone/251209_202708/0000/ScoutingTree_Output_417.root with 8219883 entries.
Tree opened successfully.
Total entries = 8219883

=====================================
=== Progress: 10% reached at entry 821988 ===
=====================================

=====================================
=== Progress: 20% reached at entry 1643976 ===
=====================================

=====================================
=== Progress: 30% reached at entry 2465964 ===
=====================================

=====================================
=== Progress: 40% reached at entry 3287953 ===
=====================================

=====================================
=== Progress: 50% reached at entry 4109941 ===
=====================================

=====================================
=== Progress: 60% reached at entry 4931929 ===
=====================================

=====================================
=== Progress: 70% reached at entry 5753918 ===
=====================================

=====================================
=== Progress: 80% reached at entry 6575906 ===
=====================================

=====================================
=== Progress: 90% reached at entry 7397894 ===
=====================================

Finished Tree2PlotsRun3 scan.
