000 (14420203.000.000) 01/26 11:38:14 Job submitted from host: <188.184.90.62:9618?addrs=188.184.90.62-9618+[2001-1458-201-e4--100-238]-9618&alias=bigbird16.cern.ch&noUDP&sock=schedd_5196_9a2f>
...
040 (14420203.000.000) 01/26 11:40:25 Started transferring input files
	Transferring to host: <188.185.208.42:9618?addrs=188.185.208.42-9618+[2001-1458-303-f--100-27]-9618&alias=b9p09p6486.cern.ch&noUDP&sock=slot1_16_5061_aea7_114143>
...
040 (14420203.000.000) 01/26 11:40:25 Finished transferring input files
...
001 (14420203.000.000) 01/26 11:40:26 Job executing on host: <188.185.208.42:9618?addrs=188.185.208.42-9618+[2001-1458-303-f--100-27]-9618&alias=b9p09p6486.cern.ch&noUDP&sock=startd_4283_5c38>
	SlotName: slot1_16@b9p09p6486.cern.ch
	CondorScratchDir = "/pool/condor/dir_3302406"
	Cpus = 1
	Disk = 3659
	GPUs = 0
	Memory = 3000
...
006 (14420203.000.000) 01/26 11:40:39 Image size of job updated: 22692
	23  -  MemoryUsage of job (MB)
	22692  -  ResidentSetSize of job (KB)
...
006 (14420203.000.000) 01/26 11:45:39 Image size of job updated: 827728
	796  -  MemoryUsage of job (MB)
	814228  -  ResidentSetSize of job (KB)
...
006 (14420203.000.000) 01/26 11:50:40 Image size of job updated: 835968
	812  -  MemoryUsage of job (MB)
	831268  -  ResidentSetSize of job (KB)
...
040 (14420203.000.000) 01/26 11:51:12 Started transferring output files
...
040 (14420203.000.000) 01/26 11:51:12 Finished transferring output files
...
005 (14420203.000.000) 01/26 11:51:12 Job terminated.
	(1) Normal termination (return value 0)
		Usr 0 00:04:45, Sys 0 00:00:04  -  Run Remote Usage
		Usr 0 00:00:00, Sys 0 00:00:00  -  Run Local Usage
		Usr 0 00:04:45, Sys 0 00:00:04  -  Total Remote Usage
		Usr 0 00:00:00, Sys 0 00:00:00  -  Total Local Usage
	13470  -  Run Bytes Sent By Job
	317  -  Run Bytes Received By Job
	13470  -  Total Bytes Sent By Job
	317  -  Total Bytes Received By Job
	Partitionable Resources :    Usage  Request Allocated 
	   Cpus                 :        0        1         1 
	   Disk (KB)            :       39        1      3659 
	   GPUs                 :                           0 
	   Memory (MB)          :      812     3000      3000 
	   TimeExecute (s)      :      646                    
	   TimeSlotBusy (s)     :      648                    

	Job terminated of its own accord at 2026-01-26T10:51:12Z with exit-code 0.
...
