/pool/condor/dir_3178557

Opening file: /eos/user/a/amalhotr/ScoutingPFRun3/ScoutingData_2024H_TreeMakerRedone/251209_202708/0000/ScoutingTree_Output_87.root
Opened file /eos/user/a/amalhotr/ScoutingPFRun3/ScoutingData_2024H_TreeMakerRedone/251209_202708/0000/ScoutingTree_Output_87.root with 8370559 entries.
Tree opened successfully.
Total entries = 8370559

=====================================
=== Progress: 10% reached at entry 837055 ===
=====================================

=====================================
=== Progress: 20% reached at entry 1674111 ===
=====================================

=====================================
=== Progress: 30% reached at entry 2511167 ===
=====================================

=====================================
=== Progress: 40% reached at entry 3348223 ===
=====================================

=====================================
=== Progress: 50% reached at entry 4185279 ===
=====================================

=====================================
=== Progress: 60% reached at entry 5022335 ===
=====================================

=====================================
=== Progress: 70% reached at entry 5859391 ===
=====================================

=====================================
=== Progress: 80% reached at entry 6696447 ===
=====================================

=====================================
=== Progress: 90% reached at entry 7533503 ===
=====================================

Opening file: /eos/user/a/amalhotr/ScoutingPFRun3/ScoutingData_2024H_TreeMakerRedone/251209_202708/0000/ScoutingTree_Output_880.root
Opened file /eos/user/a/amalhotr/ScoutingPFRun3/ScoutingData_2024H_TreeMakerRedone/251209_202708/0000/ScoutingTree_Output_880.root with 8338886 entries.
Tree opened successfully.
Total entries = 8338886

=====================================
=== Progress: 10% reached at entry 833888 ===
=====================================

=====================================
=== Progress: 20% reached at entry 1667777 ===
=====================================

=====================================
=== Progress: 30% reached at entry 2501665 ===
=====================================

=====================================
=== Progress: 40% reached at entry 3335554 ===
=====================================

=====================================
=== Progress: 50% reached at entry 4169443 ===
=====================================

=====================================
=== Progress: 60% reached at entry 5003331 ===
=====================================

=====================================
=== Progress: 70% reached at entry 5837220 ===
=====================================

=====================================
=== Progress: 80% reached at entry 6671108 ===
=====================================

=====================================
=== Progress: 90% reached at entry 7504997 ===
=====================================

Opening file: /eos/user/a/amalhotr/ScoutingPFRun3/ScoutingData_2024H_TreeMakerRedone/251209_202708/0000/ScoutingTree_Output_881.root
Opened file /eos/user/a/amalhotr/ScoutingPFRun3/ScoutingData_2024H_TreeMakerRedone/251209_202708/0000/ScoutingTree_Output_881.root with 8215452 entries.
Tree opened successfully.
Total entries = 8215452

=====================================
=== Progress: 10% reached at entry 821545 ===
=====================================

=====================================
=== Progress: 20% reached at entry 1643090 ===
=====================================

=====================================
=== Progress: 30% reached at entry 2464635 ===
=====================================

=====================================
=== Progress: 40% reached at entry 3286180 ===
=====================================

=====================================
=== Progress: 50% reached at entry 4107726 ===
=====================================

=====================================
=== Progress: 60% reached at entry 4929271 ===
=====================================

=====================================
=== Progress: 70% reached at entry 5750816 ===
=====================================

=====================================
=== Progress: 80% reached at entry 6572361 ===
=====================================

=====================================
=== Progress: 90% reached at entry 7393906 ===
=====================================

Opening file: /eos/user/a/amalhotr/ScoutingPFRun3/ScoutingData_2024H_TreeMakerRedone/251209_202708/0000/ScoutingTree_Output_882.root
Opened file /eos/user/a/amalhotr/ScoutingPFRun3/ScoutingData_2024H_TreeMakerRedone/251209_202708/0000/ScoutingTree_Output_882.root with 8181752 entries.
Tree opened successfully.
Total entries = 8181752

=====================================
=== Progress: 10% reached at entry 818175 ===
=====================================

=====================================
=== Progress: 20% reached at entry 1636350 ===
=====================================

=====================================
=== Progress: 30% reached at entry 2454525 ===
=====================================

=====================================
=== Progress: 40% reached at entry 3272700 ===
=====================================

=====================================
=== Progress: 50% reached at entry 4090876 ===
=====================================

=====================================
=== Progress: 60% reached at entry 4909051 ===
=====================================

=====================================
=== Progress: 70% reached at entry 5727226 ===
=====================================

=====================================
=== Progress: 80% reached at entry 6545401 ===
=====================================

=====================================
=== Progress: 90% reached at entry 7363576 ===
=====================================

Finished Tree2PlotsRun3 scan.
