/pool/condor/dir_2318240

Opening file: /eos/user/a/amalhotr/ScoutingPFRun3/ScoutingData_2024H_TreeMakerRedone/251209_202708/0000/ScoutingTree_Output_111.root
Opened file /eos/user/a/amalhotr/ScoutingPFRun3/ScoutingData_2024H_TreeMakerRedone/251209_202708/0000/ScoutingTree_Output_111.root with 8381081 entries.
Tree opened successfully.
Total entries = 8381081

=====================================
=== Progress: 10% reached at entry 838108 ===
=====================================

=====================================
=== Progress: 20% reached at entry 1676216 ===
=====================================

=====================================
=== Progress: 30% reached at entry 2514324 ===
=====================================

=====================================
=== Progress: 40% reached at entry 3352432 ===
=====================================

=====================================
=== Progress: 50% reached at entry 4190540 ===
=====================================

=====================================
=== Progress: 60% reached at entry 5028648 ===
=====================================

=====================================
=== Progress: 70% reached at entry 5866756 ===
=====================================

=====================================
=== Progress: 80% reached at entry 6704864 ===
=====================================

=====================================
=== Progress: 90% reached at entry 7542972 ===
=====================================

Opening file: /eos/user/a/amalhotr/ScoutingPFRun3/ScoutingData_2024H_TreeMakerRedone/251209_202708/0000/ScoutingTree_Output_112.root
Opened file /eos/user/a/amalhotr/ScoutingPFRun3/ScoutingData_2024H_TreeMakerRedone/251209_202708/0000/ScoutingTree_Output_112.root with 7813442 entries.
Tree opened successfully.
Total entries = 7813442

=====================================
=== Progress: 10% reached at entry 781344 ===
=====================================

=====================================
=== Progress: 20% reached at entry 1562688 ===
=====================================

=====================================
=== Progress: 30% reached at entry 2344032 ===
=====================================

=====================================
=== Progress: 40% reached at entry 3125376 ===
=====================================

=====================================
=== Progress: 50% reached at entry 3906721 ===
=====================================

=====================================
=== Progress: 60% reached at entry 4688065 ===
=====================================

=====================================
=== Progress: 70% reached at entry 5469409 ===
=====================================

=====================================
=== Progress: 80% reached at entry 6250753 ===
=====================================

=====================================
=== Progress: 90% reached at entry 7032097 ===
=====================================

Opening file: /eos/user/a/amalhotr/ScoutingPFRun3/ScoutingData_2024H_TreeMakerRedone/251209_202708/0000/ScoutingTree_Output_113.root
Opened file /eos/user/a/amalhotr/ScoutingPFRun3/ScoutingData_2024H_TreeMakerRedone/251209_202708/0000/ScoutingTree_Output_113.root with 8345650 entries.
Tree opened successfully.
Total entries = 8345650

=====================================
=== Progress: 10% reached at entry 834565 ===
=====================================

=====================================
=== Progress: 20% reached at entry 1669130 ===
=====================================

=====================================
=== Progress: 30% reached at entry 2503695 ===
=====================================

=====================================
=== Progress: 40% reached at entry 3338260 ===
=====================================

=====================================
=== Progress: 50% reached at entry 4172825 ===
=====================================

=====================================
=== Progress: 60% reached at entry 5007390 ===
=====================================

=====================================
=== Progress: 70% reached at entry 5841955 ===
=====================================

=====================================
=== Progress: 80% reached at entry 6676520 ===
=====================================

=====================================
=== Progress: 90% reached at entry 7511085 ===
=====================================

Opening file: /eos/user/a/amalhotr/ScoutingPFRun3/ScoutingData_2024H_TreeMakerRedone/251209_202708/0000/ScoutingTree_Output_114.root
Opened file /eos/user/a/amalhotr/ScoutingPFRun3/ScoutingData_2024H_TreeMakerRedone/251209_202708/0000/ScoutingTree_Output_114.root with 8358830 entries.
Tree opened successfully.
Total entries = 8358830

=====================================
=== Progress: 10% reached at entry 835883 ===
=====================================

=====================================
=== Progress: 20% reached at entry 1671766 ===
=====================================

=====================================
=== Progress: 30% reached at entry 2507649 ===
=====================================

=====================================
=== Progress: 40% reached at entry 3343532 ===
=====================================

=====================================
=== Progress: 50% reached at entry 4179415 ===
=====================================

=====================================
=== Progress: 60% reached at entry 5015298 ===
=====================================

=====================================
=== Progress: 70% reached at entry 5851181 ===
=====================================

=====================================
=== Progress: 80% reached at entry 6687064 ===
=====================================

=====================================
=== Progress: 90% reached at entry 7522947 ===
=====================================

Finished Tree2PlotsRun3 scan.
