/pool/condor/dir_1829270

Opening file: /eos/user/a/amalhotr/ScoutingPFRun3/ScoutingData_2024H_TreeMakerRedone/251209_202708/0000/ScoutingTree_Output_133.root
Opened file /eos/user/a/amalhotr/ScoutingPFRun3/ScoutingData_2024H_TreeMakerRedone/251209_202708/0000/ScoutingTree_Output_133.root with 8346246 entries.
Tree opened successfully.
Total entries = 8346246

=====================================
=== Progress: 10% reached at entry 834624 ===
=====================================

=====================================
=== Progress: 20% reached at entry 1669249 ===
=====================================

=====================================
=== Progress: 30% reached at entry 2503873 ===
=====================================

=====================================
=== Progress: 40% reached at entry 3338498 ===
=====================================

=====================================
=== Progress: 50% reached at entry 4173123 ===
=====================================

=====================================
=== Progress: 60% reached at entry 5007747 ===
=====================================

=====================================
=== Progress: 70% reached at entry 5842372 ===
=====================================

=====================================
=== Progress: 80% reached at entry 6676996 ===
=====================================

=====================================
=== Progress: 90% reached at entry 7511621 ===
=====================================

Opening file: /eos/user/a/amalhotr/ScoutingPFRun3/ScoutingData_2024H_TreeMakerRedone/251209_202708/0000/ScoutingTree_Output_134.root
Opened file /eos/user/a/amalhotr/ScoutingPFRun3/ScoutingData_2024H_TreeMakerRedone/251209_202708/0000/ScoutingTree_Output_134.root with 8388533 entries.
Tree opened successfully.
Total entries = 8388533

=====================================
=== Progress: 10% reached at entry 838853 ===
=====================================

=====================================
=== Progress: 20% reached at entry 1677706 ===
=====================================

=====================================
=== Progress: 30% reached at entry 2516559 ===
=====================================

=====================================
=== Progress: 40% reached at entry 3355413 ===
=====================================

=====================================
=== Progress: 50% reached at entry 4194266 ===
=====================================

=====================================
=== Progress: 60% reached at entry 5033119 ===
=====================================

=====================================
=== Progress: 70% reached at entry 5871973 ===
=====================================

=====================================
=== Progress: 80% reached at entry 6710826 ===
=====================================

=====================================
=== Progress: 90% reached at entry 7549679 ===
=====================================

Opening file: /eos/user/a/amalhotr/ScoutingPFRun3/ScoutingData_2024H_TreeMakerRedone/251209_202708/0000/ScoutingTree_Output_135.root
Opened file /eos/user/a/amalhotr/ScoutingPFRun3/ScoutingData_2024H_TreeMakerRedone/251209_202708/0000/ScoutingTree_Output_135.root with 8382432 entries.
Tree opened successfully.
Total entries = 8382432

=====================================
=== Progress: 10% reached at entry 838243 ===
=====================================

=====================================
=== Progress: 20% reached at entry 1676486 ===
=====================================

=====================================
=== Progress: 30% reached at entry 2514729 ===
=====================================

=====================================
=== Progress: 40% reached at entry 3352972 ===
=====================================

=====================================
=== Progress: 50% reached at entry 4191216 ===
=====================================

=====================================
=== Progress: 60% reached at entry 5029459 ===
=====================================

=====================================
=== Progress: 70% reached at entry 5867702 ===
=====================================

=====================================
=== Progress: 80% reached at entry 6705945 ===
=====================================

=====================================
=== Progress: 90% reached at entry 7544188 ===
=====================================

Opening file: /eos/user/a/amalhotr/ScoutingPFRun3/ScoutingData_2024H_TreeMakerRedone/251209_202708/0000/ScoutingTree_Output_136.root
Opened file /eos/user/a/amalhotr/ScoutingPFRun3/ScoutingData_2024H_TreeMakerRedone/251209_202708/0000/ScoutingTree_Output_136.root with 8337518 entries.
Tree opened successfully.
Total entries = 8337518

=====================================
=== Progress: 10% reached at entry 833751 ===
=====================================

=====================================
=== Progress: 20% reached at entry 1667503 ===
=====================================

=====================================
=== Progress: 30% reached at entry 2501255 ===
=====================================

=====================================
=== Progress: 40% reached at entry 3335007 ===
=====================================

=====================================
=== Progress: 50% reached at entry 4168759 ===
=====================================

=====================================
=== Progress: 60% reached at entry 5002510 ===
=====================================

=====================================
=== Progress: 70% reached at entry 5836262 ===
=====================================

=====================================
=== Progress: 80% reached at entry 6670014 ===
=====================================

=====================================
=== Progress: 90% reached at entry 7503766 ===
=====================================

Finished Tree2PlotsRun3 scan.
