/pool/condor/dir_733539

Opening file: /eos/user/a/amalhotr/ScoutingPFRun3/ScoutingData_2024H_TreeMakerRedone/251209_202708/0000/ScoutingTree_Output_876.root
Opened file /eos/user/a/amalhotr/ScoutingPFRun3/ScoutingData_2024H_TreeMakerRedone/251209_202708/0000/ScoutingTree_Output_876.root with 7929748 entries.
Tree opened successfully.
Total entries = 7929748

=====================================
=== Progress: 10% reached at entry 792974 ===
=====================================

=====================================
=== Progress: 20% reached at entry 1585949 ===
=====================================

=====================================
=== Progress: 30% reached at entry 2378924 ===
=====================================

=====================================
=== Progress: 40% reached at entry 3171899 ===
=====================================

=====================================
=== Progress: 50% reached at entry 3964874 ===
=====================================

=====================================
=== Progress: 60% reached at entry 4757848 ===
=====================================

=====================================
=== Progress: 70% reached at entry 5550823 ===
=====================================

=====================================
=== Progress: 80% reached at entry 6343798 ===
=====================================

=====================================
=== Progress: 90% reached at entry 7136773 ===
=====================================

Opening file: /eos/user/a/amalhotr/ScoutingPFRun3/ScoutingData_2024H_TreeMakerRedone/251209_202708/0000/ScoutingTree_Output_877.root
Opened file /eos/user/a/amalhotr/ScoutingPFRun3/ScoutingData_2024H_TreeMakerRedone/251209_202708/0000/ScoutingTree_Output_877.root with 7571084 entries.
Tree opened successfully.
Total entries = 7571084

=====================================
=== Progress: 10% reached at entry 757108 ===
=====================================

=====================================
=== Progress: 20% reached at entry 1514216 ===
=====================================

=====================================
=== Progress: 30% reached at entry 2271325 ===
=====================================

=====================================
=== Progress: 40% reached at entry 3028433 ===
=====================================

=====================================
=== Progress: 50% reached at entry 3785542 ===
=====================================

=====================================
=== Progress: 60% reached at entry 4542650 ===
=====================================

=====================================
=== Progress: 70% reached at entry 5299758 ===
=====================================

=====================================
=== Progress: 80% reached at entry 6056867 ===
=====================================

=====================================
=== Progress: 90% reached at entry 6813975 ===
=====================================

Opening file: /eos/user/a/amalhotr/ScoutingPFRun3/ScoutingData_2024H_TreeMakerRedone/251209_202708/0000/ScoutingTree_Output_878.root
Opened file /eos/user/a/amalhotr/ScoutingPFRun3/ScoutingData_2024H_TreeMakerRedone/251209_202708/0000/ScoutingTree_Output_878.root with 7767246 entries.
Tree opened successfully.
Total entries = 7767246

=====================================
=== Progress: 10% reached at entry 776724 ===
=====================================

=====================================
=== Progress: 20% reached at entry 1553449 ===
=====================================

=====================================
=== Progress: 30% reached at entry 2330173 ===
=====================================

=====================================
=== Progress: 40% reached at entry 3106898 ===
=====================================

=====================================
=== Progress: 50% reached at entry 3883623 ===
=====================================

=====================================
=== Progress: 60% reached at entry 4660347 ===
=====================================

=====================================
=== Progress: 70% reached at entry 5437072 ===
=====================================

=====================================
=== Progress: 80% reached at entry 6213796 ===
=====================================

=====================================
=== Progress: 90% reached at entry 6990521 ===
=====================================

Opening file: /eos/user/a/amalhotr/ScoutingPFRun3/ScoutingData_2024H_TreeMakerRedone/251209_202708/0000/ScoutingTree_Output_879.root
Opened file /eos/user/a/amalhotr/ScoutingPFRun3/ScoutingData_2024H_TreeMakerRedone/251209_202708/0000/ScoutingTree_Output_879.root with 8319619 entries.
Tree opened successfully.
Total entries = 8319619

=====================================
=== Progress: 10% reached at entry 831961 ===
=====================================

=====================================
=== Progress: 20% reached at entry 1663923 ===
=====================================

=====================================
=== Progress: 30% reached at entry 2495885 ===
=====================================

=====================================
=== Progress: 40% reached at entry 3327847 ===
=====================================

=====================================
=== Progress: 50% reached at entry 4159809 ===
=====================================

=====================================
=== Progress: 60% reached at entry 4991771 ===
=====================================

=====================================
=== Progress: 70% reached at entry 5823733 ===
=====================================

=====================================
=== Progress: 80% reached at entry 6655695 ===
=====================================

=====================================
=== Progress: 90% reached at entry 7487657 ===
=====================================

Finished Tree2PlotsRun3 scan.
