000 (14418836.000.000) 01/26 10:30:00 Job submitted from host: <188.184.90.62:9618?addrs=188.184.90.62-9618+[2001-1458-201-e4--100-238]-9618&alias=bigbird16.cern.ch&noUDP&sock=schedd_5196_9a2f>
...
040 (14418836.000.000) 01/26 10:31:54 Started transferring input files
	Transferring to host: <188.185.213.153:9618?addrs=188.185.213.153-9618+[2001-1458-303-1b--100-15]-9618&alias=b9p28p8772.cern.ch&noUDP&sock=slot1_24_5437_9bb6_162408>
...
040 (14418836.000.000) 01/26 10:31:54 Finished transferring input files
...
001 (14418836.000.000) 01/26 10:31:55 Job executing on host: <188.185.213.153:9618?addrs=188.185.213.153-9618+[2001-1458-303-1b--100-15]-9618&alias=b9p28p8772.cern.ch&noUDP&sock=startd_4413_8787>
	SlotName: slot1_24@b9p28p8772.cern.ch
	CondorScratchDir = "/pool/condor/dir_716453"
	Cpus = 1
	Disk = 3766
	GPUs = 0
	Memory = 3000
...
006 (14418836.000.000) 01/26 10:32:08 Image size of job updated: 560888
	548  -  MemoryUsage of job (MB)
	560888  -  ResidentSetSize of job (KB)
...
006 (14418836.000.000) 01/26 10:37:08 Image size of job updated: 844012
	815  -  MemoryUsage of job (MB)
	834392  -  ResidentSetSize of job (KB)
...
006 (14418836.000.000) 01/26 10:38:24 Image size of job updated: 854316
	815  -  MemoryUsage of job (MB)
	834392  -  ResidentSetSize of job (KB)
...
040 (14418836.000.000) 01/26 10:38:24 Started transferring output files
...
040 (14418836.000.000) 01/26 10:38:24 Finished transferring output files
...
005 (14418836.000.000) 01/26 10:38:24 Job terminated.
	(1) Normal termination (return value 0)
		Usr 0 00:04:52, Sys 0 00:00:11  -  Run Remote Usage
		Usr 0 00:00:00, Sys 0 00:00:00  -  Run Local Usage
		Usr 0 00:04:52, Sys 0 00:00:11  -  Total Remote Usage
		Usr 0 00:00:00, Sys 0 00:00:00  -  Total Local Usage
	12867  -  Run Bytes Sent By Job
	317  -  Run Bytes Received By Job
	12867  -  Total Bytes Sent By Job
	317  -  Total Bytes Received By Job
	Partitionable Resources :    Usage  Request Allocated 
	   Cpus                 :     0.88        1         1 
	   Disk (KB)            :    36           1      3766 
	   GPUs                 :                           0 
	   Memory (MB)          :   815        3000      3000 
	   TimeExecute (s)      :   389                       
	   TimeSlotBusy (s)     :   391                       

	Job terminated of its own accord at 2026-01-26T09:38:24Z with exit-code 0.
...
