000 (14418779.000.000) 01/26 10:11:25 Job submitted from host: <188.184.90.62:9618?addrs=188.184.90.62-9618+[2001-1458-201-e4--100-238]-9618&alias=bigbird16.cern.ch&noUDP&sock=schedd_5196_9a2f>
...
040 (14418779.000.000) 01/26 10:14:03 Started transferring input files
	Transferring to host: <188.185.193.131:9618?addrs=188.185.193.131-9618+[2001-1458-303-20--100-7f]-9618&alias=b9p19p0714.cern.ch&noUDP&sock=slot1_9_3237720_6346_48812>
...
040 (14418779.000.000) 01/26 10:14:03 Finished transferring input files
...
001 (14418779.000.000) 01/26 10:14:04 Job executing on host: <188.185.193.131:9618?addrs=188.185.193.131-9618+[2001-1458-303-20--100-7f]-9618&alias=b9p19p0714.cern.ch&noUDP&sock=startd_3234128_621c>
	SlotName: slot1_9@b9p19p0714.cern.ch
	CondorScratchDir = "/pool/condor/dir_2013565"
	Cpus = 1
	Disk = 3792
	GPUs = 0
	Memory = 3000
...
006 (14418779.000.000) 01/26 10:14:18 Image size of job updated: 132320
	130  -  MemoryUsage of job (MB)
	132320  -  ResidentSetSize of job (KB)
...
006 (14418779.000.000) 01/26 10:19:18 Image size of job updated: 825532
	771  -  MemoryUsage of job (MB)
	788884  -  ResidentSetSize of job (KB)
...
006 (14418779.000.000) 01/26 10:21:36 Image size of job updated: 831076
	771  -  MemoryUsage of job (MB)
	788884  -  ResidentSetSize of job (KB)
...
040 (14418779.000.000) 01/26 10:21:36 Started transferring output files
...
040 (14418779.000.000) 01/26 10:21:36 Finished transferring output files
...
005 (14418779.000.000) 01/26 10:21:36 Job terminated.
	(1) Normal termination (return value 0)
		Usr 0 00:05:55, Sys 0 00:00:08  -  Run Remote Usage
		Usr 0 00:00:00, Sys 0 00:00:00  -  Run Local Usage
		Usr 0 00:05:55, Sys 0 00:00:08  -  Total Remote Usage
		Usr 0 00:00:00, Sys 0 00:00:00  -  Total Local Usage
	13014  -  Run Bytes Sent By Job
	317  -  Run Bytes Received By Job
	13014  -  Total Bytes Sent By Job
	317  -  Total Bytes Received By Job
	Partitionable Resources :    Usage  Request Allocated 
	   Cpus                 :        0        1         1 
	   Disk (KB)            :       36        1      3792 
	   GPUs                 :                           0 
	   Memory (MB)          :      771     3000      3000 
	   TimeExecute (s)      :      452                    
	   TimeSlotBusy (s)     :      454                    

	Job terminated of its own accord at 2026-01-26T09:21:36Z with exit-code 0.
...
