000 (14419448.000.000) 01/26 11:03:26 Job submitted from host: <188.184.90.62:9618?addrs=188.184.90.62-9618+[2001-1458-201-e4--100-238]-9618&alias=bigbird16.cern.ch&noUDP&sock=schedd_5196_9a2f>
...
040 (14419448.000.000) 01/26 11:05:15 Started transferring input files
	Transferring to host: <188.185.194.111:9618?addrs=188.185.194.111-9618+[2001-1458-303-21--100-6b]-9618&alias=b9p20p3458.cern.ch&noUDP&sock=slot1_4_1089801_2475_121244>
...
040 (14419448.000.000) 01/26 11:05:15 Finished transferring input files
...
001 (14419448.000.000) 01/26 11:05:16 Job executing on host: <188.185.194.111:9618?addrs=188.185.194.111-9618+[2001-1458-303-21--100-6b]-9618&alias=b9p20p3458.cern.ch&noUDP&sock=startd_7872_1d9f>
	SlotName: slot1_4@b9p20p3458.cern.ch
	CondorScratchDir = "/pool/condor/dir_2427484"
	Cpus = 1
	Disk = 3935
	GPUs = 0
	Memory = 3000
...
006 (14419448.000.000) 01/26 11:05:30 Image size of job updated: 29548
	29  -  MemoryUsage of job (MB)
	29548  -  ResidentSetSize of job (KB)
...
006 (14419448.000.000) 01/26 11:10:31 Image size of job updated: 798076
	591  -  MemoryUsage of job (MB)
	604848  -  ResidentSetSize of job (KB)
...
040 (14419448.000.000) 01/26 11:14:29 Started transferring output files
...
040 (14419448.000.000) 01/26 11:14:29 Finished transferring output files
...
005 (14419448.000.000) 01/26 11:14:29 Job terminated.
	(1) Normal termination (return value 0)
		Usr 0 00:06:37, Sys 0 00:00:10  -  Run Remote Usage
		Usr 0 00:00:00, Sys 0 00:00:00  -  Run Local Usage
		Usr 0 00:06:37, Sys 0 00:00:10  -  Total Remote Usage
		Usr 0 00:00:00, Sys 0 00:00:00  -  Total Local Usage
	13166  -  Run Bytes Sent By Job
	317  -  Run Bytes Received By Job
	13166  -  Total Bytes Sent By Job
	317  -  Total Bytes Received By Job
	Partitionable Resources :    Usage  Request Allocated 
	   Cpus                 :     0.71        1         1 
	   Disk (KB)            :    36           1      3935 
	   GPUs                 :                           0 
	   Memory (MB)          :   591        3000      3000 
	   TimeExecute (s)      :   552                       
	   TimeSlotBusy (s)     :   555                       

	Job terminated of its own accord at 2026-01-26T10:14:28Z with exit-code 0.
...
