/pool/condor/dir_2747479

Opening file: /eos/user/a/amalhotr/ScoutingPFRun3/ScoutingData_2024H_TreeMakerRedone/251209_202708/0000/ScoutingTree_Output_375.root
Opened file /eos/user/a/amalhotr/ScoutingPFRun3/ScoutingData_2024H_TreeMakerRedone/251209_202708/0000/ScoutingTree_Output_375.root with 7737412 entries.
Tree opened successfully.
Total entries = 7737412

=====================================
=== Progress: 10% reached at entry 773741 ===
=====================================

=====================================
=== Progress: 20% reached at entry 1547482 ===
=====================================

=====================================
=== Progress: 30% reached at entry 2321223 ===
=====================================

=====================================
=== Progress: 40% reached at entry 3094964 ===
=====================================

=====================================
=== Progress: 50% reached at entry 3868706 ===
=====================================

=====================================
=== Progress: 60% reached at entry 4642447 ===
=====================================

=====================================
=== Progress: 70% reached at entry 5416188 ===
=====================================

=====================================
=== Progress: 80% reached at entry 6189929 ===
=====================================

=====================================
=== Progress: 90% reached at entry 6963670 ===
=====================================

Opening file: /eos/user/a/amalhotr/ScoutingPFRun3/ScoutingData_2024H_TreeMakerRedone/251209_202708/0000/ScoutingTree_Output_376.root
Opened file /eos/user/a/amalhotr/ScoutingPFRun3/ScoutingData_2024H_TreeMakerRedone/251209_202708/0000/ScoutingTree_Output_376.root with 8188865 entries.
Tree opened successfully.
Total entries = 8188865

=====================================
=== Progress: 10% reached at entry 818886 ===
=====================================

=====================================
=== Progress: 20% reached at entry 1637773 ===
=====================================

=====================================
=== Progress: 30% reached at entry 2456659 ===
=====================================

=====================================
=== Progress: 40% reached at entry 3275546 ===
=====================================

=====================================
=== Progress: 50% reached at entry 4094432 ===
=====================================

=====================================
=== Progress: 60% reached at entry 4913319 ===
=====================================

=====================================
=== Progress: 70% reached at entry 5732205 ===
=====================================

=====================================
=== Progress: 80% reached at entry 6551092 ===
=====================================

=====================================
=== Progress: 90% reached at entry 7369978 ===
=====================================

Opening file: /eos/user/a/amalhotr/ScoutingPFRun3/ScoutingData_2024H_TreeMakerRedone/251209_202708/0000/ScoutingTree_Output_377.root
Opened file /eos/user/a/amalhotr/ScoutingPFRun3/ScoutingData_2024H_TreeMakerRedone/251209_202708/0000/ScoutingTree_Output_377.root with 8412972 entries.
Tree opened successfully.
Total entries = 8412972

=====================================
=== Progress: 10% reached at entry 841297 ===
=====================================

=====================================
=== Progress: 20% reached at entry 1682594 ===
=====================================

=====================================
=== Progress: 30% reached at entry 2523891 ===
=====================================

=====================================
=== Progress: 40% reached at entry 3365188 ===
=====================================

=====================================
=== Progress: 50% reached at entry 4206486 ===
=====================================

=====================================
=== Progress: 60% reached at entry 5047783 ===
=====================================

=====================================
=== Progress: 70% reached at entry 5889080 ===
=====================================

=====================================
=== Progress: 80% reached at entry 6730377 ===
=====================================

=====================================
=== Progress: 90% reached at entry 7571674 ===
=====================================

Opening file: /eos/user/a/amalhotr/ScoutingPFRun3/ScoutingData_2024H_TreeMakerRedone/251209_202708/0000/ScoutingTree_Output_378.root
Opened file /eos/user/a/amalhotr/ScoutingPFRun3/ScoutingData_2024H_TreeMakerRedone/251209_202708/0000/ScoutingTree_Output_378.root with 7814695 entries.
Tree opened successfully.
Total entries = 7814695

=====================================
=== Progress: 10% reached at entry 781469 ===
=====================================

=====================================
=== Progress: 20% reached at entry 1562939 ===
=====================================

=====================================
=== Progress: 30% reached at entry 2344408 ===
=====================================

=====================================
=== Progress: 40% reached at entry 3125878 ===
=====================================

=====================================
=== Progress: 50% reached at entry 3907347 ===
=====================================

=====================================
=== Progress: 60% reached at entry 4688817 ===
=====================================

=====================================
=== Progress: 70% reached at entry 5470286 ===
=====================================

=====================================
=== Progress: 80% reached at entry 6251756 ===
=====================================

=====================================
=== Progress: 90% reached at entry 7033225 ===
=====================================

Finished Tree2PlotsRun3 scan.
