/pool/condor/dir_1593271

Opening file: /eos/user/a/amalhotr/ScoutingPFRun3/ScoutingData_2024H_TreeMakerRedone/251209_202708/0000/ScoutingTree_Output_883.root
Opened file /eos/user/a/amalhotr/ScoutingPFRun3/ScoutingData_2024H_TreeMakerRedone/251209_202708/0000/ScoutingTree_Output_883.root with 8074438 entries.
Tree opened successfully.
Total entries = 8074438

=====================================
=== Progress: 10% reached at entry 807443 ===
=====================================

=====================================
=== Progress: 20% reached at entry 1614887 ===
=====================================

=====================================
=== Progress: 30% reached at entry 2422331 ===
=====================================

=====================================
=== Progress: 40% reached at entry 3229775 ===
=====================================

=====================================
=== Progress: 50% reached at entry 4037219 ===
=====================================

=====================================
=== Progress: 60% reached at entry 4844662 ===
=====================================

=====================================
=== Progress: 70% reached at entry 5652106 ===
=====================================

=====================================
=== Progress: 80% reached at entry 6459550 ===
=====================================

=====================================
=== Progress: 90% reached at entry 7266994 ===
=====================================

Opening file: /eos/user/a/amalhotr/ScoutingPFRun3/ScoutingData_2024H_TreeMakerRedone/251209_202708/0000/ScoutingTree_Output_884.root
Opened file /eos/user/a/amalhotr/ScoutingPFRun3/ScoutingData_2024H_TreeMakerRedone/251209_202708/0000/ScoutingTree_Output_884.root with 7685737 entries.
Tree opened successfully.
Total entries = 7685737

=====================================
=== Progress: 10% reached at entry 768573 ===
=====================================

=====================================
=== Progress: 20% reached at entry 1537147 ===
=====================================

=====================================
=== Progress: 30% reached at entry 2305721 ===
=====================================

=====================================
=== Progress: 40% reached at entry 3074294 ===
=====================================

=====================================
=== Progress: 50% reached at entry 3842868 ===
=====================================

=====================================
=== Progress: 60% reached at entry 4611442 ===
=====================================

=====================================
=== Progress: 70% reached at entry 5380015 ===
=====================================

=====================================
=== Progress: 80% reached at entry 6148589 ===
=====================================

=====================================
=== Progress: 90% reached at entry 6917163 ===
=====================================

Opening file: /eos/user/a/amalhotr/ScoutingPFRun3/ScoutingData_2024H_TreeMakerRedone/251209_202708/0000/ScoutingTree_Output_885.root
Opened file /eos/user/a/amalhotr/ScoutingPFRun3/ScoutingData_2024H_TreeMakerRedone/251209_202708/0000/ScoutingTree_Output_885.root with 7627302 entries.
Tree opened successfully.
Total entries = 7627302

=====================================
=== Progress: 10% reached at entry 762730 ===
=====================================

=====================================
=== Progress: 20% reached at entry 1525460 ===
=====================================

=====================================
=== Progress: 30% reached at entry 2288190 ===
=====================================

=====================================
=== Progress: 40% reached at entry 3050920 ===
=====================================

=====================================
=== Progress: 50% reached at entry 3813651 ===
=====================================

=====================================
=== Progress: 60% reached at entry 4576381 ===
=====================================

=====================================
=== Progress: 70% reached at entry 5339111 ===
=====================================

=====================================
=== Progress: 80% reached at entry 6101841 ===
=====================================

=====================================
=== Progress: 90% reached at entry 6864571 ===
=====================================

Opening file: /eos/user/a/amalhotr/ScoutingPFRun3/ScoutingData_2024H_TreeMakerRedone/251209_202708/0000/ScoutingTree_Output_886.root
Opened file /eos/user/a/amalhotr/ScoutingPFRun3/ScoutingData_2024H_TreeMakerRedone/251209_202708/0000/ScoutingTree_Output_886.root with 8196707 entries.
Tree opened successfully.
Total entries = 8196707

=====================================
=== Progress: 10% reached at entry 819670 ===
=====================================

=====================================
=== Progress: 20% reached at entry 1639341 ===
=====================================

=====================================
=== Progress: 30% reached at entry 2459012 ===
=====================================

=====================================
=== Progress: 40% reached at entry 3278682 ===
=====================================

=====================================
=== Progress: 50% reached at entry 4098353 ===
=====================================

=====================================
=== Progress: 60% reached at entry 4918024 ===
=====================================

=====================================
=== Progress: 70% reached at entry 5737694 ===
=====================================

=====================================
=== Progress: 80% reached at entry 6557365 ===
=====================================

=====================================
=== Progress: 90% reached at entry 7377036 ===
=====================================

Finished Tree2PlotsRun3 scan.
