000 (14420080.000.000) 01/26 11:29:47 Job submitted from host: <188.184.90.62:9618?addrs=188.184.90.62-9618+[2001-1458-201-e4--100-238]-9618&alias=bigbird16.cern.ch&noUDP&sock=schedd_5196_9a2f>
...
040 (14420080.000.000) 01/26 11:30:13 Started transferring input files
	Transferring to host: <188.185.213.228:9618?addrs=188.185.213.228-9618+[2001-1458-303-1b--100-60]-9618&alias=b9p28p4003.cern.ch&noUDP&sock=slot1_12_9379_1a96_164338>
...
040 (14420080.000.000) 01/26 11:30:13 Finished transferring input files
...
001 (14420080.000.000) 01/26 11:30:14 Job executing on host: <188.185.213.228:9618?addrs=188.185.213.228-9618+[2001-1458-303-1b--100-60]-9618&alias=b9p28p4003.cern.ch&noUDP&sock=startd_8694_f078>
	SlotName: slot1_12@b9p28p4003.cern.ch
	CondorScratchDir = "/pool/condor/dir_159910"
	Cpus = 1
	Disk = 3815
	GPUs = 0
	Memory = 3000
...
006 (14420080.000.000) 01/26 11:30:27 Image size of job updated: 649492
	635  -  MemoryUsage of job (MB)
	649492  -  ResidentSetSize of job (KB)
...
006 (14420080.000.000) 01/26 11:34:45 Image size of job updated: 850196
	635  -  MemoryUsage of job (MB)
	649492  -  ResidentSetSize of job (KB)
...
040 (14420080.000.000) 01/26 11:34:45 Started transferring output files
...
040 (14420080.000.000) 01/26 11:34:45 Finished transferring output files
...
005 (14420080.000.000) 01/26 11:34:45 Job terminated.
	(1) Normal termination (return value 0)
		Usr 0 00:02:56, Sys 0 00:00:07  -  Run Remote Usage
		Usr 0 00:00:00, Sys 0 00:00:00  -  Run Local Usage
		Usr 0 00:02:56, Sys 0 00:00:07  -  Total Remote Usage
		Usr 0 00:00:00, Sys 0 00:00:00  -  Total Local Usage
	12852  -  Run Bytes Sent By Job
	317  -  Run Bytes Received By Job
	12852  -  Total Bytes Sent By Job
	317  -  Total Bytes Received By Job
	Partitionable Resources :    Usage  Request Allocated 
	   Cpus                 :     0.80        1         1 
	   Disk (KB)            :    36           1      3815 
	   GPUs                 :                           0 
	   Memory (MB)          :   635        3000      3000 
	   TimeExecute (s)      :   271                       
	   TimeSlotBusy (s)     :   273                       

	Job terminated of its own accord at 2026-01-26T10:34:45Z with exit-code 0.
...
