000 (14418812.000.000) 01/26 10:23:25 Job submitted from host: <188.184.90.62:9618?addrs=188.184.90.62-9618+[2001-1458-201-e4--100-238]-9618&alias=bigbird16.cern.ch&noUDP&sock=schedd_5196_9a2f>
...
040 (14418812.000.000) 01/26 10:28:03 Started transferring input files
	Transferring to host: <128.142.132.64:9618?addrs=128.142.132.64-9618+[2001-1458-301-5a--100-34]-9618&alias=b9g12p9766.cern.ch&noUDP&sock=slot1_17_2715_b687_125659>
...
040 (14418812.000.000) 01/26 10:28:03 Finished transferring input files
...
001 (14418812.000.000) 01/26 10:28:05 Job executing on host: <128.142.132.64:9618?addrs=128.142.132.64-9618+[2001-1458-301-5a--100-34]-9618&alias=b9g12p9766.cern.ch&noUDP&sock=startd_2348_1c76>
	SlotName: slot1_17@b9g12p9766.cern.ch
	CondorScratchDir = "/pool/condor/dir_1244277"
	Cpus = 1
	Disk = 2690
	GPUs = 0
	Memory = 3000
...
006 (14418812.000.000) 01/26 10:28:18 Image size of job updated: 148764
	146  -  MemoryUsage of job (MB)
	148764  -  ResidentSetSize of job (KB)
...
006 (14418812.000.000) 01/26 10:33:18 Image size of job updated: 849252
	823  -  MemoryUsage of job (MB)
	841832  -  ResidentSetSize of job (KB)
...
040 (14418812.000.000) 01/26 10:34:25 Started transferring output files
...
040 (14418812.000.000) 01/26 10:34:25 Finished transferring output files
...
005 (14418812.000.000) 01/26 10:34:25 Job terminated.
	(1) Normal termination (return value 0)
		Usr 0 00:05:14, Sys 0 00:00:07  -  Run Remote Usage
		Usr 0 00:00:00, Sys 0 00:00:00  -  Run Local Usage
		Usr 0 00:05:14, Sys 0 00:00:07  -  Total Remote Usage
		Usr 0 00:00:00, Sys 0 00:00:00  -  Total Local Usage
	12857  -  Run Bytes Sent By Job
	317  -  Run Bytes Received By Job
	12857  -  Total Bytes Sent By Job
	317  -  Total Bytes Received By Job
	Partitionable Resources :    Usage  Request Allocated 
	   Cpus                 :        0        1         1 
	   Disk (KB)            :       36        1      2690 
	   GPUs                 :                           0 
	   Memory (MB)          :      823     3000      3000 
	   TimeExecute (s)      :      380                    
	   TimeSlotBusy (s)     :      383                    

	Job terminated of its own accord at 2026-01-26T09:34:25Z with exit-code 0.
...
