/pool/condor/dir_3544907

Opening file: /eos/user/a/amalhotr/ScoutingPFRun3/ScoutingData_2024H_TreeMakerRedone/251209_202708/0000/ScoutingTree_Output_810.root
Opened file /eos/user/a/amalhotr/ScoutingPFRun3/ScoutingData_2024H_TreeMakerRedone/251209_202708/0000/ScoutingTree_Output_810.root with 4934513 entries.
Tree opened successfully.
Total entries = 4934513

=====================================
=== Progress: 10% reached at entry 493451 ===
=====================================

=====================================
=== Progress: 20% reached at entry 986902 ===
=====================================

=====================================
=== Progress: 30% reached at entry 1480353 ===
=====================================

=====================================
=== Progress: 40% reached at entry 1973805 ===
=====================================

=====================================
=== Progress: 50% reached at entry 2467256 ===
=====================================

=====================================
=== Progress: 60% reached at entry 2960707 ===
=====================================

=====================================
=== Progress: 70% reached at entry 3454159 ===
=====================================

=====================================
=== Progress: 80% reached at entry 3947610 ===
=====================================

=====================================
=== Progress: 90% reached at entry 4441061 ===
=====================================

Opening file: /eos/user/a/amalhotr/ScoutingPFRun3/ScoutingData_2024H_TreeMakerRedone/251209_202708/0000/ScoutingTree_Output_811.root
Opened file /eos/user/a/amalhotr/ScoutingPFRun3/ScoutingData_2024H_TreeMakerRedone/251209_202708/0000/ScoutingTree_Output_811.root with 4758746 entries.
Tree opened successfully.
Total entries = 4758746

=====================================
=== Progress: 10% reached at entry 475874 ===
=====================================

=====================================
=== Progress: 20% reached at entry 951749 ===
=====================================

=====================================
=== Progress: 30% reached at entry 1427623 ===
=====================================

=====================================
=== Progress: 40% reached at entry 1903498 ===
=====================================

=====================================
=== Progress: 50% reached at entry 2379373 ===
=====================================

=====================================
=== Progress: 60% reached at entry 2855247 ===
=====================================

=====================================
=== Progress: 70% reached at entry 3331122 ===
=====================================

=====================================
=== Progress: 80% reached at entry 3806996 ===
=====================================

=====================================
=== Progress: 90% reached at entry 4282871 ===
=====================================

Opening file: /eos/user/a/amalhotr/ScoutingPFRun3/ScoutingData_2024H_TreeMakerRedone/251209_202708/0000/ScoutingTree_Output_812.root
Opened file /eos/user/a/amalhotr/ScoutingPFRun3/ScoutingData_2024H_TreeMakerRedone/251209_202708/0000/ScoutingTree_Output_812.root with 5131532 entries.
Tree opened successfully.
Total entries = 5131532

=====================================
=== Progress: 10% reached at entry 513153 ===
=====================================

=====================================
=== Progress: 20% reached at entry 1026306 ===
=====================================

=====================================
=== Progress: 30% reached at entry 1539459 ===
=====================================

=====================================
=== Progress: 40% reached at entry 2052612 ===
=====================================

=====================================
=== Progress: 50% reached at entry 2565766 ===
=====================================

=====================================
=== Progress: 60% reached at entry 3078919 ===
=====================================

=====================================
=== Progress: 70% reached at entry 3592072 ===
=====================================

=====================================
=== Progress: 80% reached at entry 4105225 ===
=====================================

=====================================
=== Progress: 90% reached at entry 4618378 ===
=====================================

Opening file: /eos/user/a/amalhotr/ScoutingPFRun3/ScoutingData_2024H_TreeMakerRedone/251209_202708/0000/ScoutingTree_Output_813.root
Opened file /eos/user/a/amalhotr/ScoutingPFRun3/ScoutingData_2024H_TreeMakerRedone/251209_202708/0000/ScoutingTree_Output_813.root with 4909006 entries.
Tree opened successfully.
Total entries = 4909006

=====================================
=== Progress: 10% reached at entry 490900 ===
=====================================

=====================================
=== Progress: 20% reached at entry 981801 ===
=====================================

=====================================
=== Progress: 30% reached at entry 1472701 ===
=====================================

=====================================
=== Progress: 40% reached at entry 1963602 ===
=====================================

=====================================
=== Progress: 50% reached at entry 2454503 ===
=====================================

=====================================
=== Progress: 60% reached at entry 2945403 ===
=====================================

=====================================
=== Progress: 70% reached at entry 3436304 ===
=====================================

=====================================
=== Progress: 80% reached at entry 3927204 ===
=====================================

=====================================
=== Progress: 90% reached at entry 4418105 ===
=====================================

Finished Tree2PlotsRun3 scan.
