/pool/condor/dir_553373

Opening file: /eos/user/a/amalhotr/ScoutingPFRun3/ScoutingData_2024H_TreeMakerRedone/251209_202708/0000/ScoutingTree_Output_627.root
Opened file /eos/user/a/amalhotr/ScoutingPFRun3/ScoutingData_2024H_TreeMakerRedone/251209_202708/0000/ScoutingTree_Output_627.root with 9762877 entries.
Tree opened successfully.
Total entries = 9762877

=====================================
=== Progress: 10% reached at entry 976287 ===
=====================================

=====================================
=== Progress: 20% reached at entry 1952575 ===
=====================================

=====================================
=== Progress: 30% reached at entry 2928863 ===
=====================================

=====================================
=== Progress: 40% reached at entry 3905150 ===
=====================================

=====================================
=== Progress: 50% reached at entry 4881438 ===
=====================================

=====================================
=== Progress: 60% reached at entry 5857726 ===
=====================================

=====================================
=== Progress: 70% reached at entry 6834013 ===
=====================================

=====================================
=== Progress: 80% reached at entry 7810301 ===
=====================================

=====================================
=== Progress: 90% reached at entry 8786589 ===
=====================================

Opening file: /eos/user/a/amalhotr/ScoutingPFRun3/ScoutingData_2024H_TreeMakerRedone/251209_202708/0000/ScoutingTree_Output_628.root
Opened file /eos/user/a/amalhotr/ScoutingPFRun3/ScoutingData_2024H_TreeMakerRedone/251209_202708/0000/ScoutingTree_Output_628.root with 9660302 entries.
Tree opened successfully.
Total entries = 9660302

=====================================
=== Progress: 10% reached at entry 966030 ===
=====================================

=====================================
=== Progress: 20% reached at entry 1932060 ===
=====================================

=====================================
=== Progress: 30% reached at entry 2898090 ===
=====================================

=====================================
=== Progress: 40% reached at entry 3864120 ===
=====================================

=====================================
=== Progress: 50% reached at entry 4830151 ===
=====================================

=====================================
=== Progress: 60% reached at entry 5796181 ===
=====================================

=====================================
=== Progress: 70% reached at entry 6762211 ===
=====================================

=====================================
=== Progress: 80% reached at entry 7728241 ===
=====================================

=====================================
=== Progress: 90% reached at entry 8694271 ===
=====================================

Opening file: /eos/user/a/amalhotr/ScoutingPFRun3/ScoutingData_2024H_TreeMakerRedone/251209_202708/0000/ScoutingTree_Output_629.root
Opened file /eos/user/a/amalhotr/ScoutingPFRun3/ScoutingData_2024H_TreeMakerRedone/251209_202708/0000/ScoutingTree_Output_629.root with 10399211 entries.
Tree opened successfully.
Total entries = 10399211

=====================================
=== Progress: 10% reached at entry 1039921 ===
=====================================

=====================================
=== Progress: 20% reached at entry 2079842 ===
=====================================

=====================================
=== Progress: 30% reached at entry 3119763 ===
=====================================

=====================================
=== Progress: 40% reached at entry 4159684 ===
=====================================

=====================================
=== Progress: 50% reached at entry 5199605 ===
=====================================

=====================================
=== Progress: 60% reached at entry 6239526 ===
=====================================

=====================================
=== Progress: 70% reached at entry 7279447 ===
=====================================

=====================================
=== Progress: 80% reached at entry 8319368 ===
=====================================

=====================================
=== Progress: 90% reached at entry 9359289 ===
=====================================

Opening file: /eos/user/a/amalhotr/ScoutingPFRun3/ScoutingData_2024H_TreeMakerRedone/251209_202708/0000/ScoutingTree_Output_62.root
Opened file /eos/user/a/amalhotr/ScoutingPFRun3/ScoutingData_2024H_TreeMakerRedone/251209_202708/0000/ScoutingTree_Output_62.root with 9065006 entries.
Tree opened successfully.
Total entries = 9065006

=====================================
=== Progress: 10% reached at entry 906500 ===
=====================================

=====================================
=== Progress: 20% reached at entry 1813001 ===
=====================================

=====================================
=== Progress: 30% reached at entry 2719501 ===
=====================================

=====================================
=== Progress: 40% reached at entry 3626002 ===
=====================================

=====================================
=== Progress: 50% reached at entry 4532503 ===
=====================================

=====================================
=== Progress: 60% reached at entry 5439003 ===
=====================================

=====================================
=== Progress: 70% reached at entry 6345504 ===
=====================================

=====================================
=== Progress: 80% reached at entry 7252004 ===
=====================================

=====================================
=== Progress: 90% reached at entry 8158505 ===
=====================================

Finished Tree2PlotsRun3 scan.
