000 (14418832.000.000) 01/26 10:29:59 Job submitted from host: <188.184.90.62:9618?addrs=188.184.90.62-9618+[2001-1458-201-e4--100-238]-9618&alias=bigbird16.cern.ch&noUDP&sock=schedd_5196_9a2f>
...
040 (14418832.000.000) 01/26 10:31:54 Started transferring input files
	Transferring to host: <188.185.210.201:9618?addrs=188.185.210.201-9618+[2001-1458-303-15--100-45]-9618&alias=b9p22p5174.cern.ch&noUDP&sock=slot1_14_6601_c066_84876>
...
040 (14418832.000.000) 01/26 10:31:54 Finished transferring input files
...
001 (14418832.000.000) 01/26 10:31:55 Job executing on host: <188.185.210.201:9618?addrs=188.185.210.201-9618+[2001-1458-303-15--100-45]-9618&alias=b9p22p5174.cern.ch&noUDP&sock=startd_6312_15e1>
	SlotName: slot1_14@b9p22p5174.cern.ch
	CondorScratchDir = "/pool/condor/dir_2879889"
	Cpus = 1
	Disk = 3815
	GPUs = 0
	Memory = 3000
...
006 (14418832.000.000) 01/26 10:32:08 Image size of job updated: 570904
	558  -  MemoryUsage of job (MB)
	570904  -  ResidentSetSize of job (KB)
...
006 (14418832.000.000) 01/26 10:37:08 Image size of job updated: 857128
	816  -  MemoryUsage of job (MB)
	835088  -  ResidentSetSize of job (KB)
...
040 (14418832.000.000) 01/26 10:38:20 Started transferring output files
...
040 (14418832.000.000) 01/26 10:38:20 Finished transferring output files
...
005 (14418832.000.000) 01/26 10:38:20 Job terminated.
	(1) Normal termination (return value 0)
		Usr 0 00:04:24, Sys 0 00:00:10  -  Run Remote Usage
		Usr 0 00:00:00, Sys 0 00:00:00  -  Run Local Usage
		Usr 0 00:04:24, Sys 0 00:00:10  -  Total Remote Usage
		Usr 0 00:00:00, Sys 0 00:00:00  -  Total Local Usage
	12873  -  Run Bytes Sent By Job
	317  -  Run Bytes Received By Job
	12873  -  Total Bytes Sent By Job
	317  -  Total Bytes Received By Job
	Partitionable Resources :    Usage  Request Allocated 
	   Cpus                 :        0        1         1 
	   Disk (KB)            :       36        1      3815 
	   GPUs                 :                           0 
	   Memory (MB)          :      816     3000      3000 
	   TimeExecute (s)      :      385                    
	   TimeSlotBusy (s)     :      387                    

	Job terminated of its own accord at 2026-01-26T09:38:20Z with exit-code 0.
...
