000 (14419453.000.000) 01/26 11:03:28 Job submitted from host: <188.184.90.62:9618?addrs=188.184.90.62-9618+[2001-1458-201-e4--100-238]-9618&alias=bigbird16.cern.ch&noUDP&sock=schedd_5196_9a2f>
...
040 (14419453.000.000) 01/26 11:05:24 Started transferring input files
	Transferring to host: <188.185.192.88:9618?addrs=188.185.192.88-9618+[2001-1458-303-1f--100-54]-9618&alias=b9p13p5626.cern.ch&noUDP&sock=slot1_27_997560_036f_126111>
...
040 (14419453.000.000) 01/26 11:05:24 Finished transferring input files
...
001 (14419453.000.000) 01/26 11:05:25 Job executing on host: <188.185.192.88:9618?addrs=188.185.192.88-9618+[2001-1458-303-1f--100-54]-9618&alias=b9p13p5626.cern.ch&noUDP&sock=startd_4736_149f>
	SlotName: slot1_27@b9p13p5626.cern.ch
	CondorScratchDir = "/pool/condor/dir_2128537"
	Cpus = 1
	Disk = 3935
	GPUs = 0
	Memory = 3000
...
006 (14419453.000.000) 01/26 11:05:38 Image size of job updated: 568404
	556  -  MemoryUsage of job (MB)
	568404  -  ResidentSetSize of job (KB)
...
006 (14419453.000.000) 01/26 11:10:38 Image size of job updated: 841288
	807  -  MemoryUsage of job (MB)
	825728  -  ResidentSetSize of job (KB)
...
040 (14419453.000.000) 01/26 11:12:50 Started transferring output files
...
040 (14419453.000.000) 01/26 11:12:50 Finished transferring output files
...
005 (14419453.000.000) 01/26 11:12:50 Job terminated.
	(1) Normal termination (return value 0)
		Usr 0 00:05:48, Sys 0 00:00:07  -  Run Remote Usage
		Usr 0 00:00:00, Sys 0 00:00:00  -  Run Local Usage
		Usr 0 00:05:48, Sys 0 00:00:07  -  Total Remote Usage
		Usr 0 00:00:00, Sys 0 00:00:00  -  Total Local Usage
	13167  -  Run Bytes Sent By Job
	317  -  Run Bytes Received By Job
	13167  -  Total Bytes Sent By Job
	317  -  Total Bytes Received By Job
	Partitionable Resources :    Usage  Request Allocated 
	   Cpus                 :     0.83        1         1 
	   Disk (KB)            :    36           1      3935 
	   GPUs                 :                           0 
	   Memory (MB)          :   807        3000      3000 
	   TimeExecute (s)      :   444                       
	   TimeSlotBusy (s)     :   446                       

	Job terminated of its own accord at 2026-01-26T10:12:49Z with exit-code 0.
...
