Begin processing the 1st record. Run 1, Event 1, LumiSection 1 on stream 0 at 26-Jan-2026 10:14:22.951 CET
[2026-01-26 10:20:56.338018 +0100][Error  ][PostMaster        ] [eosfst-callisto.cern.ch:1105] Forcing error on disconnect: [ERROR] Operation interrupted.
[2026-01-26 10:20:56.419921 +0100][Error  ][PostMaster        ] [st-h01-hades.cern.ch:1103] Forcing error on disconnect: [ERROR] Operation interrupted.

TrigReport ---------- Event  Summary ------------
TrigReport Events total = 1 passed = 1 failed = 0

TrigReport ---------- Path   Summary ------------
TrigReport  Trig Bit#   Executed     Passed     Failed      Error Name
TrigReport     1    0          1          1          0          0 p


TrigReport -------End-Path   Summary ------------
TrigReport  Trig Bit#   Executed     Passed     Failed      Error Name


TrigReport ---------- Modules in Path: p ------------
TrigReport  Trig Bit#    Visited     Passed     Failed      Error Name
TrigReport     1    0          1          1          0          0 tree2plots


TrigReport ---------- Module Summary ------------
TrigReport    Visited   Executed     Passed     Failed      Error Name
TrigReport          1          1          1          0          0 TriggerResults
TrigReport          1          1          1          0          0 p
TrigReport          1          1          1          0          0 tree2plots


TimeReport ---------- Event  Summary ---[sec]----
TimeReport       event loop CPU/event = 319.257859
TimeReport      event loop Real/event = 450.169704
TimeReport     sum Streams Real/event = 450.168891
TimeReport efficiency CPU/Real/thread = 0.709194

TimeReport ---------- Path   Summary ---[Real sec]----
TimeReport  per event     per exec  Name
TimeReport 450.168499   450.168499  p

TimeReport  per event     per exec  Name

TimeReport -------End-Path   Summary ---[Real sec]----
TimeReport  per event     per exec  Name

TimeReport  per event     per exec  Name

TimeReport ---------- Modules in Path: p ---[Real sec]----
TimeReport  per event    per visit  Name
TimeReport 450.168234   450.168234  tree2plots

TimeReport  per event    per visit  Name

TimeReport ---------- Module Summary ---[Real sec]----
TimeReport  per event     per exec    per visit  Name
TimeReport   0.000007     0.000007     0.000007  TriggerResults
TimeReport   0.000061     0.000061     0.000061  p
TimeReport 450.168234   450.168234   450.168234  tree2plots

TimeReport  per event     per exec    per visit  Name

T---Report end!


