000 (14419452.000.000) 01/26 11:03:27 Job submitted from host: <188.184.90.62:9618?addrs=188.184.90.62-9618+[2001-1458-201-e4--100-238]-9618&alias=bigbird16.cern.ch&noUDP&sock=schedd_5196_9a2f>
...
040 (14419452.000.000) 01/26 11:05:23 Started transferring input files
	Transferring to host: <188.185.193.16:9618?addrs=188.185.193.16-9618+[2001-1458-303-20--100-c]-9618&alias=b9p19p4171.cern.ch&noUDP&sock=slot1_48_7254_d960_125214>
...
040 (14419452.000.000) 01/26 11:05:23 Finished transferring input files
...
001 (14419452.000.000) 01/26 11:05:24 Job executing on host: <188.185.193.16:9618?addrs=188.185.193.16-9618+[2001-1458-303-20--100-c]-9618&alias=b9p19p4171.cern.ch&noUDP&sock=startd_6111_3757>
	SlotName: slot1_48@b9p19p4171.cern.ch
	CondorScratchDir = "/pool/condor/dir_314250"
	Cpus = 1
	Disk = 3854
	GPUs = 0
	Memory = 3000
...
006 (14419452.000.000) 01/26 11:05:37 Image size of job updated: 24632
	25  -  MemoryUsage of job (MB)
	24632  -  ResidentSetSize of job (KB)
...
006 (14419452.000.000) 01/26 11:10:37 Image size of job updated: 777228
	753  -  MemoryUsage of job (MB)
	770940  -  ResidentSetSize of job (KB)
...
006 (14419452.000.000) 01/26 11:14:21 Image size of job updated: 778016
	753  -  MemoryUsage of job (MB)
	770940  -  ResidentSetSize of job (KB)
...
040 (14419452.000.000) 01/26 11:14:21 Started transferring output files
...
040 (14419452.000.000) 01/26 11:14:21 Finished transferring output files
...
005 (14419452.000.000) 01/26 11:14:21 Job terminated.
	(1) Normal termination (return value 0)
		Usr 0 00:06:49, Sys 0 00:00:14  -  Run Remote Usage
		Usr 0 00:00:00, Sys 0 00:00:00  -  Run Local Usage
		Usr 0 00:06:49, Sys 0 00:00:14  -  Total Remote Usage
		Usr 0 00:00:00, Sys 0 00:00:00  -  Total Local Usage
	13010  -  Run Bytes Sent By Job
	317  -  Run Bytes Received By Job
	13010  -  Total Bytes Sent By Job
	317  -  Total Bytes Received By Job
	Partitionable Resources :    Usage  Request Allocated 
	   Cpus                 :     0.86        1         1 
	   Disk (KB)            :    36           1      3854 
	   GPUs                 :                           0 
	   Memory (MB)          :   753        3000      3000 
	   TimeExecute (s)      :   537                       
	   TimeSlotBusy (s)     :   538                       

	Job terminated of its own accord at 2026-01-26T10:14:21Z with exit-code 0.
...
