000 (14418851.000.000) 01/26 10:44:38 Job submitted from host: <188.184.90.62:9618?addrs=188.184.90.62-9618+[2001-1458-201-e4--100-238]-9618&alias=bigbird16.cern.ch&noUDP&sock=schedd_5196_9a2f>
...
040 (14418851.000.000) 01/26 10:45:05 Started transferring input files
	Transferring to host: <188.185.196.138:9618?addrs=188.185.196.138-9618+[2001-1458-303-23--100-86]-9618&alias=b9p16p4018.cern.ch&noUDP&sock=slot1_22_4607_cc54_129351>
...
040 (14418851.000.000) 01/26 10:45:05 Finished transferring input files
...
001 (14418851.000.000) 01/26 10:45:06 Job executing on host: <188.185.196.138:9618?addrs=188.185.196.138-9618+[2001-1458-303-23--100-86]-9618&alias=b9p16p4018.cern.ch&noUDP&sock=startd_3467_a6f0>
	SlotName: slot1_22@b9p16p4018.cern.ch
	CondorScratchDir = "/pool/condor/dir_967049"
	Cpus = 1
	Disk = 3818
	GPUs = 0
	Memory = 3000
...
006 (14418851.000.000) 01/26 10:45:20 Image size of job updated: 125996
	124  -  MemoryUsage of job (MB)
	125996  -  ResidentSetSize of job (KB)
...
006 (14418851.000.000) 01/26 10:50:21 Image size of job updated: 778616
	565  -  MemoryUsage of job (MB)
	578340  -  ResidentSetSize of job (KB)
...
006 (14418851.000.000) 01/26 10:54:20 Image size of job updated: 785680
	565  -  MemoryUsage of job (MB)
	578340  -  ResidentSetSize of job (KB)
...
040 (14418851.000.000) 01/26 10:54:20 Started transferring output files
...
040 (14418851.000.000) 01/26 10:54:20 Finished transferring output files
...
005 (14418851.000.000) 01/26 10:54:20 Job terminated.
	(1) Normal termination (return value 0)
		Usr 0 00:06:33, Sys 0 00:00:13  -  Run Remote Usage
		Usr 0 00:00:00, Sys 0 00:00:00  -  Run Local Usage
		Usr 0 00:06:33, Sys 0 00:00:13  -  Total Remote Usage
		Usr 0 00:00:00, Sys 0 00:00:00  -  Total Local Usage
	13285  -  Run Bytes Sent By Job
	317  -  Run Bytes Received By Job
	13285  -  Total Bytes Sent By Job
	317  -  Total Bytes Received By Job
	Partitionable Resources :    Usage  Request Allocated 
	   Cpus                 :     0.87        1         1 
	   Disk (KB)            :    37           1      3818 
	   GPUs                 :                           0 
	   Memory (MB)          :   565        3000      3000 
	   TimeExecute (s)      :   554                       
	   TimeSlotBusy (s)     :   555                       

	Job terminated of its own accord at 2026-01-26T09:54:20Z with exit-code 0.
...
