000 (14418786.000.000) 01/26 10:11:27 Job submitted from host: <188.184.90.62:9618?addrs=188.184.90.62-9618+[2001-1458-201-e4--100-238]-9618&alias=bigbird16.cern.ch&noUDP&sock=schedd_5196_9a2f>
...
040 (14418786.000.000) 01/26 10:14:06 Started transferring input files
	Transferring to host: <188.185.207.25:9618?addrs=188.185.207.25-9618+[2001-1458-303-d--100-16]-9618&alias=b9p07p3143.cern.ch&noUDP&sock=slot1_8_5900_d569_112169>
...
040 (14418786.000.000) 01/26 10:14:06 Finished transferring input files
...
001 (14418786.000.000) 01/26 10:14:07 Job executing on host: <188.185.207.25:9618?addrs=188.185.207.25-9618+[2001-1458-303-d--100-16]-9618&alias=b9p07p3143.cern.ch&noUDP&sock=startd_4855_b464>
	SlotName: slot1_8@b9p07p3143.cern.ch
	CondorScratchDir = "/pool/condor/dir_3017472"
	Cpus = 1
	Disk = 3672
	GPUs = 0
	Memory = 3000
...
006 (14418786.000.000) 01/26 10:14:20 Image size of job updated: 29728
	30  -  MemoryUsage of job (MB)
	29728  -  ResidentSetSize of job (KB)
...
006 (14418786.000.000) 01/26 10:19:20 Image size of job updated: 846344
	810  -  MemoryUsage of job (MB)
	829268  -  ResidentSetSize of job (KB)
...
040 (14418786.000.000) 01/26 10:21:44 Started transferring output files
...
040 (14418786.000.000) 01/26 10:21:44 Finished transferring output files
...
005 (14418786.000.000) 01/26 10:21:44 Job terminated.
	(1) Normal termination (return value 0)
		Usr 0 00:05:05, Sys 0 00:00:08  -  Run Remote Usage
		Usr 0 00:00:00, Sys 0 00:00:00  -  Run Local Usage
		Usr 0 00:05:05, Sys 0 00:00:08  -  Total Remote Usage
		Usr 0 00:00:00, Sys 0 00:00:00  -  Total Local Usage
	13173  -  Run Bytes Sent By Job
	317  -  Run Bytes Received By Job
	13173  -  Total Bytes Sent By Job
	317  -  Total Bytes Received By Job
	Partitionable Resources :    Usage  Request Allocated 
	   Cpus                 :     0.82        1         1 
	   Disk (KB)            :    42           1      3672 
	   GPUs                 :                           0 
	   Memory (MB)          :   810        3000      3000 
	   TimeExecute (s)      :   457                       
	   TimeSlotBusy (s)     :   460                       

	Job terminated of its own accord at 2026-01-26T09:21:44Z with exit-code 0.
...
