/pool/condor/dir_756931

Opening file: /eos/user/a/amalhotr/ScoutingPFRun3/ScoutingData_2024H_TreeMakerRedone/251209_202708/0000/ScoutingTree_Output_616.root
Opened file /eos/user/a/amalhotr/ScoutingPFRun3/ScoutingData_2024H_TreeMakerRedone/251209_202708/0000/ScoutingTree_Output_616.root with 10228200 entries.
Tree opened successfully.
Total entries = 10228200

=====================================
=== Progress: 10% reached at entry 1022820 ===
=====================================

=====================================
=== Progress: 20% reached at entry 2045640 ===
=====================================

=====================================
=== Progress: 30% reached at entry 3068460 ===
=====================================

=====================================
=== Progress: 40% reached at entry 4091280 ===
=====================================

=====================================
=== Progress: 50% reached at entry 5114100 ===
=====================================

=====================================
=== Progress: 60% reached at entry 6136920 ===
=====================================

=====================================
=== Progress: 70% reached at entry 7159740 ===
=====================================

=====================================
=== Progress: 80% reached at entry 8182560 ===
=====================================

=====================================
=== Progress: 90% reached at entry 9205380 ===
=====================================

Opening file: /eos/user/a/amalhotr/ScoutingPFRun3/ScoutingData_2024H_TreeMakerRedone/251209_202708/0000/ScoutingTree_Output_617.root
Opened file /eos/user/a/amalhotr/ScoutingPFRun3/ScoutingData_2024H_TreeMakerRedone/251209_202708/0000/ScoutingTree_Output_617.root with 9582323 entries.
Tree opened successfully.
Total entries = 9582323

=====================================
=== Progress: 10% reached at entry 958232 ===
=====================================

=====================================
=== Progress: 20% reached at entry 1916464 ===
=====================================

=====================================
=== Progress: 30% reached at entry 2874696 ===
=====================================

=====================================
=== Progress: 40% reached at entry 3832929 ===
=====================================

=====================================
=== Progress: 50% reached at entry 4791161 ===
=====================================

=====================================
=== Progress: 60% reached at entry 5749393 ===
=====================================

=====================================
=== Progress: 70% reached at entry 6707626 ===
=====================================

=====================================
=== Progress: 80% reached at entry 7665858 ===
=====================================

=====================================
=== Progress: 90% reached at entry 8624090 ===
=====================================

Opening file: /eos/user/a/amalhotr/ScoutingPFRun3/ScoutingData_2024H_TreeMakerRedone/251209_202708/0000/ScoutingTree_Output_618.root
Opened file /eos/user/a/amalhotr/ScoutingPFRun3/ScoutingData_2024H_TreeMakerRedone/251209_202708/0000/ScoutingTree_Output_618.root with 10135811 entries.
Tree opened successfully.
Total entries = 10135811

=====================================
=== Progress: 10% reached at entry 1013581 ===
=====================================

=====================================
=== Progress: 20% reached at entry 2027162 ===
=====================================

=====================================
=== Progress: 30% reached at entry 3040743 ===
=====================================

=====================================
=== Progress: 40% reached at entry 4054324 ===
=====================================

=====================================
=== Progress: 50% reached at entry 5067905 ===
=====================================

=====================================
=== Progress: 60% reached at entry 6081486 ===
=====================================

=====================================
=== Progress: 70% reached at entry 7095067 ===
=====================================

=====================================
=== Progress: 80% reached at entry 8108648 ===
=====================================

=====================================
=== Progress: 90% reached at entry 9122229 ===
=====================================

Opening file: /eos/user/a/amalhotr/ScoutingPFRun3/ScoutingData_2024H_TreeMakerRedone/251209_202708/0000/ScoutingTree_Output_619.root
Opened file /eos/user/a/amalhotr/ScoutingPFRun3/ScoutingData_2024H_TreeMakerRedone/251209_202708/0000/ScoutingTree_Output_619.root with 10396686 entries.
Tree opened successfully.
Total entries = 10396686

=====================================
=== Progress: 10% reached at entry 1039668 ===
=====================================

=====================================
=== Progress: 20% reached at entry 2079337 ===
=====================================

=====================================
=== Progress: 30% reached at entry 3119005 ===
=====================================

=====================================
=== Progress: 40% reached at entry 4158674 ===
=====================================

=====================================
=== Progress: 50% reached at entry 5198343 ===
=====================================

=====================================
=== Progress: 60% reached at entry 6238011 ===
=====================================

=====================================
=== Progress: 70% reached at entry 7277680 ===
=====================================

=====================================
=== Progress: 80% reached at entry 8317348 ===
=====================================

=====================================
=== Progress: 90% reached at entry 9357017 ===
=====================================

Finished Tree2PlotsRun3 scan.
