000 (14420209.000.000) 01/26 11:38:16 Job submitted from host: <188.184.90.62:9618?addrs=188.184.90.62-9618+[2001-1458-201-e4--100-238]-9618&alias=bigbird16.cern.ch&noUDP&sock=schedd_5196_9a2f>
...
040 (14420209.000.000) 01/26 11:40:28 Started transferring input files
	Transferring to host: <188.185.213.203:9618?addrs=188.185.213.203-9618+[2001-1458-303-1b--100-47]-9618&alias=b9p28p6977.cern.ch&noUDP&sock=slot1_45_9646_3ac1_139937>
...
040 (14420209.000.000) 01/26 11:40:28 Finished transferring input files
...
001 (14420209.000.000) 01/26 11:40:29 Job executing on host: <188.185.213.203:9618?addrs=188.185.213.203-9618+[2001-1458-303-1b--100-47]-9618&alias=b9p28p6977.cern.ch&noUDP&sock=startd_8732_0111>
	SlotName: slot1_45@b9p28p6977.cern.ch
	CondorScratchDir = "/pool/condor/dir_1355040"
	Cpus = 1
	Disk = 3819
	GPUs = 0
	Memory = 3000
...
006 (14420209.000.000) 01/26 11:40:43 Image size of job updated: 554860
	542  -  MemoryUsage of job (MB)
	554860  -  ResidentSetSize of job (KB)
...
006 (14420209.000.000) 01/26 11:45:19 Image size of job updated: 835956
	542  -  MemoryUsage of job (MB)
	554860  -  ResidentSetSize of job (KB)
...
040 (14420209.000.000) 01/26 11:45:19 Started transferring output files
...
040 (14420209.000.000) 01/26 11:45:19 Finished transferring output files
...
005 (14420209.000.000) 01/26 11:45:19 Job terminated.
	(1) Normal termination (return value 0)
		Usr 0 00:03:24, Sys 0 00:00:08  -  Run Remote Usage
		Usr 0 00:00:00, Sys 0 00:00:00  -  Run Local Usage
		Usr 0 00:03:24, Sys 0 00:00:08  -  Total Remote Usage
		Usr 0 00:00:00, Sys 0 00:00:00  -  Total Local Usage
	12859  -  Run Bytes Sent By Job
	317  -  Run Bytes Received By Job
	12859  -  Total Bytes Sent By Job
	317  -  Total Bytes Received By Job
	Partitionable Resources :    Usage  Request Allocated 
	   Cpus                 :     0.77        1         1 
	   Disk (KB)            :    36           1      3819 
	   GPUs                 :                           0 
	   Memory (MB)          :   542        3000      3000 
	   TimeExecute (s)      :   290                       
	   TimeSlotBusy (s)     :   293                       

	Job terminated of its own accord at 2026-01-26T10:45:19Z with exit-code 0.
...
