/pool/condor/dir_3897682

Opening file: /eos/user/a/amalhotr/ScoutingPFRun3/ScoutingData_2024H_TreeMakerRedone/251209_202708/0000/ScoutingTree_Output_490.root
Opened file /eos/user/a/amalhotr/ScoutingPFRun3/ScoutingData_2024H_TreeMakerRedone/251209_202708/0000/ScoutingTree_Output_490.root with 8403690 entries.
Tree opened successfully.
Total entries = 8403690

=====================================
=== Progress: 10% reached at entry 840369 ===
=====================================

=====================================
=== Progress: 20% reached at entry 1680738 ===
=====================================

=====================================
=== Progress: 30% reached at entry 2521107 ===
=====================================

=====================================
=== Progress: 40% reached at entry 3361476 ===
=====================================

=====================================
=== Progress: 50% reached at entry 4201845 ===
=====================================

=====================================
=== Progress: 60% reached at entry 5042214 ===
=====================================

=====================================
=== Progress: 70% reached at entry 5882583 ===
=====================================

=====================================
=== Progress: 80% reached at entry 6722952 ===
=====================================

=====================================
=== Progress: 90% reached at entry 7563321 ===
=====================================

Opening file: /eos/user/a/amalhotr/ScoutingPFRun3/ScoutingData_2024H_TreeMakerRedone/251209_202708/0000/ScoutingTree_Output_491.root
Opened file /eos/user/a/amalhotr/ScoutingPFRun3/ScoutingData_2024H_TreeMakerRedone/251209_202708/0000/ScoutingTree_Output_491.root with 7999966 entries.
Tree opened successfully.
Total entries = 7999966

=====================================
=== Progress: 10% reached at entry 799996 ===
=====================================

=====================================
=== Progress: 20% reached at entry 1599993 ===
=====================================

=====================================
=== Progress: 30% reached at entry 2399989 ===
=====================================

=====================================
=== Progress: 40% reached at entry 3199986 ===
=====================================

=====================================
=== Progress: 50% reached at entry 3999983 ===
=====================================

=====================================
=== Progress: 60% reached at entry 4799979 ===
=====================================

=====================================
=== Progress: 70% reached at entry 5599976 ===
=====================================

=====================================
=== Progress: 80% reached at entry 6399972 ===
=====================================

=====================================
=== Progress: 90% reached at entry 7199969 ===
=====================================

Opening file: /eos/user/a/amalhotr/ScoutingPFRun3/ScoutingData_2024H_TreeMakerRedone/251209_202708/0000/ScoutingTree_Output_492.root
Opened file /eos/user/a/amalhotr/ScoutingPFRun3/ScoutingData_2024H_TreeMakerRedone/251209_202708/0000/ScoutingTree_Output_492.root with 8384515 entries.
Tree opened successfully.
Total entries = 8384515

=====================================
=== Progress: 10% reached at entry 838451 ===
=====================================

=====================================
=== Progress: 20% reached at entry 1676903 ===
=====================================

=====================================
=== Progress: 30% reached at entry 2515354 ===
=====================================

=====================================
=== Progress: 40% reached at entry 3353806 ===
=====================================

=====================================
=== Progress: 50% reached at entry 4192257 ===
=====================================

=====================================
=== Progress: 60% reached at entry 5030709 ===
=====================================

=====================================
=== Progress: 70% reached at entry 5869160 ===
=====================================

=====================================
=== Progress: 80% reached at entry 6707612 ===
=====================================

=====================================
=== Progress: 90% reached at entry 7546063 ===
=====================================

Opening file: /eos/user/a/amalhotr/ScoutingPFRun3/ScoutingData_2024H_TreeMakerRedone/251209_202708/0000/ScoutingTree_Output_493.root
Opened file /eos/user/a/amalhotr/ScoutingPFRun3/ScoutingData_2024H_TreeMakerRedone/251209_202708/0000/ScoutingTree_Output_493.root with 8229632 entries.
Tree opened successfully.
Total entries = 8229632

=====================================
=== Progress: 10% reached at entry 822963 ===
=====================================

=====================================
=== Progress: 20% reached at entry 1645926 ===
=====================================

=====================================
=== Progress: 30% reached at entry 2468889 ===
=====================================

=====================================
=== Progress: 40% reached at entry 3291852 ===
=====================================

=====================================
=== Progress: 50% reached at entry 4114816 ===
=====================================

=====================================
=== Progress: 60% reached at entry 4937779 ===
=====================================

=====================================
=== Progress: 70% reached at entry 5760742 ===
=====================================

=====================================
=== Progress: 80% reached at entry 6583705 ===
=====================================

=====================================
=== Progress: 90% reached at entry 7406668 ===
=====================================

Finished Tree2PlotsRun3 scan.
