000 (14418854.000.000) 01/26 10:44:39 Job submitted from host: <188.184.90.62:9618?addrs=188.184.90.62-9618+[2001-1458-201-e4--100-238]-9618&alias=bigbird16.cern.ch&noUDP&sock=schedd_5196_9a2f>
...
040 (14418854.000.000) 01/26 10:49:08 Started transferring input files
	Transferring to host: <128.142.161.75:9618?addrs=128.142.161.75-9618+[2001-1458-301-b8--100-9]-9618&alias=b9g03p5635.cern.ch&noUDP&sock=slot1_20_1703778_7b5d_158109>
...
040 (14418854.000.000) 01/26 10:49:08 Finished transferring input files
...
001 (14418854.000.000) 01/26 10:49:09 Job executing on host: <128.142.161.75:9618?addrs=128.142.161.75-9618+[2001-1458-301-b8--100-9]-9618&alias=b9g03p5635.cern.ch&noUDP&sock=startd_3281_1252>
	SlotName: slot1_20@b9g03p5635.cern.ch
	CondorScratchDir = "/pool/condor/dir_2146630"
	Cpus = 1
	Disk = 3995
	GPUs = 0
	Memory = 3000
...
006 (14418854.000.000) 01/26 10:49:23 Image size of job updated: 158496
	155  -  MemoryUsage of job (MB)
	158496  -  ResidentSetSize of job (KB)
...
006 (14418854.000.000) 01/26 10:54:24 Image size of job updated: 761572
	742  -  MemoryUsage of job (MB)
	759688  -  ResidentSetSize of job (KB)
...
006 (14418854.000.000) 01/26 10:55:36 Image size of job updated: 761584
	742  -  MemoryUsage of job (MB)
	759688  -  ResidentSetSize of job (KB)
...
040 (14418854.000.000) 01/26 10:55:36 Started transferring output files
...
040 (14418854.000.000) 01/26 10:55:36 Finished transferring output files
...
005 (14418854.000.000) 01/26 10:55:36 Job terminated.
	(1) Normal termination (return value 0)
		Usr 0 00:04:39, Sys 0 00:00:07  -  Run Remote Usage
		Usr 0 00:00:00, Sys 0 00:00:00  -  Run Local Usage
		Usr 0 00:04:39, Sys 0 00:00:07  -  Total Remote Usage
		Usr 0 00:00:00, Sys 0 00:00:00  -  Total Local Usage
	12859  -  Run Bytes Sent By Job
	317  -  Run Bytes Received By Job
	12859  -  Total Bytes Sent By Job
	317  -  Total Bytes Received By Job
	Partitionable Resources :    Usage  Request Allocated 
	   Cpus                 :     0.07        1         1 
	   Disk (KB)            :    35           1      3995 
	   GPUs                 :                           0 
	   Memory (MB)          :   742        3000      3000 
	   TimeExecute (s)      :   387                       
	   TimeSlotBusy (s)     :   389                       

	Job terminated of its own accord at 2026-01-26T09:55:36Z with exit-code 0.
...
