/pool/condor/dir_1352061

Opening file: /eos/user/a/amalhotr/ScoutingPFRun3/ScoutingData_2024H_TreeMakerRedone/251209_202708/0000/ScoutingTree_Output_339.root
Opened file /eos/user/a/amalhotr/ScoutingPFRun3/ScoutingData_2024H_TreeMakerRedone/251209_202708/0000/ScoutingTree_Output_339.root with 8273273 entries.
Tree opened successfully.
Total entries = 8273273

=====================================
=== Progress: 10% reached at entry 827327 ===
=====================================

=====================================
=== Progress: 20% reached at entry 1654654 ===
=====================================

=====================================
=== Progress: 30% reached at entry 2481981 ===
=====================================

=====================================
=== Progress: 40% reached at entry 3309309 ===
=====================================

=====================================
=== Progress: 50% reached at entry 4136636 ===
=====================================

=====================================
=== Progress: 60% reached at entry 4963963 ===
=====================================

=====================================
=== Progress: 70% reached at entry 5791291 ===
=====================================

=====================================
=== Progress: 80% reached at entry 6618618 ===
=====================================

=====================================
=== Progress: 90% reached at entry 7445945 ===
=====================================

Opening file: /eos/user/a/amalhotr/ScoutingPFRun3/ScoutingData_2024H_TreeMakerRedone/251209_202708/0000/ScoutingTree_Output_33.root
Opened file /eos/user/a/amalhotr/ScoutingPFRun3/ScoutingData_2024H_TreeMakerRedone/251209_202708/0000/ScoutingTree_Output_33.root with 8204445 entries.
Tree opened successfully.
Total entries = 8204445

=====================================
=== Progress: 10% reached at entry 820444 ===
=====================================

=====================================
=== Progress: 20% reached at entry 1640889 ===
=====================================

=====================================
=== Progress: 30% reached at entry 2461333 ===
=====================================

=====================================
=== Progress: 40% reached at entry 3281778 ===
=====================================

=====================================
=== Progress: 50% reached at entry 4102222 ===
=====================================

=====================================
=== Progress: 60% reached at entry 4922667 ===
=====================================

=====================================
=== Progress: 70% reached at entry 5743111 ===
=====================================

=====================================
=== Progress: 80% reached at entry 6563556 ===
=====================================

=====================================
=== Progress: 90% reached at entry 7384000 ===
=====================================

Opening file: /eos/user/a/amalhotr/ScoutingPFRun3/ScoutingData_2024H_TreeMakerRedone/251209_202708/0000/ScoutingTree_Output_340.root
Opened file /eos/user/a/amalhotr/ScoutingPFRun3/ScoutingData_2024H_TreeMakerRedone/251209_202708/0000/ScoutingTree_Output_340.root with 8124926 entries.
Tree opened successfully.
Total entries = 8124926

=====================================
=== Progress: 10% reached at entry 812492 ===
=====================================

=====================================
=== Progress: 20% reached at entry 1624985 ===
=====================================

=====================================
=== Progress: 30% reached at entry 2437477 ===
=====================================

=====================================
=== Progress: 40% reached at entry 3249970 ===
=====================================

=====================================
=== Progress: 50% reached at entry 4062463 ===
=====================================

=====================================
=== Progress: 60% reached at entry 4874955 ===
=====================================

=====================================
=== Progress: 70% reached at entry 5687448 ===
=====================================

=====================================
=== Progress: 80% reached at entry 6499940 ===
=====================================

=====================================
=== Progress: 90% reached at entry 7312433 ===
=====================================

Opening file: /eos/user/a/amalhotr/ScoutingPFRun3/ScoutingData_2024H_TreeMakerRedone/251209_202708/0000/ScoutingTree_Output_341.root
Opened file /eos/user/a/amalhotr/ScoutingPFRun3/ScoutingData_2024H_TreeMakerRedone/251209_202708/0000/ScoutingTree_Output_341.root with 7925351 entries.
Tree opened successfully.
Total entries = 7925351

=====================================
=== Progress: 10% reached at entry 792535 ===
=====================================

=====================================
=== Progress: 20% reached at entry 1585070 ===
=====================================

=====================================
=== Progress: 30% reached at entry 2377605 ===
=====================================

=====================================
=== Progress: 40% reached at entry 3170140 ===
=====================================

=====================================
=== Progress: 50% reached at entry 3962675 ===
=====================================

=====================================
=== Progress: 60% reached at entry 4755210 ===
=====================================

=====================================
=== Progress: 70% reached at entry 5547745 ===
=====================================

=====================================
=== Progress: 80% reached at entry 6340280 ===
=====================================

=====================================
=== Progress: 90% reached at entry 7132815 ===
=====================================

Finished Tree2PlotsRun3 scan.
