000 (14419456.000.000) 01/26 11:03:28 Job submitted from host: <188.184.90.62:9618?addrs=188.184.90.62-9618+[2001-1458-201-e4--100-238]-9618&alias=bigbird16.cern.ch&noUDP&sock=schedd_5196_9a2f>
...
040 (14419456.000.000) 01/26 11:05:17 Started transferring input files
	Transferring to host: <188.185.211.189:9618?addrs=188.185.211.189-9618+[2001-1458-303-17--100-39]-9618&alias=b9p24p3226.cern.ch&noUDP&sock=slot1_6_8264_7c49_131124>
...
040 (14419456.000.000) 01/26 11:05:17 Finished transferring input files
...
001 (14419456.000.000) 01/26 11:05:18 Job executing on host: <188.185.211.189:9618?addrs=188.185.211.189-9618+[2001-1458-303-17--100-39]-9618&alias=b9p24p3226.cern.ch&noUDP&sock=startd_7174_5884>
	SlotName: slot1_6@b9p24p3226.cern.ch
	CondorScratchDir = "/pool/condor/dir_3047429"
	Cpus = 1
	Disk = 3756
	GPUs = 0
	Memory = 3000
...
006 (14419456.000.000) 01/26 11:05:32 Image size of job updated: 124648
	122  -  MemoryUsage of job (MB)
	124648  -  ResidentSetSize of job (KB)
...
006 (14419456.000.000) 01/26 11:10:33 Image size of job updated: 829156
	805  -  MemoryUsage of job (MB)
	823800  -  ResidentSetSize of job (KB)
...
006 (14419456.000.000) 01/26 11:12:14 Image size of job updated: 837684
	805  -  MemoryUsage of job (MB)
	823800  -  ResidentSetSize of job (KB)
...
040 (14419456.000.000) 01/26 11:12:14 Started transferring output files
...
040 (14419456.000.000) 01/26 11:12:14 Finished transferring output files
...
005 (14419456.000.000) 01/26 11:12:14 Job terminated.
	(1) Normal termination (return value 0)
		Usr 0 00:04:40, Sys 0 00:00:11  -  Run Remote Usage
		Usr 0 00:00:00, Sys 0 00:00:00  -  Run Local Usage
		Usr 0 00:04:40, Sys 0 00:00:11  -  Total Remote Usage
		Usr 0 00:00:00, Sys 0 00:00:00  -  Total Local Usage
	12859  -  Run Bytes Sent By Job
	317  -  Run Bytes Received By Job
	12859  -  Total Bytes Sent By Job
	317  -  Total Bytes Received By Job
	Partitionable Resources :    Usage  Request Allocated 
	   Cpus                 :     0.87        1         1 
	   Disk (KB)            :    36           1      3756 
	   GPUs                 :                           0 
	   Memory (MB)          :   805        3000      3000 
	   TimeExecute (s)      :   416                       
	   TimeSlotBusy (s)     :   418                       

	Job terminated of its own accord at 2026-01-26T10:12:14Z with exit-code 0.
...
