/pool/condor/dir_3208393

Opening file: /eos/user/a/amalhotr/ScoutingPFRun3/ScoutingData_2024H_TreeMakerRedone/251209_202708/0000/ScoutingTree_Output_663.root
Opened file /eos/user/a/amalhotr/ScoutingPFRun3/ScoutingData_2024H_TreeMakerRedone/251209_202708/0000/ScoutingTree_Output_663.root with 8010328 entries.
Tree opened successfully.
Total entries = 8010328

=====================================
=== Progress: 10% reached at entry 801032 ===
=====================================

=====================================
=== Progress: 20% reached at entry 1602065 ===
=====================================

=====================================
=== Progress: 30% reached at entry 2403098 ===
=====================================

=====================================
=== Progress: 40% reached at entry 3204131 ===
=====================================

=====================================
=== Progress: 50% reached at entry 4005164 ===
=====================================

=====================================
=== Progress: 60% reached at entry 4806196 ===
=====================================

=====================================
=== Progress: 70% reached at entry 5607229 ===
=====================================

=====================================
=== Progress: 80% reached at entry 6408262 ===
=====================================

=====================================
=== Progress: 90% reached at entry 7209295 ===
=====================================

Opening file: /eos/user/a/amalhotr/ScoutingPFRun3/ScoutingData_2024H_TreeMakerRedone/251209_202708/0000/ScoutingTree_Output_664.root
Opened file /eos/user/a/amalhotr/ScoutingPFRun3/ScoutingData_2024H_TreeMakerRedone/251209_202708/0000/ScoutingTree_Output_664.root with 8328360 entries.
Tree opened successfully.
Total entries = 8328360

=====================================
=== Progress: 10% reached at entry 832836 ===
=====================================

=====================================
=== Progress: 20% reached at entry 1665672 ===
=====================================

=====================================
=== Progress: 30% reached at entry 2498508 ===
=====================================

=====================================
=== Progress: 40% reached at entry 3331344 ===
=====================================

=====================================
=== Progress: 50% reached at entry 4164180 ===
=====================================

=====================================
=== Progress: 60% reached at entry 4997016 ===
=====================================

=====================================
=== Progress: 70% reached at entry 5829852 ===
=====================================

=====================================
=== Progress: 80% reached at entry 6662688 ===
=====================================

=====================================
=== Progress: 90% reached at entry 7495524 ===
=====================================

Opening file: /eos/user/a/amalhotr/ScoutingPFRun3/ScoutingData_2024H_TreeMakerRedone/251209_202708/0000/ScoutingTree_Output_665.root
Opened file /eos/user/a/amalhotr/ScoutingPFRun3/ScoutingData_2024H_TreeMakerRedone/251209_202708/0000/ScoutingTree_Output_665.root with 8199900 entries.
Tree opened successfully.
Total entries = 8199900

=====================================
=== Progress: 10% reached at entry 819990 ===
=====================================

=====================================
=== Progress: 20% reached at entry 1639980 ===
=====================================

=====================================
=== Progress: 30% reached at entry 2459970 ===
=====================================

=====================================
=== Progress: 40% reached at entry 3279960 ===
=====================================

=====================================
=== Progress: 50% reached at entry 4099950 ===
=====================================

=====================================
=== Progress: 60% reached at entry 4919940 ===
=====================================

=====================================
=== Progress: 70% reached at entry 5739930 ===
=====================================

=====================================
=== Progress: 80% reached at entry 6559920 ===
=====================================

=====================================
=== Progress: 90% reached at entry 7379910 ===
=====================================

Opening file: /eos/user/a/amalhotr/ScoutingPFRun3/ScoutingData_2024H_TreeMakerRedone/251209_202708/0000/ScoutingTree_Output_666.root
Opened file /eos/user/a/amalhotr/ScoutingPFRun3/ScoutingData_2024H_TreeMakerRedone/251209_202708/0000/ScoutingTree_Output_666.root with 8233548 entries.
Tree opened successfully.
Total entries = 8233548

=====================================
=== Progress: 10% reached at entry 823354 ===
=====================================

=====================================
=== Progress: 20% reached at entry 1646709 ===
=====================================

=====================================
=== Progress: 30% reached at entry 2470064 ===
=====================================

=====================================
=== Progress: 40% reached at entry 3293419 ===
=====================================

=====================================
=== Progress: 50% reached at entry 4116774 ===
=====================================

=====================================
=== Progress: 60% reached at entry 4940128 ===
=====================================

=====================================
=== Progress: 70% reached at entry 5763483 ===
=====================================

=====================================
=== Progress: 80% reached at entry 6586838 ===
=====================================

=====================================
=== Progress: 90% reached at entry 7410193 ===
=====================================

Finished Tree2PlotsRun3 scan.
