000 (14419814.000.000) 01/26 11:19:03 Job submitted from host: <188.184.90.62:9618?addrs=188.184.90.62-9618+[2001-1458-201-e4--100-238]-9618&alias=bigbird16.cern.ch&noUDP&sock=schedd_5196_9a2f>
...
040 (14419814.000.000) 01/26 11:19:35 Started transferring input files
	Transferring to host: <188.185.193.71:9618?addrs=188.185.193.71-9618+[2001-1458-303-20--100-43]-9618&alias=b9p19p3621.cern.ch&noUDP&sock=slot1_20_4718_01f9_120375>
...
040 (14419814.000.000) 01/26 11:19:35 Finished transferring input files
...
001 (14419814.000.000) 01/26 11:19:36 Job executing on host: <188.185.193.71:9618?addrs=188.185.193.71-9618+[2001-1458-303-20--100-43]-9618&alias=b9p19p3621.cern.ch&noUDP&sock=startd_3713_633c>
	SlotName: slot1_20@b9p19p3621.cern.ch
	CondorScratchDir = "/pool/condor/dir_3399531"
	Cpus = 1
	Disk = 3841
	GPUs = 0
	Memory = 3000
...
006 (14419814.000.000) 01/26 11:19:50 Image size of job updated: 144284
	141  -  MemoryUsage of job (MB)
	144284  -  ResidentSetSize of job (KB)
...
006 (14419814.000.000) 01/26 11:24:51 Image size of job updated: 842588
	817  -  MemoryUsage of job (MB)
	835908  -  ResidentSetSize of job (KB)
...
040 (14419814.000.000) 01/26 11:28:37 Started transferring output files
...
040 (14419814.000.000) 01/26 11:28:37 Finished transferring output files
...
005 (14419814.000.000) 01/26 11:28:37 Job terminated.
	(1) Normal termination (return value 0)
		Usr 0 00:07:08, Sys 0 00:00:10  -  Run Remote Usage
		Usr 0 00:00:00, Sys 0 00:00:00  -  Run Local Usage
		Usr 0 00:07:08, Sys 0 00:00:10  -  Total Remote Usage
		Usr 0 00:00:00, Sys 0 00:00:00  -  Total Local Usage
	13447  -  Run Bytes Sent By Job
	317  -  Run Bytes Received By Job
	13447  -  Total Bytes Sent By Job
	317  -  Total Bytes Received By Job
	Partitionable Resources :    Usage  Request Allocated 
	   Cpus                 :        0        1         1 
	   Disk (KB)            :       36        1      3841 
	   GPUs                 :                           0 
	   Memory (MB)          :      817     3000      3000 
	   TimeExecute (s)      :      541                    
	   TimeSlotBusy (s)     :      543                    

	Job terminated of its own accord at 2026-01-26T10:28:37Z with exit-code 0.
...
