/pool/condor/dir_3355726

Opening file: /eos/user/a/amalhotr/ScoutingPFRun3/ScoutingData_2024H_TreeMakerRedone/251209_202708/0000/ScoutingTree_Output_418.root
Opened file /eos/user/a/amalhotr/ScoutingPFRun3/ScoutingData_2024H_TreeMakerRedone/251209_202708/0000/ScoutingTree_Output_418.root with 8018800 entries.
Tree opened successfully.
Total entries = 8018800

=====================================
=== Progress: 10% reached at entry 801880 ===
=====================================

=====================================
=== Progress: 20% reached at entry 1603760 ===
=====================================

=====================================
=== Progress: 30% reached at entry 2405640 ===
=====================================

=====================================
=== Progress: 40% reached at entry 3207520 ===
=====================================

=====================================
=== Progress: 50% reached at entry 4009400 ===
=====================================

=====================================
=== Progress: 60% reached at entry 4811280 ===
=====================================

=====================================
=== Progress: 70% reached at entry 5613160 ===
=====================================

=====================================
=== Progress: 80% reached at entry 6415040 ===
=====================================

=====================================
=== Progress: 90% reached at entry 7216920 ===
=====================================

Opening file: /eos/user/a/amalhotr/ScoutingPFRun3/ScoutingData_2024H_TreeMakerRedone/251209_202708/0000/ScoutingTree_Output_419.root
Opened file /eos/user/a/amalhotr/ScoutingPFRun3/ScoutingData_2024H_TreeMakerRedone/251209_202708/0000/ScoutingTree_Output_419.root with 7926531 entries.
Tree opened successfully.
Total entries = 7926531

=====================================
=== Progress: 10% reached at entry 792653 ===
=====================================

=====================================
=== Progress: 20% reached at entry 1585306 ===
=====================================

=====================================
=== Progress: 30% reached at entry 2377959 ===
=====================================

=====================================
=== Progress: 40% reached at entry 3170612 ===
=====================================

=====================================
=== Progress: 50% reached at entry 3963265 ===
=====================================

=====================================
=== Progress: 60% reached at entry 4755918 ===
=====================================

=====================================
=== Progress: 70% reached at entry 5548571 ===
=====================================

=====================================
=== Progress: 80% reached at entry 6341224 ===
=====================================

=====================================
=== Progress: 90% reached at entry 7133877 ===
=====================================

Opening file: /eos/user/a/amalhotr/ScoutingPFRun3/ScoutingData_2024H_TreeMakerRedone/251209_202708/0000/ScoutingTree_Output_41.root
Opened file /eos/user/a/amalhotr/ScoutingPFRun3/ScoutingData_2024H_TreeMakerRedone/251209_202708/0000/ScoutingTree_Output_41.root with 8618161 entries.
Tree opened successfully.
Total entries = 8618161

=====================================
=== Progress: 10% reached at entry 861816 ===
=====================================

=====================================
=== Progress: 20% reached at entry 1723632 ===
=====================================

=====================================
=== Progress: 30% reached at entry 2585448 ===
=====================================

=====================================
=== Progress: 40% reached at entry 3447264 ===
=====================================

=====================================
=== Progress: 50% reached at entry 4309080 ===
=====================================

=====================================
=== Progress: 60% reached at entry 5170896 ===
=====================================

=====================================
=== Progress: 70% reached at entry 6032712 ===
=====================================

=====================================
=== Progress: 80% reached at entry 6894528 ===
=====================================

=====================================
=== Progress: 90% reached at entry 7756344 ===
=====================================

Opening file: /eos/user/a/amalhotr/ScoutingPFRun3/ScoutingData_2024H_TreeMakerRedone/251209_202708/0000/ScoutingTree_Output_420.root
Opened file /eos/user/a/amalhotr/ScoutingPFRun3/ScoutingData_2024H_TreeMakerRedone/251209_202708/0000/ScoutingTree_Output_420.root with 7844923 entries.
Tree opened successfully.
Total entries = 7844923

=====================================
=== Progress: 10% reached at entry 784492 ===
=====================================

=====================================
=== Progress: 20% reached at entry 1568984 ===
=====================================

=====================================
=== Progress: 30% reached at entry 2353476 ===
=====================================

=====================================
=== Progress: 40% reached at entry 3137969 ===
=====================================

=====================================
=== Progress: 50% reached at entry 3922461 ===
=====================================

=====================================
=== Progress: 60% reached at entry 4706953 ===
=====================================

=====================================
=== Progress: 70% reached at entry 5491446 ===
=====================================

=====================================
=== Progress: 80% reached at entry 6275938 ===
=====================================

=====================================
=== Progress: 90% reached at entry 7060430 ===
=====================================

Finished Tree2PlotsRun3 scan.
