000 (14420078.000.000) 01/26 11:29:46 Job submitted from host: <188.184.90.62:9618?addrs=188.184.90.62-9618+[2001-1458-201-e4--100-238]-9618&alias=bigbird16.cern.ch&noUDP&sock=schedd_5196_9a2f>
...
040 (14420078.000.000) 01/26 11:30:12 Started transferring input files
	Transferring to host: <188.185.213.220:9618?addrs=188.185.213.220-9618+[2001-1458-303-1b--100-58]-9618&alias=b9p28p1121.cern.ch&noUDP&sock=slot1_3_1586554_91be_65270>
...
040 (14420078.000.000) 01/26 11:30:12 Finished transferring input files
...
001 (14420078.000.000) 01/26 11:30:13 Job executing on host: <188.185.213.220:9618?addrs=188.185.213.220-9618+[2001-1458-303-1b--100-58]-9618&alias=b9p28p1121.cern.ch&noUDP&sock=startd_4079_6ee6>
	SlotName: slot1_3@b9p28p1121.cern.ch
	CondorScratchDir = "/pool/condor/dir_3492709"
	Cpus = 1
	Disk = 3800
	GPUs = 0
	Memory = 3000
...
006 (14420078.000.000) 01/26 11:30:26 Image size of job updated: 661024
	646  -  MemoryUsage of job (MB)
	661024  -  ResidentSetSize of job (KB)
...
006 (14420078.000.000) 01/26 11:34:16 Image size of job updated: 838740
	646  -  MemoryUsage of job (MB)
	661024  -  ResidentSetSize of job (KB)
...
040 (14420078.000.000) 01/26 11:34:16 Started transferring output files
...
040 (14420078.000.000) 01/26 11:34:16 Finished transferring output files
...
005 (14420078.000.000) 01/26 11:34:16 Job terminated.
	(1) Normal termination (return value 0)
		Usr 0 00:03:07, Sys 0 00:00:08  -  Run Remote Usage
		Usr 0 00:00:00, Sys 0 00:00:00  -  Run Local Usage
		Usr 0 00:03:07, Sys 0 00:00:08  -  Total Remote Usage
		Usr 0 00:00:00, Sys 0 00:00:00  -  Total Local Usage
	12859  -  Run Bytes Sent By Job
	317  -  Run Bytes Received By Job
	12859  -  Total Bytes Sent By Job
	317  -  Total Bytes Received By Job
	Partitionable Resources :    Usage  Request Allocated 
	   Cpus                 :        0        1         1 
	   Disk (KB)            :       36        1      3800 
	   GPUs                 :                           0 
	   Memory (MB)          :      646     3000      3000 
	   TimeExecute (s)      :      243                    
	   TimeSlotBusy (s)     :      244                    

	Job terminated of its own accord at 2026-01-26T10:34:16Z with exit-code 0.
...
