000 (14419473.000.000) 01/26 11:06:26 Job submitted from host: <188.184.90.62:9618?addrs=188.184.90.62-9618+[2001-1458-201-e4--100-238]-9618&alias=bigbird16.cern.ch&noUDP&sock=schedd_5196_9a2f>
...
040 (14419473.000.000) 01/26 11:09:55 Started transferring input files
	Transferring to host: <188.185.210.196:9618?addrs=188.185.210.196-9618+[2001-1458-303-15--100-40]-9618&alias=b9p22p0282.cern.ch&noUDP&sock=slot1_10_5695_6481_134848>
...
040 (14419473.000.000) 01/26 11:09:55 Finished transferring input files
...
001 (14419473.000.000) 01/26 11:09:56 Job executing on host: <188.185.210.196:9618?addrs=188.185.210.196-9618+[2001-1458-303-15--100-40]-9618&alias=b9p22p0282.cern.ch&noUDP&sock=startd_4816_f432>
	SlotName: slot1_10@b9p22p0282.cern.ch
	CondorScratchDir = "/pool/condor/dir_70599"
	Cpus = 1
	Disk = 3835
	GPUs = 0
	Memory = 3000
...
006 (14419473.000.000) 01/26 11:10:09 Image size of job updated: 77972
	77  -  MemoryUsage of job (MB)
	77972  -  ResidentSetSize of job (KB)
...
006 (14419473.000.000) 01/26 11:15:09 Image size of job updated: 798520
	777  -  MemoryUsage of job (MB)
	794916  -  ResidentSetSize of job (KB)
...
006 (14419473.000.000) 01/26 11:18:01 Image size of job updated: 807392
	777  -  MemoryUsage of job (MB)
	794916  -  ResidentSetSize of job (KB)
...
040 (14419473.000.000) 01/26 11:18:01 Started transferring output files
...
040 (14419473.000.000) 01/26 11:18:01 Finished transferring output files
...
005 (14419473.000.000) 01/26 11:18:01 Job terminated.
	(1) Normal termination (return value 0)
		Usr 0 00:04:40, Sys 0 00:00:09  -  Run Remote Usage
		Usr 0 00:00:00, Sys 0 00:00:00  -  Run Local Usage
		Usr 0 00:04:40, Sys 0 00:00:09  -  Total Remote Usage
		Usr 0 00:00:00, Sys 0 00:00:00  -  Total Local Usage
	13162  -  Run Bytes Sent By Job
	317  -  Run Bytes Received By Job
	13162  -  Total Bytes Sent By Job
	317  -  Total Bytes Received By Job
	Partitionable Resources :    Usage  Request Allocated 
	   Cpus                 :                 1         1 
	   Disk (KB)            :       29        1      3835 
	   GPUs                 :                           0 
	   Memory (MB)          :      777     3000      3000 
	   TimeExecute (s)      :      485                    
	   TimeSlotBusy (s)     :      486                    

	Job terminated of its own accord at 2026-01-26T10:18:01Z with exit-code 0.
...
