000 (14420241.000.000) 01/26 11:55:56 Job submitted from host: <188.184.90.62:9618?addrs=188.184.90.62-9618+[2001-1458-201-e4--100-238]-9618&alias=bigbird16.cern.ch&noUDP&sock=schedd_5196_9a2f>
...
040 (14420241.000.000) 01/26 11:56:19 Started transferring input files
	Transferring to host: <128.142.161.137:9618?addrs=128.142.161.137-9618+[2001-1458-301-b9--100-6]-9618&alias=b9g03p1001.cern.ch&noUDP&sock=slot1_9_5472_44d8_46626>
...
040 (14420241.000.000) 01/26 11:56:19 Finished transferring input files
...
001 (14420241.000.000) 01/26 11:56:20 Job executing on host: <128.142.161.137:9618?addrs=128.142.161.137-9618+[2001-1458-301-b9--100-6]-9618&alias=b9g03p1001.cern.ch&noUDP&sock=startd_4903_a0f0>
	SlotName: slot1_9@b9g03p1001.cern.ch
	CondorScratchDir = "/pool/condor/dir_3735813"
	Cpus = 1
	Disk = 3839
	GPUs = 0
	Memory = 3000
...
006 (14420241.000.000) 01/26 11:56:33 Image size of job updated: 557552
	545  -  MemoryUsage of job (MB)
	557552  -  ResidentSetSize of job (KB)
...
006 (14420241.000.000) 01/26 12:01:33 Image size of job updated: 816316
	794  -  MemoryUsage of job (MB)
	812084  -  ResidentSetSize of job (KB)
...
006 (14420241.000.000) 01/26 12:03:14 Image size of job updated: 820900
	794  -  MemoryUsage of job (MB)
	812084  -  ResidentSetSize of job (KB)
...
040 (14420241.000.000) 01/26 12:03:14 Started transferring output files
...
040 (14420241.000.000) 01/26 12:03:14 Finished transferring output files
...
005 (14420241.000.000) 01/26 12:03:14 Job terminated.
	(1) Normal termination (return value 0)
		Usr 0 00:05:11, Sys 0 00:00:09  -  Run Remote Usage
		Usr 0 00:00:00, Sys 0 00:00:00  -  Run Local Usage
		Usr 0 00:05:11, Sys 0 00:00:09  -  Total Remote Usage
		Usr 0 00:00:00, Sys 0 00:00:00  -  Total Local Usage
	13401  -  Run Bytes Sent By Job
	317  -  Run Bytes Received By Job
	13401  -  Total Bytes Sent By Job
	317  -  Total Bytes Received By Job
	Partitionable Resources :    Usage  Request Allocated 
	   Cpus                 :     0.93        1         1 
	   Disk (KB)            :    36           1      3839 
	   GPUs                 :                           0 
	   Memory (MB)          :   794        3000      3000 
	   TimeExecute (s)      :   414                       
	   TimeSlotBusy (s)     :   416                       

	Job terminated of its own accord at 2026-01-26T11:03:14Z with exit-code 0.
...
