/pool/condor/dir_2001593

Opening file: /eos/user/a/amalhotr/ScoutingPFRun3/ScoutingData_2024H_TreeMakerRedone/251209_202708/0000/ScoutingTree_Output_317.root
Opened file /eos/user/a/amalhotr/ScoutingPFRun3/ScoutingData_2024H_TreeMakerRedone/251209_202708/0000/ScoutingTree_Output_317.root with 11597918 entries.
Tree opened successfully.
Total entries = 11597918

=====================================
=== Progress: 10% reached at entry 1159791 ===
=====================================

=====================================
=== Progress: 20% reached at entry 2319583 ===
=====================================

=====================================
=== Progress: 30% reached at entry 3479375 ===
=====================================

=====================================
=== Progress: 40% reached at entry 4639167 ===
=====================================

=====================================
=== Progress: 50% reached at entry 5798959 ===
=====================================

=====================================
=== Progress: 60% reached at entry 6958750 ===
=====================================

=====================================
=== Progress: 70% reached at entry 8118542 ===
=====================================

=====================================
=== Progress: 80% reached at entry 9278334 ===
=====================================

=====================================
=== Progress: 90% reached at entry 10438126 ===
=====================================

Opening file: /eos/user/a/amalhotr/ScoutingPFRun3/ScoutingData_2024H_TreeMakerRedone/251209_202708/0000/ScoutingTree_Output_318.root
Opened file /eos/user/a/amalhotr/ScoutingPFRun3/ScoutingData_2024H_TreeMakerRedone/251209_202708/0000/ScoutingTree_Output_318.root with 11571534 entries.
Tree opened successfully.
Total entries = 11571534

=====================================
=== Progress: 10% reached at entry 1157153 ===
=====================================

=====================================
=== Progress: 20% reached at entry 2314306 ===
=====================================

=====================================
=== Progress: 30% reached at entry 3471460 ===
=====================================

=====================================
=== Progress: 40% reached at entry 4628613 ===
=====================================

=====================================
=== Progress: 50% reached at entry 5785767 ===
=====================================

=====================================
=== Progress: 60% reached at entry 6942920 ===
=====================================

=====================================
=== Progress: 70% reached at entry 8100073 ===
=====================================

=====================================
=== Progress: 80% reached at entry 9257227 ===
=====================================

=====================================
=== Progress: 90% reached at entry 10414380 ===
=====================================

Opening file: /eos/user/a/amalhotr/ScoutingPFRun3/ScoutingData_2024H_TreeMakerRedone/251209_202708/0000/ScoutingTree_Output_319.root
Opened file /eos/user/a/amalhotr/ScoutingPFRun3/ScoutingData_2024H_TreeMakerRedone/251209_202708/0000/ScoutingTree_Output_319.root with 11589397 entries.
Tree opened successfully.
Total entries = 11589397

=====================================
=== Progress: 10% reached at entry 1158939 ===
=====================================

=====================================
=== Progress: 20% reached at entry 2317879 ===
=====================================

=====================================
=== Progress: 30% reached at entry 3476819 ===
=====================================

=====================================
=== Progress: 40% reached at entry 4635758 ===
=====================================

=====================================
=== Progress: 50% reached at entry 5794698 ===
=====================================

=====================================
=== Progress: 60% reached at entry 6953638 ===
=====================================

=====================================
=== Progress: 70% reached at entry 8112577 ===
=====================================

=====================================
=== Progress: 80% reached at entry 9271517 ===
=====================================

=====================================
=== Progress: 90% reached at entry 10430457 ===
=====================================

Opening file: /eos/user/a/amalhotr/ScoutingPFRun3/ScoutingData_2024H_TreeMakerRedone/251209_202708/0000/ScoutingTree_Output_31.root
Opened file /eos/user/a/amalhotr/ScoutingPFRun3/ScoutingData_2024H_TreeMakerRedone/251209_202708/0000/ScoutingTree_Output_31.root with 8434191 entries.
Tree opened successfully.
Total entries = 8434191

=====================================
=== Progress: 10% reached at entry 843419 ===
=====================================

=====================================
=== Progress: 20% reached at entry 1686838 ===
=====================================

=====================================
=== Progress: 30% reached at entry 2530257 ===
=====================================

=====================================
=== Progress: 40% reached at entry 3373676 ===
=====================================

=====================================
=== Progress: 50% reached at entry 4217095 ===
=====================================

=====================================
=== Progress: 60% reached at entry 5060514 ===
=====================================

=====================================
=== Progress: 70% reached at entry 5903933 ===
=====================================

=====================================
=== Progress: 80% reached at entry 6747352 ===
=====================================

=====================================
=== Progress: 90% reached at entry 7590771 ===
=====================================

Finished Tree2PlotsRun3 scan.
