/pool/condor/dir_2678217

Opening file: /eos/user/a/amalhotr/ScoutingPFRun3/ScoutingData_2024H_TreeMakerRedone/251209_202708/0000/ScoutingTree_Output_346.root
Opened file /eos/user/a/amalhotr/ScoutingPFRun3/ScoutingData_2024H_TreeMakerRedone/251209_202708/0000/ScoutingTree_Output_346.root with 8113129 entries.
Tree opened successfully.
Total entries = 8113129

=====================================
=== Progress: 10% reached at entry 811312 ===
=====================================

=====================================
=== Progress: 20% reached at entry 1622625 ===
=====================================

=====================================
=== Progress: 30% reached at entry 2433938 ===
=====================================

=====================================
=== Progress: 40% reached at entry 3245251 ===
=====================================

=====================================
=== Progress: 50% reached at entry 4056564 ===
=====================================

=====================================
=== Progress: 60% reached at entry 4867877 ===
=====================================

=====================================
=== Progress: 70% reached at entry 5679190 ===
=====================================

=====================================
=== Progress: 80% reached at entry 6490503 ===
=====================================

=====================================
=== Progress: 90% reached at entry 7301816 ===
=====================================

Opening file: /eos/user/a/amalhotr/ScoutingPFRun3/ScoutingData_2024H_TreeMakerRedone/251209_202708/0000/ScoutingTree_Output_347.root
Opened file /eos/user/a/amalhotr/ScoutingPFRun3/ScoutingData_2024H_TreeMakerRedone/251209_202708/0000/ScoutingTree_Output_347.root with 8401187 entries.
Tree opened successfully.
Total entries = 8401187

=====================================
=== Progress: 10% reached at entry 840118 ===
=====================================

=====================================
=== Progress: 20% reached at entry 1680237 ===
=====================================

=====================================
=== Progress: 30% reached at entry 2520356 ===
=====================================

=====================================
=== Progress: 40% reached at entry 3360474 ===
=====================================

=====================================
=== Progress: 50% reached at entry 4200593 ===
=====================================

=====================================
=== Progress: 60% reached at entry 5040712 ===
=====================================

=====================================
=== Progress: 70% reached at entry 5880830 ===
=====================================

=====================================
=== Progress: 80% reached at entry 6720949 ===
=====================================

=====================================
=== Progress: 90% reached at entry 7561068 ===
=====================================

Opening file: /eos/user/a/amalhotr/ScoutingPFRun3/ScoutingData_2024H_TreeMakerRedone/251209_202708/0000/ScoutingTree_Output_348.root
Opened file /eos/user/a/amalhotr/ScoutingPFRun3/ScoutingData_2024H_TreeMakerRedone/251209_202708/0000/ScoutingTree_Output_348.root with 8182374 entries.
Tree opened successfully.
Total entries = 8182374

=====================================
=== Progress: 10% reached at entry 818237 ===
=====================================

=====================================
=== Progress: 20% reached at entry 1636474 ===
=====================================

=====================================
=== Progress: 30% reached at entry 2454712 ===
=====================================

=====================================
=== Progress: 40% reached at entry 3272949 ===
=====================================

=====================================
=== Progress: 50% reached at entry 4091187 ===
=====================================

=====================================
=== Progress: 60% reached at entry 4909424 ===
=====================================

=====================================
=== Progress: 70% reached at entry 5727661 ===
=====================================

=====================================
=== Progress: 80% reached at entry 6545899 ===
=====================================

=====================================
=== Progress: 90% reached at entry 7364136 ===
=====================================

Opening file: /eos/user/a/amalhotr/ScoutingPFRun3/ScoutingData_2024H_TreeMakerRedone/251209_202708/0000/ScoutingTree_Output_349.root
Opened file /eos/user/a/amalhotr/ScoutingPFRun3/ScoutingData_2024H_TreeMakerRedone/251209_202708/0000/ScoutingTree_Output_349.root with 8155646 entries.
Tree opened successfully.
Total entries = 8155646

=====================================
=== Progress: 10% reached at entry 815564 ===
=====================================

=====================================
=== Progress: 20% reached at entry 1631129 ===
=====================================

=====================================
=== Progress: 30% reached at entry 2446693 ===
=====================================

=====================================
=== Progress: 40% reached at entry 3262258 ===
=====================================

=====================================
=== Progress: 50% reached at entry 4077823 ===
=====================================

=====================================
=== Progress: 60% reached at entry 4893387 ===
=====================================

=====================================
=== Progress: 70% reached at entry 5708952 ===
=====================================

=====================================
=== Progress: 80% reached at entry 6524516 ===
=====================================

=====================================
=== Progress: 90% reached at entry 7340081 ===
=====================================

Finished Tree2PlotsRun3 scan.
