/pool/condor/dir_1398786

Opening file: /eos/user/a/amalhotr/ScoutingPFRun3/ScoutingData_2024H_TreeMakerRedone/251209_202708/0000/ScoutingTree_Output_900.root
Opened file /eos/user/a/amalhotr/ScoutingPFRun3/ScoutingData_2024H_TreeMakerRedone/251209_202708/0000/ScoutingTree_Output_900.root with 8219836 entries.
Tree opened successfully.
Total entries = 8219836

=====================================
=== Progress: 10% reached at entry 821983 ===
=====================================

=====================================
=== Progress: 20% reached at entry 1643967 ===
=====================================

=====================================
=== Progress: 30% reached at entry 2465950 ===
=====================================

=====================================
=== Progress: 40% reached at entry 3287934 ===
=====================================

=====================================
=== Progress: 50% reached at entry 4109918 ===
=====================================

=====================================
=== Progress: 60% reached at entry 4931901 ===
=====================================

=====================================
=== Progress: 70% reached at entry 5753885 ===
=====================================

=====================================
=== Progress: 80% reached at entry 6575868 ===
=====================================

=====================================
=== Progress: 90% reached at entry 7397852 ===
=====================================

Opening file: /eos/user/a/amalhotr/ScoutingPFRun3/ScoutingData_2024H_TreeMakerRedone/251209_202708/0000/ScoutingTree_Output_901.root
Opened file /eos/user/a/amalhotr/ScoutingPFRun3/ScoutingData_2024H_TreeMakerRedone/251209_202708/0000/ScoutingTree_Output_901.root with 8058417 entries.
Tree opened successfully.
Total entries = 8058417

=====================================
=== Progress: 10% reached at entry 805841 ===
=====================================

=====================================
=== Progress: 20% reached at entry 1611683 ===
=====================================

=====================================
=== Progress: 30% reached at entry 2417525 ===
=====================================

=====================================
=== Progress: 40% reached at entry 3223366 ===
=====================================

=====================================
=== Progress: 50% reached at entry 4029208 ===
=====================================

=====================================
=== Progress: 60% reached at entry 4835050 ===
=====================================

=====================================
=== Progress: 70% reached at entry 5640891 ===
=====================================

=====================================
=== Progress: 80% reached at entry 6446733 ===
=====================================

=====================================
=== Progress: 90% reached at entry 7252575 ===
=====================================

Opening file: /eos/user/a/amalhotr/ScoutingPFRun3/ScoutingData_2024H_TreeMakerRedone/251209_202708/0000/ScoutingTree_Output_902.root
Opened file /eos/user/a/amalhotr/ScoutingPFRun3/ScoutingData_2024H_TreeMakerRedone/251209_202708/0000/ScoutingTree_Output_902.root with 7963412 entries.
Tree opened successfully.
Total entries = 7963412

=====================================
=== Progress: 10% reached at entry 796341 ===
=====================================

=====================================
=== Progress: 20% reached at entry 1592682 ===
=====================================

=====================================
=== Progress: 30% reached at entry 2389023 ===
=====================================

=====================================
=== Progress: 40% reached at entry 3185364 ===
=====================================

=====================================
=== Progress: 50% reached at entry 3981706 ===
=====================================

=====================================
=== Progress: 60% reached at entry 4778047 ===
=====================================

=====================================
=== Progress: 70% reached at entry 5574388 ===
=====================================

=====================================
=== Progress: 80% reached at entry 6370729 ===
=====================================

=====================================
=== Progress: 90% reached at entry 7167070 ===
=====================================

Opening file: /eos/user/a/amalhotr/ScoutingPFRun3/ScoutingData_2024H_TreeMakerRedone/251209_202708/0000/ScoutingTree_Output_903.root
Opened file /eos/user/a/amalhotr/ScoutingPFRun3/ScoutingData_2024H_TreeMakerRedone/251209_202708/0000/ScoutingTree_Output_903.root with 8183628 entries.
Tree opened successfully.
Total entries = 8183628

=====================================
=== Progress: 10% reached at entry 818362 ===
=====================================

=====================================
=== Progress: 20% reached at entry 1636725 ===
=====================================

=====================================
=== Progress: 30% reached at entry 2455088 ===
=====================================

=====================================
=== Progress: 40% reached at entry 3273451 ===
=====================================

=====================================
=== Progress: 50% reached at entry 4091814 ===
=====================================

=====================================
=== Progress: 60% reached at entry 4910176 ===
=====================================

=====================================
=== Progress: 70% reached at entry 5728539 ===
=====================================

=====================================
=== Progress: 80% reached at entry 6546902 ===
=====================================

=====================================
=== Progress: 90% reached at entry 7365265 ===
=====================================

Finished Tree2PlotsRun3 scan.
