/pool/condor/dir_3655258

Opening file: /eos/user/a/amalhotr/ScoutingPFRun3/ScoutingData_2024H_TreeMakerRedone/251209_202708/0000/ScoutingTree_Output_706.root
Opened file /eos/user/a/amalhotr/ScoutingPFRun3/ScoutingData_2024H_TreeMakerRedone/251209_202708/0000/ScoutingTree_Output_706.root with 7808946 entries.
Tree opened successfully.
Total entries = 7808946

=====================================
=== Progress: 10% reached at entry 780894 ===
=====================================

=====================================
=== Progress: 20% reached at entry 1561789 ===
=====================================

=====================================
=== Progress: 30% reached at entry 2342683 ===
=====================================

=====================================
=== Progress: 40% reached at entry 3123578 ===
=====================================

=====================================
=== Progress: 50% reached at entry 3904473 ===
=====================================

=====================================
=== Progress: 60% reached at entry 4685367 ===
=====================================

=====================================
=== Progress: 70% reached at entry 5466262 ===
=====================================

=====================================
=== Progress: 80% reached at entry 6247156 ===
=====================================

=====================================
=== Progress: 90% reached at entry 7028051 ===
=====================================

Opening file: /eos/user/a/amalhotr/ScoutingPFRun3/ScoutingData_2024H_TreeMakerRedone/251209_202708/0000/ScoutingTree_Output_707.root
Opened file /eos/user/a/amalhotr/ScoutingPFRun3/ScoutingData_2024H_TreeMakerRedone/251209_202708/0000/ScoutingTree_Output_707.root with 8370934 entries.
Tree opened successfully.
Total entries = 8370934

=====================================
=== Progress: 10% reached at entry 837093 ===
=====================================

=====================================
=== Progress: 20% reached at entry 1674186 ===
=====================================

=====================================
=== Progress: 30% reached at entry 2511280 ===
=====================================

=====================================
=== Progress: 40% reached at entry 3348373 ===
=====================================

=====================================
=== Progress: 50% reached at entry 4185467 ===
=====================================

=====================================
=== Progress: 60% reached at entry 5022560 ===
=====================================

=====================================
=== Progress: 70% reached at entry 5859653 ===
=====================================

=====================================
=== Progress: 80% reached at entry 6696747 ===
=====================================

=====================================
=== Progress: 90% reached at entry 7533840 ===
=====================================

Opening file: /eos/user/a/amalhotr/ScoutingPFRun3/ScoutingData_2024H_TreeMakerRedone/251209_202708/0000/ScoutingTree_Output_708.root
Opened file /eos/user/a/amalhotr/ScoutingPFRun3/ScoutingData_2024H_TreeMakerRedone/251209_202708/0000/ScoutingTree_Output_708.root with 8266466 entries.
Tree opened successfully.
Total entries = 8266466

=====================================
=== Progress: 10% reached at entry 826646 ===
=====================================

=====================================
=== Progress: 20% reached at entry 1653293 ===
=====================================

=====================================
=== Progress: 30% reached at entry 2479939 ===
=====================================

=====================================
=== Progress: 40% reached at entry 3306586 ===
=====================================

=====================================
=== Progress: 50% reached at entry 4133233 ===
=====================================

=====================================
=== Progress: 60% reached at entry 4959879 ===
=====================================

=====================================
=== Progress: 70% reached at entry 5786526 ===
=====================================

=====================================
=== Progress: 80% reached at entry 6613172 ===
=====================================

=====================================
=== Progress: 90% reached at entry 7439819 ===
=====================================

Opening file: /eos/user/a/amalhotr/ScoutingPFRun3/ScoutingData_2024H_TreeMakerRedone/251209_202708/0000/ScoutingTree_Output_709.root
Opened file /eos/user/a/amalhotr/ScoutingPFRun3/ScoutingData_2024H_TreeMakerRedone/251209_202708/0000/ScoutingTree_Output_709.root with 8114145 entries.
Tree opened successfully.
Total entries = 8114145

=====================================
=== Progress: 10% reached at entry 811414 ===
=====================================

=====================================
=== Progress: 20% reached at entry 1622829 ===
=====================================

=====================================
=== Progress: 30% reached at entry 2434243 ===
=====================================

=====================================
=== Progress: 40% reached at entry 3245658 ===
=====================================

=====================================
=== Progress: 50% reached at entry 4057072 ===
=====================================

=====================================
=== Progress: 60% reached at entry 4868487 ===
=====================================

=====================================
=== Progress: 70% reached at entry 5679901 ===
=====================================

=====================================
=== Progress: 80% reached at entry 6491316 ===
=====================================

=====================================
=== Progress: 90% reached at entry 7302730 ===
=====================================

Finished Tree2PlotsRun3 scan.
