000 (14419449.000.000) 01/26 11:03:26 Job submitted from host: <188.184.90.62:9618?addrs=188.184.90.62-9618+[2001-1458-201-e4--100-238]-9618&alias=bigbird16.cern.ch&noUDP&sock=schedd_5196_9a2f>
...
040 (14419449.000.000) 01/26 11:05:16 Started transferring input files
	Transferring to host: <188.185.195.117:9618?addrs=188.185.195.117-9618+[2001-1458-303-22--100-71]-9618&alias=b9p17p3627.cern.ch&noUDP&sock=slot1_4_7326_9463_125112>
...
040 (14419449.000.000) 01/26 11:05:16 Finished transferring input files
...
001 (14419449.000.000) 01/26 11:05:17 Job executing on host: <188.185.195.117:9618?addrs=188.185.195.117-9618+[2001-1458-303-22--100-71]-9618&alias=b9p17p3627.cern.ch&noUDP&sock=startd_6693_6b76>
	SlotName: slot1_4@b9p17p3627.cern.ch
	CondorScratchDir = "/pool/condor/dir_106862"
	Cpus = 1
	Disk = 3840
	GPUs = 0
	Memory = 3000
...
006 (14419449.000.000) 01/26 11:05:31 Image size of job updated: 94460
	93  -  MemoryUsage of job (MB)
	94460  -  ResidentSetSize of job (KB)
...
006 (14419449.000.000) 01/26 11:10:32 Image size of job updated: 763548
	741  -  MemoryUsage of job (MB)
	758336  -  ResidentSetSize of job (KB)
...
006 (14419449.000.000) 01/26 11:14:22 Image size of job updated: 764816
	741  -  MemoryUsage of job (MB)
	758336  -  ResidentSetSize of job (KB)
...
040 (14419449.000.000) 01/26 11:14:22 Started transferring output files
...
040 (14419449.000.000) 01/26 11:14:22 Finished transferring output files
...
005 (14419449.000.000) 01/26 11:14:22 Job terminated.
	(1) Normal termination (return value 0)
		Usr 0 00:06:38, Sys 0 00:00:14  -  Run Remote Usage
		Usr 0 00:00:00, Sys 0 00:00:00  -  Run Local Usage
		Usr 0 00:06:38, Sys 0 00:00:14  -  Total Remote Usage
		Usr 0 00:00:00, Sys 0 00:00:00  -  Total Local Usage
	13436  -  Run Bytes Sent By Job
	317  -  Run Bytes Received By Job
	13436  -  Total Bytes Sent By Job
	317  -  Total Bytes Received By Job
	Partitionable Resources :    Usage  Request Allocated 
	   Cpus                 :     0.82        1         1 
	   Disk (KB)            :    37           1      3840 
	   GPUs                 :                           0 
	   Memory (MB)          :   741        3000      3000 
	   TimeExecute (s)      :   545                       
	   TimeSlotBusy (s)     :   547                       

	Job terminated of its own accord at 2026-01-26T10:14:22Z with exit-code 0.
...
