000 (14419451.000.000) 01/26 11:03:27 Job submitted from host: <188.184.90.62:9618?addrs=188.184.90.62-9618+[2001-1458-201-e4--100-238]-9618&alias=bigbird16.cern.ch&noUDP&sock=schedd_5196_9a2f>
...
040 (14419451.000.000) 01/26 11:05:17 Started transferring input files
	Transferring to host: <128.142.192.161:9618?addrs=128.142.192.161-9618+[2001-1458-301-56--100-1d]-9618&alias=b9g18p0292.cern.ch&noUDP&sock=slot1_9_4368_66ab_158694>
...
040 (14419451.000.000) 01/26 11:05:17 Finished transferring input files
...
001 (14419451.000.000) 01/26 11:05:18 Job executing on host: <128.142.192.161:9618?addrs=128.142.192.161-9618+[2001-1458-301-56--100-1d]-9618&alias=b9g18p0292.cern.ch&noUDP&sock=startd_3514_e3e3>
	SlotName: slot1_9@b9g18p0292.cern.ch
	CondorScratchDir = "/pool/condor/dir_237731"
	Cpus = 1
	Disk = 3821
	GPUs = 0
	Memory = 3000
...
006 (14419451.000.000) 01/26 11:05:32 Image size of job updated: 141528
	139  -  MemoryUsage of job (MB)
	141528  -  ResidentSetSize of job (KB)
...
006 (14419451.000.000) 01/26 11:10:33 Image size of job updated: 852424
	798  -  MemoryUsage of job (MB)
	816832  -  ResidentSetSize of job (KB)
...
040 (14419451.000.000) 01/26 11:12:09 Started transferring output files
...
040 (14419451.000.000) 01/26 11:12:09 Finished transferring output files
...
005 (14419451.000.000) 01/26 11:12:09 Job terminated.
	(1) Normal termination (return value 0)
		Usr 0 00:05:10, Sys 0 00:00:07  -  Run Remote Usage
		Usr 0 00:00:00, Sys 0 00:00:00  -  Run Local Usage
		Usr 0 00:05:10, Sys 0 00:00:07  -  Total Remote Usage
		Usr 0 00:00:00, Sys 0 00:00:00  -  Total Local Usage
	12858  -  Run Bytes Sent By Job
	317  -  Run Bytes Received By Job
	12858  -  Total Bytes Sent By Job
	317  -  Total Bytes Received By Job
	Partitionable Resources :    Usage  Request Allocated 
	   Cpus                 :     0.87        1         1 
	   Disk (KB)            :    36           1      3821 
	   GPUs                 :                           0 
	   Memory (MB)          :   798        3000      3000 
	   TimeExecute (s)      :   411                       
	   TimeSlotBusy (s)     :   414                       

	Job terminated of its own accord at 2026-01-26T10:12:09Z with exit-code 0.
...
