000 (14418826.000.000) 01/26 10:29:57 Job submitted from host: <188.184.90.62:9618?addrs=188.184.90.62-9618+[2001-1458-201-e4--100-238]-9618&alias=bigbird16.cern.ch&noUDP&sock=schedd_5196_9a2f>
...
040 (14418826.000.000) 01/26 10:31:52 Started transferring input files
	Transferring to host: <188.185.213.221:9618?addrs=188.185.213.221-9618+[2001-1458-303-1b--100-59]-9618&alias=b9p28p6440.cern.ch&noUDP&sock=slot1_30_4461_ed8e_162739>
...
040 (14418826.000.000) 01/26 10:31:52 Finished transferring input files
...
001 (14418826.000.000) 01/26 10:31:53 Job executing on host: <188.185.213.221:9618?addrs=188.185.213.221-9618+[2001-1458-303-1b--100-59]-9618&alias=b9p28p6440.cern.ch&noUDP&sock=startd_3792_9337>
	SlotName: slot1_30@b9p28p6440.cern.ch
	CondorScratchDir = "/pool/condor/dir_3290019"
	Cpus = 1
	Disk = 3862
	GPUs = 0
	Memory = 3000
...
006 (14418826.000.000) 01/26 10:32:06 Image size of job updated: 568208
	555  -  MemoryUsage of job (MB)
	568208  -  ResidentSetSize of job (KB)
...
006 (14418826.000.000) 01/26 10:36:23 Image size of job updated: 845896
	555  -  MemoryUsage of job (MB)
	568208  -  ResidentSetSize of job (KB)
...
040 (14418826.000.000) 01/26 10:36:23 Started transferring output files
...
040 (14418826.000.000) 01/26 10:36:23 Finished transferring output files
...
005 (14418826.000.000) 01/26 10:36:23 Job terminated.
	(1) Normal termination (return value 0)
		Usr 0 00:03:06, Sys 0 00:00:07  -  Run Remote Usage
		Usr 0 00:00:00, Sys 0 00:00:00  -  Run Local Usage
		Usr 0 00:03:06, Sys 0 00:00:07  -  Total Remote Usage
		Usr 0 00:00:00, Sys 0 00:00:00  -  Total Local Usage
	12859  -  Run Bytes Sent By Job
	317  -  Run Bytes Received By Job
	12859  -  Total Bytes Sent By Job
	317  -  Total Bytes Received By Job
	Partitionable Resources :    Usage  Request Allocated 
	   Cpus                 :     0.57        1         1 
	   Disk (KB)            :    36           1      3862 
	   GPUs                 :                           0 
	   Memory (MB)          :   555        3000      3000 
	   TimeExecute (s)      :   270                       
	   TimeSlotBusy (s)     :   272                       

	Job terminated of its own accord at 2026-01-26T09:36:23Z with exit-code 0.
...
