/pool/condor/dir_4109729

Opening file: /eos/user/a/amalhotr/ScoutingPFRun3/ScoutingData_2024H_TreeMakerRedone/251209_202708/0000/ScoutingTree_Output_656.root
Opened file /eos/user/a/amalhotr/ScoutingPFRun3/ScoutingData_2024H_TreeMakerRedone/251209_202708/0000/ScoutingTree_Output_656.root with 8343931 entries.
Tree opened successfully.
Total entries = 8343931

=====================================
=== Progress: 10% reached at entry 834393 ===
=====================================

=====================================
=== Progress: 20% reached at entry 1668786 ===
=====================================

=====================================
=== Progress: 30% reached at entry 2503179 ===
=====================================

=====================================
=== Progress: 40% reached at entry 3337572 ===
=====================================

=====================================
=== Progress: 50% reached at entry 4171965 ===
=====================================

=====================================
=== Progress: 60% reached at entry 5006358 ===
=====================================

=====================================
=== Progress: 70% reached at entry 5840751 ===
=====================================

=====================================
=== Progress: 80% reached at entry 6675144 ===
=====================================

=====================================
=== Progress: 90% reached at entry 7509537 ===
=====================================

Opening file: /eos/user/a/amalhotr/ScoutingPFRun3/ScoutingData_2024H_TreeMakerRedone/251209_202708/0000/ScoutingTree_Output_657.root
Opened file /eos/user/a/amalhotr/ScoutingPFRun3/ScoutingData_2024H_TreeMakerRedone/251209_202708/0000/ScoutingTree_Output_657.root with 8199003 entries.
Tree opened successfully.
Total entries = 8199003

=====================================
=== Progress: 10% reached at entry 819900 ===
=====================================

=====================================
=== Progress: 20% reached at entry 1639800 ===
=====================================

=====================================
=== Progress: 30% reached at entry 2459700 ===
=====================================

=====================================
=== Progress: 40% reached at entry 3279601 ===
=====================================

=====================================
=== Progress: 50% reached at entry 4099501 ===
=====================================

=====================================
=== Progress: 60% reached at entry 4919401 ===
=====================================

=====================================
=== Progress: 70% reached at entry 5739302 ===
=====================================

=====================================
=== Progress: 80% reached at entry 6559202 ===
=====================================

=====================================
=== Progress: 90% reached at entry 7379102 ===
=====================================

Opening file: /eos/user/a/amalhotr/ScoutingPFRun3/ScoutingData_2024H_TreeMakerRedone/251209_202708/0000/ScoutingTree_Output_658.root
Opened file /eos/user/a/amalhotr/ScoutingPFRun3/ScoutingData_2024H_TreeMakerRedone/251209_202708/0000/ScoutingTree_Output_658.root with 8363166 entries.
Tree opened successfully.
Total entries = 8363166

=====================================
=== Progress: 10% reached at entry 836316 ===
=====================================

=====================================
=== Progress: 20% reached at entry 1672633 ===
=====================================

=====================================
=== Progress: 30% reached at entry 2508949 ===
=====================================

=====================================
=== Progress: 40% reached at entry 3345266 ===
=====================================

=====================================
=== Progress: 50% reached at entry 4181583 ===
=====================================

=====================================
=== Progress: 60% reached at entry 5017899 ===
=====================================

=====================================
=== Progress: 70% reached at entry 5854216 ===
=====================================

=====================================
=== Progress: 80% reached at entry 6690532 ===
=====================================

=====================================
=== Progress: 90% reached at entry 7526849 ===
=====================================

Opening file: /eos/user/a/amalhotr/ScoutingPFRun3/ScoutingData_2024H_TreeMakerRedone/251209_202708/0000/ScoutingTree_Output_659.root
Opened file /eos/user/a/amalhotr/ScoutingPFRun3/ScoutingData_2024H_TreeMakerRedone/251209_202708/0000/ScoutingTree_Output_659.root with 8177855 entries.
Tree opened successfully.
Total entries = 8177855

=====================================
=== Progress: 10% reached at entry 817785 ===
=====================================

=====================================
=== Progress: 20% reached at entry 1635571 ===
=====================================

=====================================
=== Progress: 30% reached at entry 2453356 ===
=====================================

=====================================
=== Progress: 40% reached at entry 3271142 ===
=====================================

=====================================
=== Progress: 50% reached at entry 4088927 ===
=====================================

=====================================
=== Progress: 60% reached at entry 4906713 ===
=====================================

=====================================
=== Progress: 70% reached at entry 5724498 ===
=====================================

=====================================
=== Progress: 80% reached at entry 6542284 ===
=====================================

=====================================
=== Progress: 90% reached at entry 7360069 ===
=====================================

Finished Tree2PlotsRun3 scan.
