000 (14419472.000.000) 01/26 11:06:26 Job submitted from host: <188.184.90.62:9618?addrs=188.184.90.62-9618+[2001-1458-201-e4--100-238]-9618&alias=bigbird16.cern.ch&noUDP&sock=schedd_5196_9a2f>
...
040 (14419472.000.000) 01/26 11:07:35 Started transferring input files
	Transferring to host: <188.185.193.134:9618?addrs=188.185.193.134-9618+[2001-1458-303-20--100-82]-9618&alias=b9p19p2472.cern.ch&noUDP&sock=slot1_1_5013_dca5_124723>
...
040 (14419472.000.000) 01/26 11:07:35 Finished transferring input files
...
001 (14419472.000.000) 01/26 11:07:36 Job executing on host: <188.185.193.134:9618?addrs=188.185.193.134-9618+[2001-1458-303-20--100-82]-9618&alias=b9p19p2472.cern.ch&noUDP&sock=startd_3982_e636>
	SlotName: slot1_1@b9p19p2472.cern.ch
	CondorScratchDir = "/pool/condor/dir_2533545"
	Cpus = 1
	Disk = 3882
	GPUs = 0
	Memory = 3000
...
006 (14419472.000.000) 01/26 11:07:50 Image size of job updated: 647056
	632  -  MemoryUsage of job (MB)
	647056  -  ResidentSetSize of job (KB)
...
006 (14419472.000.000) 01/26 11:12:51 Image size of job updated: 846484
	806  -  MemoryUsage of job (MB)
	825040  -  ResidentSetSize of job (KB)
...
040 (14419472.000.000) 01/26 11:14:26 Started transferring output files
...
040 (14419472.000.000) 01/26 11:14:26 Finished transferring output files
...
005 (14419472.000.000) 01/26 11:14:26 Job terminated.
	(1) Normal termination (return value 0)
		Usr 0 00:04:49, Sys 0 00:00:06  -  Run Remote Usage
		Usr 0 00:00:00, Sys 0 00:00:00  -  Run Local Usage
		Usr 0 00:04:49, Sys 0 00:00:06  -  Total Remote Usage
		Usr 0 00:00:00, Sys 0 00:00:00  -  Total Local Usage
	12859  -  Run Bytes Sent By Job
	317  -  Run Bytes Received By Job
	12859  -  Total Bytes Sent By Job
	317  -  Total Bytes Received By Job
	Partitionable Resources :    Usage  Request Allocated 
	   Cpus                 :     0.51        1         1 
	   Disk (KB)            :    37           1      3882 
	   GPUs                 :                           0 
	   Memory (MB)          :   806        3000      3000 
	   TimeExecute (s)      :   410                       
	   TimeSlotBusy (s)     :   411                       

	Job terminated of its own accord at 2026-01-26T10:14:26Z with exit-code 0.
...
