000 (14420248.000.000) 01/26 11:56:00 Job submitted from host: <188.184.90.62:9618?addrs=188.184.90.62-9618+[2001-1458-201-e4--100-238]-9618&alias=bigbird16.cern.ch&noUDP&sock=schedd_5196_9a2f>
...
040 (14420248.000.000) 01/26 11:56:20 Started transferring input files
	Transferring to host: <188.185.193.148:9618?addrs=188.185.193.148-9618+[2001-1458-303-20--100-90]-9618&alias=b9p19p8519.cern.ch&noUDP&sock=slot1_32_8103_0be3_123356>
...
040 (14420248.000.000) 01/26 11:56:20 Finished transferring input files
...
001 (14420248.000.000) 01/26 11:56:21 Job executing on host: <188.185.193.148:9618?addrs=188.185.193.148-9618+[2001-1458-303-20--100-90]-9618&alias=b9p19p8519.cern.ch&noUDP&sock=startd_7102_f5b2>
	SlotName: slot1_32@b9p19p8519.cern.ch
	CondorScratchDir = "/pool/condor/dir_1129832"
	Cpus = 1
	Disk = 3830
	GPUs = 0
	Memory = 3000
...
006 (14420248.000.000) 01/26 11:56:35 Image size of job updated: 147796
	145  -  MemoryUsage of job (MB)
	147796  -  ResidentSetSize of job (KB)
...
006 (14420248.000.000) 01/26 12:01:36 Image size of job updated: 803688
	777  -  MemoryUsage of job (MB)
	794904  -  ResidentSetSize of job (KB)
...
040 (14420248.000.000) 01/26 12:03:14 Started transferring output files
...
040 (14420248.000.000) 01/26 12:03:14 Finished transferring output files
...
005 (14420248.000.000) 01/26 12:03:14 Job terminated.
	(1) Normal termination (return value 0)
		Usr 0 00:05:18, Sys 0 00:00:10  -  Run Remote Usage
		Usr 0 00:00:00, Sys 0 00:00:00  -  Run Local Usage
		Usr 0 00:05:18, Sys 0 00:00:10  -  Total Remote Usage
		Usr 0 00:00:00, Sys 0 00:00:00  -  Total Local Usage
	13014  -  Run Bytes Sent By Job
	317  -  Run Bytes Received By Job
	13014  -  Total Bytes Sent By Job
	317  -  Total Bytes Received By Job
	Partitionable Resources :    Usage  Request Allocated 
	   Cpus                 :     0.90        1         1 
	   Disk (KB)            :    36           1      3830 
	   GPUs                 :                           0 
	   Memory (MB)          :   777        3000      3000 
	   TimeExecute (s)      :   413                       
	   TimeSlotBusy (s)     :   415                       

	Job terminated of its own accord at 2026-01-26T11:03:14Z with exit-code 0.
...
