000 (14418856.000.000) 01/26 10:44:40 Job submitted from host: <188.184.90.62:9618?addrs=188.184.90.62-9618+[2001-1458-201-e4--100-238]-9618&alias=bigbird16.cern.ch&noUDP&sock=schedd_5196_9a2f>
...
040 (14418856.000.000) 01/26 10:49:10 Started transferring input files
	Transferring to host: <188.185.193.147:9618?addrs=188.185.193.147-9618+[2001-1458-303-20--100-8f]-9618&alias=b9p19p4528.cern.ch&noUDP&sock=slot1_5_438700_9629_50393>
...
040 (14418856.000.000) 01/26 10:49:10 Finished transferring input files
...
001 (14418856.000.000) 01/26 10:49:11 Job executing on host: <188.185.193.147:9618?addrs=188.185.193.147-9618+[2001-1458-303-20--100-8f]-9618&alias=b9p19p4528.cern.ch&noUDP&sock=startd_438474_4592>
	SlotName: slot1_5@b9p19p4528.cern.ch
	CondorScratchDir = "/pool/condor/dir_1527065"
	Cpus = 1
	Disk = 3799
	GPUs = 0
	Memory = 3000
...
006 (14418856.000.000) 01/26 10:49:24 Image size of job updated: 36176
	36  -  MemoryUsage of job (MB)
	36176  -  ResidentSetSize of job (KB)
...
006 (14418856.000.000) 01/26 10:54:24 Image size of job updated: 814488
	793  -  MemoryUsage of job (MB)
	811988  -  ResidentSetSize of job (KB)
...
006 (14418856.000.000) 01/26 10:57:06 Image size of job updated: 817832
	793  -  MemoryUsage of job (MB)
	811988  -  ResidentSetSize of job (KB)
...
040 (14418856.000.000) 01/26 10:57:06 Started transferring output files
...
040 (14418856.000.000) 01/26 10:57:06 Finished transferring output files
...
005 (14418856.000.000) 01/26 10:57:06 Job terminated.
	(1) Normal termination (return value 0)
		Usr 0 00:06:09, Sys 0 00:00:11  -  Run Remote Usage
		Usr 0 00:00:00, Sys 0 00:00:00  -  Run Local Usage
		Usr 0 00:06:09, Sys 0 00:00:11  -  Total Remote Usage
		Usr 0 00:00:00, Sys 0 00:00:00  -  Total Local Usage
	13439  -  Run Bytes Sent By Job
	317  -  Run Bytes Received By Job
	13439  -  Total Bytes Sent By Job
	317  -  Total Bytes Received By Job
	Partitionable Resources :    Usage  Request Allocated 
	   Cpus                 :        0        1         1 
	   Disk (KB)            :       36        1      3799 
	   GPUs                 :                           0 
	   Memory (MB)          :      793     3000      3000 
	   TimeExecute (s)      :      475                    
	   TimeSlotBusy (s)     :      478                    

	Job terminated of its own accord at 2026-01-26T09:57:06Z with exit-code 0.
...
