000 (14419931.000.000) 01/26 11:22:50 Job submitted from host: <188.184.90.62:9618?addrs=188.184.90.62-9618+[2001-1458-201-e4--100-238]-9618&alias=bigbird16.cern.ch&noUDP&sock=schedd_5196_9a2f>
...
040 (14419931.000.000) 01/26 11:25:06 Started transferring input files
	Transferring to host: <188.185.214.26:9618?addrs=188.185.214.26-9618+[2001-1458-303-1c--100-16]-9618&alias=b9p29p0550.cern.ch&noUDP&sock=slot1_17_6799_42ae_134173>
...
040 (14419931.000.000) 01/26 11:25:06 Finished transferring input files
...
001 (14419931.000.000) 01/26 11:25:08 Job executing on host: <188.185.214.26:9618?addrs=188.185.214.26-9618+[2001-1458-303-1c--100-16]-9618&alias=b9p29p0550.cern.ch&noUDP&sock=startd_5906_9a6d>
	SlotName: slot1_17@b9p29p0550.cern.ch
	CondorScratchDir = "/pool/condor/dir_1966158"
	Cpus = 1
	Disk = 3787
	GPUs = 0
	Memory = 3000
...
006 (14419931.000.000) 01/26 11:25:21 Image size of job updated: 29548
	29  -  MemoryUsage of job (MB)
	29548  -  ResidentSetSize of job (KB)
...
006 (14419931.000.000) 01/26 11:30:21 Image size of job updated: 837424
	809  -  MemoryUsage of job (MB)
	827840  -  ResidentSetSize of job (KB)
...
040 (14419931.000.000) 01/26 11:30:56 Started transferring output files
...
040 (14419931.000.000) 01/26 11:30:56 Finished transferring output files
...
005 (14419931.000.000) 01/26 11:30:56 Job terminated.
	(1) Normal termination (return value 0)
		Usr 0 00:04:11, Sys 0 00:00:08  -  Run Remote Usage
		Usr 0 00:00:00, Sys 0 00:00:00  -  Run Local Usage
		Usr 0 00:04:11, Sys 0 00:00:08  -  Total Remote Usage
		Usr 0 00:00:00, Sys 0 00:00:00  -  Total Local Usage
	12859  -  Run Bytes Sent By Job
	317  -  Run Bytes Received By Job
	12859  -  Total Bytes Sent By Job
	317  -  Total Bytes Received By Job
	Partitionable Resources :    Usage  Request Allocated 
	   Cpus                 :     0.08        1         1 
	   Disk (KB)            :    36           1      3787 
	   GPUs                 :                           0 
	   Memory (MB)          :   809        3000      3000 
	   TimeExecute (s)      :   349                       
	   TimeSlotBusy (s)     :   351                       

	Job terminated of its own accord at 2026-01-26T10:30:56Z with exit-code 0.
...
