000 (14420193.000.000) 01/26 11:38:10 Job submitted from host: <188.184.90.62:9618?addrs=188.184.90.62-9618+[2001-1458-201-e4--100-238]-9618&alias=bigbird16.cern.ch&noUDP&sock=schedd_5196_9a2f>
...
040 (14420193.000.000) 01/26 11:40:22 Started transferring input files
	Transferring to host: <188.185.194.181:9618?addrs=188.185.194.181-9618+[2001-1458-303-21--100-b1]-9618&alias=b9p20p9544.cern.ch&noUDP&sock=slot1_23_4442_8a6e_126432>
...
040 (14420193.000.000) 01/26 11:40:22 Finished transferring input files
...
001 (14420193.000.000) 01/26 11:40:23 Job executing on host: <188.185.194.181:9618?addrs=188.185.194.181-9618+[2001-1458-303-21--100-b1]-9618&alias=b9p20p9544.cern.ch&noUDP&sock=startd_3620_98ed>
	SlotName: slot1_23@b9p20p9544.cern.ch
	CondorScratchDir = "/pool/condor/dir_1965442"
	Cpus = 1
	Disk = 3802
	GPUs = 0
	Memory = 3000
...
006 (14420193.000.000) 01/26 11:40:36 Image size of job updated: 132888
	130  -  MemoryUsage of job (MB)
	132888  -  ResidentSetSize of job (KB)
...
006 (14420193.000.000) 01/26 11:45:36 Image size of job updated: 765876
	747  -  MemoryUsage of job (MB)
	764928  -  ResidentSetSize of job (KB)
...
006 (14420193.000.000) 01/26 11:48:53 Image size of job updated: 766224
	747  -  MemoryUsage of job (MB)
	764928  -  ResidentSetSize of job (KB)
...
040 (14420193.000.000) 01/26 11:48:53 Started transferring output files
...
040 (14420193.000.000) 01/26 11:48:53 Finished transferring output files
...
005 (14420193.000.000) 01/26 11:48:53 Job terminated.
	(1) Normal termination (return value 0)
		Usr 0 00:06:21, Sys 0 00:00:11  -  Run Remote Usage
		Usr 0 00:00:00, Sys 0 00:00:00  -  Run Local Usage
		Usr 0 00:06:21, Sys 0 00:00:11  -  Total Remote Usage
		Usr 0 00:00:00, Sys 0 00:00:00  -  Total Local Usage
	13286  -  Run Bytes Sent By Job
	317  -  Run Bytes Received By Job
	13286  -  Total Bytes Sent By Job
	317  -  Total Bytes Received By Job
	Partitionable Resources :    Usage  Request Allocated 
	   Cpus                 :     0.72        1         1 
	   Disk (KB)            :    36           1      3802 
	   GPUs                 :                           0 
	   Memory (MB)          :   747        3000      3000 
	   TimeExecute (s)      :   510                       
	   TimeSlotBusy (s)     :   512                       

	Job terminated of its own accord at 2026-01-26T10:48:53Z with exit-code 0.
...
