000 (14418869.000.000) 01/26 10:44:45 Job submitted from host: <188.184.90.62:9618?addrs=188.184.90.62-9618+[2001-1458-201-e4--100-238]-9618&alias=bigbird16.cern.ch&noUDP&sock=schedd_5196_9a2f>
...
040 (14418869.000.000) 01/26 10:49:13 Started transferring input files
	Transferring to host: <188.185.194.151:9618?addrs=188.185.194.151-9618+[2001-1458-303-21--100-93]-9618&alias=b9p20p9170.cern.ch&noUDP&sock=slot1_10_3175_d31a_121723>
...
040 (14418869.000.000) 01/26 10:49:13 Finished transferring input files
...
001 (14418869.000.000) 01/26 10:49:14 Job executing on host: <188.185.194.151:9618?addrs=188.185.194.151-9618+[2001-1458-303-21--100-93]-9618&alias=b9p20p9170.cern.ch&noUDP&sock=startd_2519_6728>
	SlotName: slot1_10@b9p20p9170.cern.ch
	CondorScratchDir = "/pool/condor/dir_1401449"
	Cpus = 1
	Disk = 3892
	GPUs = 0
	Memory = 3000
...
006 (14418869.000.000) 01/26 10:49:28 Image size of job updated: 116220
	114  -  MemoryUsage of job (MB)
	116220  -  ResidentSetSize of job (KB)
...
006 (14418869.000.000) 01/26 10:54:29 Image size of job updated: 772380
	745  -  MemoryUsage of job (MB)
	762412  -  ResidentSetSize of job (KB)
...
006 (14418869.000.000) 01/26 10:57:18 Image size of job updated: 778352
	745  -  MemoryUsage of job (MB)
	762412  -  ResidentSetSize of job (KB)
...
040 (14418869.000.000) 01/26 10:57:18 Started transferring output files
...
040 (14418869.000.000) 01/26 10:57:18 Finished transferring output files
...
005 (14418869.000.000) 01/26 10:57:18 Job terminated.
	(1) Normal termination (return value 0)
		Usr 0 00:06:05, Sys 0 00:00:08  -  Run Remote Usage
		Usr 0 00:00:00, Sys 0 00:00:00  -  Run Local Usage
		Usr 0 00:06:05, Sys 0 00:00:08  -  Total Remote Usage
		Usr 0 00:00:00, Sys 0 00:00:00  -  Total Local Usage
	13161  -  Run Bytes Sent By Job
	317  -  Run Bytes Received By Job
	13161  -  Total Bytes Sent By Job
	317  -  Total Bytes Received By Job
	Partitionable Resources :    Usage  Request Allocated 
	   Cpus                 :        0        1         1 
	   Disk (KB)            :       36        1      3892 
	   GPUs                 :                           0 
	   Memory (MB)          :      745     3000      3000 
	   TimeExecute (s)      :      484                    
	   TimeSlotBusy (s)     :      486                    

	Job terminated of its own accord at 2026-01-26T09:57:18Z with exit-code 0.
...
