000 (14419610.000.000) 01/26 11:12:01 Job submitted from host: <188.184.90.62:9618?addrs=188.184.90.62-9618+[2001-1458-201-e4--100-238]-9618&alias=bigbird16.cern.ch&noUDP&sock=schedd_5196_9a2f>
...
040 (14419610.000.000) 01/26 11:12:10 Started transferring input files
	Transferring to host: <128.142.192.161:9618?addrs=128.142.192.161-9618+[2001-1458-301-56--100-1d]-9618&alias=b9g18p0292.cern.ch&noUDP&sock=slot1_9_4368_66ab_158716>
...
040 (14419610.000.000) 01/26 11:12:10 Finished transferring input files
...
001 (14419610.000.000) 01/26 11:12:11 Job executing on host: <128.142.192.161:9618?addrs=128.142.192.161-9618+[2001-1458-301-56--100-1d]-9618&alias=b9g18p0292.cern.ch&noUDP&sock=startd_3514_e3e3>
	SlotName: slot1_9@b9g18p0292.cern.ch
	CondorScratchDir = "/pool/condor/dir_252879"
	Cpus = 1
	Disk = 3836
	GPUs = 0
	Memory = 3000
...
006 (14419610.000.000) 01/26 11:12:24 Image size of job updated: 587584
	574  -  MemoryUsage of job (MB)
	587584  -  ResidentSetSize of job (KB)
...
006 (14419610.000.000) 01/26 11:17:24 Image size of job updated: 837532
	816  -  MemoryUsage of job (MB)
	835432  -  ResidentSetSize of job (KB)
...
006 (14419610.000.000) 01/26 11:18:39 Image size of job updated: 840584
	816  -  MemoryUsage of job (MB)
	835432  -  ResidentSetSize of job (KB)
...
040 (14419610.000.000) 01/26 11:18:39 Started transferring output files
...
040 (14419610.000.000) 01/26 11:18:39 Finished transferring output files
...
005 (14419610.000.000) 01/26 11:18:39 Job terminated.
	(1) Normal termination (return value 0)
		Usr 0 00:04:41, Sys 0 00:00:07  -  Run Remote Usage
		Usr 0 00:00:00, Sys 0 00:00:00  -  Run Local Usage
		Usr 0 00:04:41, Sys 0 00:00:07  -  Total Remote Usage
		Usr 0 00:00:00, Sys 0 00:00:00  -  Total Local Usage
	12856  -  Run Bytes Sent By Job
	317  -  Run Bytes Received By Job
	12856  -  Total Bytes Sent By Job
	317  -  Total Bytes Received By Job
	Partitionable Resources :    Usage  Request Allocated 
	   Cpus                 :        0        1         1 
	   Disk (KB)            :       37        1      3836 
	   GPUs                 :                           0 
	   Memory (MB)          :      816     3000      3000 
	   TimeExecute (s)      :      388                    
	   TimeSlotBusy (s)     :      390                    

	Job terminated of its own accord at 2026-01-26T10:18:39Z with exit-code 0.
...
