/pool/condor/dir_4066318

Opening file: /eos/user/a/amalhotr/ScoutingPFRun3/ScoutingData_2024H_TreeMakerRedone/251209_202708/0000/ScoutingTree_Output_843.root
Opened file /eos/user/a/amalhotr/ScoutingPFRun3/ScoutingData_2024H_TreeMakerRedone/251209_202708/0000/ScoutingTree_Output_843.root with 6943534 entries.
Tree opened successfully.
Total entries = 6943534

=====================================
=== Progress: 10% reached at entry 694353 ===
=====================================

=====================================
=== Progress: 20% reached at entry 1388706 ===
=====================================

=====================================
=== Progress: 30% reached at entry 2083060 ===
=====================================

=====================================
=== Progress: 40% reached at entry 2777413 ===
=====================================

=====================================
=== Progress: 50% reached at entry 3471767 ===
=====================================

=====================================
=== Progress: 60% reached at entry 4166120 ===
=====================================

=====================================
=== Progress: 70% reached at entry 4860473 ===
=====================================

=====================================
=== Progress: 80% reached at entry 5554827 ===
=====================================

=====================================
=== Progress: 90% reached at entry 6249180 ===
=====================================

Opening file: /eos/user/a/amalhotr/ScoutingPFRun3/ScoutingData_2024H_TreeMakerRedone/251209_202708/0000/ScoutingTree_Output_844.root
Opened file /eos/user/a/amalhotr/ScoutingPFRun3/ScoutingData_2024H_TreeMakerRedone/251209_202708/0000/ScoutingTree_Output_844.root with 6756724 entries.
Tree opened successfully.
Total entries = 6756724

=====================================
=== Progress: 10% reached at entry 675672 ===
=====================================

=====================================
=== Progress: 20% reached at entry 1351344 ===
=====================================

=====================================
=== Progress: 30% reached at entry 2027017 ===
=====================================

=====================================
=== Progress: 40% reached at entry 2702689 ===
=====================================

=====================================
=== Progress: 50% reached at entry 3378362 ===
=====================================

=====================================
=== Progress: 60% reached at entry 4054034 ===
=====================================

=====================================
=== Progress: 70% reached at entry 4729706 ===
=====================================

=====================================
=== Progress: 80% reached at entry 5405379 ===
=====================================

=====================================
=== Progress: 90% reached at entry 6081051 ===
=====================================

Opening file: /eos/user/a/amalhotr/ScoutingPFRun3/ScoutingData_2024H_TreeMakerRedone/251209_202708/0000/ScoutingTree_Output_845.root
Opened file /eos/user/a/amalhotr/ScoutingPFRun3/ScoutingData_2024H_TreeMakerRedone/251209_202708/0000/ScoutingTree_Output_845.root with 7270057 entries.
Tree opened successfully.
Total entries = 7270057

=====================================
=== Progress: 10% reached at entry 727005 ===
=====================================

=====================================
=== Progress: 20% reached at entry 1454011 ===
=====================================

=====================================
=== Progress: 30% reached at entry 2181017 ===
=====================================

=====================================
=== Progress: 40% reached at entry 2908022 ===
=====================================

=====================================
=== Progress: 50% reached at entry 3635028 ===
=====================================

=====================================
=== Progress: 60% reached at entry 4362034 ===
=====================================

=====================================
=== Progress: 70% reached at entry 5089039 ===
=====================================

=====================================
=== Progress: 80% reached at entry 5816045 ===
=====================================

=====================================
=== Progress: 90% reached at entry 6543051 ===
=====================================

Opening file: /eos/user/a/amalhotr/ScoutingPFRun3/ScoutingData_2024H_TreeMakerRedone/251209_202708/0000/ScoutingTree_Output_846.root
Opened file /eos/user/a/amalhotr/ScoutingPFRun3/ScoutingData_2024H_TreeMakerRedone/251209_202708/0000/ScoutingTree_Output_846.root with 7229902 entries.
Tree opened successfully.
Total entries = 7229902

=====================================
=== Progress: 10% reached at entry 722990 ===
=====================================

=====================================
=== Progress: 20% reached at entry 1445980 ===
=====================================

=====================================
=== Progress: 30% reached at entry 2168970 ===
=====================================

=====================================
=== Progress: 40% reached at entry 2891960 ===
=====================================

=====================================
=== Progress: 50% reached at entry 3614951 ===
=====================================

=====================================
=== Progress: 60% reached at entry 4337941 ===
=====================================

=====================================
=== Progress: 70% reached at entry 5060931 ===
=====================================

=====================================
=== Progress: 80% reached at entry 5783921 ===
=====================================

=====================================
=== Progress: 90% reached at entry 6506911 ===
=====================================

Finished Tree2PlotsRun3 scan.
