/pool/condor/dir_1388899

Opening file: /eos/user/a/amalhotr/ScoutingPFRun3/ScoutingData_2024H_TreeMakerRedone/251209_202708/0000/ScoutingTree_Output_854.root
Opened file /eos/user/a/amalhotr/ScoutingPFRun3/ScoutingData_2024H_TreeMakerRedone/251209_202708/0000/ScoutingTree_Output_854.root with 6531883 entries.
Tree opened successfully.
Total entries = 6531883

=====================================
=== Progress: 10% reached at entry 653188 ===
=====================================

=====================================
=== Progress: 20% reached at entry 1306376 ===
=====================================

=====================================
=== Progress: 30% reached at entry 1959564 ===
=====================================

=====================================
=== Progress: 40% reached at entry 2612753 ===
=====================================

=====================================
=== Progress: 50% reached at entry 3265941 ===
=====================================

=====================================
=== Progress: 60% reached at entry 3919129 ===
=====================================

=====================================
=== Progress: 70% reached at entry 4572318 ===
=====================================

=====================================
=== Progress: 80% reached at entry 5225506 ===
=====================================

=====================================
=== Progress: 90% reached at entry 5878694 ===
=====================================

Opening file: /eos/user/a/amalhotr/ScoutingPFRun3/ScoutingData_2024H_TreeMakerRedone/251209_202708/0000/ScoutingTree_Output_855.root
Opened file /eos/user/a/amalhotr/ScoutingPFRun3/ScoutingData_2024H_TreeMakerRedone/251209_202708/0000/ScoutingTree_Output_855.root with 7106859 entries.
Tree opened successfully.
Total entries = 7106859

=====================================
=== Progress: 10% reached at entry 710685 ===
=====================================

=====================================
=== Progress: 20% reached at entry 1421371 ===
=====================================

=====================================
=== Progress: 30% reached at entry 2132057 ===
=====================================

=====================================
=== Progress: 40% reached at entry 2842743 ===
=====================================

=====================================
=== Progress: 50% reached at entry 3553429 ===
=====================================

=====================================
=== Progress: 60% reached at entry 4264115 ===
=====================================

=====================================
=== Progress: 70% reached at entry 4974801 ===
=====================================

=====================================
=== Progress: 80% reached at entry 5685487 ===
=====================================

=====================================
=== Progress: 90% reached at entry 6396173 ===
=====================================

Opening file: /eos/user/a/amalhotr/ScoutingPFRun3/ScoutingData_2024H_TreeMakerRedone/251209_202708/0000/ScoutingTree_Output_856.root
Opened file /eos/user/a/amalhotr/ScoutingPFRun3/ScoutingData_2024H_TreeMakerRedone/251209_202708/0000/ScoutingTree_Output_856.root with 7618678 entries.
Tree opened successfully.
Total entries = 7618678

=====================================
=== Progress: 10% reached at entry 761867 ===
=====================================

=====================================
=== Progress: 20% reached at entry 1523735 ===
=====================================

=====================================
=== Progress: 30% reached at entry 2285603 ===
=====================================

=====================================
=== Progress: 40% reached at entry 3047471 ===
=====================================

=====================================
=== Progress: 50% reached at entry 3809339 ===
=====================================

=====================================
=== Progress: 60% reached at entry 4571206 ===
=====================================

=====================================
=== Progress: 70% reached at entry 5333074 ===
=====================================

=====================================
=== Progress: 80% reached at entry 6094942 ===
=====================================

=====================================
=== Progress: 90% reached at entry 6856810 ===
=====================================

Opening file: /eos/user/a/amalhotr/ScoutingPFRun3/ScoutingData_2024H_TreeMakerRedone/251209_202708/0000/ScoutingTree_Output_857.root
Opened file /eos/user/a/amalhotr/ScoutingPFRun3/ScoutingData_2024H_TreeMakerRedone/251209_202708/0000/ScoutingTree_Output_857.root with 8151080 entries.
Tree opened successfully.
Total entries = 8151080

=====================================
=== Progress: 10% reached at entry 815108 ===
=====================================

=====================================
=== Progress: 20% reached at entry 1630216 ===
=====================================

=====================================
=== Progress: 30% reached at entry 2445324 ===
=====================================

=====================================
=== Progress: 40% reached at entry 3260432 ===
=====================================

=====================================
=== Progress: 50% reached at entry 4075540 ===
=====================================

=====================================
=== Progress: 60% reached at entry 4890648 ===
=====================================

=====================================
=== Progress: 70% reached at entry 5705756 ===
=====================================

=====================================
=== Progress: 80% reached at entry 6520864 ===
=====================================

=====================================
=== Progress: 90% reached at entry 7335972 ===
=====================================

Finished Tree2PlotsRun3 scan.
