000 (14420260.000.000) 01/26 11:56:03 Job submitted from host: <188.184.90.62:9618?addrs=188.184.90.62-9618+[2001-1458-201-e4--100-238]-9618&alias=bigbird16.cern.ch&noUDP&sock=schedd_5196_9a2f>
...
040 (14420260.000.000) 01/26 11:56:29 Started transferring input files
	Transferring to host: <188.185.195.137:9618?addrs=188.185.195.137-9618+[2001-1458-303-22--100-85]-9618&alias=b9p17p0989.cern.ch&noUDP&sock=slot1_35_5690_dea0_121595>
...
040 (14420260.000.000) 01/26 11:56:29 Finished transferring input files
...
001 (14420260.000.000) 01/26 11:56:30 Job executing on host: <188.185.195.137:9618?addrs=188.185.195.137-9618+[2001-1458-303-22--100-85]-9618&alias=b9p17p0989.cern.ch&noUDP&sock=startd_4566_7985>
	SlotName: slot1_35@b9p17p0989.cern.ch
	CondorScratchDir = "/pool/condor/dir_3118232"
	Cpus = 1
	Disk = 3893
	GPUs = 0
	Memory = 3000
...
006 (14420260.000.000) 01/26 11:56:44 Image size of job updated: 153284
	150  -  MemoryUsage of job (MB)
	153284  -  ResidentSetSize of job (KB)
...
006 (14420260.000.000) 01/26 12:01:13 Image size of job updated: 823136
	150  -  MemoryUsage of job (MB)
	153284  -  ResidentSetSize of job (KB)
...
040 (14420260.000.000) 01/26 12:01:13 Started transferring output files
...
040 (14420260.000.000) 01/26 12:01:13 Finished transferring output files
...
005 (14420260.000.000) 01/26 12:01:13 Job terminated.
	(1) Normal termination (return value 0)
		Usr 0 00:03:40, Sys 0 00:00:07  -  Run Remote Usage
		Usr 0 00:00:00, Sys 0 00:00:00  -  Run Local Usage
		Usr 0 00:03:40, Sys 0 00:00:07  -  Total Remote Usage
		Usr 0 00:00:00, Sys 0 00:00:00  -  Total Local Usage
	11730  -  Run Bytes Sent By Job
	317  -  Run Bytes Received By Job
	11730  -  Total Bytes Sent By Job
	317  -  Total Bytes Received By Job
	Partitionable Resources :    Usage  Request Allocated 
	   Cpus                 :     0.85        1         1 
	   Disk (KB)            :    35           1      3893 
	   GPUs                 :                           0 
	   Memory (MB)          :   150        3000      3000 
	   TimeExecute (s)      :   283                       
	   TimeSlotBusy (s)     :   285                       

	Job terminated of its own accord at 2026-01-26T11:01:13Z with exit-code 0.
...
