/pool/condor/dir_716453

Opening file: /eos/user/a/amalhotr/ScoutingPFRun3/ScoutingData_2024H_TreeMakerRedone/251209_202708/0000/ScoutingTree_Output_30.root
Opened file /eos/user/a/amalhotr/ScoutingPFRun3/ScoutingData_2024H_TreeMakerRedone/251209_202708/0000/ScoutingTree_Output_30.root with 8376059 entries.
Tree opened successfully.
Total entries = 8376059

=====================================
=== Progress: 10% reached at entry 837605 ===
=====================================

=====================================
=== Progress: 20% reached at entry 1675211 ===
=====================================

=====================================
=== Progress: 30% reached at entry 2512817 ===
=====================================

=====================================
=== Progress: 40% reached at entry 3350423 ===
=====================================

=====================================
=== Progress: 50% reached at entry 4188029 ===
=====================================

=====================================
=== Progress: 60% reached at entry 5025635 ===
=====================================

=====================================
=== Progress: 70% reached at entry 5863241 ===
=====================================

=====================================
=== Progress: 80% reached at entry 6700847 ===
=====================================

=====================================
=== Progress: 90% reached at entry 7538453 ===
=====================================

Opening file: /eos/user/a/amalhotr/ScoutingPFRun3/ScoutingData_2024H_TreeMakerRedone/251209_202708/0000/ScoutingTree_Output_310.root
Opened file /eos/user/a/amalhotr/ScoutingPFRun3/ScoutingData_2024H_TreeMakerRedone/251209_202708/0000/ScoutingTree_Output_310.root with 11398950 entries.
Tree opened successfully.
Total entries = 11398950

=====================================
=== Progress: 10% reached at entry 1139895 ===
=====================================

=====================================
=== Progress: 20% reached at entry 2279790 ===
=====================================

=====================================
=== Progress: 30% reached at entry 3419685 ===
=====================================

=====================================
=== Progress: 40% reached at entry 4559580 ===
=====================================

=====================================
=== Progress: 50% reached at entry 5699475 ===
=====================================

=====================================
=== Progress: 60% reached at entry 6839370 ===
=====================================

=====================================
=== Progress: 70% reached at entry 7979265 ===
=====================================

=====================================
=== Progress: 80% reached at entry 9119160 ===
=====================================

=====================================
=== Progress: 90% reached at entry 10259055 ===
=====================================

Opening file: /eos/user/a/amalhotr/ScoutingPFRun3/ScoutingData_2024H_TreeMakerRedone/251209_202708/0000/ScoutingTree_Output_311.root
Opened file /eos/user/a/amalhotr/ScoutingPFRun3/ScoutingData_2024H_TreeMakerRedone/251209_202708/0000/ScoutingTree_Output_311.root with 11049120 entries.
Tree opened successfully.
Total entries = 11049120

=====================================
=== Progress: 10% reached at entry 1104912 ===
=====================================

=====================================
=== Progress: 20% reached at entry 2209824 ===
=====================================

=====================================
=== Progress: 30% reached at entry 3314736 ===
=====================================

=====================================
=== Progress: 40% reached at entry 4419648 ===
=====================================

=====================================
=== Progress: 50% reached at entry 5524560 ===
=====================================

=====================================
=== Progress: 60% reached at entry 6629472 ===
=====================================

=====================================
=== Progress: 70% reached at entry 7734384 ===
=====================================

=====================================
=== Progress: 80% reached at entry 8839296 ===
=====================================

=====================================
=== Progress: 90% reached at entry 9944208 ===
=====================================

Opening file: /eos/user/a/amalhotr/ScoutingPFRun3/ScoutingData_2024H_TreeMakerRedone/251209_202708/0000/ScoutingTree_Output_312.root
Opened file /eos/user/a/amalhotr/ScoutingPFRun3/ScoutingData_2024H_TreeMakerRedone/251209_202708/0000/ScoutingTree_Output_312.root with 11274144 entries.
Tree opened successfully.
Total entries = 11274144

=====================================
=== Progress: 10% reached at entry 1127414 ===
=====================================

=====================================
=== Progress: 20% reached at entry 2254828 ===
=====================================

=====================================
=== Progress: 30% reached at entry 3382243 ===
=====================================

=====================================
=== Progress: 40% reached at entry 4509657 ===
=====================================

=====================================
=== Progress: 50% reached at entry 5637072 ===
=====================================

=====================================
=== Progress: 60% reached at entry 6764486 ===
=====================================

=====================================
=== Progress: 70% reached at entry 7891900 ===
=====================================

=====================================
=== Progress: 80% reached at entry 9019315 ===
=====================================

=====================================
=== Progress: 90% reached at entry 10146729 ===
=====================================

Finished Tree2PlotsRun3 scan.
