000 (14419455.000.000) 01/26 11:03:28 Job submitted from host: <188.184.90.62:9618?addrs=188.184.90.62-9618+[2001-1458-201-e4--100-238]-9618&alias=bigbird16.cern.ch&noUDP&sock=schedd_5196_9a2f>
...
040 (14419455.000.000) 01/26 11:05:17 Started transferring input files
	Transferring to host: <188.185.212.99:9618?addrs=188.185.212.99-9618+[2001-1458-303-18--100-5f]-9618&alias=b9p25p1129.cern.ch&noUDP&sock=slot1_23_7101_0bfa_137007>
...
040 (14419455.000.000) 01/26 11:05:17 Finished transferring input files
...
001 (14419455.000.000) 01/26 11:05:18 Job executing on host: <188.185.212.99:9618?addrs=188.185.212.99-9618+[2001-1458-303-18--100-5f]-9618&alias=b9p25p1129.cern.ch&noUDP&sock=startd_6149_47f1>
	SlotName: slot1_23@b9p25p1129.cern.ch
	CondorScratchDir = "/pool/condor/dir_3897682"
	Cpus = 1
	Disk = 3736
	GPUs = 0
	Memory = 3000
...
006 (14419455.000.000) 01/26 11:05:32 Image size of job updated: 164592
	161  -  MemoryUsage of job (MB)
	164592  -  ResidentSetSize of job (KB)
...
006 (14419455.000.000) 01/26 11:10:34 Image size of job updated: 758776
	741  -  MemoryUsage of job (MB)
	758292  -  ResidentSetSize of job (KB)
...
006 (14419455.000.000) 01/26 11:11:43 Image size of job updated: 762424
	741  -  MemoryUsage of job (MB)
	758292  -  ResidentSetSize of job (KB)
...
040 (14419455.000.000) 01/26 11:11:43 Started transferring output files
...
040 (14419455.000.000) 01/26 11:11:43 Finished transferring output files
...
005 (14419455.000.000) 01/26 11:11:43 Job terminated.
	(1) Normal termination (return value 0)
		Usr 0 00:04:35, Sys 0 00:00:13  -  Run Remote Usage
		Usr 0 00:00:00, Sys 0 00:00:00  -  Run Local Usage
		Usr 0 00:04:35, Sys 0 00:00:13  -  Total Remote Usage
		Usr 0 00:00:00, Sys 0 00:00:00  -  Total Local Usage
	13406  -  Run Bytes Sent By Job
	317  -  Run Bytes Received By Job
	13406  -  Total Bytes Sent By Job
	317  -  Total Bytes Received By Job
	Partitionable Resources :    Usage  Request Allocated 
	   Cpus                 :        0        1         1 
	   Disk (KB)            :       37        1      3736 
	   GPUs                 :                           0 
	   Memory (MB)          :      741     3000      3000 
	   TimeExecute (s)      :      385                    
	   TimeSlotBusy (s)     :      387                    

	Job terminated of its own accord at 2026-01-26T10:11:43Z with exit-code 0.
...
