Begin processing the 1st record. Run 1, Event 1, LumiSection 1 on stream 0 at 26-Jan-2026 10:15:22.338 CET
%MSG-w XrdAdaptorLvl3:  Tree2PlotsRun3:tree2plots 26-Jan-2026 10:18:33 CET  Run: 1 Event: 1
Deactivating st-h01-paris.cern.ch from active sources because its quality (328) is higher than 260 and 4 times larger than the other active server eosfst-umbriel.cern.ch (2) 
%MSG
[2026-01-26 10:22:25.288807 +0100][Error  ][PostMaster        ] [st-h01-apollo.cern.ch:1105] Forcing error on disconnect: [ERROR] Operation interrupted.
[2026-01-26 10:22:25.293923 +0100][Error  ][PostMaster        ] [st-h01-hefesto.cern.ch:1101] Forcing error on disconnect: [ERROR] Operation interrupted.

TrigReport ---------- Event  Summary ------------
TrigReport Events total = 1 passed = 1 failed = 0

TrigReport ---------- Path   Summary ------------
TrigReport  Trig Bit#   Executed     Passed     Failed      Error Name
TrigReport     1    0          1          1          0          0 p


TrigReport -------End-Path   Summary ------------
TrigReport  Trig Bit#   Executed     Passed     Failed      Error Name


TrigReport ---------- Modules in Path: p ------------
TrigReport  Trig Bit#    Visited     Passed     Failed      Error Name
TrigReport     1    0          1          1          0          0 tree2plots


TrigReport ---------- Module Summary ------------
TrigReport    Visited   Executed     Passed     Failed      Error Name
TrigReport          1          1          1          0          0 TriggerResults
TrigReport          1          1          1          0          0 p
TrigReport          1          1          1          0          0 tree2plots


TimeReport ---------- Event  Summary ---[sec]----
TimeReport       event loop CPU/event = 390.721386
TimeReport      event loop Real/event = 500.596510
TimeReport     sum Streams Real/event = 500.595757
TimeReport efficiency CPU/Real/thread = 0.780512

TimeReport ---------- Path   Summary ---[Real sec]----
TimeReport  per event     per exec  Name
TimeReport 500.595423   500.595423  p

TimeReport  per event     per exec  Name

TimeReport -------End-Path   Summary ---[Real sec]----
TimeReport  per event     per exec  Name

TimeReport  per event     per exec  Name

TimeReport ---------- Modules in Path: p ---[Real sec]----
TimeReport  per event    per visit  Name
TimeReport 500.595147   500.595147  tree2plots

TimeReport  per event    per visit  Name

TimeReport ---------- Module Summary ---[Real sec]----
TimeReport  per event     per exec    per visit  Name
TimeReport   0.000003     0.000003     0.000003  TriggerResults
TimeReport   0.000048     0.000048     0.000048  p
TimeReport 500.595147   500.595147   500.595147  tree2plots

TimeReport  per event     per exec    per visit  Name

T---Report end!


