/pool/condor/dir_3008051

Opening file: /eos/user/a/amalhotr/ScoutingPFRun3/ScoutingData_2024H_TreeMakerRedone/251209_202708/0000/ScoutingTree_Output_173.root
Opened file /eos/user/a/amalhotr/ScoutingPFRun3/ScoutingData_2024H_TreeMakerRedone/251209_202708/0000/ScoutingTree_Output_173.root with 10909992 entries.
Tree opened successfully.
Total entries = 10909992

=====================================
=== Progress: 10% reached at entry 1090999 ===
=====================================

=====================================
=== Progress: 20% reached at entry 2181998 ===
=====================================

=====================================
=== Progress: 30% reached at entry 3272997 ===
=====================================

=====================================
=== Progress: 40% reached at entry 4363996 ===
=====================================

=====================================
=== Progress: 50% reached at entry 5454996 ===
=====================================

=====================================
=== Progress: 60% reached at entry 6545995 ===
=====================================

=====================================
=== Progress: 70% reached at entry 7636994 ===
=====================================

=====================================
=== Progress: 80% reached at entry 8727993 ===
=====================================

=====================================
=== Progress: 90% reached at entry 9818992 ===
=====================================

Opening file: /eos/user/a/amalhotr/ScoutingPFRun3/ScoutingData_2024H_TreeMakerRedone/251209_202708/0000/ScoutingTree_Output_174.root
Opened file /eos/user/a/amalhotr/ScoutingPFRun3/ScoutingData_2024H_TreeMakerRedone/251209_202708/0000/ScoutingTree_Output_174.root with 11222239 entries.
Tree opened successfully.
Total entries = 11222239

=====================================
=== Progress: 10% reached at entry 1122223 ===
=====================================

=====================================
=== Progress: 20% reached at entry 2244447 ===
=====================================

=====================================
=== Progress: 30% reached at entry 3366671 ===
=====================================

=====================================
=== Progress: 40% reached at entry 4488895 ===
=====================================

=====================================
=== Progress: 50% reached at entry 5611119 ===
=====================================

=====================================
=== Progress: 60% reached at entry 6733343 ===
=====================================

=====================================
=== Progress: 70% reached at entry 7855567 ===
=====================================

=====================================
=== Progress: 80% reached at entry 8977791 ===
=====================================

=====================================
=== Progress: 90% reached at entry 10100015 ===
=====================================

Opening file: /eos/user/a/amalhotr/ScoutingPFRun3/ScoutingData_2024H_TreeMakerRedone/251209_202708/0000/ScoutingTree_Output_175.root
Opened file /eos/user/a/amalhotr/ScoutingPFRun3/ScoutingData_2024H_TreeMakerRedone/251209_202708/0000/ScoutingTree_Output_175.root with 11465719 entries.
Tree opened successfully.
Total entries = 11465719

=====================================
=== Progress: 10% reached at entry 1146571 ===
=====================================

=====================================
=== Progress: 20% reached at entry 2293143 ===
=====================================

=====================================
=== Progress: 30% reached at entry 3439715 ===
=====================================

=====================================
=== Progress: 40% reached at entry 4586287 ===
=====================================

=====================================
=== Progress: 50% reached at entry 5732859 ===
=====================================

=====================================
=== Progress: 60% reached at entry 6879431 ===
=====================================

=====================================
=== Progress: 70% reached at entry 8026003 ===
=====================================

=====================================
=== Progress: 80% reached at entry 9172575 ===
=====================================

=====================================
=== Progress: 90% reached at entry 10319147 ===
=====================================

Opening file: /eos/user/a/amalhotr/ScoutingPFRun3/ScoutingData_2024H_TreeMakerRedone/251209_202708/0000/ScoutingTree_Output_176.root
Opened file /eos/user/a/amalhotr/ScoutingPFRun3/ScoutingData_2024H_TreeMakerRedone/251209_202708/0000/ScoutingTree_Output_176.root with 10951467 entries.
Tree opened successfully.
Total entries = 10951467

=====================================
=== Progress: 10% reached at entry 1095146 ===
=====================================

=====================================
=== Progress: 20% reached at entry 2190293 ===
=====================================

=====================================
=== Progress: 30% reached at entry 3285440 ===
=====================================

=====================================
=== Progress: 40% reached at entry 4380586 ===
=====================================

=====================================
=== Progress: 50% reached at entry 5475733 ===
=====================================

=====================================
=== Progress: 60% reached at entry 6570880 ===
=====================================

=====================================
=== Progress: 70% reached at entry 7666026 ===
=====================================

=====================================
=== Progress: 80% reached at entry 8761173 ===
=====================================

=====================================
=== Progress: 90% reached at entry 9856320 ===
=====================================

Finished Tree2PlotsRun3 scan.
