000 (14418789.000.000) 01/26 10:11:28 Job submitted from host: <188.184.90.62:9618?addrs=188.184.90.62-9618+[2001-1458-201-e4--100-238]-9618&alias=bigbird16.cern.ch&noUDP&sock=schedd_5196_9a2f>
...
040 (14418789.000.000) 01/26 10:14:06 Started transferring input files
	Transferring to host: <188.185.213.140:9618?addrs=188.185.213.140-9618+[2001-1458-303-1b--100-8]-9618&alias=b9p28p4880.cern.ch&noUDP&sock=slot1_8_9065_dcca_161502>
...
040 (14418789.000.000) 01/26 10:14:06 Finished transferring input files
...
001 (14418789.000.000) 01/26 10:14:07 Job executing on host: <188.185.213.140:9618?addrs=188.185.213.140-9618+[2001-1458-303-1b--100-8]-9618&alias=b9p28p4880.cern.ch&noUDP&sock=startd_7780_02e8>
	SlotName: slot1_8@b9p28p4880.cern.ch
	CondorScratchDir = "/pool/condor/dir_2390811"
	Cpus = 1
	Disk = 3834
	GPUs = 0
	Memory = 3000
...
006 (14418789.000.000) 01/26 10:14:20 Image size of job updated: 580376
	567  -  MemoryUsage of job (MB)
	580376  -  ResidentSetSize of job (KB)
...
006 (14418789.000.000) 01/26 10:19:20 Image size of job updated: 839160
	820  -  MemoryUsage of job (MB)
	839148  -  ResidentSetSize of job (KB)
...
006 (14418789.000.000) 01/26 10:20:10 Image size of job updated: 839164
	820  -  MemoryUsage of job (MB)
	839148  -  ResidentSetSize of job (KB)
...
040 (14418789.000.000) 01/26 10:20:10 Started transferring output files
...
040 (14418789.000.000) 01/26 10:20:10 Finished transferring output files
...
005 (14418789.000.000) 01/26 10:20:11 Job terminated.
	(1) Normal termination (return value 0)
		Usr 0 00:03:53, Sys 0 00:00:09  -  Run Remote Usage
		Usr 0 00:00:00, Sys 0 00:00:00  -  Run Local Usage
		Usr 0 00:03:53, Sys 0 00:00:09  -  Total Remote Usage
		Usr 0 00:00:00, Sys 0 00:00:00  -  Total Local Usage
	12866  -  Run Bytes Sent By Job
	317  -  Run Bytes Received By Job
	12866  -  Total Bytes Sent By Job
	317  -  Total Bytes Received By Job
	Partitionable Resources :    Usage  Request Allocated 
	   Cpus                 :     0.58        1         1 
	   Disk (KB)            :    36           1      3834 
	   GPUs                 :                           0 
	   Memory (MB)          :   820        3000      3000 
	   TimeExecute (s)      :   363                       
	   TimeSlotBusy (s)     :   365                       

	Job terminated of its own accord at 2026-01-26T09:20:10Z with exit-code 0.
...
