000 (14420223.000.000) 01/26 11:47:48 Job submitted from host: <188.184.90.62:9618?addrs=188.184.90.62-9618+[2001-1458-201-e4--100-238]-9618&alias=bigbird16.cern.ch&noUDP&sock=schedd_5196_9a2f>
...
040 (14420223.000.000) 01/26 11:47:56 Started transferring input files
	Transferring to host: <188.185.196.162:9618?addrs=188.185.196.162-9618+[2001-1458-303-23--100-9e]-9618&alias=b9p16p1742.cern.ch&noUDP&sock=slot1_51_4996_e244_120825>
...
040 (14420223.000.000) 01/26 11:47:56 Finished transferring input files
...
001 (14420223.000.000) 01/26 11:47:57 Job executing on host: <188.185.196.162:9618?addrs=188.185.196.162-9618+[2001-1458-303-23--100-9e]-9618&alias=b9p16p1742.cern.ch&noUDP&sock=startd_4005_ace4>
	SlotName: slot1_51@b9p16p1742.cern.ch
	CondorScratchDir = "/pool/condor/dir_3744291"
	Cpus = 1
	Disk = 3839
	GPUs = 0
	Memory = 3000
...
006 (14420223.000.000) 01/26 11:48:10 Image size of job updated: 156684
	154  -  MemoryUsage of job (MB)
	156684  -  ResidentSetSize of job (KB)
...
006 (14420223.000.000) 01/26 11:53:10 Image size of job updated: 803964
	782  -  MemoryUsage of job (MB)
	800456  -  ResidentSetSize of job (KB)
...
006 (14420223.000.000) 01/26 11:54:20 Image size of job updated: 806348
	782  -  MemoryUsage of job (MB)
	800456  -  ResidentSetSize of job (KB)
...
040 (14420223.000.000) 01/26 11:54:20 Started transferring output files
...
040 (14420223.000.000) 01/26 11:54:20 Finished transferring output files
...
005 (14420223.000.000) 01/26 11:54:20 Job terminated.
	(1) Normal termination (return value 0)
		Usr 0 00:04:54, Sys 0 00:00:08  -  Run Remote Usage
		Usr 0 00:00:00, Sys 0 00:00:00  -  Run Local Usage
		Usr 0 00:04:54, Sys 0 00:00:08  -  Total Remote Usage
		Usr 0 00:00:00, Sys 0 00:00:00  -  Total Local Usage
	12859  -  Run Bytes Sent By Job
	317  -  Run Bytes Received By Job
	12859  -  Total Bytes Sent By Job
	317  -  Total Bytes Received By Job
	Partitionable Resources :    Usage  Request Allocated 
	   Cpus                 :        0        1         1 
	   Disk (KB)            :       37        1      3839 
	   GPUs                 :                           0 
	   Memory (MB)          :      782     3000      3000 
	   TimeExecute (s)      :      383                    
	   TimeSlotBusy (s)     :      384                    

	Job terminated of its own accord at 2026-01-26T10:54:20Z with exit-code 0.
...
