/pool/condor/dir_3691222

Opening file: /eos/user/a/amalhotr/ScoutingPFRun3/ScoutingData_2024H_TreeMakerRedone/251209_202708/0000/ScoutingTree_Output_742.root
Opened file /eos/user/a/amalhotr/ScoutingPFRun3/ScoutingData_2024H_TreeMakerRedone/251209_202708/0000/ScoutingTree_Output_742.root with 8255522 entries.
Tree opened successfully.
Total entries = 8255522

=====================================
=== Progress: 10% reached at entry 825552 ===
=====================================

=====================================
=== Progress: 20% reached at entry 1651104 ===
=====================================

=====================================
=== Progress: 30% reached at entry 2476656 ===
=====================================

=====================================
=== Progress: 40% reached at entry 3302208 ===
=====================================

=====================================
=== Progress: 50% reached at entry 4127761 ===
=====================================

=====================================
=== Progress: 60% reached at entry 4953313 ===
=====================================

=====================================
=== Progress: 70% reached at entry 5778865 ===
=====================================

=====================================
=== Progress: 80% reached at entry 6604417 ===
=====================================

=====================================
=== Progress: 90% reached at entry 7429969 ===
=====================================

Opening file: /eos/user/a/amalhotr/ScoutingPFRun3/ScoutingData_2024H_TreeMakerRedone/251209_202708/0000/ScoutingTree_Output_743.root
Opened file /eos/user/a/amalhotr/ScoutingPFRun3/ScoutingData_2024H_TreeMakerRedone/251209_202708/0000/ScoutingTree_Output_743.root with 8077123 entries.
Tree opened successfully.
Total entries = 8077123

=====================================
=== Progress: 10% reached at entry 807712 ===
=====================================

=====================================
=== Progress: 20% reached at entry 1615424 ===
=====================================

=====================================
=== Progress: 30% reached at entry 2423136 ===
=====================================

=====================================
=== Progress: 40% reached at entry 3230849 ===
=====================================

=====================================
=== Progress: 50% reached at entry 4038561 ===
=====================================

=====================================
=== Progress: 60% reached at entry 4846273 ===
=====================================

=====================================
=== Progress: 70% reached at entry 5653986 ===
=====================================

=====================================
=== Progress: 80% reached at entry 6461698 ===
=====================================

=====================================
=== Progress: 90% reached at entry 7269410 ===
=====================================

Opening file: /eos/user/a/amalhotr/ScoutingPFRun3/ScoutingData_2024H_TreeMakerRedone/251209_202708/0000/ScoutingTree_Output_744.root
Opened file /eos/user/a/amalhotr/ScoutingPFRun3/ScoutingData_2024H_TreeMakerRedone/251209_202708/0000/ScoutingTree_Output_744.root with 8288294 entries.
Tree opened successfully.
Total entries = 8288294

=====================================
=== Progress: 10% reached at entry 828829 ===
=====================================

=====================================
=== Progress: 20% reached at entry 1657658 ===
=====================================

=====================================
=== Progress: 30% reached at entry 2486488 ===
=====================================

=====================================
=== Progress: 40% reached at entry 3315317 ===
=====================================

=====================================
=== Progress: 50% reached at entry 4144147 ===
=====================================

=====================================
=== Progress: 60% reached at entry 4972976 ===
=====================================

=====================================
=== Progress: 70% reached at entry 5801805 ===
=====================================

=====================================
=== Progress: 80% reached at entry 6630635 ===
=====================================

=====================================
=== Progress: 90% reached at entry 7459464 ===
=====================================

Opening file: /eos/user/a/amalhotr/ScoutingPFRun3/ScoutingData_2024H_TreeMakerRedone/251209_202708/0000/ScoutingTree_Output_745.root
Opened file /eos/user/a/amalhotr/ScoutingPFRun3/ScoutingData_2024H_TreeMakerRedone/251209_202708/0000/ScoutingTree_Output_745.root with 8043288 entries.
Tree opened successfully.
Total entries = 8043288

=====================================
=== Progress: 10% reached at entry 804328 ===
=====================================

=====================================
=== Progress: 20% reached at entry 1608657 ===
=====================================

=====================================
=== Progress: 30% reached at entry 2412986 ===
=====================================

=====================================
=== Progress: 40% reached at entry 3217315 ===
=====================================

=====================================
=== Progress: 50% reached at entry 4021644 ===
=====================================

=====================================
=== Progress: 60% reached at entry 4825972 ===
=====================================

=====================================
=== Progress: 70% reached at entry 5630301 ===
=====================================

=====================================
=== Progress: 80% reached at entry 6434630 ===
=====================================

=====================================
=== Progress: 90% reached at entry 7238959 ===
=====================================

Finished Tree2PlotsRun3 scan.
