/pool/condor/dir_70599

Opening file: /eos/user/a/amalhotr/ScoutingPFRun3/ScoutingData_2024H_TreeMakerRedone/251209_202708/0000/ScoutingTree_Output_544.root
Opened file /eos/user/a/amalhotr/ScoutingPFRun3/ScoutingData_2024H_TreeMakerRedone/251209_202708/0000/ScoutingTree_Output_544.root with 8152925 entries.
Tree opened successfully.
Total entries = 8152925

=====================================
=== Progress: 10% reached at entry 815292 ===
=====================================

=====================================
=== Progress: 20% reached at entry 1630585 ===
=====================================

=====================================
=== Progress: 30% reached at entry 2445877 ===
=====================================

=====================================
=== Progress: 40% reached at entry 3261170 ===
=====================================

=====================================
=== Progress: 50% reached at entry 4076462 ===
=====================================

=====================================
=== Progress: 60% reached at entry 4891755 ===
=====================================

=====================================
=== Progress: 70% reached at entry 5707047 ===
=====================================

=====================================
=== Progress: 80% reached at entry 6522340 ===
=====================================

=====================================
=== Progress: 90% reached at entry 7337632 ===
=====================================

Opening file: /eos/user/a/amalhotr/ScoutingPFRun3/ScoutingData_2024H_TreeMakerRedone/251209_202708/0000/ScoutingTree_Output_545.root
Opened file /eos/user/a/amalhotr/ScoutingPFRun3/ScoutingData_2024H_TreeMakerRedone/251209_202708/0000/ScoutingTree_Output_545.root with 8255394 entries.
Tree opened successfully.
Total entries = 8255394

=====================================
=== Progress: 10% reached at entry 825539 ===
=====================================

=====================================
=== Progress: 20% reached at entry 1651078 ===
=====================================

=====================================
=== Progress: 30% reached at entry 2476618 ===
=====================================

=====================================
=== Progress: 40% reached at entry 3302157 ===
=====================================

=====================================
=== Progress: 50% reached at entry 4127697 ===
=====================================

=====================================
=== Progress: 60% reached at entry 4953236 ===
=====================================

=====================================
=== Progress: 70% reached at entry 5778775 ===
=====================================

=====================================
=== Progress: 80% reached at entry 6604315 ===
=====================================

=====================================
=== Progress: 90% reached at entry 7429854 ===
=====================================

Opening file: /eos/user/a/amalhotr/ScoutingPFRun3/ScoutingData_2024H_TreeMakerRedone/251209_202708/0000/ScoutingTree_Output_546.root
Opened file /eos/user/a/amalhotr/ScoutingPFRun3/ScoutingData_2024H_TreeMakerRedone/251209_202708/0000/ScoutingTree_Output_546.root with 8422051 entries.
Tree opened successfully.
Total entries = 8422051

=====================================
=== Progress: 10% reached at entry 842205 ===
=====================================

=====================================
=== Progress: 20% reached at entry 1684410 ===
=====================================

=====================================
=== Progress: 30% reached at entry 2526615 ===
=====================================

=====================================
=== Progress: 40% reached at entry 3368820 ===
=====================================

=====================================
=== Progress: 50% reached at entry 4211025 ===
=====================================

=====================================
=== Progress: 60% reached at entry 5053230 ===
=====================================

=====================================
=== Progress: 70% reached at entry 5895435 ===
=====================================

=====================================
=== Progress: 80% reached at entry 6737640 ===
=====================================

=====================================
=== Progress: 90% reached at entry 7579845 ===
=====================================

Opening file: /eos/user/a/amalhotr/ScoutingPFRun3/ScoutingData_2024H_TreeMakerRedone/251209_202708/0000/ScoutingTree_Output_547.root
Opened file /eos/user/a/amalhotr/ScoutingPFRun3/ScoutingData_2024H_TreeMakerRedone/251209_202708/0000/ScoutingTree_Output_547.root with 7588814 entries.
Tree opened successfully.
Total entries = 7588814

=====================================
=== Progress: 10% reached at entry 758881 ===
=====================================

=====================================
=== Progress: 20% reached at entry 1517762 ===
=====================================

=====================================
=== Progress: 30% reached at entry 2276644 ===
=====================================

=====================================
=== Progress: 40% reached at entry 3035525 ===
=====================================

=====================================
=== Progress: 50% reached at entry 3794407 ===
=====================================

=====================================
=== Progress: 60% reached at entry 4553288 ===
=====================================

=====================================
=== Progress: 70% reached at entry 5312169 ===
=====================================

=====================================
=== Progress: 80% reached at entry 6071051 ===
=====================================

=====================================
=== Progress: 90% reached at entry 6829932 ===
=====================================

Finished Tree2PlotsRun3 scan.
