/pool/condor/dir_1744571

Opening file: /eos/user/a/amalhotr/ScoutingPFRun3/ScoutingData_2024H_TreeMakerRedone/251209_202708/0000/ScoutingTree_Output_38.root
Opened file /eos/user/a/amalhotr/ScoutingPFRun3/ScoutingData_2024H_TreeMakerRedone/251209_202708/0000/ScoutingTree_Output_38.root with 8386765 entries.
Tree opened successfully.
Total entries = 8386765

=====================================
=== Progress: 10% reached at entry 838676 ===
=====================================

=====================================
=== Progress: 20% reached at entry 1677353 ===
=====================================

=====================================
=== Progress: 30% reached at entry 2516029 ===
=====================================

=====================================
=== Progress: 40% reached at entry 3354706 ===
=====================================

=====================================
=== Progress: 50% reached at entry 4193382 ===
=====================================

=====================================
=== Progress: 60% reached at entry 5032059 ===
=====================================

=====================================
=== Progress: 70% reached at entry 5870735 ===
=====================================

=====================================
=== Progress: 80% reached at entry 6709412 ===
=====================================

=====================================
=== Progress: 90% reached at entry 7548088 ===
=====================================

Opening file: /eos/user/a/amalhotr/ScoutingPFRun3/ScoutingData_2024H_TreeMakerRedone/251209_202708/0000/ScoutingTree_Output_390.root
Opened file /eos/user/a/amalhotr/ScoutingPFRun3/ScoutingData_2024H_TreeMakerRedone/251209_202708/0000/ScoutingTree_Output_390.root with 8150827 entries.
Tree opened successfully.
Total entries = 8150827

=====================================
=== Progress: 10% reached at entry 815082 ===
=====================================

=====================================
=== Progress: 20% reached at entry 1630165 ===
=====================================

=====================================
=== Progress: 30% reached at entry 2445248 ===
=====================================

=====================================
=== Progress: 40% reached at entry 3260330 ===
=====================================

=====================================
=== Progress: 50% reached at entry 4075413 ===
=====================================

=====================================
=== Progress: 60% reached at entry 4890496 ===
=====================================

=====================================
=== Progress: 70% reached at entry 5705578 ===
=====================================

=====================================
=== Progress: 80% reached at entry 6520661 ===
=====================================

=====================================
=== Progress: 90% reached at entry 7335744 ===
=====================================

Opening file: /eos/user/a/amalhotr/ScoutingPFRun3/ScoutingData_2024H_TreeMakerRedone/251209_202708/0000/ScoutingTree_Output_391.root
Opened file /eos/user/a/amalhotr/ScoutingPFRun3/ScoutingData_2024H_TreeMakerRedone/251209_202708/0000/ScoutingTree_Output_391.root with 8278196 entries.
Tree opened successfully.
Total entries = 8278196

=====================================
=== Progress: 10% reached at entry 827819 ===
=====================================

=====================================
=== Progress: 20% reached at entry 1655639 ===
=====================================

=====================================
=== Progress: 30% reached at entry 2483458 ===
=====================================

=====================================
=== Progress: 40% reached at entry 3311278 ===
=====================================

=====================================
=== Progress: 50% reached at entry 4139098 ===
=====================================

=====================================
=== Progress: 60% reached at entry 4966917 ===
=====================================

=====================================
=== Progress: 70% reached at entry 5794737 ===
=====================================

=====================================
=== Progress: 80% reached at entry 6622556 ===
=====================================

=====================================
=== Progress: 90% reached at entry 7450376 ===
=====================================

Opening file: /eos/user/a/amalhotr/ScoutingPFRun3/ScoutingData_2024H_TreeMakerRedone/251209_202708/0000/ScoutingTree_Output_392.root
Opened file /eos/user/a/amalhotr/ScoutingPFRun3/ScoutingData_2024H_TreeMakerRedone/251209_202708/0000/ScoutingTree_Output_392.root with 8059136 entries.
Tree opened successfully.
Total entries = 8059136

=====================================
=== Progress: 10% reached at entry 805913 ===
=====================================

=====================================
=== Progress: 20% reached at entry 1611827 ===
=====================================

=====================================
=== Progress: 30% reached at entry 2417740 ===
=====================================

=====================================
=== Progress: 40% reached at entry 3223654 ===
=====================================

=====================================
=== Progress: 50% reached at entry 4029568 ===
=====================================

=====================================
=== Progress: 60% reached at entry 4835481 ===
=====================================

=====================================
=== Progress: 70% reached at entry 5641395 ===
=====================================

=====================================
=== Progress: 80% reached at entry 6447308 ===
=====================================

=====================================
=== Progress: 90% reached at entry 7253222 ===
=====================================

Finished Tree2PlotsRun3 scan.
