/pool/condor/dir_1793586

Opening file: /eos/user/a/amalhotr/ScoutingPFRun3/ScoutingData_2024H_TreeMakerRedone/251209_202708/0000/ScoutingTree_Output_397.root
Opened file /eos/user/a/amalhotr/ScoutingPFRun3/ScoutingData_2024H_TreeMakerRedone/251209_202708/0000/ScoutingTree_Output_397.root with 7526455 entries.
Tree opened successfully.
Total entries = 7526455

=====================================
=== Progress: 10% reached at entry 752645 ===
=====================================

=====================================
=== Progress: 20% reached at entry 1505291 ===
=====================================

=====================================
=== Progress: 30% reached at entry 2257936 ===
=====================================

=====================================
=== Progress: 40% reached at entry 3010582 ===
=====================================

=====================================
=== Progress: 50% reached at entry 3763227 ===
=====================================

=====================================
=== Progress: 60% reached at entry 4515873 ===
=====================================

=====================================
=== Progress: 70% reached at entry 5268518 ===
=====================================

=====================================
=== Progress: 80% reached at entry 6021164 ===
=====================================

=====================================
=== Progress: 90% reached at entry 6773809 ===
=====================================

Opening file: /eos/user/a/amalhotr/ScoutingPFRun3/ScoutingData_2024H_TreeMakerRedone/251209_202708/0000/ScoutingTree_Output_398.root
Opened file /eos/user/a/amalhotr/ScoutingPFRun3/ScoutingData_2024H_TreeMakerRedone/251209_202708/0000/ScoutingTree_Output_398.root with 8160506 entries.
Tree opened successfully.
Total entries = 8160506

=====================================
=== Progress: 10% reached at entry 816050 ===
=====================================

=====================================
=== Progress: 20% reached at entry 1632101 ===
=====================================

=====================================
=== Progress: 30% reached at entry 2448151 ===
=====================================

=====================================
=== Progress: 40% reached at entry 3264202 ===
=====================================

=====================================
=== Progress: 50% reached at entry 4080253 ===
=====================================

=====================================
=== Progress: 60% reached at entry 4896303 ===
=====================================

=====================================
=== Progress: 70% reached at entry 5712354 ===
=====================================

=====================================
=== Progress: 80% reached at entry 6528404 ===
=====================================

=====================================
=== Progress: 90% reached at entry 7344455 ===
=====================================

Opening file: /eos/user/a/amalhotr/ScoutingPFRun3/ScoutingData_2024H_TreeMakerRedone/251209_202708/0000/ScoutingTree_Output_399.root
Opened file /eos/user/a/amalhotr/ScoutingPFRun3/ScoutingData_2024H_TreeMakerRedone/251209_202708/0000/ScoutingTree_Output_399.root with 8336374 entries.
Tree opened successfully.
Total entries = 8336374

=====================================
=== Progress: 10% reached at entry 833637 ===
=====================================

=====================================
=== Progress: 20% reached at entry 1667274 ===
=====================================

=====================================
=== Progress: 30% reached at entry 2500912 ===
=====================================

=====================================
=== Progress: 40% reached at entry 3334549 ===
=====================================

=====================================
=== Progress: 50% reached at entry 4168187 ===
=====================================

=====================================
=== Progress: 60% reached at entry 5001824 ===
=====================================

=====================================
=== Progress: 70% reached at entry 5835461 ===
=====================================

=====================================
=== Progress: 80% reached at entry 6669099 ===
=====================================

=====================================
=== Progress: 90% reached at entry 7502736 ===
=====================================

Opening file: /eos/user/a/amalhotr/ScoutingPFRun3/ScoutingData_2024H_TreeMakerRedone/251209_202708/0000/ScoutingTree_Output_39.root
Opened file /eos/user/a/amalhotr/ScoutingPFRun3/ScoutingData_2024H_TreeMakerRedone/251209_202708/0000/ScoutingTree_Output_39.root with 7918109 entries.
Tree opened successfully.
Total entries = 7918109

=====================================
=== Progress: 10% reached at entry 791810 ===
=====================================

=====================================
=== Progress: 20% reached at entry 1583621 ===
=====================================

=====================================
=== Progress: 30% reached at entry 2375432 ===
=====================================

=====================================
=== Progress: 40% reached at entry 3167243 ===
=====================================

=====================================
=== Progress: 50% reached at entry 3959054 ===
=====================================

=====================================
=== Progress: 60% reached at entry 4750865 ===
=====================================

=====================================
=== Progress: 70% reached at entry 5542676 ===
=====================================

=====================================
=== Progress: 80% reached at entry 6334487 ===
=====================================

=====================================
=== Progress: 90% reached at entry 7126298 ===
=====================================

Finished Tree2PlotsRun3 scan.
