000 (14419463.000.000) 01/26 11:03:31 Job submitted from host: <188.184.90.62:9618?addrs=188.184.90.62-9618+[2001-1458-201-e4--100-238]-9618&alias=bigbird16.cern.ch&noUDP&sock=schedd_5196_9a2f>
...
040 (14419463.000.000) 01/26 11:05:18 Started transferring input files
	Transferring to host: <188.185.196.138:9618?addrs=188.185.196.138-9618+[2001-1458-303-23--100-86]-9618&alias=b9p16p4018.cern.ch&noUDP&sock=slot1_18_4607_cc54_129364>
...
040 (14419463.000.000) 01/26 11:05:18 Finished transferring input files
...
001 (14419463.000.000) 01/26 11:05:19 Job executing on host: <188.185.196.138:9618?addrs=188.185.196.138-9618+[2001-1458-303-23--100-86]-9618&alias=b9p16p4018.cern.ch&noUDP&sock=startd_3467_a6f0>
	SlotName: slot1_18@b9p16p4018.cern.ch
	CondorScratchDir = "/pool/condor/dir_985149"
	Cpus = 1
	Disk = 3824
	GPUs = 0
	Memory = 3000
...
006 (14419463.000.000) 01/26 11:05:33 Image size of job updated: 118744
	116  -  MemoryUsage of job (MB)
	118744  -  ResidentSetSize of job (KB)
...
006 (14419463.000.000) 01/26 11:10:34 Image size of job updated: 826180
	785  -  MemoryUsage of job (MB)
	803068  -  ResidentSetSize of job (KB)
...
040 (14419463.000.000) 01/26 11:13:35 Started transferring output files
...
040 (14419463.000.000) 01/26 11:13:35 Finished transferring output files
...
005 (14419463.000.000) 01/26 11:13:35 Job terminated.
	(1) Normal termination (return value 0)
		Usr 0 00:06:06, Sys 0 00:00:07  -  Run Remote Usage
		Usr 0 00:00:00, Sys 0 00:00:00  -  Run Local Usage
		Usr 0 00:06:06, Sys 0 00:00:07  -  Total Remote Usage
		Usr 0 00:00:00, Sys 0 00:00:00  -  Total Local Usage
	13163  -  Run Bytes Sent By Job
	317  -  Run Bytes Received By Job
	13163  -  Total Bytes Sent By Job
	317  -  Total Bytes Received By Job
	Partitionable Resources :    Usage  Request Allocated 
	   Cpus                 :     0.75        1         1 
	   Disk (KB)            :    36           1      3824 
	   GPUs                 :                           0 
	   Memory (MB)          :   785        3000      3000 
	   TimeExecute (s)      :   496                       
	   TimeSlotBusy (s)     :   497                       

	Job terminated of its own accord at 2026-01-26T10:13:35Z with exit-code 0.
...
