/pool/condor/dir_1227937

Opening file: /eos/user/a/amalhotr/ScoutingPFRun3/ScoutingData_2024H_TreeMakerRedone/251209_202708/0000/ScoutingTree_Output_216.root
Opened file /eos/user/a/amalhotr/ScoutingPFRun3/ScoutingData_2024H_TreeMakerRedone/251209_202708/0000/ScoutingTree_Output_216.root with 8083813 entries.
Tree opened successfully.
Total entries = 8083813

=====================================
=== Progress: 10% reached at entry 808381 ===
=====================================

=====================================
=== Progress: 20% reached at entry 1616762 ===
=====================================

=====================================
=== Progress: 30% reached at entry 2425143 ===
=====================================

=====================================
=== Progress: 40% reached at entry 3233525 ===
=====================================

=====================================
=== Progress: 50% reached at entry 4041906 ===
=====================================

=====================================
=== Progress: 60% reached at entry 4850287 ===
=====================================

=====================================
=== Progress: 70% reached at entry 5658669 ===
=====================================

=====================================
=== Progress: 80% reached at entry 6467050 ===
=====================================

=====================================
=== Progress: 90% reached at entry 7275431 ===
=====================================

Opening file: /eos/user/a/amalhotr/ScoutingPFRun3/ScoutingData_2024H_TreeMakerRedone/251209_202708/0000/ScoutingTree_Output_217.root
Opened file /eos/user/a/amalhotr/ScoutingPFRun3/ScoutingData_2024H_TreeMakerRedone/251209_202708/0000/ScoutingTree_Output_217.root with 6125782 entries.
Tree opened successfully.
Total entries = 6125782

=====================================
=== Progress: 10% reached at entry 612578 ===
=====================================

=====================================
=== Progress: 20% reached at entry 1225156 ===
=====================================

=====================================
=== Progress: 30% reached at entry 1837734 ===
=====================================

=====================================
=== Progress: 40% reached at entry 2450312 ===
=====================================

=====================================
=== Progress: 50% reached at entry 3062891 ===
=====================================

=====================================
=== Progress: 60% reached at entry 3675469 ===
=====================================

=====================================
=== Progress: 70% reached at entry 4288047 ===
=====================================

=====================================
=== Progress: 80% reached at entry 4900625 ===
=====================================

=====================================
=== Progress: 90% reached at entry 5513203 ===
=====================================

Opening file: /eos/user/a/amalhotr/ScoutingPFRun3/ScoutingData_2024H_TreeMakerRedone/251209_202708/0000/ScoutingTree_Output_218.root
Opened file /eos/user/a/amalhotr/ScoutingPFRun3/ScoutingData_2024H_TreeMakerRedone/251209_202708/0000/ScoutingTree_Output_218.root with 8162336 entries.
Tree opened successfully.
Total entries = 8162336

=====================================
=== Progress: 10% reached at entry 816233 ===
=====================================

=====================================
=== Progress: 20% reached at entry 1632467 ===
=====================================

=====================================
=== Progress: 30% reached at entry 2448700 ===
=====================================

=====================================
=== Progress: 40% reached at entry 3264934 ===
=====================================

=====================================
=== Progress: 50% reached at entry 4081168 ===
=====================================

=====================================
=== Progress: 60% reached at entry 4897401 ===
=====================================

=====================================
=== Progress: 70% reached at entry 5713635 ===
=====================================

=====================================
=== Progress: 80% reached at entry 6529868 ===
=====================================

=====================================
=== Progress: 90% reached at entry 7346102 ===
=====================================

Opening file: /eos/user/a/amalhotr/ScoutingPFRun3/ScoutingData_2024H_TreeMakerRedone/251209_202708/0000/ScoutingTree_Output_219.root
Opened file /eos/user/a/amalhotr/ScoutingPFRun3/ScoutingData_2024H_TreeMakerRedone/251209_202708/0000/ScoutingTree_Output_219.root with 8316311 entries.
Tree opened successfully.
Total entries = 8316311

=====================================
=== Progress: 10% reached at entry 831631 ===
=====================================

=====================================
=== Progress: 20% reached at entry 1663262 ===
=====================================

=====================================
=== Progress: 30% reached at entry 2494893 ===
=====================================

=====================================
=== Progress: 40% reached at entry 3326524 ===
=====================================

=====================================
=== Progress: 50% reached at entry 4158155 ===
=====================================

=====================================
=== Progress: 60% reached at entry 4989786 ===
=====================================

=====================================
=== Progress: 70% reached at entry 5821417 ===
=====================================

=====================================
=== Progress: 80% reached at entry 6653048 ===
=====================================

=====================================
=== Progress: 90% reached at entry 7484679 ===
=====================================

Finished Tree2PlotsRun3 scan.
