000 (14419477.000.000) 01/26 11:06:27 Job submitted from host: <188.184.90.62:9618?addrs=188.184.90.62-9618+[2001-1458-201-e4--100-238]-9618&alias=bigbird16.cern.ch&noUDP&sock=schedd_5196_9a2f>
...
040 (14419477.000.000) 01/26 11:10:06 Started transferring input files
	Transferring to host: <188.185.210.154:9618?addrs=188.185.210.154-9618+[2001-1458-303-15--100-16]-9618&alias=b9p22p0702.cern.ch&noUDP&sock=slot1_6_9847_da2a_170029>
...
040 (14419477.000.000) 01/26 11:10:06 Finished transferring input files
...
001 (14419477.000.000) 01/26 11:10:07 Job executing on host: <188.185.210.154:9618?addrs=188.185.210.154-9618+[2001-1458-303-15--100-16]-9618&alias=b9p22p0702.cern.ch&noUDP&sock=startd_8876_c6b5>
	SlotName: slot1_6@b9p22p0702.cern.ch
	CondorScratchDir = "/pool/condor/dir_226499"
	Cpus = 1
	Disk = 3749
	GPUs = 0
	Memory = 3000
...
006 (14419477.000.000) 01/26 11:10:21 Image size of job updated: 648740
	634  -  MemoryUsage of job (MB)
	648740  -  ResidentSetSize of job (KB)
...
006 (14419477.000.000) 01/26 11:15:22 Image size of job updated: 844664
	821  -  MemoryUsage of job (MB)
	840204  -  ResidentSetSize of job (KB)
...
040 (14419477.000.000) 01/26 11:16:20 Started transferring output files
...
040 (14419477.000.000) 01/26 11:16:20 Finished transferring output files
...
005 (14419477.000.000) 01/26 11:16:20 Job terminated.
	(1) Normal termination (return value 0)
		Usr 0 00:04:24, Sys 0 00:00:12  -  Run Remote Usage
		Usr 0 00:00:00, Sys 0 00:00:00  -  Run Local Usage
		Usr 0 00:04:24, Sys 0 00:00:12  -  Total Remote Usage
		Usr 0 00:00:00, Sys 0 00:00:00  -  Total Local Usage
	12856  -  Run Bytes Sent By Job
	317  -  Run Bytes Received By Job
	12856  -  Total Bytes Sent By Job
	317  -  Total Bytes Received By Job
	Partitionable Resources :    Usage  Request Allocated 
	   Cpus                 :        0        1         1 
	   Disk (KB)            :       36        1      3749 
	   GPUs                 :                           0 
	   Memory (MB)          :      821     3000      3000 
	   TimeExecute (s)      :      373                    
	   TimeSlotBusy (s)     :      374                    

	Job terminated of its own accord at 2026-01-26T10:16:20Z with exit-code 0.
...
