/pool/condor/dir_3012452

Opening file: /eos/user/a/amalhotr/ScoutingPFRun3/ScoutingData_2024H_TreeMakerRedone/251209_202708/0000/ScoutingTree_Output_429.root
Opened file /eos/user/a/amalhotr/ScoutingPFRun3/ScoutingData_2024H_TreeMakerRedone/251209_202708/0000/ScoutingTree_Output_429.root with 8250319 entries.
Tree opened successfully.
Total entries = 8250319

=====================================
=== Progress: 10% reached at entry 825031 ===
=====================================

=====================================
=== Progress: 20% reached at entry 1650063 ===
=====================================

=====================================
=== Progress: 30% reached at entry 2475095 ===
=====================================

=====================================
=== Progress: 40% reached at entry 3300127 ===
=====================================

=====================================
=== Progress: 50% reached at entry 4125159 ===
=====================================

=====================================
=== Progress: 60% reached at entry 4950191 ===
=====================================

=====================================
=== Progress: 70% reached at entry 5775223 ===
=====================================

=====================================
=== Progress: 80% reached at entry 6600255 ===
=====================================

=====================================
=== Progress: 90% reached at entry 7425287 ===
=====================================

Opening file: /eos/user/a/amalhotr/ScoutingPFRun3/ScoutingData_2024H_TreeMakerRedone/251209_202708/0000/ScoutingTree_Output_42.root
Opened file /eos/user/a/amalhotr/ScoutingPFRun3/ScoutingData_2024H_TreeMakerRedone/251209_202708/0000/ScoutingTree_Output_42.root with 9789378 entries.
Tree opened successfully.
Total entries = 9789378

=====================================
=== Progress: 10% reached at entry 978937 ===
=====================================

=====================================
=== Progress: 20% reached at entry 1957875 ===
=====================================

=====================================
=== Progress: 30% reached at entry 2936813 ===
=====================================

=====================================
=== Progress: 40% reached at entry 3915751 ===
=====================================

=====================================
=== Progress: 50% reached at entry 4894689 ===
=====================================

=====================================
=== Progress: 60% reached at entry 5873626 ===
=====================================

=====================================
=== Progress: 70% reached at entry 6852564 ===
=====================================

=====================================
=== Progress: 80% reached at entry 7831502 ===
=====================================

=====================================
=== Progress: 90% reached at entry 8810440 ===
=====================================

Opening file: /eos/user/a/amalhotr/ScoutingPFRun3/ScoutingData_2024H_TreeMakerRedone/251209_202708/0000/ScoutingTree_Output_430.root
Opened file /eos/user/a/amalhotr/ScoutingPFRun3/ScoutingData_2024H_TreeMakerRedone/251209_202708/0000/ScoutingTree_Output_430.root with 8263371 entries.
Tree opened successfully.
Total entries = 8263371

=====================================
=== Progress: 10% reached at entry 826337 ===
=====================================

=====================================
=== Progress: 20% reached at entry 1652674 ===
=====================================

=====================================
=== Progress: 30% reached at entry 2479011 ===
=====================================

=====================================
=== Progress: 40% reached at entry 3305348 ===
=====================================

=====================================
=== Progress: 50% reached at entry 4131685 ===
=====================================

=====================================
=== Progress: 60% reached at entry 4958022 ===
=====================================

=====================================
=== Progress: 70% reached at entry 5784359 ===
=====================================

=====================================
=== Progress: 80% reached at entry 6610696 ===
=====================================

=====================================
=== Progress: 90% reached at entry 7437033 ===
=====================================

Opening file: /eos/user/a/amalhotr/ScoutingPFRun3/ScoutingData_2024H_TreeMakerRedone/251209_202708/0000/ScoutingTree_Output_431.root
Opened file /eos/user/a/amalhotr/ScoutingPFRun3/ScoutingData_2024H_TreeMakerRedone/251209_202708/0000/ScoutingTree_Output_431.root with 8130878 entries.
Tree opened successfully.
Total entries = 8130878

=====================================
=== Progress: 10% reached at entry 813087 ===
=====================================

=====================================
=== Progress: 20% reached at entry 1626175 ===
=====================================

=====================================
=== Progress: 30% reached at entry 2439263 ===
=====================================

=====================================
=== Progress: 40% reached at entry 3252351 ===
=====================================

=====================================
=== Progress: 50% reached at entry 4065439 ===
=====================================

=====================================
=== Progress: 60% reached at entry 4878526 ===
=====================================

=====================================
=== Progress: 70% reached at entry 5691614 ===
=====================================

=====================================
=== Progress: 80% reached at entry 6504702 ===
=====================================

=====================================
=== Progress: 90% reached at entry 7317790 ===
=====================================

Finished Tree2PlotsRun3 scan.
