/pool/condor/dir_116667

Opening file: /eos/user/a/amalhotr/ScoutingPFRun3/ScoutingData_2024H_TreeMakerRedone/251209_202708/0000/ScoutingTree_Output_577.root
Opened file /eos/user/a/amalhotr/ScoutingPFRun3/ScoutingData_2024H_TreeMakerRedone/251209_202708/0000/ScoutingTree_Output_577.root with 10401658 entries.
Tree opened successfully.
Total entries = 10401658

=====================================
=== Progress: 10% reached at entry 1040165 ===
=====================================

=====================================
=== Progress: 20% reached at entry 2080331 ===
=====================================

=====================================
=== Progress: 30% reached at entry 3120497 ===
=====================================

=====================================
=== Progress: 40% reached at entry 4160663 ===
=====================================

=====================================
=== Progress: 50% reached at entry 5200829 ===
=====================================

=====================================
=== Progress: 60% reached at entry 6240994 ===
=====================================

=====================================
=== Progress: 70% reached at entry 7281160 ===
=====================================

=====================================
=== Progress: 80% reached at entry 8321326 ===
=====================================

=====================================
=== Progress: 90% reached at entry 9361492 ===
=====================================

Opening file: /eos/user/a/amalhotr/ScoutingPFRun3/ScoutingData_2024H_TreeMakerRedone/251209_202708/0000/ScoutingTree_Output_578.root
Opened file /eos/user/a/amalhotr/ScoutingPFRun3/ScoutingData_2024H_TreeMakerRedone/251209_202708/0000/ScoutingTree_Output_578.root with 9549844 entries.
Tree opened successfully.
Total entries = 9549844

=====================================
=== Progress: 10% reached at entry 954984 ===
=====================================

=====================================
=== Progress: 20% reached at entry 1909968 ===
=====================================

=====================================
=== Progress: 30% reached at entry 2864953 ===
=====================================

=====================================
=== Progress: 40% reached at entry 3819937 ===
=====================================

=====================================
=== Progress: 50% reached at entry 4774922 ===
=====================================

=====================================
=== Progress: 60% reached at entry 5729906 ===
=====================================

=====================================
=== Progress: 70% reached at entry 6684890 ===
=====================================

=====================================
=== Progress: 80% reached at entry 7639875 ===
=====================================

=====================================
=== Progress: 90% reached at entry 8594859 ===
=====================================

Opening file: /eos/user/a/amalhotr/ScoutingPFRun3/ScoutingData_2024H_TreeMakerRedone/251209_202708/0000/ScoutingTree_Output_579.root
Opened file /eos/user/a/amalhotr/ScoutingPFRun3/ScoutingData_2024H_TreeMakerRedone/251209_202708/0000/ScoutingTree_Output_579.root with 10697769 entries.
Tree opened successfully.
Total entries = 10697769

=====================================
=== Progress: 10% reached at entry 1069776 ===
=====================================

=====================================
=== Progress: 20% reached at entry 2139553 ===
=====================================

=====================================
=== Progress: 30% reached at entry 3209330 ===
=====================================

=====================================
=== Progress: 40% reached at entry 4279107 ===
=====================================

=====================================
=== Progress: 50% reached at entry 5348884 ===
=====================================

=====================================
=== Progress: 60% reached at entry 6418661 ===
=====================================

=====================================
=== Progress: 70% reached at entry 7488438 ===
=====================================

=====================================
=== Progress: 80% reached at entry 8558215 ===
=====================================

=====================================
=== Progress: 90% reached at entry 9627992 ===
=====================================

Opening file: /eos/user/a/amalhotr/ScoutingPFRun3/ScoutingData_2024H_TreeMakerRedone/251209_202708/0000/ScoutingTree_Output_57.root
Opened file /eos/user/a/amalhotr/ScoutingPFRun3/ScoutingData_2024H_TreeMakerRedone/251209_202708/0000/ScoutingTree_Output_57.root with 8767707 entries.
Tree opened successfully.
Total entries = 8767707

=====================================
=== Progress: 10% reached at entry 876770 ===
=====================================

=====================================
=== Progress: 20% reached at entry 1753541 ===
=====================================

=====================================
=== Progress: 30% reached at entry 2630312 ===
=====================================

=====================================
=== Progress: 40% reached at entry 3507082 ===
=====================================

=====================================
=== Progress: 50% reached at entry 4383853 ===
=====================================

=====================================
=== Progress: 60% reached at entry 5260624 ===
=====================================

=====================================
=== Progress: 70% reached at entry 6137394 ===
=====================================

=====================================
=== Progress: 80% reached at entry 7014165 ===
=====================================

=====================================
=== Progress: 90% reached at entry 7890936 ===
=====================================

Finished Tree2PlotsRun3 scan.
