000 (14420189.000.000) 01/26 11:38:09 Job submitted from host: <188.184.90.62:9618?addrs=188.184.90.62-9618+[2001-1458-201-e4--100-238]-9618&alias=bigbird16.cern.ch&noUDP&sock=schedd_5196_9a2f>
...
040 (14420189.000.000) 01/26 11:40:31 Started transferring input files
	Transferring to host: <188.185.195.140:9618?addrs=188.185.195.140-9618+[2001-1458-303-22--100-88]-9618&alias=b9p17p8009.cern.ch&noUDP&sock=slot1_28_3293_f75f_83465>
...
040 (14420189.000.000) 01/26 11:40:31 Finished transferring input files
...
001 (14420189.000.000) 01/26 11:40:32 Job executing on host: <188.185.195.140:9618?addrs=188.185.195.140-9618+[2001-1458-303-22--100-88]-9618&alias=b9p17p8009.cern.ch&noUDP&sock=startd_3234_d55f>
	SlotName: slot1_28@b9p17p8009.cern.ch
	CondorScratchDir = "/pool/condor/dir_2795405"
	Cpus = 1
	Disk = 3843
	GPUs = 0
	Memory = 3000
...
006 (14420189.000.000) 01/26 11:40:45 Image size of job updated: 40960
	40  -  MemoryUsage of job (MB)
	40960  -  ResidentSetSize of job (KB)
...
006 (14420189.000.000) 01/26 11:45:45 Image size of job updated: 845508
	795  -  MemoryUsage of job (MB)
	813900  -  ResidentSetSize of job (KB)
...
006 (14420189.000.000) 01/26 11:47:40 Image size of job updated: 845508
	795  -  MemoryUsage of job (MB)
	813904  -  ResidentSetSize of job (KB)
...
040 (14420189.000.000) 01/26 11:47:40 Started transferring output files
...
040 (14420189.000.000) 01/26 11:47:40 Finished transferring output files
...
005 (14420189.000.000) 01/26 11:47:40 Job terminated.
	(1) Normal termination (return value 0)
		Usr 0 00:05:01, Sys 0 00:00:08  -  Run Remote Usage
		Usr 0 00:00:00, Sys 0 00:00:00  -  Run Local Usage
		Usr 0 00:05:01, Sys 0 00:00:08  -  Total Remote Usage
		Usr 0 00:00:00, Sys 0 00:00:00  -  Total Local Usage
	12857  -  Run Bytes Sent By Job
	317  -  Run Bytes Received By Job
	12857  -  Total Bytes Sent By Job
	317  -  Total Bytes Received By Job
	Partitionable Resources :    Usage  Request Allocated 
	   Cpus                 :        0        1         1 
	   Disk (KB)            :       36        1      3843 
	   GPUs                 :                           0 
	   Memory (MB)          :      795     3000      3000 
	   TimeExecute (s)      :      428                    
	   TimeSlotBusy (s)     :      431                    

	Job terminated of its own accord at 2026-01-26T10:47:40Z with exit-code 0.
...
