/pool/condor/dir_546616

Opening file: /eos/user/a/amalhotr/ScoutingPFRun3/ScoutingData_2024H_TreeMakerRedone/251209_202708/0000/ScoutingTree_Output_119.root
Opened file /eos/user/a/amalhotr/ScoutingPFRun3/ScoutingData_2024H_TreeMakerRedone/251209_202708/0000/ScoutingTree_Output_119.root with 8102359 entries.
Tree opened successfully.
Total entries = 8102359

=====================================
=== Progress: 10% reached at entry 810235 ===
=====================================

=====================================
=== Progress: 20% reached at entry 1620471 ===
=====================================

=====================================
=== Progress: 30% reached at entry 2430707 ===
=====================================

=====================================
=== Progress: 40% reached at entry 3240943 ===
=====================================

=====================================
=== Progress: 50% reached at entry 4051179 ===
=====================================

=====================================
=== Progress: 60% reached at entry 4861415 ===
=====================================

=====================================
=== Progress: 70% reached at entry 5671651 ===
=====================================

=====================================
=== Progress: 80% reached at entry 6481887 ===
=====================================

=====================================
=== Progress: 90% reached at entry 7292123 ===
=====================================

Opening file: /eos/user/a/amalhotr/ScoutingPFRun3/ScoutingData_2024H_TreeMakerRedone/251209_202708/0000/ScoutingTree_Output_11.root
Opened file /eos/user/a/amalhotr/ScoutingPFRun3/ScoutingData_2024H_TreeMakerRedone/251209_202708/0000/ScoutingTree_Output_11.root with 8128203 entries.
Tree opened successfully.
Total entries = 8128203

=====================================
=== Progress: 10% reached at entry 812820 ===
=====================================

=====================================
=== Progress: 20% reached at entry 1625640 ===
=====================================

=====================================
=== Progress: 30% reached at entry 2438460 ===
=====================================

=====================================
=== Progress: 40% reached at entry 3251281 ===
=====================================

=====================================
=== Progress: 50% reached at entry 4064101 ===
=====================================

=====================================
=== Progress: 60% reached at entry 4876921 ===
=====================================

=====================================
=== Progress: 70% reached at entry 5689742 ===
=====================================

=====================================
=== Progress: 80% reached at entry 6502562 ===
=====================================

=====================================
=== Progress: 90% reached at entry 7315382 ===
=====================================

Opening file: /eos/user/a/amalhotr/ScoutingPFRun3/ScoutingData_2024H_TreeMakerRedone/251209_202708/0000/ScoutingTree_Output_120.root
Opened file /eos/user/a/amalhotr/ScoutingPFRun3/ScoutingData_2024H_TreeMakerRedone/251209_202708/0000/ScoutingTree_Output_120.root with 8215231 entries.
Tree opened successfully.
Total entries = 8215231

=====================================
=== Progress: 10% reached at entry 821523 ===
=====================================

=====================================
=== Progress: 20% reached at entry 1643046 ===
=====================================

=====================================
=== Progress: 30% reached at entry 2464569 ===
=====================================

=====================================
=== Progress: 40% reached at entry 3286092 ===
=====================================

=====================================
=== Progress: 50% reached at entry 4107615 ===
=====================================

=====================================
=== Progress: 60% reached at entry 4929138 ===
=====================================

=====================================
=== Progress: 70% reached at entry 5750661 ===
=====================================

=====================================
=== Progress: 80% reached at entry 6572184 ===
=====================================

=====================================
=== Progress: 90% reached at entry 7393707 ===
=====================================

Opening file: /eos/user/a/amalhotr/ScoutingPFRun3/ScoutingData_2024H_TreeMakerRedone/251209_202708/0000/ScoutingTree_Output_121.root
Opened file /eos/user/a/amalhotr/ScoutingPFRun3/ScoutingData_2024H_TreeMakerRedone/251209_202708/0000/ScoutingTree_Output_121.root with 8151604 entries.
Tree opened successfully.
Total entries = 8151604

=====================================
=== Progress: 10% reached at entry 815160 ===
=====================================

=====================================
=== Progress: 20% reached at entry 1630320 ===
=====================================

=====================================
=== Progress: 30% reached at entry 2445481 ===
=====================================

=====================================
=== Progress: 40% reached at entry 3260641 ===
=====================================

=====================================
=== Progress: 50% reached at entry 4075802 ===
=====================================

=====================================
=== Progress: 60% reached at entry 4890962 ===
=====================================

=====================================
=== Progress: 70% reached at entry 5706122 ===
=====================================

=====================================
=== Progress: 80% reached at entry 6521283 ===
=====================================

=====================================
=== Progress: 90% reached at entry 7336443 ===
=====================================

Finished Tree2PlotsRun3 scan.
