/pool/condor/dir_4017382

Opening file: /eos/user/a/amalhotr/ScoutingPFRun3/ScoutingData_2024H_TreeMakerRedone/251209_202708/0000/ScoutingTree_Output_10.root
Opened file /eos/user/a/amalhotr/ScoutingPFRun3/ScoutingData_2024H_TreeMakerRedone/251209_202708/0000/ScoutingTree_Output_10.root with 8360320 entries.
Tree opened successfully.
Total entries = 8360320

=====================================
=== Progress: 10% reached at entry 836032 ===
=====================================

=====================================
=== Progress: 20% reached at entry 1672064 ===
=====================================

=====================================
=== Progress: 30% reached at entry 2508096 ===
=====================================

=====================================
=== Progress: 40% reached at entry 3344128 ===
=====================================

=====================================
=== Progress: 50% reached at entry 4180160 ===
=====================================

=====================================
=== Progress: 60% reached at entry 5016192 ===
=====================================

=====================================
=== Progress: 70% reached at entry 5852224 ===
=====================================

=====================================
=== Progress: 80% reached at entry 6688256 ===
=====================================

=====================================
=== Progress: 90% reached at entry 7524288 ===
=====================================

Opening file: /eos/user/a/amalhotr/ScoutingPFRun3/ScoutingData_2024H_TreeMakerRedone/251209_202708/0000/ScoutingTree_Output_11.root
Opened file /eos/user/a/amalhotr/ScoutingPFRun3/ScoutingData_2024H_TreeMakerRedone/251209_202708/0000/ScoutingTree_Output_11.root with 8128203 entries.
Tree opened successfully.
Total entries = 8128203

=====================================
=== Progress: 10% reached at entry 812820 ===
=====================================

=====================================
=== Progress: 20% reached at entry 1625640 ===
=====================================

=====================================
=== Progress: 30% reached at entry 2438460 ===
=====================================

=====================================
=== Progress: 40% reached at entry 3251281 ===
=====================================

=====================================
=== Progress: 50% reached at entry 4064101 ===
=====================================

=====================================
=== Progress: 60% reached at entry 4876921 ===
=====================================

=====================================
=== Progress: 70% reached at entry 5689742 ===
=====================================

=====================================
=== Progress: 80% reached at entry 6502562 ===
=====================================

=====================================
=== Progress: 90% reached at entry 7315382 ===
=====================================

Opening file: /eos/user/a/amalhotr/ScoutingPFRun3/ScoutingData_2024H_TreeMakerRedone/251209_202708/0000/ScoutingTree_Output_12.root
Opened file /eos/user/a/amalhotr/ScoutingPFRun3/ScoutingData_2024H_TreeMakerRedone/251209_202708/0000/ScoutingTree_Output_12.root with 8336464 entries.
Tree opened successfully.
Total entries = 8336464

=====================================
=== Progress: 10% reached at entry 833646 ===
=====================================

=====================================
=== Progress: 20% reached at entry 1667292 ===
=====================================

=====================================
=== Progress: 30% reached at entry 2500939 ===
=====================================

=====================================
=== Progress: 40% reached at entry 3334585 ===
=====================================

=====================================
=== Progress: 50% reached at entry 4168232 ===
=====================================

=====================================
=== Progress: 60% reached at entry 5001878 ===
=====================================

=====================================
=== Progress: 70% reached at entry 5835524 ===
=====================================

=====================================
=== Progress: 80% reached at entry 6669171 ===
=====================================

=====================================
=== Progress: 90% reached at entry 7502817 ===
=====================================

Finished Tree2PlotsRun3 scan.
