000 (14418858.000.000) 01/26 10:44:41 Job submitted from host: <188.184.90.62:9618?addrs=188.184.90.62-9618+[2001-1458-201-e4--100-238]-9618&alias=bigbird16.cern.ch&noUDP&sock=schedd_5196_9a2f>
...
040 (14418858.000.000) 01/26 10:49:10 Started transferring input files
	Transferring to host: <188.185.196.142:9618?addrs=188.185.196.142-9618+[2001-1458-303-23--100-8a]-9618&alias=b9p16p3107.cern.ch&noUDP&sock=slot1_50_4892_9b40_121923>
...
040 (14418858.000.000) 01/26 10:49:10 Finished transferring input files
...
001 (14418858.000.000) 01/26 10:49:11 Job executing on host: <188.185.196.142:9618?addrs=188.185.196.142-9618+[2001-1458-303-23--100-8a]-9618&alias=b9p16p3107.cern.ch&noUDP&sock=startd_3908_2434>
	SlotName: slot1_50@b9p16p3107.cern.ch
	CondorScratchDir = "/pool/condor/dir_405743"
	Cpus = 1
	Disk = 3913
	GPUs = 0
	Memory = 3000
...
006 (14418858.000.000) 01/26 10:49:24 Image size of job updated: 65920
	65  -  MemoryUsage of job (MB)
	65920  -  ResidentSetSize of job (KB)
...
006 (14418858.000.000) 01/26 10:54:24 Image size of job updated: 846968
	808  -  MemoryUsage of job (MB)
	827264  -  ResidentSetSize of job (KB)
...
040 (14418858.000.000) 01/26 10:57:20 Started transferring output files
...
040 (14418858.000.000) 01/26 10:57:20 Finished transferring output files
...
005 (14418858.000.000) 01/26 10:57:20 Job terminated.
	(1) Normal termination (return value 0)
		Usr 0 00:06:03, Sys 0 00:00:06  -  Run Remote Usage
		Usr 0 00:00:00, Sys 0 00:00:00  -  Run Local Usage
		Usr 0 00:06:03, Sys 0 00:00:06  -  Total Remote Usage
		Usr 0 00:00:00, Sys 0 00:00:00  -  Total Local Usage
	13010  -  Run Bytes Sent By Job
	317  -  Run Bytes Received By Job
	13010  -  Total Bytes Sent By Job
	317  -  Total Bytes Received By Job
	Partitionable Resources :    Usage  Request Allocated 
	   Cpus                 :     0.86        1         1 
	   Disk (KB)            :    36           1      3913 
	   GPUs                 :                           0 
	   Memory (MB)          :   808        3000      3000 
	   TimeExecute (s)      :   489                       
	   TimeSlotBusy (s)     :   492                       

	Job terminated of its own accord at 2026-01-26T09:57:20Z with exit-code 0.
...
