/pool/condor/dir_2631872

Opening file: /eos/user/a/amalhotr/ScoutingPFRun3/ScoutingData_2024H_TreeMakerRedone/251209_202708/0000/ScoutingTree_Output_890.root
Opened file /eos/user/a/amalhotr/ScoutingPFRun3/ScoutingData_2024H_TreeMakerRedone/251209_202708/0000/ScoutingTree_Output_890.root with 8260261 entries.
Tree opened successfully.
Total entries = 8260261

=====================================
=== Progress: 10% reached at entry 826026 ===
=====================================

=====================================
=== Progress: 20% reached at entry 1652052 ===
=====================================

=====================================
=== Progress: 30% reached at entry 2478078 ===
=====================================

=====================================
=== Progress: 40% reached at entry 3304104 ===
=====================================

=====================================
=== Progress: 50% reached at entry 4130130 ===
=====================================

=====================================
=== Progress: 60% reached at entry 4956156 ===
=====================================

=====================================
=== Progress: 70% reached at entry 5782182 ===
=====================================

=====================================
=== Progress: 80% reached at entry 6608208 ===
=====================================

=====================================
=== Progress: 90% reached at entry 7434234 ===
=====================================

Opening file: /eos/user/a/amalhotr/ScoutingPFRun3/ScoutingData_2024H_TreeMakerRedone/251209_202708/0000/ScoutingTree_Output_891.root
Opened file /eos/user/a/amalhotr/ScoutingPFRun3/ScoutingData_2024H_TreeMakerRedone/251209_202708/0000/ScoutingTree_Output_891.root with 7321486 entries.
Tree opened successfully.
Total entries = 7321486

=====================================
=== Progress: 10% reached at entry 732148 ===
=====================================

=====================================
=== Progress: 20% reached at entry 1464297 ===
=====================================

=====================================
=== Progress: 30% reached at entry 2196445 ===
=====================================

=====================================
=== Progress: 40% reached at entry 2928594 ===
=====================================

=====================================
=== Progress: 50% reached at entry 3660743 ===
=====================================

=====================================
=== Progress: 60% reached at entry 4392891 ===
=====================================

=====================================
=== Progress: 70% reached at entry 5125040 ===
=====================================

=====================================
=== Progress: 80% reached at entry 5857188 ===
=====================================

=====================================
=== Progress: 90% reached at entry 6589337 ===
=====================================

Opening file: /eos/user/a/amalhotr/ScoutingPFRun3/ScoutingData_2024H_TreeMakerRedone/251209_202708/0000/ScoutingTree_Output_892.root
Opened file /eos/user/a/amalhotr/ScoutingPFRun3/ScoutingData_2024H_TreeMakerRedone/251209_202708/0000/ScoutingTree_Output_892.root with 7884479 entries.
Tree opened successfully.
Total entries = 7884479

=====================================
=== Progress: 10% reached at entry 788447 ===
=====================================

=====================================
=== Progress: 20% reached at entry 1576895 ===
=====================================

=====================================
=== Progress: 30% reached at entry 2365343 ===
=====================================

=====================================
=== Progress: 40% reached at entry 3153791 ===
=====================================

=====================================
=== Progress: 50% reached at entry 3942239 ===
=====================================

=====================================
=== Progress: 60% reached at entry 4730687 ===
=====================================

=====================================
=== Progress: 70% reached at entry 5519135 ===
=====================================

=====================================
=== Progress: 80% reached at entry 6307583 ===
=====================================

=====================================
=== Progress: 90% reached at entry 7096031 ===
=====================================

Opening file: /eos/user/a/amalhotr/ScoutingPFRun3/ScoutingData_2024H_TreeMakerRedone/251209_202708/0000/ScoutingTree_Output_893.root
Opened file /eos/user/a/amalhotr/ScoutingPFRun3/ScoutingData_2024H_TreeMakerRedone/251209_202708/0000/ScoutingTree_Output_893.root with 7913715 entries.
Tree opened successfully.
Total entries = 7913715

=====================================
=== Progress: 10% reached at entry 791371 ===
=====================================

=====================================
=== Progress: 20% reached at entry 1582743 ===
=====================================

=====================================
=== Progress: 30% reached at entry 2374114 ===
=====================================

=====================================
=== Progress: 40% reached at entry 3165486 ===
=====================================

=====================================
=== Progress: 50% reached at entry 3956857 ===
=====================================

=====================================
=== Progress: 60% reached at entry 4748229 ===
=====================================

=====================================
=== Progress: 70% reached at entry 5539600 ===
=====================================

=====================================
=== Progress: 80% reached at entry 6330972 ===
=====================================

=====================================
=== Progress: 90% reached at entry 7122343 ===
=====================================

Finished Tree2PlotsRun3 scan.
