000 (14418861.000.000) 01/26 10:44:42 Job submitted from host: <188.184.90.62:9618?addrs=188.184.90.62-9618+[2001-1458-201-e4--100-238]-9618&alias=bigbird16.cern.ch&noUDP&sock=schedd_5196_9a2f>
...
040 (14418861.000.000) 01/26 10:49:11 Started transferring input files
	Transferring to host: <128.142.161.140:9618?addrs=128.142.161.140-9618+[2001-1458-301-b9--100-9]-9618&alias=b9g03p3557.cern.ch&noUDP&sock=slot1_22_3363901_5131_25391>
...
040 (14418861.000.000) 01/26 10:49:11 Finished transferring input files
...
001 (14418861.000.000) 01/26 10:49:12 Job executing on host: <128.142.161.140:9618?addrs=128.142.161.140-9618+[2001-1458-301-b9--100-9]-9618&alias=b9g03p3557.cern.ch&noUDP&sock=startd_4176_f795>
	SlotName: slot1_22@b9g03p3557.cern.ch
	CondorScratchDir = "/pool/condor/dir_287278"
	Cpus = 1
	Disk = 3917
	GPUs = 0
	Memory = 3000
...
006 (14418861.000.000) 01/26 10:49:26 Image size of job updated: 1496
	2  -  MemoryUsage of job (MB)
	1496  -  ResidentSetSize of job (KB)
...
006 (14418861.000.000) 01/26 10:54:27 Image size of job updated: 810736
	773  -  MemoryUsage of job (MB)
	791032  -  ResidentSetSize of job (KB)
...
040 (14418861.000.000) 01/26 10:56:25 Started transferring output files
...
040 (14418861.000.000) 01/26 10:56:25 Finished transferring output files
...
005 (14418861.000.000) 01/26 10:56:25 Job terminated.
	(1) Normal termination (return value 0)
		Usr 0 00:05:07, Sys 0 00:00:07  -  Run Remote Usage
		Usr 0 00:00:00, Sys 0 00:00:00  -  Run Local Usage
		Usr 0 00:05:07, Sys 0 00:00:07  -  Total Remote Usage
		Usr 0 00:00:00, Sys 0 00:00:00  -  Total Local Usage
	12856  -  Run Bytes Sent By Job
	317  -  Run Bytes Received By Job
	12856  -  Total Bytes Sent By Job
	317  -  Total Bytes Received By Job
	Partitionable Resources :    Usage  Request Allocated 
	   Cpus                 :     0.84        1         1 
	   Disk (KB)            :    36           1      3917 
	   GPUs                 :                           0 
	   Memory (MB)          :   773        3000      3000 
	   TimeExecute (s)      :   433                       
	   TimeSlotBusy (s)     :   436                       

	Job terminated of its own accord at 2026-01-26T09:56:25Z with exit-code 0.
...
