/pool/condor/dir_1373441

Opening file: /eos/user/a/amalhotr/ScoutingPFRun3/ScoutingData_2024H_TreeMakerRedone/251209_202708/0000/ScoutingTree_Output_151.root
Opened file /eos/user/a/amalhotr/ScoutingPFRun3/ScoutingData_2024H_TreeMakerRedone/251209_202708/0000/ScoutingTree_Output_151.root with 10561636 entries.
Tree opened successfully.
Total entries = 10561636

=====================================
=== Progress: 10% reached at entry 1056163 ===
=====================================

=====================================
=== Progress: 20% reached at entry 2112327 ===
=====================================

=====================================
=== Progress: 30% reached at entry 3168490 ===
=====================================

=====================================
=== Progress: 40% reached at entry 4224654 ===
=====================================

=====================================
=== Progress: 50% reached at entry 5280818 ===
=====================================

=====================================
=== Progress: 60% reached at entry 6336981 ===
=====================================

=====================================
=== Progress: 70% reached at entry 7393145 ===
=====================================

=====================================
=== Progress: 80% reached at entry 8449308 ===
=====================================

=====================================
=== Progress: 90% reached at entry 9505472 ===
=====================================

Opening file: /eos/user/a/amalhotr/ScoutingPFRun3/ScoutingData_2024H_TreeMakerRedone/251209_202708/0000/ScoutingTree_Output_152.root
Opened file /eos/user/a/amalhotr/ScoutingPFRun3/ScoutingData_2024H_TreeMakerRedone/251209_202708/0000/ScoutingTree_Output_152.root with 10709375 entries.
Tree opened successfully.
Total entries = 10709375

=====================================
=== Progress: 10% reached at entry 1070937 ===
=====================================

=====================================
=== Progress: 20% reached at entry 2141875 ===
=====================================

=====================================
=== Progress: 30% reached at entry 3212812 ===
=====================================

=====================================
=== Progress: 40% reached at entry 4283750 ===
=====================================

=====================================
=== Progress: 50% reached at entry 5354687 ===
=====================================

=====================================
=== Progress: 60% reached at entry 6425625 ===
=====================================

=====================================
=== Progress: 70% reached at entry 7496562 ===
=====================================

=====================================
=== Progress: 80% reached at entry 8567500 ===
=====================================

=====================================
=== Progress: 90% reached at entry 9638437 ===
=====================================

Opening file: /eos/user/a/amalhotr/ScoutingPFRun3/ScoutingData_2024H_TreeMakerRedone/251209_202708/0000/ScoutingTree_Output_153.root
Opened file /eos/user/a/amalhotr/ScoutingPFRun3/ScoutingData_2024H_TreeMakerRedone/251209_202708/0000/ScoutingTree_Output_153.root with 11307115 entries.
Tree opened successfully.
Total entries = 11307115

=====================================
=== Progress: 10% reached at entry 1130711 ===
=====================================

=====================================
=== Progress: 20% reached at entry 2261423 ===
=====================================

=====================================
=== Progress: 30% reached at entry 3392134 ===
=====================================

=====================================
=== Progress: 40% reached at entry 4522846 ===
=====================================

=====================================
=== Progress: 50% reached at entry 5653557 ===
=====================================

=====================================
=== Progress: 60% reached at entry 6784269 ===
=====================================

=====================================
=== Progress: 70% reached at entry 7914980 ===
=====================================

=====================================
=== Progress: 80% reached at entry 9045692 ===
=====================================

=====================================
=== Progress: 90% reached at entry 10176403 ===
=====================================

Opening file: /eos/user/a/amalhotr/ScoutingPFRun3/ScoutingData_2024H_TreeMakerRedone/251209_202708/0000/ScoutingTree_Output_154.root
Opened file /eos/user/a/amalhotr/ScoutingPFRun3/ScoutingData_2024H_TreeMakerRedone/251209_202708/0000/ScoutingTree_Output_154.root with 11427416 entries.
Tree opened successfully.
Total entries = 11427416

=====================================
=== Progress: 10% reached at entry 1142741 ===
=====================================

=====================================
=== Progress: 20% reached at entry 2285483 ===
=====================================

=====================================
=== Progress: 30% reached at entry 3428224 ===
=====================================

=====================================
=== Progress: 40% reached at entry 4570966 ===
=====================================

=====================================
=== Progress: 50% reached at entry 5713708 ===
=====================================

=====================================
=== Progress: 60% reached at entry 6856449 ===
=====================================

=====================================
=== Progress: 70% reached at entry 7999191 ===
=====================================

=====================================
=== Progress: 80% reached at entry 9141932 ===
=====================================

=====================================
=== Progress: 90% reached at entry 10284674 ===
=====================================

Finished Tree2PlotsRun3 scan.
