000 (14420194.000.000) 01/26 11:38:11 Job submitted from host: <188.184.90.62:9618?addrs=188.184.90.62-9618+[2001-1458-201-e4--100-238]-9618&alias=bigbird16.cern.ch&noUDP&sock=schedd_5196_9a2f>
...
040 (14420194.000.000) 01/26 11:40:29 Started transferring input files
	Transferring to host: <128.142.51.203:9618?addrs=128.142.51.203-9618+[2001-1458-301-3--100-8]-9618&alias=b9g02p3210.cern.ch&noUDP&sock=slot1_22_1975134_54f7_64733>
...
040 (14420194.000.000) 01/26 11:40:29 Finished transferring input files
...
001 (14420194.000.000) 01/26 11:40:30 Job executing on host: <128.142.51.203:9618?addrs=128.142.51.203-9618+[2001-1458-301-3--100-8]-9618&alias=b9g02p3210.cern.ch&noUDP&sock=startd_7392_e029>
	SlotName: slot1_22@b9g02p3210.cern.ch
	CondorScratchDir = "/pool/condor/dir_3112115"
	Cpus = 1
	Disk = 3904
	GPUs = 0
	Memory = 3000
...
006 (14420194.000.000) 01/26 11:40:43 Image size of job updated: 553368
	541  -  MemoryUsage of job (MB)
	553368  -  ResidentSetSize of job (KB)
...
006 (14420194.000.000) 01/26 11:45:43 Image size of job updated: 822232
	789  -  MemoryUsage of job (MB)
	807528  -  ResidentSetSize of job (KB)
...
040 (14420194.000.000) 01/26 11:47:49 Started transferring output files
...
040 (14420194.000.000) 01/26 11:47:49 Finished transferring output files
...
005 (14420194.000.000) 01/26 11:47:49 Job terminated.
	(1) Normal termination (return value 0)
		Usr 0 00:05:34, Sys 0 00:00:10  -  Run Remote Usage
		Usr 0 00:00:00, Sys 0 00:00:00  -  Run Local Usage
		Usr 0 00:05:34, Sys 0 00:00:10  -  Total Remote Usage
		Usr 0 00:00:00, Sys 0 00:00:00  -  Total Local Usage
	13286  -  Run Bytes Sent By Job
	317  -  Run Bytes Received By Job
	13286  -  Total Bytes Sent By Job
	317  -  Total Bytes Received By Job
	Partitionable Resources :    Usage  Request Allocated 
	   Cpus                 :     0.87        1         1 
	   Disk (KB)            :    37           1      3904 
	   GPUs                 :                           0 
	   Memory (MB)          :   789        3000      3000 
	   TimeExecute (s)      :   438                       
	   TimeSlotBusy (s)     :   441                       

	Job terminated of its own accord at 2026-01-26T10:47:48Z with exit-code 0.
...
