/pool/condor/dir_787019

Opening file: /eos/user/a/amalhotr/ScoutingPFRun3/ScoutingData_2024H_TreeMakerRedone/251209_202708/0000/ScoutingTree_Output_21.root
Opened file /eos/user/a/amalhotr/ScoutingPFRun3/ScoutingData_2024H_TreeMakerRedone/251209_202708/0000/ScoutingTree_Output_21.root with 8390895 entries.
Tree opened successfully.
Total entries = 8390895

=====================================
=== Progress: 10% reached at entry 839089 ===
=====================================

=====================================
=== Progress: 20% reached at entry 1678179 ===
=====================================

=====================================
=== Progress: 30% reached at entry 2517268 ===
=====================================

=====================================
=== Progress: 40% reached at entry 3356358 ===
=====================================

=====================================
=== Progress: 50% reached at entry 4195447 ===
=====================================

=====================================
=== Progress: 60% reached at entry 5034537 ===
=====================================

=====================================
=== Progress: 70% reached at entry 5873626 ===
=====================================

=====================================
=== Progress: 80% reached at entry 6712716 ===
=====================================

=====================================
=== Progress: 90% reached at entry 7551805 ===
=====================================

Opening file: /eos/user/a/amalhotr/ScoutingPFRun3/ScoutingData_2024H_TreeMakerRedone/251209_202708/0000/ScoutingTree_Output_220.root
Opened file /eos/user/a/amalhotr/ScoutingPFRun3/ScoutingData_2024H_TreeMakerRedone/251209_202708/0000/ScoutingTree_Output_220.root with 8184799 entries.
Tree opened successfully.
Total entries = 8184799

=====================================
=== Progress: 10% reached at entry 818479 ===
=====================================

=====================================
=== Progress: 20% reached at entry 1636959 ===
=====================================

=====================================
=== Progress: 30% reached at entry 2455439 ===
=====================================

=====================================
=== Progress: 40% reached at entry 3273919 ===
=====================================

=====================================
=== Progress: 50% reached at entry 4092399 ===
=====================================

=====================================
=== Progress: 60% reached at entry 4910879 ===
=====================================

=====================================
=== Progress: 70% reached at entry 5729359 ===
=====================================

=====================================
=== Progress: 80% reached at entry 6547839 ===
=====================================

=====================================
=== Progress: 90% reached at entry 7366319 ===
=====================================

Opening file: /eos/user/a/amalhotr/ScoutingPFRun3/ScoutingData_2024H_TreeMakerRedone/251209_202708/0000/ScoutingTree_Output_221.root
Opened file /eos/user/a/amalhotr/ScoutingPFRun3/ScoutingData_2024H_TreeMakerRedone/251209_202708/0000/ScoutingTree_Output_221.root with 8014126 entries.
Tree opened successfully.
Total entries = 8014126

=====================================
=== Progress: 10% reached at entry 801412 ===
=====================================

=====================================
=== Progress: 20% reached at entry 1602825 ===
=====================================

=====================================
=== Progress: 30% reached at entry 2404237 ===
=====================================

=====================================
=== Progress: 40% reached at entry 3205650 ===
=====================================

=====================================
=== Progress: 50% reached at entry 4007063 ===
=====================================

=====================================
=== Progress: 60% reached at entry 4808475 ===
=====================================

=====================================
=== Progress: 70% reached at entry 5609888 ===
=====================================

=====================================
=== Progress: 80% reached at entry 6411300 ===
=====================================

=====================================
=== Progress: 90% reached at entry 7212713 ===
=====================================

Opening file: /eos/user/a/amalhotr/ScoutingPFRun3/ScoutingData_2024H_TreeMakerRedone/251209_202708/0000/ScoutingTree_Output_222.root
Opened file /eos/user/a/amalhotr/ScoutingPFRun3/ScoutingData_2024H_TreeMakerRedone/251209_202708/0000/ScoutingTree_Output_222.root with 8138174 entries.
Tree opened successfully.
Total entries = 8138174

=====================================
=== Progress: 10% reached at entry 813817 ===
=====================================

=====================================
=== Progress: 20% reached at entry 1627634 ===
=====================================

=====================================
=== Progress: 30% reached at entry 2441452 ===
=====================================

=====================================
=== Progress: 40% reached at entry 3255269 ===
=====================================

=====================================
=== Progress: 50% reached at entry 4069087 ===
=====================================

=====================================
=== Progress: 60% reached at entry 4882904 ===
=====================================

=====================================
=== Progress: 70% reached at entry 5696721 ===
=====================================

=====================================
=== Progress: 80% reached at entry 6510539 ===
=====================================

=====================================
=== Progress: 90% reached at entry 7324356 ===
=====================================

Finished Tree2PlotsRun3 scan.
