/pool/condor/dir_3691769

Opening file: /eos/user/a/amalhotr/ScoutingPFRun3/ScoutingData_2024H_TreeMakerRedone/251209_202708/0000/ScoutingTree_Output_667.root
Opened file /eos/user/a/amalhotr/ScoutingPFRun3/ScoutingData_2024H_TreeMakerRedone/251209_202708/0000/ScoutingTree_Output_667.root with 8210809 entries.
Tree opened successfully.
Total entries = 8210809

=====================================
=== Progress: 10% reached at entry 821080 ===
=====================================

=====================================
=== Progress: 20% reached at entry 1642161 ===
=====================================

=====================================
=== Progress: 30% reached at entry 2463242 ===
=====================================

=====================================
=== Progress: 40% reached at entry 3284323 ===
=====================================

=====================================
=== Progress: 50% reached at entry 4105404 ===
=====================================

=====================================
=== Progress: 60% reached at entry 4926485 ===
=====================================

=====================================
=== Progress: 70% reached at entry 5747566 ===
=====================================

=====================================
=== Progress: 80% reached at entry 6568647 ===
=====================================

=====================================
=== Progress: 90% reached at entry 7389728 ===
=====================================

Opening file: /eos/user/a/amalhotr/ScoutingPFRun3/ScoutingData_2024H_TreeMakerRedone/251209_202708/0000/ScoutingTree_Output_668.root
Opened file /eos/user/a/amalhotr/ScoutingPFRun3/ScoutingData_2024H_TreeMakerRedone/251209_202708/0000/ScoutingTree_Output_668.root with 8351464 entries.
Tree opened successfully.
Total entries = 8351464

=====================================
=== Progress: 10% reached at entry 835146 ===
=====================================

=====================================
=== Progress: 20% reached at entry 1670292 ===
=====================================

=====================================
=== Progress: 30% reached at entry 2505439 ===
=====================================

=====================================
=== Progress: 40% reached at entry 3340585 ===
=====================================

=====================================
=== Progress: 50% reached at entry 4175732 ===
=====================================

=====================================
=== Progress: 60% reached at entry 5010878 ===
=====================================

=====================================
=== Progress: 70% reached at entry 5846024 ===
=====================================

=====================================
=== Progress: 80% reached at entry 6681171 ===
=====================================

=====================================
=== Progress: 90% reached at entry 7516317 ===
=====================================

Opening file: /eos/user/a/amalhotr/ScoutingPFRun3/ScoutingData_2024H_TreeMakerRedone/251209_202708/0000/ScoutingTree_Output_669.root
Opened file /eos/user/a/amalhotr/ScoutingPFRun3/ScoutingData_2024H_TreeMakerRedone/251209_202708/0000/ScoutingTree_Output_669.root with 8130800 entries.
Tree opened successfully.
Total entries = 8130800

=====================================
=== Progress: 10% reached at entry 813080 ===
=====================================

=====================================
=== Progress: 20% reached at entry 1626160 ===
=====================================

=====================================
=== Progress: 30% reached at entry 2439240 ===
=====================================

=====================================
=== Progress: 40% reached at entry 3252320 ===
=====================================

=====================================
=== Progress: 50% reached at entry 4065400 ===
=====================================

=====================================
=== Progress: 60% reached at entry 4878480 ===
=====================================

=====================================
=== Progress: 70% reached at entry 5691560 ===
=====================================

=====================================
=== Progress: 80% reached at entry 6504640 ===
=====================================

=====================================
=== Progress: 90% reached at entry 7317720 ===
=====================================

Opening file: /eos/user/a/amalhotr/ScoutingPFRun3/ScoutingData_2024H_TreeMakerRedone/251209_202708/0000/ScoutingTree_Output_66.root
Opened file /eos/user/a/amalhotr/ScoutingPFRun3/ScoutingData_2024H_TreeMakerRedone/251209_202708/0000/ScoutingTree_Output_66.root with 7754921 entries.
Tree opened successfully.
Total entries = 7754921

=====================================
=== Progress: 10% reached at entry 775492 ===
=====================================

=====================================
=== Progress: 20% reached at entry 1550984 ===
=====================================

=====================================
=== Progress: 30% reached at entry 2326476 ===
=====================================

=====================================
=== Progress: 40% reached at entry 3101968 ===
=====================================

=====================================
=== Progress: 50% reached at entry 3877460 ===
=====================================

=====================================
=== Progress: 60% reached at entry 4652952 ===
=====================================

=====================================
=== Progress: 70% reached at entry 5428444 ===
=====================================

=====================================
=== Progress: 80% reached at entry 6203936 ===
=====================================

=====================================
=== Progress: 90% reached at entry 6979428 ===
=====================================

Finished Tree2PlotsRun3 scan.
