000 (14418799.000.000) 01/26 10:11:31 Job submitted from host: <188.184.90.62:9618?addrs=188.184.90.62-9618+[2001-1458-201-e4--100-238]-9618&alias=bigbird16.cern.ch&noUDP&sock=schedd_5196_9a2f>
...
040 (14418799.000.000) 01/26 10:14:08 Started transferring input files
	Transferring to host: <188.185.214.68:9618?addrs=188.185.214.68-9618+[2001-1458-303-1c--100-40]-9618&alias=b9p29p9608.cern.ch&noUDP&sock=slot1_23_10040_d691_160534>
...
040 (14418799.000.000) 01/26 10:14:08 Finished transferring input files
...
001 (14418799.000.000) 01/26 10:14:09 Job executing on host: <188.185.214.68:9618?addrs=188.185.214.68-9618+[2001-1458-303-1c--100-40]-9618&alias=b9p29p9608.cern.ch&noUDP&sock=startd_9082_1337>
	SlotName: slot1_23@b9p29p9608.cern.ch
	CondorScratchDir = "/pool/condor/dir_3323749"
	Cpus = 1
	Disk = 3731
	GPUs = 0
	Memory = 3000
...
006 (14418799.000.000) 01/26 10:14:22 Image size of job updated: 163416
	160  -  MemoryUsage of job (MB)
	163416  -  ResidentSetSize of job (KB)
...
006 (14418799.000.000) 01/26 10:19:22 Image size of job updated: 825436
	797  -  MemoryUsage of job (MB)
	815824  -  ResidentSetSize of job (KB)
...
006 (14418799.000.000) 01/26 10:21:54 Image size of job updated: 828492
	797  -  MemoryUsage of job (MB)
	815824  -  ResidentSetSize of job (KB)
...
040 (14418799.000.000) 01/26 10:21:54 Started transferring output files
...
040 (14418799.000.000) 01/26 10:21:54 Finished transferring output files
...
005 (14418799.000.000) 01/26 10:21:54 Job terminated.
	(1) Normal termination (return value 0)
		Usr 0 00:05:12, Sys 0 00:00:12  -  Run Remote Usage
		Usr 0 00:00:00, Sys 0 00:00:00  -  Run Local Usage
		Usr 0 00:05:12, Sys 0 00:00:12  -  Total Remote Usage
		Usr 0 00:00:00, Sys 0 00:00:00  -  Total Local Usage
	13178  -  Run Bytes Sent By Job
	317  -  Run Bytes Received By Job
	13178  -  Total Bytes Sent By Job
	317  -  Total Bytes Received By Job
	Partitionable Resources :    Usage  Request Allocated 
	   Cpus                 :     0.74        1         1 
	   Disk (KB)            :    36           1      3731 
	   GPUs                 :                           0 
	   Memory (MB)          :   797        3000      3000 
	   TimeExecute (s)      :   465                       
	   TimeSlotBusy (s)     :   467                       

	Job terminated of its own accord at 2026-01-26T09:21:54Z with exit-code 0.
...
