/pool/condor/dir_2163838

Opening file: /eos/user/a/amalhotr/ScoutingPFRun3/ScoutingData_2024H_TreeMakerRedone/251209_202708/0000/ScoutingTree_Output_393.root
Opened file /eos/user/a/amalhotr/ScoutingPFRun3/ScoutingData_2024H_TreeMakerRedone/251209_202708/0000/ScoutingTree_Output_393.root with 7822735 entries.
Tree opened successfully.
Total entries = 7822735

=====================================
=== Progress: 10% reached at entry 782273 ===
=====================================

=====================================
=== Progress: 20% reached at entry 1564547 ===
=====================================

=====================================
=== Progress: 30% reached at entry 2346820 ===
=====================================

=====================================
=== Progress: 40% reached at entry 3129094 ===
=====================================

=====================================
=== Progress: 50% reached at entry 3911367 ===
=====================================

=====================================
=== Progress: 60% reached at entry 4693641 ===
=====================================

=====================================
=== Progress: 70% reached at entry 5475914 ===
=====================================

=====================================
=== Progress: 80% reached at entry 6258188 ===
=====================================

=====================================
=== Progress: 90% reached at entry 7040461 ===
=====================================

Opening file: /eos/user/a/amalhotr/ScoutingPFRun3/ScoutingData_2024H_TreeMakerRedone/251209_202708/0000/ScoutingTree_Output_394.root
Opened file /eos/user/a/amalhotr/ScoutingPFRun3/ScoutingData_2024H_TreeMakerRedone/251209_202708/0000/ScoutingTree_Output_394.root with 8252984 entries.
Tree opened successfully.
Total entries = 8252984

=====================================
=== Progress: 10% reached at entry 825298 ===
=====================================

=====================================
=== Progress: 20% reached at entry 1650596 ===
=====================================

=====================================
=== Progress: 30% reached at entry 2475895 ===
=====================================

=====================================
=== Progress: 40% reached at entry 3301193 ===
=====================================

=====================================
=== Progress: 50% reached at entry 4126492 ===
=====================================

=====================================
=== Progress: 60% reached at entry 4951790 ===
=====================================

=====================================
=== Progress: 70% reached at entry 5777088 ===
=====================================

=====================================
=== Progress: 80% reached at entry 6602387 ===
=====================================

=====================================
=== Progress: 90% reached at entry 7427685 ===
=====================================

Opening file: /eos/user/a/amalhotr/ScoutingPFRun3/ScoutingData_2024H_TreeMakerRedone/251209_202708/0000/ScoutingTree_Output_395.root
Opened file /eos/user/a/amalhotr/ScoutingPFRun3/ScoutingData_2024H_TreeMakerRedone/251209_202708/0000/ScoutingTree_Output_395.root with 7256211 entries.
Tree opened successfully.
Total entries = 7256211

=====================================
=== Progress: 10% reached at entry 725621 ===
=====================================

=====================================
=== Progress: 20% reached at entry 1451242 ===
=====================================

=====================================
=== Progress: 30% reached at entry 2176863 ===
=====================================

=====================================
=== Progress: 40% reached at entry 2902484 ===
=====================================

=====================================
=== Progress: 50% reached at entry 3628105 ===
=====================================

=====================================
=== Progress: 60% reached at entry 4353726 ===
=====================================

=====================================
=== Progress: 70% reached at entry 5079347 ===
=====================================

=====================================
=== Progress: 80% reached at entry 5804968 ===
=====================================

=====================================
=== Progress: 90% reached at entry 6530589 ===
=====================================

Opening file: /eos/user/a/amalhotr/ScoutingPFRun3/ScoutingData_2024H_TreeMakerRedone/251209_202708/0000/ScoutingTree_Output_396.root
Opened file /eos/user/a/amalhotr/ScoutingPFRun3/ScoutingData_2024H_TreeMakerRedone/251209_202708/0000/ScoutingTree_Output_396.root with 8203808 entries.
Tree opened successfully.
Total entries = 8203808

=====================================
=== Progress: 10% reached at entry 820380 ===
=====================================

=====================================
=== Progress: 20% reached at entry 1640761 ===
=====================================

=====================================
=== Progress: 30% reached at entry 2461142 ===
=====================================

=====================================
=== Progress: 40% reached at entry 3281523 ===
=====================================

=====================================
=== Progress: 50% reached at entry 4101904 ===
=====================================

=====================================
=== Progress: 60% reached at entry 4922284 ===
=====================================

=====================================
=== Progress: 70% reached at entry 5742665 ===
=====================================

=====================================
=== Progress: 80% reached at entry 6563046 ===
=====================================

=====================================
=== Progress: 90% reached at entry 7383427 ===
=====================================

Finished Tree2PlotsRun3 scan.
