/pool/condor/dir_3744291

Opening file: /eos/user/a/amalhotr/ScoutingPFRun3/ScoutingData_2024H_TreeMakerRedone/251209_202708/0000/ScoutingTree_Output_821.root
Opened file /eos/user/a/amalhotr/ScoutingPFRun3/ScoutingData_2024H_TreeMakerRedone/251209_202708/0000/ScoutingTree_Output_821.root with 5854569 entries.
Tree opened successfully.
Total entries = 5854569

=====================================
=== Progress: 10% reached at entry 585456 ===
=====================================

=====================================
=== Progress: 20% reached at entry 1170913 ===
=====================================

=====================================
=== Progress: 30% reached at entry 1756370 ===
=====================================

=====================================
=== Progress: 40% reached at entry 2341827 ===
=====================================

=====================================
=== Progress: 50% reached at entry 2927284 ===
=====================================

=====================================
=== Progress: 60% reached at entry 3512741 ===
=====================================

=====================================
=== Progress: 70% reached at entry 4098198 ===
=====================================

=====================================
=== Progress: 80% reached at entry 4683655 ===
=====================================

=====================================
=== Progress: 90% reached at entry 5269112 ===
=====================================

Opening file: /eos/user/a/amalhotr/ScoutingPFRun3/ScoutingData_2024H_TreeMakerRedone/251209_202708/0000/ScoutingTree_Output_822.root
Opened file /eos/user/a/amalhotr/ScoutingPFRun3/ScoutingData_2024H_TreeMakerRedone/251209_202708/0000/ScoutingTree_Output_822.root with 7310450 entries.
Tree opened successfully.
Total entries = 7310450

=====================================
=== Progress: 10% reached at entry 731045 ===
=====================================

=====================================
=== Progress: 20% reached at entry 1462090 ===
=====================================

=====================================
=== Progress: 30% reached at entry 2193135 ===
=====================================

=====================================
=== Progress: 40% reached at entry 2924180 ===
=====================================

=====================================
=== Progress: 50% reached at entry 3655225 ===
=====================================

=====================================
=== Progress: 60% reached at entry 4386270 ===
=====================================

=====================================
=== Progress: 70% reached at entry 5117315 ===
=====================================

=====================================
=== Progress: 80% reached at entry 5848360 ===
=====================================

=====================================
=== Progress: 90% reached at entry 6579405 ===
=====================================

Opening file: /eos/user/a/amalhotr/ScoutingPFRun3/ScoutingData_2024H_TreeMakerRedone/251209_202708/0000/ScoutingTree_Output_823.root
Opened file /eos/user/a/amalhotr/ScoutingPFRun3/ScoutingData_2024H_TreeMakerRedone/251209_202708/0000/ScoutingTree_Output_823.root with 8263420 entries.
Tree opened successfully.
Total entries = 8263420

=====================================
=== Progress: 10% reached at entry 826342 ===
=====================================

=====================================
=== Progress: 20% reached at entry 1652684 ===
=====================================

=====================================
=== Progress: 30% reached at entry 2479026 ===
=====================================

=====================================
=== Progress: 40% reached at entry 3305368 ===
=====================================

=====================================
=== Progress: 50% reached at entry 4131710 ===
=====================================

=====================================
=== Progress: 60% reached at entry 4958052 ===
=====================================

=====================================
=== Progress: 70% reached at entry 5784394 ===
=====================================

=====================================
=== Progress: 80% reached at entry 6610736 ===
=====================================

=====================================
=== Progress: 90% reached at entry 7437078 ===
=====================================

Opening file: /eos/user/a/amalhotr/ScoutingPFRun3/ScoutingData_2024H_TreeMakerRedone/251209_202708/0000/ScoutingTree_Output_824.root
Opened file /eos/user/a/amalhotr/ScoutingPFRun3/ScoutingData_2024H_TreeMakerRedone/251209_202708/0000/ScoutingTree_Output_824.root with 7509699 entries.
Tree opened successfully.
Total entries = 7509699

=====================================
=== Progress: 10% reached at entry 750969 ===
=====================================

=====================================
=== Progress: 20% reached at entry 1501939 ===
=====================================

=====================================
=== Progress: 30% reached at entry 2252909 ===
=====================================

=====================================
=== Progress: 40% reached at entry 3003879 ===
=====================================

=====================================
=== Progress: 50% reached at entry 3754849 ===
=====================================

=====================================
=== Progress: 60% reached at entry 4505819 ===
=====================================

=====================================
=== Progress: 70% reached at entry 5256789 ===
=====================================

=====================================
=== Progress: 80% reached at entry 6007759 ===
=====================================

=====================================
=== Progress: 90% reached at entry 6758729 ===
=====================================

Finished Tree2PlotsRun3 scan.
