/pool/condor/dir_3982682

Opening file: /eos/user/a/amalhotr/ScoutingPFRun3/ScoutingData_2024H_TreeMakerRedone/251209_202708/0000/ScoutingTree_Output_4.root
Opened file /eos/user/a/amalhotr/ScoutingPFRun3/ScoutingData_2024H_TreeMakerRedone/251209_202708/0000/ScoutingTree_Output_4.root with 8385669 entries.
Tree opened successfully.
Total entries = 8385669

=====================================
=== Progress: 10% reached at entry 838566 ===
=====================================

=====================================
=== Progress: 20% reached at entry 1677133 ===
=====================================

=====================================
=== Progress: 30% reached at entry 2515700 ===
=====================================

=====================================
=== Progress: 40% reached at entry 3354267 ===
=====================================

=====================================
=== Progress: 50% reached at entry 4192834 ===
=====================================

=====================================
=== Progress: 60% reached at entry 5031401 ===
=====================================

=====================================
=== Progress: 70% reached at entry 5869968 ===
=====================================

=====================================
=== Progress: 80% reached at entry 6708535 ===
=====================================

=====================================
=== Progress: 90% reached at entry 7547102 ===
=====================================

Opening file: /eos/user/a/amalhotr/ScoutingPFRun3/ScoutingData_2024H_TreeMakerRedone/251209_202708/0000/ScoutingTree_Output_5.root
Opened file /eos/user/a/amalhotr/ScoutingPFRun3/ScoutingData_2024H_TreeMakerRedone/251209_202708/0000/ScoutingTree_Output_5.root with 8382341 entries.
Tree opened successfully.
Total entries = 8382341

=====================================
=== Progress: 10% reached at entry 838234 ===
=====================================

=====================================
=== Progress: 20% reached at entry 1676468 ===
=====================================

=====================================
=== Progress: 30% reached at entry 2514702 ===
=====================================

=====================================
=== Progress: 40% reached at entry 3352936 ===
=====================================

=====================================
=== Progress: 50% reached at entry 4191170 ===
=====================================

=====================================
=== Progress: 60% reached at entry 5029404 ===
=====================================

=====================================
=== Progress: 70% reached at entry 5867638 ===
=====================================

=====================================
=== Progress: 80% reached at entry 6705872 ===
=====================================

=====================================
=== Progress: 90% reached at entry 7544106 ===
=====================================

Opening file: /eos/user/a/amalhotr/ScoutingPFRun3/ScoutingData_2024H_TreeMakerRedone/251209_202708/0000/ScoutingTree_Output_6.root
Opened file /eos/user/a/amalhotr/ScoutingPFRun3/ScoutingData_2024H_TreeMakerRedone/251209_202708/0000/ScoutingTree_Output_6.root with 8042905 entries.
Tree opened successfully.
Total entries = 8042905

=====================================
=== Progress: 10% reached at entry 804290 ===
=====================================

=====================================
=== Progress: 20% reached at entry 1608581 ===
=====================================

=====================================
=== Progress: 30% reached at entry 2412871 ===
=====================================

=====================================
=== Progress: 40% reached at entry 3217162 ===
=====================================

=====================================
=== Progress: 50% reached at entry 4021452 ===
=====================================

=====================================
=== Progress: 60% reached at entry 4825743 ===
=====================================

=====================================
=== Progress: 70% reached at entry 5630033 ===
=====================================

=====================================
=== Progress: 80% reached at entry 6434324 ===
=====================================

=====================================
=== Progress: 90% reached at entry 7238614 ===
=====================================

Finished Tree2PlotsRun3 scan.
