/pool/condor/dir_2814112

Opening file: /eos/user/a/amalhotr/ScoutingPFRun3/ScoutingData_2024H_TreeMakerRedone/251209_202708/0000/ScoutingTree_Output_403.root
Opened file /eos/user/a/amalhotr/ScoutingPFRun3/ScoutingData_2024H_TreeMakerRedone/251209_202708/0000/ScoutingTree_Output_403.root with 8217121 entries.
Tree opened successfully.
Total entries = 8217121

=====================================
=== Progress: 10% reached at entry 821712 ===
=====================================

=====================================
=== Progress: 20% reached at entry 1643424 ===
=====================================

=====================================
=== Progress: 30% reached at entry 2465136 ===
=====================================

=====================================
=== Progress: 40% reached at entry 3286848 ===
=====================================

=====================================
=== Progress: 50% reached at entry 4108560 ===
=====================================

=====================================
=== Progress: 60% reached at entry 4930272 ===
=====================================

=====================================
=== Progress: 70% reached at entry 5751984 ===
=====================================

=====================================
=== Progress: 80% reached at entry 6573696 ===
=====================================

=====================================
=== Progress: 90% reached at entry 7395408 ===
=====================================

Opening file: /eos/user/a/amalhotr/ScoutingPFRun3/ScoutingData_2024H_TreeMakerRedone/251209_202708/0000/ScoutingTree_Output_404.root
Opened file /eos/user/a/amalhotr/ScoutingPFRun3/ScoutingData_2024H_TreeMakerRedone/251209_202708/0000/ScoutingTree_Output_404.root with 7986982 entries.
Tree opened successfully.
Total entries = 7986982

=====================================
=== Progress: 10% reached at entry 798698 ===
=====================================

=====================================
=== Progress: 20% reached at entry 1597396 ===
=====================================

=====================================
=== Progress: 30% reached at entry 2396094 ===
=====================================

=====================================
=== Progress: 40% reached at entry 3194792 ===
=====================================

=====================================
=== Progress: 50% reached at entry 3993491 ===
=====================================

=====================================
=== Progress: 60% reached at entry 4792189 ===
=====================================

=====================================
=== Progress: 70% reached at entry 5590887 ===
=====================================

=====================================
=== Progress: 80% reached at entry 6389585 ===
=====================================

=====================================
=== Progress: 90% reached at entry 7188283 ===
=====================================

Opening file: /eos/user/a/amalhotr/ScoutingPFRun3/ScoutingData_2024H_TreeMakerRedone/251209_202708/0000/ScoutingTree_Output_405.root
Opened file /eos/user/a/amalhotr/ScoutingPFRun3/ScoutingData_2024H_TreeMakerRedone/251209_202708/0000/ScoutingTree_Output_405.root with 8044256 entries.
Tree opened successfully.
Total entries = 8044256

=====================================
=== Progress: 10% reached at entry 804425 ===
=====================================

=====================================
=== Progress: 20% reached at entry 1608851 ===
=====================================

=====================================
=== Progress: 30% reached at entry 2413276 ===
=====================================

=====================================
=== Progress: 40% reached at entry 3217702 ===
=====================================

=====================================
=== Progress: 50% reached at entry 4022128 ===
=====================================

=====================================
=== Progress: 60% reached at entry 4826553 ===
=====================================

=====================================
=== Progress: 70% reached at entry 5630979 ===
=====================================

=====================================
=== Progress: 80% reached at entry 6435404 ===
=====================================

=====================================
=== Progress: 90% reached at entry 7239830 ===
=====================================

Opening file: /eos/user/a/amalhotr/ScoutingPFRun3/ScoutingData_2024H_TreeMakerRedone/251209_202708/0000/ScoutingTree_Output_406.root
Opened file /eos/user/a/amalhotr/ScoutingPFRun3/ScoutingData_2024H_TreeMakerRedone/251209_202708/0000/ScoutingTree_Output_406.root with 8096424 entries.
Tree opened successfully.
Total entries = 8096424

=====================================
=== Progress: 10% reached at entry 809642 ===
=====================================

=====================================
=== Progress: 20% reached at entry 1619284 ===
=====================================

=====================================
=== Progress: 30% reached at entry 2428927 ===
=====================================

=====================================
=== Progress: 40% reached at entry 3238569 ===
=====================================

=====================================
=== Progress: 50% reached at entry 4048212 ===
=====================================

=====================================
=== Progress: 60% reached at entry 4857854 ===
=====================================

=====================================
=== Progress: 70% reached at entry 5667496 ===
=====================================

=====================================
=== Progress: 80% reached at entry 6477139 ===
=====================================

=====================================
=== Progress: 90% reached at entry 7286781 ===
=====================================

Finished Tree2PlotsRun3 scan.
