/pool/condor/dir_2657221

Opening file: /eos/user/a/amalhotr/ScoutingPFRun3/ScoutingData_2024H_TreeMakerRedone/251209_202708/0000/ScoutingTree_Output_689.root
Opened file /eos/user/a/amalhotr/ScoutingPFRun3/ScoutingData_2024H_TreeMakerRedone/251209_202708/0000/ScoutingTree_Output_689.root with 8133102 entries.
Tree opened successfully.
Total entries = 8133102

=====================================
=== Progress: 10% reached at entry 813310 ===
=====================================

=====================================
=== Progress: 20% reached at entry 1626620 ===
=====================================

=====================================
=== Progress: 30% reached at entry 2439930 ===
=====================================

=====================================
=== Progress: 40% reached at entry 3253240 ===
=====================================

=====================================
=== Progress: 50% reached at entry 4066551 ===
=====================================

=====================================
=== Progress: 60% reached at entry 4879861 ===
=====================================

=====================================
=== Progress: 70% reached at entry 5693171 ===
=====================================

=====================================
=== Progress: 80% reached at entry 6506481 ===
=====================================

=====================================
=== Progress: 90% reached at entry 7319791 ===
=====================================

Opening file: /eos/user/a/amalhotr/ScoutingPFRun3/ScoutingData_2024H_TreeMakerRedone/251209_202708/0000/ScoutingTree_Output_68.root
Opened file /eos/user/a/amalhotr/ScoutingPFRun3/ScoutingData_2024H_TreeMakerRedone/251209_202708/0000/ScoutingTree_Output_68.root with 7799930 entries.
Tree opened successfully.
Total entries = 7799930

=====================================
=== Progress: 10% reached at entry 779993 ===
=====================================

=====================================
=== Progress: 20% reached at entry 1559986 ===
=====================================

=====================================
=== Progress: 30% reached at entry 2339979 ===
=====================================

=====================================
=== Progress: 40% reached at entry 3119972 ===
=====================================

=====================================
=== Progress: 50% reached at entry 3899965 ===
=====================================

=====================================
=== Progress: 60% reached at entry 4679958 ===
=====================================

=====================================
=== Progress: 70% reached at entry 5459951 ===
=====================================

=====================================
=== Progress: 80% reached at entry 6239944 ===
=====================================

=====================================
=== Progress: 90% reached at entry 7019937 ===
=====================================

Opening file: /eos/user/a/amalhotr/ScoutingPFRun3/ScoutingData_2024H_TreeMakerRedone/251209_202708/0000/ScoutingTree_Output_690.root
Opened file /eos/user/a/amalhotr/ScoutingPFRun3/ScoutingData_2024H_TreeMakerRedone/251209_202708/0000/ScoutingTree_Output_690.root with 8351092 entries.
Tree opened successfully.
Total entries = 8351092

=====================================
=== Progress: 10% reached at entry 835109 ===
=====================================

=====================================
=== Progress: 20% reached at entry 1670218 ===
=====================================

=====================================
=== Progress: 30% reached at entry 2505327 ===
=====================================

=====================================
=== Progress: 40% reached at entry 3340436 ===
=====================================

=====================================
=== Progress: 50% reached at entry 4175546 ===
=====================================

=====================================
=== Progress: 60% reached at entry 5010655 ===
=====================================

=====================================
=== Progress: 70% reached at entry 5845764 ===
=====================================

=====================================
=== Progress: 80% reached at entry 6680873 ===
=====================================

=====================================
=== Progress: 90% reached at entry 7515982 ===
=====================================

Opening file: /eos/user/a/amalhotr/ScoutingPFRun3/ScoutingData_2024H_TreeMakerRedone/251209_202708/0000/ScoutingTree_Output_691.root
Opened file /eos/user/a/amalhotr/ScoutingPFRun3/ScoutingData_2024H_TreeMakerRedone/251209_202708/0000/ScoutingTree_Output_691.root with 8022356 entries.
Tree opened successfully.
Total entries = 8022356

=====================================
=== Progress: 10% reached at entry 802235 ===
=====================================

=====================================
=== Progress: 20% reached at entry 1604471 ===
=====================================

=====================================
=== Progress: 30% reached at entry 2406706 ===
=====================================

=====================================
=== Progress: 40% reached at entry 3208942 ===
=====================================

=====================================
=== Progress: 50% reached at entry 4011178 ===
=====================================

=====================================
=== Progress: 60% reached at entry 4813413 ===
=====================================

=====================================
=== Progress: 70% reached at entry 5615649 ===
=====================================

=====================================
=== Progress: 80% reached at entry 6417884 ===
=====================================

=====================================
=== Progress: 90% reached at entry 7220120 ===
=====================================

Finished Tree2PlotsRun3 scan.
