000 (14420213.000.000) 01/26 11:38:17 Job submitted from host: <188.184.90.62:9618?addrs=188.184.90.62-9618+[2001-1458-201-e4--100-238]-9618&alias=bigbird16.cern.ch&noUDP&sock=schedd_5196_9a2f>
...
040 (14420213.000.000) 01/26 11:40:28 Started transferring input files
	Transferring to host: <188.185.207.25:9618?addrs=188.185.207.25-9618+[2001-1458-303-d--100-16]-9618&alias=b9p07p3143.cern.ch&noUDP&sock=slot1_34_5900_d569_112270>
...
040 (14420213.000.000) 01/26 11:40:28 Finished transferring input files
...
001 (14420213.000.000) 01/26 11:40:29 Job executing on host: <188.185.207.25:9618?addrs=188.185.207.25-9618+[2001-1458-303-d--100-16]-9618&alias=b9p07p3143.cern.ch&noUDP&sock=startd_4855_b464>
	SlotName: slot1_34@b9p07p3143.cern.ch
	CondorScratchDir = "/pool/condor/dir_3275702"
	Cpus = 1
	Disk = 3659
	GPUs = 0
	Memory = 3000
...
006 (14420213.000.000) 01/26 11:40:42 Image size of job updated: 143948
	141  -  MemoryUsage of job (MB)
	143948  -  ResidentSetSize of job (KB)
...
006 (14420213.000.000) 01/26 11:44:55 Image size of job updated: 844384
	141  -  MemoryUsage of job (MB)
	144008  -  ResidentSetSize of job (KB)
...
040 (14420213.000.000) 01/26 11:44:55 Started transferring output files
...
040 (14420213.000.000) 01/26 11:44:55 Finished transferring output files
...
005 (14420213.000.000) 01/26 11:44:55 Job terminated.
	(1) Normal termination (return value 0)
		Usr 0 00:02:51, Sys 0 00:00:07  -  Run Remote Usage
		Usr 0 00:00:00, Sys 0 00:00:00  -  Run Local Usage
		Usr 0 00:02:51, Sys 0 00:00:07  -  Total Remote Usage
		Usr 0 00:00:00, Sys 0 00:00:00  -  Total Local Usage
	12855  -  Run Bytes Sent By Job
	317  -  Run Bytes Received By Job
	12855  -  Total Bytes Sent By Job
	317  -  Total Bytes Received By Job
	Partitionable Resources :    Usage  Request Allocated 
	   Cpus                 :        0        1         1 
	   Disk (KB)            :       40        1      3659 
	   GPUs                 :                           0 
	   Memory (MB)          :      141     3000      3000 
	   TimeExecute (s)      :      266                    
	   TimeSlotBusy (s)     :      268                    

	Job terminated of its own accord at 2026-01-26T10:44:55Z with exit-code 0.
...
