/pool/condor/dir_171954

Opening file: /eos/user/a/amalhotr/ScoutingPFRun3/ScoutingData_2024H_TreeMakerRedone/251209_202708/0000/ScoutingTree_Output_92.root
Opened file /eos/user/a/amalhotr/ScoutingPFRun3/ScoutingData_2024H_TreeMakerRedone/251209_202708/0000/ScoutingTree_Output_92.root with 8360437 entries.
Tree opened successfully.
Total entries = 8360437

=====================================
=== Progress: 10% reached at entry 836043 ===
=====================================

=====================================
=== Progress: 20% reached at entry 1672087 ===
=====================================

=====================================
=== Progress: 30% reached at entry 2508131 ===
=====================================

=====================================
=== Progress: 40% reached at entry 3344174 ===
=====================================

=====================================
=== Progress: 50% reached at entry 4180218 ===
=====================================

=====================================
=== Progress: 60% reached at entry 5016262 ===
=====================================

=====================================
=== Progress: 70% reached at entry 5852305 ===
=====================================

=====================================
=== Progress: 80% reached at entry 6688349 ===
=====================================

=====================================
=== Progress: 90% reached at entry 7524393 ===
=====================================

Opening file: /eos/user/a/amalhotr/ScoutingPFRun3/ScoutingData_2024H_TreeMakerRedone/251209_202708/0000/ScoutingTree_Output_93.root
Opened file /eos/user/a/amalhotr/ScoutingPFRun3/ScoutingData_2024H_TreeMakerRedone/251209_202708/0000/ScoutingTree_Output_93.root with 8224878 entries.
Tree opened successfully.
Total entries = 8224878

=====================================
=== Progress: 10% reached at entry 822487 ===
=====================================

=====================================
=== Progress: 20% reached at entry 1644975 ===
=====================================

=====================================
=== Progress: 30% reached at entry 2467463 ===
=====================================

=====================================
=== Progress: 40% reached at entry 3289951 ===
=====================================

=====================================
=== Progress: 50% reached at entry 4112439 ===
=====================================

=====================================
=== Progress: 60% reached at entry 4934926 ===
=====================================

=====================================
=== Progress: 70% reached at entry 5757414 ===
=====================================

=====================================
=== Progress: 80% reached at entry 6579902 ===
=====================================

=====================================
=== Progress: 90% reached at entry 7402390 ===
=====================================

Opening file: /eos/user/a/amalhotr/ScoutingPFRun3/ScoutingData_2024H_TreeMakerRedone/251209_202708/0000/ScoutingTree_Output_94.root
Opened file /eos/user/a/amalhotr/ScoutingPFRun3/ScoutingData_2024H_TreeMakerRedone/251209_202708/0000/ScoutingTree_Output_94.root with 7821886 entries.
Tree opened successfully.
Total entries = 7821886

=====================================
=== Progress: 10% reached at entry 782188 ===
=====================================

=====================================
=== Progress: 20% reached at entry 1564377 ===
=====================================

=====================================
=== Progress: 30% reached at entry 2346565 ===
=====================================

=====================================
=== Progress: 40% reached at entry 3128754 ===
=====================================

=====================================
=== Progress: 50% reached at entry 3910943 ===
=====================================

=====================================
=== Progress: 60% reached at entry 4693131 ===
=====================================

=====================================
=== Progress: 70% reached at entry 5475320 ===
=====================================

=====================================
=== Progress: 80% reached at entry 6257508 ===
=====================================

=====================================
=== Progress: 90% reached at entry 7039697 ===
=====================================

Opening file: /eos/user/a/amalhotr/ScoutingPFRun3/ScoutingData_2024H_TreeMakerRedone/251209_202708/0000/ScoutingTree_Output_95.root
Opened file /eos/user/a/amalhotr/ScoutingPFRun3/ScoutingData_2024H_TreeMakerRedone/251209_202708/0000/ScoutingTree_Output_95.root with 7711780 entries.
Tree opened successfully.
Total entries = 7711780

=====================================
=== Progress: 10% reached at entry 771178 ===
=====================================

=====================================
=== Progress: 20% reached at entry 1542356 ===
=====================================

=====================================
=== Progress: 30% reached at entry 2313534 ===
=====================================

=====================================
=== Progress: 40% reached at entry 3084712 ===
=====================================

=====================================
=== Progress: 50% reached at entry 3855890 ===
=====================================

=====================================
=== Progress: 60% reached at entry 4627068 ===
=====================================

=====================================
=== Progress: 70% reached at entry 5398246 ===
=====================================

=====================================
=== Progress: 80% reached at entry 6169424 ===
=====================================

=====================================
=== Progress: 90% reached at entry 6940602 ===
=====================================

Finished Tree2PlotsRun3 scan.
