000 (14418877.000.000) 01/26 10:47:07 Job submitted from host: <188.184.90.62:9618?addrs=188.184.90.62-9618+[2001-1458-201-e4--100-238]-9618&alias=bigbird16.cern.ch&noUDP&sock=schedd_5196_9a2f>
...
040 (14418877.000.000) 01/26 10:49:17 Started transferring input files
	Transferring to host: <188.185.194.104:9618?addrs=188.185.194.104-9618+[2001-1458-303-21--100-64]-9618&alias=b9p20p2466.cern.ch&noUDP&sock=slot1_27_4194_cd64_121397>
...
040 (14418877.000.000) 01/26 10:49:17 Finished transferring input files
...
001 (14418877.000.000) 01/26 10:49:18 Job executing on host: <188.185.194.104:9618?addrs=188.185.194.104-9618+[2001-1458-303-21--100-64]-9618&alias=b9p20p2466.cern.ch&noUDP&sock=startd_3237_e427>
	SlotName: slot1_27@b9p20p2466.cern.ch
	CondorScratchDir = "/pool/condor/dir_4034235"
	Cpus = 1
	Disk = 3909
	GPUs = 0
	Memory = 3000
...
006 (14418877.000.000) 01/26 10:49:31 Image size of job updated: 131748
	129  -  MemoryUsage of job (MB)
	131748  -  ResidentSetSize of job (KB)
...
006 (14418877.000.000) 01/26 10:54:31 Image size of job updated: 835700
	796  -  MemoryUsage of job (MB)
	814324  -  ResidentSetSize of job (KB)
...
040 (14418877.000.000) 01/26 10:56:29 Started transferring output files
...
040 (14418877.000.000) 01/26 10:56:29 Finished transferring output files
...
005 (14418877.000.000) 01/26 10:56:29 Job terminated.
	(1) Normal termination (return value 0)
		Usr 0 00:05:39, Sys 0 00:00:11  -  Run Remote Usage
		Usr 0 00:00:00, Sys 0 00:00:00  -  Run Local Usage
		Usr 0 00:05:39, Sys 0 00:00:11  -  Total Remote Usage
		Usr 0 00:00:00, Sys 0 00:00:00  -  Total Local Usage
	13437  -  Run Bytes Sent By Job
	317  -  Run Bytes Received By Job
	13437  -  Total Bytes Sent By Job
	317  -  Total Bytes Received By Job
	Partitionable Resources :    Usage  Request Allocated 
	   Cpus                 :     0.96        1         1 
	   Disk (KB)            :    37           1      3909 
	   GPUs                 :                           0 
	   Memory (MB)          :   796        3000      3000 
	   TimeExecute (s)      :   431                       
	   TimeSlotBusy (s)     :   433                       

	Job terminated of its own accord at 2026-01-26T09:56:29Z with exit-code 0.
...
