000 (14419450.000.000) 01/26 11:03:27 Job submitted from host: <188.184.90.62:9618?addrs=188.184.90.62-9618+[2001-1458-201-e4--100-238]-9618&alias=bigbird16.cern.ch&noUDP&sock=schedd_5196_9a2f>
...
040 (14419450.000.000) 01/26 11:05:16 Started transferring input files
	Transferring to host: <188.185.194.83:9618?addrs=188.185.194.83-9618+[2001-1458-303-21--100-4f]-9618&alias=b9p20p4442.cern.ch&noUDP&sock=slot1_21_7168_411d_123083>
...
040 (14419450.000.000) 01/26 11:05:16 Finished transferring input files
...
001 (14419450.000.000) 01/26 11:05:17 Job executing on host: <188.185.194.83:9618?addrs=188.185.194.83-9618+[2001-1458-303-21--100-4f]-9618&alias=b9p20p4442.cern.ch&noUDP&sock=startd_6080_f3e8>
	SlotName: slot1_21@b9p20p4442.cern.ch
	CondorScratchDir = "/pool/condor/dir_42086"
	Cpus = 1
	Disk = 3784
	GPUs = 0
	Memory = 3000
...
006 (14419450.000.000) 01/26 11:05:31 Image size of job updated: 167984
	165  -  MemoryUsage of job (MB)
	167984  -  ResidentSetSize of job (KB)
...
006 (14419450.000.000) 01/26 11:10:32 Image size of job updated: 849448
	814  -  MemoryUsage of job (MB)
	833340  -  ResidentSetSize of job (KB)
...
040 (14419450.000.000) 01/26 11:11:22 Started transferring output files
...
040 (14419450.000.000) 01/26 11:11:22 Finished transferring output files
...
005 (14419450.000.000) 01/26 11:11:22 Job terminated.
	(1) Normal termination (return value 0)
		Usr 0 00:04:36, Sys 0 00:00:06  -  Run Remote Usage
		Usr 0 00:00:00, Sys 0 00:00:00  -  Run Local Usage
		Usr 0 00:04:36, Sys 0 00:00:06  -  Total Remote Usage
		Usr 0 00:00:00, Sys 0 00:00:00  -  Total Local Usage
	13130  -  Run Bytes Sent By Job
	317  -  Run Bytes Received By Job
	13130  -  Total Bytes Sent By Job
	317  -  Total Bytes Received By Job
	Partitionable Resources :    Usage  Request Allocated 
	   Cpus                 :     0.72        1         1 
	   Disk (KB)            :    36           1      3784 
	   GPUs                 :                           0 
	   Memory (MB)          :   814        3000      3000 
	   TimeExecute (s)      :   365                       
	   TimeSlotBusy (s)     :   367                       

	Job terminated of its own accord at 2026-01-26T10:11:22Z with exit-code 0.
...
