/pool/condor/dir_3590521

Opening file: /eos/user/a/amalhotr/ScoutingPFRun3/ScoutingData_2024H_TreeMakerRedone/251209_202708/0000/ScoutingTree_Output_807.root
Opened file /eos/user/a/amalhotr/ScoutingPFRun3/ScoutingData_2024H_TreeMakerRedone/251209_202708/0000/ScoutingTree_Output_807.root with 4965663 entries.
Tree opened successfully.
Total entries = 4965663

=====================================
=== Progress: 10% reached at entry 496566 ===
=====================================

=====================================
=== Progress: 20% reached at entry 993132 ===
=====================================

=====================================
=== Progress: 30% reached at entry 1489698 ===
=====================================

=====================================
=== Progress: 40% reached at entry 1986265 ===
=====================================

=====================================
=== Progress: 50% reached at entry 2482831 ===
=====================================

=====================================
=== Progress: 60% reached at entry 2979397 ===
=====================================

=====================================
=== Progress: 70% reached at entry 3475964 ===
=====================================

=====================================
=== Progress: 80% reached at entry 3972530 ===
=====================================

=====================================
=== Progress: 90% reached at entry 4469096 ===
=====================================

Opening file: /eos/user/a/amalhotr/ScoutingPFRun3/ScoutingData_2024H_TreeMakerRedone/251209_202708/0000/ScoutingTree_Output_808.root
Opened file /eos/user/a/amalhotr/ScoutingPFRun3/ScoutingData_2024H_TreeMakerRedone/251209_202708/0000/ScoutingTree_Output_808.root with 5071592 entries.
Tree opened successfully.
Total entries = 5071592

=====================================
=== Progress: 10% reached at entry 507159 ===
=====================================

=====================================
=== Progress: 20% reached at entry 1014318 ===
=====================================

=====================================
=== Progress: 30% reached at entry 1521477 ===
=====================================

=====================================
=== Progress: 40% reached at entry 2028636 ===
=====================================

=====================================
=== Progress: 50% reached at entry 2535796 ===
=====================================

=====================================
=== Progress: 60% reached at entry 3042955 ===
=====================================

=====================================
=== Progress: 70% reached at entry 3550114 ===
=====================================

=====================================
=== Progress: 80% reached at entry 4057273 ===
=====================================

=====================================
=== Progress: 90% reached at entry 4564432 ===
=====================================

Opening file: /eos/user/a/amalhotr/ScoutingPFRun3/ScoutingData_2024H_TreeMakerRedone/251209_202708/0000/ScoutingTree_Output_809.root
Opened file /eos/user/a/amalhotr/ScoutingPFRun3/ScoutingData_2024H_TreeMakerRedone/251209_202708/0000/ScoutingTree_Output_809.root with 4853832 entries.
Tree opened successfully.
Total entries = 4853832

=====================================
=== Progress: 10% reached at entry 485383 ===
=====================================

=====================================
=== Progress: 20% reached at entry 970766 ===
=====================================

=====================================
=== Progress: 30% reached at entry 1456149 ===
=====================================

=====================================
=== Progress: 40% reached at entry 1941532 ===
=====================================

=====================================
=== Progress: 50% reached at entry 2426916 ===
=====================================

=====================================
=== Progress: 60% reached at entry 2912299 ===
=====================================

=====================================
=== Progress: 70% reached at entry 3397682 ===
=====================================

=====================================
=== Progress: 80% reached at entry 3883065 ===
=====================================

=====================================
=== Progress: 90% reached at entry 4368448 ===
=====================================

Opening file: /eos/user/a/amalhotr/ScoutingPFRun3/ScoutingData_2024H_TreeMakerRedone/251209_202708/0000/ScoutingTree_Output_80.root
Opened file /eos/user/a/amalhotr/ScoutingPFRun3/ScoutingData_2024H_TreeMakerRedone/251209_202708/0000/ScoutingTree_Output_80.root with 8034739 entries.
Tree opened successfully.
Total entries = 8034739

=====================================
=== Progress: 10% reached at entry 803473 ===
=====================================

=====================================
=== Progress: 20% reached at entry 1606947 ===
=====================================

=====================================
=== Progress: 30% reached at entry 2410421 ===
=====================================

=====================================
=== Progress: 40% reached at entry 3213895 ===
=====================================

=====================================
=== Progress: 50% reached at entry 4017369 ===
=====================================

=====================================
=== Progress: 60% reached at entry 4820843 ===
=====================================

=====================================
=== Progress: 70% reached at entry 5624317 ===
=====================================

=====================================
=== Progress: 80% reached at entry 6427791 ===
=====================================

=====================================
=== Progress: 90% reached at entry 7231265 ===
=====================================

Finished Tree2PlotsRun3 scan.
