/pool/condor/dir_953912

Opening file: /eos/user/a/amalhotr/ScoutingPFRun3/ScoutingData_2024H_TreeMakerRedone/251209_202708/0000/ScoutingTree_Output_3.root
Opened file /eos/user/a/amalhotr/ScoutingPFRun3/ScoutingData_2024H_TreeMakerRedone/251209_202708/0000/ScoutingTree_Output_3.root with 8394564 entries.
Tree opened successfully.
Total entries = 8394564

=====================================
=== Progress: 10% reached at entry 839456 ===
=====================================

=====================================
=== Progress: 20% reached at entry 1678912 ===
=====================================

=====================================
=== Progress: 30% reached at entry 2518369 ===
=====================================

=====================================
=== Progress: 40% reached at entry 3357825 ===
=====================================

=====================================
=== Progress: 50% reached at entry 4197282 ===
=====================================

=====================================
=== Progress: 60% reached at entry 5036738 ===
=====================================

=====================================
=== Progress: 70% reached at entry 5876194 ===
=====================================

=====================================
=== Progress: 80% reached at entry 6715651 ===
=====================================

=====================================
=== Progress: 90% reached at entry 7555107 ===
=====================================

Opening file: /eos/user/a/amalhotr/ScoutingPFRun3/ScoutingData_2024H_TreeMakerRedone/251209_202708/0000/ScoutingTree_Output_400.root
Opened file /eos/user/a/amalhotr/ScoutingPFRun3/ScoutingData_2024H_TreeMakerRedone/251209_202708/0000/ScoutingTree_Output_400.root with 8102354 entries.
Tree opened successfully.
Total entries = 8102354

=====================================
=== Progress: 10% reached at entry 810235 ===
=====================================

=====================================
=== Progress: 20% reached at entry 1620470 ===
=====================================

=====================================
=== Progress: 30% reached at entry 2430706 ===
=====================================

=====================================
=== Progress: 40% reached at entry 3240941 ===
=====================================

=====================================
=== Progress: 50% reached at entry 4051177 ===
=====================================

=====================================
=== Progress: 60% reached at entry 4861412 ===
=====================================

=====================================
=== Progress: 70% reached at entry 5671647 ===
=====================================

=====================================
=== Progress: 80% reached at entry 6481883 ===
=====================================

=====================================
=== Progress: 90% reached at entry 7292118 ===
=====================================

Opening file: /eos/user/a/amalhotr/ScoutingPFRun3/ScoutingData_2024H_TreeMakerRedone/251209_202708/0000/ScoutingTree_Output_401.root
Opened file /eos/user/a/amalhotr/ScoutingPFRun3/ScoutingData_2024H_TreeMakerRedone/251209_202708/0000/ScoutingTree_Output_401.root with 8325733 entries.
Tree opened successfully.
Total entries = 8325733

=====================================
=== Progress: 10% reached at entry 832573 ===
=====================================

=====================================
=== Progress: 20% reached at entry 1665146 ===
=====================================

=====================================
=== Progress: 30% reached at entry 2497719 ===
=====================================

=====================================
=== Progress: 40% reached at entry 3330293 ===
=====================================

=====================================
=== Progress: 50% reached at entry 4162866 ===
=====================================

=====================================
=== Progress: 60% reached at entry 4995439 ===
=====================================

=====================================
=== Progress: 70% reached at entry 5828013 ===
=====================================

=====================================
=== Progress: 80% reached at entry 6660586 ===
=====================================

=====================================
=== Progress: 90% reached at entry 7493159 ===
=====================================

Opening file: /eos/user/a/amalhotr/ScoutingPFRun3/ScoutingData_2024H_TreeMakerRedone/251209_202708/0000/ScoutingTree_Output_402.root
Opened file /eos/user/a/amalhotr/ScoutingPFRun3/ScoutingData_2024H_TreeMakerRedone/251209_202708/0000/ScoutingTree_Output_402.root with 8349006 entries.
Tree opened successfully.
Total entries = 8349006

=====================================
=== Progress: 10% reached at entry 834900 ===
=====================================

=====================================
=== Progress: 20% reached at entry 1669801 ===
=====================================

=====================================
=== Progress: 30% reached at entry 2504701 ===
=====================================

=====================================
=== Progress: 40% reached at entry 3339602 ===
=====================================

=====================================
=== Progress: 50% reached at entry 4174503 ===
=====================================

=====================================
=== Progress: 60% reached at entry 5009403 ===
=====================================

=====================================
=== Progress: 70% reached at entry 5844304 ===
=====================================

=====================================
=== Progress: 80% reached at entry 6679204 ===
=====================================

=====================================
=== Progress: 90% reached at entry 7514105 ===
=====================================

Finished Tree2PlotsRun3 scan.
