000 (14418774.000.000) 01/26 10:11:24 Job submitted from host: <188.184.90.62:9618?addrs=188.184.90.62-9618+[2001-1458-201-e4--100-238]-9618&alias=bigbird16.cern.ch&noUDP&sock=schedd_5196_9a2f>
...
040 (14418774.000.000) 01/26 10:14:02 Started transferring input files
	Transferring to host: <188.185.195.109:9618?addrs=188.185.195.109-9618+[2001-1458-303-22--100-69]-9618&alias=b9p17p6101.cern.ch&noUDP&sock=slot1_16_11350_da07_103314>
...
040 (14418774.000.000) 01/26 10:14:02 Finished transferring input files
...
001 (14418774.000.000) 01/26 10:14:03 Job executing on host: <188.185.195.109:9618?addrs=188.185.195.109-9618+[2001-1458-303-22--100-69]-9618&alias=b9p17p6101.cern.ch&noUDP&sock=startd_10328_ba38>
	SlotName: slot1_16@b9p17p6101.cern.ch
	CondorScratchDir = "/pool/condor/dir_738487"
	Cpus = 1
	Disk = 3787
	GPUs = 0
	Memory = 3000
...
006 (14418774.000.000) 01/26 10:14:16 Image size of job updated: 47896
	47  -  MemoryUsage of job (MB)
	47896  -  ResidentSetSize of job (KB)
...
006 (14418774.000.000) 01/26 10:19:16 Image size of job updated: 843984
	791  -  MemoryUsage of job (MB)
	809572  -  ResidentSetSize of job (KB)
...
040 (14418774.000.000) 01/26 10:22:31 Started transferring output files
...
040 (14418774.000.000) 01/26 10:22:31 Finished transferring output files
...
005 (14418774.000.000) 01/26 10:22:31 Job terminated.
	(1) Normal termination (return value 0)
		Usr 0 00:06:07, Sys 0 00:00:08  -  Run Remote Usage
		Usr 0 00:00:00, Sys 0 00:00:00  -  Run Local Usage
		Usr 0 00:06:07, Sys 0 00:00:08  -  Total Remote Usage
		Usr 0 00:00:00, Sys 0 00:00:00  -  Total Local Usage
	13440  -  Run Bytes Sent By Job
	317  -  Run Bytes Received By Job
	13440  -  Total Bytes Sent By Job
	317  -  Total Bytes Received By Job
	Partitionable Resources :    Usage  Request Allocated 
	   Cpus                 :                 1         1 
	   Disk (KB)            :       28        1      3787 
	   GPUs                 :                           0 
	   Memory (MB)          :      791     3000      3000 
	   TimeExecute (s)      :      508                    
	   TimeSlotBusy (s)     :      510                    

	Job terminated of its own accord at 2026-01-26T09:22:31Z with exit-code 0.
...
