000 (14419849.000.000) 01/26 11:19:08 Job submitted from host: <188.184.90.62:9618?addrs=188.184.90.62-9618+[2001-1458-201-e4--100-238]-9618&alias=bigbird16.cern.ch&noUDP&sock=schedd_5196_9a2f>
...
040 (14419849.000.000) 01/26 11:19:46 Started transferring input files
	Transferring to host: <128.142.161.73:9618?addrs=128.142.161.73-9618+[2001-1458-301-b8--100-7]-9618&alias=b9g03p4186.cern.ch&noUDP&sock=slot1_5_908297_27a1_40551>
...
040 (14419849.000.000) 01/26 11:19:46 Finished transferring input files
...
001 (14419849.000.000) 01/26 11:19:47 Job executing on host: <128.142.161.73:9618?addrs=128.142.161.73-9618+[2001-1458-301-b8--100-7]-9618&alias=b9g03p4186.cern.ch&noUDP&sock=startd_4371_b88d>
	SlotName: slot1_5@b9g03p4186.cern.ch
	CondorScratchDir = "/pool/condor/dir_1334919"
	Cpus = 1
	Disk = 4049
	GPUs = 0
	Memory = 3000
...
006 (14419849.000.000) 01/26 11:20:01 Image size of job updated: 129220
	127  -  MemoryUsage of job (MB)
	129220  -  ResidentSetSize of job (KB)
...
006 (14419849.000.000) 01/26 11:25:02 Image size of job updated: 759436
	568  -  MemoryUsage of job (MB)
	580968  -  ResidentSetSize of job (KB)
...
006 (14419849.000.000) 01/26 11:26:54 Image size of job updated: 761936
	568  -  MemoryUsage of job (MB)
	580968  -  ResidentSetSize of job (KB)
...
040 (14419849.000.000) 01/26 11:26:54 Started transferring output files
...
040 (14419849.000.000) 01/26 11:26:54 Finished transferring output files
...
005 (14419849.000.000) 01/26 11:26:54 Job terminated.
	(1) Normal termination (return value 0)
		Usr 0 00:05:27, Sys 0 00:00:10  -  Run Remote Usage
		Usr 0 00:00:00, Sys 0 00:00:00  -  Run Local Usage
		Usr 0 00:05:27, Sys 0 00:00:10  -  Total Remote Usage
		Usr 0 00:00:00, Sys 0 00:00:00  -  Total Local Usage
	13163  -  Run Bytes Sent By Job
	317  -  Run Bytes Received By Job
	13163  -  Total Bytes Sent By Job
	317  -  Total Bytes Received By Job
	Partitionable Resources :    Usage  Request Allocated 
	   Cpus                 :     0.71        1         1 
	   Disk (KB)            :    36           1      4049 
	   GPUs                 :                           0 
	   Memory (MB)          :   568        3000      3000 
	   TimeExecute (s)      :   427                       
	   TimeSlotBusy (s)     :   429                       

	Job terminated of its own accord at 2026-01-26T10:26:54Z with exit-code 0.
...
