/pool/condor/dir_1258982

Opening file: /eos/user/a/amalhotr/ScoutingPFRun3/ScoutingData_2024H_TreeMakerRedone/251209_202708/0000/ScoutingTree_Output_447.root
Opened file /eos/user/a/amalhotr/ScoutingPFRun3/ScoutingData_2024H_TreeMakerRedone/251209_202708/0000/ScoutingTree_Output_447.root with 8088534 entries.
Tree opened successfully.
Total entries = 8088534

=====================================
=== Progress: 10% reached at entry 808853 ===
=====================================

=====================================
=== Progress: 20% reached at entry 1617706 ===
=====================================

=====================================
=== Progress: 30% reached at entry 2426560 ===
=====================================

=====================================
=== Progress: 40% reached at entry 3235413 ===
=====================================

=====================================
=== Progress: 50% reached at entry 4044267 ===
=====================================

=====================================
=== Progress: 60% reached at entry 4853120 ===
=====================================

=====================================
=== Progress: 70% reached at entry 5661973 ===
=====================================

=====================================
=== Progress: 80% reached at entry 6470827 ===
=====================================

=====================================
=== Progress: 90% reached at entry 7279680 ===
=====================================

Opening file: /eos/user/a/amalhotr/ScoutingPFRun3/ScoutingData_2024H_TreeMakerRedone/251209_202708/0000/ScoutingTree_Output_448.root
Opened file /eos/user/a/amalhotr/ScoutingPFRun3/ScoutingData_2024H_TreeMakerRedone/251209_202708/0000/ScoutingTree_Output_448.root with 8341966 entries.
Tree opened successfully.
Total entries = 8341966

=====================================
=== Progress: 10% reached at entry 834196 ===
=====================================

=====================================
=== Progress: 20% reached at entry 1668393 ===
=====================================

=====================================
=== Progress: 30% reached at entry 2502589 ===
=====================================

=====================================
=== Progress: 40% reached at entry 3336786 ===
=====================================

=====================================
=== Progress: 50% reached at entry 4170983 ===
=====================================

=====================================
=== Progress: 60% reached at entry 5005179 ===
=====================================

=====================================
=== Progress: 70% reached at entry 5839376 ===
=====================================

=====================================
=== Progress: 80% reached at entry 6673572 ===
=====================================

=====================================
=== Progress: 90% reached at entry 7507769 ===
=====================================

Opening file: /eos/user/a/amalhotr/ScoutingPFRun3/ScoutingData_2024H_TreeMakerRedone/251209_202708/0000/ScoutingTree_Output_449.root
Opened file /eos/user/a/amalhotr/ScoutingPFRun3/ScoutingData_2024H_TreeMakerRedone/251209_202708/0000/ScoutingTree_Output_449.root with 8215949 entries.
Tree opened successfully.
Total entries = 8215949

=====================================
=== Progress: 10% reached at entry 821594 ===
=====================================

=====================================
=== Progress: 20% reached at entry 1643189 ===
=====================================

=====================================
=== Progress: 30% reached at entry 2464784 ===
=====================================

=====================================
=== Progress: 40% reached at entry 3286379 ===
=====================================

=====================================
=== Progress: 50% reached at entry 4107974 ===
=====================================

=====================================
=== Progress: 60% reached at entry 4929569 ===
=====================================

=====================================
=== Progress: 70% reached at entry 5751164 ===
=====================================

=====================================
=== Progress: 80% reached at entry 6572759 ===
=====================================

=====================================
=== Progress: 90% reached at entry 7394354 ===
=====================================

Opening file: /eos/user/a/amalhotr/ScoutingPFRun3/ScoutingData_2024H_TreeMakerRedone/251209_202708/0000/ScoutingTree_Output_44.root
Opened file /eos/user/a/amalhotr/ScoutingPFRun3/ScoutingData_2024H_TreeMakerRedone/251209_202708/0000/ScoutingTree_Output_44.root with 9550759 entries.
Tree opened successfully.
Total entries = 9550759

=====================================
=== Progress: 10% reached at entry 955075 ===
=====================================

=====================================
=== Progress: 20% reached at entry 1910151 ===
=====================================

=====================================
=== Progress: 30% reached at entry 2865227 ===
=====================================

=====================================
=== Progress: 40% reached at entry 3820303 ===
=====================================

=====================================
=== Progress: 50% reached at entry 4775379 ===
=====================================

=====================================
=== Progress: 60% reached at entry 5730455 ===
=====================================

=====================================
=== Progress: 70% reached at entry 6685531 ===
=====================================

=====================================
=== Progress: 80% reached at entry 7640607 ===
=====================================

=====================================
=== Progress: 90% reached at entry 8595683 ===
=====================================

Finished Tree2PlotsRun3 scan.
