/pool/condor/dir_1334919

Opening file: /eos/user/a/amalhotr/ScoutingPFRun3/ScoutingData_2024H_TreeMakerRedone/251209_202708/0000/ScoutingTree_Output_645.root
Opened file /eos/user/a/amalhotr/ScoutingPFRun3/ScoutingData_2024H_TreeMakerRedone/251209_202708/0000/ScoutingTree_Output_645.root with 8166543 entries.
Tree opened successfully.
Total entries = 8166543

=====================================
=== Progress: 10% reached at entry 816654 ===
=====================================

=====================================
=== Progress: 20% reached at entry 1633308 ===
=====================================

=====================================
=== Progress: 30% reached at entry 2449962 ===
=====================================

=====================================
=== Progress: 40% reached at entry 3266617 ===
=====================================

=====================================
=== Progress: 50% reached at entry 4083271 ===
=====================================

=====================================
=== Progress: 60% reached at entry 4899925 ===
=====================================

=====================================
=== Progress: 70% reached at entry 5716580 ===
=====================================

=====================================
=== Progress: 80% reached at entry 6533234 ===
=====================================

=====================================
=== Progress: 90% reached at entry 7349888 ===
=====================================

Opening file: /eos/user/a/amalhotr/ScoutingPFRun3/ScoutingData_2024H_TreeMakerRedone/251209_202708/0000/ScoutingTree_Output_646.root
Opened file /eos/user/a/amalhotr/ScoutingPFRun3/ScoutingData_2024H_TreeMakerRedone/251209_202708/0000/ScoutingTree_Output_646.root with 7845798 entries.
Tree opened successfully.
Total entries = 7845798

=====================================
=== Progress: 10% reached at entry 784579 ===
=====================================

=====================================
=== Progress: 20% reached at entry 1569159 ===
=====================================

=====================================
=== Progress: 30% reached at entry 2353739 ===
=====================================

=====================================
=== Progress: 40% reached at entry 3138319 ===
=====================================

=====================================
=== Progress: 50% reached at entry 3922899 ===
=====================================

=====================================
=== Progress: 60% reached at entry 4707478 ===
=====================================

=====================================
=== Progress: 70% reached at entry 5492058 ===
=====================================

=====================================
=== Progress: 80% reached at entry 6276638 ===
=====================================

=====================================
=== Progress: 90% reached at entry 7061218 ===
=====================================

Opening file: /eos/user/a/amalhotr/ScoutingPFRun3/ScoutingData_2024H_TreeMakerRedone/251209_202708/0000/ScoutingTree_Output_647.root
Opened file /eos/user/a/amalhotr/ScoutingPFRun3/ScoutingData_2024H_TreeMakerRedone/251209_202708/0000/ScoutingTree_Output_647.root with 8318580 entries.
Tree opened successfully.
Total entries = 8318580

=====================================
=== Progress: 10% reached at entry 831858 ===
=====================================

=====================================
=== Progress: 20% reached at entry 1663716 ===
=====================================

=====================================
=== Progress: 30% reached at entry 2495574 ===
=====================================

=====================================
=== Progress: 40% reached at entry 3327432 ===
=====================================

=====================================
=== Progress: 50% reached at entry 4159290 ===
=====================================

=====================================
=== Progress: 60% reached at entry 4991148 ===
=====================================

=====================================
=== Progress: 70% reached at entry 5823006 ===
=====================================

=====================================
=== Progress: 80% reached at entry 6654864 ===
=====================================

=====================================
=== Progress: 90% reached at entry 7486722 ===
=====================================

Opening file: /eos/user/a/amalhotr/ScoutingPFRun3/ScoutingData_2024H_TreeMakerRedone/251209_202708/0000/ScoutingTree_Output_648.root
Opened file /eos/user/a/amalhotr/ScoutingPFRun3/ScoutingData_2024H_TreeMakerRedone/251209_202708/0000/ScoutingTree_Output_648.root with 8342584 entries.
Tree opened successfully.
Total entries = 8342584

=====================================
=== Progress: 10% reached at entry 834258 ===
=====================================

=====================================
=== Progress: 20% reached at entry 1668516 ===
=====================================

=====================================
=== Progress: 30% reached at entry 2502775 ===
=====================================

=====================================
=== Progress: 40% reached at entry 3337033 ===
=====================================

=====================================
=== Progress: 50% reached at entry 4171292 ===
=====================================

=====================================
=== Progress: 60% reached at entry 5005550 ===
=====================================

=====================================
=== Progress: 70% reached at entry 5839808 ===
=====================================

=====================================
=== Progress: 80% reached at entry 6674067 ===
=====================================

=====================================
=== Progress: 90% reached at entry 7508325 ===
=====================================

Finished Tree2PlotsRun3 scan.
