/pool/condor/dir_4084701

Opening file: /eos/user/a/amalhotr/ScoutingPFRun3/ScoutingData_2024H_TreeMakerRedone/251209_202708/0000/ScoutingTree_Output_869.root
Opened file /eos/user/a/amalhotr/ScoutingPFRun3/ScoutingData_2024H_TreeMakerRedone/251209_202708/0000/ScoutingTree_Output_869.root with 6160316 entries.
Tree opened successfully.
Total entries = 6160316

=====================================
=== Progress: 10% reached at entry 616031 ===
=====================================

=====================================
=== Progress: 20% reached at entry 1232063 ===
=====================================

=====================================
=== Progress: 30% reached at entry 1848094 ===
=====================================

=====================================
=== Progress: 40% reached at entry 2464126 ===
=====================================

=====================================
=== Progress: 50% reached at entry 3080158 ===
=====================================

=====================================
=== Progress: 60% reached at entry 3696189 ===
=====================================

=====================================
=== Progress: 70% reached at entry 4312221 ===
=====================================

=====================================
=== Progress: 80% reached at entry 4928252 ===
=====================================

=====================================
=== Progress: 90% reached at entry 5544284 ===
=====================================

Opening file: /eos/user/a/amalhotr/ScoutingPFRun3/ScoutingData_2024H_TreeMakerRedone/251209_202708/0000/ScoutingTree_Output_86.root
Opened file /eos/user/a/amalhotr/ScoutingPFRun3/ScoutingData_2024H_TreeMakerRedone/251209_202708/0000/ScoutingTree_Output_86.root with 8339711 entries.
Tree opened successfully.
Total entries = 8339711

=====================================
=== Progress: 10% reached at entry 833971 ===
=====================================

=====================================
=== Progress: 20% reached at entry 1667942 ===
=====================================

=====================================
=== Progress: 30% reached at entry 2501913 ===
=====================================

=====================================
=== Progress: 40% reached at entry 3335884 ===
=====================================

=====================================
=== Progress: 50% reached at entry 4169855 ===
=====================================

=====================================
=== Progress: 60% reached at entry 5003826 ===
=====================================

=====================================
=== Progress: 70% reached at entry 5837797 ===
=====================================

=====================================
=== Progress: 80% reached at entry 6671768 ===
=====================================

=====================================
=== Progress: 90% reached at entry 7505739 ===
=====================================

Opening file: /eos/user/a/amalhotr/ScoutingPFRun3/ScoutingData_2024H_TreeMakerRedone/251209_202708/0000/ScoutingTree_Output_870.root
Opened file /eos/user/a/amalhotr/ScoutingPFRun3/ScoutingData_2024H_TreeMakerRedone/251209_202708/0000/ScoutingTree_Output_870.root with 7449295 entries.
Tree opened successfully.
Total entries = 7449295

=====================================
=== Progress: 10% reached at entry 744929 ===
=====================================

=====================================
=== Progress: 20% reached at entry 1489859 ===
=====================================

=====================================
=== Progress: 30% reached at entry 2234788 ===
=====================================

=====================================
=== Progress: 40% reached at entry 2979718 ===
=====================================

=====================================
=== Progress: 50% reached at entry 3724647 ===
=====================================

=====================================
=== Progress: 60% reached at entry 4469577 ===
=====================================

=====================================
=== Progress: 70% reached at entry 5214506 ===
=====================================

=====================================
=== Progress: 80% reached at entry 5959436 ===
=====================================

=====================================
=== Progress: 90% reached at entry 6704365 ===
=====================================

Opening file: /eos/user/a/amalhotr/ScoutingPFRun3/ScoutingData_2024H_TreeMakerRedone/251209_202708/0000/ScoutingTree_Output_871.root
Opened file /eos/user/a/amalhotr/ScoutingPFRun3/ScoutingData_2024H_TreeMakerRedone/251209_202708/0000/ScoutingTree_Output_871.root with 7795505 entries.
Tree opened successfully.
Total entries = 7795505

=====================================
=== Progress: 10% reached at entry 779550 ===
=====================================

=====================================
=== Progress: 20% reached at entry 1559101 ===
=====================================

=====================================
=== Progress: 30% reached at entry 2338651 ===
=====================================

=====================================
=== Progress: 40% reached at entry 3118202 ===
=====================================

=====================================
=== Progress: 50% reached at entry 3897752 ===
=====================================

=====================================
=== Progress: 60% reached at entry 4677303 ===
=====================================

=====================================
=== Progress: 70% reached at entry 5456853 ===
=====================================

=====================================
=== Progress: 80% reached at entry 6236404 ===
=====================================

=====================================
=== Progress: 90% reached at entry 7015954 ===
=====================================

Finished Tree2PlotsRun3 scan.
