000 (14418778.000.000) 01/26 10:11:25 Job submitted from host: <188.184.90.62:9618?addrs=188.184.90.62-9618+[2001-1458-201-e4--100-238]-9618&alias=bigbird16.cern.ch&noUDP&sock=schedd_5196_9a2f>
...
040 (14418778.000.000) 01/26 10:14:02 Started transferring input files
	Transferring to host: <188.185.194.63:9618?addrs=188.185.194.63-9618+[2001-1458-303-21--100-3b]-9618&alias=b9p20p9640.cern.ch&noUDP&sock=slot1_29_3974_cadb_10857>
...
040 (14418778.000.000) 01/26 10:14:02 Finished transferring input files
...
001 (14418778.000.000) 01/26 10:14:03 Job executing on host: <188.185.194.63:9618?addrs=188.185.194.63-9618+[2001-1458-303-21--100-3b]-9618&alias=b9p20p9640.cern.ch&noUDP&sock=startd_3026_29ac>
	SlotName: slot1_29@b9p20p9640.cern.ch
	CondorScratchDir = "/pool/condor/dir_546616"
	Cpus = 1
	Disk = 3894
	GPUs = 0
	Memory = 3000
...
006 (14418778.000.000) 01/26 10:14:16 Image size of job updated: 146524
	144  -  MemoryUsage of job (MB)
	146524  -  ResidentSetSize of job (KB)
...
006 (14418778.000.000) 01/26 10:19:16 Image size of job updated: 851056
	821  -  MemoryUsage of job (MB)
	840008  -  ResidentSetSize of job (KB)
...
040 (14418778.000.000) 01/26 10:20:58 Started transferring output files
...
040 (14418778.000.000) 01/26 10:20:58 Finished transferring output files
...
005 (14418778.000.000) 01/26 10:20:58 Job terminated.
	(1) Normal termination (return value 0)
		Usr 0 00:05:32, Sys 0 00:00:08  -  Run Remote Usage
		Usr 0 00:00:00, Sys 0 00:00:00  -  Run Local Usage
		Usr 0 00:05:32, Sys 0 00:00:08  -  Total Remote Usage
		Usr 0 00:00:00, Sys 0 00:00:00  -  Total Local Usage
	12856  -  Run Bytes Sent By Job
	317  -  Run Bytes Received By Job
	12856  -  Total Bytes Sent By Job
	317  -  Total Bytes Received By Job
	Partitionable Resources :    Usage  Request Allocated 
	   Cpus                 :        0        1         1 
	   Disk (KB)            :       36        1      3894 
	   GPUs                 :                           0 
	   Memory (MB)          :      821     3000      3000 
	   TimeExecute (s)      :      415                    
	   TimeSlotBusy (s)     :      417                    

	Job terminated of its own accord at 2026-01-26T09:20:58Z with exit-code 0.
...
