000 (14420242.000.000) 01/26 11:55:56 Job submitted from host: <188.184.90.62:9618?addrs=188.184.90.62-9618+[2001-1458-201-e4--100-238]-9618&alias=bigbird16.cern.ch&noUDP&sock=schedd_5196_9a2f>
...
040 (14420242.000.000) 01/26 11:56:22 Started transferring input files
	Transferring to host: <188.185.196.125:9618?addrs=188.185.196.125-9618+[2001-1458-303-23--100-79]-9618&alias=b9p16p7663.cern.ch&noUDP&sock=slot1_43_1053028_3cbe_125680>
...
040 (14420242.000.000) 01/26 11:56:22 Finished transferring input files
...
001 (14420242.000.000) 01/26 11:56:27 Job executing on host: <188.185.196.125:9618?addrs=188.185.196.125-9618+[2001-1458-303-23--100-79]-9618&alias=b9p16p7663.cern.ch&noUDP&sock=startd_6659_193e>
	SlotName: slot1_43@b9p16p7663.cern.ch
	CondorScratchDir = "/pool/condor/dir_1388899"
	Cpus = 1
	Disk = 3804
	GPUs = 0
	Memory = 3000
...
006 (14420242.000.000) 01/26 11:56:40 Image size of job updated: 133896
	131  -  MemoryUsage of job (MB)
	133896  -  ResidentSetSize of job (KB)
...
006 (14420242.000.000) 01/26 12:01:40 Image size of job updated: 793168
	594  -  MemoryUsage of job (MB)
	607288  -  ResidentSetSize of job (KB)
...
006 (14420242.000.000) 01/26 12:03:20 Image size of job updated: 811072
	594  -  MemoryUsage of job (MB)
	607288  -  ResidentSetSize of job (KB)
...
040 (14420242.000.000) 01/26 12:03:20 Started transferring output files
...
040 (14420242.000.000) 01/26 12:03:20 Finished transferring output files
...
005 (14420242.000.000) 01/26 12:03:20 Job terminated.
	(1) Normal termination (return value 0)
		Usr 0 00:05:11, Sys 0 00:00:09  -  Run Remote Usage
		Usr 0 00:00:00, Sys 0 00:00:00  -  Run Local Usage
		Usr 0 00:05:11, Sys 0 00:00:09  -  Total Remote Usage
		Usr 0 00:00:00, Sys 0 00:00:00  -  Total Local Usage
	12859  -  Run Bytes Sent By Job
	317  -  Run Bytes Received By Job
	12859  -  Total Bytes Sent By Job
	317  -  Total Bytes Received By Job
	Partitionable Resources :    Usage  Request Allocated 
	   Cpus                 :     0.89        1         1 
	   Disk (KB)            :    36           1      3804 
	   GPUs                 :                           0 
	   Memory (MB)          :   594        3000      3000 
	   TimeExecute (s)      :   417                       
	   TimeSlotBusy (s)     :   419                       

	Job terminated of its own accord at 2026-01-26T11:03:20Z with exit-code 0.
...
