000 (14418744.000.000) 01/26 08:09:31 Job submitted from host: <188.184.90.62:9618?addrs=188.184.90.62-9618+[2001-1458-201-e4--100-238]-9618&alias=bigbird16.cern.ch&noUDP&sock=schedd_5196_9a2f>
...
040 (14418744.000.000) 01/26 08:09:57 Started transferring input files
	Transferring to host: <188.185.209.57:9618?addrs=188.185.209.57-9618+[2001-1458-303-11--100-36]-9618&alias=b9p11p1058.cern.ch&noUDP&sock=slot1_23_4244_0826_111792>
...
040 (14418744.000.000) 01/26 08:09:57 Finished transferring input files
...
001 (14418744.000.000) 01/26 08:09:58 Job executing on host: <188.185.209.57:9618?addrs=188.185.209.57-9618+[2001-1458-303-11--100-36]-9618&alias=b9p11p1058.cern.ch&noUDP&sock=startd_3612_1c2b>
	SlotName: slot1_23@b9p11p1058.cern.ch
	CondorScratchDir = "/pool/condor/dir_1811107"
	Cpus = 1
	Disk = 3726
	GPUs = 0
	Memory = 3000
...
006 (14418744.000.000) 01/26 08:10:12 Image size of job updated: 141740
	139  -  MemoryUsage of job (MB)
	141740  -  ResidentSetSize of job (KB)
...
006 (14418744.000.000) 01/26 08:14:11 Image size of job updated: 841648
	139  -  MemoryUsage of job (MB)
	141740  -  ResidentSetSize of job (KB)
...
040 (14418744.000.000) 01/26 08:14:11 Started transferring output files
...
040 (14418744.000.000) 01/26 08:14:11 Finished transferring output files
...
005 (14418744.000.000) 01/26 08:14:11 Job terminated.
	(1) Normal termination (return value 0)
		Usr 0 00:02:51, Sys 0 00:00:07  -  Run Remote Usage
		Usr 0 00:00:00, Sys 0 00:00:00  -  Run Local Usage
		Usr 0 00:02:51, Sys 0 00:00:07  -  Total Remote Usage
		Usr 0 00:00:00, Sys 0 00:00:00  -  Total Local Usage
	11401  -  Run Bytes Sent By Job
	317  -  Run Bytes Received By Job
	11401  -  Total Bytes Sent By Job
	317  -  Total Bytes Received By Job
	Partitionable Resources :    Usage  Request Allocated 
	   Cpus                 :     0.84        1         1 
	   Disk (KB)            :    37           1      3726 
	   GPUs                 :                           0 
	   Memory (MB)          :   139        3000      3000 
	   TimeExecute (s)      :   253                       
	   TimeSlotBusy (s)     :   255                       

	Job terminated of its own accord at 2026-01-26T07:14:11Z with exit-code 0.
...
