/pool/condor/dir_1966158

Opening file: /eos/user/a/amalhotr/ScoutingPFRun3/ScoutingData_2024H_TreeMakerRedone/251209_202708/0000/ScoutingTree_Output_652.root
Opened file /eos/user/a/amalhotr/ScoutingPFRun3/ScoutingData_2024H_TreeMakerRedone/251209_202708/0000/ScoutingTree_Output_652.root with 8174427 entries.
Tree opened successfully.
Total entries = 8174427

=====================================
=== Progress: 10% reached at entry 817442 ===
=====================================

=====================================
=== Progress: 20% reached at entry 1634885 ===
=====================================

=====================================
=== Progress: 30% reached at entry 2452328 ===
=====================================

=====================================
=== Progress: 40% reached at entry 3269770 ===
=====================================

=====================================
=== Progress: 50% reached at entry 4087213 ===
=====================================

=====================================
=== Progress: 60% reached at entry 4904656 ===
=====================================

=====================================
=== Progress: 70% reached at entry 5722098 ===
=====================================

=====================================
=== Progress: 80% reached at entry 6539541 ===
=====================================

=====================================
=== Progress: 90% reached at entry 7356984 ===
=====================================

Opening file: /eos/user/a/amalhotr/ScoutingPFRun3/ScoutingData_2024H_TreeMakerRedone/251209_202708/0000/ScoutingTree_Output_653.root
Opened file /eos/user/a/amalhotr/ScoutingPFRun3/ScoutingData_2024H_TreeMakerRedone/251209_202708/0000/ScoutingTree_Output_653.root with 8339831 entries.
Tree opened successfully.
Total entries = 8339831

=====================================
=== Progress: 10% reached at entry 833983 ===
=====================================

=====================================
=== Progress: 20% reached at entry 1667966 ===
=====================================

=====================================
=== Progress: 30% reached at entry 2501949 ===
=====================================

=====================================
=== Progress: 40% reached at entry 3335932 ===
=====================================

=====================================
=== Progress: 50% reached at entry 4169915 ===
=====================================

=====================================
=== Progress: 60% reached at entry 5003898 ===
=====================================

=====================================
=== Progress: 70% reached at entry 5837881 ===
=====================================

=====================================
=== Progress: 80% reached at entry 6671864 ===
=====================================

=====================================
=== Progress: 90% reached at entry 7505847 ===
=====================================

Opening file: /eos/user/a/amalhotr/ScoutingPFRun3/ScoutingData_2024H_TreeMakerRedone/251209_202708/0000/ScoutingTree_Output_654.root
Opened file /eos/user/a/amalhotr/ScoutingPFRun3/ScoutingData_2024H_TreeMakerRedone/251209_202708/0000/ScoutingTree_Output_654.root with 8232947 entries.
Tree opened successfully.
Total entries = 8232947

=====================================
=== Progress: 10% reached at entry 823294 ===
=====================================

=====================================
=== Progress: 20% reached at entry 1646589 ===
=====================================

=====================================
=== Progress: 30% reached at entry 2469884 ===
=====================================

=====================================
=== Progress: 40% reached at entry 3293178 ===
=====================================

=====================================
=== Progress: 50% reached at entry 4116473 ===
=====================================

=====================================
=== Progress: 60% reached at entry 4939768 ===
=====================================

=====================================
=== Progress: 70% reached at entry 5763062 ===
=====================================

=====================================
=== Progress: 80% reached at entry 6586357 ===
=====================================

=====================================
=== Progress: 90% reached at entry 7409652 ===
=====================================

Opening file: /eos/user/a/amalhotr/ScoutingPFRun3/ScoutingData_2024H_TreeMakerRedone/251209_202708/0000/ScoutingTree_Output_655.root
Opened file /eos/user/a/amalhotr/ScoutingPFRun3/ScoutingData_2024H_TreeMakerRedone/251209_202708/0000/ScoutingTree_Output_655.root with 8200848 entries.
Tree opened successfully.
Total entries = 8200848

=====================================
=== Progress: 10% reached at entry 820084 ===
=====================================

=====================================
=== Progress: 20% reached at entry 1640169 ===
=====================================

=====================================
=== Progress: 30% reached at entry 2460254 ===
=====================================

=====================================
=== Progress: 40% reached at entry 3280339 ===
=====================================

=====================================
=== Progress: 50% reached at entry 4100424 ===
=====================================

=====================================
=== Progress: 60% reached at entry 4920508 ===
=====================================

=====================================
=== Progress: 70% reached at entry 5740593 ===
=====================================

=====================================
=== Progress: 80% reached at entry 6560678 ===
=====================================

=====================================
=== Progress: 90% reached at entry 7380763 ===
=====================================

Finished Tree2PlotsRun3 scan.
