000 (14418872.000.000) 01/26 10:44:46 Job submitted from host: <188.184.90.62:9618?addrs=188.184.90.62-9618+[2001-1458-201-e4--100-238]-9618&alias=bigbird16.cern.ch&noUDP&sock=schedd_5196_9a2f>
...
040 (14418872.000.000) 01/26 10:49:14 Started transferring input files
	Transferring to host: <188.185.195.124:9618?addrs=188.185.195.124-9618+[2001-1458-303-22--100-78]-9618&alias=b9p17p8195.cern.ch&noUDP&sock=slot1_18_8551_b3f5_124397>
...
040 (14418872.000.000) 01/26 10:49:14 Finished transferring input files
...
001 (14418872.000.000) 01/26 10:49:15 Job executing on host: <188.185.195.124:9618?addrs=188.185.195.124-9618+[2001-1458-303-22--100-78]-9618&alias=b9p17p8195.cern.ch&noUDP&sock=startd_7342_946d>
	SlotName: slot1_18@b9p17p8195.cern.ch
	CondorScratchDir = "/pool/condor/dir_3355726"
	Cpus = 1
	Disk = 3815
	GPUs = 0
	Memory = 3000
...
006 (14418872.000.000) 01/26 10:49:29 Image size of job updated: 130824
	128  -  MemoryUsage of job (MB)
	130824  -  ResidentSetSize of job (KB)
...
006 (14418872.000.000) 01/26 10:54:30 Image size of job updated: 788512
	765  -  MemoryUsage of job (MB)
	782848  -  ResidentSetSize of job (KB)
...
040 (14418872.000.000) 01/26 10:57:16 Started transferring output files
...
040 (14418872.000.000) 01/26 10:57:16 Finished transferring output files
...
005 (14418872.000.000) 01/26 10:57:16 Job terminated.
	(1) Normal termination (return value 0)
		Usr 0 00:06:09, Sys 0 00:00:11  -  Run Remote Usage
		Usr 0 00:00:00, Sys 0 00:00:00  -  Run Local Usage
		Usr 0 00:06:09, Sys 0 00:00:11  -  Total Remote Usage
		Usr 0 00:00:00, Sys 0 00:00:00  -  Total Local Usage
	13163  -  Run Bytes Sent By Job
	317  -  Run Bytes Received By Job
	13163  -  Total Bytes Sent By Job
	317  -  Total Bytes Received By Job
	Partitionable Resources :    Usage  Request Allocated 
	   Cpus                 :     0.85        1         1 
	   Disk (KB)            :    36           1      3815 
	   GPUs                 :                           0 
	   Memory (MB)          :   765        3000      3000 
	   TimeExecute (s)      :   481                       
	   TimeSlotBusy (s)     :   483                       

	Job terminated of its own accord at 2026-01-26T09:57:16Z with exit-code 0.
...
