000 (14418742.000.000) 01/26 08:09:31 Job submitted from host: <188.184.90.62:9618?addrs=188.184.90.62-9618+[2001-1458-201-e4--100-238]-9618&alias=bigbird16.cern.ch&noUDP&sock=schedd_5196_9a2f>
...
040 (14418742.000.000) 01/26 08:09:57 Started transferring input files
	Transferring to host: <188.185.215.63:9618?addrs=188.185.215.63-9618+[2001-1458-303-1e--100-3b]-9618&alias=b9p31p1310.cern.ch&noUDP&sock=slot1_6_4386_156b_138047>
...
040 (14418742.000.000) 01/26 08:09:57 Finished transferring input files
...
001 (14418742.000.000) 01/26 08:09:58 Job executing on host: <188.185.215.63:9618?addrs=188.185.215.63-9618+[2001-1458-303-1e--100-3b]-9618&alias=b9p31p1310.cern.ch&noUDP&sock=startd_3742_477b>
	SlotName: slot1_6@b9p31p1310.cern.ch
	CondorScratchDir = "/pool/condor/dir_1924921"
	Cpus = 1
	Disk = 3872
	GPUs = 0
	Memory = 3000
...
006 (14418742.000.000) 01/26 08:10:11 Image size of job updated: 29544
	29  -  MemoryUsage of job (MB)
	29544  -  ResidentSetSize of job (KB)
...
006 (14418742.000.000) 01/26 08:14:57 Image size of job updated: 853952
	29  -  MemoryUsage of job (MB)
	29544  -  ResidentSetSize of job (KB)
...
040 (14418742.000.000) 01/26 08:14:57 Started transferring output files
...
040 (14418742.000.000) 01/26 08:14:57 Finished transferring output files
...
005 (14418742.000.000) 01/26 08:14:57 Job terminated.
	(1) Normal termination (return value 0)
		Usr 0 00:03:24, Sys 0 00:00:08  -  Run Remote Usage
		Usr 0 00:00:00, Sys 0 00:00:00  -  Run Local Usage
		Usr 0 00:03:24, Sys 0 00:00:08  -  Total Remote Usage
		Usr 0 00:00:00, Sys 0 00:00:00  -  Total Local Usage
	11395  -  Run Bytes Sent By Job
	317  -  Run Bytes Received By Job
	11395  -  Total Bytes Sent By Job
	317  -  Total Bytes Received By Job
	Partitionable Resources :    Usage  Request Allocated 
	   Cpus                 :        0        1         1 
	   Disk (KB)            :       34        1      3872 
	   GPUs                 :                           0 
	   Memory (MB)          :       29     3000      3000 
	   TimeExecute (s)      :      299                    
	   TimeSlotBusy (s)     :      302                    

	Job terminated of its own accord at 2026-01-26T07:14:57Z with exit-code 0.
...
