Begin processing the 1st record. Run 1, Event 1, LumiSection 1 on stream 0 at 26-Jan-2026 10:49:31.804 CET
[2026-01-26 10:56:06.844903 +0100][Error  ][PostMaster        ] [eosfst-callisto.cern.ch:1106] Forcing error on disconnect: [ERROR] Operation interrupted.
[2026-01-26 10:56:06.845157 +0100][Error  ][PostMaster        ] [st-h01-hades.cern.ch:1101] Forcing error on disconnect: [ERROR] Operation interrupted.

TrigReport ---------- Event  Summary ------------
TrigReport Events total = 1 passed = 1 failed = 0

TrigReport ---------- Path   Summary ------------
TrigReport  Trig Bit#   Executed     Passed     Failed      Error Name
TrigReport     1    0          1          1          0          0 p


TrigReport -------End-Path   Summary ------------
TrigReport  Trig Bit#   Executed     Passed     Failed      Error Name


TrigReport ---------- Modules in Path: p ------------
TrigReport  Trig Bit#    Visited     Passed     Failed      Error Name
TrigReport     1    0          1          1          0          0 tree2plots


TrigReport ---------- Module Summary ------------
TrigReport    Visited   Executed     Passed     Failed      Error Name
TrigReport          1          1          1          0          0 TriggerResults
TrigReport          1          1          1          0          0 p
TrigReport          1          1          1          0          0 tree2plots


TimeReport ---------- Event  Summary ---[sec]----
TimeReport       event loop CPU/event = 348.887127
TimeReport      event loop Real/event = 403.877044
TimeReport     sum Streams Real/event = 403.876307
TimeReport efficiency CPU/Real/thread = 0.863845

TimeReport ---------- Path   Summary ---[Real sec]----
TimeReport  per event     per exec  Name
TimeReport 403.875967   403.875967  p

TimeReport  per event     per exec  Name

TimeReport -------End-Path   Summary ---[Real sec]----
TimeReport  per event     per exec  Name

TimeReport  per event     per exec  Name

TimeReport ---------- Modules in Path: p ---[Real sec]----
TimeReport  per event    per visit  Name
TimeReport 403.875815   403.875815  tree2plots

TimeReport  per event    per visit  Name

TimeReport ---------- Module Summary ---[Real sec]----
TimeReport  per event     per exec    per visit  Name
TimeReport   0.000002     0.000002     0.000002  TriggerResults
TimeReport   0.000033     0.000033     0.000033  p
TimeReport 403.875815   403.875815   403.875815  tree2plots

TimeReport  per event     per exec    per visit  Name

T---Report end!


