/pool/condor/dir_2021061

Opening file: /eos/user/a/amalhotr/ScoutingPFRun3/ScoutingData_2024H_TreeMakerRedone/251209_202708/0000/ScoutingTree_Output_65.root
Opened file /eos/user/a/amalhotr/ScoutingPFRun3/ScoutingData_2024H_TreeMakerRedone/251209_202708/0000/ScoutingTree_Output_65.root with 7696955 entries.
Tree opened successfully.
Total entries = 7696955

=====================================
=== Progress: 10% reached at entry 769695 ===
=====================================

=====================================
=== Progress: 20% reached at entry 1539391 ===
=====================================

=====================================
=== Progress: 30% reached at entry 2309086 ===
=====================================

=====================================
=== Progress: 40% reached at entry 3078782 ===
=====================================

=====================================
=== Progress: 50% reached at entry 3848477 ===
=====================================

=====================================
=== Progress: 60% reached at entry 4618173 ===
=====================================

=====================================
=== Progress: 70% reached at entry 5387868 ===
=====================================

=====================================
=== Progress: 80% reached at entry 6157564 ===
=====================================

=====================================
=== Progress: 90% reached at entry 6927259 ===
=====================================

Opening file: /eos/user/a/amalhotr/ScoutingPFRun3/ScoutingData_2024H_TreeMakerRedone/251209_202708/0000/ScoutingTree_Output_660.root
Opened file /eos/user/a/amalhotr/ScoutingPFRun3/ScoutingData_2024H_TreeMakerRedone/251209_202708/0000/ScoutingTree_Output_660.root with 8325443 entries.
Tree opened successfully.
Total entries = 8325443

=====================================
=== Progress: 10% reached at entry 832544 ===
=====================================

=====================================
=== Progress: 20% reached at entry 1665088 ===
=====================================

=====================================
=== Progress: 30% reached at entry 2497632 ===
=====================================

=====================================
=== Progress: 40% reached at entry 3330177 ===
=====================================

=====================================
=== Progress: 50% reached at entry 4162721 ===
=====================================

=====================================
=== Progress: 60% reached at entry 4995265 ===
=====================================

=====================================
=== Progress: 70% reached at entry 5827810 ===
=====================================

=====================================
=== Progress: 80% reached at entry 6660354 ===
=====================================

=====================================
=== Progress: 90% reached at entry 7492898 ===
=====================================

Opening file: /eos/user/a/amalhotr/ScoutingPFRun3/ScoutingData_2024H_TreeMakerRedone/251209_202708/0000/ScoutingTree_Output_661.root
Opened file /eos/user/a/amalhotr/ScoutingPFRun3/ScoutingData_2024H_TreeMakerRedone/251209_202708/0000/ScoutingTree_Output_661.root with 8326683 entries.
Tree opened successfully.
Total entries = 8326683

=====================================
=== Progress: 10% reached at entry 832668 ===
=====================================

=====================================
=== Progress: 20% reached at entry 1665336 ===
=====================================

=====================================
=== Progress: 30% reached at entry 2498004 ===
=====================================

=====================================
=== Progress: 40% reached at entry 3330673 ===
=====================================

=====================================
=== Progress: 50% reached at entry 4163341 ===
=====================================

=====================================
=== Progress: 60% reached at entry 4996009 ===
=====================================

=====================================
=== Progress: 70% reached at entry 5828678 ===
=====================================

=====================================
=== Progress: 80% reached at entry 6661346 ===
=====================================

=====================================
=== Progress: 90% reached at entry 7494014 ===
=====================================

Opening file: /eos/user/a/amalhotr/ScoutingPFRun3/ScoutingData_2024H_TreeMakerRedone/251209_202708/0000/ScoutingTree_Output_662.root
Opened file /eos/user/a/amalhotr/ScoutingPFRun3/ScoutingData_2024H_TreeMakerRedone/251209_202708/0000/ScoutingTree_Output_662.root with 8326255 entries.
Tree opened successfully.
Total entries = 8326255

=====================================
=== Progress: 10% reached at entry 832625 ===
=====================================

=====================================
=== Progress: 20% reached at entry 1665251 ===
=====================================

=====================================
=== Progress: 30% reached at entry 2497876 ===
=====================================

=====================================
=== Progress: 40% reached at entry 3330502 ===
=====================================

=====================================
=== Progress: 50% reached at entry 4163127 ===
=====================================

=====================================
=== Progress: 60% reached at entry 4995753 ===
=====================================

=====================================
=== Progress: 70% reached at entry 5828378 ===
=====================================

=====================================
=== Progress: 80% reached at entry 6661004 ===
=====================================

=====================================
=== Progress: 90% reached at entry 7493629 ===
=====================================

Finished Tree2PlotsRun3 scan.
