/pool/condor/dir_237731

Opening file: /eos/user/a/amalhotr/ScoutingPFRun3/ScoutingData_2024H_TreeMakerRedone/251209_202708/0000/ScoutingTree_Output_476.root
Opened file /eos/user/a/amalhotr/ScoutingPFRun3/ScoutingData_2024H_TreeMakerRedone/251209_202708/0000/ScoutingTree_Output_476.root with 8387684 entries.
Tree opened successfully.
Total entries = 8387684

=====================================
=== Progress: 10% reached at entry 838768 ===
=====================================

=====================================
=== Progress: 20% reached at entry 1677536 ===
=====================================

=====================================
=== Progress: 30% reached at entry 2516305 ===
=====================================

=====================================
=== Progress: 40% reached at entry 3355073 ===
=====================================

=====================================
=== Progress: 50% reached at entry 4193842 ===
=====================================

=====================================
=== Progress: 60% reached at entry 5032610 ===
=====================================

=====================================
=== Progress: 70% reached at entry 5871378 ===
=====================================

=====================================
=== Progress: 80% reached at entry 6710147 ===
=====================================

=====================================
=== Progress: 90% reached at entry 7548915 ===
=====================================

Opening file: /eos/user/a/amalhotr/ScoutingPFRun3/ScoutingData_2024H_TreeMakerRedone/251209_202708/0000/ScoutingTree_Output_477.root
Opened file /eos/user/a/amalhotr/ScoutingPFRun3/ScoutingData_2024H_TreeMakerRedone/251209_202708/0000/ScoutingTree_Output_477.root with 8395018 entries.
Tree opened successfully.
Total entries = 8395018

=====================================
=== Progress: 10% reached at entry 839501 ===
=====================================

=====================================
=== Progress: 20% reached at entry 1679003 ===
=====================================

=====================================
=== Progress: 30% reached at entry 2518505 ===
=====================================

=====================================
=== Progress: 40% reached at entry 3358007 ===
=====================================

=====================================
=== Progress: 50% reached at entry 4197509 ===
=====================================

=====================================
=== Progress: 60% reached at entry 5037010 ===
=====================================

=====================================
=== Progress: 70% reached at entry 5876512 ===
=====================================

=====================================
=== Progress: 80% reached at entry 6716014 ===
=====================================

=====================================
=== Progress: 90% reached at entry 7555516 ===
=====================================

Opening file: /eos/user/a/amalhotr/ScoutingPFRun3/ScoutingData_2024H_TreeMakerRedone/251209_202708/0000/ScoutingTree_Output_478.root
Opened file /eos/user/a/amalhotr/ScoutingPFRun3/ScoutingData_2024H_TreeMakerRedone/251209_202708/0000/ScoutingTree_Output_478.root with 8295068 entries.
Tree opened successfully.
Total entries = 8295068

=====================================
=== Progress: 10% reached at entry 829506 ===
=====================================

=====================================
=== Progress: 20% reached at entry 1659013 ===
=====================================

=====================================
=== Progress: 30% reached at entry 2488520 ===
=====================================

=====================================
=== Progress: 40% reached at entry 3318027 ===
=====================================

=====================================
=== Progress: 50% reached at entry 4147534 ===
=====================================

=====================================
=== Progress: 60% reached at entry 4977040 ===
=====================================

=====================================
=== Progress: 70% reached at entry 5806547 ===
=====================================

=====================================
=== Progress: 80% reached at entry 6636054 ===
=====================================

=====================================
=== Progress: 90% reached at entry 7465561 ===
=====================================

Opening file: /eos/user/a/amalhotr/ScoutingPFRun3/ScoutingData_2024H_TreeMakerRedone/251209_202708/0000/ScoutingTree_Output_479.root
Opened file /eos/user/a/amalhotr/ScoutingPFRun3/ScoutingData_2024H_TreeMakerRedone/251209_202708/0000/ScoutingTree_Output_479.root with 8229662 entries.
Tree opened successfully.
Total entries = 8229662

=====================================
=== Progress: 10% reached at entry 822966 ===
=====================================

=====================================
=== Progress: 20% reached at entry 1645932 ===
=====================================

=====================================
=== Progress: 30% reached at entry 2468898 ===
=====================================

=====================================
=== Progress: 40% reached at entry 3291864 ===
=====================================

=====================================
=== Progress: 50% reached at entry 4114831 ===
=====================================

=====================================
=== Progress: 60% reached at entry 4937797 ===
=====================================

=====================================
=== Progress: 70% reached at entry 5760763 ===
=====================================

=====================================
=== Progress: 80% reached at entry 6583729 ===
=====================================

=====================================
=== Progress: 90% reached at entry 7406695 ===
=====================================

Finished Tree2PlotsRun3 scan.
