000 (14418862.000.000) 01/26 10:44:42 Job submitted from host: <188.184.90.62:9618?addrs=188.184.90.62-9618+[2001-1458-201-e4--100-238]-9618&alias=bigbird16.cern.ch&noUDP&sock=schedd_5196_9a2f>
...
040 (14418862.000.000) 01/26 10:49:11 Started transferring input files
	Transferring to host: <128.142.161.107:9618?addrs=128.142.161.107-9618+[2001-1458-301-b8--100-29]-9618&alias=b9g03p5993.cern.ch&noUDP&sock=slot1_22_1428452_6861_156615>
...
040 (14418862.000.000) 01/26 10:49:11 Finished transferring input files
...
001 (14418862.000.000) 01/26 10:49:12 Job executing on host: <128.142.161.107:9618?addrs=128.142.161.107-9618+[2001-1458-301-b8--100-29]-9618&alias=b9g03p5993.cern.ch&noUDP&sock=startd_3684_7efd>
	SlotName: slot1_22@b9g03p5993.cern.ch
	CondorScratchDir = "/pool/condor/dir_856342"
	Cpus = 1
	Disk = 3986
	GPUs = 0
	Memory = 3000
...
006 (14418862.000.000) 01/26 10:49:26 Image size of job updated: 1492
	2  -  MemoryUsage of job (MB)
	1492  -  ResidentSetSize of job (KB)
...
006 (14418862.000.000) 01/26 10:54:27 Image size of job updated: 758924
	546  -  MemoryUsage of job (MB)
	558188  -  ResidentSetSize of job (KB)
...
006 (14418862.000.000) 01/26 10:58:09 Image size of job updated: 763796
	546  -  MemoryUsage of job (MB)
	558188  -  ResidentSetSize of job (KB)
...
040 (14418862.000.000) 01/26 10:58:09 Started transferring output files
...
040 (14418862.000.000) 01/26 10:58:09 Finished transferring output files
...
005 (14418862.000.000) 01/26 10:58:09 Job terminated.
	(1) Normal termination (return value 0)
		Usr 0 00:06:23, Sys 0 00:00:13  -  Run Remote Usage
		Usr 0 00:00:00, Sys 0 00:00:00  -  Run Local Usage
		Usr 0 00:06:23, Sys 0 00:00:13  -  Total Remote Usage
		Usr 0 00:00:00, Sys 0 00:00:00  -  Total Local Usage
	13165  -  Run Bytes Sent By Job
	317  -  Run Bytes Received By Job
	13165  -  Total Bytes Sent By Job
	317  -  Total Bytes Received By Job
	Partitionable Resources :    Usage  Request Allocated 
	   Cpus                 :     0.87        1         1 
	   Disk (KB)            :    36           1      3986 
	   GPUs                 :                           0 
	   Memory (MB)          :   546        3000      3000 
	   TimeExecute (s)      :   537                       
	   TimeSlotBusy (s)     :   540                       

	Job terminated of its own accord at 2026-01-26T09:58:09Z with exit-code 0.
...
