/pool/condor/dir_3009469

Opening file: /eos/user/a/amalhotr/ScoutingPFRun3/ScoutingData_2024H_TreeMakerRedone/251209_202708/0000/ScoutingTree_Output_245.root
Opened file /eos/user/a/amalhotr/ScoutingPFRun3/ScoutingData_2024H_TreeMakerRedone/251209_202708/0000/ScoutingTree_Output_245.root with 8538302 entries.
Tree opened successfully.
Total entries = 8538302

=====================================
=== Progress: 10% reached at entry 853830 ===
=====================================

=====================================
=== Progress: 20% reached at entry 1707660 ===
=====================================

=====================================
=== Progress: 30% reached at entry 2561490 ===
=====================================

=====================================
=== Progress: 40% reached at entry 3415320 ===
=====================================

=====================================
=== Progress: 50% reached at entry 4269151 ===
=====================================

=====================================
=== Progress: 60% reached at entry 5122981 ===
=====================================

=====================================
=== Progress: 70% reached at entry 5976811 ===
=====================================

=====================================
=== Progress: 80% reached at entry 6830641 ===
=====================================

=====================================
=== Progress: 90% reached at entry 7684471 ===
=====================================

Opening file: /eos/user/a/amalhotr/ScoutingPFRun3/ScoutingData_2024H_TreeMakerRedone/251209_202708/0000/ScoutingTree_Output_246.root
Opened file /eos/user/a/amalhotr/ScoutingPFRun3/ScoutingData_2024H_TreeMakerRedone/251209_202708/0000/ScoutingTree_Output_246.root with 7944681 entries.
Tree opened successfully.
Total entries = 7944681

=====================================
=== Progress: 10% reached at entry 794468 ===
=====================================

=====================================
=== Progress: 20% reached at entry 1588936 ===
=====================================

=====================================
=== Progress: 30% reached at entry 2383404 ===
=====================================

=====================================
=== Progress: 40% reached at entry 3177872 ===
=====================================

=====================================
=== Progress: 50% reached at entry 3972340 ===
=====================================

=====================================
=== Progress: 60% reached at entry 4766808 ===
=====================================

=====================================
=== Progress: 70% reached at entry 5561276 ===
=====================================

=====================================
=== Progress: 80% reached at entry 6355744 ===
=====================================

=====================================
=== Progress: 90% reached at entry 7150212 ===
=====================================

Opening file: /eos/user/a/amalhotr/ScoutingPFRun3/ScoutingData_2024H_TreeMakerRedone/251209_202708/0000/ScoutingTree_Output_247.root
Opened file /eos/user/a/amalhotr/ScoutingPFRun3/ScoutingData_2024H_TreeMakerRedone/251209_202708/0000/ScoutingTree_Output_247.root with 8462451 entries.
Tree opened successfully.
Total entries = 8462451

=====================================
=== Progress: 10% reached at entry 846245 ===
=====================================

=====================================
=== Progress: 20% reached at entry 1692490 ===
=====================================

=====================================
=== Progress: 30% reached at entry 2538735 ===
=====================================

=====================================
=== Progress: 40% reached at entry 3384980 ===
=====================================

=====================================
=== Progress: 50% reached at entry 4231225 ===
=====================================

=====================================
=== Progress: 60% reached at entry 5077470 ===
=====================================

=====================================
=== Progress: 70% reached at entry 5923715 ===
=====================================

=====================================
=== Progress: 80% reached at entry 6769960 ===
=====================================

=====================================
=== Progress: 90% reached at entry 7616205 ===
=====================================

Opening file: /eos/user/a/amalhotr/ScoutingPFRun3/ScoutingData_2024H_TreeMakerRedone/251209_202708/0000/ScoutingTree_Output_248.root
Opened file /eos/user/a/amalhotr/ScoutingPFRun3/ScoutingData_2024H_TreeMakerRedone/251209_202708/0000/ScoutingTree_Output_248.root with 8562316 entries.
Tree opened successfully.
Total entries = 8562316

=====================================
=== Progress: 10% reached at entry 856231 ===
=====================================

=====================================
=== Progress: 20% reached at entry 1712463 ===
=====================================

=====================================
=== Progress: 30% reached at entry 2568694 ===
=====================================

=====================================
=== Progress: 40% reached at entry 3424926 ===
=====================================

=====================================
=== Progress: 50% reached at entry 4281158 ===
=====================================

=====================================
=== Progress: 60% reached at entry 5137389 ===
=====================================

=====================================
=== Progress: 70% reached at entry 5993621 ===
=====================================

=====================================
=== Progress: 80% reached at entry 6849852 ===
=====================================

=====================================
=== Progress: 90% reached at entry 7706084 ===
=====================================

Finished Tree2PlotsRun3 scan.
