000 (14419459.000.000) 01/26 11:03:29 Job submitted from host: <188.184.90.62:9618?addrs=188.184.90.62-9618+[2001-1458-201-e4--100-238]-9618&alias=bigbird16.cern.ch&noUDP&sock=schedd_5196_9a2f>
...
040 (14419459.000.000) 01/26 11:05:18 Started transferring input files
	Transferring to host: <188.185.214.195:9618?addrs=188.185.214.195-9618+[2001-1458-303-1d--100-3f]-9618&alias=b9p30p9265.cern.ch&noUDP&sock=slot1_19_4270_59e7_138793>
...
040 (14419459.000.000) 01/26 11:05:18 Finished transferring input files
...
001 (14419459.000.000) 01/26 11:05:19 Job executing on host: <188.185.214.195:9618?addrs=188.185.214.195-9618+[2001-1458-303-1d--100-3f]-9618&alias=b9p30p9265.cern.ch&noUDP&sock=startd_3604_9f69>
	SlotName: slot1_19@b9p30p9265.cern.ch
	CondorScratchDir = "/pool/condor/dir_3546135"
	Cpus = 1
	Disk = 3847
	GPUs = 0
	Memory = 3000
...
006 (14419459.000.000) 01/26 11:05:33 Image size of job updated: 546368
	534  -  MemoryUsage of job (MB)
	546368  -  ResidentSetSize of job (KB)
...
006 (14419459.000.000) 01/26 11:10:25 Image size of job updated: 803868
	534  -  MemoryUsage of job (MB)
	546368  -  ResidentSetSize of job (KB)
...
040 (14419459.000.000) 01/26 11:10:25 Started transferring output files
...
040 (14419459.000.000) 01/26 11:10:25 Finished transferring output files
...
005 (14419459.000.000) 01/26 11:10:25 Job terminated.
	(1) Normal termination (return value 0)
		Usr 0 00:03:38, Sys 0 00:00:09  -  Run Remote Usage
		Usr 0 00:00:00, Sys 0 00:00:00  -  Run Local Usage
		Usr 0 00:03:38, Sys 0 00:00:09  -  Total Remote Usage
		Usr 0 00:00:00, Sys 0 00:00:00  -  Total Local Usage
	12859  -  Run Bytes Sent By Job
	317  -  Run Bytes Received By Job
	12859  -  Total Bytes Sent By Job
	317  -  Total Bytes Received By Job
	Partitionable Resources :    Usage  Request Allocated 
	   Cpus                 :     0.71        1         1 
	   Disk (KB)            :    36           1      3847 
	   GPUs                 :                           0 
	   Memory (MB)          :   534        3000      3000 
	   TimeExecute (s)      :   306                       
	   TimeSlotBusy (s)     :   308                       

	Job terminated of its own accord at 2026-01-26T10:10:25Z with exit-code 0.
...
