Begin processing the 1st record. Run 1, Event 1, LumiSection 1 on stream 0 at 26-Jan-2026 10:49:32.034 CET
%MSG-w XrdAdaptorLvl3:  Tree2PlotsRun3:tree2plots 26-Jan-2026 10:51:35 CET  Run: 1 Event: 1
Deactivating st-h01-apollo.cern.ch from active sources because its quality (1020) is higher than 260 and 4 times larger than the other active server eosfst-callisto.cern.ch (0) 
%MSG
%MSG-w XrdAdaptorLvl3:  Tree2PlotsRun3:tree2plots 26-Jan-2026 10:53:35 CET  Run: 1 Event: 1
Deactivating st-h01-paris.cern.ch from active sources because its quality (810) is higher than 260 and 4 times larger than the other active server st-h01-apollo.cern.ch (0) 
%MSG
[2026-01-26 10:56:42.194625 +0100][Error  ][PostMaster        ] [eosfst-callisto.cern.ch:1105] Forcing error on disconnect: [ERROR] Operation interrupted.

TrigReport ---------- Event  Summary ------------
TrigReport Events total = 1 passed = 1 failed = 0

TrigReport ---------- Path   Summary ------------
TrigReport  Trig Bit#   Executed     Passed     Failed      Error Name
TrigReport     1    0          1          1          0          0 p


TrigReport -------End-Path   Summary ------------
TrigReport  Trig Bit#   Executed     Passed     Failed      Error Name


TrigReport ---------- Modules in Path: p ------------
TrigReport  Trig Bit#    Visited     Passed     Failed      Error Name
TrigReport     1    0          1          1          0          0 tree2plots


TrigReport ---------- Module Summary ------------
TrigReport    Visited   Executed     Passed     Failed      Error Name
TrigReport          1          1          1          0          0 TriggerResults
TrigReport          1          1          1          0          0 p
TrigReport          1          1          1          0          0 tree2plots


TimeReport ---------- Event  Summary ---[sec]----
TimeReport       event loop CPU/event = 361.845328
TimeReport      event loop Real/event = 444.146827
TimeReport     sum Streams Real/event = 444.146172
TimeReport efficiency CPU/Real/thread = 0.814698

TimeReport ---------- Path   Summary ---[Real sec]----
TimeReport  per event     per exec  Name
TimeReport 444.145840   444.145840  p

TimeReport  per event     per exec  Name

TimeReport -------End-Path   Summary ---[Real sec]----
TimeReport  per event     per exec  Name

TimeReport  per event     per exec  Name

TimeReport ---------- Modules in Path: p ---[Real sec]----
TimeReport  per event    per visit  Name
TimeReport 444.145673   444.145673  tree2plots

TimeReport  per event    per visit  Name

TimeReport ---------- Module Summary ---[Real sec]----
TimeReport  per event     per exec    per visit  Name
TimeReport   0.000002     0.000002     0.000002  TriggerResults
TimeReport   0.000031     0.000031     0.000031  p
TimeReport 444.145673   444.145673   444.145673  tree2plots

TimeReport  per event     per exec    per visit  Name

T---Report end!


