/pool/condor/dir_3492008

Opening file: /eos/user/a/amalhotr/ScoutingPFRun3/ScoutingData_2024H_TreeMakerRedone/251209_202708/0000/ScoutingTree_Output_227.root
Opened file /eos/user/a/amalhotr/ScoutingPFRun3/ScoutingData_2024H_TreeMakerRedone/251209_202708/0000/ScoutingTree_Output_227.root with 7955855 entries.
Tree opened successfully.
Total entries = 7955855

=====================================
=== Progress: 10% reached at entry 795585 ===
=====================================

=====================================
=== Progress: 20% reached at entry 1591171 ===
=====================================

=====================================
=== Progress: 30% reached at entry 2386756 ===
=====================================

=====================================
=== Progress: 40% reached at entry 3182342 ===
=====================================

=====================================
=== Progress: 50% reached at entry 3977927 ===
=====================================

=====================================
=== Progress: 60% reached at entry 4773513 ===
=====================================

=====================================
=== Progress: 70% reached at entry 5569098 ===
=====================================

=====================================
=== Progress: 80% reached at entry 6364684 ===
=====================================

=====================================
=== Progress: 90% reached at entry 7160269 ===
=====================================

Opening file: /eos/user/a/amalhotr/ScoutingPFRun3/ScoutingData_2024H_TreeMakerRedone/251209_202708/0000/ScoutingTree_Output_228.root
Opened file /eos/user/a/amalhotr/ScoutingPFRun3/ScoutingData_2024H_TreeMakerRedone/251209_202708/0000/ScoutingTree_Output_228.root with 8375609 entries.
Tree opened successfully.
Total entries = 8375609

=====================================
=== Progress: 10% reached at entry 837560 ===
=====================================

=====================================
=== Progress: 20% reached at entry 1675121 ===
=====================================

=====================================
=== Progress: 30% reached at entry 2512682 ===
=====================================

=====================================
=== Progress: 40% reached at entry 3350243 ===
=====================================

=====================================
=== Progress: 50% reached at entry 4187804 ===
=====================================

=====================================
=== Progress: 60% reached at entry 5025365 ===
=====================================

=====================================
=== Progress: 70% reached at entry 5862926 ===
=====================================

=====================================
=== Progress: 80% reached at entry 6700487 ===
=====================================

=====================================
=== Progress: 90% reached at entry 7538048 ===
=====================================

Opening file: /eos/user/a/amalhotr/ScoutingPFRun3/ScoutingData_2024H_TreeMakerRedone/251209_202708/0000/ScoutingTree_Output_229.root
Opened file /eos/user/a/amalhotr/ScoutingPFRun3/ScoutingData_2024H_TreeMakerRedone/251209_202708/0000/ScoutingTree_Output_229.root with 7832523 entries.
Tree opened successfully.
Total entries = 7832523

=====================================
=== Progress: 10% reached at entry 783252 ===
=====================================

=====================================
=== Progress: 20% reached at entry 1566504 ===
=====================================

=====================================
=== Progress: 30% reached at entry 2349756 ===
=====================================

=====================================
=== Progress: 40% reached at entry 3133009 ===
=====================================

=====================================
=== Progress: 50% reached at entry 3916261 ===
=====================================

=====================================
=== Progress: 60% reached at entry 4699513 ===
=====================================

=====================================
=== Progress: 70% reached at entry 5482766 ===
=====================================

=====================================
=== Progress: 80% reached at entry 6266018 ===
=====================================

=====================================
=== Progress: 90% reached at entry 7049270 ===
=====================================

Opening file: /eos/user/a/amalhotr/ScoutingPFRun3/ScoutingData_2024H_TreeMakerRedone/251209_202708/0000/ScoutingTree_Output_22.root
Opened file /eos/user/a/amalhotr/ScoutingPFRun3/ScoutingData_2024H_TreeMakerRedone/251209_202708/0000/ScoutingTree_Output_22.root with 8396151 entries.
Tree opened successfully.
Total entries = 8396151

=====================================
=== Progress: 10% reached at entry 839615 ===
=====================================

=====================================
=== Progress: 20% reached at entry 1679230 ===
=====================================

=====================================
=== Progress: 30% reached at entry 2518845 ===
=====================================

=====================================
=== Progress: 40% reached at entry 3358460 ===
=====================================

=====================================
=== Progress: 50% reached at entry 4198075 ===
=====================================

=====================================
=== Progress: 60% reached at entry 5037690 ===
=====================================

=====================================
=== Progress: 70% reached at entry 5877305 ===
=====================================

=====================================
=== Progress: 80% reached at entry 6716920 ===
=====================================

=====================================
=== Progress: 90% reached at entry 7556535 ===
=====================================

Finished Tree2PlotsRun3 scan.
