/pool/condor/dir_3300468

Opening file: /eos/user/a/amalhotr/ScoutingPFRun3/ScoutingData_2024H_TreeMakerRedone/251209_202708/0000/ScoutingTree_Output_461.root
Opened file /eos/user/a/amalhotr/ScoutingPFRun3/ScoutingData_2024H_TreeMakerRedone/251209_202708/0000/ScoutingTree_Output_461.root with 8318421 entries.
Tree opened successfully.
Total entries = 8318421

=====================================
=== Progress: 10% reached at entry 831842 ===
=====================================

=====================================
=== Progress: 20% reached at entry 1663684 ===
=====================================

=====================================
=== Progress: 30% reached at entry 2495526 ===
=====================================

=====================================
=== Progress: 40% reached at entry 3327368 ===
=====================================

=====================================
=== Progress: 50% reached at entry 4159210 ===
=====================================

=====================================
=== Progress: 60% reached at entry 4991052 ===
=====================================

=====================================
=== Progress: 70% reached at entry 5822894 ===
=====================================

=====================================
=== Progress: 80% reached at entry 6654736 ===
=====================================

=====================================
=== Progress: 90% reached at entry 7486578 ===
=====================================

Opening file: /eos/user/a/amalhotr/ScoutingPFRun3/ScoutingData_2024H_TreeMakerRedone/251209_202708/0000/ScoutingTree_Output_462.root
Opened file /eos/user/a/amalhotr/ScoutingPFRun3/ScoutingData_2024H_TreeMakerRedone/251209_202708/0000/ScoutingTree_Output_462.root with 8315569 entries.
Tree opened successfully.
Total entries = 8315569

=====================================
=== Progress: 10% reached at entry 831556 ===
=====================================

=====================================
=== Progress: 20% reached at entry 1663113 ===
=====================================

=====================================
=== Progress: 30% reached at entry 2494670 ===
=====================================

=====================================
=== Progress: 40% reached at entry 3326227 ===
=====================================

=====================================
=== Progress: 50% reached at entry 4157784 ===
=====================================

=====================================
=== Progress: 60% reached at entry 4989341 ===
=====================================

=====================================
=== Progress: 70% reached at entry 5820898 ===
=====================================

=====================================
=== Progress: 80% reached at entry 6652455 ===
=====================================

=====================================
=== Progress: 90% reached at entry 7484012 ===
=====================================

Opening file: /eos/user/a/amalhotr/ScoutingPFRun3/ScoutingData_2024H_TreeMakerRedone/251209_202708/0000/ScoutingTree_Output_463.root
Opened file /eos/user/a/amalhotr/ScoutingPFRun3/ScoutingData_2024H_TreeMakerRedone/251209_202708/0000/ScoutingTree_Output_463.root with 8026690 entries.
Tree opened successfully.
Total entries = 8026690

=====================================
=== Progress: 10% reached at entry 802669 ===
=====================================

=====================================
=== Progress: 20% reached at entry 1605338 ===
=====================================

=====================================
=== Progress: 30% reached at entry 2408007 ===
=====================================

=====================================
=== Progress: 40% reached at entry 3210676 ===
=====================================

=====================================
=== Progress: 50% reached at entry 4013345 ===
=====================================

=====================================
=== Progress: 60% reached at entry 4816014 ===
=====================================

=====================================
=== Progress: 70% reached at entry 5618683 ===
=====================================

=====================================
=== Progress: 80% reached at entry 6421352 ===
=====================================

=====================================
=== Progress: 90% reached at entry 7224021 ===
=====================================

Opening file: /eos/user/a/amalhotr/ScoutingPFRun3/ScoutingData_2024H_TreeMakerRedone/251209_202708/0000/ScoutingTree_Output_464.root
Opened file /eos/user/a/amalhotr/ScoutingPFRun3/ScoutingData_2024H_TreeMakerRedone/251209_202708/0000/ScoutingTree_Output_464.root with 8372727 entries.
Tree opened successfully.
Total entries = 8372727

=====================================
=== Progress: 10% reached at entry 837272 ===
=====================================

=====================================
=== Progress: 20% reached at entry 1674545 ===
=====================================

=====================================
=== Progress: 30% reached at entry 2511818 ===
=====================================

=====================================
=== Progress: 40% reached at entry 3349090 ===
=====================================

=====================================
=== Progress: 50% reached at entry 4186363 ===
=====================================

=====================================
=== Progress: 60% reached at entry 5023636 ===
=====================================

=====================================
=== Progress: 70% reached at entry 5860908 ===
=====================================

=====================================
=== Progress: 80% reached at entry 6698181 ===
=====================================

=====================================
=== Progress: 90% reached at entry 7535454 ===
=====================================

Finished Tree2PlotsRun3 scan.
