000 (14420240.000.000) 01/26 11:55:56 Job submitted from host: <188.184.90.62:9618?addrs=188.184.90.62-9618+[2001-1458-201-e4--100-238]-9618&alias=bigbird16.cern.ch&noUDP&sock=schedd_5196_9a2f>
...
040 (14420240.000.000) 01/26 11:56:19 Started transferring input files
	Transferring to host: <188.185.193.163:9618?addrs=188.185.193.163-9618+[2001-1458-303-20--100-9f]-9618&alias=b9p19p6217.cern.ch&noUDP&sock=slot1_22_7957_2d1d_125563>
...
040 (14420240.000.000) 01/26 11:56:19 Finished transferring input files
...
001 (14420240.000.000) 01/26 11:56:20 Job executing on host: <188.185.193.163:9618?addrs=188.185.193.163-9618+[2001-1458-303-20--100-9f]-9618&alias=b9p19p6217.cern.ch&noUDP&sock=startd_6750_845c>
	SlotName: slot1_22@b9p19p6217.cern.ch
	CondorScratchDir = "/pool/condor/dir_632192"
	Cpus = 1
	Disk = 3891
	GPUs = 0
	Memory = 3000
...
006 (14420240.000.000) 01/26 11:56:34 Image size of job updated: 139988
	137  -  MemoryUsage of job (MB)
	139988  -  ResidentSetSize of job (KB)
...
006 (14420240.000.000) 01/26 12:01:35 Image size of job updated: 785744
	764  -  MemoryUsage of job (MB)
	781344  -  ResidentSetSize of job (KB)
...
040 (14420240.000.000) 01/26 12:03:49 Started transferring output files
...
040 (14420240.000.000) 01/26 12:03:49 Finished transferring output files
...
005 (14420240.000.000) 01/26 12:03:49 Job terminated.
	(1) Normal termination (return value 0)
		Usr 0 00:05:39, Sys 0 00:00:09  -  Run Remote Usage
		Usr 0 00:00:00, Sys 0 00:00:00  -  Run Local Usage
		Usr 0 00:05:39, Sys 0 00:00:09  -  Total Remote Usage
		Usr 0 00:00:00, Sys 0 00:00:00  -  Total Local Usage
	13163  -  Run Bytes Sent By Job
	317  -  Run Bytes Received By Job
	13163  -  Total Bytes Sent By Job
	317  -  Total Bytes Received By Job
	Partitionable Resources :    Usage  Request Allocated 
	   Cpus                 :     0.81        1         1 
	   Disk (KB)            :    36           1      3891 
	   GPUs                 :                           0 
	   Memory (MB)          :   764        3000      3000 
	   TimeExecute (s)      :   448                       
	   TimeSlotBusy (s)     :   457                       

	Job terminated of its own accord at 2026-01-26T11:03:48Z with exit-code 0.
...
