000 (14420187.000.000) 01/26 11:38:09 Job submitted from host: <188.184.90.62:9618?addrs=188.184.90.62-9618+[2001-1458-201-e4--100-238]-9618&alias=bigbird16.cern.ch&noUDP&sock=schedd_5196_9a2f>
...
040 (14420187.000.000) 01/26 11:40:22 Started transferring input files
	Transferring to host: <128.142.161.79:9618?addrs=128.142.161.79-9618+[2001-1458-301-b8--100-d]-9618&alias=b9g03p9237.cern.ch&noUDP&sock=slot1_1_637875_646c_154151>
...
040 (14420187.000.000) 01/26 11:40:22 Finished transferring input files
...
001 (14420187.000.000) 01/26 11:40:23 Job executing on host: <128.142.161.79:9618?addrs=128.142.161.79-9618+[2001-1458-301-b8--100-d]-9618&alias=b9g03p9237.cern.ch&noUDP&sock=startd_8030_7d95>
	SlotName: slot1_1@b9g03p9237.cern.ch
	CondorScratchDir = "/pool/condor/dir_82808"
	Cpus = 1
	Disk = 3918
	GPUs = 0
	Memory = 3000
...
006 (14420187.000.000) 01/26 11:40:36 Image size of job updated: 38612
	38  -  MemoryUsage of job (MB)
	38612  -  ResidentSetSize of job (KB)
...
006 (14420187.000.000) 01/26 11:45:36 Image size of job updated: 764272
	743  -  MemoryUsage of job (MB)
	760068  -  ResidentSetSize of job (KB)
...
006 (14420187.000.000) 01/26 11:48:43 Image size of job updated: 767852
	743  -  MemoryUsage of job (MB)
	760068  -  ResidentSetSize of job (KB)
...
040 (14420187.000.000) 01/26 11:48:43 Started transferring output files
...
040 (14420187.000.000) 01/26 11:48:43 Finished transferring output files
...
005 (14420187.000.000) 01/26 11:48:43 Job terminated.
	(1) Normal termination (return value 0)
		Usr 0 00:05:56, Sys 0 00:00:08  -  Run Remote Usage
		Usr 0 00:00:00, Sys 0 00:00:00  -  Run Local Usage
		Usr 0 00:05:56, Sys 0 00:00:08  -  Total Remote Usage
		Usr 0 00:00:00, Sys 0 00:00:00  -  Total Local Usage
	13162  -  Run Bytes Sent By Job
	317  -  Run Bytes Received By Job
	13162  -  Total Bytes Sent By Job
	317  -  Total Bytes Received By Job
	Partitionable Resources :    Usage  Request Allocated 
	   Cpus                 :     0.82        1         1 
	   Disk (KB)            :    37           1      3918 
	   GPUs                 :                           0 
	   Memory (MB)          :   743        3000      3000 
	   TimeExecute (s)      :   500                       
	   TimeSlotBusy (s)     :   503                       

	Job terminated of its own accord at 2026-01-26T10:48:43Z with exit-code 0.
...
