/pool/condor/dir_3275702

Opening file: /eos/user/a/amalhotr/ScoutingPFRun3/ScoutingData_2024H_TreeMakerRedone/251209_202708/0000/ScoutingTree_Output_797.root
Opened file /eos/user/a/amalhotr/ScoutingPFRun3/ScoutingData_2024H_TreeMakerRedone/251209_202708/0000/ScoutingTree_Output_797.root with 4909459 entries.
Tree opened successfully.
Total entries = 4909459

=====================================
=== Progress: 10% reached at entry 490945 ===
=====================================

=====================================
=== Progress: 20% reached at entry 981891 ===
=====================================

=====================================
=== Progress: 30% reached at entry 1472837 ===
=====================================

=====================================
=== Progress: 40% reached at entry 1963783 ===
=====================================

=====================================
=== Progress: 50% reached at entry 2454729 ===
=====================================

=====================================
=== Progress: 60% reached at entry 2945675 ===
=====================================

=====================================
=== Progress: 70% reached at entry 3436621 ===
=====================================

=====================================
=== Progress: 80% reached at entry 3927567 ===
=====================================

=====================================
=== Progress: 90% reached at entry 4418513 ===
=====================================

Opening file: /eos/user/a/amalhotr/ScoutingPFRun3/ScoutingData_2024H_TreeMakerRedone/251209_202708/0000/ScoutingTree_Output_798.root
Opened file /eos/user/a/amalhotr/ScoutingPFRun3/ScoutingData_2024H_TreeMakerRedone/251209_202708/0000/ScoutingTree_Output_798.root with 5145648 entries.
Tree opened successfully.
Total entries = 5145648

=====================================
=== Progress: 10% reached at entry 514564 ===
=====================================

=====================================
=== Progress: 20% reached at entry 1029129 ===
=====================================

=====================================
=== Progress: 30% reached at entry 1543694 ===
=====================================

=====================================
=== Progress: 40% reached at entry 2058259 ===
=====================================

=====================================
=== Progress: 50% reached at entry 2572824 ===
=====================================

=====================================
=== Progress: 60% reached at entry 3087388 ===
=====================================

=====================================
=== Progress: 70% reached at entry 3601953 ===
=====================================

=====================================
=== Progress: 80% reached at entry 4116518 ===
=====================================

=====================================
=== Progress: 90% reached at entry 4631083 ===
=====================================

Opening file: /eos/user/a/amalhotr/ScoutingPFRun3/ScoutingData_2024H_TreeMakerRedone/251209_202708/0000/ScoutingTree_Output_799.root
Opened file /eos/user/a/amalhotr/ScoutingPFRun3/ScoutingData_2024H_TreeMakerRedone/251209_202708/0000/ScoutingTree_Output_799.root with 4990677 entries.
Tree opened successfully.
Total entries = 4990677

=====================================
=== Progress: 10% reached at entry 499067 ===
=====================================

=====================================
=== Progress: 20% reached at entry 998135 ===
=====================================

=====================================
=== Progress: 30% reached at entry 1497203 ===
=====================================

=====================================
=== Progress: 40% reached at entry 1996270 ===
=====================================

=====================================
=== Progress: 50% reached at entry 2495338 ===
=====================================

=====================================
=== Progress: 60% reached at entry 2994406 ===
=====================================

=====================================
=== Progress: 70% reached at entry 3493473 ===
=====================================

=====================================
=== Progress: 80% reached at entry 3992541 ===
=====================================

=====================================
=== Progress: 90% reached at entry 4491609 ===
=====================================

Opening file: /eos/user/a/amalhotr/ScoutingPFRun3/ScoutingData_2024H_TreeMakerRedone/251209_202708/0000/ScoutingTree_Output_79.root
Opened file /eos/user/a/amalhotr/ScoutingPFRun3/ScoutingData_2024H_TreeMakerRedone/251209_202708/0000/ScoutingTree_Output_79.root with 8390216 entries.
Tree opened successfully.
Total entries = 8390216

=====================================
=== Progress: 10% reached at entry 839021 ===
=====================================

=====================================
=== Progress: 20% reached at entry 1678043 ===
=====================================

=====================================
=== Progress: 30% reached at entry 2517064 ===
=====================================

=====================================
=== Progress: 40% reached at entry 3356086 ===
=====================================

=====================================
=== Progress: 50% reached at entry 4195108 ===
=====================================

=====================================
=== Progress: 60% reached at entry 5034129 ===
=====================================

=====================================
=== Progress: 70% reached at entry 5873151 ===
=====================================

=====================================
=== Progress: 80% reached at entry 6712172 ===
=====================================

=====================================
=== Progress: 90% reached at entry 7551194 ===
=====================================

Finished Tree2PlotsRun3 scan.
