/pool/condor/dir_2326909

Opening file: /eos/user/a/amalhotr/ScoutingPFRun3/ScoutingData_2024H_TreeMakerRedone/251209_202708/0000/ScoutingTree_Output_573.root
Opened file /eos/user/a/amalhotr/ScoutingPFRun3/ScoutingData_2024H_TreeMakerRedone/251209_202708/0000/ScoutingTree_Output_573.root with 8165876 entries.
Tree opened successfully.
Total entries = 8165876

=====================================
=== Progress: 10% reached at entry 816587 ===
=====================================

=====================================
=== Progress: 20% reached at entry 1633175 ===
=====================================

=====================================
=== Progress: 30% reached at entry 2449762 ===
=====================================

=====================================
=== Progress: 40% reached at entry 3266350 ===
=====================================

=====================================
=== Progress: 50% reached at entry 4082938 ===
=====================================

=====================================
=== Progress: 60% reached at entry 4899525 ===
=====================================

=====================================
=== Progress: 70% reached at entry 5716113 ===
=====================================

=====================================
=== Progress: 80% reached at entry 6532700 ===
=====================================

=====================================
=== Progress: 90% reached at entry 7349288 ===
=====================================

Opening file: /eos/user/a/amalhotr/ScoutingPFRun3/ScoutingData_2024H_TreeMakerRedone/251209_202708/0000/ScoutingTree_Output_574.root
Opened file /eos/user/a/amalhotr/ScoutingPFRun3/ScoutingData_2024H_TreeMakerRedone/251209_202708/0000/ScoutingTree_Output_574.root with 8701554 entries.
Tree opened successfully.
Total entries = 8701554

=====================================
=== Progress: 10% reached at entry 870155 ===
=====================================

=====================================
=== Progress: 20% reached at entry 1740310 ===
=====================================

=====================================
=== Progress: 30% reached at entry 2610466 ===
=====================================

=====================================
=== Progress: 40% reached at entry 3480621 ===
=====================================

=====================================
=== Progress: 50% reached at entry 4350777 ===
=====================================

=====================================
=== Progress: 60% reached at entry 5220932 ===
=====================================

=====================================
=== Progress: 70% reached at entry 6091087 ===
=====================================

=====================================
=== Progress: 80% reached at entry 6961243 ===
=====================================

=====================================
=== Progress: 90% reached at entry 7831398 ===
=====================================

Opening file: /eos/user/a/amalhotr/ScoutingPFRun3/ScoutingData_2024H_TreeMakerRedone/251209_202708/0000/ScoutingTree_Output_575.root
Opened file /eos/user/a/amalhotr/ScoutingPFRun3/ScoutingData_2024H_TreeMakerRedone/251209_202708/0000/ScoutingTree_Output_575.root with 10528043 entries.
Tree opened successfully.
Total entries = 10528043

=====================================
=== Progress: 10% reached at entry 1052804 ===
=====================================

=====================================
=== Progress: 20% reached at entry 2105608 ===
=====================================

=====================================
=== Progress: 30% reached at entry 3158412 ===
=====================================

=====================================
=== Progress: 40% reached at entry 4211217 ===
=====================================

=====================================
=== Progress: 50% reached at entry 5264021 ===
=====================================

=====================================
=== Progress: 60% reached at entry 6316825 ===
=====================================

=====================================
=== Progress: 70% reached at entry 7369630 ===
=====================================

=====================================
=== Progress: 80% reached at entry 8422434 ===
=====================================

=====================================
=== Progress: 90% reached at entry 9475238 ===
=====================================

Opening file: /eos/user/a/amalhotr/ScoutingPFRun3/ScoutingData_2024H_TreeMakerRedone/251209_202708/0000/ScoutingTree_Output_576.root
Opened file /eos/user/a/amalhotr/ScoutingPFRun3/ScoutingData_2024H_TreeMakerRedone/251209_202708/0000/ScoutingTree_Output_576.root with 9935981 entries.
Tree opened successfully.
Total entries = 9935981

=====================================
=== Progress: 10% reached at entry 993598 ===
=====================================

=====================================
=== Progress: 20% reached at entry 1987196 ===
=====================================

=====================================
=== Progress: 30% reached at entry 2980794 ===
=====================================

=====================================
=== Progress: 40% reached at entry 3974392 ===
=====================================

=====================================
=== Progress: 50% reached at entry 4967990 ===
=====================================

=====================================
=== Progress: 60% reached at entry 5961588 ===
=====================================

=====================================
=== Progress: 70% reached at entry 6955186 ===
=====================================

=====================================
=== Progress: 80% reached at entry 7948784 ===
=====================================

=====================================
=== Progress: 90% reached at entry 8942382 ===
=====================================

Finished Tree2PlotsRun3 scan.
