/pool/condor/dir_889549

Opening file: /eos/user/a/amalhotr/ScoutingPFRun3/ScoutingData_2024H_TreeMakerRedone/251209_202708/0000/ScoutingTree_Output_678.root
Opened file /eos/user/a/amalhotr/ScoutingPFRun3/ScoutingData_2024H_TreeMakerRedone/251209_202708/0000/ScoutingTree_Output_678.root with 8226484 entries.
Tree opened successfully.
Total entries = 8226484

=====================================
=== Progress: 10% reached at entry 822648 ===
=====================================

=====================================
=== Progress: 20% reached at entry 1645296 ===
=====================================

=====================================
=== Progress: 30% reached at entry 2467945 ===
=====================================

=====================================
=== Progress: 40% reached at entry 3290593 ===
=====================================

=====================================
=== Progress: 50% reached at entry 4113242 ===
=====================================

=====================================
=== Progress: 60% reached at entry 4935890 ===
=====================================

=====================================
=== Progress: 70% reached at entry 5758538 ===
=====================================

=====================================
=== Progress: 80% reached at entry 6581187 ===
=====================================

=====================================
=== Progress: 90% reached at entry 7403835 ===
=====================================

Opening file: /eos/user/a/amalhotr/ScoutingPFRun3/ScoutingData_2024H_TreeMakerRedone/251209_202708/0000/ScoutingTree_Output_679.root
Opened file /eos/user/a/amalhotr/ScoutingPFRun3/ScoutingData_2024H_TreeMakerRedone/251209_202708/0000/ScoutingTree_Output_679.root with 7830337 entries.
Tree opened successfully.
Total entries = 7830337

=====================================
=== Progress: 10% reached at entry 783033 ===
=====================================

=====================================
=== Progress: 20% reached at entry 1566067 ===
=====================================

=====================================
=== Progress: 30% reached at entry 2349101 ===
=====================================

=====================================
=== Progress: 40% reached at entry 3132134 ===
=====================================

=====================================
=== Progress: 50% reached at entry 3915168 ===
=====================================

=====================================
=== Progress: 60% reached at entry 4698202 ===
=====================================

=====================================
=== Progress: 70% reached at entry 5481235 ===
=====================================

=====================================
=== Progress: 80% reached at entry 6264269 ===
=====================================

=====================================
=== Progress: 90% reached at entry 7047303 ===
=====================================

Opening file: /eos/user/a/amalhotr/ScoutingPFRun3/ScoutingData_2024H_TreeMakerRedone/251209_202708/0000/ScoutingTree_Output_67.root
Opened file /eos/user/a/amalhotr/ScoutingPFRun3/ScoutingData_2024H_TreeMakerRedone/251209_202708/0000/ScoutingTree_Output_67.root with 7912627 entries.
Tree opened successfully.
Total entries = 7912627

=====================================
=== Progress: 10% reached at entry 791262 ===
=====================================

=====================================
=== Progress: 20% reached at entry 1582525 ===
=====================================

=====================================
=== Progress: 30% reached at entry 2373788 ===
=====================================

=====================================
=== Progress: 40% reached at entry 3165050 ===
=====================================

=====================================
=== Progress: 50% reached at entry 3956313 ===
=====================================

=====================================
=== Progress: 60% reached at entry 4747576 ===
=====================================

=====================================
=== Progress: 70% reached at entry 5538838 ===
=====================================

=====================================
=== Progress: 80% reached at entry 6330101 ===
=====================================

=====================================
=== Progress: 90% reached at entry 7121364 ===
=====================================

Opening file: /eos/user/a/amalhotr/ScoutingPFRun3/ScoutingData_2024H_TreeMakerRedone/251209_202708/0000/ScoutingTree_Output_680.root
Opened file /eos/user/a/amalhotr/ScoutingPFRun3/ScoutingData_2024H_TreeMakerRedone/251209_202708/0000/ScoutingTree_Output_680.root with 8323561 entries.
Tree opened successfully.
Total entries = 8323561

=====================================
=== Progress: 10% reached at entry 832356 ===
=====================================

=====================================
=== Progress: 20% reached at entry 1664712 ===
=====================================

=====================================
=== Progress: 30% reached at entry 2497068 ===
=====================================

=====================================
=== Progress: 40% reached at entry 3329424 ===
=====================================

=====================================
=== Progress: 50% reached at entry 4161780 ===
=====================================

=====================================
=== Progress: 60% reached at entry 4994136 ===
=====================================

=====================================
=== Progress: 70% reached at entry 5826492 ===
=====================================

=====================================
=== Progress: 80% reached at entry 6658848 ===
=====================================

=====================================
=== Progress: 90% reached at entry 7491204 ===
=====================================

Finished Tree2PlotsRun3 scan.
