/pool/condor/dir_1319109

Opening file: /eos/user/a/amalhotr/ScoutingPFRun3/ScoutingData_2024H_TreeMakerRedone/251209_202708/0000/ScoutingTree_Output_793.root
Opened file /eos/user/a/amalhotr/ScoutingPFRun3/ScoutingData_2024H_TreeMakerRedone/251209_202708/0000/ScoutingTree_Output_793.root with 5049379 entries.
Tree opened successfully.
Total entries = 5049379

=====================================
=== Progress: 10% reached at entry 504937 ===
=====================================

=====================================
=== Progress: 20% reached at entry 1009875 ===
=====================================

=====================================
=== Progress: 30% reached at entry 1514813 ===
=====================================

=====================================
=== Progress: 40% reached at entry 2019751 ===
=====================================

=====================================
=== Progress: 50% reached at entry 2524689 ===
=====================================

=====================================
=== Progress: 60% reached at entry 3029627 ===
=====================================

=====================================
=== Progress: 70% reached at entry 3534565 ===
=====================================

=====================================
=== Progress: 80% reached at entry 4039503 ===
=====================================

=====================================
=== Progress: 90% reached at entry 4544441 ===
=====================================

Opening file: /eos/user/a/amalhotr/ScoutingPFRun3/ScoutingData_2024H_TreeMakerRedone/251209_202708/0000/ScoutingTree_Output_794.root
Opened file /eos/user/a/amalhotr/ScoutingPFRun3/ScoutingData_2024H_TreeMakerRedone/251209_202708/0000/ScoutingTree_Output_794.root with 5081475 entries.
Tree opened successfully.
Total entries = 5081475

=====================================
=== Progress: 10% reached at entry 508147 ===
=====================================

=====================================
=== Progress: 20% reached at entry 1016295 ===
=====================================

=====================================
=== Progress: 30% reached at entry 1524442 ===
=====================================

=====================================
=== Progress: 40% reached at entry 2032590 ===
=====================================

=====================================
=== Progress: 50% reached at entry 2540737 ===
=====================================

=====================================
=== Progress: 60% reached at entry 3048885 ===
=====================================

=====================================
=== Progress: 70% reached at entry 3557032 ===
=====================================

=====================================
=== Progress: 80% reached at entry 4065180 ===
=====================================

=====================================
=== Progress: 90% reached at entry 4573327 ===
=====================================

Opening file: /eos/user/a/amalhotr/ScoutingPFRun3/ScoutingData_2024H_TreeMakerRedone/251209_202708/0000/ScoutingTree_Output_795.root
Opened file /eos/user/a/amalhotr/ScoutingPFRun3/ScoutingData_2024H_TreeMakerRedone/251209_202708/0000/ScoutingTree_Output_795.root with 5101241 entries.
Tree opened successfully.
Total entries = 5101241

=====================================
=== Progress: 10% reached at entry 510124 ===
=====================================

=====================================
=== Progress: 20% reached at entry 1020248 ===
=====================================

=====================================
=== Progress: 30% reached at entry 1530372 ===
=====================================

=====================================
=== Progress: 40% reached at entry 2040496 ===
=====================================

=====================================
=== Progress: 50% reached at entry 2550620 ===
=====================================

=====================================
=== Progress: 60% reached at entry 3060744 ===
=====================================

=====================================
=== Progress: 70% reached at entry 3570868 ===
=====================================

=====================================
=== Progress: 80% reached at entry 4080992 ===
=====================================

=====================================
=== Progress: 90% reached at entry 4591116 ===
=====================================

Opening file: /eos/user/a/amalhotr/ScoutingPFRun3/ScoutingData_2024H_TreeMakerRedone/251209_202708/0000/ScoutingTree_Output_796.root
Opened file /eos/user/a/amalhotr/ScoutingPFRun3/ScoutingData_2024H_TreeMakerRedone/251209_202708/0000/ScoutingTree_Output_796.root with 5207660 entries.
Tree opened successfully.
Total entries = 5207660

=====================================
=== Progress: 10% reached at entry 520766 ===
=====================================

=====================================
=== Progress: 20% reached at entry 1041532 ===
=====================================

=====================================
=== Progress: 30% reached at entry 1562298 ===
=====================================

=====================================
=== Progress: 40% reached at entry 2083064 ===
=====================================

=====================================
=== Progress: 50% reached at entry 2603830 ===
=====================================

=====================================
=== Progress: 60% reached at entry 3124596 ===
=====================================

=====================================
=== Progress: 70% reached at entry 3645362 ===
=====================================

=====================================
=== Progress: 80% reached at entry 4166128 ===
=====================================

=====================================
=== Progress: 90% reached at entry 4686894 ===
=====================================

Finished Tree2PlotsRun3 scan.
