000 (14418830.000.000) 01/26 10:29:58 Job submitted from host: <188.184.90.62:9618?addrs=188.184.90.62-9618+[2001-1458-201-e4--100-238]-9618&alias=bigbird16.cern.ch&noUDP&sock=schedd_5196_9a2f>
...
040 (14418830.000.000) 01/26 10:31:52 Started transferring input files
	Transferring to host: <188.185.210.188:9618?addrs=188.185.210.188-9618+[2001-1458-303-15--100-38]-9618&alias=b9p22p8460.cern.ch&noUDP&sock=slot1_23_7047_ffb8_161305>
...
040 (14418830.000.000) 01/26 10:31:52 Finished transferring input files
...
001 (14418830.000.000) 01/26 10:31:53 Job executing on host: <188.185.210.188:9618?addrs=188.185.210.188-9618+[2001-1458-303-15--100-38]-9618&alias=b9p22p8460.cern.ch&noUDP&sock=startd_6221_aac2>
	SlotName: slot1_23@b9p22p8460.cern.ch
	CondorScratchDir = "/pool/condor/dir_2149243"
	Cpus = 1
	Disk = 3835
	GPUs = 0
	Memory = 3000
...
006 (14418830.000.000) 01/26 10:32:07 Image size of job updated: 650196
	635  -  MemoryUsage of job (MB)
	650196  -  ResidentSetSize of job (KB)
...
006 (14418830.000.000) 01/26 10:36:55 Image size of job updated: 847020
	635  -  MemoryUsage of job (MB)
	650196  -  ResidentSetSize of job (KB)
...
040 (14418830.000.000) 01/26 10:36:55 Started transferring output files
...
040 (14418830.000.000) 01/26 10:36:55 Finished transferring output files
...
005 (14418830.000.000) 01/26 10:36:55 Job terminated.
	(1) Normal termination (return value 0)
		Usr 0 00:03:21, Sys 0 00:00:09  -  Run Remote Usage
		Usr 0 00:00:00, Sys 0 00:00:00  -  Run Local Usage
		Usr 0 00:03:21, Sys 0 00:00:09  -  Total Remote Usage
		Usr 0 00:00:00, Sys 0 00:00:00  -  Total Local Usage
	13129  -  Run Bytes Sent By Job
	317  -  Run Bytes Received By Job
	13129  -  Total Bytes Sent By Job
	317  -  Total Bytes Received By Job
	Partitionable Resources :    Usage  Request Allocated 
	   Cpus                 :        0        1         1 
	   Disk (KB)            :       36        1      3835 
	   GPUs                 :                           0 
	   Memory (MB)          :      635     3000      3000 
	   TimeExecute (s)      :      302                    
	   TimeSlotBusy (s)     :      303                    

	Job terminated of its own accord at 2026-01-26T09:36:55Z with exit-code 0.
...
