000 (14419935.000.000) 01/26 11:22:51 Job submitted from host: <188.184.90.62:9618?addrs=188.184.90.62-9618+[2001-1458-201-e4--100-238]-9618&alias=bigbird16.cern.ch&noUDP&sock=schedd_5196_9a2f>
...
040 (14419935.000.000) 01/26 11:25:08 Started transferring input files
	Transferring to host: <188.185.211.143:9618?addrs=188.185.211.143-9618+[2001-1458-303-17--100-b]-9618&alias=b9p24p2514.cern.ch&noUDP&sock=slot1_35_5507_edf9_135940>
...
040 (14419935.000.000) 01/26 11:25:08 Finished transferring input files
...
001 (14419935.000.000) 01/26 11:25:09 Job executing on host: <188.185.211.143:9618?addrs=188.185.211.143-9618+[2001-1458-303-17--100-b]-9618&alias=b9p24p2514.cern.ch&noUDP&sock=startd_4525_5a23>
	SlotName: slot1_35@b9p24p2514.cern.ch
	CondorScratchDir = "/pool/condor/dir_3691769"
	Cpus = 1
	Disk = 3917
	GPUs = 0
	Memory = 3000
...
006 (14419935.000.000) 01/26 11:25:22 Image size of job updated: 208012
	204  -  MemoryUsage of job (MB)
	208012  -  ResidentSetSize of job (KB)
...
006 (14419935.000.000) 01/26 11:30:22 Image size of job updated: 849072
	815  -  MemoryUsage of job (MB)
	834536  -  ResidentSetSize of job (KB)
...
040 (14419935.000.000) 01/26 11:30:39 Started transferring output files
...
040 (14419935.000.000) 01/26 11:30:39 Finished transferring output files
...
005 (14419935.000.000) 01/26 11:30:39 Job terminated.
	(1) Normal termination (return value 0)
		Usr 0 00:03:59, Sys 0 00:00:09  -  Run Remote Usage
		Usr 0 00:00:00, Sys 0 00:00:00  -  Run Local Usage
		Usr 0 00:03:59, Sys 0 00:00:09  -  Total Remote Usage
		Usr 0 00:00:00, Sys 0 00:00:00  -  Total Local Usage
	12857  -  Run Bytes Sent By Job
	317  -  Run Bytes Received By Job
	12857  -  Total Bytes Sent By Job
	317  -  Total Bytes Received By Job
	Partitionable Resources :    Usage  Request Allocated 
	   Cpus                 :     0.79        1         1 
	   Disk (KB)            :    36           1      3917 
	   GPUs                 :                           0 
	   Memory (MB)          :   815        3000      3000 
	   TimeExecute (s)      :   330                       
	   TimeSlotBusy (s)     :   333                       

	Job terminated of its own accord at 2026-01-26T10:30:39Z with exit-code 0.
...
