000 (14418809.000.000) 01/26 10:23:24 Job submitted from host: <188.184.90.62:9618?addrs=188.184.90.62-9618+[2001-1458-201-e4--100-238]-9618&alias=bigbird16.cern.ch&noUDP&sock=schedd_5196_9a2f>
...
040 (14418809.000.000) 01/26 10:28:02 Started transferring input files
	Transferring to host: <188.185.211.94:9618?addrs=188.185.211.94-9618+[2001-1458-303-16--100-5a]-9618&alias=b9p23p1890.cern.ch&noUDP&sock=slot1_2_4571_6ed3_95329>
...
040 (14418809.000.000) 01/26 10:28:03 Finished transferring input files
...
001 (14418809.000.000) 01/26 10:28:03 Job executing on host: <188.185.211.94:9618?addrs=188.185.211.94-9618+[2001-1458-303-16--100-5a]-9618&alias=b9p23p1890.cern.ch&noUDP&sock=startd_3870_139a>
	SlotName: slot1_2@b9p23p1890.cern.ch
	CondorScratchDir = "/pool/condor/dir_3492008"
	Cpus = 1
	Disk = 3797
	GPUs = 0
	Memory = 3000
...
006 (14418809.000.000) 01/26 10:28:17 Image size of job updated: 46684
	46  -  MemoryUsage of job (MB)
	46684  -  ResidentSetSize of job (KB)
...
006 (14418809.000.000) 01/26 10:33:18 Image size of job updated: 788452
	770  -  MemoryUsage of job (MB)
	787592  -  ResidentSetSize of job (KB)
...
006 (14418809.000.000) 01/26 10:36:11 Image size of job updated: 792460
	770  -  MemoryUsage of job (MB)
	787592  -  ResidentSetSize of job (KB)
...
040 (14418809.000.000) 01/26 10:36:12 Started transferring output files
...
040 (14418809.000.000) 01/26 10:36:12 Finished transferring output files
...
005 (14418809.000.000) 01/26 10:36:12 Job terminated.
	(1) Normal termination (return value 0)
		Usr 0 00:04:27, Sys 0 00:00:14  -  Run Remote Usage
		Usr 0 00:00:00, Sys 0 00:00:00  -  Run Local Usage
		Usr 0 00:04:27, Sys 0 00:00:14  -  Total Remote Usage
		Usr 0 00:00:00, Sys 0 00:00:00  -  Total Local Usage
	13163  -  Run Bytes Sent By Job
	317  -  Run Bytes Received By Job
	13163  -  Total Bytes Sent By Job
	317  -  Total Bytes Received By Job
	Partitionable Resources :    Usage  Request Allocated 
	   Cpus                 :                 1         1 
	   Disk (KB)            :       28        1      3797 
	   GPUs                 :                           0 
	   Memory (MB)          :      770     3000      3000 
	   TimeExecute (s)      :      488                    
	   TimeSlotBusy (s)     :      491                    

	Job terminated of its own accord at 2026-01-26T09:36:11Z with exit-code 0.
...
