/pool/condor/dir_4076916

Opening file: /eos/user/a/amalhotr/ScoutingPFRun3/ScoutingData_2024H_TreeMakerRedone/251209_202708/0000/ScoutingTree_Output_270.root
Opened file /eos/user/a/amalhotr/ScoutingPFRun3/ScoutingData_2024H_TreeMakerRedone/251209_202708/0000/ScoutingTree_Output_270.root with 8013984 entries.
Tree opened successfully.
Total entries = 8013984

=====================================
=== Progress: 10% reached at entry 801398 ===
=====================================

=====================================
=== Progress: 20% reached at entry 1602796 ===
=====================================

=====================================
=== Progress: 30% reached at entry 2404195 ===
=====================================

=====================================
=== Progress: 40% reached at entry 3205593 ===
=====================================

=====================================
=== Progress: 50% reached at entry 4006992 ===
=====================================

=====================================
=== Progress: 60% reached at entry 4808390 ===
=====================================

=====================================
=== Progress: 70% reached at entry 5609788 ===
=====================================

=====================================
=== Progress: 80% reached at entry 6411187 ===
=====================================

=====================================
=== Progress: 90% reached at entry 7212585 ===
=====================================

Opening file: /eos/user/a/amalhotr/ScoutingPFRun3/ScoutingData_2024H_TreeMakerRedone/251209_202708/0000/ScoutingTree_Output_271.root
Opened file /eos/user/a/amalhotr/ScoutingPFRun3/ScoutingData_2024H_TreeMakerRedone/251209_202708/0000/ScoutingTree_Output_271.root with 8553912 entries.
Tree opened successfully.
Total entries = 8553912

=====================================
=== Progress: 10% reached at entry 855391 ===
=====================================

=====================================
=== Progress: 20% reached at entry 1710782 ===
=====================================

=====================================
=== Progress: 30% reached at entry 2566173 ===
=====================================

=====================================
=== Progress: 40% reached at entry 3421564 ===
=====================================

=====================================
=== Progress: 50% reached at entry 4276956 ===
=====================================

=====================================
=== Progress: 60% reached at entry 5132347 ===
=====================================

=====================================
=== Progress: 70% reached at entry 5987738 ===
=====================================

=====================================
=== Progress: 80% reached at entry 6843129 ===
=====================================

=====================================
=== Progress: 90% reached at entry 7698520 ===
=====================================

Opening file: /eos/user/a/amalhotr/ScoutingPFRun3/ScoutingData_2024H_TreeMakerRedone/251209_202708/0000/ScoutingTree_Output_272.root
Opened file /eos/user/a/amalhotr/ScoutingPFRun3/ScoutingData_2024H_TreeMakerRedone/251209_202708/0000/ScoutingTree_Output_272.root with 7680100 entries.
Tree opened successfully.
Total entries = 7680100

=====================================
=== Progress: 10% reached at entry 768010 ===
=====================================

=====================================
=== Progress: 20% reached at entry 1536020 ===
=====================================

=====================================
=== Progress: 30% reached at entry 2304030 ===
=====================================

=====================================
=== Progress: 40% reached at entry 3072040 ===
=====================================

=====================================
=== Progress: 50% reached at entry 3840050 ===
=====================================

=====================================
=== Progress: 60% reached at entry 4608060 ===
=====================================

=====================================
=== Progress: 70% reached at entry 5376070 ===
=====================================

=====================================
=== Progress: 80% reached at entry 6144080 ===
=====================================

=====================================
=== Progress: 90% reached at entry 6912090 ===
=====================================

Opening file: /eos/user/a/amalhotr/ScoutingPFRun3/ScoutingData_2024H_TreeMakerRedone/251209_202708/0000/ScoutingTree_Output_273.root
Opened file /eos/user/a/amalhotr/ScoutingPFRun3/ScoutingData_2024H_TreeMakerRedone/251209_202708/0000/ScoutingTree_Output_273.root with 8267418 entries.
Tree opened successfully.
Total entries = 8267418

=====================================
=== Progress: 10% reached at entry 826741 ===
=====================================

=====================================
=== Progress: 20% reached at entry 1653483 ===
=====================================

=====================================
=== Progress: 30% reached at entry 2480225 ===
=====================================

=====================================
=== Progress: 40% reached at entry 3306967 ===
=====================================

=====================================
=== Progress: 50% reached at entry 4133709 ===
=====================================

=====================================
=== Progress: 60% reached at entry 4960450 ===
=====================================

=====================================
=== Progress: 70% reached at entry 5787192 ===
=====================================

=====================================
=== Progress: 80% reached at entry 6613934 ===
=====================================

=====================================
=== Progress: 90% reached at entry 7440676 ===
=====================================

Finished Tree2PlotsRun3 scan.
