000 (14420215.000.000) 01/26 11:39:52 Job submitted from host: <188.184.90.62:9618?addrs=188.184.90.62-9618+[2001-1458-201-e4--100-238]-9618&alias=bigbird16.cern.ch&noUDP&sock=schedd_5196_9a2f>
...
040 (14420215.000.000) 01/26 11:40:28 Started transferring input files
	Transferring to host: <188.185.204.189:9618?addrs=188.185.204.189-9618+[2001-1458-303-8--100-b1]-9618&alias=b9p02p5229.cern.ch&noUDP&sock=slot1_23_6052_ee6f_115294>
...
040 (14420215.000.000) 01/26 11:40:28 Finished transferring input files
...
001 (14420215.000.000) 01/26 11:40:29 Job executing on host: <188.185.204.189:9618?addrs=188.185.204.189-9618+[2001-1458-303-8--100-b1]-9618&alias=b9p02p5229.cern.ch&noUDP&sock=startd_5071_dcd9>
	SlotName: slot1_23@b9p02p5229.cern.ch
	CondorScratchDir = "/pool/condor/dir_2952984"
	Cpus = 1
	Disk = 3575
	GPUs = 0
	Memory = 3000
...
006 (14420215.000.000) 01/26 11:40:42 Image size of job updated: 562900
	550  -  MemoryUsage of job (MB)
	562900  -  ResidentSetSize of job (KB)
...
006 (14420215.000.000) 01/26 11:44:38 Image size of job updated: 814896
	550  -  MemoryUsage of job (MB)
	562900  -  ResidentSetSize of job (KB)
...
040 (14420215.000.000) 01/26 11:44:38 Started transferring output files
...
040 (14420215.000.000) 01/26 11:44:38 Finished transferring output files
...
005 (14420215.000.000) 01/26 11:44:38 Job terminated.
	(1) Normal termination (return value 0)
		Usr 0 00:02:44, Sys 0 00:00:09  -  Run Remote Usage
		Usr 0 00:00:00, Sys 0 00:00:00  -  Run Local Usage
		Usr 0 00:02:44, Sys 0 00:00:09  -  Total Remote Usage
		Usr 0 00:00:00, Sys 0 00:00:00  -  Total Local Usage
	12855  -  Run Bytes Sent By Job
	317  -  Run Bytes Received By Job
	12855  -  Total Bytes Sent By Job
	317  -  Total Bytes Received By Job
	Partitionable Resources :    Usage  Request Allocated 
	   Cpus                 :        0        1         1 
	   Disk (KB)            :       41        1      3575 
	   GPUs                 :                           0 
	   Memory (MB)          :      550     3000      3000 
	   TimeExecute (s)      :      249                    
	   TimeSlotBusy (s)     :      251                    

	Job terminated of its own accord at 2026-01-26T10:44:38Z with exit-code 0.
...
