/pool/condor/dir_611612

Opening file: /eos/user/a/amalhotr/ScoutingPFRun3/ScoutingData_2024H_TreeMakerRedone/251209_202708/0000/ScoutingTree_Output_357.root
Opened file /eos/user/a/amalhotr/ScoutingPFRun3/ScoutingData_2024H_TreeMakerRedone/251209_202708/0000/ScoutingTree_Output_357.root with 8248744 entries.
Tree opened successfully.
Total entries = 8248744

=====================================
=== Progress: 10% reached at entry 824874 ===
=====================================

=====================================
=== Progress: 20% reached at entry 1649748 ===
=====================================

=====================================
=== Progress: 30% reached at entry 2474623 ===
=====================================

=====================================
=== Progress: 40% reached at entry 3299497 ===
=====================================

=====================================
=== Progress: 50% reached at entry 4124372 ===
=====================================

=====================================
=== Progress: 60% reached at entry 4949246 ===
=====================================

=====================================
=== Progress: 70% reached at entry 5774120 ===
=====================================

=====================================
=== Progress: 80% reached at entry 6598995 ===
=====================================

=====================================
=== Progress: 90% reached at entry 7423869 ===
=====================================

Opening file: /eos/user/a/amalhotr/ScoutingPFRun3/ScoutingData_2024H_TreeMakerRedone/251209_202708/0000/ScoutingTree_Output_358.root
Opened file /eos/user/a/amalhotr/ScoutingPFRun3/ScoutingData_2024H_TreeMakerRedone/251209_202708/0000/ScoutingTree_Output_358.root with 8228097 entries.
Tree opened successfully.
Total entries = 8228097

=====================================
=== Progress: 10% reached at entry 822809 ===
=====================================

=====================================
=== Progress: 20% reached at entry 1645619 ===
=====================================

=====================================
=== Progress: 30% reached at entry 2468429 ===
=====================================

=====================================
=== Progress: 40% reached at entry 3291238 ===
=====================================

=====================================
=== Progress: 50% reached at entry 4114048 ===
=====================================

=====================================
=== Progress: 60% reached at entry 4936858 ===
=====================================

=====================================
=== Progress: 70% reached at entry 5759667 ===
=====================================

=====================================
=== Progress: 80% reached at entry 6582477 ===
=====================================

=====================================
=== Progress: 90% reached at entry 7405287 ===
=====================================

Opening file: /eos/user/a/amalhotr/ScoutingPFRun3/ScoutingData_2024H_TreeMakerRedone/251209_202708/0000/ScoutingTree_Output_359.root
Opened file /eos/user/a/amalhotr/ScoutingPFRun3/ScoutingData_2024H_TreeMakerRedone/251209_202708/0000/ScoutingTree_Output_359.root with 8217643 entries.
Tree opened successfully.
Total entries = 8217643

=====================================
=== Progress: 10% reached at entry 821764 ===
=====================================

=====================================
=== Progress: 20% reached at entry 1643528 ===
=====================================

=====================================
=== Progress: 30% reached at entry 2465292 ===
=====================================

=====================================
=== Progress: 40% reached at entry 3287057 ===
=====================================

=====================================
=== Progress: 50% reached at entry 4108821 ===
=====================================

=====================================
=== Progress: 60% reached at entry 4930585 ===
=====================================

=====================================
=== Progress: 70% reached at entry 5752350 ===
=====================================

=====================================
=== Progress: 80% reached at entry 6574114 ===
=====================================

=====================================
=== Progress: 90% reached at entry 7395878 ===
=====================================

Opening file: /eos/user/a/amalhotr/ScoutingPFRun3/ScoutingData_2024H_TreeMakerRedone/251209_202708/0000/ScoutingTree_Output_35.root
Opened file /eos/user/a/amalhotr/ScoutingPFRun3/ScoutingData_2024H_TreeMakerRedone/251209_202708/0000/ScoutingTree_Output_35.root with 8503729 entries.
Tree opened successfully.
Total entries = 8503729

=====================================
=== Progress: 10% reached at entry 850372 ===
=====================================

=====================================
=== Progress: 20% reached at entry 1700745 ===
=====================================

=====================================
=== Progress: 30% reached at entry 2551118 ===
=====================================

=====================================
=== Progress: 40% reached at entry 3401491 ===
=====================================

=====================================
=== Progress: 50% reached at entry 4251864 ===
=====================================

=====================================
=== Progress: 60% reached at entry 5102237 ===
=====================================

=====================================
=== Progress: 70% reached at entry 5952610 ===
=====================================

=====================================
=== Progress: 80% reached at entry 6802983 ===
=====================================

=====================================
=== Progress: 90% reached at entry 7653356 ===
=====================================

Finished Tree2PlotsRun3 scan.
