/pool/condor/dir_159910

Opening file: /eos/user/a/amalhotr/ScoutingPFRun3/ScoutingData_2024H_TreeMakerRedone/251209_202708/0000/ScoutingTree_Output_69.root
Opened file /eos/user/a/amalhotr/ScoutingPFRun3/ScoutingData_2024H_TreeMakerRedone/251209_202708/0000/ScoutingTree_Output_69.root with 7621130 entries.
Tree opened successfully.
Total entries = 7621130

=====================================
=== Progress: 10% reached at entry 762113 ===
=====================================

=====================================
=== Progress: 20% reached at entry 1524226 ===
=====================================

=====================================
=== Progress: 30% reached at entry 2286339 ===
=====================================

=====================================
=== Progress: 40% reached at entry 3048452 ===
=====================================

=====================================
=== Progress: 50% reached at entry 3810565 ===
=====================================

=====================================
=== Progress: 60% reached at entry 4572678 ===
=====================================

=====================================
=== Progress: 70% reached at entry 5334791 ===
=====================================

=====================================
=== Progress: 80% reached at entry 6096904 ===
=====================================

=====================================
=== Progress: 90% reached at entry 6859017 ===
=====================================

Opening file: /eos/user/a/amalhotr/ScoutingPFRun3/ScoutingData_2024H_TreeMakerRedone/251209_202708/0000/ScoutingTree_Output_6.root
Opened file /eos/user/a/amalhotr/ScoutingPFRun3/ScoutingData_2024H_TreeMakerRedone/251209_202708/0000/ScoutingTree_Output_6.root with 8042905 entries.
Tree opened successfully.
Total entries = 8042905

=====================================
=== Progress: 10% reached at entry 804290 ===
=====================================

=====================================
=== Progress: 20% reached at entry 1608581 ===
=====================================

=====================================
=== Progress: 30% reached at entry 2412871 ===
=====================================

=====================================
=== Progress: 40% reached at entry 3217162 ===
=====================================

=====================================
=== Progress: 50% reached at entry 4021452 ===
=====================================

=====================================
=== Progress: 60% reached at entry 4825743 ===
=====================================

=====================================
=== Progress: 70% reached at entry 5630033 ===
=====================================

=====================================
=== Progress: 80% reached at entry 6434324 ===
=====================================

=====================================
=== Progress: 90% reached at entry 7238614 ===
=====================================

Opening file: /eos/user/a/amalhotr/ScoutingPFRun3/ScoutingData_2024H_TreeMakerRedone/251209_202708/0000/ScoutingTree_Output_700.root
Opened file /eos/user/a/amalhotr/ScoutingPFRun3/ScoutingData_2024H_TreeMakerRedone/251209_202708/0000/ScoutingTree_Output_700.root with 8064414 entries.
Tree opened successfully.
Total entries = 8064414

=====================================
=== Progress: 10% reached at entry 806441 ===
=====================================

=====================================
=== Progress: 20% reached at entry 1612882 ===
=====================================

=====================================
=== Progress: 30% reached at entry 2419324 ===
=====================================

=====================================
=== Progress: 40% reached at entry 3225765 ===
=====================================

=====================================
=== Progress: 50% reached at entry 4032207 ===
=====================================

=====================================
=== Progress: 60% reached at entry 4838648 ===
=====================================

=====================================
=== Progress: 70% reached at entry 5645089 ===
=====================================

=====================================
=== Progress: 80% reached at entry 6451531 ===
=====================================

=====================================
=== Progress: 90% reached at entry 7257972 ===
=====================================

Opening file: /eos/user/a/amalhotr/ScoutingPFRun3/ScoutingData_2024H_TreeMakerRedone/251209_202708/0000/ScoutingTree_Output_701.root
Opened file /eos/user/a/amalhotr/ScoutingPFRun3/ScoutingData_2024H_TreeMakerRedone/251209_202708/0000/ScoutingTree_Output_701.root with 8045362 entries.
Tree opened successfully.
Total entries = 8045362

=====================================
=== Progress: 10% reached at entry 804536 ===
=====================================

=====================================
=== Progress: 20% reached at entry 1609072 ===
=====================================

=====================================
=== Progress: 30% reached at entry 2413608 ===
=====================================

=====================================
=== Progress: 40% reached at entry 3218144 ===
=====================================

=====================================
=== Progress: 50% reached at entry 4022681 ===
=====================================

=====================================
=== Progress: 60% reached at entry 4827217 ===
=====================================

=====================================
=== Progress: 70% reached at entry 5631753 ===
=====================================

=====================================
=== Progress: 80% reached at entry 6436289 ===
=====================================

=====================================
=== Progress: 90% reached at entry 7240825 ===
=====================================

Finished Tree2PlotsRun3 scan.
