/pool/condor/dir_397052

Opening file: /eos/user/a/amalhotr/ScoutingPFRun3/ScoutingData_2024H_TreeMakerRedone/251209_202708/0000/ScoutingTree_Output_487.root
Opened file /eos/user/a/amalhotr/ScoutingPFRun3/ScoutingData_2024H_TreeMakerRedone/251209_202708/0000/ScoutingTree_Output_487.root with 8002271 entries.
Tree opened successfully.
Total entries = 8002271

=====================================
=== Progress: 10% reached at entry 800227 ===
=====================================

=====================================
=== Progress: 20% reached at entry 1600454 ===
=====================================

=====================================
=== Progress: 30% reached at entry 2400681 ===
=====================================

=====================================
=== Progress: 40% reached at entry 3200908 ===
=====================================

=====================================
=== Progress: 50% reached at entry 4001135 ===
=====================================

=====================================
=== Progress: 60% reached at entry 4801362 ===
=====================================

=====================================
=== Progress: 70% reached at entry 5601589 ===
=====================================

=====================================
=== Progress: 80% reached at entry 6401816 ===
=====================================

=====================================
=== Progress: 90% reached at entry 7202043 ===
=====================================

Opening file: /eos/user/a/amalhotr/ScoutingPFRun3/ScoutingData_2024H_TreeMakerRedone/251209_202708/0000/ScoutingTree_Output_488.root
Opened file /eos/user/a/amalhotr/ScoutingPFRun3/ScoutingData_2024H_TreeMakerRedone/251209_202708/0000/ScoutingTree_Output_488.root with 8371714 entries.
Tree opened successfully.
Total entries = 8371714

=====================================
=== Progress: 10% reached at entry 837171 ===
=====================================

=====================================
=== Progress: 20% reached at entry 1674342 ===
=====================================

=====================================
=== Progress: 30% reached at entry 2511514 ===
=====================================

=====================================
=== Progress: 40% reached at entry 3348685 ===
=====================================

=====================================
=== Progress: 50% reached at entry 4185857 ===
=====================================

=====================================
=== Progress: 60% reached at entry 5023028 ===
=====================================

=====================================
=== Progress: 70% reached at entry 5860199 ===
=====================================

=====================================
=== Progress: 80% reached at entry 6697371 ===
=====================================

=====================================
=== Progress: 90% reached at entry 7534542 ===
=====================================

Opening file: /eos/user/a/amalhotr/ScoutingPFRun3/ScoutingData_2024H_TreeMakerRedone/251209_202708/0000/ScoutingTree_Output_489.root
Opened file /eos/user/a/amalhotr/ScoutingPFRun3/ScoutingData_2024H_TreeMakerRedone/251209_202708/0000/ScoutingTree_Output_489.root with 8394260 entries.
Tree opened successfully.
Total entries = 8394260

=====================================
=== Progress: 10% reached at entry 839426 ===
=====================================

=====================================
=== Progress: 20% reached at entry 1678852 ===
=====================================

=====================================
=== Progress: 30% reached at entry 2518278 ===
=====================================

=====================================
=== Progress: 40% reached at entry 3357704 ===
=====================================

=====================================
=== Progress: 50% reached at entry 4197130 ===
=====================================

=====================================
=== Progress: 60% reached at entry 5036556 ===
=====================================

=====================================
=== Progress: 70% reached at entry 5875982 ===
=====================================

=====================================
=== Progress: 80% reached at entry 6715408 ===
=====================================

=====================================
=== Progress: 90% reached at entry 7554834 ===
=====================================

Opening file: /eos/user/a/amalhotr/ScoutingPFRun3/ScoutingData_2024H_TreeMakerRedone/251209_202708/0000/ScoutingTree_Output_48.root
Opened file /eos/user/a/amalhotr/ScoutingPFRun3/ScoutingData_2024H_TreeMakerRedone/251209_202708/0000/ScoutingTree_Output_48.root with 8786287 entries.
Tree opened successfully.
Total entries = 8786287

=====================================
=== Progress: 10% reached at entry 878628 ===
=====================================

=====================================
=== Progress: 20% reached at entry 1757257 ===
=====================================

=====================================
=== Progress: 30% reached at entry 2635886 ===
=====================================

=====================================
=== Progress: 40% reached at entry 3514514 ===
=====================================

=====================================
=== Progress: 50% reached at entry 4393143 ===
=====================================

=====================================
=== Progress: 60% reached at entry 5271772 ===
=====================================

=====================================
=== Progress: 70% reached at entry 6150400 ===
=====================================

=====================================
=== Progress: 80% reached at entry 7029029 ===
=====================================

=====================================
=== Progress: 90% reached at entry 7907658 ===
=====================================

Finished Tree2PlotsRun3 scan.
