000 (14420211.000.000) 01/26 11:38:16 Job submitted from host: <188.184.90.62:9618?addrs=188.184.90.62-9618+[2001-1458-201-e4--100-238]-9618&alias=bigbird16.cern.ch&noUDP&sock=schedd_5196_9a2f>
...
040 (14420211.000.000) 01/26 11:40:28 Started transferring input files
	Transferring to host: <188.185.206.160:9618?addrs=188.185.206.160-9618+[2001-1458-303-c--100-1d]-9618&alias=b9p06p9417.cern.ch&noUDP&sock=slot1_12_7491_d64a_116272>
...
040 (14420211.000.000) 01/26 11:40:28 Finished transferring input files
...
001 (14420211.000.000) 01/26 11:40:29 Job executing on host: <188.185.206.160:9618?addrs=188.185.206.160-9618+[2001-1458-303-c--100-1d]-9618&alias=b9p06p9417.cern.ch&noUDP&sock=startd_6247_8039>
	SlotName: slot1_12@b9p06p9417.cern.ch
	CondorScratchDir = "/pool/condor/dir_643835"
	Cpus = 1
	Disk = 3646
	GPUs = 0
	Memory = 3000
...
006 (14420211.000.000) 01/26 11:40:42 Image size of job updated: 539232
	527  -  MemoryUsage of job (MB)
	539232  -  ResidentSetSize of job (KB)
...
006 (14420211.000.000) 01/26 11:45:42 Image size of job updated: 773160
	745  -  MemoryUsage of job (MB)
	762740  -  ResidentSetSize of job (KB)
...
040 (14420211.000.000) 01/26 11:46:14 Started transferring output files
...
040 (14420211.000.000) 01/26 11:46:14 Finished transferring output files
...
005 (14420211.000.000) 01/26 11:46:14 Job terminated.
	(1) Normal termination (return value 0)
		Usr 0 00:04:05, Sys 0 00:00:10  -  Run Remote Usage
		Usr 0 00:00:00, Sys 0 00:00:00  -  Run Local Usage
		Usr 0 00:04:05, Sys 0 00:00:10  -  Total Remote Usage
		Usr 0 00:00:00, Sys 0 00:00:00  -  Total Local Usage
	12856  -  Run Bytes Sent By Job
	317  -  Run Bytes Received By Job
	12856  -  Total Bytes Sent By Job
	317  -  Total Bytes Received By Job
	Partitionable Resources :    Usage  Request Allocated 
	   Cpus                 :     0.54        1         1 
	   Disk (KB)            :    38           1      3646 
	   GPUs                 :                           0 
	   Memory (MB)          :   745        3000      3000 
	   TimeExecute (s)      :   345                       
	   TimeSlotBusy (s)     :   347                       

	Job terminated of its own accord at 2026-01-26T10:46:14Z with exit-code 0.
...
