/pool/condor/dir_2879889

Opening file: /eos/user/a/amalhotr/ScoutingPFRun3/ScoutingData_2024H_TreeMakerRedone/251209_202708/0000/ScoutingTree_Output_296.root
Opened file /eos/user/a/amalhotr/ScoutingPFRun3/ScoutingData_2024H_TreeMakerRedone/251209_202708/0000/ScoutingTree_Output_296.root with 10247838 entries.
Tree opened successfully.
Total entries = 10247838

=====================================
=== Progress: 10% reached at entry 1024783 ===
=====================================

=====================================
=== Progress: 20% reached at entry 2049567 ===
=====================================

=====================================
=== Progress: 30% reached at entry 3074351 ===
=====================================

=====================================
=== Progress: 40% reached at entry 4099135 ===
=====================================

=====================================
=== Progress: 50% reached at entry 5123919 ===
=====================================

=====================================
=== Progress: 60% reached at entry 6148702 ===
=====================================

=====================================
=== Progress: 70% reached at entry 7173486 ===
=====================================

=====================================
=== Progress: 80% reached at entry 8198270 ===
=====================================

=====================================
=== Progress: 90% reached at entry 9223054 ===
=====================================

Opening file: /eos/user/a/amalhotr/ScoutingPFRun3/ScoutingData_2024H_TreeMakerRedone/251209_202708/0000/ScoutingTree_Output_297.root
Opened file /eos/user/a/amalhotr/ScoutingPFRun3/ScoutingData_2024H_TreeMakerRedone/251209_202708/0000/ScoutingTree_Output_297.root with 11074773 entries.
Tree opened successfully.
Total entries = 11074773

=====================================
=== Progress: 10% reached at entry 1107477 ===
=====================================

=====================================
=== Progress: 20% reached at entry 2214954 ===
=====================================

=====================================
=== Progress: 30% reached at entry 3322431 ===
=====================================

=====================================
=== Progress: 40% reached at entry 4429909 ===
=====================================

=====================================
=== Progress: 50% reached at entry 5537386 ===
=====================================

=====================================
=== Progress: 60% reached at entry 6644863 ===
=====================================

=====================================
=== Progress: 70% reached at entry 7752341 ===
=====================================

=====================================
=== Progress: 80% reached at entry 8859818 ===
=====================================

=====================================
=== Progress: 90% reached at entry 9967295 ===
=====================================

Opening file: /eos/user/a/amalhotr/ScoutingPFRun3/ScoutingData_2024H_TreeMakerRedone/251209_202708/0000/ScoutingTree_Output_298.root
Opened file /eos/user/a/amalhotr/ScoutingPFRun3/ScoutingData_2024H_TreeMakerRedone/251209_202708/0000/ScoutingTree_Output_298.root with 11221381 entries.
Tree opened successfully.
Total entries = 11221381

=====================================
=== Progress: 10% reached at entry 1122138 ===
=====================================

=====================================
=== Progress: 20% reached at entry 2244276 ===
=====================================

=====================================
=== Progress: 30% reached at entry 3366414 ===
=====================================

=====================================
=== Progress: 40% reached at entry 4488552 ===
=====================================

=====================================
=== Progress: 50% reached at entry 5610690 ===
=====================================

=====================================
=== Progress: 60% reached at entry 6732828 ===
=====================================

=====================================
=== Progress: 70% reached at entry 7854966 ===
=====================================

=====================================
=== Progress: 80% reached at entry 8977104 ===
=====================================

=====================================
=== Progress: 90% reached at entry 10099242 ===
=====================================

Opening file: /eos/user/a/amalhotr/ScoutingPFRun3/ScoutingData_2024H_TreeMakerRedone/251209_202708/0000/ScoutingTree_Output_299.root
Opened file /eos/user/a/amalhotr/ScoutingPFRun3/ScoutingData_2024H_TreeMakerRedone/251209_202708/0000/ScoutingTree_Output_299.root with 11125255 entries.
Tree opened successfully.
Total entries = 11125255

=====================================
=== Progress: 10% reached at entry 1112525 ===
=====================================

=====================================
=== Progress: 20% reached at entry 2225051 ===
=====================================

=====================================
=== Progress: 30% reached at entry 3337576 ===
=====================================

=====================================
=== Progress: 40% reached at entry 4450102 ===
=====================================

=====================================
=== Progress: 50% reached at entry 5562627 ===
=====================================

=====================================
=== Progress: 60% reached at entry 6675153 ===
=====================================

=====================================
=== Progress: 70% reached at entry 7787678 ===
=====================================

=====================================
=== Progress: 80% reached at entry 8900204 ===
=====================================

=====================================
=== Progress: 90% reached at entry 10012729 ===
=====================================

Finished Tree2PlotsRun3 scan.
