000 (14419828.000.000) 01/26 11:19:07 Job submitted from host: <188.184.90.62:9618?addrs=188.184.90.62-9618+[2001-1458-201-e4--100-238]-9618&alias=bigbird16.cern.ch&noUDP&sock=schedd_5196_9a2f>
...
040 (14419828.000.000) 01/26 11:19:38 Started transferring input files
	Transferring to host: <188.185.192.60:9618?addrs=188.185.192.60-9618+[2001-1458-303-1f--100-38]-9618&alias=b9p13p7661.cern.ch&noUDP&sock=slot1_21_11630_2312_127163>
...
040 (14419828.000.000) 01/26 11:19:38 Finished transferring input files
...
001 (14419828.000.000) 01/26 11:19:39 Job executing on host: <188.185.192.60:9618?addrs=188.185.192.60-9618+[2001-1458-303-1f--100-38]-9618&alias=b9p13p7661.cern.ch&noUDP&sock=startd_10017_6844>
	SlotName: slot1_21@b9p13p7661.cern.ch
	CondorScratchDir = "/pool/condor/dir_553373"
	Cpus = 1
	Disk = 3852
	GPUs = 0
	Memory = 3000
...
006 (14419828.000.000) 01/26 11:19:52 Image size of job updated: 156156
	153  -  MemoryUsage of job (MB)
	156156  -  ResidentSetSize of job (KB)
...
006 (14419828.000.000) 01/26 11:24:52 Image size of job updated: 801912
	776  -  MemoryUsage of job (MB)
	793992  -  ResidentSetSize of job (KB)
...
040 (14419828.000.000) 01/26 11:27:39 Started transferring output files
...
040 (14419828.000.000) 01/26 11:27:39 Finished transferring output files
...
005 (14419828.000.000) 01/26 11:27:39 Job terminated.
	(1) Normal termination (return value 0)
		Usr 0 00:06:23, Sys 0 00:00:09  -  Run Remote Usage
		Usr 0 00:00:00, Sys 0 00:00:00  -  Run Local Usage
		Usr 0 00:06:23, Sys 0 00:00:09  -  Total Remote Usage
		Usr 0 00:00:00, Sys 0 00:00:00  -  Total Local Usage
	13165  -  Run Bytes Sent By Job
	317  -  Run Bytes Received By Job
	13165  -  Total Bytes Sent By Job
	317  -  Total Bytes Received By Job
	Partitionable Resources :    Usage  Request Allocated 
	   Cpus                 :        0        1         1 
	   Disk (KB)            :       36        1      3852 
	   GPUs                 :                           0 
	   Memory (MB)          :      776     3000      3000 
	   TimeExecute (s)      :      480                    
	   TimeSlotBusy (s)     :      482                    

	Job terminated of its own accord at 2026-01-26T10:27:39Z with exit-code 0.
...
