/pool/condor/dir_791385

Opening file: /eos/user/a/amalhotr/ScoutingPFRun3/ScoutingData_2024H_TreeMakerRedone/251209_202708/0000/ScoutingTree_Output_649.root
Opened file /eos/user/a/amalhotr/ScoutingPFRun3/ScoutingData_2024H_TreeMakerRedone/251209_202708/0000/ScoutingTree_Output_649.root with 8305576 entries.
Tree opened successfully.
Total entries = 8305576

=====================================
=== Progress: 10% reached at entry 830557 ===
=====================================

=====================================
=== Progress: 20% reached at entry 1661115 ===
=====================================

=====================================
=== Progress: 30% reached at entry 2491672 ===
=====================================

=====================================
=== Progress: 40% reached at entry 3322230 ===
=====================================

=====================================
=== Progress: 50% reached at entry 4152788 ===
=====================================

=====================================
=== Progress: 60% reached at entry 4983345 ===
=====================================

=====================================
=== Progress: 70% reached at entry 5813903 ===
=====================================

=====================================
=== Progress: 80% reached at entry 6644460 ===
=====================================

=====================================
=== Progress: 90% reached at entry 7475018 ===
=====================================

Opening file: /eos/user/a/amalhotr/ScoutingPFRun3/ScoutingData_2024H_TreeMakerRedone/251209_202708/0000/ScoutingTree_Output_64.root
Opened file /eos/user/a/amalhotr/ScoutingPFRun3/ScoutingData_2024H_TreeMakerRedone/251209_202708/0000/ScoutingTree_Output_64.root with 7176326 entries.
Tree opened successfully.
Total entries = 7176326

=====================================
=== Progress: 10% reached at entry 717632 ===
=====================================

=====================================
=== Progress: 20% reached at entry 1435265 ===
=====================================

=====================================
=== Progress: 30% reached at entry 2152897 ===
=====================================

=====================================
=== Progress: 40% reached at entry 2870530 ===
=====================================

=====================================
=== Progress: 50% reached at entry 3588163 ===
=====================================

=====================================
=== Progress: 60% reached at entry 4305795 ===
=====================================

=====================================
=== Progress: 70% reached at entry 5023428 ===
=====================================

=====================================
=== Progress: 80% reached at entry 5741060 ===
=====================================

=====================================
=== Progress: 90% reached at entry 6458693 ===
=====================================

Opening file: /eos/user/a/amalhotr/ScoutingPFRun3/ScoutingData_2024H_TreeMakerRedone/251209_202708/0000/ScoutingTree_Output_650.root
Opened file /eos/user/a/amalhotr/ScoutingPFRun3/ScoutingData_2024H_TreeMakerRedone/251209_202708/0000/ScoutingTree_Output_650.root with 8336350 entries.
Tree opened successfully.
Total entries = 8336350

=====================================
=== Progress: 10% reached at entry 833635 ===
=====================================

=====================================
=== Progress: 20% reached at entry 1667270 ===
=====================================

=====================================
=== Progress: 30% reached at entry 2500905 ===
=====================================

=====================================
=== Progress: 40% reached at entry 3334540 ===
=====================================

=====================================
=== Progress: 50% reached at entry 4168175 ===
=====================================

=====================================
=== Progress: 60% reached at entry 5001810 ===
=====================================

=====================================
=== Progress: 70% reached at entry 5835445 ===
=====================================

=====================================
=== Progress: 80% reached at entry 6669080 ===
=====================================

=====================================
=== Progress: 90% reached at entry 7502715 ===
=====================================

Opening file: /eos/user/a/amalhotr/ScoutingPFRun3/ScoutingData_2024H_TreeMakerRedone/251209_202708/0000/ScoutingTree_Output_651.root
Opened file /eos/user/a/amalhotr/ScoutingPFRun3/ScoutingData_2024H_TreeMakerRedone/251209_202708/0000/ScoutingTree_Output_651.root with 8332128 entries.
Tree opened successfully.
Total entries = 8332128

=====================================
=== Progress: 10% reached at entry 833212 ===
=====================================

=====================================
=== Progress: 20% reached at entry 1666425 ===
=====================================

=====================================
=== Progress: 30% reached at entry 2499638 ===
=====================================

=====================================
=== Progress: 40% reached at entry 3332851 ===
=====================================

=====================================
=== Progress: 50% reached at entry 4166064 ===
=====================================

=====================================
=== Progress: 60% reached at entry 4999276 ===
=====================================

=====================================
=== Progress: 70% reached at entry 5832489 ===
=====================================

=====================================
=== Progress: 80% reached at entry 6665702 ===
=====================================

=====================================
=== Progress: 90% reached at entry 7498915 ===
=====================================

Finished Tree2PlotsRun3 scan.
