/pool/condor/dir_2427484

Opening file: /eos/user/a/amalhotr/ScoutingPFRun3/ScoutingData_2024H_TreeMakerRedone/251209_202708/0000/ScoutingTree_Output_465.root
Opened file /eos/user/a/amalhotr/ScoutingPFRun3/ScoutingData_2024H_TreeMakerRedone/251209_202708/0000/ScoutingTree_Output_465.root with 8392219 entries.
Tree opened successfully.
Total entries = 8392219

=====================================
=== Progress: 10% reached at entry 839221 ===
=====================================

=====================================
=== Progress: 20% reached at entry 1678443 ===
=====================================

=====================================
=== Progress: 30% reached at entry 2517665 ===
=====================================

=====================================
=== Progress: 40% reached at entry 3356887 ===
=====================================

=====================================
=== Progress: 50% reached at entry 4196109 ===
=====================================

=====================================
=== Progress: 60% reached at entry 5035331 ===
=====================================

=====================================
=== Progress: 70% reached at entry 5874553 ===
=====================================

=====================================
=== Progress: 80% reached at entry 6713775 ===
=====================================

=====================================
=== Progress: 90% reached at entry 7552997 ===
=====================================

Opening file: /eos/user/a/amalhotr/ScoutingPFRun3/ScoutingData_2024H_TreeMakerRedone/251209_202708/0000/ScoutingTree_Output_466.root
Opened file /eos/user/a/amalhotr/ScoutingPFRun3/ScoutingData_2024H_TreeMakerRedone/251209_202708/0000/ScoutingTree_Output_466.root with 8396222 entries.
Tree opened successfully.
Total entries = 8396222

=====================================
=== Progress: 10% reached at entry 839622 ===
=====================================

=====================================
=== Progress: 20% reached at entry 1679244 ===
=====================================

=====================================
=== Progress: 30% reached at entry 2518866 ===
=====================================

=====================================
=== Progress: 40% reached at entry 3358488 ===
=====================================

=====================================
=== Progress: 50% reached at entry 4198111 ===
=====================================

=====================================
=== Progress: 60% reached at entry 5037733 ===
=====================================

=====================================
=== Progress: 70% reached at entry 5877355 ===
=====================================

=====================================
=== Progress: 80% reached at entry 6716977 ===
=====================================

=====================================
=== Progress: 90% reached at entry 7556599 ===
=====================================

Opening file: /eos/user/a/amalhotr/ScoutingPFRun3/ScoutingData_2024H_TreeMakerRedone/251209_202708/0000/ScoutingTree_Output_467.root
Opened file /eos/user/a/amalhotr/ScoutingPFRun3/ScoutingData_2024H_TreeMakerRedone/251209_202708/0000/ScoutingTree_Output_467.root with 8397757 entries.
Tree opened successfully.
Total entries = 8397757

=====================================
=== Progress: 10% reached at entry 839775 ===
=====================================

=====================================
=== Progress: 20% reached at entry 1679551 ===
=====================================

=====================================
=== Progress: 30% reached at entry 2519327 ===
=====================================

=====================================
=== Progress: 40% reached at entry 3359102 ===
=====================================

=====================================
=== Progress: 50% reached at entry 4198878 ===
=====================================

=====================================
=== Progress: 60% reached at entry 5038654 ===
=====================================

=====================================
=== Progress: 70% reached at entry 5878429 ===
=====================================

=====================================
=== Progress: 80% reached at entry 6718205 ===
=====================================

=====================================
=== Progress: 90% reached at entry 7557981 ===
=====================================

Opening file: /eos/user/a/amalhotr/ScoutingPFRun3/ScoutingData_2024H_TreeMakerRedone/251209_202708/0000/ScoutingTree_Output_468.root
Opened file /eos/user/a/amalhotr/ScoutingPFRun3/ScoutingData_2024H_TreeMakerRedone/251209_202708/0000/ScoutingTree_Output_468.root with 8329656 entries.
Tree opened successfully.
Total entries = 8329656

=====================================
=== Progress: 10% reached at entry 832965 ===
=====================================

=====================================
=== Progress: 20% reached at entry 1665931 ===
=====================================

=====================================
=== Progress: 30% reached at entry 2498896 ===
=====================================

=====================================
=== Progress: 40% reached at entry 3331862 ===
=====================================

=====================================
=== Progress: 50% reached at entry 4164828 ===
=====================================

=====================================
=== Progress: 60% reached at entry 4997793 ===
=====================================

=====================================
=== Progress: 70% reached at entry 5830759 ===
=====================================

=====================================
=== Progress: 80% reached at entry 6663724 ===
=====================================

=====================================
=== Progress: 90% reached at entry 7496690 ===
=====================================

Finished Tree2PlotsRun3 scan.
