/pool/condor/dir_3118232

Opening file: /eos/user/a/amalhotr/ScoutingPFRun3/ScoutingData_2024H_TreeMakerRedone/251209_202708/0000/ScoutingTree_Output_915.root
Opened file /eos/user/a/amalhotr/ScoutingPFRun3/ScoutingData_2024H_TreeMakerRedone/251209_202708/0000/ScoutingTree_Output_915.root with 8093576 entries.
Tree opened successfully.
Total entries = 8093576

=====================================
=== Progress: 10% reached at entry 809357 ===
=====================================

=====================================
=== Progress: 20% reached at entry 1618715 ===
=====================================

=====================================
=== Progress: 30% reached at entry 2428072 ===
=====================================

=====================================
=== Progress: 40% reached at entry 3237430 ===
=====================================

=====================================
=== Progress: 50% reached at entry 4046788 ===
=====================================

=====================================
=== Progress: 60% reached at entry 4856145 ===
=====================================

=====================================
=== Progress: 70% reached at entry 5665503 ===
=====================================

=====================================
=== Progress: 80% reached at entry 6474860 ===
=====================================

=====================================
=== Progress: 90% reached at entry 7284218 ===
=====================================

Opening file: /eos/user/a/amalhotr/ScoutingPFRun3/ScoutingData_2024H_TreeMakerRedone/251209_202708/0000/ScoutingTree_Output_916.root
Opened file /eos/user/a/amalhotr/ScoutingPFRun3/ScoutingData_2024H_TreeMakerRedone/251209_202708/0000/ScoutingTree_Output_916.root with 8177689 entries.
Tree opened successfully.
Total entries = 8177689

=====================================
=== Progress: 10% reached at entry 817768 ===
=====================================

=====================================
=== Progress: 20% reached at entry 1635537 ===
=====================================

=====================================
=== Progress: 30% reached at entry 2453306 ===
=====================================

=====================================
=== Progress: 40% reached at entry 3271075 ===
=====================================

=====================================
=== Progress: 50% reached at entry 4088844 ===
=====================================

=====================================
=== Progress: 60% reached at entry 4906613 ===
=====================================

=====================================
=== Progress: 70% reached at entry 5724382 ===
=====================================

=====================================
=== Progress: 80% reached at entry 6542151 ===
=====================================

=====================================
=== Progress: 90% reached at entry 7359920 ===
=====================================

Opening file: /eos/user/a/amalhotr/ScoutingPFRun3/ScoutingData_2024H_TreeMakerRedone/251209_202708/0000/ScoutingTree_Output_917.root
Opened file /eos/user/a/amalhotr/ScoutingPFRun3/ScoutingData_2024H_TreeMakerRedone/251209_202708/0000/ScoutingTree_Output_917.root with 3331563 entries.
Tree opened successfully.
Total entries = 3331563

=====================================
=== Progress: 10% reached at entry 333156 ===
=====================================

=====================================
=== Progress: 20% reached at entry 666312 ===
=====================================

=====================================
=== Progress: 30% reached at entry 999468 ===
=====================================

=====================================
=== Progress: 40% reached at entry 1332625 ===
=====================================

=====================================
=== Progress: 50% reached at entry 1665781 ===
=====================================

=====================================
=== Progress: 60% reached at entry 1998937 ===
=====================================

=====================================
=== Progress: 70% reached at entry 2332094 ===
=====================================

=====================================
=== Progress: 80% reached at entry 2665250 ===
=====================================

=====================================
=== Progress: 90% reached at entry 2998406 ===
=====================================

Opening file: /eos/user/a/amalhotr/ScoutingPFRun3/ScoutingData_2024H_TreeMakerRedone/251209_202708/0000/ScoutingTree_Output_918.root
Opened file /eos/user/a/amalhotr/ScoutingPFRun3/ScoutingData_2024H_TreeMakerRedone/251209_202708/0000/ScoutingTree_Output_918.root with 0 entries.
Tree opened successfully.
Total entries = 0

Finished Tree2PlotsRun3 scan.
