/pool/condor/dir_314250

Opening file: /eos/user/a/amalhotr/ScoutingPFRun3/ScoutingData_2024H_TreeMakerRedone/251209_202708/0000/ScoutingTree_Output_47.root
Opened file /eos/user/a/amalhotr/ScoutingPFRun3/ScoutingData_2024H_TreeMakerRedone/251209_202708/0000/ScoutingTree_Output_47.root with 9651193 entries.
Tree opened successfully.
Total entries = 9651193

=====================================
=== Progress: 10% reached at entry 965119 ===
=====================================

=====================================
=== Progress: 20% reached at entry 1930238 ===
=====================================

=====================================
=== Progress: 30% reached at entry 2895357 ===
=====================================

=====================================
=== Progress: 40% reached at entry 3860477 ===
=====================================

=====================================
=== Progress: 50% reached at entry 4825596 ===
=====================================

=====================================
=== Progress: 60% reached at entry 5790715 ===
=====================================

=====================================
=== Progress: 70% reached at entry 6755835 ===
=====================================

=====================================
=== Progress: 80% reached at entry 7720954 ===
=====================================

=====================================
=== Progress: 90% reached at entry 8686073 ===
=====================================

Opening file: /eos/user/a/amalhotr/ScoutingPFRun3/ScoutingData_2024H_TreeMakerRedone/251209_202708/0000/ScoutingTree_Output_480.root
Opened file /eos/user/a/amalhotr/ScoutingPFRun3/ScoutingData_2024H_TreeMakerRedone/251209_202708/0000/ScoutingTree_Output_480.root with 8197768 entries.
Tree opened successfully.
Total entries = 8197768

=====================================
=== Progress: 10% reached at entry 819776 ===
=====================================

=====================================
=== Progress: 20% reached at entry 1639553 ===
=====================================

=====================================
=== Progress: 30% reached at entry 2459330 ===
=====================================

=====================================
=== Progress: 40% reached at entry 3279107 ===
=====================================

=====================================
=== Progress: 50% reached at entry 4098884 ===
=====================================

=====================================
=== Progress: 60% reached at entry 4918660 ===
=====================================

=====================================
=== Progress: 70% reached at entry 5738437 ===
=====================================

=====================================
=== Progress: 80% reached at entry 6558214 ===
=====================================

=====================================
=== Progress: 90% reached at entry 7377991 ===
=====================================

Opening file: /eos/user/a/amalhotr/ScoutingPFRun3/ScoutingData_2024H_TreeMakerRedone/251209_202708/0000/ScoutingTree_Output_481.root
Opened file /eos/user/a/amalhotr/ScoutingPFRun3/ScoutingData_2024H_TreeMakerRedone/251209_202708/0000/ScoutingTree_Output_481.root with 8345638 entries.
Tree opened successfully.
Total entries = 8345638

=====================================
=== Progress: 10% reached at entry 834563 ===
=====================================

=====================================
=== Progress: 20% reached at entry 1669127 ===
=====================================

=====================================
=== Progress: 30% reached at entry 2503691 ===
=====================================

=====================================
=== Progress: 40% reached at entry 3338255 ===
=====================================

=====================================
=== Progress: 50% reached at entry 4172819 ===
=====================================

=====================================
=== Progress: 60% reached at entry 5007382 ===
=====================================

=====================================
=== Progress: 70% reached at entry 5841946 ===
=====================================

=====================================
=== Progress: 80% reached at entry 6676510 ===
=====================================

=====================================
=== Progress: 90% reached at entry 7511074 ===
=====================================

Opening file: /eos/user/a/amalhotr/ScoutingPFRun3/ScoutingData_2024H_TreeMakerRedone/251209_202708/0000/ScoutingTree_Output_482.root
Opened file /eos/user/a/amalhotr/ScoutingPFRun3/ScoutingData_2024H_TreeMakerRedone/251209_202708/0000/ScoutingTree_Output_482.root with 8183190 entries.
Tree opened successfully.
Total entries = 8183190

=====================================
=== Progress: 10% reached at entry 818319 ===
=====================================

=====================================
=== Progress: 20% reached at entry 1636638 ===
=====================================

=====================================
=== Progress: 30% reached at entry 2454957 ===
=====================================

=====================================
=== Progress: 40% reached at entry 3273276 ===
=====================================

=====================================
=== Progress: 50% reached at entry 4091595 ===
=====================================

=====================================
=== Progress: 60% reached at entry 4909914 ===
=====================================

=====================================
=== Progress: 70% reached at entry 5728233 ===
=====================================

=====================================
=== Progress: 80% reached at entry 6546552 ===
=====================================

=====================================
=== Progress: 90% reached at entry 7364871 ===
=====================================

Finished Tree2PlotsRun3 scan.
