000 (14420210.000.000) 01/26 11:38:16 Job submitted from host: <188.184.90.62:9618?addrs=188.184.90.62-9618+[2001-1458-201-e4--100-238]-9618&alias=bigbird16.cern.ch&noUDP&sock=schedd_5196_9a2f>
...
040 (14420210.000.000) 01/26 11:40:27 Started transferring input files
	Transferring to host: <188.185.210.36:9618?addrs=188.185.210.36-9618+[2001-1458-303-1--100-20]-9618&alias=b9p21p5630.cern.ch&noUDP&sock=slot1_7_5700_ea61_140381>
...
040 (14420210.000.000) 01/26 11:40:27 Finished transferring input files
...
001 (14420210.000.000) 01/26 11:40:28 Job executing on host: <188.185.210.36:9618?addrs=188.185.210.36-9618+[2001-1458-303-1--100-20]-9618&alias=b9p21p5630.cern.ch&noUDP&sock=startd_4733_05d6>
	SlotName: slot1_7@b9p21p5630.cern.ch
	CondorScratchDir = "/pool/condor/dir_3538271"
	Cpus = 1
	Disk = 3820
	GPUs = 0
	Memory = 3000
...
006 (14420210.000.000) 01/26 11:40:42 Image size of job updated: 52604
	52  -  MemoryUsage of job (MB)
	52604  -  ResidentSetSize of job (KB)
...
006 (14420210.000.000) 01/26 11:45:43 Image size of job updated: 797708
	779  -  MemoryUsage of job (MB)
	797036  -  ResidentSetSize of job (KB)
...
040 (14420210.000.000) 01/26 11:48:56 Started transferring output files
...
040 (14420210.000.000) 01/26 11:48:56 Finished transferring output files
...
005 (14420210.000.000) 01/26 11:48:56 Job terminated.
	(1) Normal termination (return value 0)
		Usr 0 00:05:16, Sys 0 00:00:14  -  Run Remote Usage
		Usr 0 00:00:00, Sys 0 00:00:00  -  Run Local Usage
		Usr 0 00:05:16, Sys 0 00:00:14  -  Total Remote Usage
		Usr 0 00:00:00, Sys 0 00:00:00  -  Total Local Usage
	13013  -  Run Bytes Sent By Job
	317  -  Run Bytes Received By Job
	13013  -  Total Bytes Sent By Job
	317  -  Total Bytes Received By Job
	Partitionable Resources :    Usage  Request Allocated 
	   Cpus                 :     0.51        1         1 
	   Disk (KB)            :    36           1      3820 
	   GPUs                 :                           0 
	   Memory (MB)          :   779        3000      3000 
	   TimeExecute (s)      :   508                       
	   TimeSlotBusy (s)     :   510                       

	Job terminated of its own accord at 2026-01-26T10:48:56Z with exit-code 0.
...
