/pool/condor/dir_4130821

Opening file: /eos/user/a/amalhotr/ScoutingPFRun3/ScoutingData_2024H_TreeMakerRedone/251209_202708/0000/ScoutingTree_Output_898.root
Opened file /eos/user/a/amalhotr/ScoutingPFRun3/ScoutingData_2024H_TreeMakerRedone/251209_202708/0000/ScoutingTree_Output_898.root with 8207456 entries.
Tree opened successfully.
Total entries = 8207456

=====================================
=== Progress: 10% reached at entry 820745 ===
=====================================

=====================================
=== Progress: 20% reached at entry 1641491 ===
=====================================

=====================================
=== Progress: 30% reached at entry 2462236 ===
=====================================

=====================================
=== Progress: 40% reached at entry 3282982 ===
=====================================

=====================================
=== Progress: 50% reached at entry 4103728 ===
=====================================

=====================================
=== Progress: 60% reached at entry 4924473 ===
=====================================

=====================================
=== Progress: 70% reached at entry 5745219 ===
=====================================

=====================================
=== Progress: 80% reached at entry 6565964 ===
=====================================

=====================================
=== Progress: 90% reached at entry 7386710 ===
=====================================

Opening file: /eos/user/a/amalhotr/ScoutingPFRun3/ScoutingData_2024H_TreeMakerRedone/251209_202708/0000/ScoutingTree_Output_899.root
Opened file /eos/user/a/amalhotr/ScoutingPFRun3/ScoutingData_2024H_TreeMakerRedone/251209_202708/0000/ScoutingTree_Output_899.root with 7973622 entries.
Tree opened successfully.
Total entries = 7973622

=====================================
=== Progress: 10% reached at entry 797362 ===
=====================================

=====================================
=== Progress: 20% reached at entry 1594724 ===
=====================================

=====================================
=== Progress: 30% reached at entry 2392086 ===
=====================================

=====================================
=== Progress: 40% reached at entry 3189448 ===
=====================================

=====================================
=== Progress: 50% reached at entry 3986811 ===
=====================================

=====================================
=== Progress: 60% reached at entry 4784173 ===
=====================================

=====================================
=== Progress: 70% reached at entry 5581535 ===
=====================================

=====================================
=== Progress: 80% reached at entry 6378897 ===
=====================================

=====================================
=== Progress: 90% reached at entry 7176259 ===
=====================================

Opening file: /eos/user/a/amalhotr/ScoutingPFRun3/ScoutingData_2024H_TreeMakerRedone/251209_202708/0000/ScoutingTree_Output_89.root
Opened file /eos/user/a/amalhotr/ScoutingPFRun3/ScoutingData_2024H_TreeMakerRedone/251209_202708/0000/ScoutingTree_Output_89.root with 8365740 entries.
Tree opened successfully.
Total entries = 8365740

=====================================
=== Progress: 10% reached at entry 836574 ===
=====================================

=====================================
=== Progress: 20% reached at entry 1673148 ===
=====================================

=====================================
=== Progress: 30% reached at entry 2509722 ===
=====================================

=====================================
=== Progress: 40% reached at entry 3346296 ===
=====================================

=====================================
=== Progress: 50% reached at entry 4182870 ===
=====================================

=====================================
=== Progress: 60% reached at entry 5019444 ===
=====================================

=====================================
=== Progress: 70% reached at entry 5856018 ===
=====================================

=====================================
=== Progress: 80% reached at entry 6692592 ===
=====================================

=====================================
=== Progress: 90% reached at entry 7529166 ===
=====================================

Opening file: /eos/user/a/amalhotr/ScoutingPFRun3/ScoutingData_2024H_TreeMakerRedone/251209_202708/0000/ScoutingTree_Output_8.root
Opened file /eos/user/a/amalhotr/ScoutingPFRun3/ScoutingData_2024H_TreeMakerRedone/251209_202708/0000/ScoutingTree_Output_8.root with 8315906 entries.
Tree opened successfully.
Total entries = 8315906

=====================================
=== Progress: 10% reached at entry 831590 ===
=====================================

=====================================
=== Progress: 20% reached at entry 1663181 ===
=====================================

=====================================
=== Progress: 30% reached at entry 2494771 ===
=====================================

=====================================
=== Progress: 40% reached at entry 3326362 ===
=====================================

=====================================
=== Progress: 50% reached at entry 4157953 ===
=====================================

=====================================
=== Progress: 60% reached at entry 4989543 ===
=====================================

=====================================
=== Progress: 70% reached at entry 5821134 ===
=====================================

=====================================
=== Progress: 80% reached at entry 6652724 ===
=====================================

=====================================
=== Progress: 90% reached at entry 7484315 ===
=====================================

Finished Tree2PlotsRun3 scan.
