000 (14418834.000.000) 01/26 10:30:00 Job submitted from host: <188.184.90.62:9618?addrs=188.184.90.62-9618+[2001-1458-201-e4--100-238]-9618&alias=bigbird16.cern.ch&noUDP&sock=schedd_5196_9a2f>
...
040 (14418834.000.000) 01/26 10:31:54 Started transferring input files
	Transferring to host: <128.142.161.99:9618?addrs=128.142.161.99-9618+[2001-1458-301-b8--100-21]-9618&alias=b9g03p3189.cern.ch&noUDP&sock=slot1_4_3298440_1eeb_155368>
...
040 (14418834.000.000) 01/26 10:31:54 Finished transferring input files
...
001 (14418834.000.000) 01/26 10:31:55 Job executing on host: <128.142.161.99:9618?addrs=128.142.161.99-9618+[2001-1458-301-b8--100-21]-9618&alias=b9g03p3189.cern.ch&noUDP&sock=startd_4979_c222>
	SlotName: slot1_4@b9g03p3189.cern.ch
	CondorScratchDir = "/pool/condor/dir_1144786"
	Cpus = 1
	Disk = 3865
	GPUs = 0
	Memory = 3000
...
006 (14418834.000.000) 01/26 10:32:08 Image size of job updated: 23012
	23  -  MemoryUsage of job (MB)
	23012  -  ResidentSetSize of job (KB)
...
006 (14418834.000.000) 01/26 10:37:08 Image size of job updated: 773308
	756  -  MemoryUsage of job (MB)
	773308  -  ResidentSetSize of job (KB)
...
006 (14418834.000.000) 01/26 10:40:00 Image size of job updated: 780132
	756  -  MemoryUsage of job (MB)
	773308  -  ResidentSetSize of job (KB)
...
040 (14418834.000.000) 01/26 10:40:00 Started transferring output files
...
040 (14418834.000.000) 01/26 10:40:00 Finished transferring output files
...
005 (14418834.000.000) 01/26 10:40:00 Job terminated.
	(1) Normal termination (return value 0)
		Usr 0 00:05:57, Sys 0 00:00:08  -  Run Remote Usage
		Usr 0 00:00:00, Sys 0 00:00:00  -  Run Local Usage
		Usr 0 00:05:57, Sys 0 00:00:08  -  Total Remote Usage
		Usr 0 00:00:00, Sys 0 00:00:00  -  Total Local Usage
	13179  -  Run Bytes Sent By Job
	317  -  Run Bytes Received By Job
	13179  -  Total Bytes Sent By Job
	317  -  Total Bytes Received By Job
	Partitionable Resources :    Usage  Request Allocated 
	   Cpus                 :        0        1         1 
	   Disk (KB)            :       36        1      3865 
	   GPUs                 :                           0 
	   Memory (MB)          :      756     3000      3000 
	   TimeExecute (s)      :      485                    
	   TimeSlotBusy (s)     :      487                    

	Job terminated of its own accord at 2026-01-26T09:40:00Z with exit-code 0.
...
