/pool/condor/dir_106862

Opening file: /eos/user/a/amalhotr/ScoutingPFRun3/ScoutingData_2024H_TreeMakerRedone/251209_202708/0000/ScoutingTree_Output_469.root
Opened file /eos/user/a/amalhotr/ScoutingPFRun3/ScoutingData_2024H_TreeMakerRedone/251209_202708/0000/ScoutingTree_Output_469.root with 8369933 entries.
Tree opened successfully.
Total entries = 8369933

=====================================
=== Progress: 10% reached at entry 836993 ===
=====================================

=====================================
=== Progress: 20% reached at entry 1673986 ===
=====================================

=====================================
=== Progress: 30% reached at entry 2510979 ===
=====================================

=====================================
=== Progress: 40% reached at entry 3347973 ===
=====================================

=====================================
=== Progress: 50% reached at entry 4184966 ===
=====================================

=====================================
=== Progress: 60% reached at entry 5021959 ===
=====================================

=====================================
=== Progress: 70% reached at entry 5858953 ===
=====================================

=====================================
=== Progress: 80% reached at entry 6695946 ===
=====================================

=====================================
=== Progress: 90% reached at entry 7532939 ===
=====================================

Opening file: /eos/user/a/amalhotr/ScoutingPFRun3/ScoutingData_2024H_TreeMakerRedone/251209_202708/0000/ScoutingTree_Output_46.root
Opened file /eos/user/a/amalhotr/ScoutingPFRun3/ScoutingData_2024H_TreeMakerRedone/251209_202708/0000/ScoutingTree_Output_46.root with 8777742 entries.
Tree opened successfully.
Total entries = 8777742

=====================================
=== Progress: 10% reached at entry 877774 ===
=====================================

=====================================
=== Progress: 20% reached at entry 1755548 ===
=====================================

=====================================
=== Progress: 30% reached at entry 2633322 ===
=====================================

=====================================
=== Progress: 40% reached at entry 3511096 ===
=====================================

=====================================
=== Progress: 50% reached at entry 4388871 ===
=====================================

=====================================
=== Progress: 60% reached at entry 5266645 ===
=====================================

=====================================
=== Progress: 70% reached at entry 6144419 ===
=====================================

=====================================
=== Progress: 80% reached at entry 7022193 ===
=====================================

=====================================
=== Progress: 90% reached at entry 7899967 ===
=====================================

Opening file: /eos/user/a/amalhotr/ScoutingPFRun3/ScoutingData_2024H_TreeMakerRedone/251209_202708/0000/ScoutingTree_Output_470.root
Opened file /eos/user/a/amalhotr/ScoutingPFRun3/ScoutingData_2024H_TreeMakerRedone/251209_202708/0000/ScoutingTree_Output_470.root with 8235905 entries.
Tree opened successfully.
Total entries = 8235905

=====================================
=== Progress: 10% reached at entry 823590 ===
=====================================

=====================================
=== Progress: 20% reached at entry 1647181 ===
=====================================

=====================================
=== Progress: 30% reached at entry 2470771 ===
=====================================

=====================================
=== Progress: 40% reached at entry 3294362 ===
=====================================

=====================================
=== Progress: 50% reached at entry 4117952 ===
=====================================

=====================================
=== Progress: 60% reached at entry 4941543 ===
=====================================

=====================================
=== Progress: 70% reached at entry 5765133 ===
=====================================

=====================================
=== Progress: 80% reached at entry 6588724 ===
=====================================

=====================================
=== Progress: 90% reached at entry 7412314 ===
=====================================

Opening file: /eos/user/a/amalhotr/ScoutingPFRun3/ScoutingData_2024H_TreeMakerRedone/251209_202708/0000/ScoutingTree_Output_471.root
Opened file /eos/user/a/amalhotr/ScoutingPFRun3/ScoutingData_2024H_TreeMakerRedone/251209_202708/0000/ScoutingTree_Output_471.root with 8282865 entries.
Tree opened successfully.
Total entries = 8282865

=====================================
=== Progress: 10% reached at entry 828286 ===
=====================================

=====================================
=== Progress: 20% reached at entry 1656573 ===
=====================================

=====================================
=== Progress: 30% reached at entry 2484859 ===
=====================================

=====================================
=== Progress: 40% reached at entry 3313146 ===
=====================================

=====================================
=== Progress: 50% reached at entry 4141432 ===
=====================================

=====================================
=== Progress: 60% reached at entry 4969719 ===
=====================================

=====================================
=== Progress: 70% reached at entry 5798005 ===
=====================================

=====================================
=== Progress: 80% reached at entry 6626292 ===
=====================================

=====================================
=== Progress: 90% reached at entry 7454578 ===
=====================================

Finished Tree2PlotsRun3 scan.
