000 (14419825.000.000) 01/26 11:19:06 Job submitted from host: <188.184.90.62:9618?addrs=188.184.90.62-9618+[2001-1458-201-e4--100-238]-9618&alias=bigbird16.cern.ch&noUDP&sock=schedd_5196_9a2f>
...
040 (14419825.000.000) 01/26 11:19:39 Started transferring input files
	Transferring to host: <188.185.192.28:9618?addrs=188.185.192.28-9618+[2001-1458-303-1f--100-18]-9618&alias=b9p13p0517.cern.ch&noUDP&sock=slot1_25_1315803_ff1c_52234>
...
040 (14419825.000.000) 01/26 11:19:39 Finished transferring input files
...
001 (14419825.000.000) 01/26 11:19:40 Job executing on host: <188.185.192.28:9618?addrs=188.185.192.28-9618+[2001-1458-303-1f--100-18]-9618&alias=b9p13p0517.cern.ch&noUDP&sock=startd_1313673_fd66>
	SlotName: slot1_25@b9p13p0517.cern.ch
	CondorScratchDir = "/pool/condor/dir_756931"
	Cpus = 1
	Disk = 3872
	GPUs = 0
	Memory = 3000
...
006 (14419825.000.000) 01/26 11:19:54 Image size of job updated: 131800
	129  -  MemoryUsage of job (MB)
	131800  -  ResidentSetSize of job (KB)
...
006 (14419825.000.000) 01/26 11:24:55 Image size of job updated: 792440
	770  -  MemoryUsage of job (MB)
	788176  -  ResidentSetSize of job (KB)
...
006 (14419825.000.000) 01/26 11:29:33 Image size of job updated: 798260
	770  -  MemoryUsage of job (MB)
	788176  -  ResidentSetSize of job (KB)
...
040 (14419825.000.000) 01/26 11:29:33 Started transferring output files
...
040 (14419825.000.000) 01/26 11:29:33 Finished transferring output files
...
005 (14419825.000.000) 01/26 11:29:33 Job terminated.
	(1) Normal termination (return value 0)
		Usr 0 00:07:09, Sys 0 00:00:09  -  Run Remote Usage
		Usr 0 00:00:00, Sys 0 00:00:00  -  Run Local Usage
		Usr 0 00:07:09, Sys 0 00:00:09  -  Total Remote Usage
		Usr 0 00:00:00, Sys 0 00:00:00  -  Total Local Usage
	13174  -  Run Bytes Sent By Job
	317  -  Run Bytes Received By Job
	13174  -  Total Bytes Sent By Job
	317  -  Total Bytes Received By Job
	Partitionable Resources :    Usage  Request Allocated 
	   Cpus                 :     0.77        1         1 
	   Disk (KB)            :    37           1      3872 
	   GPUs                 :                           0 
	   Memory (MB)          :   770        3000      3000 
	   TimeExecute (s)      :   593                       
	   TimeSlotBusy (s)     :   595                       

	Job terminated of its own accord at 2026-01-26T10:29:33Z with exit-code 0.
...
