/pool/condor/dir_53047

Opening file: /eos/user/a/amalhotr/ScoutingPFRun3/ScoutingData_2024H_TreeMakerRedone/251209_202708/0000/ScoutingTree_Output_16.root
Opened file /eos/user/a/amalhotr/ScoutingPFRun3/ScoutingData_2024H_TreeMakerRedone/251209_202708/0000/ScoutingTree_Output_16.root with 8576340 entries.
Tree opened successfully.
Total entries = 8576340

=====================================
=== Progress: 10% reached at entry 857634 ===
=====================================

=====================================
=== Progress: 20% reached at entry 1715268 ===
=====================================

=====================================
=== Progress: 30% reached at entry 2572902 ===
=====================================

=====================================
=== Progress: 40% reached at entry 3430536 ===
=====================================

=====================================
=== Progress: 50% reached at entry 4288170 ===
=====================================

=====================================
=== Progress: 60% reached at entry 5145804 ===
=====================================

=====================================
=== Progress: 70% reached at entry 6003438 ===
=====================================

=====================================
=== Progress: 80% reached at entry 6861072 ===
=====================================

=====================================
=== Progress: 90% reached at entry 7718706 ===
=====================================

Opening file: /eos/user/a/amalhotr/ScoutingPFRun3/ScoutingData_2024H_TreeMakerRedone/251209_202708/0000/ScoutingTree_Output_17.root
Opened file /eos/user/a/amalhotr/ScoutingPFRun3/ScoutingData_2024H_TreeMakerRedone/251209_202708/0000/ScoutingTree_Output_17.root with 8465883 entries.
Tree opened successfully.
Total entries = 8465883

=====================================
=== Progress: 10% reached at entry 846588 ===
=====================================

=====================================
=== Progress: 20% reached at entry 1693176 ===
=====================================

=====================================
=== Progress: 30% reached at entry 2539764 ===
=====================================

=====================================
=== Progress: 40% reached at entry 3386353 ===
=====================================

=====================================
=== Progress: 50% reached at entry 4232941 ===
=====================================

=====================================
=== Progress: 60% reached at entry 5079529 ===
=====================================

=====================================
=== Progress: 70% reached at entry 5926118 ===
=====================================

=====================================
=== Progress: 80% reached at entry 6772706 ===
=====================================

=====================================
=== Progress: 90% reached at entry 7619294 ===
=====================================

Opening file: /eos/user/a/amalhotr/ScoutingPFRun3/ScoutingData_2024H_TreeMakerRedone/251209_202708/0000/ScoutingTree_Output_18.root
Opened file /eos/user/a/amalhotr/ScoutingPFRun3/ScoutingData_2024H_TreeMakerRedone/251209_202708/0000/ScoutingTree_Output_18.root with 6228926 entries.
Tree opened successfully.
Total entries = 6228926

=====================================
=== Progress: 10% reached at entry 622892 ===
=====================================

=====================================
=== Progress: 20% reached at entry 1245785 ===
=====================================

=====================================
=== Progress: 30% reached at entry 1868677 ===
=====================================

=====================================
=== Progress: 40% reached at entry 2491570 ===
=====================================

=====================================
=== Progress: 50% reached at entry 3114463 ===
=====================================

=====================================
=== Progress: 60% reached at entry 3737355 ===
=====================================

=====================================
=== Progress: 70% reached at entry 4360248 ===
=====================================

=====================================
=== Progress: 80% reached at entry 4983140 ===
=====================================

=====================================
=== Progress: 90% reached at entry 5606033 ===
=====================================

Finished Tree2PlotsRun3 scan.
