/pool/condor/dir_2107221

Opening file: /eos/user/a/amalhotr/ScoutingPFRun3/ScoutingData_2024H_TreeMakerRedone/251209_202708/0000/ScoutingTree_Output_205.root
Opened file /eos/user/a/amalhotr/ScoutingPFRun3/ScoutingData_2024H_TreeMakerRedone/251209_202708/0000/ScoutingTree_Output_205.root with 11513640 entries.
Tree opened successfully.
Total entries = 11513640

=====================================
=== Progress: 10% reached at entry 1151364 ===
=====================================

=====================================
=== Progress: 20% reached at entry 2302728 ===
=====================================

=====================================
=== Progress: 30% reached at entry 3454092 ===
=====================================

=====================================
=== Progress: 40% reached at entry 4605456 ===
=====================================

=====================================
=== Progress: 50% reached at entry 5756820 ===
=====================================

=====================================
=== Progress: 60% reached at entry 6908184 ===
=====================================

=====================================
=== Progress: 70% reached at entry 8059548 ===
=====================================

=====================================
=== Progress: 80% reached at entry 9210912 ===
=====================================

=====================================
=== Progress: 90% reached at entry 10362276 ===
=====================================

Opening file: /eos/user/a/amalhotr/ScoutingPFRun3/ScoutingData_2024H_TreeMakerRedone/251209_202708/0000/ScoutingTree_Output_206.root
Opened file /eos/user/a/amalhotr/ScoutingPFRun3/ScoutingData_2024H_TreeMakerRedone/251209_202708/0000/ScoutingTree_Output_206.root with 10998705 entries.
Tree opened successfully.
Total entries = 10998705

=====================================
=== Progress: 10% reached at entry 1099870 ===
=====================================

=====================================
=== Progress: 20% reached at entry 2199741 ===
=====================================

=====================================
=== Progress: 30% reached at entry 3299611 ===
=====================================

=====================================
=== Progress: 40% reached at entry 4399482 ===
=====================================

=====================================
=== Progress: 50% reached at entry 5499352 ===
=====================================

=====================================
=== Progress: 60% reached at entry 6599223 ===
=====================================

=====================================
=== Progress: 70% reached at entry 7699093 ===
=====================================

=====================================
=== Progress: 80% reached at entry 8798964 ===
=====================================

=====================================
=== Progress: 90% reached at entry 9898834 ===
=====================================

Opening file: /eos/user/a/amalhotr/ScoutingPFRun3/ScoutingData_2024H_TreeMakerRedone/251209_202708/0000/ScoutingTree_Output_207.root
Opened file /eos/user/a/amalhotr/ScoutingPFRun3/ScoutingData_2024H_TreeMakerRedone/251209_202708/0000/ScoutingTree_Output_207.root with 10991646 entries.
Tree opened successfully.
Total entries = 10991646

=====================================
=== Progress: 10% reached at entry 1099164 ===
=====================================

=====================================
=== Progress: 20% reached at entry 2198329 ===
=====================================

=====================================
=== Progress: 30% reached at entry 3297493 ===
=====================================

=====================================
=== Progress: 40% reached at entry 4396658 ===
=====================================

=====================================
=== Progress: 50% reached at entry 5495823 ===
=====================================

=====================================
=== Progress: 60% reached at entry 6594987 ===
=====================================

=====================================
=== Progress: 70% reached at entry 7694152 ===
=====================================

=====================================
=== Progress: 80% reached at entry 8793316 ===
=====================================

=====================================
=== Progress: 90% reached at entry 9892481 ===
=====================================

Opening file: /eos/user/a/amalhotr/ScoutingPFRun3/ScoutingData_2024H_TreeMakerRedone/251209_202708/0000/ScoutingTree_Output_208.root
Opened file /eos/user/a/amalhotr/ScoutingPFRun3/ScoutingData_2024H_TreeMakerRedone/251209_202708/0000/ScoutingTree_Output_208.root with 10908533 entries.
Tree opened successfully.
Total entries = 10908533

=====================================
=== Progress: 10% reached at entry 1090853 ===
=====================================

=====================================
=== Progress: 20% reached at entry 2181706 ===
=====================================

=====================================
=== Progress: 30% reached at entry 3272559 ===
=====================================

=====================================
=== Progress: 40% reached at entry 4363413 ===
=====================================

=====================================
=== Progress: 50% reached at entry 5454266 ===
=====================================

=====================================
=== Progress: 60% reached at entry 6545119 ===
=====================================

=====================================
=== Progress: 70% reached at entry 7635973 ===
=====================================

=====================================
=== Progress: 80% reached at entry 8726826 ===
=====================================

=====================================
=== Progress: 90% reached at entry 9817679 ===
=====================================

Finished Tree2PlotsRun3 scan.
