/pool/condor/dir_1811107

Opening file: /eos/user/a/amalhotr/ScoutingPFRun3/ScoutingData_2024H_TreeMakerRedone/251209_202708/0000/ScoutingTree_Output_13.root
Opened file /eos/user/a/amalhotr/ScoutingPFRun3/ScoutingData_2024H_TreeMakerRedone/251209_202708/0000/ScoutingTree_Output_13.root with 8352481 entries.
Tree opened successfully.
Total entries = 8352481

=====================================
=== Progress: 10% reached at entry 835248 ===
=====================================

=====================================
=== Progress: 20% reached at entry 1670496 ===
=====================================

=====================================
=== Progress: 30% reached at entry 2505744 ===
=====================================

=====================================
=== Progress: 40% reached at entry 3340992 ===
=====================================

=====================================
=== Progress: 50% reached at entry 4176240 ===
=====================================

=====================================
=== Progress: 60% reached at entry 5011488 ===
=====================================

=====================================
=== Progress: 70% reached at entry 5846736 ===
=====================================

=====================================
=== Progress: 80% reached at entry 6681984 ===
=====================================

=====================================
=== Progress: 90% reached at entry 7517232 ===
=====================================

Opening file: /eos/user/a/amalhotr/ScoutingPFRun3/ScoutingData_2024H_TreeMakerRedone/251209_202708/0000/ScoutingTree_Output_14.root
Opened file /eos/user/a/amalhotr/ScoutingPFRun3/ScoutingData_2024H_TreeMakerRedone/251209_202708/0000/ScoutingTree_Output_14.root with 8366577 entries.
Tree opened successfully.
Total entries = 8366577

=====================================
=== Progress: 10% reached at entry 836657 ===
=====================================

=====================================
=== Progress: 20% reached at entry 1673315 ===
=====================================

=====================================
=== Progress: 30% reached at entry 2509973 ===
=====================================

=====================================
=== Progress: 40% reached at entry 3346630 ===
=====================================

=====================================
=== Progress: 50% reached at entry 4183288 ===
=====================================

=====================================
=== Progress: 60% reached at entry 5019946 ===
=====================================

=====================================
=== Progress: 70% reached at entry 5856603 ===
=====================================

=====================================
=== Progress: 80% reached at entry 6693261 ===
=====================================

=====================================
=== Progress: 90% reached at entry 7529919 ===
=====================================

Opening file: /eos/user/a/amalhotr/ScoutingPFRun3/ScoutingData_2024H_TreeMakerRedone/251209_202708/0000/ScoutingTree_Output_15.root
Opened file /eos/user/a/amalhotr/ScoutingPFRun3/ScoutingData_2024H_TreeMakerRedone/251209_202708/0000/ScoutingTree_Output_15.root with 8625888 entries.
Tree opened successfully.
Total entries = 8625888

=====================================
=== Progress: 10% reached at entry 862588 ===
=====================================

=====================================
=== Progress: 20% reached at entry 1725177 ===
=====================================

=====================================
=== Progress: 30% reached at entry 2587766 ===
=====================================

=====================================
=== Progress: 40% reached at entry 3450355 ===
=====================================

=====================================
=== Progress: 50% reached at entry 4312944 ===
=====================================

=====================================
=== Progress: 60% reached at entry 5175532 ===
=====================================

=====================================
=== Progress: 70% reached at entry 6038121 ===
=====================================

=====================================
=== Progress: 80% reached at entry 6900710 ===
=====================================

=====================================
=== Progress: 90% reached at entry 7763299 ===
=====================================

Finished Tree2PlotsRun3 scan.
