000 (14419503.000.000) 01/26 11:09:21 Job submitted from host: <188.184.90.62:9618?addrs=188.184.90.62-9618+[2001-1458-201-e4--100-238]-9618&alias=bigbird16.cern.ch&noUDP&sock=schedd_5196_9a2f>
...
040 (14419503.000.000) 01/26 11:10:58 Started transferring input files
	Transferring to host: <188.185.214.68:9618?addrs=188.185.214.68-9618+[2001-1458-303-1c--100-40]-9618&alias=b9p29p9608.cern.ch&noUDP&sock=slot1_17_10040_d691_160584>
...
040 (14419503.000.000) 01/26 11:10:58 Finished transferring input files
...
001 (14419503.000.000) 01/26 11:10:59 Job executing on host: <188.185.214.68:9618?addrs=188.185.214.68-9618+[2001-1458-303-1c--100-40]-9618&alias=b9p29p9608.cern.ch&noUDP&sock=startd_9082_1337>
	SlotName: slot1_17@b9p29p9608.cern.ch
	CondorScratchDir = "/pool/condor/dir_3534114"
	Cpus = 1
	Disk = 3760
	GPUs = 0
	Memory = 3000
...
006 (14419503.000.000) 01/26 11:11:13 Image size of job updated: 582748
	570  -  MemoryUsage of job (MB)
	582748  -  ResidentSetSize of job (KB)
...
006 (14419503.000.000) 01/26 11:16:14 Image size of job updated: 848836
	816  -  MemoryUsage of job (MB)
	835188  -  ResidentSetSize of job (KB)
...
040 (14419503.000.000) 01/26 11:16:29 Started transferring output files
...
040 (14419503.000.000) 01/26 11:16:29 Finished transferring output files
...
005 (14419503.000.000) 01/26 11:16:29 Job terminated.
	(1) Normal termination (return value 0)
		Usr 0 00:03:31, Sys 0 00:00:10  -  Run Remote Usage
		Usr 0 00:00:00, Sys 0 00:00:00  -  Run Local Usage
		Usr 0 00:03:31, Sys 0 00:00:10  -  Total Remote Usage
		Usr 0 00:00:00, Sys 0 00:00:00  -  Total Local Usage
	12859  -  Run Bytes Sent By Job
	317  -  Run Bytes Received By Job
	12859  -  Total Bytes Sent By Job
	317  -  Total Bytes Received By Job
	Partitionable Resources :    Usage  Request Allocated 
	   Cpus                 :        0        1         1 
	   Disk (KB)            :       36        1      3760 
	   GPUs                 :                           0 
	   Memory (MB)          :      816     3000      3000 
	   TimeExecute (s)      :      330                    
	   TimeSlotBusy (s)     :      331                    

	Job terminated of its own accord at 2026-01-26T10:16:29Z with exit-code 0.
...
