/pool/condor/dir_1401014

Opening file: /eos/user/a/amalhotr/ScoutingPFRun3/ScoutingData_2024H_TreeMakerRedone/251209_202708/0000/ScoutingTree_Output_814.root
Opened file /eos/user/a/amalhotr/ScoutingPFRun3/ScoutingData_2024H_TreeMakerRedone/251209_202708/0000/ScoutingTree_Output_814.root with 5088546 entries.
Tree opened successfully.
Total entries = 5088546

=====================================
=== Progress: 10% reached at entry 508854 ===
=====================================

=====================================
=== Progress: 20% reached at entry 1017709 ===
=====================================

=====================================
=== Progress: 30% reached at entry 1526563 ===
=====================================

=====================================
=== Progress: 40% reached at entry 2035418 ===
=====================================

=====================================
=== Progress: 50% reached at entry 2544273 ===
=====================================

=====================================
=== Progress: 60% reached at entry 3053127 ===
=====================================

=====================================
=== Progress: 70% reached at entry 3561982 ===
=====================================

=====================================
=== Progress: 80% reached at entry 4070836 ===
=====================================

=====================================
=== Progress: 90% reached at entry 4579691 ===
=====================================

Opening file: /eos/user/a/amalhotr/ScoutingPFRun3/ScoutingData_2024H_TreeMakerRedone/251209_202708/0000/ScoutingTree_Output_815.root
Opened file /eos/user/a/amalhotr/ScoutingPFRun3/ScoutingData_2024H_TreeMakerRedone/251209_202708/0000/ScoutingTree_Output_815.root with 5107697 entries.
Tree opened successfully.
Total entries = 5107697

=====================================
=== Progress: 10% reached at entry 510769 ===
=====================================

=====================================
=== Progress: 20% reached at entry 1021539 ===
=====================================

=====================================
=== Progress: 30% reached at entry 1532309 ===
=====================================

=====================================
=== Progress: 40% reached at entry 2043078 ===
=====================================

=====================================
=== Progress: 50% reached at entry 2553848 ===
=====================================

=====================================
=== Progress: 60% reached at entry 3064618 ===
=====================================

=====================================
=== Progress: 70% reached at entry 3575387 ===
=====================================

=====================================
=== Progress: 80% reached at entry 4086157 ===
=====================================

=====================================
=== Progress: 90% reached at entry 4596927 ===
=====================================

Opening file: /eos/user/a/amalhotr/ScoutingPFRun3/ScoutingData_2024H_TreeMakerRedone/251209_202708/0000/ScoutingTree_Output_816.root
Opened file /eos/user/a/amalhotr/ScoutingPFRun3/ScoutingData_2024H_TreeMakerRedone/251209_202708/0000/ScoutingTree_Output_816.root with 5123404 entries.
Tree opened successfully.
Total entries = 5123404

=====================================
=== Progress: 10% reached at entry 512340 ===
=====================================

=====================================
=== Progress: 20% reached at entry 1024680 ===
=====================================

=====================================
=== Progress: 30% reached at entry 1537021 ===
=====================================

=====================================
=== Progress: 40% reached at entry 2049361 ===
=====================================

=====================================
=== Progress: 50% reached at entry 2561702 ===
=====================================

=====================================
=== Progress: 60% reached at entry 3074042 ===
=====================================

=====================================
=== Progress: 70% reached at entry 3586382 ===
=====================================

=====================================
=== Progress: 80% reached at entry 4098723 ===
=====================================

=====================================
=== Progress: 90% reached at entry 4611063 ===
=====================================

Opening file: /eos/user/a/amalhotr/ScoutingPFRun3/ScoutingData_2024H_TreeMakerRedone/251209_202708/0000/ScoutingTree_Output_817.root
Opened file /eos/user/a/amalhotr/ScoutingPFRun3/ScoutingData_2024H_TreeMakerRedone/251209_202708/0000/ScoutingTree_Output_817.root with 5221447 entries.
Tree opened successfully.
Total entries = 5221447

=====================================
=== Progress: 10% reached at entry 522144 ===
=====================================

=====================================
=== Progress: 20% reached at entry 1044289 ===
=====================================

=====================================
=== Progress: 30% reached at entry 1566434 ===
=====================================

=====================================
=== Progress: 40% reached at entry 2088578 ===
=====================================

=====================================
=== Progress: 50% reached at entry 2610723 ===
=====================================

=====================================
=== Progress: 60% reached at entry 3132868 ===
=====================================

=====================================
=== Progress: 70% reached at entry 3655012 ===
=====================================

=====================================
=== Progress: 80% reached at entry 4177157 ===
=====================================

=====================================
=== Progress: 90% reached at entry 4699302 ===
=====================================

Finished Tree2PlotsRun3 scan.
