/pool/condor/dir_757265

Opening file: /eos/user/a/amalhotr/ScoutingPFRun3/ScoutingData_2024H_TreeMakerRedone/251209_202708/0000/ScoutingTree_Output_162.root
Opened file /eos/user/a/amalhotr/ScoutingPFRun3/ScoutingData_2024H_TreeMakerRedone/251209_202708/0000/ScoutingTree_Output_162.root with 10192073 entries.
Tree opened successfully.
Total entries = 10192073

=====================================
=== Progress: 10% reached at entry 1019207 ===
=====================================

=====================================
=== Progress: 20% reached at entry 2038414 ===
=====================================

=====================================
=== Progress: 30% reached at entry 3057621 ===
=====================================

=====================================
=== Progress: 40% reached at entry 4076829 ===
=====================================

=====================================
=== Progress: 50% reached at entry 5096036 ===
=====================================

=====================================
=== Progress: 60% reached at entry 6115243 ===
=====================================

=====================================
=== Progress: 70% reached at entry 7134451 ===
=====================================

=====================================
=== Progress: 80% reached at entry 8153658 ===
=====================================

=====================================
=== Progress: 90% reached at entry 9172865 ===
=====================================

Opening file: /eos/user/a/amalhotr/ScoutingPFRun3/ScoutingData_2024H_TreeMakerRedone/251209_202708/0000/ScoutingTree_Output_163.root
Opened file /eos/user/a/amalhotr/ScoutingPFRun3/ScoutingData_2024H_TreeMakerRedone/251209_202708/0000/ScoutingTree_Output_163.root with 10876275 entries.
Tree opened successfully.
Total entries = 10876275

=====================================
=== Progress: 10% reached at entry 1087627 ===
=====================================

=====================================
=== Progress: 20% reached at entry 2175255 ===
=====================================

=====================================
=== Progress: 30% reached at entry 3262882 ===
=====================================

=====================================
=== Progress: 40% reached at entry 4350510 ===
=====================================

=====================================
=== Progress: 50% reached at entry 5438137 ===
=====================================

=====================================
=== Progress: 60% reached at entry 6525765 ===
=====================================

=====================================
=== Progress: 70% reached at entry 7613392 ===
=====================================

=====================================
=== Progress: 80% reached at entry 8701020 ===
=====================================

=====================================
=== Progress: 90% reached at entry 9788647 ===
=====================================

Opening file: /eos/user/a/amalhotr/ScoutingPFRun3/ScoutingData_2024H_TreeMakerRedone/251209_202708/0000/ScoutingTree_Output_164.root
Opened file /eos/user/a/amalhotr/ScoutingPFRun3/ScoutingData_2024H_TreeMakerRedone/251209_202708/0000/ScoutingTree_Output_164.root with 11007645 entries.
Tree opened successfully.
Total entries = 11007645

=====================================
=== Progress: 10% reached at entry 1100764 ===
=====================================

=====================================
=== Progress: 20% reached at entry 2201529 ===
=====================================

=====================================
=== Progress: 30% reached at entry 3302293 ===
=====================================

=====================================
=== Progress: 40% reached at entry 4403058 ===
=====================================

=====================================
=== Progress: 50% reached at entry 5503822 ===
=====================================

=====================================
=== Progress: 60% reached at entry 6604587 ===
=====================================

=====================================
=== Progress: 70% reached at entry 7705351 ===
=====================================

=====================================
=== Progress: 80% reached at entry 8806116 ===
=====================================

=====================================
=== Progress: 90% reached at entry 9906880 ===
=====================================

Opening file: /eos/user/a/amalhotr/ScoutingPFRun3/ScoutingData_2024H_TreeMakerRedone/251209_202708/0000/ScoutingTree_Output_165.root
Opened file /eos/user/a/amalhotr/ScoutingPFRun3/ScoutingData_2024H_TreeMakerRedone/251209_202708/0000/ScoutingTree_Output_165.root with 11254154 entries.
Tree opened successfully.
Total entries = 11254154

=====================================
=== Progress: 10% reached at entry 1125415 ===
=====================================

=====================================
=== Progress: 20% reached at entry 2250830 ===
=====================================

=====================================
=== Progress: 30% reached at entry 3376246 ===
=====================================

=====================================
=== Progress: 40% reached at entry 4501661 ===
=====================================

=====================================
=== Progress: 50% reached at entry 5627077 ===
=====================================

=====================================
=== Progress: 60% reached at entry 6752492 ===
=====================================

=====================================
=== Progress: 70% reached at entry 7877907 ===
=====================================

=====================================
=== Progress: 80% reached at entry 9003323 ===
=====================================

=====================================
=== Progress: 90% reached at entry 10128738 ===
=====================================

Finished Tree2PlotsRun3 scan.
