000 (14420224.000.000) 01/26 11:47:49 Job submitted from host: <188.184.90.62:9618?addrs=188.184.90.62-9618+[2001-1458-201-e4--100-238]-9618&alias=bigbird16.cern.ch&noUDP&sock=schedd_5196_9a2f>
...
040 (14420224.000.000) 01/26 11:48:00 Started transferring input files
	Transferring to host: <188.185.193.66:9618?addrs=188.185.193.66-9618+[2001-1458-303-20--100-3e]-9618&alias=b9p19p7061.cern.ch&noUDP&sock=slot1_25_5652_185f_120220>
...
040 (14420224.000.000) 01/26 11:48:00 Finished transferring input files
...
001 (14420224.000.000) 01/26 11:48:01 Job executing on host: <188.185.193.66:9618?addrs=188.185.193.66-9618+[2001-1458-303-20--100-3e]-9618&alias=b9p19p7061.cern.ch&noUDP&sock=startd_4537_9546>
	SlotName: slot1_25@b9p19p7061.cern.ch
	CondorScratchDir = "/pool/condor/dir_1758108"
	Cpus = 1
	Disk = 3906
	GPUs = 0
	Memory = 3000
...
006 (14420224.000.000) 01/26 11:48:15 Image size of job updated: 543704
	531  -  MemoryUsage of job (MB)
	543704  -  ResidentSetSize of job (KB)
...
006 (14420224.000.000) 01/26 11:53:16 Image size of job updated: 782708
	599  -  MemoryUsage of job (MB)
	612660  -  ResidentSetSize of job (KB)
...
040 (14420224.000.000) 01/26 11:54:54 Started transferring output files
...
040 (14420224.000.000) 01/26 11:54:54 Finished transferring output files
...
005 (14420224.000.000) 01/26 11:54:54 Job terminated.
	(1) Normal termination (return value 0)
		Usr 0 00:05:14, Sys 0 00:00:11  -  Run Remote Usage
		Usr 0 00:00:00, Sys 0 00:00:00  -  Run Local Usage
		Usr 0 00:05:14, Sys 0 00:00:11  -  Total Remote Usage
		Usr 0 00:00:00, Sys 0 00:00:00  -  Total Local Usage
	13166  -  Run Bytes Sent By Job
	317  -  Run Bytes Received By Job
	13166  -  Total Bytes Sent By Job
	317  -  Total Bytes Received By Job
	Partitionable Resources :    Usage  Request Allocated 
	   Cpus                 :        0        1         1 
	   Disk (KB)            :       37        1      3906 
	   GPUs                 :                           0 
	   Memory (MB)          :      599     3000      3000 
	   TimeExecute (s)      :      413                    
	   TimeSlotBusy (s)     :      414                    

	Job terminated of its own accord at 2026-01-26T10:54:54Z with exit-code 0.
...
