000 (14418839.000.000) 01/26 10:31:36 Job submitted from host: <188.184.90.62:9618?addrs=188.184.90.62-9618+[2001-1458-201-e4--100-238]-9618&alias=bigbird16.cern.ch&noUDP&sock=schedd_5196_9a2f>
...
040 (14418839.000.000) 01/26 10:31:57 Started transferring input files
	Transferring to host: <188.185.210.140:9618?addrs=188.185.210.140-9618+[2001-1458-303-15--100-8]-9618&alias=b9p22p7590.cern.ch&noUDP&sock=slot1_5_4538_2e72_165894>
...
040 (14418839.000.000) 01/26 10:31:57 Finished transferring input files
...
001 (14418839.000.000) 01/26 10:31:58 Job executing on host: <188.185.210.140:9618?addrs=188.185.210.140-9618+[2001-1458-303-15--100-8]-9618&alias=b9p22p7590.cern.ch&noUDP&sock=startd_3857_28df>
	SlotName: slot1_5@b9p22p7590.cern.ch
	CondorScratchDir = "/pool/condor/dir_2001593"
	Cpus = 1
	Disk = 3750
	GPUs = 0
	Memory = 3000
...
006 (14418839.000.000) 01/26 10:32:11 Image size of job updated: 161536
	158  -  MemoryUsage of job (MB)
	161536  -  ResidentSetSize of job (KB)
...
006 (14418839.000.000) 01/26 10:37:11 Image size of job updated: 827180
	796  -  MemoryUsage of job (MB)
	814580  -  ResidentSetSize of job (KB)
...
006 (14418839.000.000) 01/26 10:39:22 Image size of job updated: 832660
	796  -  MemoryUsage of job (MB)
	814580  -  ResidentSetSize of job (KB)
...
040 (14418839.000.000) 01/26 10:39:22 Started transferring output files
...
040 (14418839.000.000) 01/26 10:39:22 Finished transferring output files
...
005 (14418839.000.000) 01/26 10:39:22 Job terminated.
	(1) Normal termination (return value 0)
		Usr 0 00:05:27, Sys 0 00:00:13  -  Run Remote Usage
		Usr 0 00:00:00, Sys 0 00:00:00  -  Run Local Usage
		Usr 0 00:05:27, Sys 0 00:00:13  -  Total Remote Usage
		Usr 0 00:00:00, Sys 0 00:00:00  -  Total Local Usage
	13450  -  Run Bytes Sent By Job
	317  -  Run Bytes Received By Job
	13450  -  Total Bytes Sent By Job
	317  -  Total Bytes Received By Job
	Partitionable Resources :    Usage  Request Allocated 
	   Cpus                 :     0.67        1         1 
	   Disk (KB)            :    36           1      3750 
	   GPUs                 :                           0 
	   Memory (MB)          :   796        3000      3000 
	   TimeExecute (s)      :   444                       
	   TimeSlotBusy (s)     :   446                       

	Job terminated of its own accord at 2026-01-26T09:39:22Z with exit-code 0.
...
