000 (14420216.000.000) 01/26 11:39:52 Job submitted from host: <188.184.90.62:9618?addrs=188.184.90.62-9618+[2001-1458-201-e4--100-238]-9618&alias=bigbird16.cern.ch&noUDP&sock=schedd_5196_9a2f>
...
040 (14420216.000.000) 01/26 11:40:29 Started transferring input files
	Transferring to host: <188.185.210.224:9618?addrs=188.185.210.224-9618+[2001-1458-303-15--100-5c]-9618&alias=b9p22p6437.cern.ch&noUDP&sock=slot1_25_7168_411d_139248>
...
040 (14420216.000.000) 01/26 11:40:29 Finished transferring input files
...
001 (14420216.000.000) 01/26 11:40:30 Job executing on host: <188.185.210.224:9618?addrs=188.185.210.224-9618+[2001-1458-303-15--100-5c]-9618&alias=b9p22p6437.cern.ch&noUDP&sock=startd_6260_6af4>
	SlotName: slot1_25@b9p22p6437.cern.ch
	CondorScratchDir = "/pool/condor/dir_3514001"
	Cpus = 1
	Disk = 3824
	GPUs = 0
	Memory = 3000
...
006 (14420216.000.000) 01/26 11:40:43 Image size of job updated: 566484
	554  -  MemoryUsage of job (MB)
	566484  -  ResidentSetSize of job (KB)
...
006 (14420216.000.000) 01/26 11:44:10 Image size of job updated: 829888
	554  -  MemoryUsage of job (MB)
	566484  -  ResidentSetSize of job (KB)
...
040 (14420216.000.000) 01/26 11:44:10 Started transferring output files
...
040 (14420216.000.000) 01/26 11:44:10 Finished transferring output files
...
005 (14420216.000.000) 01/26 11:44:10 Job terminated.
	(1) Normal termination (return value 0)
		Usr 0 00:02:26, Sys 0 00:00:07  -  Run Remote Usage
		Usr 0 00:00:00, Sys 0 00:00:00  -  Run Local Usage
		Usr 0 00:02:26, Sys 0 00:00:07  -  Total Remote Usage
		Usr 0 00:00:00, Sys 0 00:00:00  -  Total Local Usage
	12859  -  Run Bytes Sent By Job
	317  -  Run Bytes Received By Job
	12859  -  Total Bytes Sent By Job
	317  -  Total Bytes Received By Job
	Partitionable Resources :    Usage  Request Allocated 
	   Cpus                 :     0.07        1         1 
	   Disk (KB)            :    36           1      3824 
	   GPUs                 :                           0 
	   Memory (MB)          :   554        3000      3000 
	   TimeExecute (s)      :   220                       
	   TimeSlotBusy (s)     :   222                       

	Job terminated of its own accord at 2026-01-26T10:44:10Z with exit-code 0.
...
