000 (14418835.000.000) 01/26 10:30:00 Job submitted from host: <188.184.90.62:9618?addrs=188.184.90.62-9618+[2001-1458-201-e4--100-238]-9618&alias=bigbird16.cern.ch&noUDP&sock=schedd_5196_9a2f>
...
040 (14418835.000.000) 01/26 10:31:56 Started transferring input files
	Transferring to host: <188.185.213.188:9618?addrs=188.185.213.188-9618+[2001-1458-303-1b--100-38]-9618&alias=b9p28p4370.cern.ch&noUDP&sock=slot1_17_3047642_3dd4_66022>
...
040 (14418835.000.000) 01/26 10:31:56 Finished transferring input files
...
001 (14418835.000.000) 01/26 10:31:57 Job executing on host: <188.185.213.188:9618?addrs=188.185.213.188-9618+[2001-1458-303-1b--100-38]-9618&alias=b9p28p4370.cern.ch&noUDP&sock=startd_3046853_4f63>
	SlotName: slot1_17@b9p28p4370.cern.ch
	CondorScratchDir = "/pool/condor/dir_2987818"
	Cpus = 1
	Disk = 3877
	GPUs = 0
	Memory = 3000
...
006 (14418835.000.000) 01/26 10:32:10 Image size of job updated: 129772
	127  -  MemoryUsage of job (MB)
	129772  -  ResidentSetSize of job (KB)
...
006 (14418835.000.000) 01/26 10:37:10 Image size of job updated: 831152
	790  -  MemoryUsage of job (MB)
	808048  -  ResidentSetSize of job (KB)
...
040 (14418835.000.000) 01/26 10:40:12 Started transferring output files
...
040 (14418835.000.000) 01/26 10:40:12 Finished transferring output files
...
005 (14418835.000.000) 01/26 10:40:12 Job terminated.
	(1) Normal termination (return value 0)
		Usr 0 00:05:48, Sys 0 00:00:12  -  Run Remote Usage
		Usr 0 00:00:00, Sys 0 00:00:00  -  Run Local Usage
		Usr 0 00:05:48, Sys 0 00:00:12  -  Total Remote Usage
		Usr 0 00:00:00, Sys 0 00:00:00  -  Total Local Usage
	13181  -  Run Bytes Sent By Job
	317  -  Run Bytes Received By Job
	13181  -  Total Bytes Sent By Job
	317  -  Total Bytes Received By Job
	Partitionable Resources :    Usage  Request Allocated 
	   Cpus                 :     0.81        1         1 
	   Disk (KB)            :    36           1      3877 
	   GPUs                 :                           0 
	   Memory (MB)          :   790        3000      3000 
	   TimeExecute (s)      :   495                       
	   TimeSlotBusy (s)     :   497                       

	Job terminated of its own accord at 2026-01-26T09:40:12Z with exit-code 0.
...
