/pool/condor/dir_226499

Opening file: /eos/user/a/amalhotr/ScoutingPFRun3/ScoutingData_2024H_TreeMakerRedone/251209_202708/0000/ScoutingTree_Output_559.root
Opened file /eos/user/a/amalhotr/ScoutingPFRun3/ScoutingData_2024H_TreeMakerRedone/251209_202708/0000/ScoutingTree_Output_559.root with 8382076 entries.
Tree opened successfully.
Total entries = 8382076

=====================================
=== Progress: 10% reached at entry 838207 ===
=====================================

=====================================
=== Progress: 20% reached at entry 1676415 ===
=====================================

=====================================
=== Progress: 30% reached at entry 2514622 ===
=====================================

=====================================
=== Progress: 40% reached at entry 3352830 ===
=====================================

=====================================
=== Progress: 50% reached at entry 4191038 ===
=====================================

=====================================
=== Progress: 60% reached at entry 5029245 ===
=====================================

=====================================
=== Progress: 70% reached at entry 5867453 ===
=====================================

=====================================
=== Progress: 80% reached at entry 6705660 ===
=====================================

=====================================
=== Progress: 90% reached at entry 7543868 ===
=====================================

Opening file: /eos/user/a/amalhotr/ScoutingPFRun3/ScoutingData_2024H_TreeMakerRedone/251209_202708/0000/ScoutingTree_Output_55.root
Opened file /eos/user/a/amalhotr/ScoutingPFRun3/ScoutingData_2024H_TreeMakerRedone/251209_202708/0000/ScoutingTree_Output_55.root with 8345289 entries.
Tree opened successfully.
Total entries = 8345289

=====================================
=== Progress: 10% reached at entry 834528 ===
=====================================

=====================================
=== Progress: 20% reached at entry 1669057 ===
=====================================

=====================================
=== Progress: 30% reached at entry 2503586 ===
=====================================

=====================================
=== Progress: 40% reached at entry 3338115 ===
=====================================

=====================================
=== Progress: 50% reached at entry 4172644 ===
=====================================

=====================================
=== Progress: 60% reached at entry 5007173 ===
=====================================

=====================================
=== Progress: 70% reached at entry 5841702 ===
=====================================

=====================================
=== Progress: 80% reached at entry 6676231 ===
=====================================

=====================================
=== Progress: 90% reached at entry 7510760 ===
=====================================

Opening file: /eos/user/a/amalhotr/ScoutingPFRun3/ScoutingData_2024H_TreeMakerRedone/251209_202708/0000/ScoutingTree_Output_560.root
Opened file /eos/user/a/amalhotr/ScoutingPFRun3/ScoutingData_2024H_TreeMakerRedone/251209_202708/0000/ScoutingTree_Output_560.root with 8270700 entries.
Tree opened successfully.
Total entries = 8270700

=====================================
=== Progress: 10% reached at entry 827070 ===
=====================================

=====================================
=== Progress: 20% reached at entry 1654140 ===
=====================================

=====================================
=== Progress: 30% reached at entry 2481210 ===
=====================================

=====================================
=== Progress: 40% reached at entry 3308280 ===
=====================================

=====================================
=== Progress: 50% reached at entry 4135350 ===
=====================================

=====================================
=== Progress: 60% reached at entry 4962420 ===
=====================================

=====================================
=== Progress: 70% reached at entry 5789490 ===
=====================================

=====================================
=== Progress: 80% reached at entry 6616560 ===
=====================================

=====================================
=== Progress: 90% reached at entry 7443630 ===
=====================================

Opening file: /eos/user/a/amalhotr/ScoutingPFRun3/ScoutingData_2024H_TreeMakerRedone/251209_202708/0000/ScoutingTree_Output_561.root
Opened file /eos/user/a/amalhotr/ScoutingPFRun3/ScoutingData_2024H_TreeMakerRedone/251209_202708/0000/ScoutingTree_Output_561.root with 8281278 entries.
Tree opened successfully.
Total entries = 8281278

=====================================
=== Progress: 10% reached at entry 828127 ===
=====================================

=====================================
=== Progress: 20% reached at entry 1656255 ===
=====================================

=====================================
=== Progress: 30% reached at entry 2484383 ===
=====================================

=====================================
=== Progress: 40% reached at entry 3312511 ===
=====================================

=====================================
=== Progress: 50% reached at entry 4140639 ===
=====================================

=====================================
=== Progress: 60% reached at entry 4968766 ===
=====================================

=====================================
=== Progress: 70% reached at entry 5796894 ===
=====================================

=====================================
=== Progress: 80% reached at entry 6625022 ===
=====================================

=====================================
=== Progress: 90% reached at entry 7453150 ===
=====================================

Finished Tree2PlotsRun3 scan.
