/pool/condor/dir_1609660

Opening file: /eos/user/a/amalhotr/ScoutingPFRun3/ScoutingData_2024H_TreeMakerRedone/251209_202708/0000/ScoutingTree_Output_155.root
Opened file /eos/user/a/amalhotr/ScoutingPFRun3/ScoutingData_2024H_TreeMakerRedone/251209_202708/0000/ScoutingTree_Output_155.root with 11270652 entries.
Tree opened successfully.
Total entries = 11270652

=====================================
=== Progress: 10% reached at entry 1127065 ===
=====================================

=====================================
=== Progress: 20% reached at entry 2254130 ===
=====================================

=====================================
=== Progress: 30% reached at entry 3381195 ===
=====================================

=====================================
=== Progress: 40% reached at entry 4508260 ===
=====================================

=====================================
=== Progress: 50% reached at entry 5635326 ===
=====================================

=====================================
=== Progress: 60% reached at entry 6762391 ===
=====================================

=====================================
=== Progress: 70% reached at entry 7889456 ===
=====================================

=====================================
=== Progress: 80% reached at entry 9016521 ===
=====================================

=====================================
=== Progress: 90% reached at entry 10143586 ===
=====================================

Opening file: /eos/user/a/amalhotr/ScoutingPFRun3/ScoutingData_2024H_TreeMakerRedone/251209_202708/0000/ScoutingTree_Output_156.root
Opened file /eos/user/a/amalhotr/ScoutingPFRun3/ScoutingData_2024H_TreeMakerRedone/251209_202708/0000/ScoutingTree_Output_156.root with 10682030 entries.
Tree opened successfully.
Total entries = 10682030

=====================================
=== Progress: 10% reached at entry 1068203 ===
=====================================

=====================================
=== Progress: 20% reached at entry 2136406 ===
=====================================

=====================================
=== Progress: 30% reached at entry 3204609 ===
=====================================

=====================================
=== Progress: 40% reached at entry 4272812 ===
=====================================

=====================================
=== Progress: 50% reached at entry 5341015 ===
=====================================

=====================================
=== Progress: 60% reached at entry 6409218 ===
=====================================

=====================================
=== Progress: 70% reached at entry 7477421 ===
=====================================

=====================================
=== Progress: 80% reached at entry 8545624 ===
=====================================

=====================================
=== Progress: 90% reached at entry 9613827 ===
=====================================

Opening file: /eos/user/a/amalhotr/ScoutingPFRun3/ScoutingData_2024H_TreeMakerRedone/251209_202708/0000/ScoutingTree_Output_157.root
Opened file /eos/user/a/amalhotr/ScoutingPFRun3/ScoutingData_2024H_TreeMakerRedone/251209_202708/0000/ScoutingTree_Output_157.root with 10850832 entries.
Tree opened successfully.
Total entries = 10850832

=====================================
=== Progress: 10% reached at entry 1085083 ===
=====================================

=====================================
=== Progress: 20% reached at entry 2170166 ===
=====================================

=====================================
=== Progress: 30% reached at entry 3255249 ===
=====================================

=====================================
=== Progress: 40% reached at entry 4340332 ===
=====================================

=====================================
=== Progress: 50% reached at entry 5425416 ===
=====================================

=====================================
=== Progress: 60% reached at entry 6510499 ===
=====================================

=====================================
=== Progress: 70% reached at entry 7595582 ===
=====================================

=====================================
=== Progress: 80% reached at entry 8680665 ===
=====================================

=====================================
=== Progress: 90% reached at entry 9765748 ===
=====================================

Opening file: /eos/user/a/amalhotr/ScoutingPFRun3/ScoutingData_2024H_TreeMakerRedone/251209_202708/0000/ScoutingTree_Output_158.root
Opened file /eos/user/a/amalhotr/ScoutingPFRun3/ScoutingData_2024H_TreeMakerRedone/251209_202708/0000/ScoutingTree_Output_158.root with 10955302 entries.
Tree opened successfully.
Total entries = 10955302

=====================================
=== Progress: 10% reached at entry 1095530 ===
=====================================

=====================================
=== Progress: 20% reached at entry 2191060 ===
=====================================

=====================================
=== Progress: 30% reached at entry 3286590 ===
=====================================

=====================================
=== Progress: 40% reached at entry 4382120 ===
=====================================

=====================================
=== Progress: 50% reached at entry 5477651 ===
=====================================

=====================================
=== Progress: 60% reached at entry 6573181 ===
=====================================

=====================================
=== Progress: 70% reached at entry 7668711 ===
=====================================

=====================================
=== Progress: 80% reached at entry 8764241 ===
=====================================

=====================================
=== Progress: 90% reached at entry 9859771 ===
=====================================

Finished Tree2PlotsRun3 scan.
