/pool/condor/dir_405743

Opening file: /eos/user/a/amalhotr/ScoutingPFRun3/ScoutingData_2024H_TreeMakerRedone/251209_202708/0000/ScoutingTree_Output_368.root
Opened file /eos/user/a/amalhotr/ScoutingPFRun3/ScoutingData_2024H_TreeMakerRedone/251209_202708/0000/ScoutingTree_Output_368.root with 7703690 entries.
Tree opened successfully.
Total entries = 7703690

=====================================
=== Progress: 10% reached at entry 770369 ===
=====================================

=====================================
=== Progress: 20% reached at entry 1540738 ===
=====================================

=====================================
=== Progress: 30% reached at entry 2311107 ===
=====================================

=====================================
=== Progress: 40% reached at entry 3081476 ===
=====================================

=====================================
=== Progress: 50% reached at entry 3851845 ===
=====================================

=====================================
=== Progress: 60% reached at entry 4622214 ===
=====================================

=====================================
=== Progress: 70% reached at entry 5392583 ===
=====================================

=====================================
=== Progress: 80% reached at entry 6162952 ===
=====================================

=====================================
=== Progress: 90% reached at entry 6933321 ===
=====================================

Opening file: /eos/user/a/amalhotr/ScoutingPFRun3/ScoutingData_2024H_TreeMakerRedone/251209_202708/0000/ScoutingTree_Output_369.root
Opened file /eos/user/a/amalhotr/ScoutingPFRun3/ScoutingData_2024H_TreeMakerRedone/251209_202708/0000/ScoutingTree_Output_369.root with 8031429 entries.
Tree opened successfully.
Total entries = 8031429

=====================================
=== Progress: 10% reached at entry 803142 ===
=====================================

=====================================
=== Progress: 20% reached at entry 1606285 ===
=====================================

=====================================
=== Progress: 30% reached at entry 2409428 ===
=====================================

=====================================
=== Progress: 40% reached at entry 3212571 ===
=====================================

=====================================
=== Progress: 50% reached at entry 4015714 ===
=====================================

=====================================
=== Progress: 60% reached at entry 4818857 ===
=====================================

=====================================
=== Progress: 70% reached at entry 5622000 ===
=====================================

=====================================
=== Progress: 80% reached at entry 6425143 ===
=====================================

=====================================
=== Progress: 90% reached at entry 7228286 ===
=====================================

Opening file: /eos/user/a/amalhotr/ScoutingPFRun3/ScoutingData_2024H_TreeMakerRedone/251209_202708/0000/ScoutingTree_Output_36.root
Opened file /eos/user/a/amalhotr/ScoutingPFRun3/ScoutingData_2024H_TreeMakerRedone/251209_202708/0000/ScoutingTree_Output_36.root with 8430454 entries.
Tree opened successfully.
Total entries = 8430454

=====================================
=== Progress: 10% reached at entry 843045 ===
=====================================

=====================================
=== Progress: 20% reached at entry 1686090 ===
=====================================

=====================================
=== Progress: 30% reached at entry 2529136 ===
=====================================

=====================================
=== Progress: 40% reached at entry 3372181 ===
=====================================

=====================================
=== Progress: 50% reached at entry 4215227 ===
=====================================

=====================================
=== Progress: 60% reached at entry 5058272 ===
=====================================

=====================================
=== Progress: 70% reached at entry 5901317 ===
=====================================

=====================================
=== Progress: 80% reached at entry 6744363 ===
=====================================

=====================================
=== Progress: 90% reached at entry 7587408 ===
=====================================

Opening file: /eos/user/a/amalhotr/ScoutingPFRun3/ScoutingData_2024H_TreeMakerRedone/251209_202708/0000/ScoutingTree_Output_370.root
Opened file /eos/user/a/amalhotr/ScoutingPFRun3/ScoutingData_2024H_TreeMakerRedone/251209_202708/0000/ScoutingTree_Output_370.root with 8256891 entries.
Tree opened successfully.
Total entries = 8256891

=====================================
=== Progress: 10% reached at entry 825689 ===
=====================================

=====================================
=== Progress: 20% reached at entry 1651378 ===
=====================================

=====================================
=== Progress: 30% reached at entry 2477067 ===
=====================================

=====================================
=== Progress: 40% reached at entry 3302756 ===
=====================================

=====================================
=== Progress: 50% reached at entry 4128445 ===
=====================================

=====================================
=== Progress: 60% reached at entry 4954134 ===
=====================================

=====================================
=== Progress: 70% reached at entry 5779823 ===
=====================================

=====================================
=== Progress: 80% reached at entry 6605512 ===
=====================================

=====================================
=== Progress: 90% reached at entry 7431201 ===
=====================================

Finished Tree2PlotsRun3 scan.
