000 (14418870.000.000) 01/26 10:44:45 Job submitted from host: <188.184.90.62:9618?addrs=188.184.90.62-9618+[2001-1458-201-e4--100-238]-9618&alias=bigbird16.cern.ch&noUDP&sock=schedd_5196_9a2f>
...
040 (14418870.000.000) 01/26 10:49:13 Started transferring input files
	Transferring to host: <188.185.194.84:9618?addrs=188.185.194.84-9618+[2001-1458-303-21--100-50]-9618&alias=b9p20p4256.cern.ch&noUDP&sock=slot1_7_5550_3a1b_126430>
...
040 (14418870.000.000) 01/26 10:49:13 Finished transferring input files
...
001 (14418870.000.000) 01/26 10:49:14 Job executing on host: <188.185.194.84:9618?addrs=188.185.194.84-9618+[2001-1458-303-21--100-50]-9618&alias=b9p20p4256.cern.ch&noUDP&sock=startd_4331_48c3>
	SlotName: slot1_7@b9p20p4256.cern.ch
	CondorScratchDir = "/pool/condor/dir_1448798"
	Cpus = 1
	Disk = 3799
	GPUs = 0
	Memory = 3000
...
006 (14418870.000.000) 01/26 10:49:28 Image size of job updated: 36596
	36  -  MemoryUsage of job (MB)
	36596  -  ResidentSetSize of job (KB)
...
006 (14418870.000.000) 01/26 10:54:28 Image size of job updated: 819912
	604  -  MemoryUsage of job (MB)
	617704  -  ResidentSetSize of job (KB)
...
006 (14418870.000.000) 01/26 10:59:21 Image size of job updated: 827828
	604  -  MemoryUsage of job (MB)
	617704  -  ResidentSetSize of job (KB)
...
040 (14418870.000.000) 01/26 10:59:21 Started transferring output files
...
040 (14418870.000.000) 01/26 10:59:21 Finished transferring output files
...
005 (14418870.000.000) 01/26 10:59:21 Job terminated.
	(1) Normal termination (return value 0)
		Usr 0 00:06:43, Sys 0 00:00:09  -  Run Remote Usage
		Usr 0 00:00:00, Sys 0 00:00:00  -  Run Local Usage
		Usr 0 00:06:43, Sys 0 00:00:09  -  Total Remote Usage
		Usr 0 00:00:00, Sys 0 00:00:00  -  Total Local Usage
	13471  -  Run Bytes Sent By Job
	317  -  Run Bytes Received By Job
	13471  -  Total Bytes Sent By Job
	317  -  Total Bytes Received By Job
	Partitionable Resources :    Usage  Request Allocated 
	   Cpus                 :     0.85        1         1 
	   Disk (KB)            :    37           1      3799 
	   GPUs                 :                           0 
	   Memory (MB)          :   604        3000      3000 
	   TimeExecute (s)      :   607                       
	   TimeSlotBusy (s)     :   609                       

	Job terminated of its own accord at 2026-01-26T09:59:21Z with exit-code 0.
...
