/pool/condor/dir_1111903

Opening file: /eos/user/a/amalhotr/ScoutingPFRun3/ScoutingData_2024H_TreeMakerRedone/251209_202708/0000/ScoutingTree_Output_696.root
Opened file /eos/user/a/amalhotr/ScoutingPFRun3/ScoutingData_2024H_TreeMakerRedone/251209_202708/0000/ScoutingTree_Output_696.root with 8030308 entries.
Tree opened successfully.
Total entries = 8030308

=====================================
=== Progress: 10% reached at entry 803030 ===
=====================================

=====================================
=== Progress: 20% reached at entry 1606061 ===
=====================================

=====================================
=== Progress: 30% reached at entry 2409092 ===
=====================================

=====================================
=== Progress: 40% reached at entry 3212123 ===
=====================================

=====================================
=== Progress: 50% reached at entry 4015154 ===
=====================================

=====================================
=== Progress: 60% reached at entry 4818184 ===
=====================================

=====================================
=== Progress: 70% reached at entry 5621215 ===
=====================================

=====================================
=== Progress: 80% reached at entry 6424246 ===
=====================================

=====================================
=== Progress: 90% reached at entry 7227277 ===
=====================================

Opening file: /eos/user/a/amalhotr/ScoutingPFRun3/ScoutingData_2024H_TreeMakerRedone/251209_202708/0000/ScoutingTree_Output_697.root
Opened file /eos/user/a/amalhotr/ScoutingPFRun3/ScoutingData_2024H_TreeMakerRedone/251209_202708/0000/ScoutingTree_Output_697.root with 8129421 entries.
Tree opened successfully.
Total entries = 8129421

=====================================
=== Progress: 10% reached at entry 812942 ===
=====================================

=====================================
=== Progress: 20% reached at entry 1625884 ===
=====================================

=====================================
=== Progress: 30% reached at entry 2438826 ===
=====================================

=====================================
=== Progress: 40% reached at entry 3251768 ===
=====================================

=====================================
=== Progress: 50% reached at entry 4064710 ===
=====================================

=====================================
=== Progress: 60% reached at entry 4877652 ===
=====================================

=====================================
=== Progress: 70% reached at entry 5690594 ===
=====================================

=====================================
=== Progress: 80% reached at entry 6503536 ===
=====================================

=====================================
=== Progress: 90% reached at entry 7316478 ===
=====================================

Opening file: /eos/user/a/amalhotr/ScoutingPFRun3/ScoutingData_2024H_TreeMakerRedone/251209_202708/0000/ScoutingTree_Output_698.root
Opened file /eos/user/a/amalhotr/ScoutingPFRun3/ScoutingData_2024H_TreeMakerRedone/251209_202708/0000/ScoutingTree_Output_698.root with 8027552 entries.
Tree opened successfully.
Total entries = 8027552

=====================================
=== Progress: 10% reached at entry 802755 ===
=====================================

=====================================
=== Progress: 20% reached at entry 1605510 ===
=====================================

=====================================
=== Progress: 30% reached at entry 2408265 ===
=====================================

=====================================
=== Progress: 40% reached at entry 3211020 ===
=====================================

=====================================
=== Progress: 50% reached at entry 4013776 ===
=====================================

=====================================
=== Progress: 60% reached at entry 4816531 ===
=====================================

=====================================
=== Progress: 70% reached at entry 5619286 ===
=====================================

=====================================
=== Progress: 80% reached at entry 6422041 ===
=====================================

=====================================
=== Progress: 90% reached at entry 7224796 ===
=====================================

Opening file: /eos/user/a/amalhotr/ScoutingPFRun3/ScoutingData_2024H_TreeMakerRedone/251209_202708/0000/ScoutingTree_Output_699.root
Opened file /eos/user/a/amalhotr/ScoutingPFRun3/ScoutingData_2024H_TreeMakerRedone/251209_202708/0000/ScoutingTree_Output_699.root with 8203527 entries.
Tree opened successfully.
Total entries = 8203527

=====================================
=== Progress: 10% reached at entry 820352 ===
=====================================

=====================================
=== Progress: 20% reached at entry 1640705 ===
=====================================

=====================================
=== Progress: 30% reached at entry 2461058 ===
=====================================

=====================================
=== Progress: 40% reached at entry 3281410 ===
=====================================

=====================================
=== Progress: 50% reached at entry 4101763 ===
=====================================

=====================================
=== Progress: 60% reached at entry 4922116 ===
=====================================

=====================================
=== Progress: 70% reached at entry 5742468 ===
=====================================

=====================================
=== Progress: 80% reached at entry 6562821 ===
=====================================

=====================================
=== Progress: 90% reached at entry 7383174 ===
=====================================

Finished Tree2PlotsRun3 scan.
