/pool/condor/dir_632192

Opening file: /eos/user/a/amalhotr/ScoutingPFRun3/ScoutingData_2024H_TreeMakerRedone/251209_202708/0000/ScoutingTree_Output_847.root
Opened file /eos/user/a/amalhotr/ScoutingPFRun3/ScoutingData_2024H_TreeMakerRedone/251209_202708/0000/ScoutingTree_Output_847.root with 7403917 entries.
Tree opened successfully.
Total entries = 7403917

=====================================
=== Progress: 10% reached at entry 740391 ===
=====================================

=====================================
=== Progress: 20% reached at entry 1480783 ===
=====================================

=====================================
=== Progress: 30% reached at entry 2221175 ===
=====================================

=====================================
=== Progress: 40% reached at entry 2961566 ===
=====================================

=====================================
=== Progress: 50% reached at entry 3701958 ===
=====================================

=====================================
=== Progress: 60% reached at entry 4442350 ===
=====================================

=====================================
=== Progress: 70% reached at entry 5182741 ===
=====================================

=====================================
=== Progress: 80% reached at entry 5923133 ===
=====================================

=====================================
=== Progress: 90% reached at entry 6663525 ===
=====================================

Opening file: /eos/user/a/amalhotr/ScoutingPFRun3/ScoutingData_2024H_TreeMakerRedone/251209_202708/0000/ScoutingTree_Output_848.root
Opened file /eos/user/a/amalhotr/ScoutingPFRun3/ScoutingData_2024H_TreeMakerRedone/251209_202708/0000/ScoutingTree_Output_848.root with 7185706 entries.
Tree opened successfully.
Total entries = 7185706

=====================================
=== Progress: 10% reached at entry 718570 ===
=====================================

=====================================
=== Progress: 20% reached at entry 1437141 ===
=====================================

=====================================
=== Progress: 30% reached at entry 2155711 ===
=====================================

=====================================
=== Progress: 40% reached at entry 2874282 ===
=====================================

=====================================
=== Progress: 50% reached at entry 3592853 ===
=====================================

=====================================
=== Progress: 60% reached at entry 4311423 ===
=====================================

=====================================
=== Progress: 70% reached at entry 5029994 ===
=====================================

=====================================
=== Progress: 80% reached at entry 5748564 ===
=====================================

=====================================
=== Progress: 90% reached at entry 6467135 ===
=====================================

Opening file: /eos/user/a/amalhotr/ScoutingPFRun3/ScoutingData_2024H_TreeMakerRedone/251209_202708/0000/ScoutingTree_Output_849.root
Opened file /eos/user/a/amalhotr/ScoutingPFRun3/ScoutingData_2024H_TreeMakerRedone/251209_202708/0000/ScoutingTree_Output_849.root with 7124093 entries.
Tree opened successfully.
Total entries = 7124093

=====================================
=== Progress: 10% reached at entry 712409 ===
=====================================

=====================================
=== Progress: 20% reached at entry 1424818 ===
=====================================

=====================================
=== Progress: 30% reached at entry 2137227 ===
=====================================

=====================================
=== Progress: 40% reached at entry 2849637 ===
=====================================

=====================================
=== Progress: 50% reached at entry 3562046 ===
=====================================

=====================================
=== Progress: 60% reached at entry 4274455 ===
=====================================

=====================================
=== Progress: 70% reached at entry 4986865 ===
=====================================

=====================================
=== Progress: 80% reached at entry 5699274 ===
=====================================

=====================================
=== Progress: 90% reached at entry 6411683 ===
=====================================

Opening file: /eos/user/a/amalhotr/ScoutingPFRun3/ScoutingData_2024H_TreeMakerRedone/251209_202708/0000/ScoutingTree_Output_84.root
Opened file /eos/user/a/amalhotr/ScoutingPFRun3/ScoutingData_2024H_TreeMakerRedone/251209_202708/0000/ScoutingTree_Output_84.root with 8387239 entries.
Tree opened successfully.
Total entries = 8387239

=====================================
=== Progress: 10% reached at entry 838723 ===
=====================================

=====================================
=== Progress: 20% reached at entry 1677447 ===
=====================================

=====================================
=== Progress: 30% reached at entry 2516171 ===
=====================================

=====================================
=== Progress: 40% reached at entry 3354895 ===
=====================================

=====================================
=== Progress: 50% reached at entry 4193619 ===
=====================================

=====================================
=== Progress: 60% reached at entry 5032343 ===
=====================================

=====================================
=== Progress: 70% reached at entry 5871067 ===
=====================================

=====================================
=== Progress: 80% reached at entry 6709791 ===
=====================================

=====================================
=== Progress: 90% reached at entry 7548515 ===
=====================================

Finished Tree2PlotsRun3 scan.
