000 (14418802.000.000) 01/26 10:11:32 Job submitted from host: <188.184.90.62:9618?addrs=188.184.90.62-9618+[2001-1458-201-e4--100-238]-9618&alias=bigbird16.cern.ch&noUDP&sock=schedd_5196_9a2f>
...
040 (14418802.000.000) 01/26 10:14:11 Started transferring input files
	Transferring to host: <188.185.210.188:9618?addrs=188.185.210.188-9618+[2001-1458-303-15--100-38]-9618&alias=b9p22p8460.cern.ch&noUDP&sock=slot1_25_7047_ffb8_161270>
...
040 (14418802.000.000) 01/26 10:14:11 Finished transferring input files
...
001 (14418802.000.000) 01/26 10:14:12 Job executing on host: <188.185.210.188:9618?addrs=188.185.210.188-9618+[2001-1458-303-15--100-38]-9618&alias=b9p22p8460.cern.ch&noUDP&sock=startd_6221_aac2>
	SlotName: slot1_25@b9p22p8460.cern.ch
	CondorScratchDir = "/pool/condor/dir_2107221"
	Cpus = 1
	Disk = 3852
	GPUs = 0
	Memory = 3000
...
006 (14418802.000.000) 01/26 10:14:27 Image size of job updated: 571260
	558  -  MemoryUsage of job (MB)
	571260  -  ResidentSetSize of job (KB)
...
006 (14418802.000.000) 01/26 10:19:27 Image size of job updated: 832760
	807  -  MemoryUsage of job (MB)
	825376  -  ResidentSetSize of job (KB)
...
006 (14418802.000.000) 01/26 10:21:33 Image size of job updated: 838152
	807  -  MemoryUsage of job (MB)
	825376  -  ResidentSetSize of job (KB)
...
040 (14418802.000.000) 01/26 10:21:33 Started transferring output files
...
040 (14418802.000.000) 01/26 10:21:33 Finished transferring output files
...
005 (14418802.000.000) 01/26 10:21:33 Job terminated.
	(1) Normal termination (return value 0)
		Usr 0 00:05:02, Sys 0 00:00:10  -  Run Remote Usage
		Usr 0 00:00:00, Sys 0 00:00:00  -  Run Local Usage
		Usr 0 00:05:02, Sys 0 00:00:10  -  Total Remote Usage
		Usr 0 00:00:00, Sys 0 00:00:00  -  Total Local Usage
	13176  -  Run Bytes Sent By Job
	317  -  Run Bytes Received By Job
	13176  -  Total Bytes Sent By Job
	317  -  Total Bytes Received By Job
	Partitionable Resources :    Usage  Request Allocated 
	   Cpus                 :        0        1         1 
	   Disk (KB)            :       36        1      3852 
	   GPUs                 :                           0 
	   Memory (MB)          :      807     3000      3000 
	   TimeExecute (s)      :      441                    
	   TimeSlotBusy (s)     :      443                    

	Job terminated of its own accord at 2026-01-26T09:21:33Z with exit-code 0.
...
