000 (14420200.000.000) 01/26 11:38:13 Job submitted from host: <188.184.90.62:9618?addrs=188.184.90.62-9618+[2001-1458-201-e4--100-238]-9618&alias=bigbird16.cern.ch&noUDP&sock=schedd_5196_9a2f>
...
040 (14420200.000.000) 01/26 11:40:24 Started transferring input files
	Transferring to host: <188.185.209.208:9618?addrs=188.185.209.208-9618+[2001-1458-303-12--100-4d]-9618&alias=b9p12p2338.cern.ch&noUDP&sock=slot1_21_8986_3326_117819>
...
040 (14420200.000.000) 01/26 11:40:24 Finished transferring input files
...
001 (14420200.000.000) 01/26 11:40:25 Job executing on host: <188.185.209.208:9618?addrs=188.185.209.208-9618+[2001-1458-303-12--100-4d]-9618&alias=b9p12p2338.cern.ch&noUDP&sock=startd_7465_f293>
	SlotName: slot1_21@b9p12p2338.cern.ch
	CondorScratchDir = "/pool/condor/dir_1410318"
	Cpus = 1
	Disk = 3748
	GPUs = 0
	Memory = 3000
...
006 (14420200.000.000) 01/26 11:40:39 Image size of job updated: 25772
	26  -  MemoryUsage of job (MB)
	25772  -  ResidentSetSize of job (KB)
...
006 (14420200.000.000) 01/26 11:45:40 Image size of job updated: 814720
	791  -  MemoryUsage of job (MB)
	809536  -  ResidentSetSize of job (KB)
...
006 (14420200.000.000) 01/26 11:50:40 Image size of job updated: 840500
	817  -  MemoryUsage of job (MB)
	836592  -  ResidentSetSize of job (KB)
...
040 (14420200.000.000) 01/26 11:51:33 Started transferring output files
...
040 (14420200.000.000) 01/26 11:51:33 Finished transferring output files
...
005 (14420200.000.000) 01/26 11:51:33 Job terminated.
	(1) Normal termination (return value 0)
		Usr 0 00:04:37, Sys 0 00:00:10  -  Run Remote Usage
		Usr 0 00:00:00, Sys 0 00:00:00  -  Run Local Usage
		Usr 0 00:04:37, Sys 0 00:00:10  -  Total Remote Usage
		Usr 0 00:00:00, Sys 0 00:00:00  -  Total Local Usage
	13433  -  Run Bytes Sent By Job
	317  -  Run Bytes Received By Job
	13433  -  Total Bytes Sent By Job
	317  -  Total Bytes Received By Job
	Partitionable Resources :    Usage  Request Allocated 
	   Cpus                 :     0.49        1         1 
	   Disk (KB)            :    40           1      3748 
	   GPUs                 :                           0 
	   Memory (MB)          :   817        3000      3000 
	   TimeExecute (s)      :   668                       
	   TimeSlotBusy (s)     :   670                       

	Job terminated of its own accord at 2026-01-26T10:51:33Z with exit-code 0.
...
