000 (14419937.000.000) 01/26 11:22:53 Job submitted from host: <188.184.90.62:9618?addrs=188.184.90.62-9618+[2001-1458-201-e4--100-238]-9618&alias=bigbird16.cern.ch&noUDP&sock=schedd_5196_9a2f>
...
040 (14419937.000.000) 01/26 11:25:09 Started transferring input files
	Transferring to host: <188.185.206.176:9618?addrs=188.185.206.176-9618+[2001-1458-303-c--100-2d]-9618&alias=b9p06p2041.cern.ch&noUDP&sock=slot1_21_4350_b7ea_116165>
...
040 (14419937.000.000) 01/26 11:25:09 Finished transferring input files
...
001 (14419937.000.000) 01/26 11:25:10 Job executing on host: <188.185.206.176:9618?addrs=188.185.206.176-9618+[2001-1458-303-c--100-2d]-9618&alias=b9p06p2041.cern.ch&noUDP&sock=startd_3873_2263>
	SlotName: slot1_21@b9p06p2041.cern.ch
	CondorScratchDir = "/pool/condor/dir_3879459"
	Cpus = 1
	Disk = 3681
	GPUs = 0
	Memory = 3000
...
006 (14419937.000.000) 01/26 11:25:23 Image size of job updated: 568256
	555  -  MemoryUsage of job (MB)
	568256  -  ResidentSetSize of job (KB)
...
006 (14419937.000.000) 01/26 11:30:15 Image size of job updated: 842596
	555  -  MemoryUsage of job (MB)
	568256  -  ResidentSetSize of job (KB)
...
040 (14419937.000.000) 01/26 11:30:15 Started transferring output files
...
040 (14419937.000.000) 01/26 11:30:15 Finished transferring output files
...
005 (14419937.000.000) 01/26 11:30:15 Job terminated.
	(1) Normal termination (return value 0)
		Usr 0 00:03:48, Sys 0 00:00:08  -  Run Remote Usage
		Usr 0 00:00:00, Sys 0 00:00:00  -  Run Local Usage
		Usr 0 00:03:48, Sys 0 00:00:08  -  Total Remote Usage
		Usr 0 00:00:00, Sys 0 00:00:00  -  Total Local Usage
	12859  -  Run Bytes Sent By Job
	317  -  Run Bytes Received By Job
	12859  -  Total Bytes Sent By Job
	317  -  Total Bytes Received By Job
	Partitionable Resources :    Usage  Request Allocated 
	   Cpus                 :     0.91        1         1 
	   Disk (KB)            :    39           1      3681 
	   GPUs                 :                           0 
	   Memory (MB)          :   555        3000      3000 
	   TimeExecute (s)      :   305                       
	   TimeSlotBusy (s)     :   308                       

	Job terminated of its own accord at 2026-01-26T10:30:15Z with exit-code 0.
...
