000 (14419818.000.000) 01/26 11:19:04 Job submitted from host: <188.184.90.62:9618?addrs=188.184.90.62-9618+[2001-1458-201-e4--100-238]-9618&alias=bigbird16.cern.ch&noUDP&sock=schedd_5196_9a2f>
...
040 (14419818.000.000) 01/26 11:19:36 Started transferring input files
	Transferring to host: <188.185.193.54:9618?addrs=188.185.193.54-9618+[2001-1458-303-20--100-32]-9618&alias=b9p19p9927.cern.ch&noUDP&sock=slot1_21_10393_8f00_121205>
...
040 (14419818.000.000) 01/26 11:19:36 Finished transferring input files
...
001 (14419818.000.000) 01/26 11:19:37 Job executing on host: <188.185.193.54:9618?addrs=188.185.193.54-9618+[2001-1458-303-20--100-32]-9618&alias=b9p19p9927.cern.ch&noUDP&sock=startd_8509_0b73>
	SlotName: slot1_21@b9p19p9927.cern.ch
	CondorScratchDir = "/pool/condor/dir_2006537"
	Cpus = 1
	Disk = 3904
	GPUs = 0
	Memory = 3000
...
006 (14419818.000.000) 01/26 11:19:51 Image size of job updated: 148392
	145  -  MemoryUsage of job (MB)
	148392  -  ResidentSetSize of job (KB)
...
006 (14419818.000.000) 01/26 11:24:52 Image size of job updated: 824272
	801  -  MemoryUsage of job (MB)
	819464  -  ResidentSetSize of job (KB)
...
040 (14419818.000.000) 01/26 11:27:50 Started transferring output files
...
040 (14419818.000.000) 01/26 11:27:50 Finished transferring output files
...
005 (14419818.000.000) 01/26 11:27:51 Job terminated.
	(1) Normal termination (return value 0)
		Usr 0 00:06:45, Sys 0 00:00:08  -  Run Remote Usage
		Usr 0 00:00:00, Sys 0 00:00:00  -  Run Local Usage
		Usr 0 00:06:45, Sys 0 00:00:08  -  Total Remote Usage
		Usr 0 00:00:00, Sys 0 00:00:00  -  Total Local Usage
	13161  -  Run Bytes Sent By Job
	317  -  Run Bytes Received By Job
	13161  -  Total Bytes Sent By Job
	317  -  Total Bytes Received By Job
	Partitionable Resources :    Usage  Request Allocated 
	   Cpus                 :     0.82        1         1 
	   Disk (KB)            :    36           1      3904 
	   GPUs                 :                           0 
	   Memory (MB)          :   801        3000      3000 
	   TimeExecute (s)      :   493                       
	   TimeSlotBusy (s)     :   495                       

	Job terminated of its own accord at 2026-01-26T10:27:50Z with exit-code 0.
...
