000 (14418733.000.000) 01/26 07:58:08 Job submitted from host: <188.184.90.62:9618?addrs=188.184.90.62-9618+[2001-1458-201-e4--100-238]-9618&alias=bigbird16.cern.ch&noUDP&sock=schedd_5196_9a2f>
...
040 (14418733.000.000) 01/26 07:58:32 Started transferring input files
	Transferring to host: <188.185.196.22:9618?addrs=188.185.196.22-9618+[2001-1458-303-23--100-12]-9618&alias=b9p16p1882.cern.ch&noUDP&sock=slot1_17_6337_bd5b_123462>
...
040 (14418733.000.000) 01/26 07:58:32 Finished transferring input files
...
001 (14418733.000.000) 01/26 07:58:33 Job executing on host: <188.185.196.22:9618?addrs=188.185.196.22-9618+[2001-1458-303-23--100-12]-9618&alias=b9p16p1882.cern.ch&noUDP&sock=startd_5327_7517>
	SlotName: slot1_17@b9p16p1882.cern.ch
	CondorScratchDir = "/pool/condor/dir_3860374"
	Cpus = 1
	Disk = 3832
	GPUs = 0
	Memory = 3000
...
006 (14418733.000.000) 01/26 07:58:39 Image size of job updated: 156
	0  -  MemoryUsage of job (MB)
	0  -  ResidentSetSize of job (KB)
...
040 (14418733.000.000) 01/26 07:58:39 Started transferring output files
...
040 (14418733.000.000) 01/26 07:58:39 Finished transferring output files
...
005 (14418733.000.000) 01/26 07:58:39 Job terminated.
	(1) Normal termination (return value 127)
		Usr 0 00:00:00, Sys 0 00:00:00  -  Run Remote Usage
		Usr 0 00:00:00, Sys 0 00:00:00  -  Run Local Usage
		Usr 0 00:00:00, Sys 0 00:00:00  -  Total Remote Usage
		Usr 0 00:00:00, Sys 0 00:00:00  -  Total Local Usage
	84  -  Run Bytes Sent By Job
	146  -  Run Bytes Received By Job
	84  -  Total Bytes Sent By Job
	146  -  Total Bytes Received By Job
	Partitionable Resources :    Usage  Request Allocated 
	   Cpus                 :        0        1         1 
	   Disk (KB)            :       26        1      3832 
	   GPUs                 :                           0 
	   Memory (MB)          :        0     3000      3000 
	   TimeExecute (s)      :        6                    
	   TimeSlotBusy (s)     :        8                    

	Job terminated of its own accord at 2026-01-26T06:58:39Z with exit-code 127.
...
