/pool/condor/dir_2137684

Opening file: /eos/user/a/amalhotr/ScoutingPFRun3/ScoutingData_2024H_TreeMakerRedone/251209_202708/0000/ScoutingTree_Output_584.root
Opened file /eos/user/a/amalhotr/ScoutingPFRun3/ScoutingData_2024H_TreeMakerRedone/251209_202708/0000/ScoutingTree_Output_584.root with 10002446 entries.
Tree opened successfully.
Total entries = 10002446

=====================================
=== Progress: 10% reached at entry 1000244 ===
=====================================

=====================================
=== Progress: 20% reached at entry 2000489 ===
=====================================

=====================================
=== Progress: 30% reached at entry 3000733 ===
=====================================

=====================================
=== Progress: 40% reached at entry 4000978 ===
=====================================

=====================================
=== Progress: 50% reached at entry 5001223 ===
=====================================

=====================================
=== Progress: 60% reached at entry 6001467 ===
=====================================

=====================================
=== Progress: 70% reached at entry 7001712 ===
=====================================

=====================================
=== Progress: 80% reached at entry 8001956 ===
=====================================

=====================================
=== Progress: 90% reached at entry 9002201 ===
=====================================

Opening file: /eos/user/a/amalhotr/ScoutingPFRun3/ScoutingData_2024H_TreeMakerRedone/251209_202708/0000/ScoutingTree_Output_585.root
Opened file /eos/user/a/amalhotr/ScoutingPFRun3/ScoutingData_2024H_TreeMakerRedone/251209_202708/0000/ScoutingTree_Output_585.root with 10531550 entries.
Tree opened successfully.
Total entries = 10531550

=====================================
=== Progress: 10% reached at entry 1053155 ===
=====================================

=====================================
=== Progress: 20% reached at entry 2106310 ===
=====================================

=====================================
=== Progress: 30% reached at entry 3159465 ===
=====================================

=====================================
=== Progress: 40% reached at entry 4212620 ===
=====================================

=====================================
=== Progress: 50% reached at entry 5265775 ===
=====================================

=====================================
=== Progress: 60% reached at entry 6318930 ===
=====================================

=====================================
=== Progress: 70% reached at entry 7372085 ===
=====================================

=====================================
=== Progress: 80% reached at entry 8425240 ===
=====================================

=====================================
=== Progress: 90% reached at entry 9478395 ===
=====================================

Opening file: /eos/user/a/amalhotr/ScoutingPFRun3/ScoutingData_2024H_TreeMakerRedone/251209_202708/0000/ScoutingTree_Output_586.root
Opened file /eos/user/a/amalhotr/ScoutingPFRun3/ScoutingData_2024H_TreeMakerRedone/251209_202708/0000/ScoutingTree_Output_586.root with 9499857 entries.
Tree opened successfully.
Total entries = 9499857

=====================================
=== Progress: 10% reached at entry 949985 ===
=====================================

=====================================
=== Progress: 20% reached at entry 1899971 ===
=====================================

=====================================
=== Progress: 30% reached at entry 2849957 ===
=====================================

=====================================
=== Progress: 40% reached at entry 3799942 ===
=====================================

=====================================
=== Progress: 50% reached at entry 4749928 ===
=====================================

=====================================
=== Progress: 60% reached at entry 5699914 ===
=====================================

=====================================
=== Progress: 70% reached at entry 6649899 ===
=====================================

=====================================
=== Progress: 80% reached at entry 7599885 ===
=====================================

=====================================
=== Progress: 90% reached at entry 8549871 ===
=====================================

Opening file: /eos/user/a/amalhotr/ScoutingPFRun3/ScoutingData_2024H_TreeMakerRedone/251209_202708/0000/ScoutingTree_Output_587.root
Opened file /eos/user/a/amalhotr/ScoutingPFRun3/ScoutingData_2024H_TreeMakerRedone/251209_202708/0000/ScoutingTree_Output_587.root with 10025506 entries.
Tree opened successfully.
Total entries = 10025506

=====================================
=== Progress: 10% reached at entry 1002550 ===
=====================================

=====================================
=== Progress: 20% reached at entry 2005101 ===
=====================================

=====================================
=== Progress: 30% reached at entry 3007651 ===
=====================================

=====================================
=== Progress: 40% reached at entry 4010202 ===
=====================================

=====================================
=== Progress: 50% reached at entry 5012753 ===
=====================================

=====================================
=== Progress: 60% reached at entry 6015303 ===
=====================================

=====================================
=== Progress: 70% reached at entry 7017854 ===
=====================================

=====================================
=== Progress: 80% reached at entry 8020404 ===
=====================================

=====================================
=== Progress: 90% reached at entry 9022955 ===
=====================================

Finished Tree2PlotsRun3 scan.
