/pool/condor/dir_1924921

Opening file: /eos/user/a/amalhotr/ScoutingPFRun3/ScoutingData_2024H_TreeMakerRedone/251209_202708/0000/ScoutingTree_Output_7.root
Opened file /eos/user/a/amalhotr/ScoutingPFRun3/ScoutingData_2024H_TreeMakerRedone/251209_202708/0000/ScoutingTree_Output_7.root with 8319976 entries.
Tree opened successfully.
Total entries = 8319976

=====================================
=== Progress: 10% reached at entry 831997 ===
=====================================

=====================================
=== Progress: 20% reached at entry 1663995 ===
=====================================

=====================================
=== Progress: 30% reached at entry 2495992 ===
=====================================

=====================================
=== Progress: 40% reached at entry 3327990 ===
=====================================

=====================================
=== Progress: 50% reached at entry 4159988 ===
=====================================

=====================================
=== Progress: 60% reached at entry 4991985 ===
=====================================

=====================================
=== Progress: 70% reached at entry 5823983 ===
=====================================

=====================================
=== Progress: 80% reached at entry 6655980 ===
=====================================

=====================================
=== Progress: 90% reached at entry 7487978 ===
=====================================

Opening file: /eos/user/a/amalhotr/ScoutingPFRun3/ScoutingData_2024H_TreeMakerRedone/251209_202708/0000/ScoutingTree_Output_8.root
Opened file /eos/user/a/amalhotr/ScoutingPFRun3/ScoutingData_2024H_TreeMakerRedone/251209_202708/0000/ScoutingTree_Output_8.root with 8315906 entries.
Tree opened successfully.
Total entries = 8315906

=====================================
=== Progress: 10% reached at entry 831590 ===
=====================================

=====================================
=== Progress: 20% reached at entry 1663181 ===
=====================================

=====================================
=== Progress: 30% reached at entry 2494771 ===
=====================================

=====================================
=== Progress: 40% reached at entry 3326362 ===
=====================================

=====================================
=== Progress: 50% reached at entry 4157953 ===
=====================================

=====================================
=== Progress: 60% reached at entry 4989543 ===
=====================================

=====================================
=== Progress: 70% reached at entry 5821134 ===
=====================================

=====================================
=== Progress: 80% reached at entry 6652724 ===
=====================================

=====================================
=== Progress: 90% reached at entry 7484315 ===
=====================================

Opening file: /eos/user/a/amalhotr/ScoutingPFRun3/ScoutingData_2024H_TreeMakerRedone/251209_202708/0000/ScoutingTree_Output_9.root
Opened file /eos/user/a/amalhotr/ScoutingPFRun3/ScoutingData_2024H_TreeMakerRedone/251209_202708/0000/ScoutingTree_Output_9.root with 8351536 entries.
Tree opened successfully.
Total entries = 8351536

=====================================
=== Progress: 10% reached at entry 835153 ===
=====================================

=====================================
=== Progress: 20% reached at entry 1670307 ===
=====================================

=====================================
=== Progress: 30% reached at entry 2505460 ===
=====================================

=====================================
=== Progress: 40% reached at entry 3340614 ===
=====================================

=====================================
=== Progress: 50% reached at entry 4175768 ===
=====================================

=====================================
=== Progress: 60% reached at entry 5010921 ===
=====================================

=====================================
=== Progress: 70% reached at entry 5846075 ===
=====================================

=====================================
=== Progress: 80% reached at entry 6681228 ===
=====================================

=====================================
=== Progress: 90% reached at entry 7516382 ===
=====================================

Finished Tree2PlotsRun3 scan.
