000 (14419462.000.000) 01/26 11:03:31 Job submitted from host: <188.184.90.62:9618?addrs=188.184.90.62-9618+[2001-1458-201-e4--100-238]-9618&alias=bigbird16.cern.ch&noUDP&sock=schedd_5196_9a2f>
...
040 (14419462.000.000) 01/26 11:05:22 Started transferring input files
	Transferring to host: <188.185.212.10:9618?addrs=188.185.212.10-9618+[2001-1458-303-18--100-6]-9618&alias=b9p25p7804.cern.ch&noUDP&sock=slot1_10_4319_e049_136095>
...
040 (14419462.000.000) 01/26 11:05:22 Finished transferring input files
...
001 (14419462.000.000) 01/26 11:05:23 Job executing on host: <188.185.212.10:9618?addrs=188.185.212.10-9618+[2001-1458-303-18--100-6]-9618&alias=b9p25p7804.cern.ch&noUDP&sock=startd_3671_9442>
	SlotName: slot1_10@b9p25p7804.cern.ch
	CondorScratchDir = "/pool/condor/dir_3255562"
	Cpus = 1
	Disk = 3744
	GPUs = 0
	Memory = 3000
...
006 (14419462.000.000) 01/26 11:05:36 Image size of job updated: 105676
	104  -  MemoryUsage of job (MB)
	105676  -  ResidentSetSize of job (KB)
...
006 (14419462.000.000) 01/26 11:10:36 Image size of job updated: 840512
	808  -  MemoryUsage of job (MB)
	827096  -  ResidentSetSize of job (KB)
...
040 (14419462.000.000) 01/26 11:11:53 Started transferring output files
...
040 (14419462.000.000) 01/26 11:11:53 Finished transferring output files
...
005 (14419462.000.000) 01/26 11:11:53 Job terminated.
	(1) Normal termination (return value 0)
		Usr 0 00:04:32, Sys 0 00:00:08  -  Run Remote Usage
		Usr 0 00:00:00, Sys 0 00:00:00  -  Run Local Usage
		Usr 0 00:04:32, Sys 0 00:00:08  -  Total Remote Usage
		Usr 0 00:00:00, Sys 0 00:00:00  -  Total Local Usage
	13131  -  Run Bytes Sent By Job
	317  -  Run Bytes Received By Job
	13131  -  Total Bytes Sent By Job
	317  -  Total Bytes Received By Job
	Partitionable Resources :    Usage  Request Allocated 
	   Cpus                 :     0.01        1         1 
	   Disk (KB)            :    36           1      3744 
	   GPUs                 :                           0 
	   Memory (MB)          :   808        3000      3000 
	   TimeExecute (s)      :   390                       
	   TimeSlotBusy (s)     :   392                       

	Job terminated of its own accord at 2026-01-26T10:11:53Z with exit-code 0.
...
