000 (14418782.000.000) 01/26 10:11:26 Job submitted from host: <188.184.90.62:9618?addrs=188.184.90.62-9618+[2001-1458-201-e4--100-238]-9618&alias=bigbird16.cern.ch&noUDP&sock=schedd_5196_9a2f>
...
040 (14418782.000.000) 01/26 10:14:09 Started transferring input files
	Transferring to host: <188.185.194.181:9618?addrs=188.185.194.181-9618+[2001-1458-303-21--100-b1]-9618&alias=b9p20p9544.cern.ch&noUDP&sock=slot1_23_4442_8a6e_126378>
...
040 (14418782.000.000) 01/26 10:14:09 Finished transferring input files
...
001 (14418782.000.000) 01/26 10:14:10 Job executing on host: <188.185.194.181:9618?addrs=188.185.194.181-9618+[2001-1458-303-21--100-b1]-9618&alias=b9p20p9544.cern.ch&noUDP&sock=startd_3620_98ed>
	SlotName: slot1_23@b9p20p9544.cern.ch
	CondorScratchDir = "/pool/condor/dir_1829270"
	Cpus = 1
	Disk = 3842
	GPUs = 0
	Memory = 3000
...
006 (14418782.000.000) 01/26 10:14:24 Image size of job updated: 111976
	110  -  MemoryUsage of job (MB)
	111976  -  ResidentSetSize of job (KB)
...
006 (14418782.000.000) 01/26 10:19:25 Image size of job updated: 851296
	799  -  MemoryUsage of job (MB)
	817428  -  ResidentSetSize of job (KB)
...
040 (14418782.000.000) 01/26 10:22:05 Started transferring output files
...
040 (14418782.000.000) 01/26 10:22:05 Finished transferring output files
...
005 (14418782.000.000) 01/26 10:22:05 Job terminated.
	(1) Normal termination (return value 0)
		Usr 0 00:06:13, Sys 0 00:00:10  -  Run Remote Usage
		Usr 0 00:00:00, Sys 0 00:00:00  -  Run Local Usage
		Usr 0 00:06:13, Sys 0 00:00:10  -  Total Remote Usage
		Usr 0 00:00:00, Sys 0 00:00:00  -  Total Local Usage
	13012  -  Run Bytes Sent By Job
	317  -  Run Bytes Received By Job
	13012  -  Total Bytes Sent By Job
	317  -  Total Bytes Received By Job
	Partitionable Resources :    Usage  Request Allocated 
	   Cpus                 :     0.88        1         1 
	   Disk (KB)            :    36           1      3842 
	   GPUs                 :                           0 
	   Memory (MB)          :   799        3000      3000 
	   TimeExecute (s)      :   474                       
	   TimeSlotBusy (s)     :   477                       

	Job terminated of its own accord at 2026-01-26T09:22:04Z with exit-code 0.
...
