/pool/condor/dir_1926343

Opening file: /eos/user/a/amalhotr/ScoutingPFRun3/ScoutingData_2024H_TreeMakerRedone/251209_202708/0000/ScoutingTree_Output_223.root
Opened file /eos/user/a/amalhotr/ScoutingPFRun3/ScoutingData_2024H_TreeMakerRedone/251209_202708/0000/ScoutingTree_Output_223.root with 7909469 entries.
Tree opened successfully.
Total entries = 7909469

=====================================
=== Progress: 10% reached at entry 790946 ===
=====================================

=====================================
=== Progress: 20% reached at entry 1581893 ===
=====================================

=====================================
=== Progress: 30% reached at entry 2372840 ===
=====================================

=====================================
=== Progress: 40% reached at entry 3163787 ===
=====================================

=====================================
=== Progress: 50% reached at entry 3954734 ===
=====================================

=====================================
=== Progress: 60% reached at entry 4745681 ===
=====================================

=====================================
=== Progress: 70% reached at entry 5536628 ===
=====================================

=====================================
=== Progress: 80% reached at entry 6327575 ===
=====================================

=====================================
=== Progress: 90% reached at entry 7118522 ===
=====================================

Opening file: /eos/user/a/amalhotr/ScoutingPFRun3/ScoutingData_2024H_TreeMakerRedone/251209_202708/0000/ScoutingTree_Output_224.root
Opened file /eos/user/a/amalhotr/ScoutingPFRun3/ScoutingData_2024H_TreeMakerRedone/251209_202708/0000/ScoutingTree_Output_224.root with 8145415 entries.
Tree opened successfully.
Total entries = 8145415

=====================================
=== Progress: 10% reached at entry 814541 ===
=====================================

=====================================
=== Progress: 20% reached at entry 1629083 ===
=====================================

=====================================
=== Progress: 30% reached at entry 2443624 ===
=====================================

=====================================
=== Progress: 40% reached at entry 3258166 ===
=====================================

=====================================
=== Progress: 50% reached at entry 4072707 ===
=====================================

=====================================
=== Progress: 60% reached at entry 4887249 ===
=====================================

=====================================
=== Progress: 70% reached at entry 5701790 ===
=====================================

=====================================
=== Progress: 80% reached at entry 6516332 ===
=====================================

=====================================
=== Progress: 90% reached at entry 7330873 ===
=====================================

Opening file: /eos/user/a/amalhotr/ScoutingPFRun3/ScoutingData_2024H_TreeMakerRedone/251209_202708/0000/ScoutingTree_Output_225.root
Opened file /eos/user/a/amalhotr/ScoutingPFRun3/ScoutingData_2024H_TreeMakerRedone/251209_202708/0000/ScoutingTree_Output_225.root with 7971107 entries.
Tree opened successfully.
Total entries = 7971107

=====================================
=== Progress: 10% reached at entry 797110 ===
=====================================

=====================================
=== Progress: 20% reached at entry 1594221 ===
=====================================

=====================================
=== Progress: 30% reached at entry 2391332 ===
=====================================

=====================================
=== Progress: 40% reached at entry 3188442 ===
=====================================

=====================================
=== Progress: 50% reached at entry 3985553 ===
=====================================

=====================================
=== Progress: 60% reached at entry 4782664 ===
=====================================

=====================================
=== Progress: 70% reached at entry 5579774 ===
=====================================

=====================================
=== Progress: 80% reached at entry 6376885 ===
=====================================

=====================================
=== Progress: 90% reached at entry 7173996 ===
=====================================

Opening file: /eos/user/a/amalhotr/ScoutingPFRun3/ScoutingData_2024H_TreeMakerRedone/251209_202708/0000/ScoutingTree_Output_226.root
Opened file /eos/user/a/amalhotr/ScoutingPFRun3/ScoutingData_2024H_TreeMakerRedone/251209_202708/0000/ScoutingTree_Output_226.root with 8203725 entries.
Tree opened successfully.
Total entries = 8203725

=====================================
=== Progress: 10% reached at entry 820372 ===
=====================================

=====================================
=== Progress: 20% reached at entry 1640745 ===
=====================================

=====================================
=== Progress: 30% reached at entry 2461117 ===
=====================================

=====================================
=== Progress: 40% reached at entry 3281490 ===
=====================================

=====================================
=== Progress: 50% reached at entry 4101862 ===
=====================================

=====================================
=== Progress: 60% reached at entry 4922235 ===
=====================================

=====================================
=== Progress: 70% reached at entry 5742607 ===
=====================================

=====================================
=== Progress: 80% reached at entry 6562980 ===
=====================================

=====================================
=== Progress: 90% reached at entry 7383352 ===
=====================================

Finished Tree2PlotsRun3 scan.
