/pool/condor/dir_2127929

Opening file: /eos/user/a/amalhotr/ScoutingPFRun3/ScoutingData_2024H_TreeMakerRedone/251209_202708/0000/ScoutingTree_Output_454.root
Opened file /eos/user/a/amalhotr/ScoutingPFRun3/ScoutingData_2024H_TreeMakerRedone/251209_202708/0000/ScoutingTree_Output_454.root with 8188326 entries.
Tree opened successfully.
Total entries = 8188326

=====================================
=== Progress: 10% reached at entry 818832 ===
=====================================

=====================================
=== Progress: 20% reached at entry 1637665 ===
=====================================

=====================================
=== Progress: 30% reached at entry 2456497 ===
=====================================

=====================================
=== Progress: 40% reached at entry 3275330 ===
=====================================

=====================================
=== Progress: 50% reached at entry 4094163 ===
=====================================

=====================================
=== Progress: 60% reached at entry 4912995 ===
=====================================

=====================================
=== Progress: 70% reached at entry 5731828 ===
=====================================

=====================================
=== Progress: 80% reached at entry 6550660 ===
=====================================

=====================================
=== Progress: 90% reached at entry 7369493 ===
=====================================

Opening file: /eos/user/a/amalhotr/ScoutingPFRun3/ScoutingData_2024H_TreeMakerRedone/251209_202708/0000/ScoutingTree_Output_455.root
Opened file /eos/user/a/amalhotr/ScoutingPFRun3/ScoutingData_2024H_TreeMakerRedone/251209_202708/0000/ScoutingTree_Output_455.root with 8377092 entries.
Tree opened successfully.
Total entries = 8377092

=====================================
=== Progress: 10% reached at entry 837709 ===
=====================================

=====================================
=== Progress: 20% reached at entry 1675418 ===
=====================================

=====================================
=== Progress: 30% reached at entry 2513127 ===
=====================================

=====================================
=== Progress: 40% reached at entry 3350836 ===
=====================================

=====================================
=== Progress: 50% reached at entry 4188546 ===
=====================================

=====================================
=== Progress: 60% reached at entry 5026255 ===
=====================================

=====================================
=== Progress: 70% reached at entry 5863964 ===
=====================================

=====================================
=== Progress: 80% reached at entry 6701673 ===
=====================================

=====================================
=== Progress: 90% reached at entry 7539382 ===
=====================================

Opening file: /eos/user/a/amalhotr/ScoutingPFRun3/ScoutingData_2024H_TreeMakerRedone/251209_202708/0000/ScoutingTree_Output_456.root
Opened file /eos/user/a/amalhotr/ScoutingPFRun3/ScoutingData_2024H_TreeMakerRedone/251209_202708/0000/ScoutingTree_Output_456.root with 8142616 entries.
Tree opened successfully.
Total entries = 8142616

=====================================
=== Progress: 10% reached at entry 814261 ===
=====================================

=====================================
=== Progress: 20% reached at entry 1628523 ===
=====================================

=====================================
=== Progress: 30% reached at entry 2442784 ===
=====================================

=====================================
=== Progress: 40% reached at entry 3257046 ===
=====================================

=====================================
=== Progress: 50% reached at entry 4071308 ===
=====================================

=====================================
=== Progress: 60% reached at entry 4885569 ===
=====================================

=====================================
=== Progress: 70% reached at entry 5699831 ===
=====================================

=====================================
=== Progress: 80% reached at entry 6514092 ===
=====================================

=====================================
=== Progress: 90% reached at entry 7328354 ===
=====================================

Opening file: /eos/user/a/amalhotr/ScoutingPFRun3/ScoutingData_2024H_TreeMakerRedone/251209_202708/0000/ScoutingTree_Output_457.root
Opened file /eos/user/a/amalhotr/ScoutingPFRun3/ScoutingData_2024H_TreeMakerRedone/251209_202708/0000/ScoutingTree_Output_457.root with 8069777 entries.
Tree opened successfully.
Total entries = 8069777

=====================================
=== Progress: 10% reached at entry 806977 ===
=====================================

=====================================
=== Progress: 20% reached at entry 1613955 ===
=====================================

=====================================
=== Progress: 30% reached at entry 2420933 ===
=====================================

=====================================
=== Progress: 40% reached at entry 3227910 ===
=====================================

=====================================
=== Progress: 50% reached at entry 4034888 ===
=====================================

=====================================
=== Progress: 60% reached at entry 4841866 ===
=====================================

=====================================
=== Progress: 70% reached at entry 5648843 ===
=====================================

=====================================
=== Progress: 80% reached at entry 6455821 ===
=====================================

=====================================
=== Progress: 90% reached at entry 7262799 ===
=====================================

Finished Tree2PlotsRun3 scan.
