000 (14418829.000.000) 01/26 10:29:58 Job submitted from host: <188.184.90.62:9618?addrs=188.184.90.62-9618+[2001-1458-201-e4--100-238]-9618&alias=bigbird16.cern.ch&noUDP&sock=schedd_5196_9a2f>
...
040 (14418829.000.000) 01/26 10:31:54 Started transferring input files
	Transferring to host: <188.185.213.217:9618?addrs=188.185.213.217-9618+[2001-1458-303-1b--100-55]-9618&alias=b9p28p6886.cern.ch&noUDP&sock=slot1_13_9250_3631_160625>
...
040 (14418829.000.000) 01/26 10:31:54 Finished transferring input files
...
001 (14418829.000.000) 01/26 10:31:55 Job executing on host: <188.185.213.217:9618?addrs=188.185.213.217-9618+[2001-1458-303-1b--100-55]-9618&alias=b9p28p6886.cern.ch&noUDP&sock=startd_8572_41ea>
	SlotName: slot1_13@b9p28p6886.cern.ch
	CondorScratchDir = "/pool/condor/dir_3885646"
	Cpus = 1
	Disk = 3829
	GPUs = 0
	Memory = 3000
...
006 (14418829.000.000) 01/26 10:32:08 Image size of job updated: 649680
	635  -  MemoryUsage of job (MB)
	649680  -  ResidentSetSize of job (KB)
...
006 (14418829.000.000) 01/26 10:37:07 Image size of job updated: 851600
	635  -  MemoryUsage of job (MB)
	649680  -  ResidentSetSize of job (KB)
...
040 (14418829.000.000) 01/26 10:37:07 Started transferring output files
...
040 (14418829.000.000) 01/26 10:37:07 Finished transferring output files
...
005 (14418829.000.000) 01/26 10:37:07 Job terminated.
	(1) Normal termination (return value 0)
		Usr 0 00:03:34, Sys 0 00:00:09  -  Run Remote Usage
		Usr 0 00:00:00, Sys 0 00:00:00  -  Run Local Usage
		Usr 0 00:03:34, Sys 0 00:00:09  -  Total Remote Usage
		Usr 0 00:00:00, Sys 0 00:00:00  -  Total Local Usage
	12859  -  Run Bytes Sent By Job
	317  -  Run Bytes Received By Job
	12859  -  Total Bytes Sent By Job
	317  -  Total Bytes Received By Job
	Partitionable Resources :    Usage  Request Allocated 
	   Cpus                 :        0        1         1 
	   Disk (KB)            :       36        1      3829 
	   GPUs                 :                           0 
	   Memory (MB)          :      635     3000      3000 
	   TimeExecute (s)      :      312                    
	   TimeSlotBusy (s)     :      313                    

	Job terminated of its own accord at 2026-01-26T09:37:07Z with exit-code 0.
...
