000 (14418837.000.000) 01/26 10:30:01 Job submitted from host: <188.184.90.62:9618?addrs=188.184.90.62-9618+[2001-1458-201-e4--100-238]-9618&alias=bigbird16.cern.ch&noUDP&sock=schedd_5196_9a2f>
...
040 (14418837.000.000) 01/26 10:31:57 Started transferring input files
	Transferring to host: <188.185.213.180:9618?addrs=188.185.213.180-9618+[2001-1458-303-1b--100-30]-9618&alias=b9p28p7628.cern.ch&noUDP&sock=slot1_7_4281_1a07_165014>
...
040 (14418837.000.000) 01/26 10:31:57 Finished transferring input files
...
001 (14418837.000.000) 01/26 10:31:58 Job executing on host: <188.185.213.180:9618?addrs=188.185.213.180-9618+[2001-1458-303-1b--100-30]-9618&alias=b9p28p7628.cern.ch&noUDP&sock=startd_3596_22a7>
	SlotName: slot1_7@b9p28p7628.cern.ch
	CondorScratchDir = "/pool/condor/dir_1001407"
	Cpus = 1
	Disk = 3867
	GPUs = 0
	Memory = 3000
...
006 (14418837.000.000) 01/26 10:32:11 Image size of job updated: 146320
	143  -  MemoryUsage of job (MB)
	146320  -  ResidentSetSize of job (KB)
...
006 (14418837.000.000) 01/26 10:37:11 Image size of job updated: 829108
	807  -  MemoryUsage of job (MB)
	826344  -  ResidentSetSize of job (KB)
...
006 (14418837.000.000) 01/26 10:39:55 Image size of job updated: 833272
	807  -  MemoryUsage of job (MB)
	826344  -  ResidentSetSize of job (KB)
...
040 (14418837.000.000) 01/26 10:39:55 Started transferring output files
...
040 (14418837.000.000) 01/26 10:39:55 Finished transferring output files
...
005 (14418837.000.000) 01/26 10:39:55 Job terminated.
	(1) Normal termination (return value 0)
		Usr 0 00:05:37, Sys 0 00:00:11  -  Run Remote Usage
		Usr 0 00:00:00, Sys 0 00:00:00  -  Run Local Usage
		Usr 0 00:05:37, Sys 0 00:00:11  -  Total Remote Usage
		Usr 0 00:00:00, Sys 0 00:00:00  -  Total Local Usage
	13299  -  Run Bytes Sent By Job
	317  -  Run Bytes Received By Job
	13299  -  Total Bytes Sent By Job
	317  -  Total Bytes Received By Job
	Partitionable Resources :    Usage  Request Allocated 
	   Cpus                 :        0        1         1 
	   Disk (KB)            :       36        1      3867 
	   GPUs                 :                           0 
	   Memory (MB)          :      807     3000      3000 
	   TimeExecute (s)      :      477                    
	   TimeSlotBusy (s)     :      479                    

	Job terminated of its own accord at 2026-01-26T09:39:55Z with exit-code 0.
...
