Begin processing the 1st record. Run 1, Event 1, LumiSection 1 on stream 0 at 26-Jan-2026 11:05:43.960 CET
[2026-01-26 11:12:38.105845 +0100][Error  ][PostMaster        ] [st-h01-apollo.cern.ch:1101] Forcing error on disconnect: [ERROR] Operation interrupted.
[2026-01-26 11:12:38.117662 +0100][Error  ][PostMaster        ] [st-h01-hefesto.cern.ch:1101] Forcing error on disconnect: [ERROR] Operation interrupted.

TrigReport ---------- Event  Summary ------------
TrigReport Events total = 1 passed = 1 failed = 0

TrigReport ---------- Path   Summary ------------
TrigReport  Trig Bit#   Executed     Passed     Failed      Error Name
TrigReport     1    0          1          1          0          0 p


TrigReport -------End-Path   Summary ------------
TrigReport  Trig Bit#   Executed     Passed     Failed      Error Name


TrigReport ---------- Modules in Path: p ------------
TrigReport  Trig Bit#    Visited     Passed     Failed      Error Name
TrigReport     1    0          1          1          0          0 tree2plots


TrigReport ---------- Module Summary ------------
TrigReport    Visited   Executed     Passed     Failed      Error Name
TrigReport          1          1          1          0          0 TriggerResults
TrigReport          1          1          1          0          0 p
TrigReport          1          1          1          0          0 tree2plots


TimeReport ---------- Event  Summary ---[sec]----
TimeReport       event loop CPU/event = 298.275871
TimeReport      event loop Real/event = 505.715934
TimeReport     sum Streams Real/event = 505.715218
TimeReport efficiency CPU/Real/thread = 0.589809

TimeReport ---------- Path   Summary ---[Real sec]----
TimeReport  per event     per exec  Name
TimeReport 505.714906   505.714906  p

TimeReport  per event     per exec  Name

TimeReport -------End-Path   Summary ---[Real sec]----
TimeReport  per event     per exec  Name

TimeReport  per event     per exec  Name

TimeReport ---------- Modules in Path: p ---[Real sec]----
TimeReport  per event    per visit  Name
TimeReport 505.714739   505.714739  tree2plots

TimeReport  per event    per visit  Name

TimeReport ---------- Module Summary ---[Real sec]----
TimeReport  per event     per exec    per visit  Name
TimeReport   0.000005     0.000005     0.000005  TriggerResults
TimeReport   0.000037     0.000037     0.000037  p
TimeReport 505.714739   505.714739   505.714739  tree2plots

TimeReport  per event     per exec    per visit  Name

T---Report end!


