/pool/condor/dir_951745

Opening file: /eos/user/a/amalhotr/ScoutingPFRun3/ScoutingData_2024H_TreeMakerRedone/251209_202708/0000/ScoutingTree_Output_775.root
Opened file /eos/user/a/amalhotr/ScoutingPFRun3/ScoutingData_2024H_TreeMakerRedone/251209_202708/0000/ScoutingTree_Output_775.root with 9851654 entries.
Tree opened successfully.
Total entries = 9851654

=====================================
=== Progress: 10% reached at entry 985165 ===
=====================================

=====================================
=== Progress: 20% reached at entry 1970330 ===
=====================================

=====================================
=== Progress: 30% reached at entry 2955496 ===
=====================================

=====================================
=== Progress: 40% reached at entry 3940661 ===
=====================================

=====================================
=== Progress: 50% reached at entry 4925827 ===
=====================================

=====================================
=== Progress: 60% reached at entry 5910992 ===
=====================================

=====================================
=== Progress: 70% reached at entry 6896157 ===
=====================================

=====================================
=== Progress: 80% reached at entry 7881323 ===
=====================================

=====================================
=== Progress: 90% reached at entry 8866488 ===
=====================================

Opening file: /eos/user/a/amalhotr/ScoutingPFRun3/ScoutingData_2024H_TreeMakerRedone/251209_202708/0000/ScoutingTree_Output_776.root
Opened file /eos/user/a/amalhotr/ScoutingPFRun3/ScoutingData_2024H_TreeMakerRedone/251209_202708/0000/ScoutingTree_Output_776.root with 8789999 entries.
Tree opened successfully.
Total entries = 8789999

=====================================
=== Progress: 10% reached at entry 878999 ===
=====================================

=====================================
=== Progress: 20% reached at entry 1757999 ===
=====================================

=====================================
=== Progress: 30% reached at entry 2636999 ===
=====================================

=====================================
=== Progress: 40% reached at entry 3515999 ===
=====================================

=====================================
=== Progress: 50% reached at entry 4394999 ===
=====================================

=====================================
=== Progress: 60% reached at entry 5273999 ===
=====================================

=====================================
=== Progress: 70% reached at entry 6152999 ===
=====================================

=====================================
=== Progress: 80% reached at entry 7031999 ===
=====================================

=====================================
=== Progress: 90% reached at entry 7910999 ===
=====================================

Opening file: /eos/user/a/amalhotr/ScoutingPFRun3/ScoutingData_2024H_TreeMakerRedone/251209_202708/0000/ScoutingTree_Output_777.root
Opened file /eos/user/a/amalhotr/ScoutingPFRun3/ScoutingData_2024H_TreeMakerRedone/251209_202708/0000/ScoutingTree_Output_777.root with 8800086 entries.
Tree opened successfully.
Total entries = 8800086

=====================================
=== Progress: 10% reached at entry 880008 ===
=====================================

=====================================
=== Progress: 20% reached at entry 1760017 ===
=====================================

=====================================
=== Progress: 30% reached at entry 2640025 ===
=====================================

=====================================
=== Progress: 40% reached at entry 3520034 ===
=====================================

=====================================
=== Progress: 50% reached at entry 4400043 ===
=====================================

=====================================
=== Progress: 60% reached at entry 5280051 ===
=====================================

=====================================
=== Progress: 70% reached at entry 6160060 ===
=====================================

=====================================
=== Progress: 80% reached at entry 7040068 ===
=====================================

=====================================
=== Progress: 90% reached at entry 7920077 ===
=====================================

Opening file: /eos/user/a/amalhotr/ScoutingPFRun3/ScoutingData_2024H_TreeMakerRedone/251209_202708/0000/ScoutingTree_Output_778.root
Opened file /eos/user/a/amalhotr/ScoutingPFRun3/ScoutingData_2024H_TreeMakerRedone/251209_202708/0000/ScoutingTree_Output_778.root with 8751627 entries.
Tree opened successfully.
Total entries = 8751627

=====================================
=== Progress: 10% reached at entry 875162 ===
=====================================

=====================================
=== Progress: 20% reached at entry 1750325 ===
=====================================

=====================================
=== Progress: 30% reached at entry 2625488 ===
=====================================

=====================================
=== Progress: 40% reached at entry 3500650 ===
=====================================

=====================================
=== Progress: 50% reached at entry 4375813 ===
=====================================

=====================================
=== Progress: 60% reached at entry 5250976 ===
=====================================

=====================================
=== Progress: 70% reached at entry 6126138 ===
=====================================

=====================================
=== Progress: 80% reached at entry 7001301 ===
=====================================

=====================================
=== Progress: 90% reached at entry 7876464 ===
=====================================

Finished Tree2PlotsRun3 scan.
