000 (14418845.000.000) 01/26 10:36:23 Job submitted from host: <188.184.90.62:9618?addrs=188.184.90.62-9618+[2001-1458-201-e4--100-238]-9618&alias=bigbird16.cern.ch&noUDP&sock=schedd_5196_9a2f>
...
040 (14418845.000.000) 01/26 10:36:30 Started transferring input files
	Transferring to host: <188.185.213.147:9618?addrs=188.185.213.147-9618+[2001-1458-303-1b--100-f]-9618&alias=b9p28p8410.cern.ch&noUDP&sock=slot1_25_5911_9589_161339>
...
040 (14418845.000.000) 01/26 10:36:30 Finished transferring input files
...
001 (14418845.000.000) 01/26 10:36:31 Job executing on host: <188.185.213.147:9618?addrs=188.185.213.147-9618+[2001-1458-303-1b--100-f]-9618&alias=b9p28p8410.cern.ch&noUDP&sock=startd_5018_8254>
	SlotName: slot1_25@b9p28p8410.cern.ch
	CondorScratchDir = "/pool/condor/dir_3265312"
	Cpus = 1
	Disk = 3837
	GPUs = 0
	Memory = 3000
...
006 (14418845.000.000) 01/26 10:36:45 Image size of job updated: 649300
	635  -  MemoryUsage of job (MB)
	649300  -  ResidentSetSize of job (KB)
...
006 (14418845.000.000) 01/26 10:41:46 Image size of job updated: 833612
	805  -  MemoryUsage of job (MB)
	824008  -  ResidentSetSize of job (KB)
...
040 (14418845.000.000) 01/26 10:43:32 Started transferring output files
...
040 (14418845.000.000) 01/26 10:43:32 Finished transferring output files
...
005 (14418845.000.000) 01/26 10:43:32 Job terminated.
	(1) Normal termination (return value 0)
		Usr 0 00:05:06, Sys 0 00:00:10  -  Run Remote Usage
		Usr 0 00:00:00, Sys 0 00:00:00  -  Run Local Usage
		Usr 0 00:05:06, Sys 0 00:00:10  -  Total Remote Usage
		Usr 0 00:00:00, Sys 0 00:00:00  -  Total Local Usage
	13177  -  Run Bytes Sent By Job
	317  -  Run Bytes Received By Job
	13177  -  Total Bytes Sent By Job
	317  -  Total Bytes Received By Job
	Partitionable Resources :    Usage  Request Allocated 
	   Cpus                 :        0        1         1 
	   Disk (KB)            :       37        1      3837 
	   GPUs                 :                           0 
	   Memory (MB)          :      805     3000      3000 
	   TimeExecute (s)      :      421                    
	   TimeSlotBusy (s)     :      422                    

	Job terminated of its own accord at 2026-01-26T09:43:32Z with exit-code 0.
...
