/pool/condor/dir_3885646

Opening file: /eos/user/a/amalhotr/ScoutingPFRun3/ScoutingData_2024H_TreeMakerRedone/251209_202708/0000/ScoutingTree_Output_285.root
Opened file /eos/user/a/amalhotr/ScoutingPFRun3/ScoutingData_2024H_TreeMakerRedone/251209_202708/0000/ScoutingTree_Output_285.root with 8650885 entries.
Tree opened successfully.
Total entries = 8650885

=====================================
=== Progress: 10% reached at entry 865088 ===
=====================================

=====================================
=== Progress: 20% reached at entry 1730177 ===
=====================================

=====================================
=== Progress: 30% reached at entry 2595265 ===
=====================================

=====================================
=== Progress: 40% reached at entry 3460354 ===
=====================================

=====================================
=== Progress: 50% reached at entry 4325442 ===
=====================================

=====================================
=== Progress: 60% reached at entry 5190531 ===
=====================================

=====================================
=== Progress: 70% reached at entry 6055619 ===
=====================================

=====================================
=== Progress: 80% reached at entry 6920708 ===
=====================================

=====================================
=== Progress: 90% reached at entry 7785796 ===
=====================================

Opening file: /eos/user/a/amalhotr/ScoutingPFRun3/ScoutingData_2024H_TreeMakerRedone/251209_202708/0000/ScoutingTree_Output_286.root
Opened file /eos/user/a/amalhotr/ScoutingPFRun3/ScoutingData_2024H_TreeMakerRedone/251209_202708/0000/ScoutingTree_Output_286.root with 8492595 entries.
Tree opened successfully.
Total entries = 8492595

=====================================
=== Progress: 10% reached at entry 849259 ===
=====================================

=====================================
=== Progress: 20% reached at entry 1698519 ===
=====================================

=====================================
=== Progress: 30% reached at entry 2547778 ===
=====================================

=====================================
=== Progress: 40% reached at entry 3397038 ===
=====================================

=====================================
=== Progress: 50% reached at entry 4246297 ===
=====================================

=====================================
=== Progress: 60% reached at entry 5095557 ===
=====================================

=====================================
=== Progress: 70% reached at entry 5944816 ===
=====================================

=====================================
=== Progress: 80% reached at entry 6794076 ===
=====================================

=====================================
=== Progress: 90% reached at entry 7643335 ===
=====================================

Opening file: /eos/user/a/amalhotr/ScoutingPFRun3/ScoutingData_2024H_TreeMakerRedone/251209_202708/0000/ScoutingTree_Output_287.root
Opened file /eos/user/a/amalhotr/ScoutingPFRun3/ScoutingData_2024H_TreeMakerRedone/251209_202708/0000/ScoutingTree_Output_287.root with 8634694 entries.
Tree opened successfully.
Total entries = 8634694

=====================================
=== Progress: 10% reached at entry 863469 ===
=====================================

=====================================
=== Progress: 20% reached at entry 1726938 ===
=====================================

=====================================
=== Progress: 30% reached at entry 2590408 ===
=====================================

=====================================
=== Progress: 40% reached at entry 3453877 ===
=====================================

=====================================
=== Progress: 50% reached at entry 4317347 ===
=====================================

=====================================
=== Progress: 60% reached at entry 5180816 ===
=====================================

=====================================
=== Progress: 70% reached at entry 6044285 ===
=====================================

=====================================
=== Progress: 80% reached at entry 6907755 ===
=====================================

=====================================
=== Progress: 90% reached at entry 7771224 ===
=====================================

Opening file: /eos/user/a/amalhotr/ScoutingPFRun3/ScoutingData_2024H_TreeMakerRedone/251209_202708/0000/ScoutingTree_Output_288.root
Opened file /eos/user/a/amalhotr/ScoutingPFRun3/ScoutingData_2024H_TreeMakerRedone/251209_202708/0000/ScoutingTree_Output_288.root with 8362667 entries.
Tree opened successfully.
Total entries = 8362667

=====================================
=== Progress: 10% reached at entry 836266 ===
=====================================

=====================================
=== Progress: 20% reached at entry 1672533 ===
=====================================

=====================================
=== Progress: 30% reached at entry 2508800 ===
=====================================

=====================================
=== Progress: 40% reached at entry 3345066 ===
=====================================

=====================================
=== Progress: 50% reached at entry 4181333 ===
=====================================

=====================================
=== Progress: 60% reached at entry 5017600 ===
=====================================

=====================================
=== Progress: 70% reached at entry 5853866 ===
=====================================

=====================================
=== Progress: 80% reached at entry 6690133 ===
=====================================

=====================================
=== Progress: 90% reached at entry 7526400 ===
=====================================

Finished Tree2PlotsRun3 scan.
