000 (14419817.000.000) 01/26 11:19:04 Job submitted from host: <188.184.90.62:9618?addrs=188.184.90.62-9618+[2001-1458-201-e4--100-238]-9618&alias=bigbird16.cern.ch&noUDP&sock=schedd_5196_9a2f>
...
040 (14419817.000.000) 01/26 11:19:36 Started transferring input files
	Transferring to host: <188.185.193.59:9618?addrs=188.185.193.59-9618+[2001-1458-303-20--100-37]-9618&alias=b9p19p9983.cern.ch&noUDP&sock=slot1_32_5443_d5f6_123823>
...
040 (14419817.000.000) 01/26 11:19:36 Finished transferring input files
...
001 (14419817.000.000) 01/26 11:19:37 Job executing on host: <188.185.193.59:9618?addrs=188.185.193.59-9618+[2001-1458-303-20--100-37]-9618&alias=b9p19p9983.cern.ch&noUDP&sock=startd_4319_0da0>
	SlotName: slot1_32@b9p19p9983.cern.ch
	CondorScratchDir = "/pool/condor/dir_3779932"
	Cpus = 1
	Disk = 3846
	GPUs = 0
	Memory = 3000
...
006 (14419817.000.000) 01/26 11:19:51 Image size of job updated: 151096
	148  -  MemoryUsage of job (MB)
	151096  -  ResidentSetSize of job (KB)
...
006 (14419817.000.000) 01/26 11:24:52 Image size of job updated: 834488
	807  -  MemoryUsage of job (MB)
	826176  -  ResidentSetSize of job (KB)
...
006 (14419817.000.000) 01/26 11:27:45 Image size of job updated: 835804
	807  -  MemoryUsage of job (MB)
	826176  -  ResidentSetSize of job (KB)
...
040 (14419817.000.000) 01/26 11:27:45 Started transferring output files
...
040 (14419817.000.000) 01/26 11:27:45 Finished transferring output files
...
005 (14419817.000.000) 01/26 11:27:45 Job terminated.
	(1) Normal termination (return value 0)
		Usr 0 00:06:09, Sys 0 00:00:07  -  Run Remote Usage
		Usr 0 00:00:00, Sys 0 00:00:00  -  Run Local Usage
		Usr 0 00:06:09, Sys 0 00:00:07  -  Total Remote Usage
		Usr 0 00:00:00, Sys 0 00:00:00  -  Total Local Usage
	13174  -  Run Bytes Sent By Job
	317  -  Run Bytes Received By Job
	13174  -  Total Bytes Sent By Job
	317  -  Total Bytes Received By Job
	Partitionable Resources :    Usage  Request Allocated 
	   Cpus                 :        0        1         1 
	   Disk (KB)            :       36        1      3846 
	   GPUs                 :                           0 
	   Memory (MB)          :      807     3000      3000 
	   TimeExecute (s)      :      488                    
	   TimeSlotBusy (s)     :      490                    

	Job terminated of its own accord at 2026-01-26T10:27:45Z with exit-code 0.
...
