/pool/condor/dir_1972381

Opening file: /eos/user/a/amalhotr/ScoutingPFRun3/ScoutingData_2024H_TreeMakerRedone/251209_202708/0000/ScoutingTree_Output_555.root
Opened file /eos/user/a/amalhotr/ScoutingPFRun3/ScoutingData_2024H_TreeMakerRedone/251209_202708/0000/ScoutingTree_Output_555.root with 8419576 entries.
Tree opened successfully.
Total entries = 8419576

=====================================
=== Progress: 10% reached at entry 841957 ===
=====================================

=====================================
=== Progress: 20% reached at entry 1683915 ===
=====================================

=====================================
=== Progress: 30% reached at entry 2525872 ===
=====================================

=====================================
=== Progress: 40% reached at entry 3367830 ===
=====================================

=====================================
=== Progress: 50% reached at entry 4209788 ===
=====================================

=====================================
=== Progress: 60% reached at entry 5051745 ===
=====================================

=====================================
=== Progress: 70% reached at entry 5893703 ===
=====================================

=====================================
=== Progress: 80% reached at entry 6735660 ===
=====================================

=====================================
=== Progress: 90% reached at entry 7577618 ===
=====================================

Opening file: /eos/user/a/amalhotr/ScoutingPFRun3/ScoutingData_2024H_TreeMakerRedone/251209_202708/0000/ScoutingTree_Output_556.root
Opened file /eos/user/a/amalhotr/ScoutingPFRun3/ScoutingData_2024H_TreeMakerRedone/251209_202708/0000/ScoutingTree_Output_556.root with 8039364 entries.
Tree opened successfully.
Total entries = 8039364

=====================================
=== Progress: 10% reached at entry 803936 ===
=====================================

=====================================
=== Progress: 20% reached at entry 1607872 ===
=====================================

=====================================
=== Progress: 30% reached at entry 2411809 ===
=====================================

=====================================
=== Progress: 40% reached at entry 3215745 ===
=====================================

=====================================
=== Progress: 50% reached at entry 4019682 ===
=====================================

=====================================
=== Progress: 60% reached at entry 4823618 ===
=====================================

=====================================
=== Progress: 70% reached at entry 5627554 ===
=====================================

=====================================
=== Progress: 80% reached at entry 6431491 ===
=====================================

=====================================
=== Progress: 90% reached at entry 7235427 ===
=====================================

Opening file: /eos/user/a/amalhotr/ScoutingPFRun3/ScoutingData_2024H_TreeMakerRedone/251209_202708/0000/ScoutingTree_Output_557.root
Opened file /eos/user/a/amalhotr/ScoutingPFRun3/ScoutingData_2024H_TreeMakerRedone/251209_202708/0000/ScoutingTree_Output_557.root with 7906149 entries.
Tree opened successfully.
Total entries = 7906149

=====================================
=== Progress: 10% reached at entry 790614 ===
=====================================

=====================================
=== Progress: 20% reached at entry 1581229 ===
=====================================

=====================================
=== Progress: 30% reached at entry 2371844 ===
=====================================

=====================================
=== Progress: 40% reached at entry 3162459 ===
=====================================

=====================================
=== Progress: 50% reached at entry 3953074 ===
=====================================

=====================================
=== Progress: 60% reached at entry 4743689 ===
=====================================

=====================================
=== Progress: 70% reached at entry 5534304 ===
=====================================

=====================================
=== Progress: 80% reached at entry 6324919 ===
=====================================

=====================================
=== Progress: 90% reached at entry 7115534 ===
=====================================

Opening file: /eos/user/a/amalhotr/ScoutingPFRun3/ScoutingData_2024H_TreeMakerRedone/251209_202708/0000/ScoutingTree_Output_558.root
Opened file /eos/user/a/amalhotr/ScoutingPFRun3/ScoutingData_2024H_TreeMakerRedone/251209_202708/0000/ScoutingTree_Output_558.root with 8295128 entries.
Tree opened successfully.
Total entries = 8295128

=====================================
=== Progress: 10% reached at entry 829512 ===
=====================================

=====================================
=== Progress: 20% reached at entry 1659025 ===
=====================================

=====================================
=== Progress: 30% reached at entry 2488538 ===
=====================================

=====================================
=== Progress: 40% reached at entry 3318051 ===
=====================================

=====================================
=== Progress: 50% reached at entry 4147564 ===
=====================================

=====================================
=== Progress: 60% reached at entry 4977076 ===
=====================================

=====================================
=== Progress: 70% reached at entry 5806589 ===
=====================================

=====================================
=== Progress: 80% reached at entry 6636102 ===
=====================================

=====================================
=== Progress: 90% reached at entry 7465615 ===
=====================================

Finished Tree2PlotsRun3 scan.
