/pool/condor/dir_3757437

Opening file: /eos/user/a/amalhotr/ScoutingPFRun3/ScoutingData_2024H_TreeMakerRedone/251209_202708/0000/ScoutingTree_Output_201.root
Opened file /eos/user/a/amalhotr/ScoutingPFRun3/ScoutingData_2024H_TreeMakerRedone/251209_202708/0000/ScoutingTree_Output_201.root with 10521037 entries.
Tree opened successfully.
Total entries = 10521037

=====================================
=== Progress: 10% reached at entry 1052103 ===
=====================================

=====================================
=== Progress: 20% reached at entry 2104207 ===
=====================================

=====================================
=== Progress: 30% reached at entry 3156311 ===
=====================================

=====================================
=== Progress: 40% reached at entry 4208414 ===
=====================================

=====================================
=== Progress: 50% reached at entry 5260518 ===
=====================================

=====================================
=== Progress: 60% reached at entry 6312622 ===
=====================================

=====================================
=== Progress: 70% reached at entry 7364725 ===
=====================================

=====================================
=== Progress: 80% reached at entry 8416829 ===
=====================================

=====================================
=== Progress: 90% reached at entry 9468933 ===
=====================================

Opening file: /eos/user/a/amalhotr/ScoutingPFRun3/ScoutingData_2024H_TreeMakerRedone/251209_202708/0000/ScoutingTree_Output_202.root
Opened file /eos/user/a/amalhotr/ScoutingPFRun3/ScoutingData_2024H_TreeMakerRedone/251209_202708/0000/ScoutingTree_Output_202.root with 11321472 entries.
Tree opened successfully.
Total entries = 11321472

=====================================
=== Progress: 10% reached at entry 1132147 ===
=====================================

=====================================
=== Progress: 20% reached at entry 2264294 ===
=====================================

=====================================
=== Progress: 30% reached at entry 3396441 ===
=====================================

=====================================
=== Progress: 40% reached at entry 4528588 ===
=====================================

=====================================
=== Progress: 50% reached at entry 5660736 ===
=====================================

=====================================
=== Progress: 60% reached at entry 6792883 ===
=====================================

=====================================
=== Progress: 70% reached at entry 7925030 ===
=====================================

=====================================
=== Progress: 80% reached at entry 9057177 ===
=====================================

=====================================
=== Progress: 90% reached at entry 10189324 ===
=====================================

Opening file: /eos/user/a/amalhotr/ScoutingPFRun3/ScoutingData_2024H_TreeMakerRedone/251209_202708/0000/ScoutingTree_Output_203.root
Opened file /eos/user/a/amalhotr/ScoutingPFRun3/ScoutingData_2024H_TreeMakerRedone/251209_202708/0000/ScoutingTree_Output_203.root with 10643033 entries.
Tree opened successfully.
Total entries = 10643033

=====================================
=== Progress: 10% reached at entry 1064303 ===
=====================================

=====================================
=== Progress: 20% reached at entry 2128606 ===
=====================================

=====================================
=== Progress: 30% reached at entry 3192909 ===
=====================================

=====================================
=== Progress: 40% reached at entry 4257213 ===
=====================================

=====================================
=== Progress: 50% reached at entry 5321516 ===
=====================================

=====================================
=== Progress: 60% reached at entry 6385819 ===
=====================================

=====================================
=== Progress: 70% reached at entry 7450123 ===
=====================================

=====================================
=== Progress: 80% reached at entry 8514426 ===
=====================================

=====================================
=== Progress: 90% reached at entry 9578729 ===
=====================================

Opening file: /eos/user/a/amalhotr/ScoutingPFRun3/ScoutingData_2024H_TreeMakerRedone/251209_202708/0000/ScoutingTree_Output_204.root
Opened file /eos/user/a/amalhotr/ScoutingPFRun3/ScoutingData_2024H_TreeMakerRedone/251209_202708/0000/ScoutingTree_Output_204.root with 10972027 entries.
Tree opened successfully.
Total entries = 10972027

=====================================
=== Progress: 10% reached at entry 1097202 ===
=====================================

=====================================
=== Progress: 20% reached at entry 2194405 ===
=====================================

=====================================
=== Progress: 30% reached at entry 3291608 ===
=====================================

=====================================
=== Progress: 40% reached at entry 4388810 ===
=====================================

=====================================
=== Progress: 50% reached at entry 5486013 ===
=====================================

=====================================
=== Progress: 60% reached at entry 6583216 ===
=====================================

=====================================
=== Progress: 70% reached at entry 7680418 ===
=====================================

=====================================
=== Progress: 80% reached at entry 8777621 ===
=====================================

=====================================
=== Progress: 90% reached at entry 9874824 ===
=====================================

Finished Tree2PlotsRun3 scan.
