/pool/condor/dir_2013565

Opening file: /eos/user/a/amalhotr/ScoutingPFRun3/ScoutingData_2024H_TreeMakerRedone/251209_202708/0000/ScoutingTree_Output_122.root
Opened file /eos/user/a/amalhotr/ScoutingPFRun3/ScoutingData_2024H_TreeMakerRedone/251209_202708/0000/ScoutingTree_Output_122.root with 8348875 entries.
Tree opened successfully.
Total entries = 8348875

=====================================
=== Progress: 10% reached at entry 834887 ===
=====================================

=====================================
=== Progress: 20% reached at entry 1669775 ===
=====================================

=====================================
=== Progress: 30% reached at entry 2504662 ===
=====================================

=====================================
=== Progress: 40% reached at entry 3339550 ===
=====================================

=====================================
=== Progress: 50% reached at entry 4174437 ===
=====================================

=====================================
=== Progress: 60% reached at entry 5009325 ===
=====================================

=====================================
=== Progress: 70% reached at entry 5844212 ===
=====================================

=====================================
=== Progress: 80% reached at entry 6679100 ===
=====================================

=====================================
=== Progress: 90% reached at entry 7513987 ===
=====================================

Opening file: /eos/user/a/amalhotr/ScoutingPFRun3/ScoutingData_2024H_TreeMakerRedone/251209_202708/0000/ScoutingTree_Output_123.root
Opened file /eos/user/a/amalhotr/ScoutingPFRun3/ScoutingData_2024H_TreeMakerRedone/251209_202708/0000/ScoutingTree_Output_123.root with 8366700 entries.
Tree opened successfully.
Total entries = 8366700

=====================================
=== Progress: 10% reached at entry 836670 ===
=====================================

=====================================
=== Progress: 20% reached at entry 1673340 ===
=====================================

=====================================
=== Progress: 30% reached at entry 2510010 ===
=====================================

=====================================
=== Progress: 40% reached at entry 3346680 ===
=====================================

=====================================
=== Progress: 50% reached at entry 4183350 ===
=====================================

=====================================
=== Progress: 60% reached at entry 5020020 ===
=====================================

=====================================
=== Progress: 70% reached at entry 5856690 ===
=====================================

=====================================
=== Progress: 80% reached at entry 6693360 ===
=====================================

=====================================
=== Progress: 90% reached at entry 7530030 ===
=====================================

Opening file: /eos/user/a/amalhotr/ScoutingPFRun3/ScoutingData_2024H_TreeMakerRedone/251209_202708/0000/ScoutingTree_Output_124.root
Opened file /eos/user/a/amalhotr/ScoutingPFRun3/ScoutingData_2024H_TreeMakerRedone/251209_202708/0000/ScoutingTree_Output_124.root with 8348398 entries.
Tree opened successfully.
Total entries = 8348398

=====================================
=== Progress: 10% reached at entry 834839 ===
=====================================

=====================================
=== Progress: 20% reached at entry 1669679 ===
=====================================

=====================================
=== Progress: 30% reached at entry 2504519 ===
=====================================

=====================================
=== Progress: 40% reached at entry 3339359 ===
=====================================

=====================================
=== Progress: 50% reached at entry 4174199 ===
=====================================

=====================================
=== Progress: 60% reached at entry 5009038 ===
=====================================

=====================================
=== Progress: 70% reached at entry 5843878 ===
=====================================

=====================================
=== Progress: 80% reached at entry 6678718 ===
=====================================

=====================================
=== Progress: 90% reached at entry 7513558 ===
=====================================

Opening file: /eos/user/a/amalhotr/ScoutingPFRun3/ScoutingData_2024H_TreeMakerRedone/251209_202708/0000/ScoutingTree_Output_125.root
Opened file /eos/user/a/amalhotr/ScoutingPFRun3/ScoutingData_2024H_TreeMakerRedone/251209_202708/0000/ScoutingTree_Output_125.root with 8354931 entries.
Tree opened successfully.
Total entries = 8354931

=====================================
=== Progress: 10% reached at entry 835493 ===
=====================================

=====================================
=== Progress: 20% reached at entry 1670986 ===
=====================================

=====================================
=== Progress: 30% reached at entry 2506479 ===
=====================================

=====================================
=== Progress: 40% reached at entry 3341972 ===
=====================================

=====================================
=== Progress: 50% reached at entry 4177465 ===
=====================================

=====================================
=== Progress: 60% reached at entry 5012958 ===
=====================================

=====================================
=== Progress: 70% reached at entry 5848451 ===
=====================================

=====================================
=== Progress: 80% reached at entry 6683944 ===
=====================================

=====================================
=== Progress: 90% reached at entry 7519437 ===
=====================================

Finished Tree2PlotsRun3 scan.
