000 (14418808.000.000) 01/26 10:23:23 Job submitted from host: <188.184.90.62:9618?addrs=188.184.90.62-9618+[2001-1458-201-e4--100-238]-9618&alias=bigbird16.cern.ch&noUDP&sock=schedd_5196_9a2f>
...
040 (14418808.000.000) 01/26 10:26:40 Started transferring input files
	Transferring to host: <188.185.212.33:9618?addrs=188.185.212.33-9618+[2001-1458-303-18--100-1d]-9618&alias=b9p25p7824.cern.ch&noUDP&sock=slot1_20_5707_d901_133164>
...
040 (14418808.000.000) 01/26 10:26:40 Finished transferring input files
...
001 (14418808.000.000) 01/26 10:26:41 Job executing on host: <188.185.212.33:9618?addrs=188.185.212.33-9618+[2001-1458-303-18--100-1d]-9618&alias=b9p25p7824.cern.ch&noUDP&sock=startd_4802_59df>
	SlotName: slot1_20@b9p25p7824.cern.ch
	CondorScratchDir = "/pool/condor/dir_1926343"
	Cpus = 1
	Disk = 3843
	GPUs = 0
	Memory = 3000
...
006 (14418808.000.000) 01/26 10:26:55 Image size of job updated: 38044
	38  -  MemoryUsage of job (MB)
	38044  -  ResidentSetSize of job (KB)
...
006 (14418808.000.000) 01/26 10:31:55 Image size of job updated: 809056
	770  -  MemoryUsage of job (MB)
	788456  -  ResidentSetSize of job (KB)
...
040 (14418808.000.000) 01/26 10:35:32 Started transferring output files
...
040 (14418808.000.000) 01/26 10:35:32 Finished transferring output files
...
005 (14418808.000.000) 01/26 10:35:32 Job terminated.
	(1) Normal termination (return value 0)
		Usr 0 00:05:04, Sys 0 00:00:10  -  Run Remote Usage
		Usr 0 00:00:00, Sys 0 00:00:00  -  Run Local Usage
		Usr 0 00:05:04, Sys 0 00:00:10  -  Total Remote Usage
		Usr 0 00:00:00, Sys 0 00:00:00  -  Total Local Usage
	13013  -  Run Bytes Sent By Job
	317  -  Run Bytes Received By Job
	13013  -  Total Bytes Sent By Job
	317  -  Total Bytes Received By Job
	Partitionable Resources :    Usage  Request Allocated 
	   Cpus                 :     0.29        1         1 
	   Disk (KB)            :    37           1      3843 
	   GPUs                 :                           0 
	   Memory (MB)          :   770        3000      3000 
	   TimeExecute (s)      :   530                       
	   TimeSlotBusy (s)     :   532                       

	Job terminated of its own accord at 2026-01-26T09:35:31Z with exit-code 0.
...
