/pool/condor/dir_3389219

Opening file: /eos/user/a/amalhotr/ScoutingPFRun3/ScoutingData_2024H_TreeMakerRedone/251209_202708/0000/ScoutingTree_Output_609.root
Opened file /eos/user/a/amalhotr/ScoutingPFRun3/ScoutingData_2024H_TreeMakerRedone/251209_202708/0000/ScoutingTree_Output_609.root with 9632575 entries.
Tree opened successfully.
Total entries = 9632575

=====================================
=== Progress: 10% reached at entry 963257 ===
=====================================

=====================================
=== Progress: 20% reached at entry 1926515 ===
=====================================

=====================================
=== Progress: 30% reached at entry 2889772 ===
=====================================

=====================================
=== Progress: 40% reached at entry 3853030 ===
=====================================

=====================================
=== Progress: 50% reached at entry 4816287 ===
=====================================

=====================================
=== Progress: 60% reached at entry 5779545 ===
=====================================

=====================================
=== Progress: 70% reached at entry 6742802 ===
=====================================

=====================================
=== Progress: 80% reached at entry 7706060 ===
=====================================

=====================================
=== Progress: 90% reached at entry 8669317 ===
=====================================

Opening file: /eos/user/a/amalhotr/ScoutingPFRun3/ScoutingData_2024H_TreeMakerRedone/251209_202708/0000/ScoutingTree_Output_60.root
Opened file /eos/user/a/amalhotr/ScoutingPFRun3/ScoutingData_2024H_TreeMakerRedone/251209_202708/0000/ScoutingTree_Output_60.root with 8847634 entries.
Tree opened successfully.
Total entries = 8847634

=====================================
=== Progress: 10% reached at entry 884763 ===
=====================================

=====================================
=== Progress: 20% reached at entry 1769526 ===
=====================================

=====================================
=== Progress: 30% reached at entry 2654290 ===
=====================================

=====================================
=== Progress: 40% reached at entry 3539053 ===
=====================================

=====================================
=== Progress: 50% reached at entry 4423817 ===
=====================================

=====================================
=== Progress: 60% reached at entry 5308580 ===
=====================================

=====================================
=== Progress: 70% reached at entry 6193343 ===
=====================================

=====================================
=== Progress: 80% reached at entry 7078107 ===
=====================================

=====================================
=== Progress: 90% reached at entry 7962870 ===
=====================================

Opening file: /eos/user/a/amalhotr/ScoutingPFRun3/ScoutingData_2024H_TreeMakerRedone/251209_202708/0000/ScoutingTree_Output_610.root
Opened file /eos/user/a/amalhotr/ScoutingPFRun3/ScoutingData_2024H_TreeMakerRedone/251209_202708/0000/ScoutingTree_Output_610.root with 10691890 entries.
Tree opened successfully.
Total entries = 10691890

=====================================
=== Progress: 10% reached at entry 1069189 ===
=====================================

=====================================
=== Progress: 20% reached at entry 2138378 ===
=====================================

=====================================
=== Progress: 30% reached at entry 3207567 ===
=====================================

=====================================
=== Progress: 40% reached at entry 4276756 ===
=====================================

=====================================
=== Progress: 50% reached at entry 5345945 ===
=====================================

=====================================
=== Progress: 60% reached at entry 6415134 ===
=====================================

=====================================
=== Progress: 70% reached at entry 7484323 ===
=====================================

=====================================
=== Progress: 80% reached at entry 8553512 ===
=====================================

=====================================
=== Progress: 90% reached at entry 9622701 ===
=====================================

Opening file: /eos/user/a/amalhotr/ScoutingPFRun3/ScoutingData_2024H_TreeMakerRedone/251209_202708/0000/ScoutingTree_Output_611.root
Opened file /eos/user/a/amalhotr/ScoutingPFRun3/ScoutingData_2024H_TreeMakerRedone/251209_202708/0000/ScoutingTree_Output_611.root with 9567399 entries.
Tree opened successfully.
Total entries = 9567399

=====================================
=== Progress: 10% reached at entry 956739 ===
=====================================

=====================================
=== Progress: 20% reached at entry 1913479 ===
=====================================

=====================================
=== Progress: 30% reached at entry 2870219 ===
=====================================

=====================================
=== Progress: 40% reached at entry 3826959 ===
=====================================

=====================================
=== Progress: 50% reached at entry 4783699 ===
=====================================

=====================================
=== Progress: 60% reached at entry 5740439 ===
=====================================

=====================================
=== Progress: 70% reached at entry 6697179 ===
=====================================

=====================================
=== Progress: 80% reached at entry 7653919 ===
=====================================

=====================================
=== Progress: 90% reached at entry 8610659 ===
=====================================

Finished Tree2PlotsRun3 scan.
