000 (14418819.000.000) 01/26 10:29:55 Job submitted from host: <188.184.90.62:9618?addrs=188.184.90.62-9618+[2001-1458-201-e4--100-238]-9618&alias=bigbird16.cern.ch&noUDP&sock=schedd_5196_9a2f>
...
040 (14418819.000.000) 01/26 10:31:51 Started transferring input files
	Transferring to host: <188.185.213.157:9618?addrs=188.185.213.157-9618+[2001-1458-303-1b--100-19]-9618&alias=b9p28p0960.cern.ch&noUDP&sock=slot1_41_7236_2a9f_163467>
...
040 (14418819.000.000) 01/26 10:31:51 Finished transferring input files
...
001 (14418819.000.000) 01/26 10:31:52 Job executing on host: <188.185.213.157:9618?addrs=188.185.213.157-9618+[2001-1458-303-1b--100-19]-9618&alias=b9p28p0960.cern.ch&noUDP&sock=startd_6659_193e>
	SlotName: slot1_41@b9p28p0960.cern.ch
	CondorScratchDir = "/pool/condor/dir_4163211"
	Cpus = 1
	Disk = 3899
	GPUs = 0
	Memory = 3000
...
006 (14418819.000.000) 01/26 10:32:05 Image size of job updated: 566316
	554  -  MemoryUsage of job (MB)
	566316  -  ResidentSetSize of job (KB)
...
006 (14418819.000.000) 01/26 10:36:52 Image size of job updated: 847232
	554  -  MemoryUsage of job (MB)
	566316  -  ResidentSetSize of job (KB)
...
040 (14418819.000.000) 01/26 10:36:52 Started transferring output files
...
040 (14418819.000.000) 01/26 10:36:52 Finished transferring output files
...
005 (14418819.000.000) 01/26 10:36:52 Job terminated.
	(1) Normal termination (return value 0)
		Usr 0 00:03:26, Sys 0 00:00:08  -  Run Remote Usage
		Usr 0 00:00:00, Sys 0 00:00:00  -  Run Local Usage
		Usr 0 00:03:26, Sys 0 00:00:08  -  Total Remote Usage
		Usr 0 00:00:00, Sys 0 00:00:00  -  Total Local Usage
	12857  -  Run Bytes Sent By Job
	317  -  Run Bytes Received By Job
	12857  -  Total Bytes Sent By Job
	317  -  Total Bytes Received By Job
	Partitionable Resources :    Usage  Request Allocated 
	   Cpus                 :        0        1         1 
	   Disk (KB)            :       36        1      3899 
	   GPUs                 :                           0 
	   Memory (MB)          :      554     3000      3000 
	   TimeExecute (s)      :      300                    
	   TimeSlotBusy (s)     :      303                    

	Job terminated of its own accord at 2026-01-26T09:36:52Z with exit-code 0.
...
