/pool/condor/dir_2489405

Opening file: /eos/user/a/amalhotr/ScoutingPFRun3/ScoutingData_2024H_TreeMakerRedone/251209_202708/0000/ScoutingTree_Output_908.root
Opened file /eos/user/a/amalhotr/ScoutingPFRun3/ScoutingData_2024H_TreeMakerRedone/251209_202708/0000/ScoutingTree_Output_908.root with 8180901 entries.
Tree opened successfully.
Total entries = 8180901

=====================================
=== Progress: 10% reached at entry 818090 ===
=====================================

=====================================
=== Progress: 20% reached at entry 1636180 ===
=====================================

=====================================
=== Progress: 30% reached at entry 2454270 ===
=====================================

=====================================
=== Progress: 40% reached at entry 3272360 ===
=====================================

=====================================
=== Progress: 50% reached at entry 4090450 ===
=====================================

=====================================
=== Progress: 60% reached at entry 4908540 ===
=====================================

=====================================
=== Progress: 70% reached at entry 5726630 ===
=====================================

=====================================
=== Progress: 80% reached at entry 6544720 ===
=====================================

=====================================
=== Progress: 90% reached at entry 7362810 ===
=====================================

Opening file: /eos/user/a/amalhotr/ScoutingPFRun3/ScoutingData_2024H_TreeMakerRedone/251209_202708/0000/ScoutingTree_Output_909.root
Opened file /eos/user/a/amalhotr/ScoutingPFRun3/ScoutingData_2024H_TreeMakerRedone/251209_202708/0000/ScoutingTree_Output_909.root with 8088665 entries.
Tree opened successfully.
Total entries = 8088665

=====================================
=== Progress: 10% reached at entry 808866 ===
=====================================

=====================================
=== Progress: 20% reached at entry 1617733 ===
=====================================

=====================================
=== Progress: 30% reached at entry 2426599 ===
=====================================

=====================================
=== Progress: 40% reached at entry 3235466 ===
=====================================

=====================================
=== Progress: 50% reached at entry 4044332 ===
=====================================

=====================================
=== Progress: 60% reached at entry 4853199 ===
=====================================

=====================================
=== Progress: 70% reached at entry 5662065 ===
=====================================

=====================================
=== Progress: 80% reached at entry 6470932 ===
=====================================

=====================================
=== Progress: 90% reached at entry 7279798 ===
=====================================

Opening file: /eos/user/a/amalhotr/ScoutingPFRun3/ScoutingData_2024H_TreeMakerRedone/251209_202708/0000/ScoutingTree_Output_90.root
Opened file /eos/user/a/amalhotr/ScoutingPFRun3/ScoutingData_2024H_TreeMakerRedone/251209_202708/0000/ScoutingTree_Output_90.root with 8153995 entries.
Tree opened successfully.
Total entries = 8153995

=====================================
=== Progress: 10% reached at entry 815399 ===
=====================================

=====================================
=== Progress: 20% reached at entry 1630799 ===
=====================================

=====================================
=== Progress: 30% reached at entry 2446198 ===
=====================================

=====================================
=== Progress: 40% reached at entry 3261598 ===
=====================================

=====================================
=== Progress: 50% reached at entry 4076997 ===
=====================================

=====================================
=== Progress: 60% reached at entry 4892397 ===
=====================================

=====================================
=== Progress: 70% reached at entry 5707796 ===
=====================================

=====================================
=== Progress: 80% reached at entry 6523196 ===
=====================================

=====================================
=== Progress: 90% reached at entry 7338595 ===
=====================================

Opening file: /eos/user/a/amalhotr/ScoutingPFRun3/ScoutingData_2024H_TreeMakerRedone/251209_202708/0000/ScoutingTree_Output_910.root
Opened file /eos/user/a/amalhotr/ScoutingPFRun3/ScoutingData_2024H_TreeMakerRedone/251209_202708/0000/ScoutingTree_Output_910.root with 8192673 entries.
Tree opened successfully.
Total entries = 8192673

=====================================
=== Progress: 10% reached at entry 819267 ===
=====================================

=====================================
=== Progress: 20% reached at entry 1638534 ===
=====================================

=====================================
=== Progress: 30% reached at entry 2457801 ===
=====================================

=====================================
=== Progress: 40% reached at entry 3277069 ===
=====================================

=====================================
=== Progress: 50% reached at entry 4096336 ===
=====================================

=====================================
=== Progress: 60% reached at entry 4915603 ===
=====================================

=====================================
=== Progress: 70% reached at entry 5734871 ===
=====================================

=====================================
=== Progress: 80% reached at entry 6554138 ===
=====================================

=====================================
=== Progress: 90% reached at entry 7373405 ===
=====================================

Finished Tree2PlotsRun3 scan.
