Begin processing the 1st record. Run 1, Event 1, LumiSection 1 on stream 0 at 26-Jan-2026 11:19:52.149 CET
[2026-01-26 11:26:53.570127 +0100][Error  ][PostMaster        ] [eosfst-umbriel.cern.ch:1105] Forcing error on disconnect: [ERROR] Operation interrupted.
[2026-01-26 11:26:53.594972 +0100][Error  ][PostMaster        ] [st-h01-hades.cern.ch:1101] Forcing error on disconnect: [ERROR] Operation interrupted.

TrigReport ---------- Event  Summary ------------
TrigReport Events total = 1 passed = 1 failed = 0

TrigReport ---------- Path   Summary ------------
TrigReport  Trig Bit#   Executed     Passed     Failed      Error Name
TrigReport     1    0          1          1          0          0 p


TrigReport -------End-Path   Summary ------------
TrigReport  Trig Bit#   Executed     Passed     Failed      Error Name


TrigReport ---------- Modules in Path: p ------------
TrigReport  Trig Bit#    Visited     Passed     Failed      Error Name
TrigReport     1    0          1          1          0          0 tree2plots


TrigReport ---------- Module Summary ------------
TrigReport    Visited   Executed     Passed     Failed      Error Name
TrigReport          1          1          1          0          0 TriggerResults
TrigReport          1          1          1          0          0 p
TrigReport          1          1          1          0          0 tree2plots


TimeReport ---------- Event  Summary ---[sec]----
TimeReport       event loop CPU/event = 428.889134
TimeReport      event loop Real/event = 500.897317
TimeReport     sum Streams Real/event = 500.896249
TimeReport efficiency CPU/Real/thread = 0.856242

TimeReport ---------- Path   Summary ---[Real sec]----
TimeReport  per event     per exec  Name
TimeReport 500.895893   500.895893  p

TimeReport  per event     per exec  Name

TimeReport -------End-Path   Summary ---[Real sec]----
TimeReport  per event     per exec  Name

TimeReport  per event     per exec  Name

TimeReport ---------- Modules in Path: p ---[Real sec]----
TimeReport  per event    per visit  Name
TimeReport 500.895585   500.895585  tree2plots

TimeReport  per event    per visit  Name

TimeReport ---------- Module Summary ---[Real sec]----
TimeReport  per event     per exec    per visit  Name
TimeReport   0.000008     0.000008     0.000008  TriggerResults
TimeReport   0.000063     0.000063     0.000063  p
TimeReport 500.895585   500.895585   500.895585  tree2plots

TimeReport  per event     per exec    per visit  Name

T---Report end!


