/pool/condor/dir_985149

Opening file: /eos/user/a/amalhotr/ScoutingPFRun3/ScoutingData_2024H_TreeMakerRedone/251209_202708/0000/ScoutingTree_Output_519.root
Opened file /eos/user/a/amalhotr/ScoutingPFRun3/ScoutingData_2024H_TreeMakerRedone/251209_202708/0000/ScoutingTree_Output_519.root with 7467858 entries.
Tree opened successfully.
Total entries = 7467858

=====================================
=== Progress: 10% reached at entry 746785 ===
=====================================

=====================================
=== Progress: 20% reached at entry 1493571 ===
=====================================

=====================================
=== Progress: 30% reached at entry 2240357 ===
=====================================

=====================================
=== Progress: 40% reached at entry 2987143 ===
=====================================

=====================================
=== Progress: 50% reached at entry 3733929 ===
=====================================

=====================================
=== Progress: 60% reached at entry 4480714 ===
=====================================

=====================================
=== Progress: 70% reached at entry 5227500 ===
=====================================

=====================================
=== Progress: 80% reached at entry 5974286 ===
=====================================

=====================================
=== Progress: 90% reached at entry 6721072 ===
=====================================

Opening file: /eos/user/a/amalhotr/ScoutingPFRun3/ScoutingData_2024H_TreeMakerRedone/251209_202708/0000/ScoutingTree_Output_51.root
Opened file /eos/user/a/amalhotr/ScoutingPFRun3/ScoutingData_2024H_TreeMakerRedone/251209_202708/0000/ScoutingTree_Output_51.root with 8326559 entries.
Tree opened successfully.
Total entries = 8326559

=====================================
=== Progress: 10% reached at entry 832655 ===
=====================================

=====================================
=== Progress: 20% reached at entry 1665311 ===
=====================================

=====================================
=== Progress: 30% reached at entry 2497967 ===
=====================================

=====================================
=== Progress: 40% reached at entry 3330623 ===
=====================================

=====================================
=== Progress: 50% reached at entry 4163279 ===
=====================================

=====================================
=== Progress: 60% reached at entry 4995935 ===
=====================================

=====================================
=== Progress: 70% reached at entry 5828591 ===
=====================================

=====================================
=== Progress: 80% reached at entry 6661247 ===
=====================================

=====================================
=== Progress: 90% reached at entry 7493903 ===
=====================================

Opening file: /eos/user/a/amalhotr/ScoutingPFRun3/ScoutingData_2024H_TreeMakerRedone/251209_202708/0000/ScoutingTree_Output_520.root
Opened file /eos/user/a/amalhotr/ScoutingPFRun3/ScoutingData_2024H_TreeMakerRedone/251209_202708/0000/ScoutingTree_Output_520.root with 7838829 entries.
Tree opened successfully.
Total entries = 7838829

=====================================
=== Progress: 10% reached at entry 783882 ===
=====================================

=====================================
=== Progress: 20% reached at entry 1567765 ===
=====================================

=====================================
=== Progress: 30% reached at entry 2351648 ===
=====================================

=====================================
=== Progress: 40% reached at entry 3135531 ===
=====================================

=====================================
=== Progress: 50% reached at entry 3919414 ===
=====================================

=====================================
=== Progress: 60% reached at entry 4703297 ===
=====================================

=====================================
=== Progress: 70% reached at entry 5487180 ===
=====================================

=====================================
=== Progress: 80% reached at entry 6271063 ===
=====================================

=====================================
=== Progress: 90% reached at entry 7054946 ===
=====================================

Opening file: /eos/user/a/amalhotr/ScoutingPFRun3/ScoutingData_2024H_TreeMakerRedone/251209_202708/0000/ScoutingTree_Output_521.root
Opened file /eos/user/a/amalhotr/ScoutingPFRun3/ScoutingData_2024H_TreeMakerRedone/251209_202708/0000/ScoutingTree_Output_521.root with 8252848 entries.
Tree opened successfully.
Total entries = 8252848

=====================================
=== Progress: 10% reached at entry 825284 ===
=====================================

=====================================
=== Progress: 20% reached at entry 1650569 ===
=====================================

=====================================
=== Progress: 30% reached at entry 2475854 ===
=====================================

=====================================
=== Progress: 40% reached at entry 3301139 ===
=====================================

=====================================
=== Progress: 50% reached at entry 4126424 ===
=====================================

=====================================
=== Progress: 60% reached at entry 4951708 ===
=====================================

=====================================
=== Progress: 70% reached at entry 5776993 ===
=====================================

=====================================
=== Progress: 80% reached at entry 6602278 ===
=====================================

=====================================
=== Progress: 90% reached at entry 7427563 ===
=====================================

Finished Tree2PlotsRun3 scan.
