/pool/condor/dir_3014972

Opening file: /eos/user/a/amalhotr/ScoutingPFRun3/ScoutingData_2024H_TreeMakerRedone/251209_202708/0000/ScoutingTree_Output_335.root
Opened file /eos/user/a/amalhotr/ScoutingPFRun3/ScoutingData_2024H_TreeMakerRedone/251209_202708/0000/ScoutingTree_Output_335.root with 10761024 entries.
Tree opened successfully.
Total entries = 10761024

=====================================
=== Progress: 10% reached at entry 1076102 ===
=====================================

=====================================
=== Progress: 20% reached at entry 2152204 ===
=====================================

=====================================
=== Progress: 30% reached at entry 3228307 ===
=====================================

=====================================
=== Progress: 40% reached at entry 4304409 ===
=====================================

=====================================
=== Progress: 50% reached at entry 5380512 ===
=====================================

=====================================
=== Progress: 60% reached at entry 6456614 ===
=====================================

=====================================
=== Progress: 70% reached at entry 7532716 ===
=====================================

=====================================
=== Progress: 80% reached at entry 8608819 ===
=====================================

=====================================
=== Progress: 90% reached at entry 9684921 ===
=====================================

Opening file: /eos/user/a/amalhotr/ScoutingPFRun3/ScoutingData_2024H_TreeMakerRedone/251209_202708/0000/ScoutingTree_Output_336.root
Opened file /eos/user/a/amalhotr/ScoutingPFRun3/ScoutingData_2024H_TreeMakerRedone/251209_202708/0000/ScoutingTree_Output_336.root with 11766499 entries.
Tree opened successfully.
Total entries = 11766499

=====================================
=== Progress: 10% reached at entry 1176649 ===
=====================================

=====================================
=== Progress: 20% reached at entry 2353299 ===
=====================================

=====================================
=== Progress: 30% reached at entry 3529949 ===
=====================================

=====================================
=== Progress: 40% reached at entry 4706599 ===
=====================================

=====================================
=== Progress: 50% reached at entry 5883249 ===
=====================================

=====================================
=== Progress: 60% reached at entry 7059899 ===
=====================================

=====================================
=== Progress: 70% reached at entry 8236549 ===
=====================================

=====================================
=== Progress: 80% reached at entry 9413199 ===
=====================================

=====================================
=== Progress: 90% reached at entry 10589849 ===
=====================================

Opening file: /eos/user/a/amalhotr/ScoutingPFRun3/ScoutingData_2024H_TreeMakerRedone/251209_202708/0000/ScoutingTree_Output_337.root
Opened file /eos/user/a/amalhotr/ScoutingPFRun3/ScoutingData_2024H_TreeMakerRedone/251209_202708/0000/ScoutingTree_Output_337.root with 11606473 entries.
Tree opened successfully.
Total entries = 11606473

=====================================
=== Progress: 10% reached at entry 1160647 ===
=====================================

=====================================
=== Progress: 20% reached at entry 2321294 ===
=====================================

=====================================
=== Progress: 30% reached at entry 3481941 ===
=====================================

=====================================
=== Progress: 40% reached at entry 4642589 ===
=====================================

=====================================
=== Progress: 50% reached at entry 5803236 ===
=====================================

=====================================
=== Progress: 60% reached at entry 6963883 ===
=====================================

=====================================
=== Progress: 70% reached at entry 8124531 ===
=====================================

=====================================
=== Progress: 80% reached at entry 9285178 ===
=====================================

=====================================
=== Progress: 90% reached at entry 10445825 ===
=====================================

Opening file: /eos/user/a/amalhotr/ScoutingPFRun3/ScoutingData_2024H_TreeMakerRedone/251209_202708/0000/ScoutingTree_Output_338.root
Opened file /eos/user/a/amalhotr/ScoutingPFRun3/ScoutingData_2024H_TreeMakerRedone/251209_202708/0000/ScoutingTree_Output_338.root with 8524830 entries.
Tree opened successfully.
Total entries = 8524830

=====================================
=== Progress: 10% reached at entry 852483 ===
=====================================

=====================================
=== Progress: 20% reached at entry 1704966 ===
=====================================

=====================================
=== Progress: 30% reached at entry 2557449 ===
=====================================

=====================================
=== Progress: 40% reached at entry 3409932 ===
=====================================

=====================================
=== Progress: 50% reached at entry 4262415 ===
=====================================

=====================================
=== Progress: 60% reached at entry 5114898 ===
=====================================

=====================================
=== Progress: 70% reached at entry 5967381 ===
=====================================

=====================================
=== Progress: 80% reached at entry 6819864 ===
=====================================

=====================================
=== Progress: 90% reached at entry 7672347 ===
=====================================

Finished Tree2PlotsRun3 scan.
