/pool/condor/dir_2146630

Opening file: /eos/user/a/amalhotr/ScoutingPFRun3/ScoutingData_2024H_TreeMakerRedone/251209_202708/0000/ScoutingTree_Output_353.root
Opened file /eos/user/a/amalhotr/ScoutingPFRun3/ScoutingData_2024H_TreeMakerRedone/251209_202708/0000/ScoutingTree_Output_353.root with 8171754 entries.
Tree opened successfully.
Total entries = 8171754

=====================================
=== Progress: 10% reached at entry 817175 ===
=====================================

=====================================
=== Progress: 20% reached at entry 1634350 ===
=====================================

=====================================
=== Progress: 30% reached at entry 2451526 ===
=====================================

=====================================
=== Progress: 40% reached at entry 3268701 ===
=====================================

=====================================
=== Progress: 50% reached at entry 4085877 ===
=====================================

=====================================
=== Progress: 60% reached at entry 4903052 ===
=====================================

=====================================
=== Progress: 70% reached at entry 5720227 ===
=====================================

=====================================
=== Progress: 80% reached at entry 6537403 ===
=====================================

=====================================
=== Progress: 90% reached at entry 7354578 ===
=====================================

Opening file: /eos/user/a/amalhotr/ScoutingPFRun3/ScoutingData_2024H_TreeMakerRedone/251209_202708/0000/ScoutingTree_Output_354.root
Opened file /eos/user/a/amalhotr/ScoutingPFRun3/ScoutingData_2024H_TreeMakerRedone/251209_202708/0000/ScoutingTree_Output_354.root with 8078983 entries.
Tree opened successfully.
Total entries = 8078983

=====================================
=== Progress: 10% reached at entry 807898 ===
=====================================

=====================================
=== Progress: 20% reached at entry 1615796 ===
=====================================

=====================================
=== Progress: 30% reached at entry 2423694 ===
=====================================

=====================================
=== Progress: 40% reached at entry 3231593 ===
=====================================

=====================================
=== Progress: 50% reached at entry 4039491 ===
=====================================

=====================================
=== Progress: 60% reached at entry 4847389 ===
=====================================

=====================================
=== Progress: 70% reached at entry 5655288 ===
=====================================

=====================================
=== Progress: 80% reached at entry 6463186 ===
=====================================

=====================================
=== Progress: 90% reached at entry 7271084 ===
=====================================

Opening file: /eos/user/a/amalhotr/ScoutingPFRun3/ScoutingData_2024H_TreeMakerRedone/251209_202708/0000/ScoutingTree_Output_355.root
Opened file /eos/user/a/amalhotr/ScoutingPFRun3/ScoutingData_2024H_TreeMakerRedone/251209_202708/0000/ScoutingTree_Output_355.root with 8218340 entries.
Tree opened successfully.
Total entries = 8218340

=====================================
=== Progress: 10% reached at entry 821834 ===
=====================================

=====================================
=== Progress: 20% reached at entry 1643668 ===
=====================================

=====================================
=== Progress: 30% reached at entry 2465502 ===
=====================================

=====================================
=== Progress: 40% reached at entry 3287336 ===
=====================================

=====================================
=== Progress: 50% reached at entry 4109170 ===
=====================================

=====================================
=== Progress: 60% reached at entry 4931004 ===
=====================================

=====================================
=== Progress: 70% reached at entry 5752838 ===
=====================================

=====================================
=== Progress: 80% reached at entry 6574672 ===
=====================================

=====================================
=== Progress: 90% reached at entry 7396506 ===
=====================================

Opening file: /eos/user/a/amalhotr/ScoutingPFRun3/ScoutingData_2024H_TreeMakerRedone/251209_202708/0000/ScoutingTree_Output_356.root
Opened file /eos/user/a/amalhotr/ScoutingPFRun3/ScoutingData_2024H_TreeMakerRedone/251209_202708/0000/ScoutingTree_Output_356.root with 8261749 entries.
Tree opened successfully.
Total entries = 8261749

=====================================
=== Progress: 10% reached at entry 826174 ===
=====================================

=====================================
=== Progress: 20% reached at entry 1652349 ===
=====================================

=====================================
=== Progress: 30% reached at entry 2478524 ===
=====================================

=====================================
=== Progress: 40% reached at entry 3304699 ===
=====================================

=====================================
=== Progress: 50% reached at entry 4130874 ===
=====================================

=====================================
=== Progress: 60% reached at entry 4957049 ===
=====================================

=====================================
=== Progress: 70% reached at entry 5783224 ===
=====================================

=====================================
=== Progress: 80% reached at entry 6609399 ===
=====================================

=====================================
=== Progress: 90% reached at entry 7435574 ===
=====================================

Finished Tree2PlotsRun3 scan.
