/pool/condor/dir_3115181

Opening file: /eos/user/a/amalhotr/ScoutingPFRun3/ScoutingData_2024H_TreeMakerRedone/251209_202708/0000/ScoutingTree_Output_818.root
Opened file /eos/user/a/amalhotr/ScoutingPFRun3/ScoutingData_2024H_TreeMakerRedone/251209_202708/0000/ScoutingTree_Output_818.root with 6445218 entries.
Tree opened successfully.
Total entries = 6445218

=====================================
=== Progress: 10% reached at entry 644521 ===
=====================================

=====================================
=== Progress: 20% reached at entry 1289043 ===
=====================================

=====================================
=== Progress: 30% reached at entry 1933565 ===
=====================================

=====================================
=== Progress: 40% reached at entry 2578087 ===
=====================================

=====================================
=== Progress: 50% reached at entry 3222609 ===
=====================================

=====================================
=== Progress: 60% reached at entry 3867130 ===
=====================================

=====================================
=== Progress: 70% reached at entry 4511652 ===
=====================================

=====================================
=== Progress: 80% reached at entry 5156174 ===
=====================================

=====================================
=== Progress: 90% reached at entry 5800696 ===
=====================================

Opening file: /eos/user/a/amalhotr/ScoutingPFRun3/ScoutingData_2024H_TreeMakerRedone/251209_202708/0000/ScoutingTree_Output_819.root
Opened file /eos/user/a/amalhotr/ScoutingPFRun3/ScoutingData_2024H_TreeMakerRedone/251209_202708/0000/ScoutingTree_Output_819.root with 6385118 entries.
Tree opened successfully.
Total entries = 6385118

=====================================
=== Progress: 10% reached at entry 638511 ===
=====================================

=====================================
=== Progress: 20% reached at entry 1277023 ===
=====================================

=====================================
=== Progress: 30% reached at entry 1915535 ===
=====================================

=====================================
=== Progress: 40% reached at entry 2554047 ===
=====================================

=====================================
=== Progress: 50% reached at entry 3192559 ===
=====================================

=====================================
=== Progress: 60% reached at entry 3831070 ===
=====================================

=====================================
=== Progress: 70% reached at entry 4469582 ===
=====================================

=====================================
=== Progress: 80% reached at entry 5108094 ===
=====================================

=====================================
=== Progress: 90% reached at entry 5746606 ===
=====================================

Opening file: /eos/user/a/amalhotr/ScoutingPFRun3/ScoutingData_2024H_TreeMakerRedone/251209_202708/0000/ScoutingTree_Output_81.root
Opened file /eos/user/a/amalhotr/ScoutingPFRun3/ScoutingData_2024H_TreeMakerRedone/251209_202708/0000/ScoutingTree_Output_81.root with 7881975 entries.
Tree opened successfully.
Total entries = 7881975

=====================================
=== Progress: 10% reached at entry 788197 ===
=====================================

=====================================
=== Progress: 20% reached at entry 1576395 ===
=====================================

=====================================
=== Progress: 30% reached at entry 2364592 ===
=====================================

=====================================
=== Progress: 40% reached at entry 3152790 ===
=====================================

=====================================
=== Progress: 50% reached at entry 3940987 ===
=====================================

=====================================
=== Progress: 60% reached at entry 4729185 ===
=====================================

=====================================
=== Progress: 70% reached at entry 5517382 ===
=====================================

=====================================
=== Progress: 80% reached at entry 6305580 ===
=====================================

=====================================
=== Progress: 90% reached at entry 7093777 ===
=====================================

Opening file: /eos/user/a/amalhotr/ScoutingPFRun3/ScoutingData_2024H_TreeMakerRedone/251209_202708/0000/ScoutingTree_Output_820.root
Opened file /eos/user/a/amalhotr/ScoutingPFRun3/ScoutingData_2024H_TreeMakerRedone/251209_202708/0000/ScoutingTree_Output_820.root with 6663095 entries.
Tree opened successfully.
Total entries = 6663095

=====================================
=== Progress: 10% reached at entry 666309 ===
=====================================

=====================================
=== Progress: 20% reached at entry 1332619 ===
=====================================

=====================================
=== Progress: 30% reached at entry 1998928 ===
=====================================

=====================================
=== Progress: 40% reached at entry 2665238 ===
=====================================

=====================================
=== Progress: 50% reached at entry 3331547 ===
=====================================

=====================================
=== Progress: 60% reached at entry 3997857 ===
=====================================

=====================================
=== Progress: 70% reached at entry 4664166 ===
=====================================

=====================================
=== Progress: 80% reached at entry 5330476 ===
=====================================

=====================================
=== Progress: 90% reached at entry 5996785 ===
=====================================

Finished Tree2PlotsRun3 scan.
