000 (14418850.000.000) 01/26 10:44:38 Job submitted from host: <188.184.90.62:9618?addrs=188.184.90.62-9618+[2001-1458-201-e4--100-238]-9618&alias=bigbird16.cern.ch&noUDP&sock=schedd_5196_9a2f>
...
040 (14418850.000.000) 01/26 10:44:47 Started transferring input files
	Transferring to host: <188.185.195.79:9618?addrs=188.185.195.79-9618+[2001-1458-303-22--100-4b]-9618&alias=b9p17p1368.cern.ch&noUDP&sock=slot1_6_757499_526d_67978>
...
040 (14418850.000.000) 01/26 10:44:47 Finished transferring input files
...
001 (14418850.000.000) 01/26 10:44:48 Job executing on host: <188.185.195.79:9618?addrs=188.185.195.79-9618+[2001-1458-303-22--100-4b]-9618&alias=b9p17p1368.cern.ch&noUDP&sock=startd_7197_1f31>
	SlotName: slot1_6@b9p17p1368.cern.ch
	CondorScratchDir = "/pool/condor/dir_1352061"
	Cpus = 1
	Disk = 3944
	GPUs = 0
	Memory = 3000
...
006 (14418850.000.000) 01/26 10:45:02 Image size of job updated: 548368
	536  -  MemoryUsage of job (MB)
	548368  -  ResidentSetSize of job (KB)
...
006 (14418850.000.000) 01/26 10:50:03 Image size of job updated: 783160
	759  -  MemoryUsage of job (MB)
	776944  -  ResidentSetSize of job (KB)
...
006 (14418850.000.000) 01/26 10:52:24 Image size of job updated: 805980
	759  -  MemoryUsage of job (MB)
	776944  -  ResidentSetSize of job (KB)
...
040 (14418850.000.000) 01/26 10:52:24 Started transferring output files
...
040 (14418850.000.000) 01/26 10:52:24 Finished transferring output files
...
005 (14418850.000.000) 01/26 10:52:24 Job terminated.
	(1) Normal termination (return value 0)
		Usr 0 00:05:50, Sys 0 00:00:11  -  Run Remote Usage
		Usr 0 00:00:00, Sys 0 00:00:00  -  Run Local Usage
		Usr 0 00:05:50, Sys 0 00:00:11  -  Total Remote Usage
		Usr 0 00:00:00, Sys 0 00:00:00  -  Total Local Usage
	13166  -  Run Bytes Sent By Job
	317  -  Run Bytes Received By Job
	13166  -  Total Bytes Sent By Job
	317  -  Total Bytes Received By Job
	Partitionable Resources :    Usage  Request Allocated 
	   Cpus                 :     0.63        1         1 
	   Disk (KB)            :    37           1      3944 
	   GPUs                 :                           0 
	   Memory (MB)          :   759        3000      3000 
	   TimeExecute (s)      :   456                       
	   TimeSlotBusy (s)     :   457                       

	Job terminated of its own accord at 2026-01-26T09:52:24Z with exit-code 0.
...
