/pool/condor/dir_3047552

Opening file: /eos/user/a/amalhotr/ScoutingPFRun3/ScoutingData_2024H_TreeMakerRedone/251209_202708/0000/ScoutingTree_Output_137.root
Opened file /eos/user/a/amalhotr/ScoutingPFRun3/ScoutingData_2024H_TreeMakerRedone/251209_202708/0000/ScoutingTree_Output_137.root with 8134283 entries.
Tree opened successfully.
Total entries = 8134283

=====================================
=== Progress: 10% reached at entry 813428 ===
=====================================

=====================================
=== Progress: 20% reached at entry 1626856 ===
=====================================

=====================================
=== Progress: 30% reached at entry 2440284 ===
=====================================

=====================================
=== Progress: 40% reached at entry 3253713 ===
=====================================

=====================================
=== Progress: 50% reached at entry 4067141 ===
=====================================

=====================================
=== Progress: 60% reached at entry 4880569 ===
=====================================

=====================================
=== Progress: 70% reached at entry 5693998 ===
=====================================

=====================================
=== Progress: 80% reached at entry 6507426 ===
=====================================

=====================================
=== Progress: 90% reached at entry 7320854 ===
=====================================

Opening file: /eos/user/a/amalhotr/ScoutingPFRun3/ScoutingData_2024H_TreeMakerRedone/251209_202708/0000/ScoutingTree_Output_138.root
Opened file /eos/user/a/amalhotr/ScoutingPFRun3/ScoutingData_2024H_TreeMakerRedone/251209_202708/0000/ScoutingTree_Output_138.root with 8372872 entries.
Tree opened successfully.
Total entries = 8372872

=====================================
=== Progress: 10% reached at entry 837287 ===
=====================================

=====================================
=== Progress: 20% reached at entry 1674574 ===
=====================================

=====================================
=== Progress: 30% reached at entry 2511861 ===
=====================================

=====================================
=== Progress: 40% reached at entry 3349148 ===
=====================================

=====================================
=== Progress: 50% reached at entry 4186436 ===
=====================================

=====================================
=== Progress: 60% reached at entry 5023723 ===
=====================================

=====================================
=== Progress: 70% reached at entry 5861010 ===
=====================================

=====================================
=== Progress: 80% reached at entry 6698297 ===
=====================================

=====================================
=== Progress: 90% reached at entry 7535584 ===
=====================================

Opening file: /eos/user/a/amalhotr/ScoutingPFRun3/ScoutingData_2024H_TreeMakerRedone/251209_202708/0000/ScoutingTree_Output_139.root
Opened file /eos/user/a/amalhotr/ScoutingPFRun3/ScoutingData_2024H_TreeMakerRedone/251209_202708/0000/ScoutingTree_Output_139.root with 8265442 entries.
Tree opened successfully.
Total entries = 8265442

=====================================
=== Progress: 10% reached at entry 826544 ===
=====================================

=====================================
=== Progress: 20% reached at entry 1653088 ===
=====================================

=====================================
=== Progress: 30% reached at entry 2479632 ===
=====================================

=====================================
=== Progress: 40% reached at entry 3306176 ===
=====================================

=====================================
=== Progress: 50% reached at entry 4132721 ===
=====================================

=====================================
=== Progress: 60% reached at entry 4959265 ===
=====================================

=====================================
=== Progress: 70% reached at entry 5785809 ===
=====================================

=====================================
=== Progress: 80% reached at entry 6612353 ===
=====================================

=====================================
=== Progress: 90% reached at entry 7438897 ===
=====================================

Opening file: /eos/user/a/amalhotr/ScoutingPFRun3/ScoutingData_2024H_TreeMakerRedone/251209_202708/0000/ScoutingTree_Output_13.root
Opened file /eos/user/a/amalhotr/ScoutingPFRun3/ScoutingData_2024H_TreeMakerRedone/251209_202708/0000/ScoutingTree_Output_13.root with 8352481 entries.
Tree opened successfully.
Total entries = 8352481

=====================================
=== Progress: 10% reached at entry 835248 ===
=====================================

=====================================
=== Progress: 20% reached at entry 1670496 ===
=====================================

=====================================
=== Progress: 30% reached at entry 2505744 ===
=====================================

=====================================
=== Progress: 40% reached at entry 3340992 ===
=====================================

=====================================
=== Progress: 50% reached at entry 4176240 ===
=====================================

=====================================
=== Progress: 60% reached at entry 5011488 ===
=====================================

=====================================
=== Progress: 70% reached at entry 5846736 ===
=====================================

=====================================
=== Progress: 80% reached at entry 6681984 ===
=====================================

=====================================
=== Progress: 90% reached at entry 7517232 ===
=====================================

Finished Tree2PlotsRun3 scan.
