Begin processing the 1st record. Run 1, Event 1, LumiSection 1 on stream 0 at 26-Jan-2026 10:28:33.127 CET
[2026-01-26 10:35:16.416613 +0100][Error  ][PostMaster        ] [st-h01-perseo.cern.ch:1103] Forcing error on disconnect: [ERROR] Operation interrupted.
[2026-01-26 10:35:16.431457 +0100][Error  ][PostMaster        ] [st-h01-apollo.cern.ch:1101] Forcing error on disconnect: [ERROR] Operation interrupted.

TrigReport ---------- Event  Summary ------------
TrigReport Events total = 1 passed = 1 failed = 0

TrigReport ---------- Path   Summary ------------
TrigReport  Trig Bit#   Executed     Passed     Failed      Error Name
TrigReport     1    0          1          1          0          0 p


TrigReport -------End-Path   Summary ------------
TrigReport  Trig Bit#   Executed     Passed     Failed      Error Name


TrigReport ---------- Modules in Path: p ------------
TrigReport  Trig Bit#    Visited     Passed     Failed      Error Name
TrigReport     1    0          1          1          0          0 tree2plots


TrigReport ---------- Module Summary ------------
TrigReport    Visited   Executed     Passed     Failed      Error Name
TrigReport          1          1          1          0          0 TriggerResults
TrigReport          1          1          1          0          0 p
TrigReport          1          1          1          0          0 tree2plots


TimeReport ---------- Event  Summary ---[sec]----
TimeReport       event loop CPU/event = 276.629689
TimeReport      event loop Real/event = 457.526737
TimeReport     sum Streams Real/event = 457.524828
TimeReport efficiency CPU/Real/thread = 0.604620

TimeReport ---------- Path   Summary ---[Real sec]----
TimeReport  per event     per exec  Name
TimeReport 457.524547   457.524547  p

TimeReport  per event     per exec  Name

TimeReport -------End-Path   Summary ---[Real sec]----
TimeReport  per event     per exec  Name

TimeReport  per event     per exec  Name

TimeReport ---------- Modules in Path: p ---[Real sec]----
TimeReport  per event    per visit  Name
TimeReport 457.524414   457.524414  tree2plots

TimeReport  per event    per visit  Name

TimeReport ---------- Module Summary ---[Real sec]----
TimeReport  per event     per exec    per visit  Name
TimeReport   0.000002     0.000002     0.000002  TriggerResults
TimeReport   0.000031     0.000031     0.000031  p
TimeReport 457.524414   457.524414   457.524414  tree2plots

TimeReport  per event     per exec    per visit  Name

T---Report end!


