000 (14419447.000.000) 01/26 11:03:26 Job submitted from host: <188.184.90.62:9618?addrs=188.184.90.62-9618+[2001-1458-201-e4--100-238]-9618&alias=bigbird16.cern.ch&noUDP&sock=schedd_5196_9a2f>
...
040 (14419447.000.000) 01/26 11:05:15 Started transferring input files
	Transferring to host: <188.185.212.207:9618?addrs=188.185.212.207-9618+[2001-1458-303-19--100-4b]-9618&alias=b9p26p3027.cern.ch&noUDP&sock=slot1_21_3099_4697_135525>
...
040 (14419447.000.000) 01/26 11:05:15 Finished transferring input files
...
001 (14419447.000.000) 01/26 11:05:16 Job executing on host: <188.185.212.207:9618?addrs=188.185.212.207-9618+[2001-1458-303-19--100-4b]-9618&alias=b9p26p3027.cern.ch&noUDP&sock=startd_2654_0071>
	SlotName: slot1_21@b9p26p3027.cern.ch
	CondorScratchDir = "/pool/condor/dir_3300468"
	Cpus = 1
	Disk = 3775
	GPUs = 0
	Memory = 3000
...
006 (14419447.000.000) 01/26 11:05:29 Image size of job updated: 39128
	39  -  MemoryUsage of job (MB)
	39128  -  ResidentSetSize of job (KB)
...
006 (14419447.000.000) 01/26 11:10:29 Image size of job updated: 849392
	800  -  MemoryUsage of job (MB)
	818796  -  ResidentSetSize of job (KB)
...
040 (14419447.000.000) 01/26 11:12:04 Started transferring output files
...
040 (14419447.000.000) 01/26 11:12:04 Finished transferring output files
...
005 (14419447.000.000) 01/26 11:12:04 Job terminated.
	(1) Normal termination (return value 0)
		Usr 0 00:04:31, Sys 0 00:00:10  -  Run Remote Usage
		Usr 0 00:00:00, Sys 0 00:00:00  -  Run Local Usage
		Usr 0 00:04:31, Sys 0 00:00:10  -  Total Remote Usage
		Usr 0 00:00:00, Sys 0 00:00:00  -  Total Local Usage
	12859  -  Run Bytes Sent By Job
	317  -  Run Bytes Received By Job
	12859  -  Total Bytes Sent By Job
	317  -  Total Bytes Received By Job
	Partitionable Resources :    Usage  Request Allocated 
	   Cpus                 :     0.88        1         1 
	   Disk (KB)            :    36           1      3775 
	   GPUs                 :                           0 
	   Memory (MB)          :   800        3000      3000 
	   TimeExecute (s)      :   408                       
	   TimeSlotBusy (s)     :   411                       

	Job terminated of its own accord at 2026-01-26T10:12:04Z with exit-code 0.
...
