DEBUG 2025-12-09 20:18:33.773 UTC: 	 CRAB Client version: v3.251020
DEBUG 2025-12-09 20:18:33.773 UTC: 	 Running on: Linux lxplus912.cern.ch 5.14.0-611.9.1.el9_7.x86_64 #1 SMP PREEMPT_DYNAMIC Sat Nov 15 05:15:45 EST 2025 x86_64 x86_64 x86_64 GNU/Linux
DEBUG 2025-12-09 20:18:33.773 UTC: 	 Not using Singularity
DEBUG 2025-12-09 20:18:33.773 UTC: 	 Operating System: Red Hat Enterprise Linux 9.7 (Plow)
DEBUG 2025-12-09 20:18:33.773 UTC: 	 Executing command: 'submit'
DEBUG 2025-12-09 20:18:33.774 UTC: 	 Found CRAB cache file /afs/cern.ch/user/a/amalhotr/.crab3
INFO 2025-12-09 20:18:33.814 UTC: 	 Will use CRAB configuration file chainedCrabConfig.py
DEBUG 2025-12-09 20:18:33.814 UTC: 	 Loading CRAB configuration file.
DEBUG 2025-12-09 20:18:33.861 UTC: 	 Will use CRAB plugin ANALYSIS (i.e. will run an analysis job type).
DEBUG 2025-12-09 20:18:33.980 UTC: 	 Checking credentials
DEBUG 2025-12-09 20:18:33.981 UTC: 	 Found proxy file /tmp/x509up_u180451
DEBUG 2025-12-09 20:18:33.981 UTC: 	 Making sure it has proper VOMS extension
DEBUG 2025-12-09 20:18:33.981 UTC: 	 Executing command :
 voms-proxy-info --vo --file /tmp/x509up_u180451
DEBUG 2025-12-09 20:18:34.032 UTC: 	 output : cms

 error: 
 retcode : 0
DEBUG 2025-12-09 20:18:34.032 UTC: 	 Getting proxy life time left
DEBUG 2025-12-09 20:18:34.032 UTC: 	 Executing command :
 voms-proxy-info --actimeleft --timeleft --file /tmp/x509up_u180451
DEBUG 2025-12-09 20:18:34.061 UTC: 	 output : 688416
688415

 error: 
 retcode : 0
DEBUG 2025-12-09 20:18:34.062 UTC: 	 Proxy valid for 191:13:35 hours
DEBUG 2025-12-09 20:18:34.062 UTC: 	 Encoded data for curl request: subresource=delegatedn
DEBUG 2025-12-09 20:18:34.118 UTC: 	 Registering user credentials on myproxy for /DC=ch/DC=cern/OU=Organic Units/OU=Users/CN=cmscrab/CN=(817881|373708)/CN=Robot: cms crab|/DC=ch/DC=cern/OU=Organic Units/OU=Users/CN=crabint1/CN=373708/CN=Robot: CMS CRAB Integration 1
DEBUG 2025-12-09 20:18:34.119 UTC: 	 Executing command :
 voms-proxy-info --identity --file /tmp/x509up_u180451
DEBUG 2025-12-09 20:18:34.147 UTC: 	 output : /DC=ch/DC=cern/OU=Organic Units/OU=Users/CN=amalhotr/CN=884837/CN=Aryan Malhotra

 error: 
 retcode : 0
DEBUG 2025-12-09 20:18:34.147 UTC: 	 Getting myproxy life time left for 2382a3cf28fdeacb1de9b039908761ea517a5ed6
DEBUG 2025-12-09 20:18:34.147 UTC: 	 Executing command :
 myproxy-info -s myproxy.cern.ch -l 2382a3cf28fdeacb1de9b039908761ea517a5ed6
DEBUG 2025-12-09 20:18:34.475 UTC: 	 output : username: 2382a3cf28fdeacb1de9b039908761ea517a5ed6
owner: /DC=ch/DC=cern/OU=Organic Units/OU=Users/CN=amalhotr/CN=884837/CN=Aryan Malhotra
  renewal policy: /DC=ch/DC=cern/OU=Organic Units/OU=Users/CN=cmscrab/CN=(817881|373708)/CN=Robot: cms crab|/DC=ch/DC=cern/OU=Organic Units/OU=Users/CN=crabint1/CN=373708/CN=Robot: CMS CRAB Integration 1
  trusted retrieval policy: /DC=ch/DC=cern/OU=Organic Units/OU=Users/CN=cmscrab/CN=(817881|373708)/CN=Robot: cms crab|/DC=ch/DC=cern/OU=Organic Units/OU=Users/CN=crabint1/CN=373708/CN=Robot: CMS CRAB Integration 1
  timeleft: 489:30:02  (20.4 days)

 error: 
 retcode : 0
DEBUG 2025-12-09 20:18:34.475 UTC: 	 Myproxy is valid: 1762200
DEBUG 2025-12-09 20:18:34.475 UTC: 	 Result of myproxy credential check:
  Credential exists on myproxy: username: 2382a3cf28fdeacb1de9b039908761ea517a5ed6  - validity: 20 days, 9:30:00
DEBUG 2025-12-09 20:18:34.475 UTC: 	 Command use: submit
DEBUG 2025-12-09 20:18:34.475 UTC: 	 Options use: ['-c', 'chainedCrabConfig.py']
DEBUG 2025-12-09 20:18:34.476 UTC: 	 Encoded data for curl request: subresource=version
DEBUG 2025-12-09 20:18:34.529 UTC: 	 CRABClient version: v3.251020
DEBUG 2025-12-09 20:18:34.529 UTC: 	 Instance is prod
DEBUG 2025-12-09 20:18:34.529 UTC: 	 Server base url is cmsweb.cern.ch
DEBUG 2025-12-09 20:18:34.529 UTC: 	 Command api workflow
DEBUG 2025-12-09 20:18:34.529 UTC: 	 Started submission
DEBUG 2025-12-09 20:18:34.529 UTC: 	 Working on /afs/cern.ch/user/a/amalhotr/CMSSW_14_0_18_patch1/src/Run3ScoutingAnalysisTools/crab_ScoutingData_2024H_TreeMaker
DEBUG 2025-12-09 20:18:34.745 UTC: 	 Loading required information from the environment
DEBUG 2025-12-09 20:18:34.745 UTC: 	 Found CMSSW_14_0_18_patch1 for el9_amd64_gcc12 with base /afs/cern.ch/user/a/amalhotr/CMSSW_14_0_18_patch1
DEBUG 2025-12-09 20:18:34.746 UTC: 	 Loading required information from the environment
DEBUG 2025-12-09 20:18:34.746 UTC: 	 Found CMSSW_14_0_18_patch1 for el9_amd64_gcc12 with base /afs/cern.ch/user/a/amalhotr/CMSSW_14_0_18_patch1
DEBUG 2025-12-09 20:18:34.746 UTC: 	 UNIQUE NAME: tarUUID f28135c3-5842-4977-abee-4d9c9b675de5 
DEBUG 2025-12-09 20:18:34.746 UTC: 	 self.config: from WMCore.Configuration import Configuration
config = Configuration()
config.section_('General')
config.General.transferLogs = True
config.General.requestName = 'ScoutingData_2024H_TreeMaker'
config.General.transferOutputs = True
config.section_('JobType')
config.JobType.pluginName = 'Analysis'
config.JobType.maxMemoryMB = 3000
config.JobType.psetName = 'UnifiedScoutingVertexingTreeMaker.py'
config.JobType.outputFiles = ['ScoutingTree_Output.root']
config.section_('Data')
config.Data.splitting = 'FileBased'
config.Data.allowNonValidInputDataset = True
config.Data.inputDBS = 'global'
config.Data.publication = False
config.Data.outputDatasetTag = 'ScoutingData_2024H_TreeMaker'
config.Data.inputDataset = '/ScoutingPFRun3/Run2024H-v1/HLTSCOUT'
config.Data.unitsPerJob = 30
config.section_('Site')
config.Site.storageSite = 'T3_CH_CERNBOX'
config.section_('User')
config.section_('Debug')

DEBUG 2025-12-09 20:18:34.746 UTC: 	 self.config.JobType.psetName: UnifiedScoutingVertexingTreeMaker.py
INFO 2025-12-09 20:18:34.746 UTC: 	 Importing CMSSW configuration UnifiedScoutingVertexingTreeMaker.py
INFO 2025-12-09 20:18:35.407 UTC: 	 Finished importing CMSSW configuration UnifiedScoutingVertexingTreeMaker.py
DEBUG 2025-12-09 20:18:35.407 UTC: 	 Writing CMSSW configuration to /afs/cern.ch/user/a/amalhotr/CMSSW_14_0_18_patch1/src/Run3ScoutingAnalysisTools/crab_ScoutingData_2024H_TreeMaker/inputs/PSet.py
DEBUG 2025-12-09 20:18:35.433 UTC: 	 The following EDM output files will be collected: []
DEBUG 2025-12-09 20:18:35.433 UTC: 	 The following TFile output files will be collected: ['ScoutingTree_Output.root']
DEBUG 2025-12-09 20:18:35.433 UTC: 	 The following user output files (not listed as PoolOuputModule or TFileService in the CMSSW PSet) will be collected: 
DEBUG 2025-12-09 20:18:35.433 UTC: 	 Loading required information from the environment
DEBUG 2025-12-09 20:18:35.433 UTC: 	 Found CMSSW_14_0_18_patch1 for el9_amd64_gcc12 with base /afs/cern.ch/user/a/amalhotr/CMSSW_14_0_18_patch1
DEBUG 2025-12-09 20:18:35.433 UTC: 	 Making tarball in /afs/cern.ch/user/a/amalhotr/CMSSW_14_0_18_patch1/src/Run3ScoutingAnalysisTools/crab_ScoutingData_2024H_TreeMaker/inputs/f28135c3-5842-4977-abee-4d9c9b675de5default.tgz
DEBUG 2025-12-09 20:18:35.434 UTC: 	 Checking directory /afs/cern.ch/user/a/amalhotr/CMSSW_14_0_18_patch1/bin
DEBUG 2025-12-09 20:18:35.434 UTC: 	 Adding directory /afs/cern.ch/user/a/amalhotr/CMSSW_14_0_18_patch1/bin to tarball
DEBUG 2025-12-09 20:18:35.442 UTC: 	 Checking directory /afs/cern.ch/user/a/amalhotr/CMSSW_14_0_18_patch1/python
DEBUG 2025-12-09 20:18:35.442 UTC: 	 Adding directory /afs/cern.ch/user/a/amalhotr/CMSSW_14_0_18_patch1/python to tarball
DEBUG 2025-12-09 20:18:38.885 UTC: 	 Checking directory /afs/cern.ch/user/a/amalhotr/CMSSW_14_0_18_patch1/cfipython
DEBUG 2025-12-09 20:18:38.886 UTC: 	 Adding directory /afs/cern.ch/user/a/amalhotr/CMSSW_14_0_18_patch1/cfipython to tarball
DEBUG 2025-12-09 20:18:39.005 UTC: 	 Checking directory /afs/cern.ch/user/a/amalhotr/CMSSW_14_0_18_patch1/lib
DEBUG 2025-12-09 20:18:39.005 UTC: 	 Adding directory /afs/cern.ch/user/a/amalhotr/CMSSW_14_0_18_patch1/lib to tarball
DEBUG 2025-12-09 20:18:39.407 UTC: 	 Checking directory /afs/cern.ch/user/a/amalhotr/CMSSW_14_0_18_patch1/biglib
DEBUG 2025-12-09 20:18:39.407 UTC: 	 Adding directory /afs/cern.ch/user/a/amalhotr/CMSSW_14_0_18_patch1/biglib to tarball
DEBUG 2025-12-09 20:18:39.410 UTC: 	 Checking directory /afs/cern.ch/user/a/amalhotr/CMSSW_14_0_18_patch1/module
DEBUG 2025-12-09 20:18:39.410 UTC: 	 Checking directory /afs/cern.ch/user/a/amalhotr/CMSSW_14_0_18_patch1/config/SCRAM/hooks
DEBUG 2025-12-09 20:18:39.411 UTC: 	 Adding directory /afs/cern.ch/user/a/amalhotr/CMSSW_14_0_18_patch1/config/SCRAM/hooks to tarball
DEBUG 2025-12-09 20:18:41.356 UTC: 	 Adding directory /afs/cern.ch/user/a/amalhotr/CMSSW_14_0_18_patch1/src/Run3ScoutingAnalysisTools/DataFormats/Scouting/interface to tarball
DEBUG 2025-12-09 20:18:41.428 UTC: 	 Adding directory /afs/cern.ch/user/a/amalhotr/CMSSW_14_0_18_patch1/src/Run3ScoutingAnalysisTools/ScoutingTreeMakerRun3/python to tarball
DEBUG 2025-12-09 20:18:41.535 UTC: 	 Adding directory /afs/cern.ch/user/a/amalhotr/CMSSW_14_0_18_patch1/src/DataFormats/Scouting/interface to tarball
DEBUG 2025-12-09 20:18:41.655 UTC: 	 Adding directory /afs/cern.ch/user/a/amalhotr/CMSSW_14_0_18_patch1/src/Configuration/GenProduction/python to tarball
DEBUG 2025-12-09 20:18:41.857 UTC: 	 Uploading archive /afs/cern.ch/user/a/amalhotr/CMSSW_14_0_18_patch1/src/Run3ScoutingAnalysisTools/crab_ScoutingData_2024H_TreeMaker/inputs/f28135c3-5842-4977-abee-4d9c9b675de5default.tgz (0.520508.1 MB) to the CRAB cache.
DEBUG 2025-12-09 20:18:42.149 UTC: 	 Encoded data for curl request: subresource=upload&objecttype=sandbox&tarballname=5eb954b4334df937dbbebde367bea44398e8ad86599509caff54a379091f20e7.tar.gz
DEBUG 2025-12-09 20:18:42.210 UTC: 	 Will execute:
curl -f -v -X POST  -H "User-Agent: CRAB" -F "key=amalhotr/sandboxes/5eb954b4334df937dbbebde367bea44398e8ad86599509caff54a379091f20e7.tar.gz" -F "AWSAccessKeyId=715203df6482458ba839e73e6dab634b" -F "policy=eyJleHBpcmF0aW9uIjogIjIwMjUtMTItMDlUMjE6MTg6NDJaIiwgImNvbmRpdGlvbnMiOiBbeyJidWNrZXQiOiAiY3JhYmNhY2hlX3Byb2QifSwgeyJrZXkiOiAiYW1hbGhvdHIvc2FuZGJveGVzLzVlYjk1NGI0MzM0ZGY5MzdkYmJlYmRlMzY3YmVhNDQzOThlOGFkODY1OTk1MDljYWZmNTRhMzc5MDkxZjIwZTcudGFyLmd6In1dfQ==" -F "signature=XyWoAlnkwtbc8yGsXvZ4eXPe+Js=" -F "file=@/afs/cern.ch/user/a/amalhotr/CMSSW_14_0_18_patch1/src/Run3ScoutingAnalysisTools/crab_ScoutingData_2024H_TreeMaker/inputs/f28135c3-5842-4977-abee-4d9c9b675de5default.tgz" "https://s3.cern.ch/crabcache_prod"
DEBUG 2025-12-09 20:18:42.298 UTC: 	 exitcode: 0
stdout: b''
DEBUG 2025-12-09 20:18:42.298 UTC: 	 upload to S3 of sandbox /afs/cern.ch/user/a/amalhotr/CMSSW_14_0_18_patch1/src/Run3ScoutingAnalysisTools/crab_ScoutingData_2024H_TreeMaker/inputs/f28135c3-5842-4977-abee-4d9c9b675de5default.tgz completed
DEBUG 2025-12-09 20:18:42.298 UTC: 	 make sure that object is ready for retrieve
DEBUG 2025-12-09 20:18:43.300 UTC: 	 Encoded data for curl request: subresource=download&objecttype=sandbox&tarballname=5eb954b4334df937dbbebde367bea44398e8ad86599509caff54a379091f20e7.tar.gz&clientmethod=head_object
DEBUG 2025-12-09 20:18:43.345 UTC: 	 PreSignedUrl to download sandbox received OK
DEBUG 2025-12-09 20:18:43.349 UTC: 	 Will execute:
 curl -v -s -f -o /dev/null --head  "https://s3.cern.ch/crabcache_prod/amalhotr/sandboxes/5eb954b4334df937dbbebde367bea44398e8ad86599509caff54a379091f20e7.tar.gz?AWSAccessKeyId=715203df6482458ba839e73e6dab634b&Signature=YPEnYTMRl7mUWjCcCmI9Tem%2Bp0Y%3D&Expires=1765315123"
DEBUG 2025-12-09 20:18:43.385 UTC: 	 exitcode: 0
stdout: b''
DEBUG 2025-12-09 20:18:43.385 UTC: 	 sandbox /afs/cern.ch/user/a/amalhotr/CMSSW_14_0_18_patch1/src/Run3ScoutingAnalysisTools/crab_ScoutingData_2024H_TreeMaker/inputs/f28135c3-5842-4977-abee-4d9c9b675de5default.tgz successfully uploaded to S3
DEBUG 2025-12-09 20:18:43.385 UTC: 	 Loading required information from the environment
DEBUG 2025-12-09 20:18:43.385 UTC: 	 Found CMSSW_14_0_18_patch1 for el9_amd64_gcc12 with base /afs/cern.ch/user/a/amalhotr/CMSSW_14_0_18_patch1
DEBUG 2025-12-09 20:18:43.385 UTC: 	 Making tarball in /afs/cern.ch/user/a/amalhotr/CMSSW_14_0_18_patch1/src/Run3ScoutingAnalysisTools/crab_ScoutingData_2024H_TreeMaker/inputs/debugFiles.tgz
DEBUG 2025-12-09 20:18:43.394 UTC: 	 Uploading archive /afs/cern.ch/user/a/amalhotr/CMSSW_14_0_18_patch1/src/Run3ScoutingAnalysisTools/crab_ScoutingData_2024H_TreeMaker/inputs/debugFiles.tgz (4 KB) to the CRAB cache.
DEBUG 2025-12-09 20:18:43.397 UTC: 	 Encoded data for curl request: subresource=upload&objecttype=sandbox&tarballname=032ce33e70c3a090f787d9e4a1fcd56627ea8fbb09f36fdcac2fd8d2c96d0d16.tar.gz
DEBUG 2025-12-09 20:18:43.459 UTC: 	 Will execute:
curl -f -v -X POST  -H "User-Agent: CRAB" -F "key=amalhotr/sandboxes/032ce33e70c3a090f787d9e4a1fcd56627ea8fbb09f36fdcac2fd8d2c96d0d16.tar.gz" -F "AWSAccessKeyId=715203df6482458ba839e73e6dab634b" -F "policy=eyJleHBpcmF0aW9uIjogIjIwMjUtMTItMDlUMjE6MTg6NDNaIiwgImNvbmRpdGlvbnMiOiBbeyJidWNrZXQiOiAiY3JhYmNhY2hlX3Byb2QifSwgeyJrZXkiOiAiYW1hbGhvdHIvc2FuZGJveGVzLzAzMmNlMzNlNzBjM2EwOTBmNzg3ZDllNGExZmNkNTY2MjdlYThmYmIwOWYzNmZkY2FjMmZkOGQyYzk2ZDBkMTYudGFyLmd6In1dfQ==" -F "signature=uE/RzZ5jS5kGX+o5Zr8vnUV2tMs=" -F "file=@/afs/cern.ch/user/a/amalhotr/CMSSW_14_0_18_patch1/src/Run3ScoutingAnalysisTools/crab_ScoutingData_2024H_TreeMaker/inputs/debugFiles.tgz" "https://s3.cern.ch/crabcache_prod"
DEBUG 2025-12-09 20:18:43.753 UTC: 	 exitcode: 0
stdout: b''
DEBUG 2025-12-09 20:18:43.753 UTC: 	 upload to S3 of sandbox /afs/cern.ch/user/a/amalhotr/CMSSW_14_0_18_patch1/src/Run3ScoutingAnalysisTools/crab_ScoutingData_2024H_TreeMaker/inputs/debugFiles.tgz completed
DEBUG 2025-12-09 20:18:43.753 UTC: 	 make sure that object is ready for retrieve
DEBUG 2025-12-09 20:18:44.754 UTC: 	 Encoded data for curl request: subresource=download&objecttype=sandbox&tarballname=032ce33e70c3a090f787d9e4a1fcd56627ea8fbb09f36fdcac2fd8d2c96d0d16.tar.gz&clientmethod=head_object
DEBUG 2025-12-09 20:18:44.800 UTC: 	 PreSignedUrl to download sandbox received OK
DEBUG 2025-12-09 20:18:44.802 UTC: 	 Will execute:
 curl -v -s -f -o /dev/null --head  "https://s3.cern.ch/crabcache_prod/amalhotr/sandboxes/032ce33e70c3a090f787d9e4a1fcd56627ea8fbb09f36fdcac2fd8d2c96d0d16.tar.gz?AWSAccessKeyId=715203df6482458ba839e73e6dab634b&Signature=ShyPoz57U7%2BAtm7OHZYQHG0FpfU%3D&Expires=1765315124"
DEBUG 2025-12-09 20:18:44.833 UTC: 	 exitcode: 0
stdout: b''
DEBUG 2025-12-09 20:18:44.833 UTC: 	 sandbox /afs/cern.ch/user/a/amalhotr/CMSSW_14_0_18_patch1/src/Run3ScoutingAnalysisTools/crab_ScoutingData_2024H_TreeMaker/inputs/debugFiles.tgz successfully uploaded to S3
DEBUG 2025-12-09 20:18:44.833 UTC: 	 Result uploading input files: 5eb954b4334df937dbbebde367bea44398e8ad86599509caff54a379091f20e7.tar.gz 
DEBUG 2025-12-09 20:18:44.833 UTC: 	 submit() - self.configuration from WMCore.Configuration import Configuration
config = Configuration()
config.section_('General')
config.General.transferLogs = True
config.General.requestName = 'ScoutingData_2024H_TreeMaker'
config.General.transferOutputs = True
config.section_('JobType')
config.JobType.pluginName = 'Analysis'
config.JobType.maxMemoryMB = 3000
config.JobType.psetName = 'UnifiedScoutingVertexingTreeMaker.py'
config.JobType.outputFiles = ['ScoutingTree_Output.root']
config.section_('Data')
config.Data.splitting = 'FileBased'
config.Data.allowNonValidInputDataset = True
config.Data.inputDBS = 'global'
config.Data.publication = False
config.Data.outputDatasetTag = 'ScoutingData_2024H_TreeMaker'
config.Data.inputDataset = '/ScoutingPFRun3/Run2024H-v1/HLTSCOUT'
config.Data.unitsPerJob = 30
config.section_('Site')
config.Site.storageSite = 'T3_CH_CERNBOX'
config.section_('User')
config.section_('Debug')

DEBUG 2025-12-09 20:18:44.834 UTC: 	 submit() - self.configreq {'dryrun': 0, 'workflow': 'crab_ScoutingData_2024H_TreeMaker', 'saveoutput': 1, 'savelogsflag': 1, 'inputdata': '/ScoutingPFRun3/Run2024H-v1/HLTSCOUT', 'nonvaliddata': 1, 'userfiles': [], 'dbsurl': 'https://cmsweb.cern.ch/dbs/prod/global/DBSReader', 'useparent': 0, 'ignorelocality': 0, 'splitalgo': 'FileBased', 'algoargs': 30, 'totalunits': 0, 'publication': 0, 'publishdbsurl': 'https://cmsweb.cern.ch/dbs/prod/phys03/DBSWriter', 'publishname2': 'ScoutingData_2024H_TreeMaker', 'jobtype': 'Analysis', 'generator': 'pythia', 'addoutputfiles': ['ScoutingTree_Output.root'], 'maxjobruntime': 1250, 'numcores': 1, 'maxmemory': 3000, 'priority': 10, 'nonprodsw': 0, 'asyncdest': 'T3_CH_CERNBOX', 'requireaccelerator': 0, 'oneEventMode': 0, 'extrajdl': [], 'ignoreglobalblacklist': 0, 'partialdataset': 0, 'inputblocks': []}
DEBUG 2025-12-09 20:18:44.834 UTC: 	 submit() - jobconfig {'addoutputfiles': [], 'tfileoutfiles': ['ScoutingTree_Output.root'], 'edmoutfiles': [], 'jobarch': 'el9_amd64_gcc12', 'jobminuarch': 'any', 'jobsw': 'CMSSW_14_0_18_patch1', 'inputdata': '/ScoutingPFRun3/Run2024H-v1/HLTSCOUT', 'cachefilename': '5eb954b4334df937dbbebde367bea44398e8ad86599509caff54a379091f20e7.tar.gz', 'debugfilename': '032ce33e70c3a090f787d9e4a1fcd56627ea8fbb09f36fdcac2fd8d2c96d0d16.tar.gz', 'jobtype': 'Analysis'}
INFO 2025-12-09 20:18:44.834 UTC: 	 Sending the request to the server at cmsweb.cern.ch
DEBUG 2025-12-09 20:18:44.834 UTC: 	 Submitting {'dryrun': 0, 'workflow': 'crab_ScoutingData_2024H_TreeMaker', 'saveoutput': 1, 'savelogsflag': 1, 'inputdata': '/ScoutingPFRun3/Run2024H-v1/HLTSCOUT', 'nonvaliddata': 1, 'userfiles': [], 'dbsurl': 'https://cmsweb.cern.ch/dbs/prod/global/DBSReader', 'useparent': 0, 'ignorelocality': 0, 'splitalgo': 'FileBased', 'algoargs': 30, 'totalunits': 0, 'publication': 0, 'publishdbsurl': 'https://cmsweb.cern.ch/dbs/prod/phys03/DBSWriter', 'publishname2': 'ScoutingData_2024H_TreeMaker', 'jobtype': 'Analysis', 'generator': 'pythia', 'addoutputfiles': [], 'maxjobruntime': 1250, 'numcores': 1, 'maxmemory': 3000, 'priority': 10, 'nonprodsw': 0, 'asyncdest': 'T3_CH_CERNBOX', 'requireaccelerator': 0, 'oneEventMode': 0, 'extrajdl': [], 'ignoreglobalblacklist': 0, 'partialdataset': 0, 'inputblocks': [], 'tfileoutfiles': ['ScoutingTree_Output.root'], 'edmoutfiles': [], 'jobarch': 'el9_amd64_gcc12', 'jobminuarch': 'any', 'jobsw': 'CMSSW_14_0_18_patch1', 'cachefilename': '5eb954b4334df937dbbebde367bea44398e8ad86599509caff54a379091f20e7.tar.gz', 'debugfilename': '032ce33e70c3a090f787d9e4a1fcd56627ea8fbb09f36fdcac2fd8d2c96d0d16.tar.gz'} 
DEBUG 2025-12-09 20:18:44.834 UTC: 	 Encoded data for curl request: dryrun=0&workflow=crab_ScoutingData_2024H_TreeMaker&saveoutput=1&savelogsflag=1&inputdata=%2FScoutingPFRun3%2FRun2024H-v1%2FHLTSCOUT&nonvaliddata=1&dbsurl=https%3A%2F%2Fcmsweb.cern.ch%2Fdbs%2Fprod%2Fglobal%2FDBSReader&useparent=0&ignorelocality=0&splitalgo=FileBased&algoargs=30&totalunits=0&publication=0&publishdbsurl=https%3A%2F%2Fcmsweb.cern.ch%2Fdbs%2Fprod%2Fphys03%2FDBSWriter&publishname2=ScoutingData_2024H_TreeMaker&jobtype=Analysis&generator=pythia&maxjobruntime=1250&numcores=1&maxmemory=3000&priority=10&nonprodsw=0&asyncdest=T3_CH_CERNBOX&requireaccelerator=0&oneEventMode=0&ignoreglobalblacklist=0&partialdataset=0&jobarch=el9_amd64_gcc12&jobminuarch=any&jobsw=CMSSW_14_0_18_patch1&cachefilename=5eb954b4334df937dbbebde367bea44398e8ad86599509caff54a379091f20e7.tar.gz&debugfilename=032ce33e70c3a090f787d9e4a1fcd56627ea8fbb09f36fdcac2fd8d2c96d0d16.tar.gz&tfileoutfiles=ScoutingTree_Output.root
DEBUG 2025-12-09 20:18:44.903 UTC: 	 Result: {'result': [{'RequestName': '251209_201844:amalhotr_crab_ScoutingData_2024H_TreeMaker'}]}
INFO 2025-12-09 20:18:44.905 UTC: 	 Success: Your task has been delivered to the prod CRAB3 server.
INFO 2025-12-09 20:18:44.905 UTC: 	 Task name: 251209_201844:amalhotr_crab_ScoutingData_2024H_TreeMaker
INFO 2025-12-09 20:18:44.905 UTC: 	 Project dir: ./crab_ScoutingData_2024H_TreeMaker
INFO 2025-12-09 20:18:44.905 UTC: 	 Please use ' crab status -d ./crab_ScoutingData_2024H_TreeMaker ' to check how the submission process proceeds.
DEBUG 2025-12-09 20:18:44.905 UTC: 	 About to return
INFO 2025-12-09 20:18:44.908 UTC: 	 Log file is /afs/cern.ch/user/a/amalhotr/CMSSW_14_0_18_patch1/src/Run3ScoutingAnalysisTools/crab_ScoutingData_2024H_TreeMaker/crab.log
DEBUG 2025-12-09 20:18:53.824 UTC: 	 CRAB Client version: v3.251020
DEBUG 2025-12-09 20:18:53.825 UTC: 	 Running on: Linux lxplus912.cern.ch 5.14.0-611.9.1.el9_7.x86_64 #1 SMP PREEMPT_DYNAMIC Sat Nov 15 05:15:45 EST 2025 x86_64 x86_64 x86_64 GNU/Linux
DEBUG 2025-12-09 20:18:53.825 UTC: 	 Not using Singularity
DEBUG 2025-12-09 20:18:53.825 UTC: 	 Operating System: Red Hat Enterprise Linux 9.7 (Plow)
DEBUG 2025-12-09 20:18:53.825 UTC: 	 Executing command: 'status'
DEBUG 2025-12-09 20:18:53.825 UTC: 	 Found CRAB cache file /afs/cern.ch/user/a/amalhotr/.crab3
DEBUG 2025-12-09 20:18:53.828 UTC: 	 Checking credentials
DEBUG 2025-12-09 20:18:53.828 UTC: 	 Found proxy file /tmp/x509up_u180451
DEBUG 2025-12-09 20:18:53.828 UTC: 	 Making sure it has proper VOMS extension
DEBUG 2025-12-09 20:18:53.828 UTC: 	 Executing command :
 voms-proxy-info --vo --file /tmp/x509up_u180451
DEBUG 2025-12-09 20:18:53.852 UTC: 	 output : cms

 error: 
 retcode : 0
DEBUG 2025-12-09 20:18:53.852 UTC: 	 Getting proxy life time left
DEBUG 2025-12-09 20:18:53.852 UTC: 	 Executing command :
 voms-proxy-info --actimeleft --timeleft --file /tmp/x509up_u180451
DEBUG 2025-12-09 20:18:53.876 UTC: 	 output : 688397
688396

 error: 
 retcode : 0
DEBUG 2025-12-09 20:18:53.876 UTC: 	 Proxy valid for 191:13:16 hours
DEBUG 2025-12-09 20:18:53.877 UTC: 	 Encoded data for curl request: subresource=delegatedn
DEBUG 2025-12-09 20:18:53.917 UTC: 	 Registering user credentials on myproxy for /DC=ch/DC=cern/OU=Organic Units/OU=Users/CN=cmscrab/CN=(817881|373708)/CN=Robot: cms crab|/DC=ch/DC=cern/OU=Organic Units/OU=Users/CN=crabint1/CN=373708/CN=Robot: CMS CRAB Integration 1
DEBUG 2025-12-09 20:18:53.918 UTC: 	 Executing command :
 voms-proxy-info --identity --file /tmp/x509up_u180451
DEBUG 2025-12-09 20:18:53.941 UTC: 	 output : /DC=ch/DC=cern/OU=Organic Units/OU=Users/CN=amalhotr/CN=884837/CN=Aryan Malhotra

 error: 
 retcode : 0
DEBUG 2025-12-09 20:18:53.941 UTC: 	 Getting myproxy life time left for 2382a3cf28fdeacb1de9b039908761ea517a5ed6
DEBUG 2025-12-09 20:18:53.941 UTC: 	 Executing command :
 myproxy-info -s myproxy.cern.ch -l 2382a3cf28fdeacb1de9b039908761ea517a5ed6
DEBUG 2025-12-09 20:18:54.229 UTC: 	 output : username: 2382a3cf28fdeacb1de9b039908761ea517a5ed6
owner: /DC=ch/DC=cern/OU=Organic Units/OU=Users/CN=amalhotr/CN=884837/CN=Aryan Malhotra
  renewal policy: /DC=ch/DC=cern/OU=Organic Units/OU=Users/CN=cmscrab/CN=(817881|373708)/CN=Robot: cms crab|/DC=ch/DC=cern/OU=Organic Units/OU=Users/CN=crabint1/CN=373708/CN=Robot: CMS CRAB Integration 1
  trusted retrieval policy: /DC=ch/DC=cern/OU=Organic Units/OU=Users/CN=cmscrab/CN=(817881|373708)/CN=Robot: cms crab|/DC=ch/DC=cern/OU=Organic Units/OU=Users/CN=crabint1/CN=373708/CN=Robot: CMS CRAB Integration 1
  timeleft: 489:29:42  (20.4 days)

 error: 
 retcode : 0
DEBUG 2025-12-09 20:18:54.229 UTC: 	 Myproxy is valid: 1762140
DEBUG 2025-12-09 20:18:54.229 UTC: 	 Result of myproxy credential check:
  Credential exists on myproxy: username: 2382a3cf28fdeacb1de9b039908761ea517a5ed6  - validity: 20 days, 9:29:00
DEBUG 2025-12-09 20:18:54.229 UTC: 	 Retrieving username ...
DEBUG 2025-12-09 20:18:54.229 UTC: 	 Retrieving username from CRIC...
DEBUG 2025-12-09 20:18:55.046 UTC: 	 username is amalhotr
INFO 2025-12-09 20:18:55.824 UTC: 	 Rucio client intialized for account amalhotr
DEBUG 2025-12-09 20:18:55.824 UTC: 	 Command use: status
DEBUG 2025-12-09 20:18:55.824 UTC: 	 Options use: []
DEBUG 2025-12-09 20:18:55.824 UTC: 	 Encoded data for curl request: subresource=version
DEBUG 2025-12-09 20:18:55.871 UTC: 	 CRABClient version: v3.251020
DEBUG 2025-12-09 20:18:55.871 UTC: 	 Instance is prod
DEBUG 2025-12-09 20:18:55.871 UTC: 	 Server base url is cmsweb.cern.ch
DEBUG 2025-12-09 20:18:55.871 UTC: 	 Command api workflow
DEBUG 2025-12-09 20:18:55.871 UTC: 	 Encoded data for curl request: subresource=search&workflow=251209_201844%3Aamalhotr_crab_ScoutingData_2024H_TreeMaker
DEBUG 2025-12-09 20:18:55.918 UTC: 	 Got information from server oracle database: {'desc': {'columns': ['tm_taskname', 'tm_activity', 'tm_task_status', 'tm_task_command', 'tm_start_time', 'tm_start_injection', 'tm_end_injection', 'tm_task_failure', 'tm_job_sw', 'tm_job_arch', 'tm_input_dataset', 'tm_nonvalid_input_dataset', 'tm_use_parent', 'tm_site_whitelist', 'tm_site_blacklist', 'tm_split_algo', 'tm_split_args', 'tm_user_sandbox', 'tm_cache_url', 'tm_username', 'tm_user_dn', 'tm_user_vo', 'tm_user_role', 'tm_user_group', 'tm_publish_name', 'tm_publish_groupname', 'tm_asyncdest', 'tm_dbs_url', 'tm_publish_dbs_url', 'tm_publication', 'tm_outfiles', 'tm_tfile_outfiles', 'tm_edm_outfiles', 'tm_job_type', 'tm_generator', 'tm_events_per_lumi', 'tm_arguments', 'tm_save_logs', 'tw_name', 'tm_user_infiles', 'tm_maxjobruntime', 'tm_numcores', 'tm_maxmemory', 'tm_priority', 'tm_output_dataset', 'tm_task_warnings', 'tm_user_webdir', 'tm_scriptexe', 'tm_scriptargs', 'tm_extrajdl', 'tm_collector', 'tm_schedd', 'tm_dry_run', 'tm_user_files', 'tm_transfer_outputs', 'tm_output_lfn', 'tm_ignore_locality', 'tm_fail_limit', 'tm_one_event_mode', 'tm_secondary_input_dataset', 'tm_primary_dataset', 'tm_last_publication', 'tm_debug_files', 'clusterid', 'tm_ignore_global_blacklist', 'tm_submitter_ip_addr', 'tm_totalunits', 'tm_ddm_reqid', 'tm_user_config', 'tm_transfer_container', 'tm_transfer_rule', 'tm_publish_rule', 'tm_multipub_rule', 'tm_job_min_microarch', 'tm_dagman_status', 'tm_num_jobs', 'tm_uploaded']}, 'result': ['251209_201844:amalhotr_crab_ScoutingData_2024H_TreeMaker', 'None', 'WAITING', 'SUBMIT', '2025-12-09 20:18:44.896123', 'None', 'None', 'None', 'CMSSW_14_0_18_patch1', 'el9_amd64_gcc12', '/ScoutingPFRun3/Run2024H-v1/HLTSCOUT', 'T', '0', '[]', '[]', 'FileBased', "{'halt_job_on_file_boundaries': False, 'splitOnRun': False, 'files_per_job': 30, 'runs': [], 'lumis': []}", '5eb954b4334df937dbbebde367bea44398e8ad86599509caff54a379091f20e7.tar.gz', 'S3/crabcache_prod', 'amalhotr', '/DC=ch/DC=cern/OU=Organic Units/OU=Users/CN=amalhotr/CN=884837/CN=Aryan Malhotra', 'cms', 'None', 'None', 'ScoutingData_2024H_TreeMaker-00000000000000000000000000000000', 'F', 'T3_CH_CERNBOX', 'https://cmsweb.cern.ch/dbs/prod/global/DBSReader', 'https://cmsweb.cern.ch/dbs/prod/phys03/DBSWriter', 'F', '[]', "['ScoutingTree_Output.root']", '[]', 'Analysis', 'pythia', 'None', '{}', 'T', 'NotKnownYet', '[]', '1250', '1', '3000', '10', 'None', '[]', 'None', 'None', '[]', '[]', 'cmsgwms-collector-global.cern.ch:9620,cmsgwms-collector-global.fnal.gov:9620', 'None', 'F', '[]', 'T', '/store/user/amalhotr/', 'F', 'None', 'F', 'None', 'ScoutingPFRun3', 'None', '032ce33e70c3a090f787d9e4a1fcd56627ea8fbb09f36fdcac2fd8d2c96d0d16.tar.gz', 'None', 'F', '188.185.89.202', '0.0', 'None', '{"partialdataset": false, "requireaccelerator": false, "acceleratorparams": null, "inputblocks": null}', 'None', 'None', 'None', 'None', 'any', 'NOT_READY', '0', 'F']}
INFO 2025-12-09 20:18:55.918 UTC: 	 CRAB project directory:		/afs/cern.ch/user/a/amalhotr/CMSSW_14_0_18_patch1/src/Run3ScoutingAnalysisTools/crab_ScoutingData_2024H_TreeMaker
INFO 2025-12-09 20:18:55.918 UTC: 	 Task name:			251209_201844:amalhotr_crab_ScoutingData_2024H_TreeMaker
INFO 2025-12-09 20:18:55.919 UTC: 	 Grid scheduler - Task Worker:	N/A yet - NotKnownYet
INFO 2025-12-09 20:18:55.919 UTC: 	 Status on the CRAB server:	WAITING on command SUBMIT
INFO 2025-12-09 20:18:55.919 UTC: 	 Task URL to use for HELP:	https://cmsweb.cern.ch/crabserver/ui/task/251209_201844%3Aamalhotr_crab_ScoutingData_2024H_TreeMaker
INFO 2025-12-09 20:18:55.927 UTC: 	 Dashboard monitoring URL:	https://monit-grafana.cern.ch/d/cmsTMDetail/cms-task-monitoring-task-view?orgId=11&var-user=amalhotr&var-task=251209_201844%3Aamalhotr_crab_ScoutingData_2024H_TreeMaker&from=1765307924000&to=now
DEBUG 2025-12-09 20:18:55.927 UTC: 	 The task has not been submitted to the Grid scheduler yet. Not printing job information.
INFO 2025-12-09 20:18:55.928 UTC: 	 Log file is /afs/cern.ch/user/a/amalhotr/CMSSW_14_0_18_patch1/src/Run3ScoutingAnalysisTools/crab_ScoutingData_2024H_TreeMaker/crab.log
