DEBUG 2025-10-30 05:11:15.199 UTC: 	 CRAB Client version: v3.250820
DEBUG 2025-10-30 05:11:15.199 UTC: 	 Running on: Linux lxplus948.cern.ch 5.14.0-570.49.1.el9_6.x86_64 #1 SMP PREEMPT_DYNAMIC Tue Sep 23 01:11:18 EDT 2025 x86_64 x86_64 x86_64 GNU/Linux
DEBUG 2025-10-30 05:11:15.199 UTC: 	 Not using Singularity
DEBUG 2025-10-30 05:11:15.199 UTC: 	 Operating System: Red Hat Enterprise Linux 9.6 (Plow)
DEBUG 2025-10-30 05:11:15.199 UTC: 	 Executing command: 'submit'
DEBUG 2025-10-30 05:11:15.199 UTC: 	 Found CRAB cache file /afs/cern.ch/user/a/amalhotr/.crab3
INFO 2025-10-30 05:11:15.199 UTC: 	 Will use CRAB configuration file chainedCrabConfig.py
DEBUG 2025-10-30 05:11:15.199 UTC: 	 Loading CRAB configuration file.
DEBUG 2025-10-30 05:11:15.204 UTC: 	 Will use CRAB plugin ANALYSIS (i.e. will run an analysis job type).
DEBUG 2025-10-30 05:11:15.237 UTC: 	 Checking credentials
DEBUG 2025-10-30 05:11:15.237 UTC: 	 Found proxy file /tmp/x509up_u180451
DEBUG 2025-10-30 05:11:15.237 UTC: 	 Making sure it has proper VOMS extension
DEBUG 2025-10-30 05:11:15.237 UTC: 	 Executing command :
 voms-proxy-info --vo --file /tmp/x509up_u180451
DEBUG 2025-10-30 05:11:15.257 UTC: 	 output : cms

 error: 
 retcode : 0
DEBUG 2025-10-30 05:11:15.257 UTC: 	 Getting proxy life time left
DEBUG 2025-10-30 05:11:15.257 UTC: 	 Executing command :
 voms-proxy-info --actimeleft --timeleft --file /tmp/x509up_u180451
DEBUG 2025-10-30 05:11:15.277 UTC: 	 output : 690733
690733

 error: 
 retcode : 0
DEBUG 2025-10-30 05:11:15.277 UTC: 	 Proxy valid for 191:52:13 hours
DEBUG 2025-10-30 05:11:15.278 UTC: 	 Encoded data for curl request: subresource=delegatedn
DEBUG 2025-10-30 05:11:15.317 UTC: 	 Registering user credentials on myproxy for /DC=ch/DC=cern/OU=Organic Units/OU=Users/CN=cmscrab/CN=(817881|373708)/CN=Robot: cms crab|/DC=ch/DC=cern/OU=Organic Units/OU=Users/CN=crabint1/CN=373708/CN=Robot: CMS CRAB Integration 1
DEBUG 2025-10-30 05:11:15.317 UTC: 	 Executing command :
 voms-proxy-info --identity --file /tmp/x509up_u180451
DEBUG 2025-10-30 05:11:15.337 UTC: 	 output : /DC=ch/DC=cern/OU=Organic Units/OU=Users/CN=amalhotr/CN=884837/CN=Aryan Malhotra

 error: 
 retcode : 0
DEBUG 2025-10-30 05:11:15.337 UTC: 	 Getting myproxy life time left for 2382a3cf28fdeacb1de9b039908761ea517a5ed6
DEBUG 2025-10-30 05:11:15.337 UTC: 	 Executing command :
 myproxy-info -s myproxy.cern.ch -l 2382a3cf28fdeacb1de9b039908761ea517a5ed6
DEBUG 2025-10-30 05:11:15.599 UTC: 	 output : username: 2382a3cf28fdeacb1de9b039908761ea517a5ed6
owner: /DC=ch/DC=cern/OU=Organic Units/OU=Users/CN=amalhotr/CN=884837/CN=Aryan Malhotra
  renewal policy: /DC=ch/DC=cern/OU=Organic Units/OU=Users/CN=cmscrab/CN=(817881|373708)/CN=Robot: cms crab|/DC=ch/DC=cern/OU=Organic Units/OU=Users/CN=crabint1/CN=373708/CN=Robot: CMS CRAB Integration 1
  trusted retrieval policy: /DC=ch/DC=cern/OU=Organic Units/OU=Users/CN=cmscrab/CN=(817881|373708)/CN=Robot: cms crab|/DC=ch/DC=cern/OU=Organic Units/OU=Users/CN=crabint1/CN=373708/CN=Robot: CMS CRAB Integration 1
  timeleft: 713:38:00  (29.7 days)

 error: 
 retcode : 0
DEBUG 2025-10-30 05:11:15.599 UTC: 	 Myproxy is valid: 2569080
DEBUG 2025-10-30 05:11:15.599 UTC: 	 Result of myproxy credential check:
  Credential exists on myproxy: username: 2382a3cf28fdeacb1de9b039908761ea517a5ed6  - validity: 29 days, 17:38:00
DEBUG 2025-10-30 05:11:15.599 UTC: 	 Command use: submit
DEBUG 2025-10-30 05:11:15.599 UTC: 	 Options use: ['-c', 'chainedCrabConfig.py']
DEBUG 2025-10-30 05:11:15.599 UTC: 	 Encoded data for curl request: subresource=version
DEBUG 2025-10-30 05:11:15.637 UTC: 	 CRABClient version: v3.250820
DEBUG 2025-10-30 05:11:15.637 UTC: 	 Instance is prod
DEBUG 2025-10-30 05:11:15.637 UTC: 	 Server base url is cmsweb.cern.ch
DEBUG 2025-10-30 05:11:15.637 UTC: 	 Command api workflow
DEBUG 2025-10-30 05:11:15.637 UTC: 	 Started submission
DEBUG 2025-10-30 05:11:15.637 UTC: 	 Working on /afs/cern.ch/user/a/amalhotr/CMSSW_14_0_18_patch1/src/Run3ScoutingAnalysisTools/crab_ScoutingData_Redone_8mod10_v3
DEBUG 2025-10-30 05:11:15.637 UTC: 	 Encoded data for curl request: subresource=backendurls
DEBUG 2025-10-30 05:11:15.707 UTC: 	 Loading required information from the environment
DEBUG 2025-10-30 05:11:15.707 UTC: 	 Found CMSSW_14_0_18_patch1 for el9_amd64_gcc12 with base /afs/cern.ch/user/a/amalhotr/CMSSW_14_0_18_patch1
DEBUG 2025-10-30 05:11:15.707 UTC: 	 Loading required information from the environment
DEBUG 2025-10-30 05:11:15.707 UTC: 	 Found CMSSW_14_0_18_patch1 for el9_amd64_gcc12 with base /afs/cern.ch/user/a/amalhotr/CMSSW_14_0_18_patch1
DEBUG 2025-10-30 05:11:15.707 UTC: 	 UNIQUE NAME: tarUUID c4c39b52-a84f-4c94-97df-54e4aa6991b2 
DEBUG 2025-10-30 05:11:15.707 UTC: 	 self.config: from WMCore.Configuration import Configuration
config = Configuration()
config.section_('General')
config.General.transferOutputs = True
config.General.transferLogs = True
config.General.requestName = 'ScoutingData_Redone_8mod10_v3'
config.section_('JobType')
config.JobType.outputFiles = ['ScoutingTree_Output.root']
config.JobType.maxJobRuntimeMin = 2750
config.JobType.maxMemoryMB = 3000
config.JobType.pluginName = 'Analysis'
config.JobType.psetName = 'UnifiedScoutingVertexingTreeMaker.py'
config.section_('Data')
config.Data.allowNonValidInputDataset = True
config.Data.outputDatasetTag = 'ScoutingData_Redone_8mod10_v3'
config.Data.inputDataset = '/ScoutingPFRun3/Run2024H-v1/HLTSCOUT'
config.Data.inputDBS = 'global'
config.Data.unitsPerJob = 2
config.Data.splitting = 'FileBased'
config.Data.publication = False
config.section_('Site')
config.Site.storageSite = 'T3_CH_CERNBOX'
config.section_('User')
config.section_('Debug')

DEBUG 2025-10-30 05:11:15.707 UTC: 	 self.config.JobType.psetName: UnifiedScoutingVertexingTreeMaker.py
INFO 2025-10-30 05:11:15.708 UTC: 	 Importing CMSSW configuration UnifiedScoutingVertexingTreeMaker.py
INFO 2025-10-30 05:11:16.078 UTC: 	 Finished importing CMSSW configuration UnifiedScoutingVertexingTreeMaker.py
DEBUG 2025-10-30 05:11:16.078 UTC: 	 Writing CMSSW configuration to /afs/cern.ch/user/a/amalhotr/CMSSW_14_0_18_patch1/src/Run3ScoutingAnalysisTools/crab_ScoutingData_Redone_8mod10_v3/inputs/PSet.py
DEBUG 2025-10-30 05:11:16.104 UTC: 	 The following EDM output files will be collected: []
DEBUG 2025-10-30 05:11:16.104 UTC: 	 The following TFile output files will be collected: ['ScoutingTree_Output.root']
DEBUG 2025-10-30 05:11:16.104 UTC: 	 The following user output files (not listed as PoolOuputModule or TFileService in the CMSSW PSet) will be collected: 
DEBUG 2025-10-30 05:11:16.104 UTC: 	 Loading required information from the environment
DEBUG 2025-10-30 05:11:16.104 UTC: 	 Found CMSSW_14_0_18_patch1 for el9_amd64_gcc12 with base /afs/cern.ch/user/a/amalhotr/CMSSW_14_0_18_patch1
DEBUG 2025-10-30 05:11:16.104 UTC: 	 Making tarball in /afs/cern.ch/user/a/amalhotr/CMSSW_14_0_18_patch1/src/Run3ScoutingAnalysisTools/crab_ScoutingData_Redone_8mod10_v3/inputs/c4c39b52-a84f-4c94-97df-54e4aa6991b2default.tgz
DEBUG 2025-10-30 05:11:16.109 UTC: 	 Checking directory /afs/cern.ch/user/a/amalhotr/CMSSW_14_0_18_patch1/bin
DEBUG 2025-10-30 05:11:16.109 UTC: 	 Adding directory /afs/cern.ch/user/a/amalhotr/CMSSW_14_0_18_patch1/bin to tarball
DEBUG 2025-10-30 05:11:16.113 UTC: 	 Checking directory /afs/cern.ch/user/a/amalhotr/CMSSW_14_0_18_patch1/python
DEBUG 2025-10-30 05:11:16.113 UTC: 	 Adding directory /afs/cern.ch/user/a/amalhotr/CMSSW_14_0_18_patch1/python to tarball
DEBUG 2025-10-30 05:11:16.489 UTC: 	 Checking directory /afs/cern.ch/user/a/amalhotr/CMSSW_14_0_18_patch1/cfipython
DEBUG 2025-10-30 05:11:16.489 UTC: 	 Adding directory /afs/cern.ch/user/a/amalhotr/CMSSW_14_0_18_patch1/cfipython to tarball
DEBUG 2025-10-30 05:11:16.508 UTC: 	 Checking directory /afs/cern.ch/user/a/amalhotr/CMSSW_14_0_18_patch1/lib
DEBUG 2025-10-30 05:11:16.508 UTC: 	 Adding directory /afs/cern.ch/user/a/amalhotr/CMSSW_14_0_18_patch1/lib to tarball
DEBUG 2025-10-30 05:11:16.627 UTC: 	 Checking directory /afs/cern.ch/user/a/amalhotr/CMSSW_14_0_18_patch1/biglib
DEBUG 2025-10-30 05:11:16.627 UTC: 	 Adding directory /afs/cern.ch/user/a/amalhotr/CMSSW_14_0_18_patch1/biglib to tarball
DEBUG 2025-10-30 05:11:16.629 UTC: 	 Checking directory /afs/cern.ch/user/a/amalhotr/CMSSW_14_0_18_patch1/module
DEBUG 2025-10-30 05:11:16.629 UTC: 	 Checking directory /afs/cern.ch/user/a/amalhotr/CMSSW_14_0_18_patch1/config/SCRAM/hooks
DEBUG 2025-10-30 05:11:16.630 UTC: 	 Adding directory /afs/cern.ch/user/a/amalhotr/CMSSW_14_0_18_patch1/config/SCRAM/hooks to tarball
DEBUG 2025-10-30 05:11:16.654 UTC: 	 Adding directory /afs/cern.ch/user/a/amalhotr/CMSSW_14_0_18_patch1/src/Run3ScoutingAnalysisTools/DataFormats/Scouting/interface to tarball
DEBUG 2025-10-30 05:11:16.670 UTC: 	 Adding directory /afs/cern.ch/user/a/amalhotr/CMSSW_14_0_18_patch1/src/Run3ScoutingAnalysisTools/ScoutingTreeMakerRun3/python to tarball
DEBUG 2025-10-30 05:11:16.688 UTC: 	 Adding directory /afs/cern.ch/user/a/amalhotr/CMSSW_14_0_18_patch1/src/DataFormats/Scouting/interface to tarball
DEBUG 2025-10-30 05:11:16.705 UTC: 	 Adding directory /afs/cern.ch/user/a/amalhotr/CMSSW_14_0_18_patch1/src/Configuration/GenProduction/python to tarball
DEBUG 2025-10-30 05:11:16.779 UTC: 	 Uploading archive /afs/cern.ch/user/a/amalhotr/CMSSW_14_0_18_patch1/src/Run3ScoutingAnalysisTools/crab_ScoutingData_Redone_8mod10_v3/inputs/c4c39b52-a84f-4c94-97df-54e4aa6991b2default.tgz (490 KB) to the CRAB cache. Using URI https://s3.cern.ch/crabcache
DEBUG 2025-10-30 05:11:16.987 UTC: 	 Encoded data for curl request: subresource=upload&objecttype=sandbox&tarballname=47d66d5ef755894d05ba480227d84820c48273ecf21fdaa52b30268f2adec741.tar.gz
DEBUG 2025-10-30 05:11:17.059 UTC: 	 sandbox 47d66d5ef755894d05ba480227d84820c48273ecf21fdaa52b30268f2adec741.tar.gz is already in the S3 store, will not upload again
DEBUG 2025-10-30 05:11:17.059 UTC: 	 Loading required information from the environment
DEBUG 2025-10-30 05:11:17.059 UTC: 	 Found CMSSW_14_0_18_patch1 for el9_amd64_gcc12 with base /afs/cern.ch/user/a/amalhotr/CMSSW_14_0_18_patch1
DEBUG 2025-10-30 05:11:17.059 UTC: 	 Making tarball in /afs/cern.ch/user/a/amalhotr/CMSSW_14_0_18_patch1/src/Run3ScoutingAnalysisTools/crab_ScoutingData_Redone_8mod10_v3/inputs/debugFiles.tgz
DEBUG 2025-10-30 05:11:17.066 UTC: 	 Uploading archive /afs/cern.ch/user/a/amalhotr/CMSSW_14_0_18_patch1/src/Run3ScoutingAnalysisTools/crab_ScoutingData_Redone_8mod10_v3/inputs/debugFiles.tgz (3 KB) to the CRAB cache. Using URI https://s3.cern.ch/crabcache
DEBUG 2025-10-30 05:11:17.068 UTC: 	 Encoded data for curl request: subresource=upload&objecttype=sandbox&tarballname=77af42ee3a2d6aed32fda35d9101c14472cbb6fd8b83bcc9e42370c8f50fdde1.tar.gz
DEBUG 2025-10-30 05:11:17.244 UTC: 	 Will execute:
curl -f -v -X POST  -H "User-Agent: CRAB" -F "key=amalhotr/sandboxes/77af42ee3a2d6aed32fda35d9101c14472cbb6fd8b83bcc9e42370c8f50fdde1.tar.gz" -F "AWSAccessKeyId=715203df6482458ba839e73e6dab634b" -F "policy=eyJleHBpcmF0aW9uIjogIjIwMjUtMTAtMzBUMDY6MTE6MTdaIiwgImNvbmRpdGlvbnMiOiBbeyJidWNrZXQiOiAiY3JhYmNhY2hlX3Byb2QifSwgeyJrZXkiOiAiYW1hbGhvdHIvc2FuZGJveGVzLzc3YWY0MmVlM2EyZDZhZWQzMmZkYTM1ZDkxMDFjMTQ0NzJjYmI2ZmQ4YjgzYmNjOWU0MjM3MGM4ZjUwZmRkZTEudGFyLmd6In1dfQ==" -F "signature=su8zmhoDqy5Ny6GklsV1TlzujaU=" -F "file=@/afs/cern.ch/user/a/amalhotr/CMSSW_14_0_18_patch1/src/Run3ScoutingAnalysisTools/crab_ScoutingData_Redone_8mod10_v3/inputs/debugFiles.tgz" "https://s3.cern.ch/crabcache_prod"
DEBUG 2025-10-30 05:11:17.291 UTC: 	 exitcode: 0
stdout: b''
DEBUG 2025-10-30 05:11:17.291 UTC: 	 upload to S3 of sandbox /afs/cern.ch/user/a/amalhotr/CMSSW_14_0_18_patch1/src/Run3ScoutingAnalysisTools/crab_ScoutingData_Redone_8mod10_v3/inputs/debugFiles.tgz completed
DEBUG 2025-10-30 05:11:17.291 UTC: 	 make sure that object is ready for retrieve
DEBUG 2025-10-30 05:11:18.292 UTC: 	 Encoded data for curl request: subresource=download&objecttype=sandbox&tarballname=77af42ee3a2d6aed32fda35d9101c14472cbb6fd8b83bcc9e42370c8f50fdde1.tar.gz&clientmethod=head_object
DEBUG 2025-10-30 05:11:18.327 UTC: 	 PreSignedUrl to download sandbox received OK
DEBUG 2025-10-30 05:11:18.329 UTC: 	 Will execute:
 curl -v -s -f -o /dev/null --head  "https://s3.cern.ch/crabcache_prod/amalhotr/sandboxes/77af42ee3a2d6aed32fda35d9101c14472cbb6fd8b83bcc9e42370c8f50fdde1.tar.gz?AWSAccessKeyId=715203df6482458ba839e73e6dab634b&Signature=Pv8GAEIrVrz0eLAW4vE6DfkMA%2FA%3D&Expires=1761804678"
DEBUG 2025-10-30 05:11:18.354 UTC: 	 exitcode: 0
stdout: b''
DEBUG 2025-10-30 05:11:18.354 UTC: 	 sandbox /afs/cern.ch/user/a/amalhotr/CMSSW_14_0_18_patch1/src/Run3ScoutingAnalysisTools/crab_ScoutingData_Redone_8mod10_v3/inputs/debugFiles.tgz successfully uploaded to S3
DEBUG 2025-10-30 05:11:18.354 UTC: 	 Result uploading input files: 47d66d5ef755894d05ba480227d84820c48273ecf21fdaa52b30268f2adec741.tar.gz 
DEBUG 2025-10-30 05:11:18.354 UTC: 	 submit() - self.configuration from WMCore.Configuration import Configuration
config = Configuration()
config.section_('General')
config.General.transferOutputs = True
config.General.transferLogs = True
config.General.requestName = 'ScoutingData_Redone_8mod10_v3'
config.section_('JobType')
config.JobType.outputFiles = ['ScoutingTree_Output.root']
config.JobType.maxJobRuntimeMin = 2750
config.JobType.maxMemoryMB = 3000
config.JobType.pluginName = 'Analysis'
config.JobType.psetName = 'UnifiedScoutingVertexingTreeMaker.py'
config.section_('Data')
config.Data.allowNonValidInputDataset = True
config.Data.outputDatasetTag = 'ScoutingData_Redone_8mod10_v3'
config.Data.inputDataset = '/ScoutingPFRun3/Run2024H-v1/HLTSCOUT'
config.Data.inputDBS = 'global'
config.Data.unitsPerJob = 2
config.Data.splitting = 'FileBased'
config.Data.publication = False
config.section_('Site')
config.Site.storageSite = 'T3_CH_CERNBOX'
config.section_('User')
config.section_('Debug')

DEBUG 2025-10-30 05:11:18.354 UTC: 	 submit() - self.configreq {'dryrun': 0, 'workflow': 'crab_ScoutingData_Redone_8mod10_v3', 'saveoutput': 1, 'savelogsflag': 1, 'inputdata': '/ScoutingPFRun3/Run2024H-v1/HLTSCOUT', 'nonvaliddata': 1, 'userfiles': [], 'dbsurl': 'https://cmsweb.cern.ch/dbs/prod/global/DBSReader', 'useparent': 0, 'ignorelocality': 0, 'splitalgo': 'FileBased', 'algoargs': 2, 'totalunits': 0, 'publication': 0, 'publishdbsurl': 'https://cmsweb.cern.ch/dbs/prod/phys03/DBSWriter', 'publishname2': 'ScoutingData_Redone_8mod10_v3', 'jobtype': 'Analysis', 'generator': 'pythia', 'addoutputfiles': ['ScoutingTree_Output.root'], 'maxjobruntime': 2750, 'numcores': 1, 'maxmemory': 3000, 'priority': 10, 'nonprodsw': 0, 'asyncdest': 'T3_CH_CERNBOX', 'requireaccelerator': 0, 'oneEventMode': 0, 'extrajdl': [], 'ignoreglobalblacklist': 0, 'partialdataset': 0, 'inputblocks': []}
DEBUG 2025-10-30 05:11:18.354 UTC: 	 submit() - jobconfig {'addoutputfiles': [], 'tfileoutfiles': ['ScoutingTree_Output.root'], 'edmoutfiles': [], 'jobarch': 'el9_amd64_gcc12', 'jobminuarch': 'any', 'jobsw': 'CMSSW_14_0_18_patch1', 'inputdata': '/ScoutingPFRun3/Run2024H-v1/HLTSCOUT', 'cacheurl': 'https://s3.cern.ch/crabcache', 'cachefilename': '47d66d5ef755894d05ba480227d84820c48273ecf21fdaa52b30268f2adec741.tar.gz', 'debugfilename': '77af42ee3a2d6aed32fda35d9101c14472cbb6fd8b83bcc9e42370c8f50fdde1.tar.gz', 'jobtype': 'Analysis'}
INFO 2025-10-30 05:11:18.354 UTC: 	 Sending the request to the server at cmsweb.cern.ch
DEBUG 2025-10-30 05:11:18.354 UTC: 	 Submitting {'dryrun': 0, 'workflow': 'crab_ScoutingData_Redone_8mod10_v3', 'saveoutput': 1, 'savelogsflag': 1, 'inputdata': '/ScoutingPFRun3/Run2024H-v1/HLTSCOUT', 'nonvaliddata': 1, 'userfiles': [], 'dbsurl': 'https://cmsweb.cern.ch/dbs/prod/global/DBSReader', 'useparent': 0, 'ignorelocality': 0, 'splitalgo': 'FileBased', 'algoargs': 2, 'totalunits': 0, 'publication': 0, 'publishdbsurl': 'https://cmsweb.cern.ch/dbs/prod/phys03/DBSWriter', 'publishname2': 'ScoutingData_Redone_8mod10_v3', 'jobtype': 'Analysis', 'generator': 'pythia', 'addoutputfiles': [], 'maxjobruntime': 2750, 'numcores': 1, 'maxmemory': 3000, 'priority': 10, 'nonprodsw': 0, 'asyncdest': 'T3_CH_CERNBOX', 'requireaccelerator': 0, 'oneEventMode': 0, 'extrajdl': [], 'ignoreglobalblacklist': 0, 'partialdataset': 0, 'inputblocks': [], 'tfileoutfiles': ['ScoutingTree_Output.root'], 'edmoutfiles': [], 'jobarch': 'el9_amd64_gcc12', 'jobminuarch': 'any', 'jobsw': 'CMSSW_14_0_18_patch1', 'cacheurl': 'https://s3.cern.ch/crabcache', 'cachefilename': '47d66d5ef755894d05ba480227d84820c48273ecf21fdaa52b30268f2adec741.tar.gz', 'debugfilename': '77af42ee3a2d6aed32fda35d9101c14472cbb6fd8b83bcc9e42370c8f50fdde1.tar.gz'} 
DEBUG 2025-10-30 05:11:18.354 UTC: 	 Encoded data for curl request: dryrun=0&workflow=crab_ScoutingData_Redone_8mod10_v3&saveoutput=1&savelogsflag=1&inputdata=%2FScoutingPFRun3%2FRun2024H-v1%2FHLTSCOUT&nonvaliddata=1&dbsurl=https%3A%2F%2Fcmsweb.cern.ch%2Fdbs%2Fprod%2Fglobal%2FDBSReader&useparent=0&ignorelocality=0&splitalgo=FileBased&algoargs=2&totalunits=0&publication=0&publishdbsurl=https%3A%2F%2Fcmsweb.cern.ch%2Fdbs%2Fprod%2Fphys03%2FDBSWriter&publishname2=ScoutingData_Redone_8mod10_v3&jobtype=Analysis&generator=pythia&maxjobruntime=2750&numcores=1&maxmemory=3000&priority=10&nonprodsw=0&asyncdest=T3_CH_CERNBOX&requireaccelerator=0&oneEventMode=0&ignoreglobalblacklist=0&partialdataset=0&jobarch=el9_amd64_gcc12&jobminuarch=any&jobsw=CMSSW_14_0_18_patch1&cacheurl=https%3A%2F%2Fs3.cern.ch%2Fcrabcache&cachefilename=47d66d5ef755894d05ba480227d84820c48273ecf21fdaa52b30268f2adec741.tar.gz&debugfilename=77af42ee3a2d6aed32fda35d9101c14472cbb6fd8b83bcc9e42370c8f50fdde1.tar.gz&tfileoutfiles=ScoutingTree_Output.root
DEBUG 2025-10-30 05:11:18.405 UTC: 	 Result: {'result': [{'RequestName': '251030_051118:amalhotr_crab_ScoutingData_Redone_8mod10_v3'}]}
INFO 2025-10-30 05:11:18.407 UTC: 	 Success: Your task has been delivered to the prod CRAB3 server.
INFO 2025-10-30 05:11:18.407 UTC: 	 Task name: 251030_051118:amalhotr_crab_ScoutingData_Redone_8mod10_v3
INFO 2025-10-30 05:11:18.407 UTC: 	 Project dir: ./crab_ScoutingData_Redone_8mod10_v3
INFO 2025-10-30 05:11:18.407 UTC: 	 Please use ' crab status -d ./crab_ScoutingData_Redone_8mod10_v3 ' to check how the submission process proceeds.
DEBUG 2025-10-30 05:11:18.407 UTC: 	 About to return
INFO 2025-10-30 05:11:18.409 UTC: 	 Log file is /afs/cern.ch/user/a/amalhotr/CMSSW_14_0_18_patch1/src/Run3ScoutingAnalysisTools/crab_ScoutingData_Redone_8mod10_v3/crab.log
