DEBUG 2025-10-29 22:51:49.988 UTC: 	 CRAB Client version: v3.250820
DEBUG 2025-10-29 22:51:49.988 UTC: 	 Running on: Linux lxplus911.cern.ch 5.14.0-570.51.1.el9_6.x86_64 #1 SMP PREEMPT_DYNAMIC Sat Sep 27 01:10:11 EDT 2025 x86_64 x86_64 x86_64 GNU/Linux
DEBUG 2025-10-29 22:51:49.988 UTC: 	 Not using Singularity
DEBUG 2025-10-29 22:51:49.988 UTC: 	 Operating System: Red Hat Enterprise Linux 9.6 (Plow)
DEBUG 2025-10-29 22:51:49.988 UTC: 	 Executing command: 'submit'
DEBUG 2025-10-29 22:51:49.989 UTC: 	 Found CRAB cache file /afs/cern.ch/user/a/amalhotr/.crab3
INFO 2025-10-29 22:51:49.989 UTC: 	 Will use CRAB configuration file chainedCrabConfig.py
DEBUG 2025-10-29 22:51:49.989 UTC: 	 Loading CRAB configuration file.
DEBUG 2025-10-29 22:51:49.999 UTC: 	 Will use CRAB plugin ANALYSIS (i.e. will run an analysis job type).
DEBUG 2025-10-29 22:51:50.028 UTC: 	 Checking credentials
DEBUG 2025-10-29 22:51:50.028 UTC: 	 Found proxy file /tmp/x509up_u180451
DEBUG 2025-10-29 22:51:50.028 UTC: 	 Making sure it has proper VOMS extension
DEBUG 2025-10-29 22:51:50.028 UTC: 	 Executing command :
 voms-proxy-info --vo --file /tmp/x509up_u180451
DEBUG 2025-10-29 22:51:50.051 UTC: 	 output : cms

 error: 
 retcode : 0
DEBUG 2025-10-29 22:51:50.051 UTC: 	 Getting proxy life time left
DEBUG 2025-10-29 22:51:50.051 UTC: 	 Executing command :
 voms-proxy-info --actimeleft --timeleft --file /tmp/x509up_u180451
DEBUG 2025-10-29 22:51:50.074 UTC: 	 output : 683982
683982

 error: 
 retcode : 0
DEBUG 2025-10-29 22:51:50.074 UTC: 	 Proxy valid for 189:59:42 hours
DEBUG 2025-10-29 22:51:50.074 UTC: 	 Encoded data for curl request: subresource=delegatedn
DEBUG 2025-10-29 22:51:50.112 UTC: 	 Registering user credentials on myproxy for /DC=ch/DC=cern/OU=Organic Units/OU=Users/CN=cmscrab/CN=(817881|373708)/CN=Robot: cms crab|/DC=ch/DC=cern/OU=Organic Units/OU=Users/CN=crabint1/CN=373708/CN=Robot: CMS CRAB Integration 1
DEBUG 2025-10-29 22:51:50.112 UTC: 	 Executing command :
 voms-proxy-info --identity --file /tmp/x509up_u180451
DEBUG 2025-10-29 22:51:50.136 UTC: 	 output : /DC=ch/DC=cern/OU=Organic Units/OU=Users/CN=amalhotr/CN=884837/CN=Aryan Malhotra

 error: 
 retcode : 0
DEBUG 2025-10-29 22:51:50.136 UTC: 	 Getting myproxy life time left for 2382a3cf28fdeacb1de9b039908761ea517a5ed6
DEBUG 2025-10-29 22:51:50.136 UTC: 	 Executing command :
 myproxy-info -s myproxy.cern.ch -l 2382a3cf28fdeacb1de9b039908761ea517a5ed6
DEBUG 2025-10-29 22:51:50.508 UTC: 	 output : username: 2382a3cf28fdeacb1de9b039908761ea517a5ed6
owner: /DC=ch/DC=cern/OU=Organic Units/OU=Users/CN=amalhotr/CN=884837/CN=Aryan Malhotra
  renewal policy: /DC=ch/DC=cern/OU=Organic Units/OU=Users/CN=cmscrab/CN=(817881|373708)/CN=Robot: cms crab|/DC=ch/DC=cern/OU=Organic Units/OU=Users/CN=crabint1/CN=373708/CN=Robot: CMS CRAB Integration 1
  trusted retrieval policy: /DC=ch/DC=cern/OU=Organic Units/OU=Users/CN=cmscrab/CN=(817881|373708)/CN=Robot: cms crab|/DC=ch/DC=cern/OU=Organic Units/OU=Users/CN=crabint1/CN=373708/CN=Robot: CMS CRAB Integration 1
  timeleft: 719:57:25  (30.0 days)

 error: 
 retcode : 0
DEBUG 2025-10-29 22:51:50.508 UTC: 	 Myproxy is valid: 2591820
DEBUG 2025-10-29 22:51:50.508 UTC: 	 Result of myproxy credential check:
  Credential exists on myproxy: username: 2382a3cf28fdeacb1de9b039908761ea517a5ed6  - validity: 29 days, 23:57:00
DEBUG 2025-10-29 22:51:50.508 UTC: 	 Command use: submit
DEBUG 2025-10-29 22:51:50.508 UTC: 	 Options use: ['-c', 'chainedCrabConfig.py']
DEBUG 2025-10-29 22:51:50.508 UTC: 	 Encoded data for curl request: subresource=version
DEBUG 2025-10-29 22:51:50.543 UTC: 	 CRABClient version: v3.250820
DEBUG 2025-10-29 22:51:50.543 UTC: 	 Instance is prod
DEBUG 2025-10-29 22:51:50.543 UTC: 	 Server base url is cmsweb.cern.ch
DEBUG 2025-10-29 22:51:50.543 UTC: 	 Command api workflow
DEBUG 2025-10-29 22:51:50.543 UTC: 	 Started submission
DEBUG 2025-10-29 22:51:50.543 UTC: 	 Working on /afs/cern.ch/user/a/amalhotr/CMSSW_14_0_18_patch1/src/Run3ScoutingAnalysisTools/crab_ScoutingData_Redone_9mod10
DEBUG 2025-10-29 22:51:50.543 UTC: 	 Encoded data for curl request: subresource=backendurls
DEBUG 2025-10-29 22:51:50.601 UTC: 	 Loading required information from the environment
DEBUG 2025-10-29 22:51:50.601 UTC: 	 Found CMSSW_14_0_18_patch1 for el9_amd64_gcc12 with base /afs/cern.ch/user/a/amalhotr/CMSSW_14_0_18_patch1
DEBUG 2025-10-29 22:51:50.601 UTC: 	 Loading required information from the environment
DEBUG 2025-10-29 22:51:50.601 UTC: 	 Found CMSSW_14_0_18_patch1 for el9_amd64_gcc12 with base /afs/cern.ch/user/a/amalhotr/CMSSW_14_0_18_patch1
DEBUG 2025-10-29 22:51:50.601 UTC: 	 UNIQUE NAME: tarUUID c18d64a5-8365-4ba4-8181-00aa05e9aa1e 
DEBUG 2025-10-29 22:51:50.601 UTC: 	 self.config: from WMCore.Configuration import Configuration
config = Configuration()
config.section_('General')
config.General.transferLogs = True
config.General.requestName = 'ScoutingData_Redone_9mod10'
config.General.transferOutputs = True
config.section_('JobType')
config.JobType.maxMemoryMB = 3000
config.JobType.outputFiles = ['ScoutingTree_Output.root']
config.JobType.maxJobRuntimeMin = 2750
config.JobType.psetName = 'UnifiedScoutingVertexingTreeMaker.py'
config.JobType.pluginName = 'Analysis'
config.section_('Data')
config.Data.outputDatasetTag = 'ScoutingData_Redone_9mod10'
config.Data.inputDataset = '/ScoutingPFRun3/Run2024H-v1/HLTSCOUT'
config.Data.splitting = 'FileBased'
config.Data.unitsPerJob = 2
config.Data.publication = False
config.Data.inputDBS = 'global'
config.Data.allowNonValidInputDataset = True
config.section_('Site')
config.Site.storageSite = 'T3_CH_CERNBOX'
config.section_('User')
config.section_('Debug')

DEBUG 2025-10-29 22:51:50.601 UTC: 	 self.config.JobType.psetName: UnifiedScoutingVertexingTreeMaker.py
INFO 2025-10-29 22:51:50.601 UTC: 	 Importing CMSSW configuration UnifiedScoutingVertexingTreeMaker.py
INFO 2025-10-29 22:51:51.080 UTC: 	 Finished importing CMSSW configuration UnifiedScoutingVertexingTreeMaker.py
DEBUG 2025-10-29 22:51:51.080 UTC: 	 Writing CMSSW configuration to /afs/cern.ch/user/a/amalhotr/CMSSW_14_0_18_patch1/src/Run3ScoutingAnalysisTools/crab_ScoutingData_Redone_9mod10/inputs/PSet.py
DEBUG 2025-10-29 22:51:51.106 UTC: 	 The following EDM output files will be collected: []
DEBUG 2025-10-29 22:51:51.106 UTC: 	 The following TFile output files will be collected: ['ScoutingTree_Output.root']
DEBUG 2025-10-29 22:51:51.106 UTC: 	 The following user output files (not listed as PoolOuputModule or TFileService in the CMSSW PSet) will be collected: 
DEBUG 2025-10-29 22:51:51.106 UTC: 	 Loading required information from the environment
DEBUG 2025-10-29 22:51:51.106 UTC: 	 Found CMSSW_14_0_18_patch1 for el9_amd64_gcc12 with base /afs/cern.ch/user/a/amalhotr/CMSSW_14_0_18_patch1
DEBUG 2025-10-29 22:51:51.106 UTC: 	 Making tarball in /afs/cern.ch/user/a/amalhotr/CMSSW_14_0_18_patch1/src/Run3ScoutingAnalysisTools/crab_ScoutingData_Redone_9mod10/inputs/c18d64a5-8365-4ba4-8181-00aa05e9aa1edefault.tgz
DEBUG 2025-10-29 22:51:51.107 UTC: 	 Checking directory /afs/cern.ch/user/a/amalhotr/CMSSW_14_0_18_patch1/bin
DEBUG 2025-10-29 22:51:51.107 UTC: 	 Adding directory /afs/cern.ch/user/a/amalhotr/CMSSW_14_0_18_patch1/bin to tarball
DEBUG 2025-10-29 22:51:51.126 UTC: 	 Checking directory /afs/cern.ch/user/a/amalhotr/CMSSW_14_0_18_patch1/python
DEBUG 2025-10-29 22:51:51.126 UTC: 	 Adding directory /afs/cern.ch/user/a/amalhotr/CMSSW_14_0_18_patch1/python to tarball
DEBUG 2025-10-29 22:51:51.500 UTC: 	 Checking directory /afs/cern.ch/user/a/amalhotr/CMSSW_14_0_18_patch1/cfipython
DEBUG 2025-10-29 22:51:51.500 UTC: 	 Adding directory /afs/cern.ch/user/a/amalhotr/CMSSW_14_0_18_patch1/cfipython to tarball
DEBUG 2025-10-29 22:51:51.521 UTC: 	 Checking directory /afs/cern.ch/user/a/amalhotr/CMSSW_14_0_18_patch1/lib
DEBUG 2025-10-29 22:51:51.521 UTC: 	 Adding directory /afs/cern.ch/user/a/amalhotr/CMSSW_14_0_18_patch1/lib to tarball
DEBUG 2025-10-29 22:51:51.642 UTC: 	 Checking directory /afs/cern.ch/user/a/amalhotr/CMSSW_14_0_18_patch1/biglib
DEBUG 2025-10-29 22:51:51.642 UTC: 	 Adding directory /afs/cern.ch/user/a/amalhotr/CMSSW_14_0_18_patch1/biglib to tarball
DEBUG 2025-10-29 22:51:51.644 UTC: 	 Checking directory /afs/cern.ch/user/a/amalhotr/CMSSW_14_0_18_patch1/module
DEBUG 2025-10-29 22:51:51.644 UTC: 	 Checking directory /afs/cern.ch/user/a/amalhotr/CMSSW_14_0_18_patch1/config/SCRAM/hooks
DEBUG 2025-10-29 22:51:51.644 UTC: 	 Adding directory /afs/cern.ch/user/a/amalhotr/CMSSW_14_0_18_patch1/config/SCRAM/hooks to tarball
DEBUG 2025-10-29 22:51:51.670 UTC: 	 Adding directory /afs/cern.ch/user/a/amalhotr/CMSSW_14_0_18_patch1/src/Run3ScoutingAnalysisTools/DataFormats/Scouting/interface to tarball
DEBUG 2025-10-29 22:51:51.687 UTC: 	 Adding directory /afs/cern.ch/user/a/amalhotr/CMSSW_14_0_18_patch1/src/Run3ScoutingAnalysisTools/ScoutingTreeMakerRun3/python to tarball
DEBUG 2025-10-29 22:51:51.708 UTC: 	 Adding directory /afs/cern.ch/user/a/amalhotr/CMSSW_14_0_18_patch1/src/DataFormats/Scouting/interface to tarball
DEBUG 2025-10-29 22:51:51.727 UTC: 	 Adding directory /afs/cern.ch/user/a/amalhotr/CMSSW_14_0_18_patch1/src/Configuration/GenProduction/python to tarball
DEBUG 2025-10-29 22:51:51.798 UTC: 	 Uploading archive /afs/cern.ch/user/a/amalhotr/CMSSW_14_0_18_patch1/src/Run3ScoutingAnalysisTools/crab_ScoutingData_Redone_9mod10/inputs/c18d64a5-8365-4ba4-8181-00aa05e9aa1edefault.tgz (494 KB) to the CRAB cache. Using URI https://s3.cern.ch/crabcache
DEBUG 2025-10-29 22:51:52.010 UTC: 	 Encoded data for curl request: subresource=upload&objecttype=sandbox&tarballname=6db878ab341328a6e4d0e631b34b8a274f648ee66f9411eeedbf6dc607123cf0.tar.gz
DEBUG 2025-10-29 22:51:52.054 UTC: 	 Will execute:
curl -f -v -X POST  -H "User-Agent: CRAB" -F "key=amalhotr/sandboxes/6db878ab341328a6e4d0e631b34b8a274f648ee66f9411eeedbf6dc607123cf0.tar.gz" -F "AWSAccessKeyId=715203df6482458ba839e73e6dab634b" -F "policy=eyJleHBpcmF0aW9uIjogIjIwMjUtMTAtMjlUMjM6NTE6NTJaIiwgImNvbmRpdGlvbnMiOiBbeyJidWNrZXQiOiAiY3JhYmNhY2hlX3Byb2QifSwgeyJrZXkiOiAiYW1hbGhvdHIvc2FuZGJveGVzLzZkYjg3OGFiMzQxMzI4YTZlNGQwZTYzMWIzNGI4YTI3NGY2NDhlZTY2Zjk0MTFlZWVkYmY2ZGM2MDcxMjNjZjAudGFyLmd6In1dfQ==" -F "signature=cXJ4MjChqZumSl2MNuPuYdBK/AI=" -F "file=@/afs/cern.ch/user/a/amalhotr/CMSSW_14_0_18_patch1/src/Run3ScoutingAnalysisTools/crab_ScoutingData_Redone_9mod10/inputs/c18d64a5-8365-4ba4-8181-00aa05e9aa1edefault.tgz" "https://s3.cern.ch/crabcache_prod"
DEBUG 2025-10-29 22:51:52.129 UTC: 	 exitcode: 0
stdout: b''
DEBUG 2025-10-29 22:51:52.129 UTC: 	 upload to S3 of sandbox /afs/cern.ch/user/a/amalhotr/CMSSW_14_0_18_patch1/src/Run3ScoutingAnalysisTools/crab_ScoutingData_Redone_9mod10/inputs/c18d64a5-8365-4ba4-8181-00aa05e9aa1edefault.tgz completed
DEBUG 2025-10-29 22:51:52.129 UTC: 	 make sure that object is ready for retrieve
DEBUG 2025-10-29 22:51:53.130 UTC: 	 Encoded data for curl request: subresource=download&objecttype=sandbox&tarballname=6db878ab341328a6e4d0e631b34b8a274f648ee66f9411eeedbf6dc607123cf0.tar.gz&clientmethod=head_object
DEBUG 2025-10-29 22:51:53.167 UTC: 	 PreSignedUrl to download sandbox received OK
DEBUG 2025-10-29 22:51:53.170 UTC: 	 Will execute:
 curl -v -s -f -o /dev/null --head  "https://s3.cern.ch/crabcache_prod/amalhotr/sandboxes/6db878ab341328a6e4d0e631b34b8a274f648ee66f9411eeedbf6dc607123cf0.tar.gz?AWSAccessKeyId=715203df6482458ba839e73e6dab634b&Signature=qHxVovinWsF0J%2FWT4ffewkIMsog%3D&Expires=1761781913"
DEBUG 2025-10-29 22:51:53.202 UTC: 	 exitcode: 0
stdout: b''
DEBUG 2025-10-29 22:51:53.202 UTC: 	 sandbox /afs/cern.ch/user/a/amalhotr/CMSSW_14_0_18_patch1/src/Run3ScoutingAnalysisTools/crab_ScoutingData_Redone_9mod10/inputs/c18d64a5-8365-4ba4-8181-00aa05e9aa1edefault.tgz successfully uploaded to S3
DEBUG 2025-10-29 22:51:53.202 UTC: 	 Loading required information from the environment
DEBUG 2025-10-29 22:51:53.202 UTC: 	 Found CMSSW_14_0_18_patch1 for el9_amd64_gcc12 with base /afs/cern.ch/user/a/amalhotr/CMSSW_14_0_18_patch1
DEBUG 2025-10-29 22:51:53.202 UTC: 	 Making tarball in /afs/cern.ch/user/a/amalhotr/CMSSW_14_0_18_patch1/src/Run3ScoutingAnalysisTools/crab_ScoutingData_Redone_9mod10/inputs/debugFiles.tgz
DEBUG 2025-10-29 22:51:53.211 UTC: 	 Uploading archive /afs/cern.ch/user/a/amalhotr/CMSSW_14_0_18_patch1/src/Run3ScoutingAnalysisTools/crab_ScoutingData_Redone_9mod10/inputs/debugFiles.tgz (3 KB) to the CRAB cache. Using URI https://s3.cern.ch/crabcache
DEBUG 2025-10-29 22:51:53.213 UTC: 	 Encoded data for curl request: subresource=upload&objecttype=sandbox&tarballname=3a86c2ea3ce0b62824de84d504ec42173be6f0480cc12a08e86953b6b6e16dfa.tar.gz
DEBUG 2025-10-29 22:51:53.261 UTC: 	 Will execute:
curl -f -v -X POST  -H "User-Agent: CRAB" -F "key=amalhotr/sandboxes/3a86c2ea3ce0b62824de84d504ec42173be6f0480cc12a08e86953b6b6e16dfa.tar.gz" -F "AWSAccessKeyId=715203df6482458ba839e73e6dab634b" -F "policy=eyJleHBpcmF0aW9uIjogIjIwMjUtMTAtMjlUMjM6NTE6NTNaIiwgImNvbmRpdGlvbnMiOiBbeyJidWNrZXQiOiAiY3JhYmNhY2hlX3Byb2QifSwgeyJrZXkiOiAiYW1hbGhvdHIvc2FuZGJveGVzLzNhODZjMmVhM2NlMGI2MjgyNGRlODRkNTA0ZWM0MjE3M2JlNmYwNDgwY2MxMmEwOGU4Njk1M2I2YjZlMTZkZmEudGFyLmd6In1dfQ==" -F "signature=ZxnLr9TtJfP409LkN/YqHOBpW5s=" -F "file=@/afs/cern.ch/user/a/amalhotr/CMSSW_14_0_18_patch1/src/Run3ScoutingAnalysisTools/crab_ScoutingData_Redone_9mod10/inputs/debugFiles.tgz" "https://s3.cern.ch/crabcache_prod"
DEBUG 2025-10-29 22:51:53.299 UTC: 	 exitcode: 0
stdout: b''
DEBUG 2025-10-29 22:51:53.299 UTC: 	 upload to S3 of sandbox /afs/cern.ch/user/a/amalhotr/CMSSW_14_0_18_patch1/src/Run3ScoutingAnalysisTools/crab_ScoutingData_Redone_9mod10/inputs/debugFiles.tgz completed
DEBUG 2025-10-29 22:51:53.299 UTC: 	 make sure that object is ready for retrieve
DEBUG 2025-10-29 22:51:54.305 UTC: 	 Encoded data for curl request: subresource=download&objecttype=sandbox&tarballname=3a86c2ea3ce0b62824de84d504ec42173be6f0480cc12a08e86953b6b6e16dfa.tar.gz&clientmethod=head_object
DEBUG 2025-10-29 22:51:54.342 UTC: 	 PreSignedUrl to download sandbox received OK
DEBUG 2025-10-29 22:51:54.345 UTC: 	 Will execute:
 curl -v -s -f -o /dev/null --head  "https://s3.cern.ch/crabcache_prod/amalhotr/sandboxes/3a86c2ea3ce0b62824de84d504ec42173be6f0480cc12a08e86953b6b6e16dfa.tar.gz?AWSAccessKeyId=715203df6482458ba839e73e6dab634b&Signature=WfLeN5bG5ZmG4wM7ltb2Q%2F9%2FTRU%3D&Expires=1761781914"
DEBUG 2025-10-29 22:51:54.372 UTC: 	 exitcode: 0
stdout: b''
DEBUG 2025-10-29 22:51:54.372 UTC: 	 sandbox /afs/cern.ch/user/a/amalhotr/CMSSW_14_0_18_patch1/src/Run3ScoutingAnalysisTools/crab_ScoutingData_Redone_9mod10/inputs/debugFiles.tgz successfully uploaded to S3
DEBUG 2025-10-29 22:51:54.372 UTC: 	 Result uploading input files: 6db878ab341328a6e4d0e631b34b8a274f648ee66f9411eeedbf6dc607123cf0.tar.gz 
DEBUG 2025-10-29 22:51:54.372 UTC: 	 submit() - self.configuration from WMCore.Configuration import Configuration
config = Configuration()
config.section_('General')
config.General.transferLogs = True
config.General.requestName = 'ScoutingData_Redone_9mod10'
config.General.transferOutputs = True
config.section_('JobType')
config.JobType.maxMemoryMB = 3000
config.JobType.outputFiles = ['ScoutingTree_Output.root']
config.JobType.maxJobRuntimeMin = 2750
config.JobType.psetName = 'UnifiedScoutingVertexingTreeMaker.py'
config.JobType.pluginName = 'Analysis'
config.section_('Data')
config.Data.outputDatasetTag = 'ScoutingData_Redone_9mod10'
config.Data.inputDataset = '/ScoutingPFRun3/Run2024H-v1/HLTSCOUT'
config.Data.splitting = 'FileBased'
config.Data.unitsPerJob = 2
config.Data.publication = False
config.Data.inputDBS = 'global'
config.Data.allowNonValidInputDataset = True
config.section_('Site')
config.Site.storageSite = 'T3_CH_CERNBOX'
config.section_('User')
config.section_('Debug')

DEBUG 2025-10-29 22:51:54.372 UTC: 	 submit() - self.configreq {'dryrun': 0, 'workflow': 'crab_ScoutingData_Redone_9mod10', 'saveoutput': 1, 'savelogsflag': 1, 'inputdata': '/ScoutingPFRun3/Run2024H-v1/HLTSCOUT', 'nonvaliddata': 1, 'userfiles': [], 'dbsurl': 'https://cmsweb.cern.ch/dbs/prod/global/DBSReader', 'useparent': 0, 'ignorelocality': 0, 'splitalgo': 'FileBased', 'algoargs': 2, 'totalunits': 0, 'publication': 0, 'publishdbsurl': 'https://cmsweb.cern.ch/dbs/prod/phys03/DBSWriter', 'publishname2': 'ScoutingData_Redone_9mod10', 'jobtype': 'Analysis', 'generator': 'pythia', 'addoutputfiles': ['ScoutingTree_Output.root'], 'maxjobruntime': 2750, 'numcores': 1, 'maxmemory': 3000, 'priority': 10, 'nonprodsw': 0, 'asyncdest': 'T3_CH_CERNBOX', 'requireaccelerator': 0, 'oneEventMode': 0, 'extrajdl': [], 'ignoreglobalblacklist': 0, 'partialdataset': 0, 'inputblocks': []}
DEBUG 2025-10-29 22:51:54.373 UTC: 	 submit() - jobconfig {'addoutputfiles': [], 'tfileoutfiles': ['ScoutingTree_Output.root'], 'edmoutfiles': [], 'jobarch': 'el9_amd64_gcc12', 'jobminuarch': 'any', 'jobsw': 'CMSSW_14_0_18_patch1', 'inputdata': '/ScoutingPFRun3/Run2024H-v1/HLTSCOUT', 'cacheurl': 'https://s3.cern.ch/crabcache', 'cachefilename': '6db878ab341328a6e4d0e631b34b8a274f648ee66f9411eeedbf6dc607123cf0.tar.gz', 'debugfilename': '3a86c2ea3ce0b62824de84d504ec42173be6f0480cc12a08e86953b6b6e16dfa.tar.gz', 'jobtype': 'Analysis'}
INFO 2025-10-29 22:51:54.373 UTC: 	 Sending the request to the server at cmsweb.cern.ch
DEBUG 2025-10-29 22:51:54.373 UTC: 	 Submitting {'dryrun': 0, 'workflow': 'crab_ScoutingData_Redone_9mod10', 'saveoutput': 1, 'savelogsflag': 1, 'inputdata': '/ScoutingPFRun3/Run2024H-v1/HLTSCOUT', 'nonvaliddata': 1, 'userfiles': [], 'dbsurl': 'https://cmsweb.cern.ch/dbs/prod/global/DBSReader', 'useparent': 0, 'ignorelocality': 0, 'splitalgo': 'FileBased', 'algoargs': 2, 'totalunits': 0, 'publication': 0, 'publishdbsurl': 'https://cmsweb.cern.ch/dbs/prod/phys03/DBSWriter', 'publishname2': 'ScoutingData_Redone_9mod10', 'jobtype': 'Analysis', 'generator': 'pythia', 'addoutputfiles': [], 'maxjobruntime': 2750, 'numcores': 1, 'maxmemory': 3000, 'priority': 10, 'nonprodsw': 0, 'asyncdest': 'T3_CH_CERNBOX', 'requireaccelerator': 0, 'oneEventMode': 0, 'extrajdl': [], 'ignoreglobalblacklist': 0, 'partialdataset': 0, 'inputblocks': [], 'tfileoutfiles': ['ScoutingTree_Output.root'], 'edmoutfiles': [], 'jobarch': 'el9_amd64_gcc12', 'jobminuarch': 'any', 'jobsw': 'CMSSW_14_0_18_patch1', 'cacheurl': 'https://s3.cern.ch/crabcache', 'cachefilename': '6db878ab341328a6e4d0e631b34b8a274f648ee66f9411eeedbf6dc607123cf0.tar.gz', 'debugfilename': '3a86c2ea3ce0b62824de84d504ec42173be6f0480cc12a08e86953b6b6e16dfa.tar.gz'} 
DEBUG 2025-10-29 22:51:54.373 UTC: 	 Encoded data for curl request: dryrun=0&workflow=crab_ScoutingData_Redone_9mod10&saveoutput=1&savelogsflag=1&inputdata=%2FScoutingPFRun3%2FRun2024H-v1%2FHLTSCOUT&nonvaliddata=1&dbsurl=https%3A%2F%2Fcmsweb.cern.ch%2Fdbs%2Fprod%2Fglobal%2FDBSReader&useparent=0&ignorelocality=0&splitalgo=FileBased&algoargs=2&totalunits=0&publication=0&publishdbsurl=https%3A%2F%2Fcmsweb.cern.ch%2Fdbs%2Fprod%2Fphys03%2FDBSWriter&publishname2=ScoutingData_Redone_9mod10&jobtype=Analysis&generator=pythia&maxjobruntime=2750&numcores=1&maxmemory=3000&priority=10&nonprodsw=0&asyncdest=T3_CH_CERNBOX&requireaccelerator=0&oneEventMode=0&ignoreglobalblacklist=0&partialdataset=0&jobarch=el9_amd64_gcc12&jobminuarch=any&jobsw=CMSSW_14_0_18_patch1&cacheurl=https%3A%2F%2Fs3.cern.ch%2Fcrabcache&cachefilename=6db878ab341328a6e4d0e631b34b8a274f648ee66f9411eeedbf6dc607123cf0.tar.gz&debugfilename=3a86c2ea3ce0b62824de84d504ec42173be6f0480cc12a08e86953b6b6e16dfa.tar.gz&tfileoutfiles=ScoutingTree_Output.root
DEBUG 2025-10-29 22:51:54.432 UTC: 	 Result: {'result': [{'RequestName': '251029_225154:amalhotr_crab_ScoutingData_Redone_9mod10'}]}
INFO 2025-10-29 22:51:54.449 UTC: 	 Success: Your task has been delivered to the prod CRAB3 server.
INFO 2025-10-29 22:51:54.449 UTC: 	 Task name: 251029_225154:amalhotr_crab_ScoutingData_Redone_9mod10
INFO 2025-10-29 22:51:54.449 UTC: 	 Project dir: ./crab_ScoutingData_Redone_9mod10
INFO 2025-10-29 22:51:54.449 UTC: 	 Please use ' crab status -d ./crab_ScoutingData_Redone_9mod10 ' to check how the submission process proceeds.
DEBUG 2025-10-29 22:51:54.449 UTC: 	 About to return
INFO 2025-10-29 22:51:54.454 UTC: 	 Log file is /afs/cern.ch/user/a/amalhotr/CMSSW_14_0_18_patch1/src/Run3ScoutingAnalysisTools/crab_ScoutingData_Redone_9mod10/crab.log
DEBUG 2025-10-30 04:54:23.329 UTC: 	 CRAB Client version: v3.250820
DEBUG 2025-10-30 04:54:23.329 UTC: 	 Running on: Linux lxplus961.cern.ch 5.14.0-570.51.1.el9_6.x86_64 #1 SMP PREEMPT_DYNAMIC Sat Sep 27 01:10:11 EDT 2025 x86_64 x86_64 x86_64 GNU/Linux
DEBUG 2025-10-30 04:54:23.329 UTC: 	 Not using Singularity
DEBUG 2025-10-30 04:54:23.329 UTC: 	 Operating System: Red Hat Enterprise Linux 9.6 (Plow)
DEBUG 2025-10-30 04:54:23.329 UTC: 	 Executing command: 'kill'
DEBUG 2025-10-30 04:54:23.329 UTC: 	 Found CRAB cache file /afs/cern.ch/user/a/amalhotr/.crab3
DEBUG 2025-10-30 04:54:23.352 UTC: 	 Checking credentials
DEBUG 2025-10-30 04:54:23.352 UTC: 	 Found proxy file /tmp/x509up_u180451
DEBUG 2025-10-30 04:54:23.352 UTC: 	 Making sure it has proper VOMS extension
DEBUG 2025-10-30 04:54:23.352 UTC: 	 Executing command :
 voms-proxy-info --vo --file /tmp/x509up_u180451
DEBUG 2025-10-30 04:54:23.372 UTC: 	 output : cms

 error: 
 retcode : 0
DEBUG 2025-10-30 04:54:23.372 UTC: 	 Getting proxy life time left
DEBUG 2025-10-30 04:54:23.372 UTC: 	 Executing command :
 voms-proxy-info --actimeleft --timeleft --file /tmp/x509up_u180451
DEBUG 2025-10-30 04:54:23.391 UTC: 	 output : 688212
688212

 error: 
 retcode : 0
DEBUG 2025-10-30 04:54:23.391 UTC: 	 Proxy valid for 191:10:12 hours
DEBUG 2025-10-30 04:54:23.391 UTC: 	 Encoded data for curl request: subresource=delegatedn
DEBUG 2025-10-30 04:54:23.425 UTC: 	 Registering user credentials on myproxy for /DC=ch/DC=cern/OU=Organic Units/OU=Users/CN=cmscrab/CN=(817881|373708)/CN=Robot: cms crab|/DC=ch/DC=cern/OU=Organic Units/OU=Users/CN=crabint1/CN=373708/CN=Robot: CMS CRAB Integration 1
DEBUG 2025-10-30 04:54:23.425 UTC: 	 Executing command :
 voms-proxy-info --identity --file /tmp/x509up_u180451
DEBUG 2025-10-30 04:54:23.444 UTC: 	 output : /DC=ch/DC=cern/OU=Organic Units/OU=Users/CN=amalhotr/CN=884837/CN=Aryan Malhotra

 error: 
 retcode : 0
DEBUG 2025-10-30 04:54:23.444 UTC: 	 Getting myproxy life time left for 2382a3cf28fdeacb1de9b039908761ea517a5ed6
DEBUG 2025-10-30 04:54:23.444 UTC: 	 Executing command :
 myproxy-info -s myproxy.cern.ch -l 2382a3cf28fdeacb1de9b039908761ea517a5ed6
DEBUG 2025-10-30 04:54:23.703 UTC: 	 output : username: 2382a3cf28fdeacb1de9b039908761ea517a5ed6
owner: /DC=ch/DC=cern/OU=Organic Units/OU=Users/CN=amalhotr/CN=884837/CN=Aryan Malhotra
  renewal policy: /DC=ch/DC=cern/OU=Organic Units/OU=Users/CN=cmscrab/CN=(817881|373708)/CN=Robot: cms crab|/DC=ch/DC=cern/OU=Organic Units/OU=Users/CN=crabint1/CN=373708/CN=Robot: CMS CRAB Integration 1
  trusted retrieval policy: /DC=ch/DC=cern/OU=Organic Units/OU=Users/CN=cmscrab/CN=(817881|373708)/CN=Robot: cms crab|/DC=ch/DC=cern/OU=Organic Units/OU=Users/CN=crabint1/CN=373708/CN=Robot: CMS CRAB Integration 1
  timeleft: 713:54:52  (29.7 days)

 error: 
 retcode : 0
DEBUG 2025-10-30 04:54:23.703 UTC: 	 Myproxy is valid: 2570040
DEBUG 2025-10-30 04:54:23.703 UTC: 	 Result of myproxy credential check:
  Credential exists on myproxy: username: 2382a3cf28fdeacb1de9b039908761ea517a5ed6  - validity: 29 days, 17:54:00
DEBUG 2025-10-30 04:54:23.703 UTC: 	 Command use: kill
DEBUG 2025-10-30 04:54:23.704 UTC: 	 Options use: ['-d', 'crab_ScoutingData_Redone_9mod10']
DEBUG 2025-10-30 04:54:23.704 UTC: 	 Encoded data for curl request: subresource=version
DEBUG 2025-10-30 04:54:23.744 UTC: 	 CRABClient version: v3.250820
DEBUG 2025-10-30 04:54:23.744 UTC: 	 Instance is prod
DEBUG 2025-10-30 04:54:23.744 UTC: 	 Server base url is cmsweb.cern.ch
DEBUG 2025-10-30 04:54:23.744 UTC: 	 Command api workflow
DEBUG 2025-10-30 04:54:23.744 UTC: 	 Killing task 251029_225154:amalhotr_crab_ScoutingData_Redone_9mod10
DEBUG 2025-10-30 04:54:23.744 UTC: 	 Encoded data for curl request: workflow=251029_225154%3Aamalhotr_crab_ScoutingData_Redone_9mod10
DEBUG 2025-10-30 04:54:23.785 UTC: 	 Result: {'desc': {'columns': ['tm_taskname', 'tm_task_status', 'tm_task_command', 'tm_user_role', 'tm_user_group', 'tm_task_failure', 'tm_split_algo', 'tm_split_args', 'tm_save_logs', 'tm_username', 'tm_user_dn', 'tm_arguments', 'tm_input_dataset', 'tm_dbs_url', 'tm_task_warnings', 'tm_publication', 'tm_user_webdir', 'tm_output_dataset', 'tm_collector', 'tm_schedd', 'tm_dry_run', 'clusterid', 'tm_start_time', 'tw_name', 'tm_dagman_status', 'tm_num_jobs', 'tm_uploaded']}, 'result': [{'result': 'ok'}]}
INFO 2025-10-30 04:54:23.785 UTC: 	 Kill request successfully sent
INFO 2025-10-30 04:54:23.791 UTC: 	 Log file is /afs/cern.ch/user/a/amalhotr/CMSSW_14_0_18_patch1/src/Run3ScoutingAnalysisTools/crab_ScoutingData_Redone_9mod10/crab.log
