DEBUG 2025-05-21 22:39:30.895 UTC: 	 CRAB Client version: v3.250409
DEBUG 2025-05-21 22:39:30.895 UTC: 	 Running on: Linux lxplus978.cern.ch 5.14.0-503.34.1.el9_5.x86_64 #1 SMP PREEMPT_DYNAMIC Mon Mar 17 21:49:47 EDT 2025 x86_64 x86_64 x86_64 GNU/Linux
DEBUG 2025-05-21 22:39:30.895 UTC: 	 Not using Singularity
DEBUG 2025-05-21 22:39:30.895 UTC: 	 Operating System: Red Hat Enterprise Linux 9.5 (Plow)
DEBUG 2025-05-21 22:39:30.895 UTC: 	 Executing command: 'submit'
DEBUG 2025-05-21 22:39:30.896 UTC: 	 Found CRAB cache file /afs/cern.ch/user/a/amalhotr/.crab3
INFO 2025-05-21 22:39:30.912 UTC: 	 Will use CRAB configuration file chainedCrabConfig.py
DEBUG 2025-05-21 22:39:30.912 UTC: 	 Loading CRAB configuration file.
DEBUG 2025-05-21 22:39:30.964 UTC: 	 Will use CRAB plugin ANALYSIS (i.e. will run an analysis job type).
DEBUG 2025-05-21 22:39:30.995 UTC: 	 Checking credentials
DEBUG 2025-05-21 22:39:30.995 UTC: 	 Found proxy file /tmp/x509up_u180451
DEBUG 2025-05-21 22:39:30.995 UTC: 	 Making sure it has proper VOMS extension
DEBUG 2025-05-21 22:39:30.995 UTC: 	 Executing command :
 voms-proxy-info --vo --file /tmp/x509up_u180451
DEBUG 2025-05-21 22:39:31.608 UTC: 	 output : cms

 error: 
 retcode : 0
DEBUG 2025-05-21 22:39:31.608 UTC: 	 Getting proxy life time left
DEBUG 2025-05-21 22:39:31.608 UTC: 	 Executing command :
 voms-proxy-info --actimeleft --timeleft --file /tmp/x509up_u180451
DEBUG 2025-05-21 22:39:31.987 UTC: 	 output : 683706
683706

 error: 
 retcode : 0
DEBUG 2025-05-21 22:39:31.987 UTC: 	 Proxy valid for 189:55:06 hours
DEBUG 2025-05-21 22:39:31.988 UTC: 	 Encoded data for curl request: subresource=delegatedn
DEBUG 2025-05-21 22:39:32.036 UTC: 	 Registering user credentials on myproxy for /DC=ch/DC=cern/OU=computers/CN=crab-(preprod|prod)-tw(01|02).cern.ch|/DC=ch/DC=cern/OU=computers/CN=crab-dev-tw(01|02|03|04).cern.ch|/DC=ch/DC=cern/OU=Organic Units/OU=Users/CN=cmscrab/CN=(817881|373708)/CN=Robot: cms crab|/DC=ch/DC=cern/OU=Organic Units/OU=Users/CN=crabint1/CN=373708/CN=Robot: CMS CRAB Integration 1
DEBUG 2025-05-21 22:39:32.036 UTC: 	 Executing command :
 voms-proxy-info --identity --file /tmp/x509up_u180451
DEBUG 2025-05-21 22:39:32.431 UTC: 	 output : /DC=ch/DC=cern/OU=Organic Units/OU=Users/CN=amalhotr/CN=884837/CN=Aryan Malhotra

 error: 
 retcode : 0
DEBUG 2025-05-21 22:39:32.432 UTC: 	 Getting myproxy life time left for 2382a3cf28fdeacb1de9b039908761ea517a5ed6
DEBUG 2025-05-21 22:39:32.432 UTC: 	 Executing command :
 myproxy-info -s myproxy.cern.ch -l 2382a3cf28fdeacb1de9b039908761ea517a5ed6
DEBUG 2025-05-21 22:39:32.753 UTC: 	 output : username: 2382a3cf28fdeacb1de9b039908761ea517a5ed6
owner: /DC=ch/DC=cern/OU=Organic Units/OU=Users/CN=amalhotr/CN=884837/CN=Aryan Malhotra
  renewal policy: /DC=ch/DC=cern/OU=computers/CN=crab-(preprod|prod)-tw(01|02).cern.ch|/DC=ch/DC=cern/OU=computers/CN=crab-dev-tw(01|02|03|04).cern.ch|/DC=ch/DC=cern/OU=Organic Units/OU=Users/CN=cmscrab/CN=(817881|373708)/CN=Robot: cms crab|/DC=ch/DC=cern/OU=Organic Units/OU=Users/CN=crabint1/CN=373708/CN=Robot: CMS CRAB Integration 1
  trusted retrieval policy: /DC=ch/DC=cern/OU=computers/CN=crab-(preprod|prod)-tw(01|02).cern.ch|/DC=ch/DC=cern/OU=computers/CN=crab-dev-tw(01|02|03|04).cern.ch|/DC=ch/DC=cern/OU=Organic Units/OU=Users/CN=cmscrab/CN=(817881|373708)/CN=Robot: cms crab|/DC=ch/DC=cern/OU=Organic Units/OU=Users/CN=crabint1/CN=373708/CN=Robot: CMS CRAB Integration 1
  timeleft: 560:14:01  (23.3 days)

 error: 
 retcode : 0
DEBUG 2025-05-21 22:39:32.753 UTC: 	 Myproxy is valid: 2016840
DEBUG 2025-05-21 22:39:32.753 UTC: 	 Result of myproxy credential check:
  Credential exists on myproxy: username: 2382a3cf28fdeacb1de9b039908761ea517a5ed6  - validity: 23 days, 8:14:00
DEBUG 2025-05-21 22:39:32.753 UTC: 	 Command use: submit
DEBUG 2025-05-21 22:39:32.753 UTC: 	 Options use: ['-c', 'chainedCrabConfig.py']
DEBUG 2025-05-21 22:39:32.753 UTC: 	 Encoded data for curl request: subresource=version
DEBUG 2025-05-21 22:39:32.810 UTC: 	 CRABClient version: v3.250409
DEBUG 2025-05-21 22:39:32.810 UTC: 	 Instance is prod
DEBUG 2025-05-21 22:39:32.810 UTC: 	 Server base url is cmsweb.cern.ch
DEBUG 2025-05-21 22:39:32.811 UTC: 	 Command api workflow
DEBUG 2025-05-21 22:39:32.811 UTC: 	 Started submission
DEBUG 2025-05-21 22:39:32.811 UTC: 	 Working on /afs/cern.ch/user/a/amalhotr/CMSSW_14_0_18_patch1/src/Run3ScoutingAnalysisTools/crab_RealData_noLFNDirectory_All_FileBased_10000_v1
DEBUG 2025-05-21 22:39:32.811 UTC: 	 Encoded data for curl request: subresource=backendurls
DEBUG 2025-05-21 22:39:32.886 UTC: 	 Loading required information from the environment
DEBUG 2025-05-21 22:39:32.886 UTC: 	 Found CMSSW_14_0_18_patch1 for el9_amd64_gcc12 with base /afs/cern.ch/user/a/amalhotr/CMSSW_14_0_18_patch1
DEBUG 2025-05-21 22:39:32.886 UTC: 	 Loading required information from the environment
DEBUG 2025-05-21 22:39:32.886 UTC: 	 Found CMSSW_14_0_18_patch1 for el9_amd64_gcc12 with base /afs/cern.ch/user/a/amalhotr/CMSSW_14_0_18_patch1
DEBUG 2025-05-21 22:39:32.886 UTC: 	 UNIQUE NAME: tarUUID 9c0ce7fb-8494-415a-ac1d-f6cb2057c398 
DEBUG 2025-05-21 22:39:32.886 UTC: 	 self.config: from WMCore.Configuration import Configuration
config = Configuration()
config.section_('General')
config.General.transferLogs = True
config.General.requestName = 'RealData_noLFNDirectory_All_FileBased_10000_v1'
config.General.transferOutputs = True
config.section_('JobType')
config.JobType.psetName = 'UnifiedScoutingVertexingTreeMaker.py'
config.JobType.pluginName = 'Analysis'
config.section_('Data')
config.Data.unitsPerJob = 1
config.Data.publication = False
config.Data.splitting = 'FileBased'
config.Data.inputDataset = '/ScoutingPFRun3/Run2024H-v1/HLTSCOUT'
config.Data.allowNonValidInputDataset = True
config.Data.totalUnits = 10000
config.Data.outputDatasetTag = 'RealData_noLFNDirectory_All_FileBased_10000_v1'
config.Data.inputDBS = 'global'
config.section_('Site')
config.Site.storageSite = 'T3_CH_CERNBOX'
config.section_('User')
config.section_('Debug')

DEBUG 2025-05-21 22:39:32.886 UTC: 	 self.config.JobType.psetName: UnifiedScoutingVertexingTreeMaker.py
INFO 2025-05-21 22:39:32.886 UTC: 	 Importing CMSSW configuration UnifiedScoutingVertexingTreeMaker.py
INFO 2025-05-21 22:39:33.536 UTC: 	 Finished importing CMSSW configuration UnifiedScoutingVertexingTreeMaker.py
DEBUG 2025-05-21 22:39:33.536 UTC: 	 Writing CMSSW configuration to /afs/cern.ch/user/a/amalhotr/CMSSW_14_0_18_patch1/src/Run3ScoutingAnalysisTools/crab_RealData_noLFNDirectory_All_FileBased_10000_v1/inputs/PSet.py
DEBUG 2025-05-21 22:39:33.591 UTC: 	 The following EDM output files will be collected: []
DEBUG 2025-05-21 22:39:33.591 UTC: 	 The following TFile output files will be collected: ['DY2M_ScoutingTree_Output_5_inputlocalrun.root']
DEBUG 2025-05-21 22:39:33.591 UTC: 	 The following user output files (not listed as PoolOuputModule or TFileService in the CMSSW PSet) will be collected: 
DEBUG 2025-05-21 22:39:33.591 UTC: 	 Loading required information from the environment
DEBUG 2025-05-21 22:39:33.591 UTC: 	 Found CMSSW_14_0_18_patch1 for el9_amd64_gcc12 with base /afs/cern.ch/user/a/amalhotr/CMSSW_14_0_18_patch1
DEBUG 2025-05-21 22:39:33.591 UTC: 	 Making tarball in /afs/cern.ch/user/a/amalhotr/CMSSW_14_0_18_patch1/src/Run3ScoutingAnalysisTools/crab_RealData_noLFNDirectory_All_FileBased_10000_v1/inputs/9c0ce7fb-8494-415a-ac1d-f6cb2057c398default.tgz
DEBUG 2025-05-21 22:39:33.592 UTC: 	 Checking directory /afs/cern.ch/user/a/amalhotr/CMSSW_14_0_18_patch1/bin
DEBUG 2025-05-21 22:39:33.592 UTC: 	 Adding directory /afs/cern.ch/user/a/amalhotr/CMSSW_14_0_18_patch1/bin to tarball
DEBUG 2025-05-21 22:39:33.594 UTC: 	 Checking directory /afs/cern.ch/user/a/amalhotr/CMSSW_14_0_18_patch1/python
DEBUG 2025-05-21 22:39:33.594 UTC: 	 Adding directory /afs/cern.ch/user/a/amalhotr/CMSSW_14_0_18_patch1/python to tarball
DEBUG 2025-05-21 22:39:34.397 UTC: 	 Checking directory /afs/cern.ch/user/a/amalhotr/CMSSW_14_0_18_patch1/cfipython
DEBUG 2025-05-21 22:39:34.397 UTC: 	 Adding directory /afs/cern.ch/user/a/amalhotr/CMSSW_14_0_18_patch1/cfipython to tarball
DEBUG 2025-05-21 22:39:34.467 UTC: 	 Checking directory /afs/cern.ch/user/a/amalhotr/CMSSW_14_0_18_patch1/lib
DEBUG 2025-05-21 22:39:34.467 UTC: 	 Adding directory /afs/cern.ch/user/a/amalhotr/CMSSW_14_0_18_patch1/lib to tarball
DEBUG 2025-05-21 22:39:35.090 UTC: 	 Checking directory /afs/cern.ch/user/a/amalhotr/CMSSW_14_0_18_patch1/biglib
DEBUG 2025-05-21 22:39:35.090 UTC: 	 Adding directory /afs/cern.ch/user/a/amalhotr/CMSSW_14_0_18_patch1/biglib to tarball
DEBUG 2025-05-21 22:39:35.090 UTC: 	 Checking directory /afs/cern.ch/user/a/amalhotr/CMSSW_14_0_18_patch1/module
DEBUG 2025-05-21 22:39:35.090 UTC: 	 Checking directory /afs/cern.ch/user/a/amalhotr/CMSSW_14_0_18_patch1/config/SCRAM/hooks
DEBUG 2025-05-21 22:39:35.090 UTC: 	 Adding directory /afs/cern.ch/user/a/amalhotr/CMSSW_14_0_18_patch1/config/SCRAM/hooks to tarball
DEBUG 2025-05-21 22:39:35.189 UTC: 	 Adding directory /afs/cern.ch/user/a/amalhotr/CMSSW_14_0_18_patch1/src/Run3ScoutingAnalysisTools/DataFormats/Scouting/interface to tarball
DEBUG 2025-05-21 22:39:35.311 UTC: 	 Adding directory /afs/cern.ch/user/a/amalhotr/CMSSW_14_0_18_patch1/src/Run3ScoutingAnalysisTools/ScoutingTreeMakerRun3/python to tarball
DEBUG 2025-05-21 22:39:35.320 UTC: 	 Adding directory /afs/cern.ch/user/a/amalhotr/CMSSW_14_0_18_patch1/src/DataFormats/Scouting/interface to tarball
DEBUG 2025-05-21 22:39:35.375 UTC: 	 Adding directory /afs/cern.ch/user/a/amalhotr/CMSSW_14_0_18_patch1/src/Configuration/GenProduction/python to tarball
DEBUG 2025-05-21 22:39:35.453 UTC: 	 Uploading archive /afs/cern.ch/user/a/amalhotr/CMSSW_14_0_18_patch1/src/Run3ScoutingAnalysisTools/crab_RealData_noLFNDirectory_All_FileBased_10000_v1/inputs/9c0ce7fb-8494-415a-ac1d-f6cb2057c398default.tgz (441 KB) to the CRAB cache. Using URI https://cmsweb.cern.ch/S3/crabcache_prod
DEBUG 2025-05-21 22:39:35.666 UTC: 	 Encoded data for curl request: subresource=upload&objecttype=sandbox&tarballname=d993c87d23f928f0771b86e86bb7d8d36fcd281d0cbb21a00b31139f5248879c.tar.gz
DEBUG 2025-05-21 22:39:35.782 UTC: 	 sandbox d993c87d23f928f0771b86e86bb7d8d36fcd281d0cbb21a00b31139f5248879c.tar.gz is already in the S3 store, will not upload again
DEBUG 2025-05-21 22:39:35.782 UTC: 	 Loading required information from the environment
DEBUG 2025-05-21 22:39:35.782 UTC: 	 Found CMSSW_14_0_18_patch1 for el9_amd64_gcc12 with base /afs/cern.ch/user/a/amalhotr/CMSSW_14_0_18_patch1
DEBUG 2025-05-21 22:39:35.782 UTC: 	 Making tarball in /afs/cern.ch/user/a/amalhotr/CMSSW_14_0_18_patch1/src/Run3ScoutingAnalysisTools/crab_RealData_noLFNDirectory_All_FileBased_10000_v1/inputs/debugFiles.tgz
DEBUG 2025-05-21 22:39:35.812 UTC: 	 Uploading archive /afs/cern.ch/user/a/amalhotr/CMSSW_14_0_18_patch1/src/Run3ScoutingAnalysisTools/crab_RealData_noLFNDirectory_All_FileBased_10000_v1/inputs/debugFiles.tgz (3 KB) to the CRAB cache. Using URI https://cmsweb.cern.ch/S3/crabcache_prod
DEBUG 2025-05-21 22:39:35.814 UTC: 	 Encoded data for curl request: subresource=upload&objecttype=sandbox&tarballname=8f94170d9c2a9f597a6eaf10738ab04f4ce2352578acd9f2ebb782cb91d149de.tar.gz
DEBUG 2025-05-21 22:39:35.869 UTC: 	 Will execute:
curl -f -v -X POST  -H "User-Agent: CRAB" -F "key=amalhotr/sandboxes/8f94170d9c2a9f597a6eaf10738ab04f4ce2352578acd9f2ebb782cb91d149de.tar.gz" -F "AWSAccessKeyId=715203df6482458ba839e73e6dab634b" -F "policy=eyJleHBpcmF0aW9uIjogIjIwMjUtMDUtMjFUMjM6Mzk6MzVaIiwgImNvbmRpdGlvbnMiOiBbeyJidWNrZXQiOiAiY3JhYmNhY2hlX3Byb2QifSwgeyJrZXkiOiAiYW1hbGhvdHIvc2FuZGJveGVzLzhmOTQxNzBkOWMyYTlmNTk3YTZlYWYxMDczOGFiMDRmNGNlMjM1MjU3OGFjZDlmMmViYjc4MmNiOTFkMTQ5ZGUudGFyLmd6In1dfQ==" -F "signature=BUYu3sgZXuU9tPDOOpsVVssw8Iw=" -F "file=@/afs/cern.ch/user/a/amalhotr/CMSSW_14_0_18_patch1/src/Run3ScoutingAnalysisTools/crab_RealData_noLFNDirectory_All_FileBased_10000_v1/inputs/debugFiles.tgz" "https://s3.cern.ch/crabcache_prod"
DEBUG 2025-05-21 22:39:35.941 UTC: 	 exitcode: 0
stdout: b''
DEBUG 2025-05-21 22:39:35.941 UTC: 	 upload to S3 of sandbox /afs/cern.ch/user/a/amalhotr/CMSSW_14_0_18_patch1/src/Run3ScoutingAnalysisTools/crab_RealData_noLFNDirectory_All_FileBased_10000_v1/inputs/debugFiles.tgz completed
DEBUG 2025-05-21 22:39:35.941 UTC: 	 make sure that object is ready for retrieve
DEBUG 2025-05-21 22:39:36.943 UTC: 	 Encoded data for curl request: subresource=download&objecttype=sandbox&tarballname=8f94170d9c2a9f597a6eaf10738ab04f4ce2352578acd9f2ebb782cb91d149de.tar.gz&clientmethod=head_object
DEBUG 2025-05-21 22:39:37.009 UTC: 	 PreSignedUrl to download sandbox received OK
DEBUG 2025-05-21 22:39:37.012 UTC: 	 Will execute:
 curl -v -s -f -o /dev/null --head  "https://s3.cern.ch/crabcache_prod/amalhotr/sandboxes/8f94170d9c2a9f597a6eaf10738ab04f4ce2352578acd9f2ebb782cb91d149de.tar.gz?AWSAccessKeyId=715203df6482458ba839e73e6dab634b&Signature=7RezNgLgmkRzV%2B4lzQi6XOS%2BjAw%3D&Expires=1747870777"
DEBUG 2025-05-21 22:39:37.041 UTC: 	 exitcode: 0
stdout: b''
DEBUG 2025-05-21 22:39:37.041 UTC: 	 sandbox /afs/cern.ch/user/a/amalhotr/CMSSW_14_0_18_patch1/src/Run3ScoutingAnalysisTools/crab_RealData_noLFNDirectory_All_FileBased_10000_v1/inputs/debugFiles.tgz successfully uploaded to S3
DEBUG 2025-05-21 22:39:37.041 UTC: 	 Result uploading input files: d993c87d23f928f0771b86e86bb7d8d36fcd281d0cbb21a00b31139f5248879c.tar.gz 
DEBUG 2025-05-21 22:39:37.042 UTC: 	 submit() - self.configuration from WMCore.Configuration import Configuration
config = Configuration()
config.section_('General')
config.General.transferLogs = True
config.General.requestName = 'RealData_noLFNDirectory_All_FileBased_10000_v1'
config.General.transferOutputs = True
config.section_('JobType')
config.JobType.psetName = 'UnifiedScoutingVertexingTreeMaker.py'
config.JobType.pluginName = 'Analysis'
config.section_('Data')
config.Data.unitsPerJob = 1
config.Data.publication = False
config.Data.splitting = 'FileBased'
config.Data.inputDataset = '/ScoutingPFRun3/Run2024H-v1/HLTSCOUT'
config.Data.allowNonValidInputDataset = True
config.Data.totalUnits = 10000
config.Data.outputDatasetTag = 'RealData_noLFNDirectory_All_FileBased_10000_v1'
config.Data.inputDBS = 'global'
config.section_('Site')
config.Site.storageSite = 'T3_CH_CERNBOX'
config.section_('User')
config.section_('Debug')

DEBUG 2025-05-21 22:39:37.042 UTC: 	 submit() - self.configreq {'dryrun': 0, 'workflow': 'crab_RealData_noLFNDirectory_All_FileBased_10000_v1', 'saveoutput': 1, 'savelogsflag': 1, 'inputdata': '/ScoutingPFRun3/Run2024H-v1/HLTSCOUT', 'nonvaliddata': 1, 'userfiles': [], 'dbsurl': 'https://cmsweb.cern.ch/dbs/prod/global/DBSReader', 'useparent': 0, 'ignorelocality': 0, 'splitalgo': 'FileBased', 'algoargs': 1, 'totalunits': 10000, 'publication': 0, 'publishdbsurl': 'https://cmsweb.cern.ch/dbs/prod/phys03/DBSWriter', 'publishname2': 'RealData_noLFNDirectory_All_FileBased_10000_v1', 'jobtype': 'Analysis', 'generator': 'pythia', 'addoutputfiles': [], 'maxjobruntime': 1250, 'numcores': 1, 'maxmemory': 2000, 'priority': 10, 'nonprodsw': 0, 'asyncdest': 'T3_CH_CERNBOX', 'requireaccelerator': 0, 'oneEventMode': 0, 'extrajdl': [], 'ignoreglobalblacklist': 0, 'partialdataset': 0, 'inputblocks': []}
DEBUG 2025-05-21 22:39:37.042 UTC: 	 submit() - jobconfig {'addoutputfiles': [], 'tfileoutfiles': ['DY2M_ScoutingTree_Output_5_inputlocalrun.root'], 'edmoutfiles': [], 'jobarch': 'el9_amd64_gcc12', 'jobminuarch': 'any', 'jobsw': 'CMSSW_14_0_18_patch1', 'inputdata': '/ScoutingPFRun3/Run2024H-v1/HLTSCOUT', 'cacheurl': 'https://cmsweb.cern.ch/S3/crabcache_prod', 'cachefilename': 'd993c87d23f928f0771b86e86bb7d8d36fcd281d0cbb21a00b31139f5248879c.tar.gz', 'debugfilename': '8f94170d9c2a9f597a6eaf10738ab04f4ce2352578acd9f2ebb782cb91d149de.tar.gz', 'jobtype': 'Analysis'}
INFO 2025-05-21 22:39:37.042 UTC: 	 Sending the request to the server at cmsweb.cern.ch
DEBUG 2025-05-21 22:39:37.042 UTC: 	 Submitting {'dryrun': 0, 'workflow': 'crab_RealData_noLFNDirectory_All_FileBased_10000_v1', 'saveoutput': 1, 'savelogsflag': 1, 'inputdata': '/ScoutingPFRun3/Run2024H-v1/HLTSCOUT', 'nonvaliddata': 1, 'userfiles': [], 'dbsurl': 'https://cmsweb.cern.ch/dbs/prod/global/DBSReader', 'useparent': 0, 'ignorelocality': 0, 'splitalgo': 'FileBased', 'algoargs': 1, 'totalunits': 10000, 'publication': 0, 'publishdbsurl': 'https://cmsweb.cern.ch/dbs/prod/phys03/DBSWriter', 'publishname2': 'RealData_noLFNDirectory_All_FileBased_10000_v1', 'jobtype': 'Analysis', 'generator': 'pythia', 'addoutputfiles': [], 'maxjobruntime': 1250, 'numcores': 1, 'maxmemory': 2000, 'priority': 10, 'nonprodsw': 0, 'asyncdest': 'T3_CH_CERNBOX', 'requireaccelerator': 0, 'oneEventMode': 0, 'extrajdl': [], 'ignoreglobalblacklist': 0, 'partialdataset': 0, 'inputblocks': [], 'tfileoutfiles': ['DY2M_ScoutingTree_Output_5_inputlocalrun.root'], 'edmoutfiles': [], 'jobarch': 'el9_amd64_gcc12', 'jobminuarch': 'any', 'jobsw': 'CMSSW_14_0_18_patch1', 'cacheurl': 'https://cmsweb.cern.ch/S3/crabcache_prod', 'cachefilename': 'd993c87d23f928f0771b86e86bb7d8d36fcd281d0cbb21a00b31139f5248879c.tar.gz', 'debugfilename': '8f94170d9c2a9f597a6eaf10738ab04f4ce2352578acd9f2ebb782cb91d149de.tar.gz'} 
DEBUG 2025-05-21 22:39:37.043 UTC: 	 Encoded data for curl request: dryrun=0&workflow=crab_RealData_noLFNDirectory_All_FileBased_10000_v1&saveoutput=1&savelogsflag=1&inputdata=%2FScoutingPFRun3%2FRun2024H-v1%2FHLTSCOUT&nonvaliddata=1&dbsurl=https%3A%2F%2Fcmsweb.cern.ch%2Fdbs%2Fprod%2Fglobal%2FDBSReader&useparent=0&ignorelocality=0&splitalgo=FileBased&algoargs=1&totalunits=10000&publication=0&publishdbsurl=https%3A%2F%2Fcmsweb.cern.ch%2Fdbs%2Fprod%2Fphys03%2FDBSWriter&publishname2=RealData_noLFNDirectory_All_FileBased_10000_v1&jobtype=Analysis&generator=pythia&maxjobruntime=1250&numcores=1&maxmemory=2000&priority=10&nonprodsw=0&asyncdest=T3_CH_CERNBOX&requireaccelerator=0&oneEventMode=0&ignoreglobalblacklist=0&partialdataset=0&jobarch=el9_amd64_gcc12&jobminuarch=any&jobsw=CMSSW_14_0_18_patch1&cacheurl=https%3A%2F%2Fcmsweb.cern.ch%2FS3%2Fcrabcache_prod&cachefilename=d993c87d23f928f0771b86e86bb7d8d36fcd281d0cbb21a00b31139f5248879c.tar.gz&debugfilename=8f94170d9c2a9f597a6eaf10738ab04f4ce2352578acd9f2ebb782cb91d149de.tar.gz&tfileoutfiles=DY2M_ScoutingTree_Output_5_inputlocalrun.root
DEBUG 2025-05-21 22:39:37.091 UTC: 	 Result: {'result': [{'RequestName': '250521_223937:amalhotr_crab_RealData_noLFNDirectory_All_FileBased_10000_v1'}]}
INFO 2025-05-21 22:39:37.094 UTC: 	 Success: Your task has been delivered to the prod CRAB3 server.
INFO 2025-05-21 22:39:37.094 UTC: 	 Task name: 250521_223937:amalhotr_crab_RealData_noLFNDirectory_All_FileBased_10000_v1
INFO 2025-05-21 22:39:37.094 UTC: 	 Project dir: ./crab_RealData_noLFNDirectory_All_FileBased_10000_v1
INFO 2025-05-21 22:39:37.094 UTC: 	 Please use ' crab status -d ./crab_RealData_noLFNDirectory_All_FileBased_10000_v1 ' to check how the submission process proceeds.
DEBUG 2025-05-21 22:39:37.094 UTC: 	 About to return
INFO 2025-05-21 22:39:37.108 UTC: 	 Log file is /afs/cern.ch/user/a/amalhotr/CMSSW_14_0_18_patch1/src/Run3ScoutingAnalysisTools/crab_RealData_noLFNDirectory_All_FileBased_10000_v1/crab.log
