DEBUG 2025-05-21 03:01:42.373 UTC: 	 CRAB Client version: v3.250409
DEBUG 2025-05-21 03:01:42.373 UTC: 	 Running on: Linux lxplus978.cern.ch 5.14.0-503.34.1.el9_5.x86_64 #1 SMP PREEMPT_DYNAMIC Mon Mar 17 21:49:47 EDT 2025 x86_64 x86_64 x86_64 GNU/Linux
DEBUG 2025-05-21 03:01:42.373 UTC: 	 Not using Singularity
DEBUG 2025-05-21 03:01:42.373 UTC: 	 Operating System: Red Hat Enterprise Linux 9.5 (Plow)
DEBUG 2025-05-21 03:01:42.373 UTC: 	 Executing command: 'submit'
DEBUG 2025-05-21 03:01:42.373 UTC: 	 Found CRAB cache file /afs/cern.ch/user/a/amalhotr/.crab3
INFO 2025-05-21 03:01:42.374 UTC: 	 Will use CRAB configuration file chainedCrabConfig.py
DEBUG 2025-05-21 03:01:42.374 UTC: 	 Loading CRAB configuration file.
DEBUG 2025-05-21 03:01:42.381 UTC: 	 Will use CRAB plugin ANALYSIS (i.e. will run an analysis job type).
DEBUG 2025-05-21 03:01:42.401 UTC: 	 Checking credentials
DEBUG 2025-05-21 03:01:42.401 UTC: 	 Found proxy file /tmp/x509up_u180451
DEBUG 2025-05-21 03:01:42.401 UTC: 	 Making sure it has proper VOMS extension
DEBUG 2025-05-21 03:01:42.401 UTC: 	 Executing command :
 voms-proxy-info --vo --file /tmp/x509up_u180451
DEBUG 2025-05-21 03:01:42.770 UTC: 	 output : cms

 error: 
 retcode : 0
DEBUG 2025-05-21 03:01:42.770 UTC: 	 Getting proxy life time left
DEBUG 2025-05-21 03:01:42.770 UTC: 	 Executing command :
 voms-proxy-info --actimeleft --timeleft --file /tmp/x509up_u180451
DEBUG 2025-05-21 03:01:43.170 UTC: 	 output : 688602
688602

 error: 
 retcode : 0
DEBUG 2025-05-21 03:01:43.171 UTC: 	 Proxy valid for 191:16:42 hours
DEBUG 2025-05-21 03:01:43.171 UTC: 	 Encoded data for curl request: subresource=delegatedn
DEBUG 2025-05-21 03:01:43.218 UTC: 	 Registering user credentials on myproxy for /DC=ch/DC=cern/OU=computers/CN=crab-(preprod|prod)-tw(01|02).cern.ch|/DC=ch/DC=cern/OU=computers/CN=crab-dev-tw(01|02|03|04).cern.ch|/DC=ch/DC=cern/OU=Organic Units/OU=Users/CN=cmscrab/CN=(817881|373708)/CN=Robot: cms crab|/DC=ch/DC=cern/OU=Organic Units/OU=Users/CN=crabint1/CN=373708/CN=Robot: CMS CRAB Integration 1
DEBUG 2025-05-21 03:01:43.218 UTC: 	 Executing command :
 voms-proxy-info --identity --file /tmp/x509up_u180451
DEBUG 2025-05-21 03:01:43.620 UTC: 	 output : /DC=ch/DC=cern/OU=Organic Units/OU=Users/CN=amalhotr/CN=884837/CN=Aryan Malhotra

 error: 
 retcode : 0
DEBUG 2025-05-21 03:01:43.620 UTC: 	 Getting myproxy life time left for 2382a3cf28fdeacb1de9b039908761ea517a5ed6
DEBUG 2025-05-21 03:01:43.620 UTC: 	 Executing command :
 myproxy-info -s myproxy.cern.ch -l 2382a3cf28fdeacb1de9b039908761ea517a5ed6
DEBUG 2025-05-21 03:01:43.902 UTC: 	 output : username: 2382a3cf28fdeacb1de9b039908761ea517a5ed6
owner: /DC=ch/DC=cern/OU=Organic Units/OU=Users/CN=amalhotr/CN=884837/CN=Aryan Malhotra
  renewal policy: /DC=ch/DC=cern/OU=computers/CN=crab-(preprod|prod)-tw(01|02).cern.ch|/DC=ch/DC=cern/OU=computers/CN=crab-dev-tw(01|02|03|04).cern.ch|/DC=ch/DC=cern/OU=Organic Units/OU=Users/CN=cmscrab/CN=(817881|373708)/CN=Robot: cms crab|/DC=ch/DC=cern/OU=Organic Units/OU=Users/CN=crabint1/CN=373708/CN=Robot: CMS CRAB Integration 1
  trusted retrieval policy: /DC=ch/DC=cern/OU=computers/CN=crab-(preprod|prod)-tw(01|02).cern.ch|/DC=ch/DC=cern/OU=computers/CN=crab-dev-tw(01|02|03|04).cern.ch|/DC=ch/DC=cern/OU=Organic Units/OU=Users/CN=cmscrab/CN=(817881|373708)/CN=Robot: cms crab|/DC=ch/DC=cern/OU=Organic Units/OU=Users/CN=crabint1/CN=373708/CN=Robot: CMS CRAB Integration 1
  timeleft: 579:51:50  (24.2 days)

 error: 
 retcode : 0
DEBUG 2025-05-21 03:01:43.902 UTC: 	 Myproxy is valid: 2087460
DEBUG 2025-05-21 03:01:43.902 UTC: 	 Result of myproxy credential check:
  Credential exists on myproxy: username: 2382a3cf28fdeacb1de9b039908761ea517a5ed6  - validity: 24 days, 3:51:00
DEBUG 2025-05-21 03:01:43.902 UTC: 	 Command use: submit
DEBUG 2025-05-21 03:01:43.902 UTC: 	 Options use: ['-c', 'chainedCrabConfig.py']
DEBUG 2025-05-21 03:01:43.902 UTC: 	 Encoded data for curl request: subresource=version
DEBUG 2025-05-21 03:01:43.944 UTC: 	 CRABClient version: v3.250409
DEBUG 2025-05-21 03:01:43.944 UTC: 	 Instance is prod
DEBUG 2025-05-21 03:01:43.944 UTC: 	 Server base url is cmsweb.cern.ch
DEBUG 2025-05-21 03:01:43.944 UTC: 	 Command api workflow
DEBUG 2025-05-21 03:01:43.944 UTC: 	 Started submission
DEBUG 2025-05-21 03:01:43.944 UTC: 	 Working on /afs/cern.ch/user/a/amalhotr/CMSSW_14_0_18_patch1/src/Run3ScoutingAnalysisTools/crab_RealData_noLFNDirectory_All_v1
DEBUG 2025-05-21 03:01:43.944 UTC: 	 Encoded data for curl request: subresource=backendurls
DEBUG 2025-05-21 03:01:44.212 UTC: 	 Loading required information from the environment
DEBUG 2025-05-21 03:01:44.212 UTC: 	 Found CMSSW_14_0_18_patch1 for el9_amd64_gcc12 with base /afs/cern.ch/user/a/amalhotr/CMSSW_14_0_18_patch1
DEBUG 2025-05-21 03:01:44.212 UTC: 	 Loading required information from the environment
DEBUG 2025-05-21 03:01:44.212 UTC: 	 Found CMSSW_14_0_18_patch1 for el9_amd64_gcc12 with base /afs/cern.ch/user/a/amalhotr/CMSSW_14_0_18_patch1
DEBUG 2025-05-21 03:01:44.212 UTC: 	 UNIQUE NAME: tarUUID 7465d532-766b-47ac-b8a4-c5f15b293868 
DEBUG 2025-05-21 03:01:44.212 UTC: 	 self.config: from WMCore.Configuration import Configuration
config = Configuration()
config.section_('General')
config.General.requestName = 'RealData_noLFNDirectory_All_v1'
config.General.transferLogs = True
config.General.transferOutputs = True
config.section_('JobType')
config.JobType.maxJobRuntimeMin = 2000
config.JobType.psetName = 'UnifiedScoutingVertexingTreeMaker.py'
config.JobType.pluginName = 'Analysis'
config.section_('Data')
config.Data.allowNonValidInputDataset = True
config.Data.inputDBS = 'global'
config.Data.totalUnits = (5000, 0)
config.Data.inputDataset = '/ScoutingPFRun3/Run2024H-v1/HLTSCOUT'
config.Data.splitting = 'EventAwareLumiBased'
config.Data.unitsPerJob = 50000
config.Data.publication = False
config.Data.outputDatasetTag = 'RealData_noLFNDirectory_All_v1'
config.section_('Site')
config.Site.storageSite = 'T3_CH_CERNBOX'
config.section_('User')
config.section_('Debug')

DEBUG 2025-05-21 03:01:44.212 UTC: 	 self.config.JobType.psetName: UnifiedScoutingVertexingTreeMaker.py
INFO 2025-05-21 03:01:44.212 UTC: 	 Importing CMSSW configuration UnifiedScoutingVertexingTreeMaker.py
INFO 2025-05-21 03:01:44.604 UTC: 	 Finished importing CMSSW configuration UnifiedScoutingVertexingTreeMaker.py
DEBUG 2025-05-21 03:01:44.604 UTC: 	 Writing CMSSW configuration to /afs/cern.ch/user/a/amalhotr/CMSSW_14_0_18_patch1/src/Run3ScoutingAnalysisTools/crab_RealData_noLFNDirectory_All_v1/inputs/PSet.py
DEBUG 2025-05-21 03:01:44.624 UTC: 	 The following EDM output files will be collected: []
DEBUG 2025-05-21 03:01:44.624 UTC: 	 The following TFile output files will be collected: ['DY2M_ScoutingTree_Output.root']
DEBUG 2025-05-21 03:01:44.624 UTC: 	 The following user output files (not listed as PoolOuputModule or TFileService in the CMSSW PSet) will be collected: 
DEBUG 2025-05-21 03:01:44.624 UTC: 	 Loading required information from the environment
DEBUG 2025-05-21 03:01:44.624 UTC: 	 Found CMSSW_14_0_18_patch1 for el9_amd64_gcc12 with base /afs/cern.ch/user/a/amalhotr/CMSSW_14_0_18_patch1
DEBUG 2025-05-21 03:01:44.624 UTC: 	 Making tarball in /afs/cern.ch/user/a/amalhotr/CMSSW_14_0_18_patch1/src/Run3ScoutingAnalysisTools/crab_RealData_noLFNDirectory_All_v1/inputs/7465d532-766b-47ac-b8a4-c5f15b293868default.tgz
DEBUG 2025-05-21 03:01:44.625 UTC: 	 Checking directory /afs/cern.ch/user/a/amalhotr/CMSSW_14_0_18_patch1/bin
DEBUG 2025-05-21 03:01:44.625 UTC: 	 Adding directory /afs/cern.ch/user/a/amalhotr/CMSSW_14_0_18_patch1/bin to tarball
DEBUG 2025-05-21 03:01:44.626 UTC: 	 Checking directory /afs/cern.ch/user/a/amalhotr/CMSSW_14_0_18_patch1/python
DEBUG 2025-05-21 03:01:44.626 UTC: 	 Adding directory /afs/cern.ch/user/a/amalhotr/CMSSW_14_0_18_patch1/python to tarball
DEBUG 2025-05-21 03:01:44.659 UTC: 	 Checking directory /afs/cern.ch/user/a/amalhotr/CMSSW_14_0_18_patch1/cfipython
DEBUG 2025-05-21 03:01:44.659 UTC: 	 Adding directory /afs/cern.ch/user/a/amalhotr/CMSSW_14_0_18_patch1/cfipython to tarball
DEBUG 2025-05-21 03:01:44.662 UTC: 	 Checking directory /afs/cern.ch/user/a/amalhotr/CMSSW_14_0_18_patch1/lib
DEBUG 2025-05-21 03:01:44.662 UTC: 	 Adding directory /afs/cern.ch/user/a/amalhotr/CMSSW_14_0_18_patch1/lib to tarball
DEBUG 2025-05-21 03:01:44.726 UTC: 	 Checking directory /afs/cern.ch/user/a/amalhotr/CMSSW_14_0_18_patch1/biglib
DEBUG 2025-05-21 03:01:44.726 UTC: 	 Adding directory /afs/cern.ch/user/a/amalhotr/CMSSW_14_0_18_patch1/biglib to tarball
DEBUG 2025-05-21 03:01:44.726 UTC: 	 Checking directory /afs/cern.ch/user/a/amalhotr/CMSSW_14_0_18_patch1/module
DEBUG 2025-05-21 03:01:44.726 UTC: 	 Checking directory /afs/cern.ch/user/a/amalhotr/CMSSW_14_0_18_patch1/config/SCRAM/hooks
DEBUG 2025-05-21 03:01:44.726 UTC: 	 Adding directory /afs/cern.ch/user/a/amalhotr/CMSSW_14_0_18_patch1/config/SCRAM/hooks to tarball
DEBUG 2025-05-21 03:01:44.732 UTC: 	 Adding directory /afs/cern.ch/user/a/amalhotr/CMSSW_14_0_18_patch1/src/Run3ScoutingAnalysisTools/DataFormats/Scouting/interface to tarball
DEBUG 2025-05-21 03:01:44.783 UTC: 	 Adding directory /afs/cern.ch/user/a/amalhotr/CMSSW_14_0_18_patch1/src/Run3ScoutingAnalysisTools/ScoutingTreeMakerRun3/python to tarball
DEBUG 2025-05-21 03:01:44.790 UTC: 	 Adding directory /afs/cern.ch/user/a/amalhotr/CMSSW_14_0_18_patch1/src/DataFormats/Scouting/interface to tarball
DEBUG 2025-05-21 03:01:44.794 UTC: 	 Adding directory /afs/cern.ch/user/a/amalhotr/CMSSW_14_0_18_patch1/src/Configuration/GenProduction/python to tarball
DEBUG 2025-05-21 03:01:44.831 UTC: 	 Uploading archive /afs/cern.ch/user/a/amalhotr/CMSSW_14_0_18_patch1/src/Run3ScoutingAnalysisTools/crab_RealData_noLFNDirectory_All_v1/inputs/7465d532-766b-47ac-b8a4-c5f15b293868default.tgz (441 KB) to the CRAB cache. Using URI https://cmsweb.cern.ch/S3/crabcache_prod
DEBUG 2025-05-21 03:01:45.004 UTC: 	 Encoded data for curl request: subresource=upload&objecttype=sandbox&tarballname=149aeb288c8e15d883a9b4e5f26f7e7a087780c40c66e337ffe04f370d00d347.tar.gz
DEBUG 2025-05-21 03:01:45.063 UTC: 	 Will execute:
curl -f -v -X POST  -H "User-Agent: CRAB" -F "key=amalhotr/sandboxes/149aeb288c8e15d883a9b4e5f26f7e7a087780c40c66e337ffe04f370d00d347.tar.gz" -F "AWSAccessKeyId=715203df6482458ba839e73e6dab634b" -F "policy=eyJleHBpcmF0aW9uIjogIjIwMjUtMDUtMjFUMDQ6MDE6NDVaIiwgImNvbmRpdGlvbnMiOiBbeyJidWNrZXQiOiAiY3JhYmNhY2hlX3Byb2QifSwgeyJrZXkiOiAiYW1hbGhvdHIvc2FuZGJveGVzLzE0OWFlYjI4OGM4ZTE1ZDg4M2E5YjRlNWYyNmY3ZTdhMDg3NzgwYzQwYzY2ZTMzN2ZmZTA0ZjM3MGQwMGQzNDcudGFyLmd6In1dfQ==" -F "signature=vpOQUAFThTUoFis47b8WHHcPEWY=" -F "file=@/afs/cern.ch/user/a/amalhotr/CMSSW_14_0_18_patch1/src/Run3ScoutingAnalysisTools/crab_RealData_noLFNDirectory_All_v1/inputs/7465d532-766b-47ac-b8a4-c5f15b293868default.tgz" "https://s3.cern.ch/crabcache_prod"
DEBUG 2025-05-21 03:01:45.133 UTC: 	 exitcode: 0
stdout: b''
DEBUG 2025-05-21 03:01:45.133 UTC: 	 upload to S3 of sandbox /afs/cern.ch/user/a/amalhotr/CMSSW_14_0_18_patch1/src/Run3ScoutingAnalysisTools/crab_RealData_noLFNDirectory_All_v1/inputs/7465d532-766b-47ac-b8a4-c5f15b293868default.tgz completed
DEBUG 2025-05-21 03:01:45.133 UTC: 	 make sure that object is ready for retrieve
DEBUG 2025-05-21 03:01:46.135 UTC: 	 Encoded data for curl request: subresource=download&objecttype=sandbox&tarballname=149aeb288c8e15d883a9b4e5f26f7e7a087780c40c66e337ffe04f370d00d347.tar.gz&clientmethod=head_object
DEBUG 2025-05-21 03:01:46.175 UTC: 	 PreSignedUrl to download sandbox received OK
DEBUG 2025-05-21 03:01:46.178 UTC: 	 Will execute:
 curl -v -s -f -o /dev/null --head  "https://s3.cern.ch/crabcache_prod/amalhotr/sandboxes/149aeb288c8e15d883a9b4e5f26f7e7a087780c40c66e337ffe04f370d00d347.tar.gz?AWSAccessKeyId=715203df6482458ba839e73e6dab634b&Signature=cLGDmrOH22XVci2KCmQ0RbyYlTc%3D&Expires=1747800106"
DEBUG 2025-05-21 03:01:46.227 UTC: 	 exitcode: 0
stdout: b''
DEBUG 2025-05-21 03:01:46.227 UTC: 	 sandbox /afs/cern.ch/user/a/amalhotr/CMSSW_14_0_18_patch1/src/Run3ScoutingAnalysisTools/crab_RealData_noLFNDirectory_All_v1/inputs/7465d532-766b-47ac-b8a4-c5f15b293868default.tgz successfully uploaded to S3
DEBUG 2025-05-21 03:01:46.227 UTC: 	 Loading required information from the environment
DEBUG 2025-05-21 03:01:46.227 UTC: 	 Found CMSSW_14_0_18_patch1 for el9_amd64_gcc12 with base /afs/cern.ch/user/a/amalhotr/CMSSW_14_0_18_patch1
DEBUG 2025-05-21 03:01:46.227 UTC: 	 Making tarball in /afs/cern.ch/user/a/amalhotr/CMSSW_14_0_18_patch1/src/Run3ScoutingAnalysisTools/crab_RealData_noLFNDirectory_All_v1/inputs/debugFiles.tgz
DEBUG 2025-05-21 03:01:46.233 UTC: 	 Uploading archive /afs/cern.ch/user/a/amalhotr/CMSSW_14_0_18_patch1/src/Run3ScoutingAnalysisTools/crab_RealData_noLFNDirectory_All_v1/inputs/debugFiles.tgz (3 KB) to the CRAB cache. Using URI https://cmsweb.cern.ch/S3/crabcache_prod
DEBUG 2025-05-21 03:01:46.236 UTC: 	 Encoded data for curl request: subresource=upload&objecttype=sandbox&tarballname=325a7ce9b642cbae73cfd8f8069e0cc2b1d1830157bc4cb9b255a2cb15f4abbe.tar.gz
DEBUG 2025-05-21 03:01:46.301 UTC: 	 Will execute:
curl -f -v -X POST  -H "User-Agent: CRAB" -F "key=amalhotr/sandboxes/325a7ce9b642cbae73cfd8f8069e0cc2b1d1830157bc4cb9b255a2cb15f4abbe.tar.gz" -F "AWSAccessKeyId=715203df6482458ba839e73e6dab634b" -F "policy=eyJleHBpcmF0aW9uIjogIjIwMjUtMDUtMjFUMDQ6MDE6NDZaIiwgImNvbmRpdGlvbnMiOiBbeyJidWNrZXQiOiAiY3JhYmNhY2hlX3Byb2QifSwgeyJrZXkiOiAiYW1hbGhvdHIvc2FuZGJveGVzLzMyNWE3Y2U5YjY0MmNiYWU3M2NmZDhmODA2OWUwY2MyYjFkMTgzMDE1N2JjNGNiOWIyNTVhMmNiMTVmNGFiYmUudGFyLmd6In1dfQ==" -F "signature=H09bGZzgRFAdY9QYiQfHQzFr4jk=" -F "file=@/afs/cern.ch/user/a/amalhotr/CMSSW_14_0_18_patch1/src/Run3ScoutingAnalysisTools/crab_RealData_noLFNDirectory_All_v1/inputs/debugFiles.tgz" "https://s3.cern.ch/crabcache_prod"
DEBUG 2025-05-21 03:01:46.342 UTC: 	 exitcode: 0
stdout: b''
DEBUG 2025-05-21 03:01:46.342 UTC: 	 upload to S3 of sandbox /afs/cern.ch/user/a/amalhotr/CMSSW_14_0_18_patch1/src/Run3ScoutingAnalysisTools/crab_RealData_noLFNDirectory_All_v1/inputs/debugFiles.tgz completed
DEBUG 2025-05-21 03:01:46.342 UTC: 	 make sure that object is ready for retrieve
DEBUG 2025-05-21 03:01:47.343 UTC: 	 Encoded data for curl request: subresource=download&objecttype=sandbox&tarballname=325a7ce9b642cbae73cfd8f8069e0cc2b1d1830157bc4cb9b255a2cb15f4abbe.tar.gz&clientmethod=head_object
DEBUG 2025-05-21 03:01:47.391 UTC: 	 PreSignedUrl to download sandbox received OK
DEBUG 2025-05-21 03:01:47.393 UTC: 	 Will execute:
 curl -v -s -f -o /dev/null --head  "https://s3.cern.ch/crabcache_prod/amalhotr/sandboxes/325a7ce9b642cbae73cfd8f8069e0cc2b1d1830157bc4cb9b255a2cb15f4abbe.tar.gz?AWSAccessKeyId=715203df6482458ba839e73e6dab634b&Signature=7mh9xv7mF8ZbJVdN27M9c5h1w48%3D&Expires=1747800107"
DEBUG 2025-05-21 03:01:47.424 UTC: 	 exitcode: 0
stdout: b''
DEBUG 2025-05-21 03:01:47.424 UTC: 	 sandbox /afs/cern.ch/user/a/amalhotr/CMSSW_14_0_18_patch1/src/Run3ScoutingAnalysisTools/crab_RealData_noLFNDirectory_All_v1/inputs/debugFiles.tgz successfully uploaded to S3
DEBUG 2025-05-21 03:01:47.424 UTC: 	 Result uploading input files: 149aeb288c8e15d883a9b4e5f26f7e7a087780c40c66e337ffe04f370d00d347.tar.gz 
DEBUG 2025-05-21 03:01:47.424 UTC: 	 submit() - self.configuration from WMCore.Configuration import Configuration
config = Configuration()
config.section_('General')
config.General.requestName = 'RealData_noLFNDirectory_All_v1'
config.General.transferLogs = True
config.General.transferOutputs = True
config.section_('JobType')
config.JobType.maxJobRuntimeMin = 2000
config.JobType.psetName = 'UnifiedScoutingVertexingTreeMaker.py'
config.JobType.pluginName = 'Analysis'
config.section_('Data')
config.Data.allowNonValidInputDataset = True
config.Data.inputDBS = 'global'
config.Data.totalUnits = (5000, 0)
config.Data.inputDataset = '/ScoutingPFRun3/Run2024H-v1/HLTSCOUT'
config.Data.splitting = 'EventAwareLumiBased'
config.Data.unitsPerJob = 50000
config.Data.publication = False
config.Data.outputDatasetTag = 'RealData_noLFNDirectory_All_v1'
config.section_('Site')
config.Site.storageSite = 'T3_CH_CERNBOX'
config.section_('User')
config.section_('Debug')

DEBUG 2025-05-21 03:01:47.424 UTC: 	 submit() - self.configreq {'dryrun': 0, 'workflow': 'crab_RealData_noLFNDirectory_All_v1', 'saveoutput': 1, 'savelogsflag': 1, 'inputdata': '/ScoutingPFRun3/Run2024H-v1/HLTSCOUT', 'nonvaliddata': 1, 'userfiles': [], 'dbsurl': 'https://cmsweb.cern.ch/dbs/prod/global/DBSReader', 'useparent': 0, 'ignorelocality': 0, 'splitalgo': 'EventAwareLumiBased', 'algoargs': 50000, 'totalunits': (5000, 0), 'publication': 0, 'publishdbsurl': 'https://cmsweb.cern.ch/dbs/prod/phys03/DBSWriter', 'publishname2': 'RealData_noLFNDirectory_All_v1', 'jobtype': 'Analysis', 'generator': 'pythia', 'addoutputfiles': [], 'maxjobruntime': 2000, 'numcores': 1, 'maxmemory': 2000, 'priority': 10, 'nonprodsw': 0, 'asyncdest': 'T3_CH_CERNBOX', 'requireaccelerator': 0, 'oneEventMode': 0, 'extrajdl': [], 'ignoreglobalblacklist': 0, 'partialdataset': 0, 'inputblocks': []}
DEBUG 2025-05-21 03:01:47.424 UTC: 	 submit() - jobconfig {'addoutputfiles': [], 'tfileoutfiles': ['DY2M_ScoutingTree_Output.root'], 'edmoutfiles': [], 'jobarch': 'el9_amd64_gcc12', 'jobminuarch': 'any', 'jobsw': 'CMSSW_14_0_18_patch1', 'inputdata': '/ScoutingPFRun3/Run2024H-v1/HLTSCOUT', 'cacheurl': 'https://cmsweb.cern.ch/S3/crabcache_prod', 'cachefilename': '149aeb288c8e15d883a9b4e5f26f7e7a087780c40c66e337ffe04f370d00d347.tar.gz', 'debugfilename': '325a7ce9b642cbae73cfd8f8069e0cc2b1d1830157bc4cb9b255a2cb15f4abbe.tar.gz', 'jobtype': 'Analysis'}
INFO 2025-05-21 03:01:47.424 UTC: 	 Sending the request to the server at cmsweb.cern.ch
DEBUG 2025-05-21 03:01:47.424 UTC: 	 Submitting {'dryrun': 0, 'workflow': 'crab_RealData_noLFNDirectory_All_v1', 'saveoutput': 1, 'savelogsflag': 1, 'inputdata': '/ScoutingPFRun3/Run2024H-v1/HLTSCOUT', 'nonvaliddata': 1, 'userfiles': [], 'dbsurl': 'https://cmsweb.cern.ch/dbs/prod/global/DBSReader', 'useparent': 0, 'ignorelocality': 0, 'splitalgo': 'EventAwareLumiBased', 'algoargs': 50000, 'totalunits': (5000, 0), 'publication': 0, 'publishdbsurl': 'https://cmsweb.cern.ch/dbs/prod/phys03/DBSWriter', 'publishname2': 'RealData_noLFNDirectory_All_v1', 'jobtype': 'Analysis', 'generator': 'pythia', 'addoutputfiles': [], 'maxjobruntime': 2000, 'numcores': 1, 'maxmemory': 2000, 'priority': 10, 'nonprodsw': 0, 'asyncdest': 'T3_CH_CERNBOX', 'requireaccelerator': 0, 'oneEventMode': 0, 'extrajdl': [], 'ignoreglobalblacklist': 0, 'partialdataset': 0, 'inputblocks': [], 'tfileoutfiles': ['DY2M_ScoutingTree_Output.root'], 'edmoutfiles': [], 'jobarch': 'el9_amd64_gcc12', 'jobminuarch': 'any', 'jobsw': 'CMSSW_14_0_18_patch1', 'cacheurl': 'https://cmsweb.cern.ch/S3/crabcache_prod', 'cachefilename': '149aeb288c8e15d883a9b4e5f26f7e7a087780c40c66e337ffe04f370d00d347.tar.gz', 'debugfilename': '325a7ce9b642cbae73cfd8f8069e0cc2b1d1830157bc4cb9b255a2cb15f4abbe.tar.gz'} 
DEBUG 2025-05-21 03:01:47.425 UTC: 	 Encoded data for curl request: dryrun=0&workflow=crab_RealData_noLFNDirectory_All_v1&saveoutput=1&savelogsflag=1&inputdata=%2FScoutingPFRun3%2FRun2024H-v1%2FHLTSCOUT&nonvaliddata=1&dbsurl=https%3A%2F%2Fcmsweb.cern.ch%2Fdbs%2Fprod%2Fglobal%2FDBSReader&useparent=0&ignorelocality=0&splitalgo=EventAwareLumiBased&algoargs=50000&totalunits=%285000%2C+0%29&publication=0&publishdbsurl=https%3A%2F%2Fcmsweb.cern.ch%2Fdbs%2Fprod%2Fphys03%2FDBSWriter&publishname2=RealData_noLFNDirectory_All_v1&jobtype=Analysis&generator=pythia&maxjobruntime=2000&numcores=1&maxmemory=2000&priority=10&nonprodsw=0&asyncdest=T3_CH_CERNBOX&requireaccelerator=0&oneEventMode=0&ignoreglobalblacklist=0&partialdataset=0&jobarch=el9_amd64_gcc12&jobminuarch=any&jobsw=CMSSW_14_0_18_patch1&cacheurl=https%3A%2F%2Fcmsweb.cern.ch%2FS3%2Fcrabcache_prod&cachefilename=149aeb288c8e15d883a9b4e5f26f7e7a087780c40c66e337ffe04f370d00d347.tar.gz&debugfilename=325a7ce9b642cbae73cfd8f8069e0cc2b1d1830157bc4cb9b255a2cb15f4abbe.tar.gz&tfileoutfiles=DY2M_ScoutingTree_Output.root
DEBUG 2025-05-21 03:01:47.579 UTC: 	 Sleeping 23 seconds after HTTP error.
Error:
:  % Total    % Received % Xferd  Average Speed   Time    Time     Time  Current
                                 Dload  Upload   Total   Spent    Left  Speed
  0     0    0     0    0     0      0      0 --:--:-- --:--:-- --:--:--     0*   Trying 188.185.89.202:8443...
* Connected to cmsweb.cern.ch (188.185.89.202) port 8443 (#0)
* ALPN, offering http/1.1
*  CAfile: /etc/pki/tls/certs/ca-bundle.crt
*  CApath: /etc/grid-security/certificates/
* TLSv1.0 (OUT), TLS header, Certificate Status (22):
} [5 bytes data]
* TLSv1.3 (OUT), TLS handshake, Client hello (1):
} [512 bytes data]
* TLSv1.2 (IN), TLS header, Certificate Status (22):
{ [5 bytes data]
* TLSv1.3 (IN), TLS handshake, Server hello (2):
{ [122 bytes data]
* TLSv1.2 (IN), TLS header, Finished (20):
{ [5 bytes data]
* TLSv1.2 (IN), TLS header, Supplemental data (23):
{ [5 bytes data]
* TLSv1.3 (IN), TLS handshake, Encrypted Extensions (8):
{ [21 bytes data]
* TLSv1.2 (IN), TLS header, Supplemental data (23):
{ [5 bytes data]
* TLSv1.3 (IN), TLS handshake, Request CERT (13):
{ [7807 bytes data]
* TLSv1.2 (IN), TLS header, Supplemental data (23):
{ [5 bytes data]
* TLSv1.3 (IN), TLS handshake, Certificate (11):
{ [2064 bytes data]
* TLSv1.2 (IN), TLS header, Supplemental data (23):
{ [5 bytes data]
* TLSv1.3 (IN), TLS handshake, CERT verify (15):
{ [264 bytes data]
* TLSv1.2 (IN), TLS header, Supplemental data (23):
{ [5 bytes data]
* TLSv1.3 (IN), TLS handshake, Finished (20):
{ [36 bytes data]
* TLSv1.2 (OUT), TLS header, Finished (20):
} [5 bytes data]
* TLSv1.3 (OUT), TLS change cipher, Change cipher spec (1):
} [1 bytes data]
* TLSv1.2 (OUT), TLS header, Supplemental data (23):
} [5 bytes data]
* TLSv1.3 (OUT), TLS handshake, Certificate (11):
} [6303 bytes data]
* TLSv1.2 (OUT), TLS header, Supplemental data (23):
} [5 bytes data]
* TLSv1.3 (OUT), TLS handshake, CERT verify (15):
} [264 bytes data]
* TLSv1.2 (OUT), TLS header, Supplemental data (23):
} [5 bytes data]
* TLSv1.3 (OUT), TLS handshake, Finished (20):
} [36 bytes data]
* SSL connection using TLSv1.3 / TLS_AES_128_GCM_SHA256
* ALPN, server accepted to use http/1.1
* Server certificate:
*  subject: DC=ch; DC=cern; OU=computers; CN=cmsweb.cern.ch
*  start date: May  6 09:49:35 2025 GMT
*  expire date: Jun 10 09:49:35 2026 GMT
*  subjectAltName: host "cmsweb.cern.ch" matched cert's "cmsweb.cern.ch"
*  issuer: DC=ch; DC=cern; CN=CERN Grid Certification Authority
*  SSL certificate verify ok.
* TLSv1.2 (OUT), TLS header, Supplemental data (23):
} [5 bytes data]
> PUT /crabserver/prod/workflow HTTP/1.1
> Host: cmsweb.cern.ch:8443
> User-Agent: CRABClient/v3.250409
> Accept: */*
> Content-Length: 1002
> Content-Type: application/x-www-form-urlencoded
> 
} [1002 bytes data]
* TLSv1.2 (IN), TLS header, Supplemental data (23):
{ [5 bytes data]
* TLSv1.3 (IN), TLS handshake, Newsession Ticket (4):
{ [6417 bytes data]
* TLSv1.2 (IN), TLS header, Supplemental data (23):
{ [5 bytes data]
* Mark bundle as not supporting multiuse
< HTTP/1.1 400 Bad Request
< Content-Length: 733
< Content-Type: text/html;charset=utf-8
< Date: Wed, 21 May 2025 03:01:47 GMT
< Response-Proto: HTTP/1.1
< Response-Status: 400 Bad Request
< Response-Status-Code: 400
< Response-Time: 117.118683ms
< Response-Time-Seconds: 0.117122979
< X-Content-Type-Options: bla
< X-Error-Detail: Invalid input parameter
< X-Error-Http: 400
< X-Error-Id: 382a1f97eb2eea77b3c9055256c5daae
< X-Error-Info: Invalid 'totalunits' parameter
< X-Rest-Status: 302
< X-Rest-Time: 113404.512 us
< 
{ [680 bytes data]
* TLSv1.2 (IN), TLS header, Supplemental data (23):
{ [5 bytes data]
100  1735  100   733  100  1002   5493   7509 --:--:-- --:--:-- --:--:-- 13045
* Connection #0 to host cmsweb.cern.ch left intact
<!DOCTYPE html PUBLIC
"-//W3C//DTD XHTML 1.0 Transitional//EN"
"http://www.w3.org/TR/xhtml1/DTD/xhtml1-transitional.dtd">
<html>
<head>
    <meta http-equiv="Content-Type" content="text/html; charset=utf-8"></meta>
    <title>400 Bad Request</title>
    <style type="text/css">
    #powered_by {
        margin-top: 20px;
        border-top: 2px solid black;
        font-style: italic;
    }

    #traceback {
        color: red;
    }
    </style>
</head>
    <body>
        <h2>400 Bad Request</h2>
        <p>Invalid input parameter</p>
        <pre id="traceback"></pre>
    <div id="powered_by">
      <span>
        Powered by <a href="http://www.cherrypy.dev">CherryPy 18.8.0</a>
      </span>
    </div>
    </body>
</html>

DEBUG 2025-05-21 03:01:47.635 UTC: 	 Sleeping 50 seconds after HTTP error.
Error:
:  % Total    % Received % Xferd  Average Speed   Time    Time     Time  Current
                                 Dload  Upload   Total   Spent    Left  Speed
  0     0    0     0    0     0      0      0 --:--:-- --:--:-- --:--:--     0*   Trying 188.184.75.82:8443...
* Connected to cmsweb.cern.ch (188.184.75.82) port 8443 (#0)
* ALPN, offering http/1.1
*  CAfile: /etc/pki/tls/certs/ca-bundle.crt
*  CApath: /etc/grid-security/certificates/
* TLSv1.0 (OUT), TLS header, Certificate Status (22):
} [5 bytes data]
* TLSv1.3 (OUT), TLS handshake, Client hello (1):
} [512 bytes data]
* TLSv1.2 (IN), TLS header, Certificate Status (22):
{ [5 bytes data]
* TLSv1.3 (IN), TLS handshake, Server hello (2):
{ [122 bytes data]
* TLSv1.2 (IN), TLS header, Finished (20):
{ [5 bytes data]
* TLSv1.2 (IN), TLS header, Supplemental data (23):
{ [5 bytes data]
* TLSv1.3 (IN), TLS handshake, Encrypted Extensions (8):
{ [21 bytes data]
* TLSv1.2 (IN), TLS header, Supplemental data (23):
{ [5 bytes data]
* TLSv1.3 (IN), TLS handshake, Request CERT (13):
{ [7807 bytes data]
* TLSv1.2 (IN), TLS header, Supplemental data (23):
{ [5 bytes data]
* TLSv1.3 (IN), TLS handshake, Certificate (11):
{ [2064 bytes data]
* TLSv1.2 (IN), TLS header, Supplemental data (23):
{ [5 bytes data]
* TLSv1.3 (IN), TLS handshake, CERT verify (15):
{ [264 bytes data]
* TLSv1.2 (IN), TLS header, Supplemental data (23):
{ [5 bytes data]
* TLSv1.3 (IN), TLS handshake, Finished (20):
{ [36 bytes data]
* TLSv1.2 (OUT), TLS header, Finished (20):
} [5 bytes data]
* TLSv1.3 (OUT), TLS change cipher, Change cipher spec (1):
} [1 bytes data]
* TLSv1.2 (OUT), TLS header, Supplemental data (23):
} [5 bytes data]
* TLSv1.3 (OUT), TLS handshake, Certificate (11):
} [6303 bytes data]
* TLSv1.2 (OUT), TLS header, Supplemental data (23):
} [5 bytes data]
* TLSv1.3 (OUT), TLS handshake, CERT verify (15):
} [264 bytes data]
* TLSv1.2 (OUT), TLS header, Supplemental data (23):
} [5 bytes data]
* TLSv1.3 (OUT), TLS handshake, Finished (20):
} [36 bytes data]
* SSL connection using TLSv1.3 / TLS_AES_128_GCM_SHA256
* ALPN, server accepted to use http/1.1
* Server certificate:
*  subject: DC=ch; DC=cern; OU=computers; CN=cmsweb.cern.ch
*  start date: May  6 09:49:35 2025 GMT
*  expire date: Jun 10 09:49:35 2026 GMT
*  subjectAltName: host "cmsweb.cern.ch" matched cert's "cmsweb.cern.ch"
*  issuer: DC=ch; DC=cern; CN=CERN Grid Certification Authority
*  SSL certificate verify ok.
* TLSv1.2 (OUT), TLS header, Supplemental data (23):
} [5 bytes data]
> PUT /crabserver/prod/workflow HTTP/1.1
> Host: cmsweb.cern.ch:8443
> User-Agent: CRABClient/v3.250409
> Accept: */*
> Content-Length: 1002
> Content-Type: application/x-www-form-urlencoded
> 
} [1002 bytes data]
* TLSv1.2 (IN), TLS header, Supplemental data (23):
{ [5 bytes data]
* TLSv1.3 (IN), TLS handshake, Newsession Ticket (4):
{ [6417 bytes data]
* TLSv1.2 (IN), TLS header, Supplemental data (23):
{ [5 bytes data]
* Mark bundle as not supporting multiuse
< HTTP/1.1 400 Bad Request
< Content-Length: 733
< Content-Type: text/html;charset=utf-8
< Date: Wed, 21 May 2025 03:01:47 GMT
< Response-Proto: HTTP/1.1
< Response-Status: 400 Bad Request
< Response-Status-Code: 400
< Response-Time: 23.1342ms
< Response-Time-Seconds: 0.023136377
< X-Content-Type-Options: bla
< X-Error-Detail: Invalid input parameter
< X-Error-Http: 400
< X-Error-Id: 1e6145c86ab20a3b70201e1592373274
< X-Error-Info: Invalid 'totalunits' parameter
< X-Rest-Status: 302
< X-Rest-Time: 19943.714 us
< 
{ [684 bytes data]
* TLSv1.2 (IN), TLS header, Supplemental data (23):
{ [5 bytes data]
100  1735  100   733  100  1002  18494  25281 --:--:-- --:--:-- --:--:-- 44487
* Connection #0 to host cmsweb.cern.ch left intact
<!DOCTYPE html PUBLIC
"-//W3C//DTD XHTML 1.0 Transitional//EN"
"http://www.w3.org/TR/xhtml1/DTD/xhtml1-transitional.dtd">
<html>
<head>
    <meta http-equiv="Content-Type" content="text/html; charset=utf-8"></meta>
    <title>400 Bad Request</title>
    <style type="text/css">
    #powered_by {
        margin-top: 20px;
        border-top: 2px solid black;
        font-style: italic;
    }

    #traceback {
        color: red;
    }
    </style>
</head>
    <body>
        <h2>400 Bad Request</h2>
        <p>Invalid input parameter</p>
        <pre id="traceback"></pre>
    <div id="powered_by">
      <span>
        Powered by <a href="http://www.cherrypy.dev">CherryPy 18.8.0</a>
      </span>
    </div>
    </body>
</html>

INFO 2025-05-21 03:01:48.067 UTC: 	 Fatal error trying to connect to https://cmsweb.cern.ch:8443/crabserver/prod/workflow using dryrun=0&workflow=crab_RealData_noLFNDirectory_All_v1&saveoutput=1&savelogsflag=1&inputdata=%2FScoutingPFRun3%2FRun2024H-v1%2FHLTSCOUT&nonvaliddata=1&dbsurl=https%3A%2F%2Fcmsweb.cern.ch%2Fdbs%2Fprod%2Fglobal%2FDBSReader&useparent=0&ignorelocality=0&splitalgo=EventAwareLumiBased&algoargs=50000&totalunits=%285000%2C+0%29&publication=0&publishdbsurl=https%3A%2F%2Fcmsweb.cern.ch%2Fdbs%2Fprod%2Fphys03%2FDBSWriter&publishname2=RealData_noLFNDirectory_All_v1&jobtype=Analysis&generator=pythia&maxjobruntime=2000&numcores=1&maxmemory=2000&priority=10&nonprodsw=0&asyncdest=T3_CH_CERNBOX&requireaccelerator=0&oneEventMode=0&ignoreglobalblacklist=0&partialdataset=0&jobarch=el9_amd64_gcc12&jobminuarch=any&jobsw=CMSSW_14_0_18_patch1&cacheurl=https%3A%2F%2Fcmsweb.cern.ch%2FS3%2Fcrabcache_prod&cachefilename=149aeb288c8e15d883a9b4e5f26f7e7a087780c40c66e337ffe04f370d00d347.tar.gz&debugfilename=325a7ce9b642cbae73cfd8f8069e0cc2b1d1830157bc4cb9b255a2cb15f4abbe.tar.gz&tfileoutfiles=DY2M_ScoutingTree_Output.root.
exit code from curl = 0
HTTP code/reason = 400/Bad Request .  stdout:
<!DOCTYPE html PUBLIC
"-//W3C//DTD XHTML 1.0 Transitional//EN"
"http://www.w3.org/TR/xhtml1/DTD/xhtml1-transitional.dtd">
<html>
<head>
    <meta http-equiv="Content-Type" content="text/html; charset=utf-8"></meta>
    <title>400 Bad Request</title>
    <style type="text/css">
    #powered_by {
        margin-top: 20px;
        border-top: 2px solid black;
        font-style: italic;
    }

    #traceback {
        color: red;
    }
    </style>
</head>
    <body>
        <h2>400 Bad Request</h2>
        <p>Invalid input parameter</p>
        <pre id="traceback"></pre>
    <div id="powered_by">
      <span>
        Powered by <a href="http://www.cherrypy.dev">CherryPy 18.8.0</a>
      </span>
    </div>
    </body>
</html>

INFO 2025-05-21 03:01:48.068 UTC: 	 The server answered with an error.
DEBUG 2025-05-21 03:01:48.068 UTC: 	 
INFO 2025-05-21 03:01:48.068 UTC: 	 Server answered with: Invalid input parameter
INFO 2025-05-21 03:01:48.068 UTC: 	 Reason is: Invalid 'Data.totalUnits' parameter
INFO 2025-05-21 03:01:48.068 UTC: 	 Error Id: ce83dac4a2aea93dcf20cbe84ef52188
ERROR 2025-05-21 03:01:48.068 UTC: 	 Caught RESTInterfaceException exception
Traceback (most recent call last):
  File "/cvmfs/cms.cern.ch/share/cms/crab-prod/v3.250409.00/bin/crab.py", line 157, in <module>
    client()
  File "/cvmfs/cms.cern.ch/share/cms/crab-prod/v3.250409.00/bin/crab.py", line 142, in __call__
    returnDict = self.cmd()
  File "/cvmfs/cms.cern.ch/share/cms/crab-prod/v3.250409.00/lib/CRABClient/Commands/submit.py", line 138, in __call__
    dictresult, status, reason = server.put(api=self.defaultApi, data=self.configreq_encoded)
  File "/cvmfs/cms.cern.ch/share/cms/crab-prod/v3.250409.00/lib/CRABClient/RestInterfaces.py", line 287, in put
    return self.server.put(uri, data)
  File "/cvmfs/cms.cern.ch/share/cms/crab-prod/v3.250409.00/lib/CRABClient/RestInterfaces.py", line 133, in put
    return self.makeRequest(uri=uri, data=data, verb='PUT')
  File "/cvmfs/cms.cern.ch/share/cms/crab-prod/v3.250409.00/lib/CRABClient/RestInterfaces.py", line 225, in makeRequest
    raise RESTInterfaceException(stderr)
CRABClient.ClientExceptions.RESTInterfaceException:   % Total    % Received % Xferd  Average Speed   Time    Time     Time  Current
                                 Dload  Upload   Total   Spent    Left  Speed
  0     0    0     0    0     0      0      0 --:--:-- --:--:-- --:--:--     0*   Trying 188.184.75.82:8443...
* Connected to cmsweb.cern.ch (188.184.75.82) port 8443 (#0)
* ALPN, offering http/1.1
*  CAfile: /etc/pki/tls/certs/ca-bundle.crt
*  CApath: /etc/grid-security/certificates/
* TLSv1.0 (OUT), TLS header, Certificate Status (22):
} [5 bytes data]
* TLSv1.3 (OUT), TLS handshake, Client hello (1):
} [512 bytes data]
* TLSv1.2 (IN), TLS header, Certificate Status (22):
{ [5 bytes data]
* TLSv1.3 (IN), TLS handshake, Server hello (2):
{ [122 bytes data]
* TLSv1.2 (IN), TLS header, Finished (20):
{ [5 bytes data]
* TLSv1.2 (IN), TLS header, Supplemental data (23):
{ [5 bytes data]
* TLSv1.3 (IN), TLS handshake, Encrypted Extensions (8):
{ [21 bytes data]
* TLSv1.2 (IN), TLS header, Supplemental data (23):
{ [5 bytes data]
* TLSv1.3 (IN), TLS handshake, Request CERT (13):
{ [7807 bytes data]
* TLSv1.2 (IN), TLS header, Supplemental data (23):
{ [5 bytes data]
* TLSv1.3 (IN), TLS handshake, Certificate (11):
{ [2064 bytes data]
* TLSv1.2 (IN), TLS header, Supplemental data (23):
{ [5 bytes data]
* TLSv1.3 (IN), TLS handshake, CERT verify (15):
{ [264 bytes data]
* TLSv1.2 (IN), TLS header, Supplemental data (23):
{ [5 bytes data]
* TLSv1.3 (IN), TLS handshake, Finished (20):
{ [36 bytes data]
* TLSv1.2 (OUT), TLS header, Finished (20):
} [5 bytes data]
* TLSv1.3 (OUT), TLS change cipher, Change cipher spec (1):
} [1 bytes data]
* TLSv1.2 (OUT), TLS header, Supplemental data (23):
} [5 bytes data]
* TLSv1.3 (OUT), TLS handshake, Certificate (11):
} [6303 bytes data]
* TLSv1.2 (OUT), TLS header, Supplemental data (23):
} [5 bytes data]
* TLSv1.3 (OUT), TLS handshake, CERT verify (15):
} [264 bytes data]
* TLSv1.2 (OUT), TLS header, Supplemental data (23):
} [5 bytes data]
* TLSv1.3 (OUT), TLS handshake, Finished (20):
} [36 bytes data]
* SSL connection using TLSv1.3 / TLS_AES_128_GCM_SHA256
* ALPN, server accepted to use http/1.1
* Server certificate:
*  subject: DC=ch; DC=cern; OU=computers; CN=cmsweb.cern.ch
*  start date: May  6 09:49:35 2025 GMT
*  expire date: Jun 10 09:49:35 2026 GMT
*  subjectAltName: host "cmsweb.cern.ch" matched cert's "cmsweb.cern.ch"
*  issuer: DC=ch; DC=cern; CN=CERN Grid Certification Authority
*  SSL certificate verify ok.
* TLSv1.2 (OUT), TLS header, Supplemental data (23):
} [5 bytes data]
> PUT /crabserver/prod/workflow HTTP/1.1
> Host: cmsweb.cern.ch:8443
> User-Agent: CRABClient/v3.250409
> Accept: */*
> Content-Length: 1002
> Content-Type: application/x-www-form-urlencoded
> 
} [1002 bytes data]
* TLSv1.2 (IN), TLS header, Supplemental data (23):
{ [5 bytes data]
* TLSv1.3 (IN), TLS handshake, Newsession Ticket (4):
{ [6417 bytes data]
* TLSv1.2 (IN), TLS header, Supplemental data (23):
{ [5 bytes data]
* Mark bundle as not supporting multiuse
< HTTP/1.1 400 Bad Request
< Content-Length: 733
< Content-Type: text/html;charset=utf-8
< Date: Wed, 21 May 2025 03:01:48 GMT
< Response-Proto: HTTP/1.1
< Response-Status: 400 Bad Request
< Response-Status-Code: 400
< Response-Time: 397.877468ms
< Response-Time-Seconds: 0.397879181
< X-Content-Type-Options: bla
< X-Error-Detail: Invalid input parameter
< X-Error-Http: 400
< X-Error-Id: ce83dac4a2aea93dcf20cbe84ef52188
< X-Error-Info: Invalid 'totalunits' parameter
< X-Rest-Status: 302
< X-Rest-Time: 394289.494 us
< 
{ [680 bytes data]
 96  1735   92   680  100  1002   1643   2421 --:--:-- --:--:-- --:--:--  4062* TLSv1.2 (IN), TLS header, Supplemental data (23):
{ [5 bytes data]
100  1735  100   733  100  1002   1771   2420 --:--:-- --:--:-- --:--:--  4190
* Connection #0 to host cmsweb.cern.ch left intact
<!DOCTYPE html PUBLIC
"-//W3C//DTD XHTML 1.0 Transitional//EN"
"http://www.w3.org/TR/xhtml1/DTD/xhtml1-transitional.dtd">
<html>
<head>
    <meta http-equiv="Content-Type" content="text/html; charset=utf-8"></meta>
    <title>400 Bad Request</title>
    <style type="text/css">
    #powered_by {
        margin-top: 20px;
        border-top: 2px solid black;
        font-style: italic;
    }

    #traceback {
        color: red;
    }
    </style>
</head>
    <body>
        <h2>400 Bad Request</h2>
        <p>Invalid input parameter</p>
        <pre id="traceback"></pre>
    <div id="powered_by">
      <span>
        Powered by <a href="http://www.cherrypy.dev">CherryPy 18.8.0</a>
      </span>
    </div>
    </body>
</html>

