DEBUG 2025-11-03 19:05:45.644 UTC: 	 CRAB Client version: v3.251020
DEBUG 2025-11-03 19:05:45.645 UTC: 	 Running on: Linux lxplus924.cern.ch 5.14.0-570.55.1.el9_6.x86_64 #1 SMP PREEMPT_DYNAMIC Tue Oct 14 01:03:55 EDT 2025 x86_64 x86_64 x86_64 GNU/Linux
DEBUG 2025-11-03 19:05:45.645 UTC: 	 Not using Singularity
DEBUG 2025-11-03 19:05:45.645 UTC: 	 Operating System: Red Hat Enterprise Linux 9.6 (Plow)
DEBUG 2025-11-03 19:05:45.645 UTC: 	 Executing command: 'submit'
DEBUG 2025-11-03 19:05:45.645 UTC: 	 Found CRAB cache file /afs/cern.ch/user/a/amalhotr/.crab3
INFO 2025-11-03 19:05:45.645 UTC: 	 Will use CRAB configuration file chainedCrabConfig.py
DEBUG 2025-11-03 19:05:45.646 UTC: 	 Loading CRAB configuration file.
DEBUG 2025-11-03 19:05:45.654 UTC: 	 Will use CRAB plugin ANALYSIS (i.e. will run an analysis job type).
DEBUG 2025-11-03 19:05:45.719 UTC: 	 Checking credentials
DEBUG 2025-11-03 19:05:45.719 UTC: 	 Found proxy file /tmp/x509up_u180451
DEBUG 2025-11-03 19:05:45.719 UTC: 	 Making sure it has proper VOMS extension
DEBUG 2025-11-03 19:05:45.719 UTC: 	 Executing command :
 voms-proxy-info --vo --file /tmp/x509up_u180451
DEBUG 2025-11-03 19:05:45.747 UTC: 	 output : cms

 error: 
 retcode : 0
DEBUG 2025-11-03 19:05:45.747 UTC: 	 Getting proxy life time left
DEBUG 2025-11-03 19:05:45.747 UTC: 	 Executing command :
 voms-proxy-info --actimeleft --timeleft --file /tmp/x509up_u180451
DEBUG 2025-11-03 19:05:45.774 UTC: 	 output : 687449
687449

 error: 
 retcode : 0
DEBUG 2025-11-03 19:05:45.774 UTC: 	 Proxy valid for 190:57:29 hours
DEBUG 2025-11-03 19:05:45.774 UTC: 	 Encoded data for curl request: subresource=delegatedn
DEBUG 2025-11-03 19:05:45.823 UTC: 	 Registering user credentials on myproxy for /DC=ch/DC=cern/OU=Organic Units/OU=Users/CN=cmscrab/CN=(817881|373708)/CN=Robot: cms crab|/DC=ch/DC=cern/OU=Organic Units/OU=Users/CN=crabint1/CN=373708/CN=Robot: CMS CRAB Integration 1
DEBUG 2025-11-03 19:05:45.824 UTC: 	 Executing command :
 voms-proxy-info --identity --file /tmp/x509up_u180451
DEBUG 2025-11-03 19:05:45.851 UTC: 	 output : /DC=ch/DC=cern/OU=Organic Units/OU=Users/CN=amalhotr/CN=884837/CN=Aryan Malhotra

 error: 
 retcode : 0
DEBUG 2025-11-03 19:05:45.851 UTC: 	 Getting myproxy life time left for 2382a3cf28fdeacb1de9b039908761ea517a5ed6
DEBUG 2025-11-03 19:05:45.851 UTC: 	 Executing command :
 myproxy-info -s myproxy.cern.ch -l 2382a3cf28fdeacb1de9b039908761ea517a5ed6
DEBUG 2025-11-03 19:05:46.147 UTC: 	 output : username: 2382a3cf28fdeacb1de9b039908761ea517a5ed6
owner: /DC=ch/DC=cern/OU=Organic Units/OU=Users/CN=amalhotr/CN=884837/CN=Aryan Malhotra
  renewal policy: /DC=ch/DC=cern/OU=Organic Units/OU=Users/CN=cmscrab/CN=(817881|373708)/CN=Robot: cms crab|/DC=ch/DC=cern/OU=Organic Units/OU=Users/CN=crabint1/CN=373708/CN=Robot: CMS CRAB Integration 1
  trusted retrieval policy: /DC=ch/DC=cern/OU=Organic Units/OU=Users/CN=cmscrab/CN=(817881|373708)/CN=Robot: cms crab|/DC=ch/DC=cern/OU=Organic Units/OU=Users/CN=crabint1/CN=373708/CN=Robot: CMS CRAB Integration 1
  timeleft: 603:43:29  (25.2 days)

 error: 
 retcode : 0
DEBUG 2025-11-03 19:05:46.147 UTC: 	 Myproxy is valid: 2173380
DEBUG 2025-11-03 19:05:46.148 UTC: 	 Result of myproxy credential check:
  Credential exists on myproxy: username: 2382a3cf28fdeacb1de9b039908761ea517a5ed6  - validity: 25 days, 3:43:00
DEBUG 2025-11-03 19:05:46.148 UTC: 	 Command use: submit
DEBUG 2025-11-03 19:05:46.148 UTC: 	 Options use: ['-c', 'chainedCrabConfig.py']
DEBUG 2025-11-03 19:05:46.148 UTC: 	 Encoded data for curl request: subresource=version
DEBUG 2025-11-03 19:05:46.192 UTC: 	 CRABClient version: v3.251020
DEBUG 2025-11-03 19:05:46.192 UTC: 	 Instance is prod
DEBUG 2025-11-03 19:05:46.192 UTC: 	 Server base url is cmsweb.cern.ch
DEBUG 2025-11-03 19:05:46.192 UTC: 	 Command api workflow
DEBUG 2025-11-03 19:05:46.192 UTC: 	 Started submission
DEBUG 2025-11-03 19:05:46.192 UTC: 	 Working on /afs/cern.ch/user/a/amalhotr/CMSSW_14_0_18_patch1/src/Run3ScoutingAnalysisTools/crab_ScoutingData_Redone_4mod10_v4
DEBUG 2025-11-03 19:05:46.224 UTC: 	 Loading required information from the environment
DEBUG 2025-11-03 19:05:46.224 UTC: 	 Found CMSSW_14_0_18_patch1 for el9_amd64_gcc12 with base /afs/cern.ch/user/a/amalhotr/CMSSW_14_0_18_patch1
DEBUG 2025-11-03 19:05:46.224 UTC: 	 Loading required information from the environment
DEBUG 2025-11-03 19:05:46.224 UTC: 	 Found CMSSW_14_0_18_patch1 for el9_amd64_gcc12 with base /afs/cern.ch/user/a/amalhotr/CMSSW_14_0_18_patch1
DEBUG 2025-11-03 19:05:46.225 UTC: 	 UNIQUE NAME: tarUUID 12dc4b31-5419-46c2-b0ea-f5dc7bf11172 
DEBUG 2025-11-03 19:05:46.225 UTC: 	 self.config: from WMCore.Configuration import Configuration
config = Configuration()
config.section_('General')
config.General.transferOutputs = True
config.General.transferLogs = True
config.General.requestName = 'ScoutingData_Redone_4mod10_v4'
config.section_('JobType')
config.JobType.maxMemoryMB = 3000
config.JobType.outputFiles = ['ScoutingTree_Output.root']
config.JobType.maxJobRuntimeMin = 2750
config.JobType.pluginName = 'Analysis'
config.JobType.psetName = 'UnifiedScoutingVertexingTreeMaker.py'
config.section_('Data')
config.Data.inputDataset = '/ScoutingPFRun3/Run2024H-v1/HLTSCOUT'
config.Data.splitting = 'FileBased'
config.Data.outputDatasetTag = 'ScoutingData_Redone_4mod10_v4'
config.Data.unitsPerJob = 2
config.Data.allowNonValidInputDataset = True
config.Data.publication = False
config.Data.inputDBS = 'global'
config.section_('Site')
config.Site.storageSite = 'T3_CH_CERNBOX'
config.section_('User')
config.section_('Debug')

DEBUG 2025-11-03 19:05:46.225 UTC: 	 self.config.JobType.psetName: UnifiedScoutingVertexingTreeMaker.py
INFO 2025-11-03 19:05:46.225 UTC: 	 Importing CMSSW configuration UnifiedScoutingVertexingTreeMaker.py
INFO 2025-11-03 19:05:46.708 UTC: 	 Finished importing CMSSW configuration UnifiedScoutingVertexingTreeMaker.py
DEBUG 2025-11-03 19:05:46.709 UTC: 	 Writing CMSSW configuration to /afs/cern.ch/user/a/amalhotr/CMSSW_14_0_18_patch1/src/Run3ScoutingAnalysisTools/crab_ScoutingData_Redone_4mod10_v4/inputs/PSet.py
DEBUG 2025-11-03 19:05:46.764 UTC: 	 The following EDM output files will be collected: []
DEBUG 2025-11-03 19:05:46.764 UTC: 	 The following TFile output files will be collected: ['ScoutingTree_Output.root']
DEBUG 2025-11-03 19:05:46.764 UTC: 	 The following user output files (not listed as PoolOuputModule or TFileService in the CMSSW PSet) will be collected: 
DEBUG 2025-11-03 19:05:46.764 UTC: 	 Loading required information from the environment
DEBUG 2025-11-03 19:05:46.764 UTC: 	 Found CMSSW_14_0_18_patch1 for el9_amd64_gcc12 with base /afs/cern.ch/user/a/amalhotr/CMSSW_14_0_18_patch1
DEBUG 2025-11-03 19:05:46.764 UTC: 	 Making tarball in /afs/cern.ch/user/a/amalhotr/CMSSW_14_0_18_patch1/src/Run3ScoutingAnalysisTools/crab_ScoutingData_Redone_4mod10_v4/inputs/12dc4b31-5419-46c2-b0ea-f5dc7bf11172default.tgz
DEBUG 2025-11-03 19:05:46.778 UTC: 	 Checking directory /afs/cern.ch/user/a/amalhotr/CMSSW_14_0_18_patch1/bin
DEBUG 2025-11-03 19:05:46.778 UTC: 	 Adding directory /afs/cern.ch/user/a/amalhotr/CMSSW_14_0_18_patch1/bin to tarball
DEBUG 2025-11-03 19:05:46.784 UTC: 	 Checking directory /afs/cern.ch/user/a/amalhotr/CMSSW_14_0_18_patch1/python
DEBUG 2025-11-03 19:05:46.784 UTC: 	 Adding directory /afs/cern.ch/user/a/amalhotr/CMSSW_14_0_18_patch1/python to tarball
DEBUG 2025-11-03 19:05:47.303 UTC: 	 Checking directory /afs/cern.ch/user/a/amalhotr/CMSSW_14_0_18_patch1/cfipython
DEBUG 2025-11-03 19:05:47.303 UTC: 	 Adding directory /afs/cern.ch/user/a/amalhotr/CMSSW_14_0_18_patch1/cfipython to tarball
DEBUG 2025-11-03 19:05:47.323 UTC: 	 Checking directory /afs/cern.ch/user/a/amalhotr/CMSSW_14_0_18_patch1/lib
DEBUG 2025-11-03 19:05:47.323 UTC: 	 Adding directory /afs/cern.ch/user/a/amalhotr/CMSSW_14_0_18_patch1/lib to tarball
DEBUG 2025-11-03 19:05:47.460 UTC: 	 Checking directory /afs/cern.ch/user/a/amalhotr/CMSSW_14_0_18_patch1/biglib
DEBUG 2025-11-03 19:05:47.460 UTC: 	 Adding directory /afs/cern.ch/user/a/amalhotr/CMSSW_14_0_18_patch1/biglib to tarball
DEBUG 2025-11-03 19:05:47.462 UTC: 	 Checking directory /afs/cern.ch/user/a/amalhotr/CMSSW_14_0_18_patch1/module
DEBUG 2025-11-03 19:05:47.462 UTC: 	 Checking directory /afs/cern.ch/user/a/amalhotr/CMSSW_14_0_18_patch1/config/SCRAM/hooks
DEBUG 2025-11-03 19:05:47.462 UTC: 	 Adding directory /afs/cern.ch/user/a/amalhotr/CMSSW_14_0_18_patch1/config/SCRAM/hooks to tarball
DEBUG 2025-11-03 19:05:47.492 UTC: 	 Adding directory /afs/cern.ch/user/a/amalhotr/CMSSW_14_0_18_patch1/src/Run3ScoutingAnalysisTools/DataFormats/Scouting/interface to tarball
DEBUG 2025-11-03 19:05:47.510 UTC: 	 Adding directory /afs/cern.ch/user/a/amalhotr/CMSSW_14_0_18_patch1/src/Run3ScoutingAnalysisTools/ScoutingTreeMakerRun3/python to tarball
DEBUG 2025-11-03 19:05:47.540 UTC: 	 Adding directory /afs/cern.ch/user/a/amalhotr/CMSSW_14_0_18_patch1/src/DataFormats/Scouting/interface to tarball
DEBUG 2025-11-03 19:05:47.566 UTC: 	 Adding directory /afs/cern.ch/user/a/amalhotr/CMSSW_14_0_18_patch1/src/Configuration/GenProduction/python to tarball
DEBUG 2025-11-03 19:05:47.674 UTC: 	 Uploading archive /afs/cern.ch/user/a/amalhotr/CMSSW_14_0_18_patch1/src/Run3ScoutingAnalysisTools/crab_ScoutingData_Redone_4mod10_v4/inputs/12dc4b31-5419-46c2-b0ea-f5dc7bf11172default.tgz (489 KB) to the CRAB cache.
DEBUG 2025-11-03 19:05:48.003 UTC: 	 Encoded data for curl request: subresource=upload&objecttype=sandbox&tarballname=9ef0bef09b098a637a190fe4bc9c0485037b80cb0c42dbe5ad20a140b586a541.tar.gz
DEBUG 2025-11-03 19:05:48.062 UTC: 	 Will execute:
curl -f -v -X POST  -H "User-Agent: CRAB" -F "key=amalhotr/sandboxes/9ef0bef09b098a637a190fe4bc9c0485037b80cb0c42dbe5ad20a140b586a541.tar.gz" -F "AWSAccessKeyId=715203df6482458ba839e73e6dab634b" -F "policy=eyJleHBpcmF0aW9uIjogIjIwMjUtMTEtMDNUMjA6MDU6NDhaIiwgImNvbmRpdGlvbnMiOiBbeyJidWNrZXQiOiAiY3JhYmNhY2hlX3Byb2QifSwgeyJrZXkiOiAiYW1hbGhvdHIvc2FuZGJveGVzLzllZjBiZWYwOWIwOThhNjM3YTE5MGZlNGJjOWMwNDg1MDM3YjgwY2IwYzQyZGJlNWFkMjBhMTQwYjU4NmE1NDEudGFyLmd6In1dfQ==" -F "signature=3xcf7AU8J6+LPieJHcFf4QLikO8=" -F "file=@/afs/cern.ch/user/a/amalhotr/CMSSW_14_0_18_patch1/src/Run3ScoutingAnalysisTools/crab_ScoutingData_Redone_4mod10_v4/inputs/12dc4b31-5419-46c2-b0ea-f5dc7bf11172default.tgz" "https://s3.cern.ch/crabcache_prod"
DEBUG 2025-11-03 19:05:48.132 UTC: 	 exitcode: 0
stdout: b''
DEBUG 2025-11-03 19:05:48.132 UTC: 	 upload to S3 of sandbox /afs/cern.ch/user/a/amalhotr/CMSSW_14_0_18_patch1/src/Run3ScoutingAnalysisTools/crab_ScoutingData_Redone_4mod10_v4/inputs/12dc4b31-5419-46c2-b0ea-f5dc7bf11172default.tgz completed
DEBUG 2025-11-03 19:05:48.132 UTC: 	 make sure that object is ready for retrieve
DEBUG 2025-11-03 19:05:49.134 UTC: 	 Encoded data for curl request: subresource=download&objecttype=sandbox&tarballname=9ef0bef09b098a637a190fe4bc9c0485037b80cb0c42dbe5ad20a140b586a541.tar.gz&clientmethod=head_object
DEBUG 2025-11-03 19:05:49.192 UTC: 	 PreSignedUrl to download sandbox received OK
DEBUG 2025-11-03 19:05:49.197 UTC: 	 Will execute:
 curl -v -s -f -o /dev/null --head  "https://s3.cern.ch/crabcache_prod/amalhotr/sandboxes/9ef0bef09b098a637a190fe4bc9c0485037b80cb0c42dbe5ad20a140b586a541.tar.gz?AWSAccessKeyId=715203df6482458ba839e73e6dab634b&Signature=EM%2FvTnbRjrgy%2BEECDC5sf%2FEWoyo%3D&Expires=1762200349"
DEBUG 2025-11-03 19:05:49.227 UTC: 	 exitcode: 0
stdout: b''
DEBUG 2025-11-03 19:05:49.227 UTC: 	 sandbox /afs/cern.ch/user/a/amalhotr/CMSSW_14_0_18_patch1/src/Run3ScoutingAnalysisTools/crab_ScoutingData_Redone_4mod10_v4/inputs/12dc4b31-5419-46c2-b0ea-f5dc7bf11172default.tgz successfully uploaded to S3
DEBUG 2025-11-03 19:05:49.227 UTC: 	 Loading required information from the environment
DEBUG 2025-11-03 19:05:49.227 UTC: 	 Found CMSSW_14_0_18_patch1 for el9_amd64_gcc12 with base /afs/cern.ch/user/a/amalhotr/CMSSW_14_0_18_patch1
DEBUG 2025-11-03 19:05:49.227 UTC: 	 Making tarball in /afs/cern.ch/user/a/amalhotr/CMSSW_14_0_18_patch1/src/Run3ScoutingAnalysisTools/crab_ScoutingData_Redone_4mod10_v4/inputs/debugFiles.tgz
DEBUG 2025-11-03 19:05:49.239 UTC: 	 Uploading archive /afs/cern.ch/user/a/amalhotr/CMSSW_14_0_18_patch1/src/Run3ScoutingAnalysisTools/crab_ScoutingData_Redone_4mod10_v4/inputs/debugFiles.tgz (4 KB) to the CRAB cache.
DEBUG 2025-11-03 19:05:49.242 UTC: 	 Encoded data for curl request: subresource=upload&objecttype=sandbox&tarballname=882841e37fa7ca12eb15e27538e9f66cf7e25ee0cdd833d3f0978c0ff14be7d9.tar.gz
DEBUG 2025-11-03 19:05:49.319 UTC: 	 Will execute:
curl -f -v -X POST  -H "User-Agent: CRAB" -F "key=amalhotr/sandboxes/882841e37fa7ca12eb15e27538e9f66cf7e25ee0cdd833d3f0978c0ff14be7d9.tar.gz" -F "AWSAccessKeyId=715203df6482458ba839e73e6dab634b" -F "policy=eyJleHBpcmF0aW9uIjogIjIwMjUtMTEtMDNUMjA6MDU6NDlaIiwgImNvbmRpdGlvbnMiOiBbeyJidWNrZXQiOiAiY3JhYmNhY2hlX3Byb2QifSwgeyJrZXkiOiAiYW1hbGhvdHIvc2FuZGJveGVzLzg4Mjg0MWUzN2ZhN2NhMTJlYjE1ZTI3NTM4ZTlmNjZjZjdlMjVlZTBjZGQ4MzNkM2YwOTc4YzBmZjE0YmU3ZDkudGFyLmd6In1dfQ==" -F "signature=5B4Kqv40ZqsRYWh0b4X2cW7HO8Y=" -F "file=@/afs/cern.ch/user/a/amalhotr/CMSSW_14_0_18_patch1/src/Run3ScoutingAnalysisTools/crab_ScoutingData_Redone_4mod10_v4/inputs/debugFiles.tgz" "https://s3.cern.ch/crabcache_prod"
DEBUG 2025-11-03 19:05:49.367 UTC: 	 exitcode: 0
stdout: b''
DEBUG 2025-11-03 19:05:49.367 UTC: 	 upload to S3 of sandbox /afs/cern.ch/user/a/amalhotr/CMSSW_14_0_18_patch1/src/Run3ScoutingAnalysisTools/crab_ScoutingData_Redone_4mod10_v4/inputs/debugFiles.tgz completed
DEBUG 2025-11-03 19:05:49.367 UTC: 	 make sure that object is ready for retrieve
DEBUG 2025-11-03 19:05:50.368 UTC: 	 Encoded data for curl request: subresource=download&objecttype=sandbox&tarballname=882841e37fa7ca12eb15e27538e9f66cf7e25ee0cdd833d3f0978c0ff14be7d9.tar.gz&clientmethod=head_object
DEBUG 2025-11-03 19:05:50.413 UTC: 	 PreSignedUrl to download sandbox received OK
DEBUG 2025-11-03 19:05:50.417 UTC: 	 Will execute:
 curl -v -s -f -o /dev/null --head  "https://s3.cern.ch/crabcache_prod/amalhotr/sandboxes/882841e37fa7ca12eb15e27538e9f66cf7e25ee0cdd833d3f0978c0ff14be7d9.tar.gz?AWSAccessKeyId=715203df6482458ba839e73e6dab634b&Signature=g0Sc3ubYooX2fYYrDxsNvMfY08k%3D&Expires=1762200350"
DEBUG 2025-11-03 19:05:50.454 UTC: 	 exitcode: 0
stdout: b''
DEBUG 2025-11-03 19:05:50.454 UTC: 	 sandbox /afs/cern.ch/user/a/amalhotr/CMSSW_14_0_18_patch1/src/Run3ScoutingAnalysisTools/crab_ScoutingData_Redone_4mod10_v4/inputs/debugFiles.tgz successfully uploaded to S3
DEBUG 2025-11-03 19:05:50.455 UTC: 	 Result uploading input files: 9ef0bef09b098a637a190fe4bc9c0485037b80cb0c42dbe5ad20a140b586a541.tar.gz 
DEBUG 2025-11-03 19:05:50.455 UTC: 	 submit() - self.configuration from WMCore.Configuration import Configuration
config = Configuration()
config.section_('General')
config.General.transferOutputs = True
config.General.transferLogs = True
config.General.requestName = 'ScoutingData_Redone_4mod10_v4'
config.section_('JobType')
config.JobType.maxMemoryMB = 3000
config.JobType.outputFiles = ['ScoutingTree_Output.root']
config.JobType.maxJobRuntimeMin = 2750
config.JobType.pluginName = 'Analysis'
config.JobType.psetName = 'UnifiedScoutingVertexingTreeMaker.py'
config.section_('Data')
config.Data.inputDataset = '/ScoutingPFRun3/Run2024H-v1/HLTSCOUT'
config.Data.splitting = 'FileBased'
config.Data.outputDatasetTag = 'ScoutingData_Redone_4mod10_v4'
config.Data.unitsPerJob = 2
config.Data.allowNonValidInputDataset = True
config.Data.publication = False
config.Data.inputDBS = 'global'
config.section_('Site')
config.Site.storageSite = 'T3_CH_CERNBOX'
config.section_('User')
config.section_('Debug')

DEBUG 2025-11-03 19:05:50.455 UTC: 	 submit() - self.configreq {'dryrun': 0, 'workflow': 'crab_ScoutingData_Redone_4mod10_v4', 'saveoutput': 1, 'savelogsflag': 1, 'inputdata': '/ScoutingPFRun3/Run2024H-v1/HLTSCOUT', 'nonvaliddata': 1, 'userfiles': [], 'dbsurl': 'https://cmsweb.cern.ch/dbs/prod/global/DBSReader', 'useparent': 0, 'ignorelocality': 0, 'splitalgo': 'FileBased', 'algoargs': 2, 'totalunits': 0, 'publication': 0, 'publishdbsurl': 'https://cmsweb.cern.ch/dbs/prod/phys03/DBSWriter', 'publishname2': 'ScoutingData_Redone_4mod10_v4', 'jobtype': 'Analysis', 'generator': 'pythia', 'addoutputfiles': ['ScoutingTree_Output.root'], 'maxjobruntime': 2750, 'numcores': 1, 'maxmemory': 3000, 'priority': 10, 'nonprodsw': 0, 'asyncdest': 'T3_CH_CERNBOX', 'requireaccelerator': 0, 'oneEventMode': 0, 'extrajdl': [], 'ignoreglobalblacklist': 0, 'partialdataset': 0, 'inputblocks': []}
DEBUG 2025-11-03 19:05:50.455 UTC: 	 submit() - jobconfig {'addoutputfiles': [], 'tfileoutfiles': ['ScoutingTree_Output.root'], 'edmoutfiles': [], 'jobarch': 'el9_amd64_gcc12', 'jobminuarch': 'any', 'jobsw': 'CMSSW_14_0_18_patch1', 'inputdata': '/ScoutingPFRun3/Run2024H-v1/HLTSCOUT', 'cachefilename': '9ef0bef09b098a637a190fe4bc9c0485037b80cb0c42dbe5ad20a140b586a541.tar.gz', 'debugfilename': '882841e37fa7ca12eb15e27538e9f66cf7e25ee0cdd833d3f0978c0ff14be7d9.tar.gz', 'jobtype': 'Analysis'}
INFO 2025-11-03 19:05:50.455 UTC: 	 Sending the request to the server at cmsweb.cern.ch
DEBUG 2025-11-03 19:05:50.455 UTC: 	 Submitting {'dryrun': 0, 'workflow': 'crab_ScoutingData_Redone_4mod10_v4', 'saveoutput': 1, 'savelogsflag': 1, 'inputdata': '/ScoutingPFRun3/Run2024H-v1/HLTSCOUT', 'nonvaliddata': 1, 'userfiles': [], 'dbsurl': 'https://cmsweb.cern.ch/dbs/prod/global/DBSReader', 'useparent': 0, 'ignorelocality': 0, 'splitalgo': 'FileBased', 'algoargs': 2, 'totalunits': 0, 'publication': 0, 'publishdbsurl': 'https://cmsweb.cern.ch/dbs/prod/phys03/DBSWriter', 'publishname2': 'ScoutingData_Redone_4mod10_v4', 'jobtype': 'Analysis', 'generator': 'pythia', 'addoutputfiles': [], 'maxjobruntime': 2750, 'numcores': 1, 'maxmemory': 3000, 'priority': 10, 'nonprodsw': 0, 'asyncdest': 'T3_CH_CERNBOX', 'requireaccelerator': 0, 'oneEventMode': 0, 'extrajdl': [], 'ignoreglobalblacklist': 0, 'partialdataset': 0, 'inputblocks': [], 'tfileoutfiles': ['ScoutingTree_Output.root'], 'edmoutfiles': [], 'jobarch': 'el9_amd64_gcc12', 'jobminuarch': 'any', 'jobsw': 'CMSSW_14_0_18_patch1', 'cachefilename': '9ef0bef09b098a637a190fe4bc9c0485037b80cb0c42dbe5ad20a140b586a541.tar.gz', 'debugfilename': '882841e37fa7ca12eb15e27538e9f66cf7e25ee0cdd833d3f0978c0ff14be7d9.tar.gz'} 
DEBUG 2025-11-03 19:05:50.456 UTC: 	 Encoded data for curl request: dryrun=0&workflow=crab_ScoutingData_Redone_4mod10_v4&saveoutput=1&savelogsflag=1&inputdata=%2FScoutingPFRun3%2FRun2024H-v1%2FHLTSCOUT&nonvaliddata=1&dbsurl=https%3A%2F%2Fcmsweb.cern.ch%2Fdbs%2Fprod%2Fglobal%2FDBSReader&useparent=0&ignorelocality=0&splitalgo=FileBased&algoargs=2&totalunits=0&publication=0&publishdbsurl=https%3A%2F%2Fcmsweb.cern.ch%2Fdbs%2Fprod%2Fphys03%2FDBSWriter&publishname2=ScoutingData_Redone_4mod10_v4&jobtype=Analysis&generator=pythia&maxjobruntime=2750&numcores=1&maxmemory=3000&priority=10&nonprodsw=0&asyncdest=T3_CH_CERNBOX&requireaccelerator=0&oneEventMode=0&ignoreglobalblacklist=0&partialdataset=0&jobarch=el9_amd64_gcc12&jobminuarch=any&jobsw=CMSSW_14_0_18_patch1&cachefilename=9ef0bef09b098a637a190fe4bc9c0485037b80cb0c42dbe5ad20a140b586a541.tar.gz&debugfilename=882841e37fa7ca12eb15e27538e9f66cf7e25ee0cdd833d3f0978c0ff14be7d9.tar.gz&tfileoutfiles=ScoutingTree_Output.root
DEBUG 2025-11-03 19:05:50.782 UTC: 	 Result: {'result': [{'RequestName': '251103_190550:amalhotr_crab_ScoutingData_Redone_4mod10_v4'}]}
INFO 2025-11-03 19:05:50.786 UTC: 	 Success: Your task has been delivered to the prod CRAB3 server.
INFO 2025-11-03 19:05:50.786 UTC: 	 Task name: 251103_190550:amalhotr_crab_ScoutingData_Redone_4mod10_v4
INFO 2025-11-03 19:05:50.786 UTC: 	 Project dir: ./crab_ScoutingData_Redone_4mod10_v4
INFO 2025-11-03 19:05:50.786 UTC: 	 Please use ' crab status -d ./crab_ScoutingData_Redone_4mod10_v4 ' to check how the submission process proceeds.
DEBUG 2025-11-03 19:05:50.786 UTC: 	 About to return
INFO 2025-11-03 19:05:50.802 UTC: 	 Log file is /afs/cern.ch/user/a/amalhotr/CMSSW_14_0_18_patch1/src/Run3ScoutingAnalysisTools/crab_ScoutingData_Redone_4mod10_v4/crab.log
DEBUG 2025-11-04 18:11:58.993 UTC: 	 CRAB Client version: v3.251020
DEBUG 2025-11-04 18:11:58.993 UTC: 	 Running on: Linux lxplus969.cern.ch 5.14.0-570.49.1.el9_6.x86_64 #1 SMP PREEMPT_DYNAMIC Tue Sep 23 01:11:18 EDT 2025 x86_64 x86_64 x86_64 GNU/Linux
DEBUG 2025-11-04 18:11:58.994 UTC: 	 Not using Singularity
DEBUG 2025-11-04 18:11:58.994 UTC: 	 Operating System: Red Hat Enterprise Linux 9.6 (Plow)
DEBUG 2025-11-04 18:11:58.994 UTC: 	 Executing command: 'kill'
DEBUG 2025-11-04 18:11:58.994 UTC: 	 Found CRAB cache file /afs/cern.ch/user/a/amalhotr/.crab3
DEBUG 2025-11-04 18:11:59.191 UTC: 	 Checking credentials
DEBUG 2025-11-04 18:11:59.191 UTC: 	 Found proxy file /tmp/x509up_u180451
DEBUG 2025-11-04 18:11:59.191 UTC: 	 Making sure it has proper VOMS extension
DEBUG 2025-11-04 18:11:59.191 UTC: 	 Executing command :
 voms-proxy-info --vo --file /tmp/x509up_u180451
DEBUG 2025-11-04 18:11:59.217 UTC: 	 output : cms

 error: 
 retcode : 0
DEBUG 2025-11-04 18:11:59.217 UTC: 	 Getting proxy life time left
DEBUG 2025-11-04 18:11:59.217 UTC: 	 Executing command :
 voms-proxy-info --actimeleft --timeleft --file /tmp/x509up_u180451
DEBUG 2025-11-04 18:11:59.245 UTC: 	 output : 689742
689742

 error: 
 retcode : 0
DEBUG 2025-11-04 18:11:59.245 UTC: 	 Proxy valid for 191:35:42 hours
DEBUG 2025-11-04 18:11:59.246 UTC: 	 Encoded data for curl request: subresource=delegatedn
DEBUG 2025-11-04 18:11:59.295 UTC: 	 Registering user credentials on myproxy for /DC=ch/DC=cern/OU=Organic Units/OU=Users/CN=cmscrab/CN=(817881|373708)/CN=Robot: cms crab|/DC=ch/DC=cern/OU=Organic Units/OU=Users/CN=crabint1/CN=373708/CN=Robot: CMS CRAB Integration 1
DEBUG 2025-11-04 18:11:59.295 UTC: 	 Executing command :
 voms-proxy-info --identity --file /tmp/x509up_u180451
DEBUG 2025-11-04 18:11:59.321 UTC: 	 output : /DC=ch/DC=cern/OU=Organic Units/OU=Users/CN=amalhotr/CN=884837/CN=Aryan Malhotra

 error: 
 retcode : 0
DEBUG 2025-11-04 18:11:59.321 UTC: 	 Getting myproxy life time left for 2382a3cf28fdeacb1de9b039908761ea517a5ed6
DEBUG 2025-11-04 18:11:59.321 UTC: 	 Executing command :
 myproxy-info -s myproxy.cern.ch -l 2382a3cf28fdeacb1de9b039908761ea517a5ed6
DEBUG 2025-11-04 18:11:59.607 UTC: 	 output : username: 2382a3cf28fdeacb1de9b039908761ea517a5ed6
owner: /DC=ch/DC=cern/OU=Organic Units/OU=Users/CN=amalhotr/CN=884837/CN=Aryan Malhotra
  renewal policy: /DC=ch/DC=cern/OU=Organic Units/OU=Users/CN=cmscrab/CN=(817881|373708)/CN=Robot: cms crab|/DC=ch/DC=cern/OU=Organic Units/OU=Users/CN=crabint1/CN=373708/CN=Robot: CMS CRAB Integration 1
  trusted retrieval policy: /DC=ch/DC=cern/OU=Organic Units/OU=Users/CN=cmscrab/CN=(817881|373708)/CN=Robot: cms crab|/DC=ch/DC=cern/OU=Organic Units/OU=Users/CN=crabint1/CN=373708/CN=Robot: CMS CRAB Integration 1
  timeleft: 580:37:16  (24.2 days)

 error: 
 retcode : 0
DEBUG 2025-11-04 18:11:59.607 UTC: 	 Myproxy is valid: 2090220
DEBUG 2025-11-04 18:11:59.607 UTC: 	 Result of myproxy credential check:
  Credential exists on myproxy: username: 2382a3cf28fdeacb1de9b039908761ea517a5ed6  - validity: 24 days, 4:37:00
DEBUG 2025-11-04 18:11:59.608 UTC: 	 Command use: kill
DEBUG 2025-11-04 18:11:59.608 UTC: 	 Options use: ['-d', 'crab_ScoutingData_Redone_4mod10_v4']
DEBUG 2025-11-04 18:11:59.608 UTC: 	 Encoded data for curl request: subresource=version
DEBUG 2025-11-04 18:11:59.659 UTC: 	 CRABClient version: v3.251020
DEBUG 2025-11-04 18:11:59.659 UTC: 	 Instance is prod
DEBUG 2025-11-04 18:11:59.659 UTC: 	 Server base url is cmsweb.cern.ch
DEBUG 2025-11-04 18:11:59.659 UTC: 	 Command api workflow
DEBUG 2025-11-04 18:11:59.659 UTC: 	 Killing task 251103_190550:amalhotr_crab_ScoutingData_Redone_4mod10_v4
DEBUG 2025-11-04 18:11:59.659 UTC: 	 Encoded data for curl request: workflow=251103_190550%3Aamalhotr_crab_ScoutingData_Redone_4mod10_v4
DEBUG 2025-11-04 18:11:59.737 UTC: 	 Result: {'desc': {'columns': ['tm_taskname', 'tm_task_status', 'tm_task_command', 'tm_user_role', 'tm_user_group', 'tm_task_failure', 'tm_split_algo', 'tm_split_args', 'tm_save_logs', 'tm_username', 'tm_user_dn', 'tm_arguments', 'tm_input_dataset', 'tm_dbs_url', 'tm_task_warnings', 'tm_publication', 'tm_user_webdir', 'tm_output_dataset', 'tm_collector', 'tm_schedd', 'tm_dry_run', 'clusterid', 'tm_start_time', 'tw_name', 'tm_dagman_status', 'tm_num_jobs', 'tm_uploaded']}, 'result': [{'result': 'ok'}]}
INFO 2025-11-04 18:11:59.737 UTC: 	 Kill request successfully sent
INFO 2025-11-04 18:11:59.747 UTC: 	 Log file is /afs/cern.ch/user/a/amalhotr/CMSSW_14_0_18_patch1/src/Run3ScoutingAnalysisTools/crab_ScoutingData_Redone_4mod10_v4/crab.log
