DEBUG 2025-11-03 19:07:37.840 UTC: 	 CRAB Client version: v3.251020
DEBUG 2025-11-03 19:07:37.841 UTC: 	 Running on: Linux lxplus924.cern.ch 5.14.0-570.55.1.el9_6.x86_64 #1 SMP PREEMPT_DYNAMIC Tue Oct 14 01:03:55 EDT 2025 x86_64 x86_64 x86_64 GNU/Linux
DEBUG 2025-11-03 19:07:37.841 UTC: 	 Not using Singularity
DEBUG 2025-11-03 19:07:37.841 UTC: 	 Operating System: Red Hat Enterprise Linux 9.6 (Plow)
DEBUG 2025-11-03 19:07:37.841 UTC: 	 Executing command: 'submit'
DEBUG 2025-11-03 19:07:37.841 UTC: 	 Found CRAB cache file /afs/cern.ch/user/a/amalhotr/.crab3
INFO 2025-11-03 19:07:37.841 UTC: 	 Will use CRAB configuration file chainedCrabConfig.py
DEBUG 2025-11-03 19:07:37.841 UTC: 	 Loading CRAB configuration file.
DEBUG 2025-11-03 19:07:37.947 UTC: 	 Will use CRAB plugin ANALYSIS (i.e. will run an analysis job type).
DEBUG 2025-11-03 19:07:38.004 UTC: 	 Checking credentials
DEBUG 2025-11-03 19:07:38.004 UTC: 	 Found proxy file /tmp/x509up_u180451
DEBUG 2025-11-03 19:07:38.004 UTC: 	 Making sure it has proper VOMS extension
DEBUG 2025-11-03 19:07:38.004 UTC: 	 Executing command :
 voms-proxy-info --vo --file /tmp/x509up_u180451
DEBUG 2025-11-03 19:07:38.031 UTC: 	 output : cms

 error: 
 retcode : 0
DEBUG 2025-11-03 19:07:38.032 UTC: 	 Getting proxy life time left
DEBUG 2025-11-03 19:07:38.032 UTC: 	 Executing command :
 voms-proxy-info --actimeleft --timeleft --file /tmp/x509up_u180451
DEBUG 2025-11-03 19:07:38.057 UTC: 	 output : 687336
687336

 error: 
 retcode : 0
DEBUG 2025-11-03 19:07:38.058 UTC: 	 Proxy valid for 190:55:36 hours
DEBUG 2025-11-03 19:07:38.058 UTC: 	 Encoded data for curl request: subresource=delegatedn
DEBUG 2025-11-03 19:07:38.098 UTC: 	 Registering user credentials on myproxy for /DC=ch/DC=cern/OU=Organic Units/OU=Users/CN=cmscrab/CN=(817881|373708)/CN=Robot: cms crab|/DC=ch/DC=cern/OU=Organic Units/OU=Users/CN=crabint1/CN=373708/CN=Robot: CMS CRAB Integration 1
DEBUG 2025-11-03 19:07:38.099 UTC: 	 Executing command :
 voms-proxy-info --identity --file /tmp/x509up_u180451
DEBUG 2025-11-03 19:07:38.133 UTC: 	 output : /DC=ch/DC=cern/OU=Organic Units/OU=Users/CN=amalhotr/CN=884837/CN=Aryan Malhotra

 error: 
 retcode : 0
DEBUG 2025-11-03 19:07:38.134 UTC: 	 Getting myproxy life time left for 2382a3cf28fdeacb1de9b039908761ea517a5ed6
DEBUG 2025-11-03 19:07:38.134 UTC: 	 Executing command :
 myproxy-info -s myproxy.cern.ch -l 2382a3cf28fdeacb1de9b039908761ea517a5ed6
DEBUG 2025-11-03 19:07:38.448 UTC: 	 output : username: 2382a3cf28fdeacb1de9b039908761ea517a5ed6
owner: /DC=ch/DC=cern/OU=Organic Units/OU=Users/CN=amalhotr/CN=884837/CN=Aryan Malhotra
  renewal policy: /DC=ch/DC=cern/OU=Organic Units/OU=Users/CN=cmscrab/CN=(817881|373708)/CN=Robot: cms crab|/DC=ch/DC=cern/OU=Organic Units/OU=Users/CN=crabint1/CN=373708/CN=Robot: CMS CRAB Integration 1
  trusted retrieval policy: /DC=ch/DC=cern/OU=Organic Units/OU=Users/CN=cmscrab/CN=(817881|373708)/CN=Robot: cms crab|/DC=ch/DC=cern/OU=Organic Units/OU=Users/CN=crabint1/CN=373708/CN=Robot: CMS CRAB Integration 1
  timeleft: 603:41:37  (25.2 days)

 error: 
 retcode : 0
DEBUG 2025-11-03 19:07:38.449 UTC: 	 Myproxy is valid: 2173260
DEBUG 2025-11-03 19:07:38.449 UTC: 	 Result of myproxy credential check:
  Credential exists on myproxy: username: 2382a3cf28fdeacb1de9b039908761ea517a5ed6  - validity: 25 days, 3:41:00
DEBUG 2025-11-03 19:07:38.449 UTC: 	 Command use: submit
DEBUG 2025-11-03 19:07:38.449 UTC: 	 Options use: ['-c', 'chainedCrabConfig.py']
DEBUG 2025-11-03 19:07:38.449 UTC: 	 Encoded data for curl request: subresource=version
DEBUG 2025-11-03 19:07:38.499 UTC: 	 CRABClient version: v3.251020
DEBUG 2025-11-03 19:07:38.499 UTC: 	 Instance is prod
DEBUG 2025-11-03 19:07:38.499 UTC: 	 Server base url is cmsweb.cern.ch
DEBUG 2025-11-03 19:07:38.499 UTC: 	 Command api workflow
DEBUG 2025-11-03 19:07:38.499 UTC: 	 Started submission
DEBUG 2025-11-03 19:07:38.499 UTC: 	 Working on /afs/cern.ch/user/a/amalhotr/CMSSW_14_0_18_patch1/src/Run3ScoutingAnalysisTools/crab_ScoutingData_Redone_8mod10_v4
DEBUG 2025-11-03 19:07:38.537 UTC: 	 Loading required information from the environment
DEBUG 2025-11-03 19:07:38.537 UTC: 	 Found CMSSW_14_0_18_patch1 for el9_amd64_gcc12 with base /afs/cern.ch/user/a/amalhotr/CMSSW_14_0_18_patch1
DEBUG 2025-11-03 19:07:38.537 UTC: 	 Loading required information from the environment
DEBUG 2025-11-03 19:07:38.537 UTC: 	 Found CMSSW_14_0_18_patch1 for el9_amd64_gcc12 with base /afs/cern.ch/user/a/amalhotr/CMSSW_14_0_18_patch1
DEBUG 2025-11-03 19:07:38.538 UTC: 	 UNIQUE NAME: tarUUID ddd815d5-4213-492d-91ba-60211b3fd8cd 
DEBUG 2025-11-03 19:07:38.538 UTC: 	 self.config: from WMCore.Configuration import Configuration
config = Configuration()
config.section_('General')
config.General.transferOutputs = True
config.General.transferLogs = True
config.General.requestName = 'ScoutingData_Redone_8mod10_v4'
config.section_('JobType')
config.JobType.maxMemoryMB = 3000
config.JobType.outputFiles = ['ScoutingTree_Output.root']
config.JobType.maxJobRuntimeMin = 2750
config.JobType.pluginName = 'Analysis'
config.JobType.psetName = 'UnifiedScoutingVertexingTreeMaker.py'
config.section_('Data')
config.Data.allowNonValidInputDataset = True
config.Data.unitsPerJob = 2
config.Data.inputDataset = '/ScoutingPFRun3/Run2024H-v1/HLTSCOUT'
config.Data.splitting = 'FileBased'
config.Data.inputDBS = 'global'
config.Data.publication = False
config.Data.outputDatasetTag = 'ScoutingData_Redone_8mod10_v4'
config.section_('Site')
config.Site.storageSite = 'T3_CH_CERNBOX'
config.section_('User')
config.section_('Debug')

DEBUG 2025-11-03 19:07:38.538 UTC: 	 self.config.JobType.psetName: UnifiedScoutingVertexingTreeMaker.py
INFO 2025-11-03 19:07:38.538 UTC: 	 Importing CMSSW configuration UnifiedScoutingVertexingTreeMaker.py
INFO 2025-11-03 19:07:39.157 UTC: 	 Finished importing CMSSW configuration UnifiedScoutingVertexingTreeMaker.py
DEBUG 2025-11-03 19:07:39.157 UTC: 	 Writing CMSSW configuration to /afs/cern.ch/user/a/amalhotr/CMSSW_14_0_18_patch1/src/Run3ScoutingAnalysisTools/crab_ScoutingData_Redone_8mod10_v4/inputs/PSet.py
DEBUG 2025-11-03 19:07:39.460 UTC: 	 The following EDM output files will be collected: []
DEBUG 2025-11-03 19:07:39.460 UTC: 	 The following TFile output files will be collected: ['ScoutingTree_Output.root']
DEBUG 2025-11-03 19:07:39.460 UTC: 	 The following user output files (not listed as PoolOuputModule or TFileService in the CMSSW PSet) will be collected: 
DEBUG 2025-11-03 19:07:39.460 UTC: 	 Loading required information from the environment
DEBUG 2025-11-03 19:07:39.461 UTC: 	 Found CMSSW_14_0_18_patch1 for el9_amd64_gcc12 with base /afs/cern.ch/user/a/amalhotr/CMSSW_14_0_18_patch1
DEBUG 2025-11-03 19:07:39.461 UTC: 	 Making tarball in /afs/cern.ch/user/a/amalhotr/CMSSW_14_0_18_patch1/src/Run3ScoutingAnalysisTools/crab_ScoutingData_Redone_8mod10_v4/inputs/ddd815d5-4213-492d-91ba-60211b3fd8cddefault.tgz
DEBUG 2025-11-03 19:07:39.461 UTC: 	 Checking directory /afs/cern.ch/user/a/amalhotr/CMSSW_14_0_18_patch1/bin
DEBUG 2025-11-03 19:07:39.462 UTC: 	 Adding directory /afs/cern.ch/user/a/amalhotr/CMSSW_14_0_18_patch1/bin to tarball
DEBUG 2025-11-03 19:07:39.474 UTC: 	 Checking directory /afs/cern.ch/user/a/amalhotr/CMSSW_14_0_18_patch1/python
DEBUG 2025-11-03 19:07:39.474 UTC: 	 Adding directory /afs/cern.ch/user/a/amalhotr/CMSSW_14_0_18_patch1/python to tarball
DEBUG 2025-11-03 19:07:40.032 UTC: 	 Checking directory /afs/cern.ch/user/a/amalhotr/CMSSW_14_0_18_patch1/cfipython
DEBUG 2025-11-03 19:07:40.032 UTC: 	 Adding directory /afs/cern.ch/user/a/amalhotr/CMSSW_14_0_18_patch1/cfipython to tarball
DEBUG 2025-11-03 19:07:40.065 UTC: 	 Checking directory /afs/cern.ch/user/a/amalhotr/CMSSW_14_0_18_patch1/lib
DEBUG 2025-11-03 19:07:40.065 UTC: 	 Adding directory /afs/cern.ch/user/a/amalhotr/CMSSW_14_0_18_patch1/lib to tarball
DEBUG 2025-11-03 19:07:40.221 UTC: 	 Checking directory /afs/cern.ch/user/a/amalhotr/CMSSW_14_0_18_patch1/biglib
DEBUG 2025-11-03 19:07:40.221 UTC: 	 Adding directory /afs/cern.ch/user/a/amalhotr/CMSSW_14_0_18_patch1/biglib to tarball
DEBUG 2025-11-03 19:07:40.223 UTC: 	 Checking directory /afs/cern.ch/user/a/amalhotr/CMSSW_14_0_18_patch1/module
DEBUG 2025-11-03 19:07:40.223 UTC: 	 Checking directory /afs/cern.ch/user/a/amalhotr/CMSSW_14_0_18_patch1/config/SCRAM/hooks
DEBUG 2025-11-03 19:07:40.223 UTC: 	 Adding directory /afs/cern.ch/user/a/amalhotr/CMSSW_14_0_18_patch1/config/SCRAM/hooks to tarball
DEBUG 2025-11-03 19:07:40.260 UTC: 	 Adding directory /afs/cern.ch/user/a/amalhotr/CMSSW_14_0_18_patch1/src/Run3ScoutingAnalysisTools/DataFormats/Scouting/interface to tarball
DEBUG 2025-11-03 19:07:40.279 UTC: 	 Adding directory /afs/cern.ch/user/a/amalhotr/CMSSW_14_0_18_patch1/src/Run3ScoutingAnalysisTools/ScoutingTreeMakerRun3/python to tarball
DEBUG 2025-11-03 19:07:40.310 UTC: 	 Adding directory /afs/cern.ch/user/a/amalhotr/CMSSW_14_0_18_patch1/src/DataFormats/Scouting/interface to tarball
DEBUG 2025-11-03 19:07:40.334 UTC: 	 Adding directory /afs/cern.ch/user/a/amalhotr/CMSSW_14_0_18_patch1/src/Configuration/GenProduction/python to tarball
DEBUG 2025-11-03 19:07:40.460 UTC: 	 Uploading archive /afs/cern.ch/user/a/amalhotr/CMSSW_14_0_18_patch1/src/Run3ScoutingAnalysisTools/crab_ScoutingData_Redone_8mod10_v4/inputs/ddd815d5-4213-492d-91ba-60211b3fd8cddefault.tgz (489 KB) to the CRAB cache.
DEBUG 2025-11-03 19:07:40.733 UTC: 	 Encoded data for curl request: subresource=upload&objecttype=sandbox&tarballname=19eb63d66109875c1e7e7ec1cb316e25cbf465c5eff5afdbb755052f5219eeaa.tar.gz
DEBUG 2025-11-03 19:07:40.787 UTC: 	 Will execute:
curl -f -v -X POST  -H "User-Agent: CRAB" -F "key=amalhotr/sandboxes/19eb63d66109875c1e7e7ec1cb316e25cbf465c5eff5afdbb755052f5219eeaa.tar.gz" -F "AWSAccessKeyId=715203df6482458ba839e73e6dab634b" -F "policy=eyJleHBpcmF0aW9uIjogIjIwMjUtMTEtMDNUMjA6MDc6NDBaIiwgImNvbmRpdGlvbnMiOiBbeyJidWNrZXQiOiAiY3JhYmNhY2hlX3Byb2QifSwgeyJrZXkiOiAiYW1hbGhvdHIvc2FuZGJveGVzLzE5ZWI2M2Q2NjEwOTg3NWMxZTdlN2VjMWNiMzE2ZTI1Y2JmNDY1YzVlZmY1YWZkYmI3NTUwNTJmNTIxOWVlYWEudGFyLmd6In1dfQ==" -F "signature=z/E9ikJTdFmrrnGdWX0/sBJqm+M=" -F "file=@/afs/cern.ch/user/a/amalhotr/CMSSW_14_0_18_patch1/src/Run3ScoutingAnalysisTools/crab_ScoutingData_Redone_8mod10_v4/inputs/ddd815d5-4213-492d-91ba-60211b3fd8cddefault.tgz" "https://s3.cern.ch/crabcache_prod"
DEBUG 2025-11-03 19:07:40.915 UTC: 	 exitcode: 0
stdout: b''
DEBUG 2025-11-03 19:07:40.915 UTC: 	 upload to S3 of sandbox /afs/cern.ch/user/a/amalhotr/CMSSW_14_0_18_patch1/src/Run3ScoutingAnalysisTools/crab_ScoutingData_Redone_8mod10_v4/inputs/ddd815d5-4213-492d-91ba-60211b3fd8cddefault.tgz completed
DEBUG 2025-11-03 19:07:40.915 UTC: 	 make sure that object is ready for retrieve
DEBUG 2025-11-03 19:07:41.916 UTC: 	 Encoded data for curl request: subresource=download&objecttype=sandbox&tarballname=19eb63d66109875c1e7e7ec1cb316e25cbf465c5eff5afdbb755052f5219eeaa.tar.gz&clientmethod=head_object
DEBUG 2025-11-03 19:07:42.069 UTC: 	 PreSignedUrl to download sandbox received OK
DEBUG 2025-11-03 19:07:42.073 UTC: 	 Will execute:
 curl -v -s -f -o /dev/null --head  "https://s3.cern.ch/crabcache_prod/amalhotr/sandboxes/19eb63d66109875c1e7e7ec1cb316e25cbf465c5eff5afdbb755052f5219eeaa.tar.gz?AWSAccessKeyId=715203df6482458ba839e73e6dab634b&Signature=Ut1qk%2BLmNnZq5sxS7wQA7zR58ok%3D&Expires=1762200462"
DEBUG 2025-11-03 19:07:42.113 UTC: 	 exitcode: 0
stdout: b''
DEBUG 2025-11-03 19:07:42.113 UTC: 	 sandbox /afs/cern.ch/user/a/amalhotr/CMSSW_14_0_18_patch1/src/Run3ScoutingAnalysisTools/crab_ScoutingData_Redone_8mod10_v4/inputs/ddd815d5-4213-492d-91ba-60211b3fd8cddefault.tgz successfully uploaded to S3
DEBUG 2025-11-03 19:07:42.113 UTC: 	 Loading required information from the environment
DEBUG 2025-11-03 19:07:42.113 UTC: 	 Found CMSSW_14_0_18_patch1 for el9_amd64_gcc12 with base /afs/cern.ch/user/a/amalhotr/CMSSW_14_0_18_patch1
DEBUG 2025-11-03 19:07:42.113 UTC: 	 Making tarball in /afs/cern.ch/user/a/amalhotr/CMSSW_14_0_18_patch1/src/Run3ScoutingAnalysisTools/crab_ScoutingData_Redone_8mod10_v4/inputs/debugFiles.tgz
DEBUG 2025-11-03 19:07:42.127 UTC: 	 Uploading archive /afs/cern.ch/user/a/amalhotr/CMSSW_14_0_18_patch1/src/Run3ScoutingAnalysisTools/crab_ScoutingData_Redone_8mod10_v4/inputs/debugFiles.tgz (4 KB) to the CRAB cache.
DEBUG 2025-11-03 19:07:42.129 UTC: 	 Encoded data for curl request: subresource=upload&objecttype=sandbox&tarballname=cc07ffe1446557aade04fd43e2163b70a409e1d8ccbfd34d633f412e52ee331e.tar.gz
DEBUG 2025-11-03 19:07:42.207 UTC: 	 Will execute:
curl -f -v -X POST  -H "User-Agent: CRAB" -F "key=amalhotr/sandboxes/cc07ffe1446557aade04fd43e2163b70a409e1d8ccbfd34d633f412e52ee331e.tar.gz" -F "AWSAccessKeyId=715203df6482458ba839e73e6dab634b" -F "policy=eyJleHBpcmF0aW9uIjogIjIwMjUtMTEtMDNUMjA6MDc6NDJaIiwgImNvbmRpdGlvbnMiOiBbeyJidWNrZXQiOiAiY3JhYmNhY2hlX3Byb2QifSwgeyJrZXkiOiAiYW1hbGhvdHIvc2FuZGJveGVzL2NjMDdmZmUxNDQ2NTU3YWFkZTA0ZmQ0M2UyMTYzYjcwYTQwOWUxZDhjY2JmZDM0ZDYzM2Y0MTJlNTJlZTMzMWUudGFyLmd6In1dfQ==" -F "signature=BRH/jcy22ScYhhTEgHcF4E9buFU=" -F "file=@/afs/cern.ch/user/a/amalhotr/CMSSW_14_0_18_patch1/src/Run3ScoutingAnalysisTools/crab_ScoutingData_Redone_8mod10_v4/inputs/debugFiles.tgz" "https://s3.cern.ch/crabcache_prod"
DEBUG 2025-11-03 19:07:42.262 UTC: 	 exitcode: 0
stdout: b''
DEBUG 2025-11-03 19:07:42.262 UTC: 	 upload to S3 of sandbox /afs/cern.ch/user/a/amalhotr/CMSSW_14_0_18_patch1/src/Run3ScoutingAnalysisTools/crab_ScoutingData_Redone_8mod10_v4/inputs/debugFiles.tgz completed
DEBUG 2025-11-03 19:07:42.262 UTC: 	 make sure that object is ready for retrieve
DEBUG 2025-11-03 19:07:43.263 UTC: 	 Encoded data for curl request: subresource=download&objecttype=sandbox&tarballname=cc07ffe1446557aade04fd43e2163b70a409e1d8ccbfd34d633f412e52ee331e.tar.gz&clientmethod=head_object
DEBUG 2025-11-03 19:07:43.363 UTC: 	 PreSignedUrl to download sandbox received OK
DEBUG 2025-11-03 19:07:43.367 UTC: 	 Will execute:
 curl -v -s -f -o /dev/null --head  "https://s3.cern.ch/crabcache_prod/amalhotr/sandboxes/cc07ffe1446557aade04fd43e2163b70a409e1d8ccbfd34d633f412e52ee331e.tar.gz?AWSAccessKeyId=715203df6482458ba839e73e6dab634b&Signature=0IxCbMEoThdDRZFkPdAao0aFcQM%3D&Expires=1762200463"
DEBUG 2025-11-03 19:07:43.470 UTC: 	 exitcode: 0
stdout: b''
DEBUG 2025-11-03 19:07:43.470 UTC: 	 sandbox /afs/cern.ch/user/a/amalhotr/CMSSW_14_0_18_patch1/src/Run3ScoutingAnalysisTools/crab_ScoutingData_Redone_8mod10_v4/inputs/debugFiles.tgz successfully uploaded to S3
DEBUG 2025-11-03 19:07:43.470 UTC: 	 Result uploading input files: 19eb63d66109875c1e7e7ec1cb316e25cbf465c5eff5afdbb755052f5219eeaa.tar.gz 
DEBUG 2025-11-03 19:07:43.470 UTC: 	 submit() - self.configuration from WMCore.Configuration import Configuration
config = Configuration()
config.section_('General')
config.General.transferOutputs = True
config.General.transferLogs = True
config.General.requestName = 'ScoutingData_Redone_8mod10_v4'
config.section_('JobType')
config.JobType.maxMemoryMB = 3000
config.JobType.outputFiles = ['ScoutingTree_Output.root']
config.JobType.maxJobRuntimeMin = 2750
config.JobType.pluginName = 'Analysis'
config.JobType.psetName = 'UnifiedScoutingVertexingTreeMaker.py'
config.section_('Data')
config.Data.allowNonValidInputDataset = True
config.Data.unitsPerJob = 2
config.Data.inputDataset = '/ScoutingPFRun3/Run2024H-v1/HLTSCOUT'
config.Data.splitting = 'FileBased'
config.Data.inputDBS = 'global'
config.Data.publication = False
config.Data.outputDatasetTag = 'ScoutingData_Redone_8mod10_v4'
config.section_('Site')
config.Site.storageSite = 'T3_CH_CERNBOX'
config.section_('User')
config.section_('Debug')

DEBUG 2025-11-03 19:07:43.470 UTC: 	 submit() - self.configreq {'dryrun': 0, 'workflow': 'crab_ScoutingData_Redone_8mod10_v4', 'saveoutput': 1, 'savelogsflag': 1, 'inputdata': '/ScoutingPFRun3/Run2024H-v1/HLTSCOUT', 'nonvaliddata': 1, 'userfiles': [], 'dbsurl': 'https://cmsweb.cern.ch/dbs/prod/global/DBSReader', 'useparent': 0, 'ignorelocality': 0, 'splitalgo': 'FileBased', 'algoargs': 2, 'totalunits': 0, 'publication': 0, 'publishdbsurl': 'https://cmsweb.cern.ch/dbs/prod/phys03/DBSWriter', 'publishname2': 'ScoutingData_Redone_8mod10_v4', 'jobtype': 'Analysis', 'generator': 'pythia', 'addoutputfiles': ['ScoutingTree_Output.root'], 'maxjobruntime': 2750, 'numcores': 1, 'maxmemory': 3000, 'priority': 10, 'nonprodsw': 0, 'asyncdest': 'T3_CH_CERNBOX', 'requireaccelerator': 0, 'oneEventMode': 0, 'extrajdl': [], 'ignoreglobalblacklist': 0, 'partialdataset': 0, 'inputblocks': []}
DEBUG 2025-11-03 19:07:43.470 UTC: 	 submit() - jobconfig {'addoutputfiles': [], 'tfileoutfiles': ['ScoutingTree_Output.root'], 'edmoutfiles': [], 'jobarch': 'el9_amd64_gcc12', 'jobminuarch': 'any', 'jobsw': 'CMSSW_14_0_18_patch1', 'inputdata': '/ScoutingPFRun3/Run2024H-v1/HLTSCOUT', 'cachefilename': '19eb63d66109875c1e7e7ec1cb316e25cbf465c5eff5afdbb755052f5219eeaa.tar.gz', 'debugfilename': 'cc07ffe1446557aade04fd43e2163b70a409e1d8ccbfd34d633f412e52ee331e.tar.gz', 'jobtype': 'Analysis'}
INFO 2025-11-03 19:07:43.470 UTC: 	 Sending the request to the server at cmsweb.cern.ch
DEBUG 2025-11-03 19:07:43.470 UTC: 	 Submitting {'dryrun': 0, 'workflow': 'crab_ScoutingData_Redone_8mod10_v4', 'saveoutput': 1, 'savelogsflag': 1, 'inputdata': '/ScoutingPFRun3/Run2024H-v1/HLTSCOUT', 'nonvaliddata': 1, 'userfiles': [], 'dbsurl': 'https://cmsweb.cern.ch/dbs/prod/global/DBSReader', 'useparent': 0, 'ignorelocality': 0, 'splitalgo': 'FileBased', 'algoargs': 2, 'totalunits': 0, 'publication': 0, 'publishdbsurl': 'https://cmsweb.cern.ch/dbs/prod/phys03/DBSWriter', 'publishname2': 'ScoutingData_Redone_8mod10_v4', 'jobtype': 'Analysis', 'generator': 'pythia', 'addoutputfiles': [], 'maxjobruntime': 2750, 'numcores': 1, 'maxmemory': 3000, 'priority': 10, 'nonprodsw': 0, 'asyncdest': 'T3_CH_CERNBOX', 'requireaccelerator': 0, 'oneEventMode': 0, 'extrajdl': [], 'ignoreglobalblacklist': 0, 'partialdataset': 0, 'inputblocks': [], 'tfileoutfiles': ['ScoutingTree_Output.root'], 'edmoutfiles': [], 'jobarch': 'el9_amd64_gcc12', 'jobminuarch': 'any', 'jobsw': 'CMSSW_14_0_18_patch1', 'cachefilename': '19eb63d66109875c1e7e7ec1cb316e25cbf465c5eff5afdbb755052f5219eeaa.tar.gz', 'debugfilename': 'cc07ffe1446557aade04fd43e2163b70a409e1d8ccbfd34d633f412e52ee331e.tar.gz'} 
DEBUG 2025-11-03 19:07:43.471 UTC: 	 Encoded data for curl request: dryrun=0&workflow=crab_ScoutingData_Redone_8mod10_v4&saveoutput=1&savelogsflag=1&inputdata=%2FScoutingPFRun3%2FRun2024H-v1%2FHLTSCOUT&nonvaliddata=1&dbsurl=https%3A%2F%2Fcmsweb.cern.ch%2Fdbs%2Fprod%2Fglobal%2FDBSReader&useparent=0&ignorelocality=0&splitalgo=FileBased&algoargs=2&totalunits=0&publication=0&publishdbsurl=https%3A%2F%2Fcmsweb.cern.ch%2Fdbs%2Fprod%2Fphys03%2FDBSWriter&publishname2=ScoutingData_Redone_8mod10_v4&jobtype=Analysis&generator=pythia&maxjobruntime=2750&numcores=1&maxmemory=3000&priority=10&nonprodsw=0&asyncdest=T3_CH_CERNBOX&requireaccelerator=0&oneEventMode=0&ignoreglobalblacklist=0&partialdataset=0&jobarch=el9_amd64_gcc12&jobminuarch=any&jobsw=CMSSW_14_0_18_patch1&cachefilename=19eb63d66109875c1e7e7ec1cb316e25cbf465c5eff5afdbb755052f5219eeaa.tar.gz&debugfilename=cc07ffe1446557aade04fd43e2163b70a409e1d8ccbfd34d633f412e52ee331e.tar.gz&tfileoutfiles=ScoutingTree_Output.root
DEBUG 2025-11-03 19:07:43.689 UTC: 	 Result: {'result': [{'RequestName': '251103_190743:amalhotr_crab_ScoutingData_Redone_8mod10_v4'}]}
INFO 2025-11-03 19:07:43.732 UTC: 	 Success: Your task has been delivered to the prod CRAB3 server.
INFO 2025-11-03 19:07:43.732 UTC: 	 Task name: 251103_190743:amalhotr_crab_ScoutingData_Redone_8mod10_v4
INFO 2025-11-03 19:07:43.732 UTC: 	 Project dir: ./crab_ScoutingData_Redone_8mod10_v4
INFO 2025-11-03 19:07:43.732 UTC: 	 Please use ' crab status -d ./crab_ScoutingData_Redone_8mod10_v4 ' to check how the submission process proceeds.
DEBUG 2025-11-03 19:07:43.732 UTC: 	 About to return
INFO 2025-11-03 19:07:43.738 UTC: 	 Log file is /afs/cern.ch/user/a/amalhotr/CMSSW_14_0_18_patch1/src/Run3ScoutingAnalysisTools/crab_ScoutingData_Redone_8mod10_v4/crab.log
DEBUG 2025-11-04 18:12:29.208 UTC: 	 CRAB Client version: v3.251020
DEBUG 2025-11-04 18:12:29.208 UTC: 	 Running on: Linux lxplus969.cern.ch 5.14.0-570.49.1.el9_6.x86_64 #1 SMP PREEMPT_DYNAMIC Tue Sep 23 01:11:18 EDT 2025 x86_64 x86_64 x86_64 GNU/Linux
DEBUG 2025-11-04 18:12:29.208 UTC: 	 Not using Singularity
DEBUG 2025-11-04 18:12:29.209 UTC: 	 Operating System: Red Hat Enterprise Linux 9.6 (Plow)
DEBUG 2025-11-04 18:12:29.209 UTC: 	 Executing command: 'kill'
DEBUG 2025-11-04 18:12:29.209 UTC: 	 Found CRAB cache file /afs/cern.ch/user/a/amalhotr/.crab3
DEBUG 2025-11-04 18:12:29.648 UTC: 	 Checking credentials
DEBUG 2025-11-04 18:12:29.648 UTC: 	 Found proxy file /tmp/x509up_u180451
DEBUG 2025-11-04 18:12:29.648 UTC: 	 Making sure it has proper VOMS extension
DEBUG 2025-11-04 18:12:29.648 UTC: 	 Executing command :
 voms-proxy-info --vo --file /tmp/x509up_u180451
DEBUG 2025-11-04 18:12:29.728 UTC: 	 output : cms

 error: 
 retcode : 0
DEBUG 2025-11-04 18:12:29.728 UTC: 	 Getting proxy life time left
DEBUG 2025-11-04 18:12:29.728 UTC: 	 Executing command :
 voms-proxy-info --actimeleft --timeleft --file /tmp/x509up_u180451
DEBUG 2025-11-04 18:12:29.781 UTC: 	 output : 689712
689712

 error: 
 retcode : 0
DEBUG 2025-11-04 18:12:29.781 UTC: 	 Proxy valid for 191:35:12 hours
DEBUG 2025-11-04 18:12:29.782 UTC: 	 Encoded data for curl request: subresource=delegatedn
DEBUG 2025-11-04 18:12:29.992 UTC: 	 Registering user credentials on myproxy for /DC=ch/DC=cern/OU=Organic Units/OU=Users/CN=cmscrab/CN=(817881|373708)/CN=Robot: cms crab|/DC=ch/DC=cern/OU=Organic Units/OU=Users/CN=crabint1/CN=373708/CN=Robot: CMS CRAB Integration 1
DEBUG 2025-11-04 18:12:29.992 UTC: 	 Executing command :
 voms-proxy-info --identity --file /tmp/x509up_u180451
DEBUG 2025-11-04 18:12:30.055 UTC: 	 output : /DC=ch/DC=cern/OU=Organic Units/OU=Users/CN=amalhotr/CN=884837/CN=Aryan Malhotra

 error: 
 retcode : 0
DEBUG 2025-11-04 18:12:30.055 UTC: 	 Getting myproxy life time left for 2382a3cf28fdeacb1de9b039908761ea517a5ed6
DEBUG 2025-11-04 18:12:30.055 UTC: 	 Executing command :
 myproxy-info -s myproxy.cern.ch -l 2382a3cf28fdeacb1de9b039908761ea517a5ed6
DEBUG 2025-11-04 18:12:30.482 UTC: 	 output : username: 2382a3cf28fdeacb1de9b039908761ea517a5ed6
owner: /DC=ch/DC=cern/OU=Organic Units/OU=Users/CN=amalhotr/CN=884837/CN=Aryan Malhotra
  renewal policy: /DC=ch/DC=cern/OU=Organic Units/OU=Users/CN=cmscrab/CN=(817881|373708)/CN=Robot: cms crab|/DC=ch/DC=cern/OU=Organic Units/OU=Users/CN=crabint1/CN=373708/CN=Robot: CMS CRAB Integration 1
  trusted retrieval policy: /DC=ch/DC=cern/OU=Organic Units/OU=Users/CN=cmscrab/CN=(817881|373708)/CN=Robot: cms crab|/DC=ch/DC=cern/OU=Organic Units/OU=Users/CN=crabint1/CN=373708/CN=Robot: CMS CRAB Integration 1
  timeleft: 580:36:45  (24.2 days)

 error: 
 retcode : 0
DEBUG 2025-11-04 18:12:30.482 UTC: 	 Myproxy is valid: 2090160
DEBUG 2025-11-04 18:12:30.482 UTC: 	 Result of myproxy credential check:
  Credential exists on myproxy: username: 2382a3cf28fdeacb1de9b039908761ea517a5ed6  - validity: 24 days, 4:36:00
DEBUG 2025-11-04 18:12:30.482 UTC: 	 Command use: kill
DEBUG 2025-11-04 18:12:30.483 UTC: 	 Options use: ['-d', 'crab_ScoutingData_Redone_8mod10_v4']
DEBUG 2025-11-04 18:12:30.483 UTC: 	 Encoded data for curl request: subresource=version
DEBUG 2025-11-04 18:12:30.606 UTC: 	 CRABClient version: v3.251020
DEBUG 2025-11-04 18:12:30.606 UTC: 	 Instance is prod
DEBUG 2025-11-04 18:12:30.606 UTC: 	 Server base url is cmsweb.cern.ch
DEBUG 2025-11-04 18:12:30.606 UTC: 	 Command api workflow
DEBUG 2025-11-04 18:12:30.607 UTC: 	 Killing task 251103_190743:amalhotr_crab_ScoutingData_Redone_8mod10_v4
DEBUG 2025-11-04 18:12:30.607 UTC: 	 Encoded data for curl request: workflow=251103_190743%3Aamalhotr_crab_ScoutingData_Redone_8mod10_v4
DEBUG 2025-11-04 18:12:30.722 UTC: 	 Result: {'desc': {'columns': ['tm_taskname', 'tm_task_status', 'tm_task_command', 'tm_user_role', 'tm_user_group', 'tm_task_failure', 'tm_split_algo', 'tm_split_args', 'tm_save_logs', 'tm_username', 'tm_user_dn', 'tm_arguments', 'tm_input_dataset', 'tm_dbs_url', 'tm_task_warnings', 'tm_publication', 'tm_user_webdir', 'tm_output_dataset', 'tm_collector', 'tm_schedd', 'tm_dry_run', 'clusterid', 'tm_start_time', 'tw_name', 'tm_dagman_status', 'tm_num_jobs', 'tm_uploaded']}, 'result': [{'result': 'ok'}]}
INFO 2025-11-04 18:12:30.722 UTC: 	 Kill request successfully sent
INFO 2025-11-04 18:12:30.772 UTC: 	 Log file is /afs/cern.ch/user/a/amalhotr/CMSSW_14_0_18_patch1/src/Run3ScoutingAnalysisTools/crab_ScoutingData_Redone_8mod10_v4/crab.log
