DEBUG 2025-11-03 19:05:25.036 UTC: 	 CRAB Client version: v3.251020
DEBUG 2025-11-03 19:05:25.036 UTC: 	 Running on: Linux lxplus924.cern.ch 5.14.0-570.55.1.el9_6.x86_64 #1 SMP PREEMPT_DYNAMIC Tue Oct 14 01:03:55 EDT 2025 x86_64 x86_64 x86_64 GNU/Linux
DEBUG 2025-11-03 19:05:25.036 UTC: 	 Not using Singularity
DEBUG 2025-11-03 19:05:25.036 UTC: 	 Operating System: Red Hat Enterprise Linux 9.6 (Plow)
DEBUG 2025-11-03 19:05:25.036 UTC: 	 Executing command: 'submit'
DEBUG 2025-11-03 19:05:25.036 UTC: 	 Found CRAB cache file /afs/cern.ch/user/a/amalhotr/.crab3
INFO 2025-11-03 19:05:25.037 UTC: 	 Will use CRAB configuration file chainedCrabConfig.py
DEBUG 2025-11-03 19:05:25.037 UTC: 	 Loading CRAB configuration file.
DEBUG 2025-11-03 19:05:25.048 UTC: 	 Will use CRAB plugin ANALYSIS (i.e. will run an analysis job type).
DEBUG 2025-11-03 19:05:25.098 UTC: 	 Checking credentials
DEBUG 2025-11-03 19:05:25.099 UTC: 	 Found proxy file /tmp/x509up_u180451
DEBUG 2025-11-03 19:05:25.099 UTC: 	 Making sure it has proper VOMS extension
DEBUG 2025-11-03 19:05:25.099 UTC: 	 Executing command :
 voms-proxy-info --vo --file /tmp/x509up_u180451
DEBUG 2025-11-03 19:05:25.137 UTC: 	 output : cms

 error: 
 retcode : 0
DEBUG 2025-11-03 19:05:25.137 UTC: 	 Getting proxy life time left
DEBUG 2025-11-03 19:05:25.137 UTC: 	 Executing command :
 voms-proxy-info --actimeleft --timeleft --file /tmp/x509up_u180451
DEBUG 2025-11-03 19:05:25.174 UTC: 	 output : 687469
687469

 error: 
 retcode : 0
DEBUG 2025-11-03 19:05:25.174 UTC: 	 Proxy valid for 190:57:49 hours
DEBUG 2025-11-03 19:05:25.175 UTC: 	 Encoded data for curl request: subresource=delegatedn
DEBUG 2025-11-03 19:05:25.227 UTC: 	 Registering user credentials on myproxy for /DC=ch/DC=cern/OU=Organic Units/OU=Users/CN=cmscrab/CN=(817881|373708)/CN=Robot: cms crab|/DC=ch/DC=cern/OU=Organic Units/OU=Users/CN=crabint1/CN=373708/CN=Robot: CMS CRAB Integration 1
DEBUG 2025-11-03 19:05:25.227 UTC: 	 Executing command :
 voms-proxy-info --identity --file /tmp/x509up_u180451
DEBUG 2025-11-03 19:05:25.256 UTC: 	 output : /DC=ch/DC=cern/OU=Organic Units/OU=Users/CN=amalhotr/CN=884837/CN=Aryan Malhotra

 error: 
 retcode : 0
DEBUG 2025-11-03 19:05:25.256 UTC: 	 Getting myproxy life time left for 2382a3cf28fdeacb1de9b039908761ea517a5ed6
DEBUG 2025-11-03 19:05:25.256 UTC: 	 Executing command :
 myproxy-info -s myproxy.cern.ch -l 2382a3cf28fdeacb1de9b039908761ea517a5ed6
DEBUG 2025-11-03 19:05:25.533 UTC: 	 output : username: 2382a3cf28fdeacb1de9b039908761ea517a5ed6
owner: /DC=ch/DC=cern/OU=Organic Units/OU=Users/CN=amalhotr/CN=884837/CN=Aryan Malhotra
  renewal policy: /DC=ch/DC=cern/OU=Organic Units/OU=Users/CN=cmscrab/CN=(817881|373708)/CN=Robot: cms crab|/DC=ch/DC=cern/OU=Organic Units/OU=Users/CN=crabint1/CN=373708/CN=Robot: CMS CRAB Integration 1
  trusted retrieval policy: /DC=ch/DC=cern/OU=Organic Units/OU=Users/CN=cmscrab/CN=(817881|373708)/CN=Robot: cms crab|/DC=ch/DC=cern/OU=Organic Units/OU=Users/CN=crabint1/CN=373708/CN=Robot: CMS CRAB Integration 1
  timeleft: 603:43:50  (25.2 days)

 error: 
 retcode : 0
DEBUG 2025-11-03 19:05:25.533 UTC: 	 Myproxy is valid: 2173380
DEBUG 2025-11-03 19:05:25.533 UTC: 	 Result of myproxy credential check:
  Credential exists on myproxy: username: 2382a3cf28fdeacb1de9b039908761ea517a5ed6  - validity: 25 days, 3:43:00
DEBUG 2025-11-03 19:05:25.533 UTC: 	 Command use: submit
DEBUG 2025-11-03 19:05:25.533 UTC: 	 Options use: ['-c', 'chainedCrabConfig.py']
DEBUG 2025-11-03 19:05:25.534 UTC: 	 Encoded data for curl request: subresource=version
DEBUG 2025-11-03 19:05:25.593 UTC: 	 CRABClient version: v3.251020
DEBUG 2025-11-03 19:05:25.593 UTC: 	 Instance is prod
DEBUG 2025-11-03 19:05:25.593 UTC: 	 Server base url is cmsweb.cern.ch
DEBUG 2025-11-03 19:05:25.593 UTC: 	 Command api workflow
DEBUG 2025-11-03 19:05:25.593 UTC: 	 Started submission
DEBUG 2025-11-03 19:05:25.593 UTC: 	 Working on /afs/cern.ch/user/a/amalhotr/CMSSW_14_0_18_patch1/src/Run3ScoutingAnalysisTools/crab_ScoutingData_Redone_3mod10_v4
DEBUG 2025-11-03 19:05:25.623 UTC: 	 Loading required information from the environment
DEBUG 2025-11-03 19:05:25.623 UTC: 	 Found CMSSW_14_0_18_patch1 for el9_amd64_gcc12 with base /afs/cern.ch/user/a/amalhotr/CMSSW_14_0_18_patch1
DEBUG 2025-11-03 19:05:25.623 UTC: 	 Loading required information from the environment
DEBUG 2025-11-03 19:05:25.623 UTC: 	 Found CMSSW_14_0_18_patch1 for el9_amd64_gcc12 with base /afs/cern.ch/user/a/amalhotr/CMSSW_14_0_18_patch1
DEBUG 2025-11-03 19:05:25.623 UTC: 	 UNIQUE NAME: tarUUID 1c1aa483-56c0-41d6-91cb-29bc01a4a9a4 
DEBUG 2025-11-03 19:05:25.624 UTC: 	 self.config: from WMCore.Configuration import Configuration
config = Configuration()
config.section_('General')
config.General.requestName = 'ScoutingData_Redone_3mod10_v4'
config.General.transferLogs = True
config.General.transferOutputs = True
config.section_('JobType')
config.JobType.maxMemoryMB = 3000
config.JobType.pluginName = 'Analysis'
config.JobType.maxJobRuntimeMin = 2750
config.JobType.outputFiles = ['ScoutingTree_Output.root']
config.JobType.psetName = 'UnifiedScoutingVertexingTreeMaker.py'
config.section_('Data')
config.Data.outputDatasetTag = 'ScoutingData_Redone_3mod10_v4'
config.Data.inputDataset = '/ScoutingPFRun3/Run2024H-v1/HLTSCOUT'
config.Data.splitting = 'FileBased'
config.Data.publication = False
config.Data.unitsPerJob = 2
config.Data.allowNonValidInputDataset = True
config.Data.inputDBS = 'global'
config.section_('Site')
config.Site.storageSite = 'T3_CH_CERNBOX'
config.section_('User')
config.section_('Debug')

DEBUG 2025-11-03 19:05:25.624 UTC: 	 self.config.JobType.psetName: UnifiedScoutingVertexingTreeMaker.py
INFO 2025-11-03 19:05:25.624 UTC: 	 Importing CMSSW configuration UnifiedScoutingVertexingTreeMaker.py
INFO 2025-11-03 19:05:26.325 UTC: 	 Finished importing CMSSW configuration UnifiedScoutingVertexingTreeMaker.py
DEBUG 2025-11-03 19:05:26.325 UTC: 	 Writing CMSSW configuration to /afs/cern.ch/user/a/amalhotr/CMSSW_14_0_18_patch1/src/Run3ScoutingAnalysisTools/crab_ScoutingData_Redone_3mod10_v4/inputs/PSet.py
DEBUG 2025-11-03 19:05:26.366 UTC: 	 The following EDM output files will be collected: []
DEBUG 2025-11-03 19:05:26.366 UTC: 	 The following TFile output files will be collected: ['ScoutingTree_Output.root']
DEBUG 2025-11-03 19:05:26.366 UTC: 	 The following user output files (not listed as PoolOuputModule or TFileService in the CMSSW PSet) will be collected: 
DEBUG 2025-11-03 19:05:26.366 UTC: 	 Loading required information from the environment
DEBUG 2025-11-03 19:05:26.366 UTC: 	 Found CMSSW_14_0_18_patch1 for el9_amd64_gcc12 with base /afs/cern.ch/user/a/amalhotr/CMSSW_14_0_18_patch1
DEBUG 2025-11-03 19:05:26.366 UTC: 	 Making tarball in /afs/cern.ch/user/a/amalhotr/CMSSW_14_0_18_patch1/src/Run3ScoutingAnalysisTools/crab_ScoutingData_Redone_3mod10_v4/inputs/1c1aa483-56c0-41d6-91cb-29bc01a4a9a4default.tgz
DEBUG 2025-11-03 19:05:26.367 UTC: 	 Checking directory /afs/cern.ch/user/a/amalhotr/CMSSW_14_0_18_patch1/bin
DEBUG 2025-11-03 19:05:26.367 UTC: 	 Adding directory /afs/cern.ch/user/a/amalhotr/CMSSW_14_0_18_patch1/bin to tarball
DEBUG 2025-11-03 19:05:26.375 UTC: 	 Checking directory /afs/cern.ch/user/a/amalhotr/CMSSW_14_0_18_patch1/python
DEBUG 2025-11-03 19:05:26.375 UTC: 	 Adding directory /afs/cern.ch/user/a/amalhotr/CMSSW_14_0_18_patch1/python to tarball
DEBUG 2025-11-03 19:05:26.972 UTC: 	 Checking directory /afs/cern.ch/user/a/amalhotr/CMSSW_14_0_18_patch1/cfipython
DEBUG 2025-11-03 19:05:26.972 UTC: 	 Adding directory /afs/cern.ch/user/a/amalhotr/CMSSW_14_0_18_patch1/cfipython to tarball
DEBUG 2025-11-03 19:05:26.993 UTC: 	 Checking directory /afs/cern.ch/user/a/amalhotr/CMSSW_14_0_18_patch1/lib
DEBUG 2025-11-03 19:05:26.993 UTC: 	 Adding directory /afs/cern.ch/user/a/amalhotr/CMSSW_14_0_18_patch1/lib to tarball
DEBUG 2025-11-03 19:05:27.129 UTC: 	 Checking directory /afs/cern.ch/user/a/amalhotr/CMSSW_14_0_18_patch1/biglib
DEBUG 2025-11-03 19:05:27.129 UTC: 	 Adding directory /afs/cern.ch/user/a/amalhotr/CMSSW_14_0_18_patch1/biglib to tarball
DEBUG 2025-11-03 19:05:27.131 UTC: 	 Checking directory /afs/cern.ch/user/a/amalhotr/CMSSW_14_0_18_patch1/module
DEBUG 2025-11-03 19:05:27.131 UTC: 	 Checking directory /afs/cern.ch/user/a/amalhotr/CMSSW_14_0_18_patch1/config/SCRAM/hooks
DEBUG 2025-11-03 19:05:27.131 UTC: 	 Adding directory /afs/cern.ch/user/a/amalhotr/CMSSW_14_0_18_patch1/config/SCRAM/hooks to tarball
DEBUG 2025-11-03 19:05:27.161 UTC: 	 Adding directory /afs/cern.ch/user/a/amalhotr/CMSSW_14_0_18_patch1/src/Run3ScoutingAnalysisTools/DataFormats/Scouting/interface to tarball
DEBUG 2025-11-03 19:05:27.180 UTC: 	 Adding directory /afs/cern.ch/user/a/amalhotr/CMSSW_14_0_18_patch1/src/Run3ScoutingAnalysisTools/ScoutingTreeMakerRun3/python to tarball
DEBUG 2025-11-03 19:05:27.205 UTC: 	 Adding directory /afs/cern.ch/user/a/amalhotr/CMSSW_14_0_18_patch1/src/DataFormats/Scouting/interface to tarball
DEBUG 2025-11-03 19:05:27.225 UTC: 	 Adding directory /afs/cern.ch/user/a/amalhotr/CMSSW_14_0_18_patch1/src/Configuration/GenProduction/python to tarball
DEBUG 2025-11-03 19:05:27.307 UTC: 	 Uploading archive /afs/cern.ch/user/a/amalhotr/CMSSW_14_0_18_patch1/src/Run3ScoutingAnalysisTools/crab_ScoutingData_Redone_3mod10_v4/inputs/1c1aa483-56c0-41d6-91cb-29bc01a4a9a4default.tgz (489 KB) to the CRAB cache.
DEBUG 2025-11-03 19:05:27.590 UTC: 	 Encoded data for curl request: subresource=upload&objecttype=sandbox&tarballname=0b03e048929c01b413eadbd86d7a341baa071adcbbf369323f4e3768bcece89f.tar.gz
DEBUG 2025-11-03 19:05:27.660 UTC: 	 Will execute:
curl -f -v -X POST  -H "User-Agent: CRAB" -F "key=amalhotr/sandboxes/0b03e048929c01b413eadbd86d7a341baa071adcbbf369323f4e3768bcece89f.tar.gz" -F "AWSAccessKeyId=715203df6482458ba839e73e6dab634b" -F "policy=eyJleHBpcmF0aW9uIjogIjIwMjUtMTEtMDNUMjA6MDU6MjdaIiwgImNvbmRpdGlvbnMiOiBbeyJidWNrZXQiOiAiY3JhYmNhY2hlX3Byb2QifSwgeyJrZXkiOiAiYW1hbGhvdHIvc2FuZGJveGVzLzBiMDNlMDQ4OTI5YzAxYjQxM2VhZGJkODZkN2EzNDFiYWEwNzFhZGNiYmYzNjkzMjNmNGUzNzY4YmNlY2U4OWYudGFyLmd6In1dfQ==" -F "signature=zxFcqZ6HoSAMHirk4zQ6rzNtG4A=" -F "file=@/afs/cern.ch/user/a/amalhotr/CMSSW_14_0_18_patch1/src/Run3ScoutingAnalysisTools/crab_ScoutingData_Redone_3mod10_v4/inputs/1c1aa483-56c0-41d6-91cb-29bc01a4a9a4default.tgz" "https://s3.cern.ch/crabcache_prod"
DEBUG 2025-11-03 19:05:27.822 UTC: 	 exitcode: 0
stdout: b''
DEBUG 2025-11-03 19:05:27.823 UTC: 	 upload to S3 of sandbox /afs/cern.ch/user/a/amalhotr/CMSSW_14_0_18_patch1/src/Run3ScoutingAnalysisTools/crab_ScoutingData_Redone_3mod10_v4/inputs/1c1aa483-56c0-41d6-91cb-29bc01a4a9a4default.tgz completed
DEBUG 2025-11-03 19:05:27.823 UTC: 	 make sure that object is ready for retrieve
DEBUG 2025-11-03 19:05:28.824 UTC: 	 Encoded data for curl request: subresource=download&objecttype=sandbox&tarballname=0b03e048929c01b413eadbd86d7a341baa071adcbbf369323f4e3768bcece89f.tar.gz&clientmethod=head_object
DEBUG 2025-11-03 19:05:28.868 UTC: 	 PreSignedUrl to download sandbox received OK
DEBUG 2025-11-03 19:05:28.872 UTC: 	 Will execute:
 curl -v -s -f -o /dev/null --head  "https://s3.cern.ch/crabcache_prod/amalhotr/sandboxes/0b03e048929c01b413eadbd86d7a341baa071adcbbf369323f4e3768bcece89f.tar.gz?AWSAccessKeyId=715203df6482458ba839e73e6dab634b&Signature=PkYmwFn%2FY5kxFmuA%2FyIzd%2Bft5nU%3D&Expires=1762200328"
DEBUG 2025-11-03 19:05:28.920 UTC: 	 exitcode: 0
stdout: b''
DEBUG 2025-11-03 19:05:28.920 UTC: 	 sandbox /afs/cern.ch/user/a/amalhotr/CMSSW_14_0_18_patch1/src/Run3ScoutingAnalysisTools/crab_ScoutingData_Redone_3mod10_v4/inputs/1c1aa483-56c0-41d6-91cb-29bc01a4a9a4default.tgz successfully uploaded to S3
DEBUG 2025-11-03 19:05:28.920 UTC: 	 Loading required information from the environment
DEBUG 2025-11-03 19:05:28.921 UTC: 	 Found CMSSW_14_0_18_patch1 for el9_amd64_gcc12 with base /afs/cern.ch/user/a/amalhotr/CMSSW_14_0_18_patch1
DEBUG 2025-11-03 19:05:28.921 UTC: 	 Making tarball in /afs/cern.ch/user/a/amalhotr/CMSSW_14_0_18_patch1/src/Run3ScoutingAnalysisTools/crab_ScoutingData_Redone_3mod10_v4/inputs/debugFiles.tgz
DEBUG 2025-11-03 19:05:28.933 UTC: 	 Uploading archive /afs/cern.ch/user/a/amalhotr/CMSSW_14_0_18_patch1/src/Run3ScoutingAnalysisTools/crab_ScoutingData_Redone_3mod10_v4/inputs/debugFiles.tgz (4 KB) to the CRAB cache.
DEBUG 2025-11-03 19:05:28.936 UTC: 	 Encoded data for curl request: subresource=upload&objecttype=sandbox&tarballname=301681e37a88edd68a9fd8332f79275521df2c440ebb6854c1dfffcd9a55ded5.tar.gz
DEBUG 2025-11-03 19:05:29.002 UTC: 	 Will execute:
curl -f -v -X POST  -H "User-Agent: CRAB" -F "key=amalhotr/sandboxes/301681e37a88edd68a9fd8332f79275521df2c440ebb6854c1dfffcd9a55ded5.tar.gz" -F "AWSAccessKeyId=715203df6482458ba839e73e6dab634b" -F "policy=eyJleHBpcmF0aW9uIjogIjIwMjUtMTEtMDNUMjA6MDU6MjhaIiwgImNvbmRpdGlvbnMiOiBbeyJidWNrZXQiOiAiY3JhYmNhY2hlX3Byb2QifSwgeyJrZXkiOiAiYW1hbGhvdHIvc2FuZGJveGVzLzMwMTY4MWUzN2E4OGVkZDY4YTlmZDgzMzJmNzkyNzU1MjFkZjJjNDQwZWJiNjg1NGMxZGZmZmNkOWE1NWRlZDUudGFyLmd6In1dfQ==" -F "signature=p8kYt9IgyCzS9TdK0OKC7xRC+uk=" -F "file=@/afs/cern.ch/user/a/amalhotr/CMSSW_14_0_18_patch1/src/Run3ScoutingAnalysisTools/crab_ScoutingData_Redone_3mod10_v4/inputs/debugFiles.tgz" "https://s3.cern.ch/crabcache_prod"
DEBUG 2025-11-03 19:05:29.166 UTC: 	 exitcode: 0
stdout: b''
DEBUG 2025-11-03 19:05:29.166 UTC: 	 upload to S3 of sandbox /afs/cern.ch/user/a/amalhotr/CMSSW_14_0_18_patch1/src/Run3ScoutingAnalysisTools/crab_ScoutingData_Redone_3mod10_v4/inputs/debugFiles.tgz completed
DEBUG 2025-11-03 19:05:29.166 UTC: 	 make sure that object is ready for retrieve
DEBUG 2025-11-03 19:05:30.168 UTC: 	 Encoded data for curl request: subresource=download&objecttype=sandbox&tarballname=301681e37a88edd68a9fd8332f79275521df2c440ebb6854c1dfffcd9a55ded5.tar.gz&clientmethod=head_object
DEBUG 2025-11-03 19:05:30.233 UTC: 	 PreSignedUrl to download sandbox received OK
DEBUG 2025-11-03 19:05:30.237 UTC: 	 Will execute:
 curl -v -s -f -o /dev/null --head  "https://s3.cern.ch/crabcache_prod/amalhotr/sandboxes/301681e37a88edd68a9fd8332f79275521df2c440ebb6854c1dfffcd9a55ded5.tar.gz?AWSAccessKeyId=715203df6482458ba839e73e6dab634b&Signature=td7xNXrcHGQjedTiUl289ZPzb0M%3D&Expires=1762200330"
DEBUG 2025-11-03 19:05:30.295 UTC: 	 exitcode: 0
stdout: b''
DEBUG 2025-11-03 19:05:30.295 UTC: 	 sandbox /afs/cern.ch/user/a/amalhotr/CMSSW_14_0_18_patch1/src/Run3ScoutingAnalysisTools/crab_ScoutingData_Redone_3mod10_v4/inputs/debugFiles.tgz successfully uploaded to S3
DEBUG 2025-11-03 19:05:30.295 UTC: 	 Result uploading input files: 0b03e048929c01b413eadbd86d7a341baa071adcbbf369323f4e3768bcece89f.tar.gz 
DEBUG 2025-11-03 19:05:30.295 UTC: 	 submit() - self.configuration from WMCore.Configuration import Configuration
config = Configuration()
config.section_('General')
config.General.requestName = 'ScoutingData_Redone_3mod10_v4'
config.General.transferLogs = True
config.General.transferOutputs = True
config.section_('JobType')
config.JobType.maxMemoryMB = 3000
config.JobType.pluginName = 'Analysis'
config.JobType.maxJobRuntimeMin = 2750
config.JobType.outputFiles = ['ScoutingTree_Output.root']
config.JobType.psetName = 'UnifiedScoutingVertexingTreeMaker.py'
config.section_('Data')
config.Data.outputDatasetTag = 'ScoutingData_Redone_3mod10_v4'
config.Data.inputDataset = '/ScoutingPFRun3/Run2024H-v1/HLTSCOUT'
config.Data.splitting = 'FileBased'
config.Data.publication = False
config.Data.unitsPerJob = 2
config.Data.allowNonValidInputDataset = True
config.Data.inputDBS = 'global'
config.section_('Site')
config.Site.storageSite = 'T3_CH_CERNBOX'
config.section_('User')
config.section_('Debug')

DEBUG 2025-11-03 19:05:30.295 UTC: 	 submit() - self.configreq {'dryrun': 0, 'workflow': 'crab_ScoutingData_Redone_3mod10_v4', 'saveoutput': 1, 'savelogsflag': 1, 'inputdata': '/ScoutingPFRun3/Run2024H-v1/HLTSCOUT', 'nonvaliddata': 1, 'userfiles': [], 'dbsurl': 'https://cmsweb.cern.ch/dbs/prod/global/DBSReader', 'useparent': 0, 'ignorelocality': 0, 'splitalgo': 'FileBased', 'algoargs': 2, 'totalunits': 0, 'publication': 0, 'publishdbsurl': 'https://cmsweb.cern.ch/dbs/prod/phys03/DBSWriter', 'publishname2': 'ScoutingData_Redone_3mod10_v4', 'jobtype': 'Analysis', 'generator': 'pythia', 'addoutputfiles': ['ScoutingTree_Output.root'], 'maxjobruntime': 2750, 'numcores': 1, 'maxmemory': 3000, 'priority': 10, 'nonprodsw': 0, 'asyncdest': 'T3_CH_CERNBOX', 'requireaccelerator': 0, 'oneEventMode': 0, 'extrajdl': [], 'ignoreglobalblacklist': 0, 'partialdataset': 0, 'inputblocks': []}
DEBUG 2025-11-03 19:05:30.295 UTC: 	 submit() - jobconfig {'addoutputfiles': [], 'tfileoutfiles': ['ScoutingTree_Output.root'], 'edmoutfiles': [], 'jobarch': 'el9_amd64_gcc12', 'jobminuarch': 'any', 'jobsw': 'CMSSW_14_0_18_patch1', 'inputdata': '/ScoutingPFRun3/Run2024H-v1/HLTSCOUT', 'cachefilename': '0b03e048929c01b413eadbd86d7a341baa071adcbbf369323f4e3768bcece89f.tar.gz', 'debugfilename': '301681e37a88edd68a9fd8332f79275521df2c440ebb6854c1dfffcd9a55ded5.tar.gz', 'jobtype': 'Analysis'}
INFO 2025-11-03 19:05:30.295 UTC: 	 Sending the request to the server at cmsweb.cern.ch
DEBUG 2025-11-03 19:05:30.295 UTC: 	 Submitting {'dryrun': 0, 'workflow': 'crab_ScoutingData_Redone_3mod10_v4', 'saveoutput': 1, 'savelogsflag': 1, 'inputdata': '/ScoutingPFRun3/Run2024H-v1/HLTSCOUT', 'nonvaliddata': 1, 'userfiles': [], 'dbsurl': 'https://cmsweb.cern.ch/dbs/prod/global/DBSReader', 'useparent': 0, 'ignorelocality': 0, 'splitalgo': 'FileBased', 'algoargs': 2, 'totalunits': 0, 'publication': 0, 'publishdbsurl': 'https://cmsweb.cern.ch/dbs/prod/phys03/DBSWriter', 'publishname2': 'ScoutingData_Redone_3mod10_v4', 'jobtype': 'Analysis', 'generator': 'pythia', 'addoutputfiles': [], 'maxjobruntime': 2750, 'numcores': 1, 'maxmemory': 3000, 'priority': 10, 'nonprodsw': 0, 'asyncdest': 'T3_CH_CERNBOX', 'requireaccelerator': 0, 'oneEventMode': 0, 'extrajdl': [], 'ignoreglobalblacklist': 0, 'partialdataset': 0, 'inputblocks': [], 'tfileoutfiles': ['ScoutingTree_Output.root'], 'edmoutfiles': [], 'jobarch': 'el9_amd64_gcc12', 'jobminuarch': 'any', 'jobsw': 'CMSSW_14_0_18_patch1', 'cachefilename': '0b03e048929c01b413eadbd86d7a341baa071adcbbf369323f4e3768bcece89f.tar.gz', 'debugfilename': '301681e37a88edd68a9fd8332f79275521df2c440ebb6854c1dfffcd9a55ded5.tar.gz'} 
DEBUG 2025-11-03 19:05:30.296 UTC: 	 Encoded data for curl request: dryrun=0&workflow=crab_ScoutingData_Redone_3mod10_v4&saveoutput=1&savelogsflag=1&inputdata=%2FScoutingPFRun3%2FRun2024H-v1%2FHLTSCOUT&nonvaliddata=1&dbsurl=https%3A%2F%2Fcmsweb.cern.ch%2Fdbs%2Fprod%2Fglobal%2FDBSReader&useparent=0&ignorelocality=0&splitalgo=FileBased&algoargs=2&totalunits=0&publication=0&publishdbsurl=https%3A%2F%2Fcmsweb.cern.ch%2Fdbs%2Fprod%2Fphys03%2FDBSWriter&publishname2=ScoutingData_Redone_3mod10_v4&jobtype=Analysis&generator=pythia&maxjobruntime=2750&numcores=1&maxmemory=3000&priority=10&nonprodsw=0&asyncdest=T3_CH_CERNBOX&requireaccelerator=0&oneEventMode=0&ignoreglobalblacklist=0&partialdataset=0&jobarch=el9_amd64_gcc12&jobminuarch=any&jobsw=CMSSW_14_0_18_patch1&cachefilename=0b03e048929c01b413eadbd86d7a341baa071adcbbf369323f4e3768bcece89f.tar.gz&debugfilename=301681e37a88edd68a9fd8332f79275521df2c440ebb6854c1dfffcd9a55ded5.tar.gz&tfileoutfiles=ScoutingTree_Output.root
DEBUG 2025-11-03 19:05:30.653 UTC: 	 Result: {'result': [{'RequestName': '251103_190530:amalhotr_crab_ScoutingData_Redone_3mod10_v4'}]}
INFO 2025-11-03 19:05:30.655 UTC: 	 Success: Your task has been delivered to the prod CRAB3 server.
INFO 2025-11-03 19:05:30.655 UTC: 	 Task name: 251103_190530:amalhotr_crab_ScoutingData_Redone_3mod10_v4
INFO 2025-11-03 19:05:30.655 UTC: 	 Project dir: ./crab_ScoutingData_Redone_3mod10_v4
INFO 2025-11-03 19:05:30.655 UTC: 	 Please use ' crab status -d ./crab_ScoutingData_Redone_3mod10_v4 ' to check how the submission process proceeds.
DEBUG 2025-11-03 19:05:30.655 UTC: 	 About to return
INFO 2025-11-03 19:05:30.659 UTC: 	 Log file is /afs/cern.ch/user/a/amalhotr/CMSSW_14_0_18_patch1/src/Run3ScoutingAnalysisTools/crab_ScoutingData_Redone_3mod10_v4/crab.log
DEBUG 2025-11-04 18:11:49.878 UTC: 	 CRAB Client version: v3.251020
DEBUG 2025-11-04 18:11:49.878 UTC: 	 Running on: Linux lxplus969.cern.ch 5.14.0-570.49.1.el9_6.x86_64 #1 SMP PREEMPT_DYNAMIC Tue Sep 23 01:11:18 EDT 2025 x86_64 x86_64 x86_64 GNU/Linux
DEBUG 2025-11-04 18:11:49.878 UTC: 	 Not using Singularity
DEBUG 2025-11-04 18:11:49.878 UTC: 	 Operating System: Red Hat Enterprise Linux 9.6 (Plow)
DEBUG 2025-11-04 18:11:49.878 UTC: 	 Executing command: 'kill'
DEBUG 2025-11-04 18:11:49.878 UTC: 	 Found CRAB cache file /afs/cern.ch/user/a/amalhotr/.crab3
DEBUG 2025-11-04 18:11:49.923 UTC: 	 Checking credentials
DEBUG 2025-11-04 18:11:49.923 UTC: 	 Found proxy file /tmp/x509up_u180451
DEBUG 2025-11-04 18:11:49.923 UTC: 	 Making sure it has proper VOMS extension
DEBUG 2025-11-04 18:11:49.923 UTC: 	 Executing command :
 voms-proxy-info --vo --file /tmp/x509up_u180451
DEBUG 2025-11-04 18:11:49.948 UTC: 	 output : cms

 error: 
 retcode : 0
DEBUG 2025-11-04 18:11:49.948 UTC: 	 Getting proxy life time left
DEBUG 2025-11-04 18:11:49.948 UTC: 	 Executing command :
 voms-proxy-info --actimeleft --timeleft --file /tmp/x509up_u180451
DEBUG 2025-11-04 18:11:49.971 UTC: 	 output : 689752
689752

 error: 
 retcode : 0
DEBUG 2025-11-04 18:11:49.971 UTC: 	 Proxy valid for 191:35:52 hours
DEBUG 2025-11-04 18:11:49.971 UTC: 	 Encoded data for curl request: subresource=delegatedn
DEBUG 2025-11-04 18:11:50.018 UTC: 	 Registering user credentials on myproxy for /DC=ch/DC=cern/OU=Organic Units/OU=Users/CN=cmscrab/CN=(817881|373708)/CN=Robot: cms crab|/DC=ch/DC=cern/OU=Organic Units/OU=Users/CN=crabint1/CN=373708/CN=Robot: CMS CRAB Integration 1
DEBUG 2025-11-04 18:11:50.019 UTC: 	 Executing command :
 voms-proxy-info --identity --file /tmp/x509up_u180451
DEBUG 2025-11-04 18:11:50.047 UTC: 	 output : /DC=ch/DC=cern/OU=Organic Units/OU=Users/CN=amalhotr/CN=884837/CN=Aryan Malhotra

 error: 
 retcode : 0
DEBUG 2025-11-04 18:11:50.047 UTC: 	 Getting myproxy life time left for 2382a3cf28fdeacb1de9b039908761ea517a5ed6
DEBUG 2025-11-04 18:11:50.047 UTC: 	 Executing command :
 myproxy-info -s myproxy.cern.ch -l 2382a3cf28fdeacb1de9b039908761ea517a5ed6
DEBUG 2025-11-04 18:11:50.347 UTC: 	 output : username: 2382a3cf28fdeacb1de9b039908761ea517a5ed6
owner: /DC=ch/DC=cern/OU=Organic Units/OU=Users/CN=amalhotr/CN=884837/CN=Aryan Malhotra
  renewal policy: /DC=ch/DC=cern/OU=Organic Units/OU=Users/CN=cmscrab/CN=(817881|373708)/CN=Robot: cms crab|/DC=ch/DC=cern/OU=Organic Units/OU=Users/CN=crabint1/CN=373708/CN=Robot: CMS CRAB Integration 1
  trusted retrieval policy: /DC=ch/DC=cern/OU=Organic Units/OU=Users/CN=cmscrab/CN=(817881|373708)/CN=Robot: cms crab|/DC=ch/DC=cern/OU=Organic Units/OU=Users/CN=crabint1/CN=373708/CN=Robot: CMS CRAB Integration 1
  timeleft: 580:37:25  (24.2 days)

 error: 
 retcode : 0
DEBUG 2025-11-04 18:11:50.348 UTC: 	 Myproxy is valid: 2090220
DEBUG 2025-11-04 18:11:50.348 UTC: 	 Result of myproxy credential check:
  Credential exists on myproxy: username: 2382a3cf28fdeacb1de9b039908761ea517a5ed6  - validity: 24 days, 4:37:00
DEBUG 2025-11-04 18:11:50.348 UTC: 	 Command use: kill
DEBUG 2025-11-04 18:11:50.349 UTC: 	 Options use: ['-d', 'crab_ScoutingData_Redone_3mod10_v4']
DEBUG 2025-11-04 18:11:50.349 UTC: 	 Encoded data for curl request: subresource=version
DEBUG 2025-11-04 18:11:50.409 UTC: 	 CRABClient version: v3.251020
DEBUG 2025-11-04 18:11:50.409 UTC: 	 Instance is prod
DEBUG 2025-11-04 18:11:50.409 UTC: 	 Server base url is cmsweb.cern.ch
DEBUG 2025-11-04 18:11:50.409 UTC: 	 Command api workflow
DEBUG 2025-11-04 18:11:50.410 UTC: 	 Killing task 251103_190530:amalhotr_crab_ScoutingData_Redone_3mod10_v4
DEBUG 2025-11-04 18:11:50.410 UTC: 	 Encoded data for curl request: workflow=251103_190530%3Aamalhotr_crab_ScoutingData_Redone_3mod10_v4
DEBUG 2025-11-04 18:11:50.458 UTC: 	 Result: {'desc': {'columns': ['tm_taskname', 'tm_task_status', 'tm_task_command', 'tm_user_role', 'tm_user_group', 'tm_task_failure', 'tm_split_algo', 'tm_split_args', 'tm_save_logs', 'tm_username', 'tm_user_dn', 'tm_arguments', 'tm_input_dataset', 'tm_dbs_url', 'tm_task_warnings', 'tm_publication', 'tm_user_webdir', 'tm_output_dataset', 'tm_collector', 'tm_schedd', 'tm_dry_run', 'clusterid', 'tm_start_time', 'tw_name', 'tm_dagman_status', 'tm_num_jobs', 'tm_uploaded']}, 'result': [{'result': 'ok'}]}
INFO 2025-11-04 18:11:50.458 UTC: 	 Kill request successfully sent
INFO 2025-11-04 18:11:50.487 UTC: 	 Log file is /afs/cern.ch/user/a/amalhotr/CMSSW_14_0_18_patch1/src/Run3ScoutingAnalysisTools/crab_ScoutingData_Redone_3mod10_v4/crab.log
