DEBUG 2025-05-21 02:18:52.244 UTC: 	 CRAB Client version: v3.250409
DEBUG 2025-05-21 02:18:52.244 UTC: 	 Running on: Linux lxplus978.cern.ch 5.14.0-503.34.1.el9_5.x86_64 #1 SMP PREEMPT_DYNAMIC Mon Mar 17 21:49:47 EDT 2025 x86_64 x86_64 x86_64 GNU/Linux
DEBUG 2025-05-21 02:18:52.244 UTC: 	 Not using Singularity
DEBUG 2025-05-21 02:18:52.244 UTC: 	 Operating System: Red Hat Enterprise Linux 9.5 (Plow)
DEBUG 2025-05-21 02:18:52.244 UTC: 	 Executing command: 'submit'
DEBUG 2025-05-21 02:18:52.245 UTC: 	 Found CRAB cache file /afs/cern.ch/user/a/amalhotr/.crab3
INFO 2025-05-21 02:18:52.245 UTC: 	 Will use CRAB configuration file chainedCrabConfig.py
DEBUG 2025-05-21 02:18:52.245 UTC: 	 Loading CRAB configuration file.
DEBUG 2025-05-21 02:18:52.256 UTC: 	 Will use CRAB plugin ANALYSIS (i.e. will run an analysis job type).
DEBUG 2025-05-21 02:18:52.305 UTC: 	 Checking credentials
DEBUG 2025-05-21 02:18:52.305 UTC: 	 Found proxy file /tmp/x509up_u180451
DEBUG 2025-05-21 02:18:52.305 UTC: 	 Making sure it has proper VOMS extension
DEBUG 2025-05-21 02:18:52.305 UTC: 	 Executing command :
 voms-proxy-info --vo --file /tmp/x509up_u180451
DEBUG 2025-05-21 02:18:52.689 UTC: 	 output : cms

 error: 
 retcode : 0
DEBUG 2025-05-21 02:18:52.689 UTC: 	 Getting proxy life time left
DEBUG 2025-05-21 02:18:52.689 UTC: 	 Executing command :
 voms-proxy-info --actimeleft --timeleft --file /tmp/x509up_u180451
DEBUG 2025-05-21 02:18:53.071 UTC: 	 output : 691172
691172

 error: 
 retcode : 0
DEBUG 2025-05-21 02:18:53.071 UTC: 	 Proxy valid for 191:59:32 hours
DEBUG 2025-05-21 02:18:53.072 UTC: 	 Encoded data for curl request: subresource=delegatedn
DEBUG 2025-05-21 02:18:53.115 UTC: 	 Registering user credentials on myproxy for /DC=ch/DC=cern/OU=computers/CN=crab-(preprod|prod)-tw(01|02).cern.ch|/DC=ch/DC=cern/OU=computers/CN=crab-dev-tw(01|02|03|04).cern.ch|/DC=ch/DC=cern/OU=Organic Units/OU=Users/CN=cmscrab/CN=(817881|373708)/CN=Robot: cms crab|/DC=ch/DC=cern/OU=Organic Units/OU=Users/CN=crabint1/CN=373708/CN=Robot: CMS CRAB Integration 1
DEBUG 2025-05-21 02:18:53.115 UTC: 	 Executing command :
 voms-proxy-info --identity --file /tmp/x509up_u180451
DEBUG 2025-05-21 02:18:53.491 UTC: 	 output : /DC=ch/DC=cern/OU=Organic Units/OU=Users/CN=amalhotr/CN=884837/CN=Aryan Malhotra

 error: 
 retcode : 0
DEBUG 2025-05-21 02:18:53.491 UTC: 	 Getting myproxy life time left for 2382a3cf28fdeacb1de9b039908761ea517a5ed6
DEBUG 2025-05-21 02:18:53.491 UTC: 	 Executing command :
 myproxy-info -s myproxy.cern.ch -l 2382a3cf28fdeacb1de9b039908761ea517a5ed6
DEBUG 2025-05-21 02:18:53.768 UTC: 	 output : username: 2382a3cf28fdeacb1de9b039908761ea517a5ed6
owner: /DC=ch/DC=cern/OU=Organic Units/OU=Users/CN=amalhotr/CN=884837/CN=Aryan Malhotra
  renewal policy: /DC=ch/DC=cern/OU=computers/CN=crab-(preprod|prod)-tw(01|02).cern.ch|/DC=ch/DC=cern/OU=computers/CN=crab-dev-tw(01|02|03|04).cern.ch|/DC=ch/DC=cern/OU=Organic Units/OU=Users/CN=cmscrab/CN=(817881|373708)/CN=Robot: cms crab|/DC=ch/DC=cern/OU=Organic Units/OU=Users/CN=crabint1/CN=373708/CN=Robot: CMS CRAB Integration 1
  trusted retrieval policy: /DC=ch/DC=cern/OU=computers/CN=crab-(preprod|prod)-tw(01|02).cern.ch|/DC=ch/DC=cern/OU=computers/CN=crab-dev-tw(01|02|03|04).cern.ch|/DC=ch/DC=cern/OU=Organic Units/OU=Users/CN=cmscrab/CN=(817881|373708)/CN=Robot: cms crab|/DC=ch/DC=cern/OU=Organic Units/OU=Users/CN=crabint1/CN=373708/CN=Robot: CMS CRAB Integration 1
  timeleft: 580:34:40  (24.2 days)

 error: 
 retcode : 0
DEBUG 2025-05-21 02:18:53.769 UTC: 	 Myproxy is valid: 2090040
DEBUG 2025-05-21 02:18:53.769 UTC: 	 Result of myproxy credential check:
  Credential exists on myproxy: username: 2382a3cf28fdeacb1de9b039908761ea517a5ed6  - validity: 24 days, 4:34:00
DEBUG 2025-05-21 02:18:53.769 UTC: 	 Command use: submit
DEBUG 2025-05-21 02:18:53.769 UTC: 	 Options use: ['-c', 'chainedCrabConfig.py']
DEBUG 2025-05-21 02:18:53.769 UTC: 	 Encoded data for curl request: subresource=version
DEBUG 2025-05-21 02:18:53.810 UTC: 	 CRABClient version: v3.250409
DEBUG 2025-05-21 02:18:53.810 UTC: 	 Instance is prod
DEBUG 2025-05-21 02:18:53.810 UTC: 	 Server base url is cmsweb.cern.ch
DEBUG 2025-05-21 02:18:53.810 UTC: 	 Command api workflow
DEBUG 2025-05-21 02:18:53.810 UTC: 	 Started submission
DEBUG 2025-05-21 02:18:53.810 UTC: 	 Working on /afs/cern.ch/user/a/amalhotr/CMSSW_14_0_18_patch1/src/Run3ScoutingAnalysisTools/crab_RealData_noLFNDirectory_v1
DEBUG 2025-05-21 02:18:53.810 UTC: 	 Encoded data for curl request: subresource=backendurls
DEBUG 2025-05-21 02:18:53.893 UTC: 	 Loading required information from the environment
DEBUG 2025-05-21 02:18:53.893 UTC: 	 Found CMSSW_14_0_18_patch1 for el9_amd64_gcc12 with base /afs/cern.ch/user/a/amalhotr/CMSSW_14_0_18_patch1
DEBUG 2025-05-21 02:18:53.893 UTC: 	 Loading required information from the environment
DEBUG 2025-05-21 02:18:53.893 UTC: 	 Found CMSSW_14_0_18_patch1 for el9_amd64_gcc12 with base /afs/cern.ch/user/a/amalhotr/CMSSW_14_0_18_patch1
DEBUG 2025-05-21 02:18:53.893 UTC: 	 UNIQUE NAME: tarUUID 96a1161e-b6b1-4b36-9e2b-1424282f2485 
DEBUG 2025-05-21 02:18:53.893 UTC: 	 self.config: from WMCore.Configuration import Configuration
config = Configuration()
config.section_('General')
config.General.transferOutputs = True
config.General.requestName = 'RealData_noLFNDirectory_v1'
config.General.transferLogs = True
config.section_('JobType')
config.JobType.pluginName = 'Analysis'
config.JobType.psetName = 'UnifiedScoutingVertexingTreeMaker.py'
config.JobType.maxJobRuntimeMin = 2000
config.section_('Data')
config.Data.inputDBS = 'global'
config.Data.publication = False
config.Data.allowNonValidInputDataset = True
config.Data.splitting = 'EventAwareLumiBased'
config.Data.totalUnits = 10000
config.Data.outputDatasetTag = 'RealData_noLFNDirectory_v1'
config.Data.unitsPerJob = 1000
config.Data.inputDataset = '/ScoutingPFRun3/Run2024H-v1/HLTSCOUT'
config.section_('Site')
config.Site.storageSite = 'T3_CH_CERNBOX'
config.section_('User')
config.section_('Debug')

DEBUG 2025-05-21 02:18:53.893 UTC: 	 self.config.JobType.psetName: UnifiedScoutingVertexingTreeMaker.py
INFO 2025-05-21 02:18:53.894 UTC: 	 Importing CMSSW configuration UnifiedScoutingVertexingTreeMaker.py
INFO 2025-05-21 02:18:54.382 UTC: 	 Finished importing CMSSW configuration UnifiedScoutingVertexingTreeMaker.py
DEBUG 2025-05-21 02:18:54.383 UTC: 	 Writing CMSSW configuration to /afs/cern.ch/user/a/amalhotr/CMSSW_14_0_18_patch1/src/Run3ScoutingAnalysisTools/crab_RealData_noLFNDirectory_v1/inputs/PSet.py
DEBUG 2025-05-21 02:18:54.401 UTC: 	 The following EDM output files will be collected: []
DEBUG 2025-05-21 02:18:54.401 UTC: 	 The following TFile output files will be collected: ['DY2M_ScoutingTree_Output.root']
DEBUG 2025-05-21 02:18:54.401 UTC: 	 The following user output files (not listed as PoolOuputModule or TFileService in the CMSSW PSet) will be collected: 
DEBUG 2025-05-21 02:18:54.401 UTC: 	 Loading required information from the environment
DEBUG 2025-05-21 02:18:54.401 UTC: 	 Found CMSSW_14_0_18_patch1 for el9_amd64_gcc12 with base /afs/cern.ch/user/a/amalhotr/CMSSW_14_0_18_patch1
DEBUG 2025-05-21 02:18:54.401 UTC: 	 Making tarball in /afs/cern.ch/user/a/amalhotr/CMSSW_14_0_18_patch1/src/Run3ScoutingAnalysisTools/crab_RealData_noLFNDirectory_v1/inputs/96a1161e-b6b1-4b36-9e2b-1424282f2485default.tgz
DEBUG 2025-05-21 02:18:54.402 UTC: 	 Checking directory /afs/cern.ch/user/a/amalhotr/CMSSW_14_0_18_patch1/bin
DEBUG 2025-05-21 02:18:54.402 UTC: 	 Adding directory /afs/cern.ch/user/a/amalhotr/CMSSW_14_0_18_patch1/bin to tarball
DEBUG 2025-05-21 02:18:54.427 UTC: 	 Checking directory /afs/cern.ch/user/a/amalhotr/CMSSW_14_0_18_patch1/python
DEBUG 2025-05-21 02:18:54.427 UTC: 	 Adding directory /afs/cern.ch/user/a/amalhotr/CMSSW_14_0_18_patch1/python to tarball
DEBUG 2025-05-21 02:18:55.121 UTC: 	 Checking directory /afs/cern.ch/user/a/amalhotr/CMSSW_14_0_18_patch1/cfipython
DEBUG 2025-05-21 02:18:55.121 UTC: 	 Adding directory /afs/cern.ch/user/a/amalhotr/CMSSW_14_0_18_patch1/cfipython to tarball
DEBUG 2025-05-21 02:18:55.329 UTC: 	 Checking directory /afs/cern.ch/user/a/amalhotr/CMSSW_14_0_18_patch1/lib
DEBUG 2025-05-21 02:18:55.329 UTC: 	 Adding directory /afs/cern.ch/user/a/amalhotr/CMSSW_14_0_18_patch1/lib to tarball
DEBUG 2025-05-21 02:18:55.422 UTC: 	 Checking directory /afs/cern.ch/user/a/amalhotr/CMSSW_14_0_18_patch1/biglib
DEBUG 2025-05-21 02:18:55.422 UTC: 	 Adding directory /afs/cern.ch/user/a/amalhotr/CMSSW_14_0_18_patch1/biglib to tarball
DEBUG 2025-05-21 02:18:55.438 UTC: 	 Checking directory /afs/cern.ch/user/a/amalhotr/CMSSW_14_0_18_patch1/module
DEBUG 2025-05-21 02:18:55.438 UTC: 	 Checking directory /afs/cern.ch/user/a/amalhotr/CMSSW_14_0_18_patch1/config/SCRAM/hooks
DEBUG 2025-05-21 02:18:55.438 UTC: 	 Adding directory /afs/cern.ch/user/a/amalhotr/CMSSW_14_0_18_patch1/config/SCRAM/hooks to tarball
DEBUG 2025-05-21 02:18:55.557 UTC: 	 Adding directory /afs/cern.ch/user/a/amalhotr/CMSSW_14_0_18_patch1/src/Run3ScoutingAnalysisTools/DataFormats/Scouting/interface to tarball
DEBUG 2025-05-21 02:18:55.609 UTC: 	 Adding directory /afs/cern.ch/user/a/amalhotr/CMSSW_14_0_18_patch1/src/Run3ScoutingAnalysisTools/ScoutingTreeMakerRun3/python to tarball
DEBUG 2025-05-21 02:18:55.652 UTC: 	 Adding directory /afs/cern.ch/user/a/amalhotr/CMSSW_14_0_18_patch1/src/DataFormats/Scouting/interface to tarball
DEBUG 2025-05-21 02:18:55.713 UTC: 	 Adding directory /afs/cern.ch/user/a/amalhotr/CMSSW_14_0_18_patch1/src/Configuration/GenProduction/python to tarball
DEBUG 2025-05-21 02:18:55.825 UTC: 	 Uploading archive /afs/cern.ch/user/a/amalhotr/CMSSW_14_0_18_patch1/src/Run3ScoutingAnalysisTools/crab_RealData_noLFNDirectory_v1/inputs/96a1161e-b6b1-4b36-9e2b-1424282f2485default.tgz (441 KB) to the CRAB cache. Using URI https://cmsweb.cern.ch/S3/crabcache_prod
DEBUG 2025-05-21 02:18:55.965 UTC: 	 Encoded data for curl request: subresource=upload&objecttype=sandbox&tarballname=a0f6cd583235f6dd2f29b789d13287b8410fef519df7798178c1d4133ad182dd.tar.gz
DEBUG 2025-05-21 02:18:56.141 UTC: 	 sandbox a0f6cd583235f6dd2f29b789d13287b8410fef519df7798178c1d4133ad182dd.tar.gz is already in the S3 store, will not upload again
DEBUG 2025-05-21 02:18:56.142 UTC: 	 Loading required information from the environment
DEBUG 2025-05-21 02:18:56.142 UTC: 	 Found CMSSW_14_0_18_patch1 for el9_amd64_gcc12 with base /afs/cern.ch/user/a/amalhotr/CMSSW_14_0_18_patch1
DEBUG 2025-05-21 02:18:56.142 UTC: 	 Making tarball in /afs/cern.ch/user/a/amalhotr/CMSSW_14_0_18_patch1/src/Run3ScoutingAnalysisTools/crab_RealData_noLFNDirectory_v1/inputs/debugFiles.tgz
DEBUG 2025-05-21 02:18:56.146 UTC: 	 Uploading archive /afs/cern.ch/user/a/amalhotr/CMSSW_14_0_18_patch1/src/Run3ScoutingAnalysisTools/crab_RealData_noLFNDirectory_v1/inputs/debugFiles.tgz (3 KB) to the CRAB cache. Using URI https://cmsweb.cern.ch/S3/crabcache_prod
DEBUG 2025-05-21 02:18:56.148 UTC: 	 Encoded data for curl request: subresource=upload&objecttype=sandbox&tarballname=5829787ef3b0f9db9b6ac339df25e2a47286660a3ea8b2bfcbe6a3b9eb5f5756.tar.gz
DEBUG 2025-05-21 02:18:56.212 UTC: 	 Will execute:
curl -f -v -X POST  -H "User-Agent: CRAB" -F "key=amalhotr/sandboxes/5829787ef3b0f9db9b6ac339df25e2a47286660a3ea8b2bfcbe6a3b9eb5f5756.tar.gz" -F "AWSAccessKeyId=715203df6482458ba839e73e6dab634b" -F "policy=eyJleHBpcmF0aW9uIjogIjIwMjUtMDUtMjFUMDM6MTg6NTZaIiwgImNvbmRpdGlvbnMiOiBbeyJidWNrZXQiOiAiY3JhYmNhY2hlX3Byb2QifSwgeyJrZXkiOiAiYW1hbGhvdHIvc2FuZGJveGVzLzU4Mjk3ODdlZjNiMGY5ZGI5YjZhYzMzOWRmMjVlMmE0NzI4NjY2MGEzZWE4YjJiZmNiZTZhM2I5ZWI1ZjU3NTYudGFyLmd6In1dfQ==" -F "signature=1JHH+7B3i8VABmCwmrdWd7Q+330=" -F "file=@/afs/cern.ch/user/a/amalhotr/CMSSW_14_0_18_patch1/src/Run3ScoutingAnalysisTools/crab_RealData_noLFNDirectory_v1/inputs/debugFiles.tgz" "https://s3.cern.ch/crabcache_prod"
DEBUG 2025-05-21 02:18:56.306 UTC: 	 exitcode: 0
stdout: b''
DEBUG 2025-05-21 02:18:56.306 UTC: 	 upload to S3 of sandbox /afs/cern.ch/user/a/amalhotr/CMSSW_14_0_18_patch1/src/Run3ScoutingAnalysisTools/crab_RealData_noLFNDirectory_v1/inputs/debugFiles.tgz completed
DEBUG 2025-05-21 02:18:56.306 UTC: 	 make sure that object is ready for retrieve
DEBUG 2025-05-21 02:18:57.307 UTC: 	 Encoded data for curl request: subresource=download&objecttype=sandbox&tarballname=5829787ef3b0f9db9b6ac339df25e2a47286660a3ea8b2bfcbe6a3b9eb5f5756.tar.gz&clientmethod=head_object
DEBUG 2025-05-21 02:18:57.348 UTC: 	 PreSignedUrl to download sandbox received OK
DEBUG 2025-05-21 02:18:57.350 UTC: 	 Will execute:
 curl -v -s -f -o /dev/null --head  "https://s3.cern.ch/crabcache_prod/amalhotr/sandboxes/5829787ef3b0f9db9b6ac339df25e2a47286660a3ea8b2bfcbe6a3b9eb5f5756.tar.gz?AWSAccessKeyId=715203df6482458ba839e73e6dab634b&Signature=iTuJGd%2FRDsD7QOksX032p41Q9E0%3D&Expires=1747797537"
DEBUG 2025-05-21 02:18:57.382 UTC: 	 exitcode: 0
stdout: b''
DEBUG 2025-05-21 02:18:57.382 UTC: 	 sandbox /afs/cern.ch/user/a/amalhotr/CMSSW_14_0_18_patch1/src/Run3ScoutingAnalysisTools/crab_RealData_noLFNDirectory_v1/inputs/debugFiles.tgz successfully uploaded to S3
DEBUG 2025-05-21 02:18:57.382 UTC: 	 Result uploading input files: a0f6cd583235f6dd2f29b789d13287b8410fef519df7798178c1d4133ad182dd.tar.gz 
DEBUG 2025-05-21 02:18:57.382 UTC: 	 submit() - self.configuration from WMCore.Configuration import Configuration
config = Configuration()
config.section_('General')
config.General.transferOutputs = True
config.General.requestName = 'RealData_noLFNDirectory_v1'
config.General.transferLogs = True
config.section_('JobType')
config.JobType.pluginName = 'Analysis'
config.JobType.psetName = 'UnifiedScoutingVertexingTreeMaker.py'
config.JobType.maxJobRuntimeMin = 2000
config.section_('Data')
config.Data.inputDBS = 'global'
config.Data.publication = False
config.Data.allowNonValidInputDataset = True
config.Data.splitting = 'EventAwareLumiBased'
config.Data.totalUnits = 10000
config.Data.outputDatasetTag = 'RealData_noLFNDirectory_v1'
config.Data.unitsPerJob = 1000
config.Data.inputDataset = '/ScoutingPFRun3/Run2024H-v1/HLTSCOUT'
config.section_('Site')
config.Site.storageSite = 'T3_CH_CERNBOX'
config.section_('User')
config.section_('Debug')

DEBUG 2025-05-21 02:18:57.382 UTC: 	 submit() - self.configreq {'dryrun': 0, 'workflow': 'crab_RealData_noLFNDirectory_v1', 'saveoutput': 1, 'savelogsflag': 1, 'inputdata': '/ScoutingPFRun3/Run2024H-v1/HLTSCOUT', 'nonvaliddata': 1, 'userfiles': [], 'dbsurl': 'https://cmsweb.cern.ch/dbs/prod/global/DBSReader', 'useparent': 0, 'ignorelocality': 0, 'splitalgo': 'EventAwareLumiBased', 'algoargs': 1000, 'totalunits': 10000, 'publication': 0, 'publishdbsurl': 'https://cmsweb.cern.ch/dbs/prod/phys03/DBSWriter', 'publishname2': 'RealData_noLFNDirectory_v1', 'jobtype': 'Analysis', 'generator': 'pythia', 'addoutputfiles': [], 'maxjobruntime': 2000, 'numcores': 1, 'maxmemory': 2000, 'priority': 10, 'nonprodsw': 0, 'asyncdest': 'T3_CH_CERNBOX', 'requireaccelerator': 0, 'oneEventMode': 0, 'extrajdl': [], 'ignoreglobalblacklist': 0, 'partialdataset': 0, 'inputblocks': []}
DEBUG 2025-05-21 02:18:57.382 UTC: 	 submit() - jobconfig {'addoutputfiles': [], 'tfileoutfiles': ['DY2M_ScoutingTree_Output.root'], 'edmoutfiles': [], 'jobarch': 'el9_amd64_gcc12', 'jobminuarch': 'any', 'jobsw': 'CMSSW_14_0_18_patch1', 'inputdata': '/ScoutingPFRun3/Run2024H-v1/HLTSCOUT', 'cacheurl': 'https://cmsweb.cern.ch/S3/crabcache_prod', 'cachefilename': 'a0f6cd583235f6dd2f29b789d13287b8410fef519df7798178c1d4133ad182dd.tar.gz', 'debugfilename': '5829787ef3b0f9db9b6ac339df25e2a47286660a3ea8b2bfcbe6a3b9eb5f5756.tar.gz', 'jobtype': 'Analysis'}
INFO 2025-05-21 02:18:57.383 UTC: 	 Sending the request to the server at cmsweb.cern.ch
DEBUG 2025-05-21 02:18:57.383 UTC: 	 Submitting {'dryrun': 0, 'workflow': 'crab_RealData_noLFNDirectory_v1', 'saveoutput': 1, 'savelogsflag': 1, 'inputdata': '/ScoutingPFRun3/Run2024H-v1/HLTSCOUT', 'nonvaliddata': 1, 'userfiles': [], 'dbsurl': 'https://cmsweb.cern.ch/dbs/prod/global/DBSReader', 'useparent': 0, 'ignorelocality': 0, 'splitalgo': 'EventAwareLumiBased', 'algoargs': 1000, 'totalunits': 10000, 'publication': 0, 'publishdbsurl': 'https://cmsweb.cern.ch/dbs/prod/phys03/DBSWriter', 'publishname2': 'RealData_noLFNDirectory_v1', 'jobtype': 'Analysis', 'generator': 'pythia', 'addoutputfiles': [], 'maxjobruntime': 2000, 'numcores': 1, 'maxmemory': 2000, 'priority': 10, 'nonprodsw': 0, 'asyncdest': 'T3_CH_CERNBOX', 'requireaccelerator': 0, 'oneEventMode': 0, 'extrajdl': [], 'ignoreglobalblacklist': 0, 'partialdataset': 0, 'inputblocks': [], 'tfileoutfiles': ['DY2M_ScoutingTree_Output.root'], 'edmoutfiles': [], 'jobarch': 'el9_amd64_gcc12', 'jobminuarch': 'any', 'jobsw': 'CMSSW_14_0_18_patch1', 'cacheurl': 'https://cmsweb.cern.ch/S3/crabcache_prod', 'cachefilename': 'a0f6cd583235f6dd2f29b789d13287b8410fef519df7798178c1d4133ad182dd.tar.gz', 'debugfilename': '5829787ef3b0f9db9b6ac339df25e2a47286660a3ea8b2bfcbe6a3b9eb5f5756.tar.gz'} 
DEBUG 2025-05-21 02:18:57.383 UTC: 	 Encoded data for curl request: dryrun=0&workflow=crab_RealData_noLFNDirectory_v1&saveoutput=1&savelogsflag=1&inputdata=%2FScoutingPFRun3%2FRun2024H-v1%2FHLTSCOUT&nonvaliddata=1&dbsurl=https%3A%2F%2Fcmsweb.cern.ch%2Fdbs%2Fprod%2Fglobal%2FDBSReader&useparent=0&ignorelocality=0&splitalgo=EventAwareLumiBased&algoargs=1000&totalunits=10000&publication=0&publishdbsurl=https%3A%2F%2Fcmsweb.cern.ch%2Fdbs%2Fprod%2Fphys03%2FDBSWriter&publishname2=RealData_noLFNDirectory_v1&jobtype=Analysis&generator=pythia&maxjobruntime=2000&numcores=1&maxmemory=2000&priority=10&nonprodsw=0&asyncdest=T3_CH_CERNBOX&requireaccelerator=0&oneEventMode=0&ignoreglobalblacklist=0&partialdataset=0&jobarch=el9_amd64_gcc12&jobminuarch=any&jobsw=CMSSW_14_0_18_patch1&cacheurl=https%3A%2F%2Fcmsweb.cern.ch%2FS3%2Fcrabcache_prod&cachefilename=a0f6cd583235f6dd2f29b789d13287b8410fef519df7798178c1d4133ad182dd.tar.gz&debugfilename=5829787ef3b0f9db9b6ac339df25e2a47286660a3ea8b2bfcbe6a3b9eb5f5756.tar.gz&tfileoutfiles=DY2M_ScoutingTree_Output.root
DEBUG 2025-05-21 02:18:57.534 UTC: 	 Result: {'result': [{'RequestName': '250521_021857:amalhotr_crab_RealData_noLFNDirectory_v1'}]}
INFO 2025-05-21 02:18:57.537 UTC: 	 Success: Your task has been delivered to the prod CRAB3 server.
INFO 2025-05-21 02:18:57.537 UTC: 	 Task name: 250521_021857:amalhotr_crab_RealData_noLFNDirectory_v1
INFO 2025-05-21 02:18:57.538 UTC: 	 Project dir: ./crab_RealData_noLFNDirectory_v1
INFO 2025-05-21 02:18:57.538 UTC: 	 Please use ' crab status -d ./crab_RealData_noLFNDirectory_v1 ' to check how the submission process proceeds.
DEBUG 2025-05-21 02:18:57.538 UTC: 	 About to return
INFO 2025-05-21 02:18:57.543 UTC: 	 Log file is /afs/cern.ch/user/a/amalhotr/CMSSW_14_0_18_patch1/src/Run3ScoutingAnalysisTools/crab_RealData_noLFNDirectory_v1/crab.log
DEBUG 2025-05-21 03:04:15.325 UTC: 	 CRAB Client version: v3.250409
DEBUG 2025-05-21 03:04:15.325 UTC: 	 Running on: Linux lxplus978.cern.ch 5.14.0-503.34.1.el9_5.x86_64 #1 SMP PREEMPT_DYNAMIC Mon Mar 17 21:49:47 EDT 2025 x86_64 x86_64 x86_64 GNU/Linux
DEBUG 2025-05-21 03:04:15.325 UTC: 	 Not using Singularity
DEBUG 2025-05-21 03:04:15.325 UTC: 	 Operating System: Red Hat Enterprise Linux 9.5 (Plow)
DEBUG 2025-05-21 03:04:15.325 UTC: 	 Executing command: 'status'
DEBUG 2025-05-21 03:04:15.325 UTC: 	 Found CRAB cache file /afs/cern.ch/user/a/amalhotr/.crab3
DEBUG 2025-05-21 03:04:15.329 UTC: 	 Checking credentials
DEBUG 2025-05-21 03:04:15.329 UTC: 	 Found proxy file /tmp/x509up_u180451
DEBUG 2025-05-21 03:04:15.329 UTC: 	 Making sure it has proper VOMS extension
DEBUG 2025-05-21 03:04:15.329 UTC: 	 Executing command :
 voms-proxy-info --vo --file /tmp/x509up_u180451
DEBUG 2025-05-21 03:04:15.716 UTC: 	 output : cms

 error: 
 retcode : 0
DEBUG 2025-05-21 03:04:15.716 UTC: 	 Getting proxy life time left
DEBUG 2025-05-21 03:04:15.716 UTC: 	 Executing command :
 voms-proxy-info --actimeleft --timeleft --file /tmp/x509up_u180451
DEBUG 2025-05-21 03:04:16.116 UTC: 	 output : 688449
688449

 error: 
 retcode : 0
DEBUG 2025-05-21 03:04:16.116 UTC: 	 Proxy valid for 191:14:09 hours
DEBUG 2025-05-21 03:04:16.116 UTC: 	 Encoded data for curl request: subresource=delegatedn
DEBUG 2025-05-21 03:04:16.162 UTC: 	 Registering user credentials on myproxy for /DC=ch/DC=cern/OU=computers/CN=crab-(preprod|prod)-tw(01|02).cern.ch|/DC=ch/DC=cern/OU=computers/CN=crab-dev-tw(01|02|03|04).cern.ch|/DC=ch/DC=cern/OU=Organic Units/OU=Users/CN=cmscrab/CN=(817881|373708)/CN=Robot: cms crab|/DC=ch/DC=cern/OU=Organic Units/OU=Users/CN=crabint1/CN=373708/CN=Robot: CMS CRAB Integration 1
DEBUG 2025-05-21 03:04:16.162 UTC: 	 Executing command :
 voms-proxy-info --identity --file /tmp/x509up_u180451
DEBUG 2025-05-21 03:04:16.565 UTC: 	 output : /DC=ch/DC=cern/OU=Organic Units/OU=Users/CN=amalhotr/CN=884837/CN=Aryan Malhotra

 error: 
 retcode : 0
DEBUG 2025-05-21 03:04:16.566 UTC: 	 Getting myproxy life time left for 2382a3cf28fdeacb1de9b039908761ea517a5ed6
DEBUG 2025-05-21 03:04:16.566 UTC: 	 Executing command :
 myproxy-info -s myproxy.cern.ch -l 2382a3cf28fdeacb1de9b039908761ea517a5ed6
DEBUG 2025-05-21 03:04:16.838 UTC: 	 output : username: 2382a3cf28fdeacb1de9b039908761ea517a5ed6
owner: /DC=ch/DC=cern/OU=Organic Units/OU=Users/CN=amalhotr/CN=884837/CN=Aryan Malhotra
  renewal policy: /DC=ch/DC=cern/OU=computers/CN=crab-(preprod|prod)-tw(01|02).cern.ch|/DC=ch/DC=cern/OU=computers/CN=crab-dev-tw(01|02|03|04).cern.ch|/DC=ch/DC=cern/OU=Organic Units/OU=Users/CN=cmscrab/CN=(817881|373708)/CN=Robot: cms crab|/DC=ch/DC=cern/OU=Organic Units/OU=Users/CN=crabint1/CN=373708/CN=Robot: CMS CRAB Integration 1
  trusted retrieval policy: /DC=ch/DC=cern/OU=computers/CN=crab-(preprod|prod)-tw(01|02).cern.ch|/DC=ch/DC=cern/OU=computers/CN=crab-dev-tw(01|02|03|04).cern.ch|/DC=ch/DC=cern/OU=Organic Units/OU=Users/CN=cmscrab/CN=(817881|373708)/CN=Robot: cms crab|/DC=ch/DC=cern/OU=Organic Units/OU=Users/CN=crabint1/CN=373708/CN=Robot: CMS CRAB Integration 1
  timeleft: 579:49:17  (24.2 days)

 error: 
 retcode : 0
DEBUG 2025-05-21 03:04:16.839 UTC: 	 Myproxy is valid: 2087340
DEBUG 2025-05-21 03:04:16.839 UTC: 	 Result of myproxy credential check:
  Credential exists on myproxy: username: 2382a3cf28fdeacb1de9b039908761ea517a5ed6  - validity: 24 days, 3:49:00
DEBUG 2025-05-21 03:04:16.839 UTC: 	 Retrieving username ...
DEBUG 2025-05-21 03:04:16.839 UTC: 	 Retrieving username from CRIC...
DEBUG 2025-05-21 03:04:17.656 UTC: 	 username is amalhotr
INFO 2025-05-21 03:04:18.151 UTC: 	 Rucio client intialized for account amalhotr
DEBUG 2025-05-21 03:04:18.151 UTC: 	 Command use: status
DEBUG 2025-05-21 03:04:18.151 UTC: 	 Options use: ['-d', './crab_RealData_noLFNDirectory_v1']
DEBUG 2025-05-21 03:04:18.151 UTC: 	 Encoded data for curl request: subresource=version
DEBUG 2025-05-21 03:04:18.192 UTC: 	 CRABClient version: v3.250409
DEBUG 2025-05-21 03:04:18.192 UTC: 	 Instance is prod
DEBUG 2025-05-21 03:04:18.192 UTC: 	 Server base url is cmsweb.cern.ch
DEBUG 2025-05-21 03:04:18.192 UTC: 	 Command api workflow
DEBUG 2025-05-21 03:04:18.192 UTC: 	 Encoded data for curl request: subresource=search&workflow=250521_021857%3Aamalhotr_crab_RealData_noLFNDirectory_v1
DEBUG 2025-05-21 03:04:18.249 UTC: 	 Got information from server oracle database: {'desc': {'columns': ['tm_taskname', 'tm_activity', 'tm_task_status', 'tm_task_command', 'tm_start_time', 'tm_start_injection', 'tm_end_injection', 'tm_task_failure', 'tm_job_sw', 'tm_job_arch', 'tm_input_dataset', 'tm_nonvalid_input_dataset', 'tm_use_parent', 'tm_site_whitelist', 'tm_site_blacklist', 'tm_split_algo', 'tm_split_args', 'tm_user_sandbox', 'tm_cache_url', 'tm_username', 'tm_user_dn', 'tm_user_vo', 'tm_user_role', 'tm_user_group', 'tm_publish_name', 'tm_publish_groupname', 'tm_asyncdest', 'tm_dbs_url', 'tm_publish_dbs_url', 'tm_publication', 'tm_outfiles', 'tm_tfile_outfiles', 'tm_edm_outfiles', 'tm_job_type', 'tm_generator', 'tm_events_per_lumi', 'tm_arguments', 'tm_save_logs', 'tw_name', 'tm_user_infiles', 'tm_maxjobruntime', 'tm_numcores', 'tm_maxmemory', 'tm_priority', 'tm_output_dataset', 'tm_task_warnings', 'tm_user_webdir', 'tm_scriptexe', 'tm_scriptargs', 'tm_extrajdl', 'tm_collector', 'tm_schedd', 'tm_dry_run', 'tm_user_files', 'tm_transfer_outputs', 'tm_output_lfn', 'tm_ignore_locality', 'tm_fail_limit', 'tm_one_event_mode', 'tm_secondary_input_dataset', 'tm_primary_dataset', 'tm_last_publication', 'tm_debug_files', 'clusterid', 'tm_ignore_global_blacklist', 'tm_submitter_ip_addr', 'tm_totalunits', 'tm_ddm_reqid', 'tm_user_config', 'tm_transfer_container', 'tm_transfer_rule', 'tm_publish_rule', 'tm_multipub_rule', 'tm_job_min_microarch', 'tm_dagman_status', 'tm_num_jobs', 'tm_uploaded']}, 'result': ['250521_021857:amalhotr_crab_RealData_noLFNDirectory_v1', 'None', 'SUBMITTED', 'SUBMIT', '2025-05-21 02:18:57.527699', 'None', '2025-05-21 02:20:43.198404', 'None', 'CMSSW_14_0_18_patch1', 'el9_amd64_gcc12', '/ScoutingPFRun3/Run2024H-v1/HLTSCOUT', 'T', '0', '[]', '[]', 'EventAwareLumiBased', "{'halt_job_on_file_boundaries': False, 'splitOnRun': False, 'events_per_job': 1000, 'runs': [], 'lumis': []}", 'a0f6cd583235f6dd2f29b789d13287b8410fef519df7798178c1d4133ad182dd.tar.gz', 'https://cmsweb.cern.ch/S3/crabcache_prod', 'amalhotr', '/DC=ch/DC=cern/OU=Organic Units/OU=Users/CN=amalhotr/CN=884837/CN=Aryan Malhotra', 'cms', 'None', 'None', 'RealData_noLFNDirectory_v1-00000000000000000000000000000000', 'F', 'T3_CH_CERNBOX', 'https://cmsweb.cern.ch/dbs/prod/global/DBSReader', 'https://cmsweb.cern.ch/dbs/prod/phys03/DBSWriter', 'F', '[]', "['DY2M_ScoutingTree_Output.root']", '[]', 'Analysis', 'pythia', 'None', '{}', 'T', 'crab-prod-tw01', '[]', '2000', '1', '2000', '10', 'None', '[]', 'http://vocms0199.cern.ch/mon/amalhotr/250521_021857:amalhotr_crab_RealData_noLFNDirectory_v1', 'None', '[]', '[]', 'cmsgwms-collector-global.cern.ch:9620,cmsgwms-collector-global.fnal.gov:9620', 'crab3@vocms0199.cern.ch', 'F', '[]', 'T', '/store/user/amalhotr/', 'F', 'None', 'F', 'None', 'ScoutingPFRun3', 'None', '5829787ef3b0f9db9b6ac339df25e2a47286660a3ea8b2bfcbe6a3b9eb5f5756.tar.gz', '83672621', 'F', '188.184.75.82', '10000.0', 'None', '{"partialdataset": false, "requireaccelerator": false, "acceleratorparams": null, "inputblocks": null}', 'None', 'None', 'None', 'None', 'any', 'RUNNING', '1', 'F']}
INFO 2025-05-21 03:04:18.249 UTC: 	 CRAB project directory:		/afs/cern.ch/user/a/amalhotr/CMSSW_14_0_18_patch1/src/Run3ScoutingAnalysisTools/crab_RealData_noLFNDirectory_v1
INFO 2025-05-21 03:04:18.249 UTC: 	 Task name:			250521_021857:amalhotr_crab_RealData_noLFNDirectory_v1
INFO 2025-05-21 03:04:18.249 UTC: 	 Grid scheduler - Task Worker:	crab3@vocms0199.cern.ch - crab-prod-tw01
INFO 2025-05-21 03:04:18.249 UTC: 	 Status on the CRAB server:	SUBMITTED
INFO 2025-05-21 03:04:18.249 UTC: 	 Task URL to use for HELP:	https://cmsweb.cern.ch/crabserver/ui/task/250521_021857%3Aamalhotr_crab_RealData_noLFNDirectory_v1
INFO 2025-05-21 03:04:18.255 UTC: 	 Dashboard monitoring URL:	https://monit-grafana.cern.ch/d/cmsTMDetail/cms-task-monitoring-task-view?orgId=11&var-user=amalhotr&var-task=250521_021857%3Aamalhotr_crab_RealData_noLFNDirectory_v1&from=1747790337000&to=now
DEBUG 2025-05-21 03:04:18.255 UTC: 	 The CRAB server submitted your task to the Grid scheduler (cluster ID: 83672621)
DEBUG 2025-05-21 03:04:18.255 UTC: 	 Webdir is located at http://vocms0199.cern.ch/mon/amalhotr/250521_021857:amalhotr_crab_RealData_noLFNDirectory_v1
DEBUG 2025-05-21 03:04:18.255 UTC: 	 Encoded data for curl request: subresource=webdirprx&workflow=250521_021857%3Aamalhotr_crab_RealData_noLFNDirectory_v1
DEBUG 2025-05-21 03:04:18.296 UTC: 	 Proxied webdir is located at https://cmsweb.cern.ch/scheddmon/0199/amalhotr/250521_021857:amalhotr_crab_RealData_noLFNDirectory_v1
DEBUG 2025-05-21 03:04:18.297 UTC: 	 Retrieving 'status_cache' file from https://cmsweb.cern.ch/scheddmon/0199/amalhotr/250521_021857:amalhotr_crab_RealData_noLFNDirectory_v1/status_cache.pkl
DEBUG 2025-05-21 03:04:18.297 UTC: 	 Will execute:
curl -sS --capath /etc/grid-security/certificates --cert /tmp/x509up_u180451 --key /tmp/x509up_u180451 -o /tmp/crab_status-cache-v0my981j.pkl -w %"{http_code}" "https://cmsweb.cern.ch/scheddmon/0199/amalhotr/250521_021857:amalhotr_crab_RealData_noLFNDirectory_v1/status_cache.pkl"
DEBUG 2025-05-21 03:04:18.297 UTC: 	 Executing command :
 curl -sS --capath /etc/grid-security/certificates --cert /tmp/x509up_u180451 --key /tmp/x509up_u180451 -o /tmp/crab_status-cache-v0my981j.pkl -w %"{http_code}" "https://cmsweb.cern.ch/scheddmon/0199/amalhotr/250521_021857:amalhotr_crab_RealData_noLFNDirectory_v1/status_cache.pkl"
DEBUG 2025-05-21 03:04:18.338 UTC: 	 output : 200
 error: 
 retcode : 0
DEBUG 2025-05-21 03:04:18.338 UTC: 	 exitcode: 0
stdout: 200
stderr: 
error details: 
DEBUG 2025-05-21 03:04:18.338 UTC: 	 Got information from status cache file: {'1': {'Retries': 0, 'Restarts': 0, 'SiteHistory': ['Unknown', 'T2_IT_Legnaro', 'T2_IT_Legnaro'], 'ResidentSetSize': [1148156], 'SubmitTimes': [1747794107.0], 'StartTimes': [1747794178.0], 'EndTimes': [], 'TotalUserCpuTimeHistory': [1920.0], 'TotalSysCpuTimeHistory': [4.0], 'WallDurations': [8.0, 296.1595199108124, 2111.0], 'JobIds': ['83672624.0'], 'State': 'running', 'RecordedSite': True}}
INFO 2025-05-21 03:04:18.338 UTC: 	 Status on the scheduler:	SUBMITTED
INFO 2025-05-21 03:04:18.339 UTC: 	 
Jobs status:                    running      		100.0% (1/1)
INFO 2025-05-21 03:04:18.339 UTC: 	 
No publication information (publication has been disabled in the CRAB configuration file)
INFO 2025-05-21 03:04:18.347 UTC: 	 Log file is /afs/cern.ch/user/a/amalhotr/CMSSW_14_0_18_patch1/src/Run3ScoutingAnalysisTools/crab_RealData_noLFNDirectory_v1/crab.log
DEBUG 2025-09-08 16:49:57.522 UTC: 	 CRAB Client version: v3.250820
DEBUG 2025-09-08 16:49:57.522 UTC: 	 Running on: Linux lxplus935.cern.ch 5.14.0-570.37.1.el9_6.x86_64 #1 SMP PREEMPT_DYNAMIC Sat Aug 16 01:10:00 EDT 2025 x86_64 x86_64 x86_64 GNU/Linux
DEBUG 2025-09-08 16:49:57.522 UTC: 	 Not using Singularity
DEBUG 2025-09-08 16:49:57.522 UTC: 	 Operating System: Red Hat Enterprise Linux 9.6 (Plow)
DEBUG 2025-09-08 16:49:57.523 UTC: 	 Executing command: 'kill'
DEBUG 2025-09-08 16:49:57.523 UTC: 	 Found CRAB cache file /afs/cern.ch/user/a/amalhotr/.crab3
DEBUG 2025-09-08 16:49:57.715 UTC: 	 Checking credentials
DEBUG 2025-09-08 16:49:57.716 UTC: 	 Found proxy file /tmp/x509up_u180451
DEBUG 2025-09-08 16:49:57.716 UTC: 	 Making sure it has proper VOMS extension
DEBUG 2025-09-08 16:49:57.716 UTC: 	 Executing command :
 voms-proxy-info --vo --file /tmp/x509up_u180451
DEBUG 2025-09-08 16:49:57.739 UTC: 	 output : cms

 error: 
 retcode : 0
DEBUG 2025-09-08 16:49:57.739 UTC: 	 Getting proxy life time left
DEBUG 2025-09-08 16:49:57.739 UTC: 	 Executing command :
 voms-proxy-info --actimeleft --timeleft --file /tmp/x509up_u180451
DEBUG 2025-09-08 16:49:57.766 UTC: 	 output : 690705
690705

 error: 
 retcode : 0
DEBUG 2025-09-08 16:49:57.766 UTC: 	 Proxy valid for 191:51:45 hours
DEBUG 2025-09-08 16:49:57.766 UTC: 	 Encoded data for curl request: subresource=delegatedn
DEBUG 2025-09-08 16:49:57.810 UTC: 	 Registering user credentials on myproxy for /DC=ch/DC=cern/OU=computers/CN=crab-(preprod|prod)-tw(01|02).cern.ch|/DC=ch/DC=cern/OU=computers/CN=crab-dev-tw(01|02|03|04).cern.ch|/DC=ch/DC=cern/OU=Organic Units/OU=Users/CN=cmscrab/CN=(817881|373708)/CN=Robot: cms crab|/DC=ch/DC=cern/OU=Organic Units/OU=Users/CN=crabint1/CN=373708/CN=Robot: CMS CRAB Integration 1
DEBUG 2025-09-08 16:49:57.810 UTC: 	 Executing command :
 voms-proxy-info --identity --file /tmp/x509up_u180451
DEBUG 2025-09-08 16:49:57.844 UTC: 	 output : /DC=ch/DC=cern/OU=Organic Units/OU=Users/CN=amalhotr/CN=884837/CN=Aryan Malhotra

 error: 
 retcode : 0
DEBUG 2025-09-08 16:49:57.844 UTC: 	 Getting myproxy life time left for 2382a3cf28fdeacb1de9b039908761ea517a5ed6
DEBUG 2025-09-08 16:49:57.844 UTC: 	 Executing command :
 myproxy-info -s myproxy.cern.ch -l 2382a3cf28fdeacb1de9b039908761ea517a5ed6
DEBUG 2025-09-08 16:49:58.170 UTC: 	 output : username: 2382a3cf28fdeacb1de9b039908761ea517a5ed6
owner: /DC=ch/DC=cern/OU=Organic Units/OU=Users/CN=amalhotr/CN=884837/CN=Aryan Malhotra
  renewal policy: /DC=ch/DC=cern/OU=computers/CN=crab-(preprod|prod)-tw(01|02).cern.ch|/DC=ch/DC=cern/OU=computers/CN=crab-dev-tw(01|02|03|04).cern.ch|/DC=ch/DC=cern/OU=Organic Units/OU=Users/CN=cmscrab/CN=(817881|373708)/CN=Robot: cms crab|/DC=ch/DC=cern/OU=Organic Units/OU=Users/CN=crabint1/CN=373708/CN=Robot: CMS CRAB Integration 1
  trusted retrieval policy: /DC=ch/DC=cern/OU=computers/CN=crab-(preprod|prod)-tw(01|02).cern.ch|/DC=ch/DC=cern/OU=computers/CN=crab-dev-tw(01|02|03|04).cern.ch|/DC=ch/DC=cern/OU=Organic Units/OU=Users/CN=cmscrab/CN=(817881|373708)/CN=Robot: cms crab|/DC=ch/DC=cern/OU=Organic Units/OU=Users/CN=crabint1/CN=373708/CN=Robot: CMS CRAB Integration 1
  timeleft: 719:54:45  (30.0 days)

 error: 
 retcode : 0
DEBUG 2025-09-08 16:49:58.170 UTC: 	 Myproxy is valid: 2591640
DEBUG 2025-09-08 16:49:58.170 UTC: 	 Result of myproxy credential check:
  Credential exists on myproxy: username: 2382a3cf28fdeacb1de9b039908761ea517a5ed6  - validity: 29 days, 23:54:00
DEBUG 2025-09-08 16:49:58.171 UTC: 	 Command use: kill
DEBUG 2025-09-08 16:49:58.171 UTC: 	 Options use: ['-d', 'crab_RealData_noLFNDirectory_v1']
DEBUG 2025-09-08 16:49:58.171 UTC: 	 Encoded data for curl request: subresource=version
DEBUG 2025-09-08 16:49:58.220 UTC: 	 CRABClient version: v3.250820
DEBUG 2025-09-08 16:49:58.220 UTC: 	 Instance is prod
DEBUG 2025-09-08 16:49:58.220 UTC: 	 Server base url is cmsweb.cern.ch
DEBUG 2025-09-08 16:49:58.220 UTC: 	 Command api workflow
DEBUG 2025-09-08 16:49:58.220 UTC: 	 Killing task 250521_021857:amalhotr_crab_RealData_noLFNDirectory_v1
DEBUG 2025-09-08 16:49:58.221 UTC: 	 Encoded data for curl request: workflow=250521_021857%3Aamalhotr_crab_RealData_noLFNDirectory_v1
DEBUG 2025-09-08 16:49:58.270 UTC: 	 Result: {'desc': {'columns': ['tm_taskname', 'tm_task_status', 'tm_task_command', 'tm_user_role', 'tm_user_group', 'tm_task_failure', 'tm_split_algo', 'tm_split_args', 'tm_save_logs', 'tm_username', 'tm_user_dn', 'tm_arguments', 'tm_input_dataset', 'tm_dbs_url', 'tm_task_warnings', 'tm_publication', 'tm_user_webdir', 'tm_output_dataset', 'tm_collector', 'tm_schedd', 'tm_dry_run', 'clusterid', 'tm_start_time', 'tw_name', 'tm_dagman_status', 'tm_num_jobs', 'tm_uploaded']}, 'result': [{'result': 'ok'}]}
INFO 2025-09-08 16:49:58.270 UTC: 	 Kill request successfully sent
INFO 2025-09-08 16:49:58.307 UTC: 	 Log file is /afs/cern.ch/user/a/amalhotr/CMSSW_14_0_18_patch1/src/Run3ScoutingAnalysisTools/crab_RealData_noLFNDirectory_v1/crab.log
DEBUG 2025-09-08 16:57:26.583 UTC: 	 CRAB Client version: v3.250820
DEBUG 2025-09-08 16:57:26.583 UTC: 	 Running on: Linux lxplus935.cern.ch 5.14.0-570.37.1.el9_6.x86_64 #1 SMP PREEMPT_DYNAMIC Sat Aug 16 01:10:00 EDT 2025 x86_64 x86_64 x86_64 GNU/Linux
DEBUG 2025-09-08 16:57:26.583 UTC: 	 Not using Singularity
DEBUG 2025-09-08 16:57:26.583 UTC: 	 Operating System: Red Hat Enterprise Linux 9.6 (Plow)
DEBUG 2025-09-08 16:57:26.583 UTC: 	 Executing command: 'kill'
DEBUG 2025-09-08 16:57:26.583 UTC: 	 Found CRAB cache file /afs/cern.ch/user/a/amalhotr/.crab3
DEBUG 2025-09-08 16:57:26.678 UTC: 	 Checking credentials
DEBUG 2025-09-08 16:57:26.678 UTC: 	 Found proxy file /tmp/x509up_u180451
DEBUG 2025-09-08 16:57:26.678 UTC: 	 Making sure it has proper VOMS extension
DEBUG 2025-09-08 16:57:26.678 UTC: 	 Executing command :
 voms-proxy-info --vo --file /tmp/x509up_u180451
DEBUG 2025-09-08 16:57:26.702 UTC: 	 output : cms

 error: 
 retcode : 0
DEBUG 2025-09-08 16:57:26.702 UTC: 	 Getting proxy life time left
DEBUG 2025-09-08 16:57:26.702 UTC: 	 Executing command :
 voms-proxy-info --actimeleft --timeleft --file /tmp/x509up_u180451
DEBUG 2025-09-08 16:57:26.725 UTC: 	 output : 690256
690256

 error: 
 retcode : 0
DEBUG 2025-09-08 16:57:26.725 UTC: 	 Proxy valid for 191:44:16 hours
DEBUG 2025-09-08 16:57:26.725 UTC: 	 Encoded data for curl request: subresource=delegatedn
DEBUG 2025-09-08 16:57:26.765 UTC: 	 Registering user credentials on myproxy for /DC=ch/DC=cern/OU=computers/CN=crab-(preprod|prod)-tw(01|02).cern.ch|/DC=ch/DC=cern/OU=computers/CN=crab-dev-tw(01|02|03|04).cern.ch|/DC=ch/DC=cern/OU=Organic Units/OU=Users/CN=cmscrab/CN=(817881|373708)/CN=Robot: cms crab|/DC=ch/DC=cern/OU=Organic Units/OU=Users/CN=crabint1/CN=373708/CN=Robot: CMS CRAB Integration 1
DEBUG 2025-09-08 16:57:26.765 UTC: 	 Executing command :
 voms-proxy-info --identity --file /tmp/x509up_u180451
DEBUG 2025-09-08 16:57:26.795 UTC: 	 output : /DC=ch/DC=cern/OU=Organic Units/OU=Users/CN=amalhotr/CN=884837/CN=Aryan Malhotra

 error: 
 retcode : 0
DEBUG 2025-09-08 16:57:26.796 UTC: 	 Getting myproxy life time left for 2382a3cf28fdeacb1de9b039908761ea517a5ed6
DEBUG 2025-09-08 16:57:26.796 UTC: 	 Executing command :
 myproxy-info -s myproxy.cern.ch -l 2382a3cf28fdeacb1de9b039908761ea517a5ed6
DEBUG 2025-09-08 16:57:27.107 UTC: 	 output : username: 2382a3cf28fdeacb1de9b039908761ea517a5ed6
owner: /DC=ch/DC=cern/OU=Organic Units/OU=Users/CN=amalhotr/CN=884837/CN=Aryan Malhotra
  renewal policy: /DC=ch/DC=cern/OU=computers/CN=crab-(preprod|prod)-tw(01|02).cern.ch|/DC=ch/DC=cern/OU=computers/CN=crab-dev-tw(01|02|03|04).cern.ch|/DC=ch/DC=cern/OU=Organic Units/OU=Users/CN=cmscrab/CN=(817881|373708)/CN=Robot: cms crab|/DC=ch/DC=cern/OU=Organic Units/OU=Users/CN=crabint1/CN=373708/CN=Robot: CMS CRAB Integration 1
  trusted retrieval policy: /DC=ch/DC=cern/OU=computers/CN=crab-(preprod|prod)-tw(01|02).cern.ch|/DC=ch/DC=cern/OU=computers/CN=crab-dev-tw(01|02|03|04).cern.ch|/DC=ch/DC=cern/OU=Organic Units/OU=Users/CN=cmscrab/CN=(817881|373708)/CN=Robot: cms crab|/DC=ch/DC=cern/OU=Organic Units/OU=Users/CN=crabint1/CN=373708/CN=Robot: CMS CRAB Integration 1
  timeleft: 719:47:16  (30.0 days)

 error: 
 retcode : 0
DEBUG 2025-09-08 16:57:27.107 UTC: 	 Myproxy is valid: 2591220
DEBUG 2025-09-08 16:57:27.107 UTC: 	 Result of myproxy credential check:
  Credential exists on myproxy: username: 2382a3cf28fdeacb1de9b039908761ea517a5ed6  - validity: 29 days, 23:47:00
DEBUG 2025-09-08 16:57:27.108 UTC: 	 Command use: kill
DEBUG 2025-09-08 16:57:27.108 UTC: 	 Options use: ['-d', 'crab_RealData_noLFNDirectory_v1']
DEBUG 2025-09-08 16:57:27.108 UTC: 	 Encoded data for curl request: subresource=version
DEBUG 2025-09-08 16:57:27.148 UTC: 	 CRABClient version: v3.250820
DEBUG 2025-09-08 16:57:27.148 UTC: 	 Instance is prod
DEBUG 2025-09-08 16:57:27.148 UTC: 	 Server base url is cmsweb.cern.ch
DEBUG 2025-09-08 16:57:27.148 UTC: 	 Command api workflow
DEBUG 2025-09-08 16:57:27.148 UTC: 	 Killing task 250521_021857:amalhotr_crab_RealData_noLFNDirectory_v1
DEBUG 2025-09-08 16:57:27.148 UTC: 	 Encoded data for curl request: workflow=250521_021857%3Aamalhotr_crab_RealData_noLFNDirectory_v1
DEBUG 2025-09-08 16:57:27.192 UTC: 	 Result: {'desc': {'columns': ['tm_taskname', 'tm_task_status', 'tm_task_command', 'tm_user_role', 'tm_user_group', 'tm_task_failure', 'tm_split_algo', 'tm_split_args', 'tm_save_logs', 'tm_username', 'tm_user_dn', 'tm_arguments', 'tm_input_dataset', 'tm_dbs_url', 'tm_task_warnings', 'tm_publication', 'tm_user_webdir', 'tm_output_dataset', 'tm_collector', 'tm_schedd', 'tm_dry_run', 'clusterid', 'tm_start_time', 'tw_name', 'tm_dagman_status', 'tm_num_jobs', 'tm_uploaded']}, 'result': [{'result': 'ok'}]}
INFO 2025-09-08 16:57:27.192 UTC: 	 Kill request successfully sent
INFO 2025-09-08 16:57:27.193 UTC: 	 Log file is /afs/cern.ch/user/a/amalhotr/CMSSW_14_0_18_patch1/src/Run3ScoutingAnalysisTools/crab_RealData_noLFNDirectory_v1/crab.log
