DEBUG 2025-12-09 20:27:00.470 UTC: 	 CRAB Client version: v3.251020
DEBUG 2025-12-09 20:27:00.471 UTC: 	 Running on: Linux lxplus912.cern.ch 5.14.0-611.9.1.el9_7.x86_64 #1 SMP PREEMPT_DYNAMIC Sat Nov 15 05:15:45 EST 2025 x86_64 x86_64 x86_64 GNU/Linux
DEBUG 2025-12-09 20:27:00.471 UTC: 	 Not using Singularity
DEBUG 2025-12-09 20:27:00.471 UTC: 	 Operating System: Red Hat Enterprise Linux 9.7 (Plow)
DEBUG 2025-12-09 20:27:00.471 UTC: 	 Executing command: 'submit'
DEBUG 2025-12-09 20:27:00.471 UTC: 	 Found CRAB cache file /afs/cern.ch/user/a/amalhotr/.crab3
INFO 2025-12-09 20:27:00.472 UTC: 	 Will use CRAB configuration file chainedCrabConfig.py
DEBUG 2025-12-09 20:27:00.472 UTC: 	 Loading CRAB configuration file.
DEBUG 2025-12-09 20:27:00.619 UTC: 	 Will use CRAB plugin ANALYSIS (i.e. will run an analysis job type).
DEBUG 2025-12-09 20:27:00.772 UTC: 	 Checking credentials
DEBUG 2025-12-09 20:27:00.772 UTC: 	 Found proxy file /tmp/x509up_u180451
DEBUG 2025-12-09 20:27:00.772 UTC: 	 Making sure it has proper VOMS extension
DEBUG 2025-12-09 20:27:00.772 UTC: 	 Executing command :
 voms-proxy-info --vo --file /tmp/x509up_u180451
DEBUG 2025-12-09 20:27:00.799 UTC: 	 output : cms

 error: 
 retcode : 0
DEBUG 2025-12-09 20:27:00.799 UTC: 	 Getting proxy life time left
DEBUG 2025-12-09 20:27:00.799 UTC: 	 Executing command :
 voms-proxy-info --actimeleft --timeleft --file /tmp/x509up_u180451
DEBUG 2025-12-09 20:27:00.825 UTC: 	 output : 687910
687909

 error: 
 retcode : 0
DEBUG 2025-12-09 20:27:00.825 UTC: 	 Proxy valid for 191:05:09 hours
DEBUG 2025-12-09 20:27:00.825 UTC: 	 Encoded data for curl request: subresource=delegatedn
DEBUG 2025-12-09 20:27:00.872 UTC: 	 Registering user credentials on myproxy for /DC=ch/DC=cern/OU=Organic Units/OU=Users/CN=cmscrab/CN=(817881|373708)/CN=Robot: cms crab|/DC=ch/DC=cern/OU=Organic Units/OU=Users/CN=crabint1/CN=373708/CN=Robot: CMS CRAB Integration 1
DEBUG 2025-12-09 20:27:00.872 UTC: 	 Executing command :
 voms-proxy-info --identity --file /tmp/x509up_u180451
DEBUG 2025-12-09 20:27:00.903 UTC: 	 output : /DC=ch/DC=cern/OU=Organic Units/OU=Users/CN=amalhotr/CN=884837/CN=Aryan Malhotra

 error: 
 retcode : 0
DEBUG 2025-12-09 20:27:00.903 UTC: 	 Getting myproxy life time left for 2382a3cf28fdeacb1de9b039908761ea517a5ed6
DEBUG 2025-12-09 20:27:00.903 UTC: 	 Executing command :
 myproxy-info -s myproxy.cern.ch -l 2382a3cf28fdeacb1de9b039908761ea517a5ed6
DEBUG 2025-12-09 20:27:01.165 UTC: 	 output : username: 2382a3cf28fdeacb1de9b039908761ea517a5ed6
owner: /DC=ch/DC=cern/OU=Organic Units/OU=Users/CN=amalhotr/CN=884837/CN=Aryan Malhotra
  renewal policy: /DC=ch/DC=cern/OU=Organic Units/OU=Users/CN=cmscrab/CN=(817881|373708)/CN=Robot: cms crab|/DC=ch/DC=cern/OU=Organic Units/OU=Users/CN=crabint1/CN=373708/CN=Robot: CMS CRAB Integration 1
  trusted retrieval policy: /DC=ch/DC=cern/OU=Organic Units/OU=Users/CN=cmscrab/CN=(817881|373708)/CN=Robot: cms crab|/DC=ch/DC=cern/OU=Organic Units/OU=Users/CN=crabint1/CN=373708/CN=Robot: CMS CRAB Integration 1
  timeleft: 489:21:35  (20.4 days)

 error: 
 retcode : 0
DEBUG 2025-12-09 20:27:01.165 UTC: 	 Myproxy is valid: 1761660
DEBUG 2025-12-09 20:27:01.165 UTC: 	 Result of myproxy credential check:
  Credential exists on myproxy: username: 2382a3cf28fdeacb1de9b039908761ea517a5ed6  - validity: 20 days, 9:21:00
DEBUG 2025-12-09 20:27:01.165 UTC: 	 Command use: submit
DEBUG 2025-12-09 20:27:01.165 UTC: 	 Options use: ['-c', 'chainedCrabConfig.py']
DEBUG 2025-12-09 20:27:01.165 UTC: 	 Encoded data for curl request: subresource=version
DEBUG 2025-12-09 20:27:01.216 UTC: 	 CRABClient version: v3.251020
DEBUG 2025-12-09 20:27:01.216 UTC: 	 Instance is prod
DEBUG 2025-12-09 20:27:01.216 UTC: 	 Server base url is cmsweb.cern.ch
DEBUG 2025-12-09 20:27:01.216 UTC: 	 Command api workflow
DEBUG 2025-12-09 20:27:01.216 UTC: 	 Started submission
DEBUG 2025-12-09 20:27:01.216 UTC: 	 Working on /afs/cern.ch/user/a/amalhotr/CMSSW_14_0_18_patch1/src/Run3ScoutingAnalysisTools/crab_ScoutingData_2024H_TreeMakerRedone
DEBUG 2025-12-09 20:27:01.243 UTC: 	 Loading required information from the environment
DEBUG 2025-12-09 20:27:01.243 UTC: 	 Found CMSSW_14_0_18_patch1 for el9_amd64_gcc12 with base /afs/cern.ch/user/a/amalhotr/CMSSW_14_0_18_patch1
DEBUG 2025-12-09 20:27:01.243 UTC: 	 Loading required information from the environment
DEBUG 2025-12-09 20:27:01.243 UTC: 	 Found CMSSW_14_0_18_patch1 for el9_amd64_gcc12 with base /afs/cern.ch/user/a/amalhotr/CMSSW_14_0_18_patch1
DEBUG 2025-12-09 20:27:01.243 UTC: 	 UNIQUE NAME: tarUUID 027220e2-8b8e-4f53-9d5b-1bb6f768540f 
DEBUG 2025-12-09 20:27:01.243 UTC: 	 self.config: from WMCore.Configuration import Configuration
config = Configuration()
config.section_('General')
config.General.requestName = 'ScoutingData_2024H_TreeMakerRedone'
config.General.transferOutputs = True
config.General.transferLogs = True
config.section_('JobType')
config.JobType.outputFiles = ['ScoutingTree_Output.root']
config.JobType.maxMemoryMB = 3000
config.JobType.pluginName = 'Analysis'
config.JobType.psetName = 'UnifiedScoutingVertexingTreeMaker.py'
config.section_('Data')
config.Data.unitsPerJob = 15
config.Data.allowNonValidInputDataset = True
config.Data.outputDatasetTag = 'ScoutingData_2024H_TreeMakerRedone'
config.Data.splitting = 'FileBased'
config.Data.publication = False
config.Data.inputDataset = '/ScoutingPFRun3/Run2024H-v1/HLTSCOUT'
config.Data.inputDBS = 'global'
config.section_('Site')
config.Site.storageSite = 'T3_CH_CERNBOX'
config.section_('User')
config.section_('Debug')

DEBUG 2025-12-09 20:27:01.243 UTC: 	 self.config.JobType.psetName: UnifiedScoutingVertexingTreeMaker.py
INFO 2025-12-09 20:27:01.243 UTC: 	 Importing CMSSW configuration UnifiedScoutingVertexingTreeMaker.py
INFO 2025-12-09 20:27:01.899 UTC: 	 Finished importing CMSSW configuration UnifiedScoutingVertexingTreeMaker.py
DEBUG 2025-12-09 20:27:01.899 UTC: 	 Writing CMSSW configuration to /afs/cern.ch/user/a/amalhotr/CMSSW_14_0_18_patch1/src/Run3ScoutingAnalysisTools/crab_ScoutingData_2024H_TreeMakerRedone/inputs/PSet.py
DEBUG 2025-12-09 20:27:01.922 UTC: 	 The following EDM output files will be collected: []
DEBUG 2025-12-09 20:27:01.922 UTC: 	 The following TFile output files will be collected: ['ScoutingTree_Output.root']
DEBUG 2025-12-09 20:27:01.922 UTC: 	 The following user output files (not listed as PoolOuputModule or TFileService in the CMSSW PSet) will be collected: 
DEBUG 2025-12-09 20:27:01.922 UTC: 	 Loading required information from the environment
DEBUG 2025-12-09 20:27:01.922 UTC: 	 Found CMSSW_14_0_18_patch1 for el9_amd64_gcc12 with base /afs/cern.ch/user/a/amalhotr/CMSSW_14_0_18_patch1
DEBUG 2025-12-09 20:27:01.922 UTC: 	 Making tarball in /afs/cern.ch/user/a/amalhotr/CMSSW_14_0_18_patch1/src/Run3ScoutingAnalysisTools/crab_ScoutingData_2024H_TreeMakerRedone/inputs/027220e2-8b8e-4f53-9d5b-1bb6f768540fdefault.tgz
DEBUG 2025-12-09 20:27:01.923 UTC: 	 Checking directory /afs/cern.ch/user/a/amalhotr/CMSSW_14_0_18_patch1/bin
DEBUG 2025-12-09 20:27:01.923 UTC: 	 Adding directory /afs/cern.ch/user/a/amalhotr/CMSSW_14_0_18_patch1/bin to tarball
DEBUG 2025-12-09 20:27:01.934 UTC: 	 Checking directory /afs/cern.ch/user/a/amalhotr/CMSSW_14_0_18_patch1/python
DEBUG 2025-12-09 20:27:01.934 UTC: 	 Adding directory /afs/cern.ch/user/a/amalhotr/CMSSW_14_0_18_patch1/python to tarball
DEBUG 2025-12-09 20:27:05.315 UTC: 	 Checking directory /afs/cern.ch/user/a/amalhotr/CMSSW_14_0_18_patch1/cfipython
DEBUG 2025-12-09 20:27:05.315 UTC: 	 Adding directory /afs/cern.ch/user/a/amalhotr/CMSSW_14_0_18_patch1/cfipython to tarball
DEBUG 2025-12-09 20:27:05.442 UTC: 	 Checking directory /afs/cern.ch/user/a/amalhotr/CMSSW_14_0_18_patch1/lib
DEBUG 2025-12-09 20:27:05.442 UTC: 	 Adding directory /afs/cern.ch/user/a/amalhotr/CMSSW_14_0_18_patch1/lib to tarball
DEBUG 2025-12-09 20:27:05.865 UTC: 	 Checking directory /afs/cern.ch/user/a/amalhotr/CMSSW_14_0_18_patch1/biglib
DEBUG 2025-12-09 20:27:05.865 UTC: 	 Adding directory /afs/cern.ch/user/a/amalhotr/CMSSW_14_0_18_patch1/biglib to tarball
DEBUG 2025-12-09 20:27:05.868 UTC: 	 Checking directory /afs/cern.ch/user/a/amalhotr/CMSSW_14_0_18_patch1/module
DEBUG 2025-12-09 20:27:05.868 UTC: 	 Checking directory /afs/cern.ch/user/a/amalhotr/CMSSW_14_0_18_patch1/config/SCRAM/hooks
DEBUG 2025-12-09 20:27:05.868 UTC: 	 Adding directory /afs/cern.ch/user/a/amalhotr/CMSSW_14_0_18_patch1/config/SCRAM/hooks to tarball
DEBUG 2025-12-09 20:27:06.284 UTC: 	 Adding directory /afs/cern.ch/user/a/amalhotr/CMSSW_14_0_18_patch1/src/Run3ScoutingAnalysisTools/DataFormats/Scouting/interface to tarball
DEBUG 2025-12-09 20:27:06.354 UTC: 	 Adding directory /afs/cern.ch/user/a/amalhotr/CMSSW_14_0_18_patch1/src/Run3ScoutingAnalysisTools/ScoutingTreeMakerRun3/python to tarball
DEBUG 2025-12-09 20:27:06.371 UTC: 	 Adding directory /afs/cern.ch/user/a/amalhotr/CMSSW_14_0_18_patch1/src/DataFormats/Scouting/interface to tarball
DEBUG 2025-12-09 20:27:06.458 UTC: 	 Adding directory /afs/cern.ch/user/a/amalhotr/CMSSW_14_0_18_patch1/src/Configuration/GenProduction/python to tarball
DEBUG 2025-12-09 20:27:06.700 UTC: 	 Uploading archive /afs/cern.ch/user/a/amalhotr/CMSSW_14_0_18_patch1/src/Run3ScoutingAnalysisTools/crab_ScoutingData_2024H_TreeMakerRedone/inputs/027220e2-8b8e-4f53-9d5b-1bb6f768540fdefault.tgz (0.520508.1 MB) to the CRAB cache.
DEBUG 2025-12-09 20:27:06.970 UTC: 	 Encoded data for curl request: subresource=upload&objecttype=sandbox&tarballname=5eb954b4334df937dbbebde367bea44398e8ad86599509caff54a379091f20e7.tar.gz
DEBUG 2025-12-09 20:27:07.043 UTC: 	 sandbox 5eb954b4334df937dbbebde367bea44398e8ad86599509caff54a379091f20e7.tar.gz is already in the S3 store, will not upload again
DEBUG 2025-12-09 20:27:07.043 UTC: 	 Loading required information from the environment
DEBUG 2025-12-09 20:27:07.043 UTC: 	 Found CMSSW_14_0_18_patch1 for el9_amd64_gcc12 with base /afs/cern.ch/user/a/amalhotr/CMSSW_14_0_18_patch1
DEBUG 2025-12-09 20:27:07.043 UTC: 	 Making tarball in /afs/cern.ch/user/a/amalhotr/CMSSW_14_0_18_patch1/src/Run3ScoutingAnalysisTools/crab_ScoutingData_2024H_TreeMakerRedone/inputs/debugFiles.tgz
DEBUG 2025-12-09 20:27:07.053 UTC: 	 Uploading archive /afs/cern.ch/user/a/amalhotr/CMSSW_14_0_18_patch1/src/Run3ScoutingAnalysisTools/crab_ScoutingData_2024H_TreeMakerRedone/inputs/debugFiles.tgz (4 KB) to the CRAB cache.
DEBUG 2025-12-09 20:27:07.055 UTC: 	 Encoded data for curl request: subresource=upload&objecttype=sandbox&tarballname=7c8d985720c8b7a72820cbdada020a39fb940049fc36bec17aa7b6d457527790.tar.gz
DEBUG 2025-12-09 20:27:07.113 UTC: 	 Will execute:
curl -f -v -X POST  -H "User-Agent: CRAB" -F "key=amalhotr/sandboxes/7c8d985720c8b7a72820cbdada020a39fb940049fc36bec17aa7b6d457527790.tar.gz" -F "AWSAccessKeyId=715203df6482458ba839e73e6dab634b" -F "policy=eyJleHBpcmF0aW9uIjogIjIwMjUtMTItMDlUMjE6Mjc6MDdaIiwgImNvbmRpdGlvbnMiOiBbeyJidWNrZXQiOiAiY3JhYmNhY2hlX3Byb2QifSwgeyJrZXkiOiAiYW1hbGhvdHIvc2FuZGJveGVzLzdjOGQ5ODU3MjBjOGI3YTcyODIwY2JkYWRhMDIwYTM5ZmI5NDAwNDlmYzM2YmVjMTdhYTdiNmQ0NTc1Mjc3OTAudGFyLmd6In1dfQ==" -F "signature=+yzMj7Tt/h+qdDlbuIftf9YLAxc=" -F "file=@/afs/cern.ch/user/a/amalhotr/CMSSW_14_0_18_patch1/src/Run3ScoutingAnalysisTools/crab_ScoutingData_2024H_TreeMakerRedone/inputs/debugFiles.tgz" "https://s3.cern.ch/crabcache_prod"
DEBUG 2025-12-09 20:27:07.226 UTC: 	 exitcode: 0
stdout: b''
DEBUG 2025-12-09 20:27:07.226 UTC: 	 upload to S3 of sandbox /afs/cern.ch/user/a/amalhotr/CMSSW_14_0_18_patch1/src/Run3ScoutingAnalysisTools/crab_ScoutingData_2024H_TreeMakerRedone/inputs/debugFiles.tgz completed
DEBUG 2025-12-09 20:27:07.226 UTC: 	 make sure that object is ready for retrieve
DEBUG 2025-12-09 20:27:08.228 UTC: 	 Encoded data for curl request: subresource=download&objecttype=sandbox&tarballname=7c8d985720c8b7a72820cbdada020a39fb940049fc36bec17aa7b6d457527790.tar.gz&clientmethod=head_object
DEBUG 2025-12-09 20:27:08.271 UTC: 	 PreSignedUrl to download sandbox received OK
DEBUG 2025-12-09 20:27:08.274 UTC: 	 Will execute:
 curl -v -s -f -o /dev/null --head  "https://s3.cern.ch/crabcache_prod/amalhotr/sandboxes/7c8d985720c8b7a72820cbdada020a39fb940049fc36bec17aa7b6d457527790.tar.gz?AWSAccessKeyId=715203df6482458ba839e73e6dab634b&Signature=QGIJBYP9GxsYOs4IixJzPcXSC%2B4%3D&Expires=1765315628"
DEBUG 2025-12-09 20:27:08.302 UTC: 	 exitcode: 0
stdout: b''
DEBUG 2025-12-09 20:27:08.302 UTC: 	 sandbox /afs/cern.ch/user/a/amalhotr/CMSSW_14_0_18_patch1/src/Run3ScoutingAnalysisTools/crab_ScoutingData_2024H_TreeMakerRedone/inputs/debugFiles.tgz successfully uploaded to S3
DEBUG 2025-12-09 20:27:08.303 UTC: 	 Result uploading input files: 5eb954b4334df937dbbebde367bea44398e8ad86599509caff54a379091f20e7.tar.gz 
DEBUG 2025-12-09 20:27:08.303 UTC: 	 submit() - self.configuration from WMCore.Configuration import Configuration
config = Configuration()
config.section_('General')
config.General.requestName = 'ScoutingData_2024H_TreeMakerRedone'
config.General.transferOutputs = True
config.General.transferLogs = True
config.section_('JobType')
config.JobType.outputFiles = ['ScoutingTree_Output.root']
config.JobType.maxMemoryMB = 3000
config.JobType.pluginName = 'Analysis'
config.JobType.psetName = 'UnifiedScoutingVertexingTreeMaker.py'
config.section_('Data')
config.Data.unitsPerJob = 15
config.Data.allowNonValidInputDataset = True
config.Data.outputDatasetTag = 'ScoutingData_2024H_TreeMakerRedone'
config.Data.splitting = 'FileBased'
config.Data.publication = False
config.Data.inputDataset = '/ScoutingPFRun3/Run2024H-v1/HLTSCOUT'
config.Data.inputDBS = 'global'
config.section_('Site')
config.Site.storageSite = 'T3_CH_CERNBOX'
config.section_('User')
config.section_('Debug')

DEBUG 2025-12-09 20:27:08.303 UTC: 	 submit() - self.configreq {'dryrun': 0, 'workflow': 'crab_ScoutingData_2024H_TreeMakerRedone', 'saveoutput': 1, 'savelogsflag': 1, 'inputdata': '/ScoutingPFRun3/Run2024H-v1/HLTSCOUT', 'nonvaliddata': 1, 'userfiles': [], 'dbsurl': 'https://cmsweb.cern.ch/dbs/prod/global/DBSReader', 'useparent': 0, 'ignorelocality': 0, 'splitalgo': 'FileBased', 'algoargs': 15, 'totalunits': 0, 'publication': 0, 'publishdbsurl': 'https://cmsweb.cern.ch/dbs/prod/phys03/DBSWriter', 'publishname2': 'ScoutingData_2024H_TreeMakerRedone', 'jobtype': 'Analysis', 'generator': 'pythia', 'addoutputfiles': ['ScoutingTree_Output.root'], 'maxjobruntime': 1250, 'numcores': 1, 'maxmemory': 3000, 'priority': 10, 'nonprodsw': 0, 'asyncdest': 'T3_CH_CERNBOX', 'requireaccelerator': 0, 'oneEventMode': 0, 'extrajdl': [], 'ignoreglobalblacklist': 0, 'partialdataset': 0, 'inputblocks': []}
DEBUG 2025-12-09 20:27:08.303 UTC: 	 submit() - jobconfig {'addoutputfiles': [], 'tfileoutfiles': ['ScoutingTree_Output.root'], 'edmoutfiles': [], 'jobarch': 'el9_amd64_gcc12', 'jobminuarch': 'any', 'jobsw': 'CMSSW_14_0_18_patch1', 'inputdata': '/ScoutingPFRun3/Run2024H-v1/HLTSCOUT', 'cachefilename': '5eb954b4334df937dbbebde367bea44398e8ad86599509caff54a379091f20e7.tar.gz', 'debugfilename': '7c8d985720c8b7a72820cbdada020a39fb940049fc36bec17aa7b6d457527790.tar.gz', 'jobtype': 'Analysis'}
INFO 2025-12-09 20:27:08.303 UTC: 	 Sending the request to the server at cmsweb.cern.ch
DEBUG 2025-12-09 20:27:08.303 UTC: 	 Submitting {'dryrun': 0, 'workflow': 'crab_ScoutingData_2024H_TreeMakerRedone', 'saveoutput': 1, 'savelogsflag': 1, 'inputdata': '/ScoutingPFRun3/Run2024H-v1/HLTSCOUT', 'nonvaliddata': 1, 'userfiles': [], 'dbsurl': 'https://cmsweb.cern.ch/dbs/prod/global/DBSReader', 'useparent': 0, 'ignorelocality': 0, 'splitalgo': 'FileBased', 'algoargs': 15, 'totalunits': 0, 'publication': 0, 'publishdbsurl': 'https://cmsweb.cern.ch/dbs/prod/phys03/DBSWriter', 'publishname2': 'ScoutingData_2024H_TreeMakerRedone', 'jobtype': 'Analysis', 'generator': 'pythia', 'addoutputfiles': [], 'maxjobruntime': 1250, 'numcores': 1, 'maxmemory': 3000, 'priority': 10, 'nonprodsw': 0, 'asyncdest': 'T3_CH_CERNBOX', 'requireaccelerator': 0, 'oneEventMode': 0, 'extrajdl': [], 'ignoreglobalblacklist': 0, 'partialdataset': 0, 'inputblocks': [], 'tfileoutfiles': ['ScoutingTree_Output.root'], 'edmoutfiles': [], 'jobarch': 'el9_amd64_gcc12', 'jobminuarch': 'any', 'jobsw': 'CMSSW_14_0_18_patch1', 'cachefilename': '5eb954b4334df937dbbebde367bea44398e8ad86599509caff54a379091f20e7.tar.gz', 'debugfilename': '7c8d985720c8b7a72820cbdada020a39fb940049fc36bec17aa7b6d457527790.tar.gz'} 
DEBUG 2025-12-09 20:27:08.303 UTC: 	 Encoded data for curl request: dryrun=0&workflow=crab_ScoutingData_2024H_TreeMakerRedone&saveoutput=1&savelogsflag=1&inputdata=%2FScoutingPFRun3%2FRun2024H-v1%2FHLTSCOUT&nonvaliddata=1&dbsurl=https%3A%2F%2Fcmsweb.cern.ch%2Fdbs%2Fprod%2Fglobal%2FDBSReader&useparent=0&ignorelocality=0&splitalgo=FileBased&algoargs=15&totalunits=0&publication=0&publishdbsurl=https%3A%2F%2Fcmsweb.cern.ch%2Fdbs%2Fprod%2Fphys03%2FDBSWriter&publishname2=ScoutingData_2024H_TreeMakerRedone&jobtype=Analysis&generator=pythia&maxjobruntime=1250&numcores=1&maxmemory=3000&priority=10&nonprodsw=0&asyncdest=T3_CH_CERNBOX&requireaccelerator=0&oneEventMode=0&ignoreglobalblacklist=0&partialdataset=0&jobarch=el9_amd64_gcc12&jobminuarch=any&jobsw=CMSSW_14_0_18_patch1&cachefilename=5eb954b4334df937dbbebde367bea44398e8ad86599509caff54a379091f20e7.tar.gz&debugfilename=7c8d985720c8b7a72820cbdada020a39fb940049fc36bec17aa7b6d457527790.tar.gz&tfileoutfiles=ScoutingTree_Output.root
DEBUG 2025-12-09 20:27:08.488 UTC: 	 Result: {'result': [{'RequestName': '251209_202708:amalhotr_crab_ScoutingData_2024H_TreeMakerRedone'}]}
INFO 2025-12-09 20:27:08.490 UTC: 	 Success: Your task has been delivered to the prod CRAB3 server.
INFO 2025-12-09 20:27:08.490 UTC: 	 Task name: 251209_202708:amalhotr_crab_ScoutingData_2024H_TreeMakerRedone
INFO 2025-12-09 20:27:08.490 UTC: 	 Project dir: ./crab_ScoutingData_2024H_TreeMakerRedone
INFO 2025-12-09 20:27:08.490 UTC: 	 Please use ' crab status -d ./crab_ScoutingData_2024H_TreeMakerRedone ' to check how the submission process proceeds.
DEBUG 2025-12-09 20:27:08.490 UTC: 	 About to return
INFO 2025-12-09 20:27:08.494 UTC: 	 Log file is /afs/cern.ch/user/a/amalhotr/CMSSW_14_0_18_patch1/src/Run3ScoutingAnalysisTools/crab_ScoutingData_2024H_TreeMakerRedone/crab.log
DEBUG 2025-12-09 20:27:19.486 UTC: 	 CRAB Client version: v3.251020
DEBUG 2025-12-09 20:27:19.487 UTC: 	 Running on: Linux lxplus912.cern.ch 5.14.0-611.9.1.el9_7.x86_64 #1 SMP PREEMPT_DYNAMIC Sat Nov 15 05:15:45 EST 2025 x86_64 x86_64 x86_64 GNU/Linux
DEBUG 2025-12-09 20:27:19.487 UTC: 	 Not using Singularity
DEBUG 2025-12-09 20:27:19.487 UTC: 	 Operating System: Red Hat Enterprise Linux 9.7 (Plow)
DEBUG 2025-12-09 20:27:19.487 UTC: 	 Executing command: 'status'
DEBUG 2025-12-09 20:27:19.487 UTC: 	 Found CRAB cache file /afs/cern.ch/user/a/amalhotr/.crab3
DEBUG 2025-12-09 20:27:19.503 UTC: 	 Checking credentials
DEBUG 2025-12-09 20:27:19.503 UTC: 	 Found proxy file /tmp/x509up_u180451
DEBUG 2025-12-09 20:27:19.503 UTC: 	 Making sure it has proper VOMS extension
DEBUG 2025-12-09 20:27:19.503 UTC: 	 Executing command :
 voms-proxy-info --vo --file /tmp/x509up_u180451
DEBUG 2025-12-09 20:27:19.529 UTC: 	 output : cms

 error: 
 retcode : 0
DEBUG 2025-12-09 20:27:19.529 UTC: 	 Getting proxy life time left
DEBUG 2025-12-09 20:27:19.529 UTC: 	 Executing command :
 voms-proxy-info --actimeleft --timeleft --file /tmp/x509up_u180451
DEBUG 2025-12-09 20:27:19.553 UTC: 	 output : 687891
687890

 error: 
 retcode : 0
DEBUG 2025-12-09 20:27:19.553 UTC: 	 Proxy valid for 191:04:50 hours
DEBUG 2025-12-09 20:27:19.553 UTC: 	 Encoded data for curl request: subresource=delegatedn
DEBUG 2025-12-09 20:27:19.596 UTC: 	 Registering user credentials on myproxy for /DC=ch/DC=cern/OU=Organic Units/OU=Users/CN=cmscrab/CN=(817881|373708)/CN=Robot: cms crab|/DC=ch/DC=cern/OU=Organic Units/OU=Users/CN=crabint1/CN=373708/CN=Robot: CMS CRAB Integration 1
DEBUG 2025-12-09 20:27:19.596 UTC: 	 Executing command :
 voms-proxy-info --identity --file /tmp/x509up_u180451
DEBUG 2025-12-09 20:27:19.618 UTC: 	 output : /DC=ch/DC=cern/OU=Organic Units/OU=Users/CN=amalhotr/CN=884837/CN=Aryan Malhotra

 error: 
 retcode : 0
DEBUG 2025-12-09 20:27:19.618 UTC: 	 Getting myproxy life time left for 2382a3cf28fdeacb1de9b039908761ea517a5ed6
DEBUG 2025-12-09 20:27:19.618 UTC: 	 Executing command :
 myproxy-info -s myproxy.cern.ch -l 2382a3cf28fdeacb1de9b039908761ea517a5ed6
DEBUG 2025-12-09 20:27:19.887 UTC: 	 output : username: 2382a3cf28fdeacb1de9b039908761ea517a5ed6
owner: /DC=ch/DC=cern/OU=Organic Units/OU=Users/CN=amalhotr/CN=884837/CN=Aryan Malhotra
  renewal policy: /DC=ch/DC=cern/OU=Organic Units/OU=Users/CN=cmscrab/CN=(817881|373708)/CN=Robot: cms crab|/DC=ch/DC=cern/OU=Organic Units/OU=Users/CN=crabint1/CN=373708/CN=Robot: CMS CRAB Integration 1
  trusted retrieval policy: /DC=ch/DC=cern/OU=Organic Units/OU=Users/CN=cmscrab/CN=(817881|373708)/CN=Robot: cms crab|/DC=ch/DC=cern/OU=Organic Units/OU=Users/CN=crabint1/CN=373708/CN=Robot: CMS CRAB Integration 1
  timeleft: 489:21:17  (20.4 days)

 error: 
 retcode : 0
DEBUG 2025-12-09 20:27:19.887 UTC: 	 Myproxy is valid: 1761660
DEBUG 2025-12-09 20:27:19.888 UTC: 	 Result of myproxy credential check:
  Credential exists on myproxy: username: 2382a3cf28fdeacb1de9b039908761ea517a5ed6  - validity: 20 days, 9:21:00
DEBUG 2025-12-09 20:27:19.888 UTC: 	 Retrieving username ...
DEBUG 2025-12-09 20:27:19.888 UTC: 	 Retrieving username from CRIC...
DEBUG 2025-12-09 20:27:20.710 UTC: 	 username is amalhotr
INFO 2025-12-09 20:27:21.428 UTC: 	 Rucio client intialized for account amalhotr
DEBUG 2025-12-09 20:27:21.429 UTC: 	 Command use: status
DEBUG 2025-12-09 20:27:21.429 UTC: 	 Options use: []
DEBUG 2025-12-09 20:27:21.429 UTC: 	 Encoded data for curl request: subresource=version
DEBUG 2025-12-09 20:27:21.475 UTC: 	 CRABClient version: v3.251020
DEBUG 2025-12-09 20:27:21.475 UTC: 	 Instance is prod
DEBUG 2025-12-09 20:27:21.475 UTC: 	 Server base url is cmsweb.cern.ch
DEBUG 2025-12-09 20:27:21.475 UTC: 	 Command api workflow
DEBUG 2025-12-09 20:27:21.475 UTC: 	 Encoded data for curl request: subresource=search&workflow=251209_202708%3Aamalhotr_crab_ScoutingData_2024H_TreeMakerRedone
DEBUG 2025-12-09 20:27:21.533 UTC: 	 Got information from server oracle database: {'desc': {'columns': ['tm_taskname', 'tm_activity', 'tm_task_status', 'tm_task_command', 'tm_start_time', 'tm_start_injection', 'tm_end_injection', 'tm_task_failure', 'tm_job_sw', 'tm_job_arch', 'tm_input_dataset', 'tm_nonvalid_input_dataset', 'tm_use_parent', 'tm_site_whitelist', 'tm_site_blacklist', 'tm_split_algo', 'tm_split_args', 'tm_user_sandbox', 'tm_cache_url', 'tm_username', 'tm_user_dn', 'tm_user_vo', 'tm_user_role', 'tm_user_group', 'tm_publish_name', 'tm_publish_groupname', 'tm_asyncdest', 'tm_dbs_url', 'tm_publish_dbs_url', 'tm_publication', 'tm_outfiles', 'tm_tfile_outfiles', 'tm_edm_outfiles', 'tm_job_type', 'tm_generator', 'tm_events_per_lumi', 'tm_arguments', 'tm_save_logs', 'tw_name', 'tm_user_infiles', 'tm_maxjobruntime', 'tm_numcores', 'tm_maxmemory', 'tm_priority', 'tm_output_dataset', 'tm_task_warnings', 'tm_user_webdir', 'tm_scriptexe', 'tm_scriptargs', 'tm_extrajdl', 'tm_collector', 'tm_schedd', 'tm_dry_run', 'tm_user_files', 'tm_transfer_outputs', 'tm_output_lfn', 'tm_ignore_locality', 'tm_fail_limit', 'tm_one_event_mode', 'tm_secondary_input_dataset', 'tm_primary_dataset', 'tm_last_publication', 'tm_debug_files', 'clusterid', 'tm_ignore_global_blacklist', 'tm_submitter_ip_addr', 'tm_totalunits', 'tm_ddm_reqid', 'tm_user_config', 'tm_transfer_container', 'tm_transfer_rule', 'tm_publish_rule', 'tm_multipub_rule', 'tm_job_min_microarch', 'tm_dagman_status', 'tm_num_jobs', 'tm_uploaded']}, 'result': ['251209_202708:amalhotr_crab_ScoutingData_2024H_TreeMakerRedone', 'None', 'WAITING', 'SUBMIT', '2025-12-09 20:27:08.479499', 'None', 'None', 'None', 'CMSSW_14_0_18_patch1', 'el9_amd64_gcc12', '/ScoutingPFRun3/Run2024H-v1/HLTSCOUT', 'T', '0', '[]', '[]', 'FileBased', "{'halt_job_on_file_boundaries': False, 'splitOnRun': False, 'files_per_job': 15, 'runs': [], 'lumis': []}", '5eb954b4334df937dbbebde367bea44398e8ad86599509caff54a379091f20e7.tar.gz', 'S3/crabcache_prod', 'amalhotr', '/DC=ch/DC=cern/OU=Organic Units/OU=Users/CN=amalhotr/CN=884837/CN=Aryan Malhotra', 'cms', 'None', 'None', 'ScoutingData_2024H_TreeMakerRedone-00000000000000000000000000000000', 'F', 'T3_CH_CERNBOX', 'https://cmsweb.cern.ch/dbs/prod/global/DBSReader', 'https://cmsweb.cern.ch/dbs/prod/phys03/DBSWriter', 'F', '[]', "['ScoutingTree_Output.root']", '[]', 'Analysis', 'pythia', 'None', '{}', 'T', 'NotKnownYet', '[]', '1250', '1', '3000', '10', 'None', '[]', 'None', 'None', '[]', '[]', 'cmsgwms-collector-global.cern.ch:9620,cmsgwms-collector-global.fnal.gov:9620', 'None', 'F', '[]', 'T', '/store/user/amalhotr/', 'F', 'None', 'F', 'None', 'ScoutingPFRun3', 'None', '7c8d985720c8b7a72820cbdada020a39fb940049fc36bec17aa7b6d457527790.tar.gz', 'None', 'F', '188.184.75.82', '0.0', 'None', '{"partialdataset": false, "requireaccelerator": false, "acceleratorparams": null, "inputblocks": null}', 'None', 'None', 'None', 'None', 'any', 'NOT_READY', '0', 'F']}
INFO 2025-12-09 20:27:21.533 UTC: 	 CRAB project directory:		/afs/cern.ch/user/a/amalhotr/CMSSW_14_0_18_patch1/src/Run3ScoutingAnalysisTools/crab_ScoutingData_2024H_TreeMakerRedone
INFO 2025-12-09 20:27:21.533 UTC: 	 Task name:			251209_202708:amalhotr_crab_ScoutingData_2024H_TreeMakerRedone
INFO 2025-12-09 20:27:21.533 UTC: 	 Grid scheduler - Task Worker:	N/A yet - NotKnownYet
INFO 2025-12-09 20:27:21.533 UTC: 	 Status on the CRAB server:	WAITING on command SUBMIT
INFO 2025-12-09 20:27:21.533 UTC: 	 Task URL to use for HELP:	https://cmsweb.cern.ch/crabserver/ui/task/251209_202708%3Aamalhotr_crab_ScoutingData_2024H_TreeMakerRedone
INFO 2025-12-09 20:27:21.540 UTC: 	 Dashboard monitoring URL:	https://monit-grafana.cern.ch/d/cmsTMDetail/cms-task-monitoring-task-view?orgId=11&var-user=amalhotr&var-task=251209_202708%3Aamalhotr_crab_ScoutingData_2024H_TreeMakerRedone&from=1765308428000&to=now
DEBUG 2025-12-09 20:27:21.540 UTC: 	 The task has not been submitted to the Grid scheduler yet. Not printing job information.
INFO 2025-12-09 20:27:21.542 UTC: 	 Log file is /afs/cern.ch/user/a/amalhotr/CMSSW_14_0_18_patch1/src/Run3ScoutingAnalysisTools/crab_ScoutingData_2024H_TreeMakerRedone/crab.log
