DEBUG 2025-05-22 21:51:03.147 UTC: 	 CRAB Client version: v3.250409
DEBUG 2025-05-22 21:51:03.147 UTC: 	 Running on: Linux lxplus978.cern.ch 5.14.0-503.34.1.el9_5.x86_64 #1 SMP PREEMPT_DYNAMIC Mon Mar 17 21:49:47 EDT 2025 x86_64 x86_64 x86_64 GNU/Linux
DEBUG 2025-05-22 21:51:03.147 UTC: 	 Not using Singularity
DEBUG 2025-05-22 21:51:03.147 UTC: 	 Operating System: Red Hat Enterprise Linux 9.6 (Plow)
DEBUG 2025-05-22 21:51:03.147 UTC: 	 Executing command: 'submit'
DEBUG 2025-05-22 21:51:03.147 UTC: 	 Found CRAB cache file /afs/cern.ch/user/a/amalhotr/.crab3
INFO 2025-05-22 21:51:03.148 UTC: 	 Will use CRAB configuration file chainedCrabConfig.py
DEBUG 2025-05-22 21:51:03.148 UTC: 	 Loading CRAB configuration file.
DEBUG 2025-05-22 21:51:03.210 UTC: 	 Will use CRAB plugin ANALYSIS (i.e. will run an analysis job type).
DEBUG 2025-05-22 21:51:03.295 UTC: 	 Checking credentials
DEBUG 2025-05-22 21:51:03.295 UTC: 	 Found proxy file /tmp/x509up_u180451
DEBUG 2025-05-22 21:51:03.295 UTC: 	 Making sure it has proper VOMS extension
DEBUG 2025-05-22 21:51:03.295 UTC: 	 Executing command :
 voms-proxy-info --vo --file /tmp/x509up_u180451
DEBUG 2025-05-22 21:51:03.689 UTC: 	 output : cms

 error: 
 retcode : 0
DEBUG 2025-05-22 21:51:03.689 UTC: 	 Getting proxy life time left
DEBUG 2025-05-22 21:51:03.689 UTC: 	 Executing command :
 voms-proxy-info --actimeleft --timeleft --file /tmp/x509up_u180451
DEBUG 2025-05-22 21:51:04.093 UTC: 	 output : 679063
679062

 error: 
 retcode : 0
DEBUG 2025-05-22 21:51:04.093 UTC: 	 Proxy valid for 188:37:42 hours
DEBUG 2025-05-22 21:51:04.093 UTC: 	 Encoded data for curl request: subresource=delegatedn
DEBUG 2025-05-22 21:51:04.145 UTC: 	 Registering user credentials on myproxy for /DC=ch/DC=cern/OU=computers/CN=crab-(preprod|prod)-tw(01|02).cern.ch|/DC=ch/DC=cern/OU=computers/CN=crab-dev-tw(01|02|03|04).cern.ch|/DC=ch/DC=cern/OU=Organic Units/OU=Users/CN=cmscrab/CN=(817881|373708)/CN=Robot: cms crab|/DC=ch/DC=cern/OU=Organic Units/OU=Users/CN=crabint1/CN=373708/CN=Robot: CMS CRAB Integration 1
DEBUG 2025-05-22 21:51:04.145 UTC: 	 Executing command :
 voms-proxy-info --identity --file /tmp/x509up_u180451
DEBUG 2025-05-22 21:51:04.532 UTC: 	 output : /DC=ch/DC=cern/OU=Organic Units/OU=Users/CN=amalhotr/CN=884837/CN=Aryan Malhotra

 error: 
 retcode : 0
DEBUG 2025-05-22 21:51:04.533 UTC: 	 Getting myproxy life time left for 2382a3cf28fdeacb1de9b039908761ea517a5ed6
DEBUG 2025-05-22 21:51:04.533 UTC: 	 Executing command :
 myproxy-info -s myproxy.cern.ch -l 2382a3cf28fdeacb1de9b039908761ea517a5ed6
DEBUG 2025-05-22 21:51:04.819 UTC: 	 output : username: 2382a3cf28fdeacb1de9b039908761ea517a5ed6
owner: /DC=ch/DC=cern/OU=Organic Units/OU=Users/CN=amalhotr/CN=884837/CN=Aryan Malhotra
  renewal policy: /DC=ch/DC=cern/OU=computers/CN=crab-(preprod|prod)-tw(01|02).cern.ch|/DC=ch/DC=cern/OU=computers/CN=crab-dev-tw(01|02|03|04).cern.ch|/DC=ch/DC=cern/OU=Organic Units/OU=Users/CN=cmscrab/CN=(817881|373708)/CN=Robot: cms crab|/DC=ch/DC=cern/OU=Organic Units/OU=Users/CN=crabint1/CN=373708/CN=Robot: CMS CRAB Integration 1
  trusted retrieval policy: /DC=ch/DC=cern/OU=computers/CN=crab-(preprod|prod)-tw(01|02).cern.ch|/DC=ch/DC=cern/OU=computers/CN=crab-dev-tw(01|02|03|04).cern.ch|/DC=ch/DC=cern/OU=Organic Units/OU=Users/CN=cmscrab/CN=(817881|373708)/CN=Robot: cms crab|/DC=ch/DC=cern/OU=Organic Units/OU=Users/CN=crabint1/CN=373708/CN=Robot: CMS CRAB Integration 1
  timeleft: 537:02:29  (22.4 days)

 error: 
 retcode : 0
DEBUG 2025-05-22 21:51:04.820 UTC: 	 Myproxy is valid: 1933320
DEBUG 2025-05-22 21:51:04.820 UTC: 	 Result of myproxy credential check:
  Credential exists on myproxy: username: 2382a3cf28fdeacb1de9b039908761ea517a5ed6  - validity: 22 days, 9:02:00
DEBUG 2025-05-22 21:51:04.820 UTC: 	 Command use: submit
DEBUG 2025-05-22 21:51:04.820 UTC: 	 Options use: ['-c', 'chainedCrabConfig.py']
DEBUG 2025-05-22 21:51:04.820 UTC: 	 Encoded data for curl request: subresource=version
DEBUG 2025-05-22 21:51:04.868 UTC: 	 CRABClient version: v3.250409
DEBUG 2025-05-22 21:51:04.868 UTC: 	 Instance is prod
DEBUG 2025-05-22 21:51:04.868 UTC: 	 Server base url is cmsweb.cern.ch
DEBUG 2025-05-22 21:51:04.868 UTC: 	 Command api workflow
DEBUG 2025-05-22 21:51:04.868 UTC: 	 Started submission
DEBUG 2025-05-22 21:51:04.868 UTC: 	 Working on /afs/cern.ch/user/a/amalhotr/CMSSW_14_0_18_patch1/src/Run3ScoutingAnalysisTools/crab_RealData_noLFNDirectory_All_LumiBased_75_v1
DEBUG 2025-05-22 21:51:04.868 UTC: 	 Encoded data for curl request: subresource=backendurls
DEBUG 2025-05-22 21:51:04.933 UTC: 	 Loading required information from the environment
DEBUG 2025-05-22 21:51:04.933 UTC: 	 Found CMSSW_14_0_18_patch1 for el9_amd64_gcc12 with base /afs/cern.ch/user/a/amalhotr/CMSSW_14_0_18_patch1
DEBUG 2025-05-22 21:51:04.934 UTC: 	 Loading required information from the environment
DEBUG 2025-05-22 21:51:04.934 UTC: 	 Found CMSSW_14_0_18_patch1 for el9_amd64_gcc12 with base /afs/cern.ch/user/a/amalhotr/CMSSW_14_0_18_patch1
DEBUG 2025-05-22 21:51:04.934 UTC: 	 UNIQUE NAME: tarUUID b6ae31de-524f-44d6-8d0d-428dde65a96f 
DEBUG 2025-05-22 21:51:04.934 UTC: 	 self.config: from WMCore.Configuration import Configuration
config = Configuration()
config.section_('General')
config.General.requestName = 'RealData_noLFNDirectory_All_LumiBased_75_v1'
config.General.transferOutputs = True
config.General.transferLogs = True
config.section_('JobType')
config.JobType.psetName = 'UnifiedScoutingVertexingTreeMaker.py'
config.JobType.pluginName = 'Analysis'
config.section_('Data')
config.Data.publication = False
config.Data.outputDatasetTag = 'RealData_noLFNDirectory_All_LumiBased_75_v1'
config.Data.unitsPerJob = 75
config.Data.inputDBS = 'global'
config.Data.inputDataset = '/ScoutingPFRun3/Run2024H-v1/HLTSCOUT'
config.Data.splitting = 'LumiBased'
config.Data.allowNonValidInputDataset = True
config.section_('Site')
config.Site.storageSite = 'T3_CH_CERNBOX'
config.section_('User')
config.section_('Debug')

DEBUG 2025-05-22 21:51:04.934 UTC: 	 self.config.JobType.psetName: UnifiedScoutingVertexingTreeMaker.py
INFO 2025-05-22 21:51:04.934 UTC: 	 Importing CMSSW configuration UnifiedScoutingVertexingTreeMaker.py
INFO 2025-05-22 21:51:05.479 UTC: 	 Finished importing CMSSW configuration UnifiedScoutingVertexingTreeMaker.py
DEBUG 2025-05-22 21:51:05.479 UTC: 	 Writing CMSSW configuration to /afs/cern.ch/user/a/amalhotr/CMSSW_14_0_18_patch1/src/Run3ScoutingAnalysisTools/crab_RealData_noLFNDirectory_All_LumiBased_75_v1/inputs/PSet.py
DEBUG 2025-05-22 21:51:05.515 UTC: 	 The following EDM output files will be collected: []
DEBUG 2025-05-22 21:51:05.515 UTC: 	 The following TFile output files will be collected: ['DY2M_ScoutingTree_Output.root']
DEBUG 2025-05-22 21:51:05.515 UTC: 	 The following user output files (not listed as PoolOuputModule or TFileService in the CMSSW PSet) will be collected: 
DEBUG 2025-05-22 21:51:05.516 UTC: 	 Loading required information from the environment
DEBUG 2025-05-22 21:51:05.516 UTC: 	 Found CMSSW_14_0_18_patch1 for el9_amd64_gcc12 with base /afs/cern.ch/user/a/amalhotr/CMSSW_14_0_18_patch1
DEBUG 2025-05-22 21:51:05.516 UTC: 	 Making tarball in /afs/cern.ch/user/a/amalhotr/CMSSW_14_0_18_patch1/src/Run3ScoutingAnalysisTools/crab_RealData_noLFNDirectory_All_LumiBased_75_v1/inputs/b6ae31de-524f-44d6-8d0d-428dde65a96fdefault.tgz
DEBUG 2025-05-22 21:51:05.516 UTC: 	 Checking directory /afs/cern.ch/user/a/amalhotr/CMSSW_14_0_18_patch1/bin
DEBUG 2025-05-22 21:51:05.516 UTC: 	 Adding directory /afs/cern.ch/user/a/amalhotr/CMSSW_14_0_18_patch1/bin to tarball
DEBUG 2025-05-22 21:51:05.598 UTC: 	 Checking directory /afs/cern.ch/user/a/amalhotr/CMSSW_14_0_18_patch1/python
DEBUG 2025-05-22 21:51:05.598 UTC: 	 Adding directory /afs/cern.ch/user/a/amalhotr/CMSSW_14_0_18_patch1/python to tarball
DEBUG 2025-05-22 21:51:06.372 UTC: 	 Checking directory /afs/cern.ch/user/a/amalhotr/CMSSW_14_0_18_patch1/cfipython
DEBUG 2025-05-22 21:51:06.372 UTC: 	 Adding directory /afs/cern.ch/user/a/amalhotr/CMSSW_14_0_18_patch1/cfipython to tarball
DEBUG 2025-05-22 21:51:06.480 UTC: 	 Checking directory /afs/cern.ch/user/a/amalhotr/CMSSW_14_0_18_patch1/lib
DEBUG 2025-05-22 21:51:06.480 UTC: 	 Adding directory /afs/cern.ch/user/a/amalhotr/CMSSW_14_0_18_patch1/lib to tarball
DEBUG 2025-05-22 21:51:06.587 UTC: 	 Checking directory /afs/cern.ch/user/a/amalhotr/CMSSW_14_0_18_patch1/biglib
DEBUG 2025-05-22 21:51:06.587 UTC: 	 Adding directory /afs/cern.ch/user/a/amalhotr/CMSSW_14_0_18_patch1/biglib to tarball
DEBUG 2025-05-22 21:51:06.682 UTC: 	 Checking directory /afs/cern.ch/user/a/amalhotr/CMSSW_14_0_18_patch1/module
DEBUG 2025-05-22 21:51:06.682 UTC: 	 Checking directory /afs/cern.ch/user/a/amalhotr/CMSSW_14_0_18_patch1/config/SCRAM/hooks
DEBUG 2025-05-22 21:51:06.682 UTC: 	 Adding directory /afs/cern.ch/user/a/amalhotr/CMSSW_14_0_18_patch1/config/SCRAM/hooks to tarball
DEBUG 2025-05-22 21:51:07.307 UTC: 	 Adding directory /afs/cern.ch/user/a/amalhotr/CMSSW_14_0_18_patch1/src/Run3ScoutingAnalysisTools/DataFormats/Scouting/interface to tarball
DEBUG 2025-05-22 21:51:07.432 UTC: 	 Adding directory /afs/cern.ch/user/a/amalhotr/CMSSW_14_0_18_patch1/src/Run3ScoutingAnalysisTools/ScoutingTreeMakerRun3/python to tarball
DEBUG 2025-05-22 21:51:07.475 UTC: 	 Adding directory /afs/cern.ch/user/a/amalhotr/CMSSW_14_0_18_patch1/src/DataFormats/Scouting/interface to tarball
DEBUG 2025-05-22 21:51:07.580 UTC: 	 Adding directory /afs/cern.ch/user/a/amalhotr/CMSSW_14_0_18_patch1/src/Configuration/GenProduction/python to tarball
DEBUG 2025-05-22 21:51:07.687 UTC: 	 Uploading archive /afs/cern.ch/user/a/amalhotr/CMSSW_14_0_18_patch1/src/Run3ScoutingAnalysisTools/crab_RealData_noLFNDirectory_All_LumiBased_75_v1/inputs/b6ae31de-524f-44d6-8d0d-428dde65a96fdefault.tgz (441 KB) to the CRAB cache. Using URI https://cmsweb.cern.ch/S3/crabcache_prod
DEBUG 2025-05-22 21:51:07.842 UTC: 	 Encoded data for curl request: subresource=upload&objecttype=sandbox&tarballname=d21f38256e1fe46602fc5ab345ac679fe51bb1d6f3238f49bc29f5d2ba4ab61e.tar.gz
DEBUG 2025-05-22 21:51:07.908 UTC: 	 sandbox d21f38256e1fe46602fc5ab345ac679fe51bb1d6f3238f49bc29f5d2ba4ab61e.tar.gz is already in the S3 store, will not upload again
DEBUG 2025-05-22 21:51:07.908 UTC: 	 Loading required information from the environment
DEBUG 2025-05-22 21:51:07.909 UTC: 	 Found CMSSW_14_0_18_patch1 for el9_amd64_gcc12 with base /afs/cern.ch/user/a/amalhotr/CMSSW_14_0_18_patch1
DEBUG 2025-05-22 21:51:07.909 UTC: 	 Making tarball in /afs/cern.ch/user/a/amalhotr/CMSSW_14_0_18_patch1/src/Run3ScoutingAnalysisTools/crab_RealData_noLFNDirectory_All_LumiBased_75_v1/inputs/debugFiles.tgz
DEBUG 2025-05-22 21:51:07.917 UTC: 	 Uploading archive /afs/cern.ch/user/a/amalhotr/CMSSW_14_0_18_patch1/src/Run3ScoutingAnalysisTools/crab_RealData_noLFNDirectory_All_LumiBased_75_v1/inputs/debugFiles.tgz (3 KB) to the CRAB cache. Using URI https://cmsweb.cern.ch/S3/crabcache_prod
DEBUG 2025-05-22 21:51:07.918 UTC: 	 Encoded data for curl request: subresource=upload&objecttype=sandbox&tarballname=60270f55f78f6c1d7dc5d6b732063f415eaa40e187eb0a3099e863b2526b7370.tar.gz
DEBUG 2025-05-22 21:51:08.008 UTC: 	 Will execute:
curl -f -v -X POST  -H "User-Agent: CRAB" -F "key=amalhotr/sandboxes/60270f55f78f6c1d7dc5d6b732063f415eaa40e187eb0a3099e863b2526b7370.tar.gz" -F "AWSAccessKeyId=715203df6482458ba839e73e6dab634b" -F "policy=eyJleHBpcmF0aW9uIjogIjIwMjUtMDUtMjJUMjI6NTE6MDhaIiwgImNvbmRpdGlvbnMiOiBbeyJidWNrZXQiOiAiY3JhYmNhY2hlX3Byb2QifSwgeyJrZXkiOiAiYW1hbGhvdHIvc2FuZGJveGVzLzYwMjcwZjU1Zjc4ZjZjMWQ3ZGM1ZDZiNzMyMDYzZjQxNWVhYTQwZTE4N2ViMGEzMDk5ZTg2M2IyNTI2YjczNzAudGFyLmd6In1dfQ==" -F "signature=GpV4pJcBrTD63V0j+6eGUfmscOk=" -F "file=@/afs/cern.ch/user/a/amalhotr/CMSSW_14_0_18_patch1/src/Run3ScoutingAnalysisTools/crab_RealData_noLFNDirectory_All_LumiBased_75_v1/inputs/debugFiles.tgz" "https://s3.cern.ch/crabcache_prod"
DEBUG 2025-05-22 21:51:08.071 UTC: 	 exitcode: 0
stdout: b''
DEBUG 2025-05-22 21:51:08.071 UTC: 	 upload to S3 of sandbox /afs/cern.ch/user/a/amalhotr/CMSSW_14_0_18_patch1/src/Run3ScoutingAnalysisTools/crab_RealData_noLFNDirectory_All_LumiBased_75_v1/inputs/debugFiles.tgz completed
DEBUG 2025-05-22 21:51:08.071 UTC: 	 make sure that object is ready for retrieve
DEBUG 2025-05-22 21:51:09.072 UTC: 	 Encoded data for curl request: subresource=download&objecttype=sandbox&tarballname=60270f55f78f6c1d7dc5d6b732063f415eaa40e187eb0a3099e863b2526b7370.tar.gz&clientmethod=head_object
DEBUG 2025-05-22 21:51:09.117 UTC: 	 PreSignedUrl to download sandbox received OK
DEBUG 2025-05-22 21:51:09.120 UTC: 	 Will execute:
 curl -v -s -f -o /dev/null --head  "https://s3.cern.ch/crabcache_prod/amalhotr/sandboxes/60270f55f78f6c1d7dc5d6b732063f415eaa40e187eb0a3099e863b2526b7370.tar.gz?AWSAccessKeyId=715203df6482458ba839e73e6dab634b&Signature=0SbN7JLpNLdqbaLdqfKFQTys6Qs%3D&Expires=1747954269"
DEBUG 2025-05-22 21:51:09.149 UTC: 	 exitcode: 0
stdout: b''
DEBUG 2025-05-22 21:51:09.149 UTC: 	 sandbox /afs/cern.ch/user/a/amalhotr/CMSSW_14_0_18_patch1/src/Run3ScoutingAnalysisTools/crab_RealData_noLFNDirectory_All_LumiBased_75_v1/inputs/debugFiles.tgz successfully uploaded to S3
DEBUG 2025-05-22 21:51:09.149 UTC: 	 Result uploading input files: d21f38256e1fe46602fc5ab345ac679fe51bb1d6f3238f49bc29f5d2ba4ab61e.tar.gz 
DEBUG 2025-05-22 21:51:09.149 UTC: 	 submit() - self.configuration from WMCore.Configuration import Configuration
config = Configuration()
config.section_('General')
config.General.requestName = 'RealData_noLFNDirectory_All_LumiBased_75_v1'
config.General.transferOutputs = True
config.General.transferLogs = True
config.section_('JobType')
config.JobType.psetName = 'UnifiedScoutingVertexingTreeMaker.py'
config.JobType.pluginName = 'Analysis'
config.section_('Data')
config.Data.publication = False
config.Data.outputDatasetTag = 'RealData_noLFNDirectory_All_LumiBased_75_v1'
config.Data.unitsPerJob = 75
config.Data.inputDBS = 'global'
config.Data.inputDataset = '/ScoutingPFRun3/Run2024H-v1/HLTSCOUT'
config.Data.splitting = 'LumiBased'
config.Data.allowNonValidInputDataset = True
config.section_('Site')
config.Site.storageSite = 'T3_CH_CERNBOX'
config.section_('User')
config.section_('Debug')

DEBUG 2025-05-22 21:51:09.149 UTC: 	 submit() - self.configreq {'dryrun': 0, 'workflow': 'crab_RealData_noLFNDirectory_All_LumiBased_75_v1', 'saveoutput': 1, 'savelogsflag': 1, 'inputdata': '/ScoutingPFRun3/Run2024H-v1/HLTSCOUT', 'nonvaliddata': 1, 'userfiles': [], 'dbsurl': 'https://cmsweb.cern.ch/dbs/prod/global/DBSReader', 'useparent': 0, 'ignorelocality': 0, 'splitalgo': 'LumiBased', 'algoargs': 75, 'totalunits': 0, 'publication': 0, 'publishdbsurl': 'https://cmsweb.cern.ch/dbs/prod/phys03/DBSWriter', 'publishname2': 'RealData_noLFNDirectory_All_LumiBased_75_v1', 'jobtype': 'Analysis', 'generator': 'pythia', 'addoutputfiles': [], 'maxjobruntime': 1250, 'numcores': 1, 'maxmemory': 2000, 'priority': 10, 'nonprodsw': 0, 'asyncdest': 'T3_CH_CERNBOX', 'requireaccelerator': 0, 'oneEventMode': 0, 'extrajdl': [], 'ignoreglobalblacklist': 0, 'partialdataset': 0, 'inputblocks': []}
DEBUG 2025-05-22 21:51:09.149 UTC: 	 submit() - jobconfig {'addoutputfiles': [], 'tfileoutfiles': ['DY2M_ScoutingTree_Output.root'], 'edmoutfiles': [], 'jobarch': 'el9_amd64_gcc12', 'jobminuarch': 'any', 'jobsw': 'CMSSW_14_0_18_patch1', 'inputdata': '/ScoutingPFRun3/Run2024H-v1/HLTSCOUT', 'cacheurl': 'https://cmsweb.cern.ch/S3/crabcache_prod', 'cachefilename': 'd21f38256e1fe46602fc5ab345ac679fe51bb1d6f3238f49bc29f5d2ba4ab61e.tar.gz', 'debugfilename': '60270f55f78f6c1d7dc5d6b732063f415eaa40e187eb0a3099e863b2526b7370.tar.gz', 'jobtype': 'Analysis'}
INFO 2025-05-22 21:51:09.149 UTC: 	 Sending the request to the server at cmsweb.cern.ch
DEBUG 2025-05-22 21:51:09.149 UTC: 	 Submitting {'dryrun': 0, 'workflow': 'crab_RealData_noLFNDirectory_All_LumiBased_75_v1', 'saveoutput': 1, 'savelogsflag': 1, 'inputdata': '/ScoutingPFRun3/Run2024H-v1/HLTSCOUT', 'nonvaliddata': 1, 'userfiles': [], 'dbsurl': 'https://cmsweb.cern.ch/dbs/prod/global/DBSReader', 'useparent': 0, 'ignorelocality': 0, 'splitalgo': 'LumiBased', 'algoargs': 75, 'totalunits': 0, 'publication': 0, 'publishdbsurl': 'https://cmsweb.cern.ch/dbs/prod/phys03/DBSWriter', 'publishname2': 'RealData_noLFNDirectory_All_LumiBased_75_v1', 'jobtype': 'Analysis', 'generator': 'pythia', 'addoutputfiles': [], 'maxjobruntime': 1250, 'numcores': 1, 'maxmemory': 2000, 'priority': 10, 'nonprodsw': 0, 'asyncdest': 'T3_CH_CERNBOX', 'requireaccelerator': 0, 'oneEventMode': 0, 'extrajdl': [], 'ignoreglobalblacklist': 0, 'partialdataset': 0, 'inputblocks': [], 'tfileoutfiles': ['DY2M_ScoutingTree_Output.root'], 'edmoutfiles': [], 'jobarch': 'el9_amd64_gcc12', 'jobminuarch': 'any', 'jobsw': 'CMSSW_14_0_18_patch1', 'cacheurl': 'https://cmsweb.cern.ch/S3/crabcache_prod', 'cachefilename': 'd21f38256e1fe46602fc5ab345ac679fe51bb1d6f3238f49bc29f5d2ba4ab61e.tar.gz', 'debugfilename': '60270f55f78f6c1d7dc5d6b732063f415eaa40e187eb0a3099e863b2526b7370.tar.gz'} 
DEBUG 2025-05-22 21:51:09.149 UTC: 	 Encoded data for curl request: dryrun=0&workflow=crab_RealData_noLFNDirectory_All_LumiBased_75_v1&saveoutput=1&savelogsflag=1&inputdata=%2FScoutingPFRun3%2FRun2024H-v1%2FHLTSCOUT&nonvaliddata=1&dbsurl=https%3A%2F%2Fcmsweb.cern.ch%2Fdbs%2Fprod%2Fglobal%2FDBSReader&useparent=0&ignorelocality=0&splitalgo=LumiBased&algoargs=75&totalunits=0&publication=0&publishdbsurl=https%3A%2F%2Fcmsweb.cern.ch%2Fdbs%2Fprod%2Fphys03%2FDBSWriter&publishname2=RealData_noLFNDirectory_All_LumiBased_75_v1&jobtype=Analysis&generator=pythia&maxjobruntime=1250&numcores=1&maxmemory=2000&priority=10&nonprodsw=0&asyncdest=T3_CH_CERNBOX&requireaccelerator=0&oneEventMode=0&ignoreglobalblacklist=0&partialdataset=0&jobarch=el9_amd64_gcc12&jobminuarch=any&jobsw=CMSSW_14_0_18_patch1&cacheurl=https%3A%2F%2Fcmsweb.cern.ch%2FS3%2Fcrabcache_prod&cachefilename=d21f38256e1fe46602fc5ab345ac679fe51bb1d6f3238f49bc29f5d2ba4ab61e.tar.gz&debugfilename=60270f55f78f6c1d7dc5d6b732063f415eaa40e187eb0a3099e863b2526b7370.tar.gz&tfileoutfiles=DY2M_ScoutingTree_Output.root
DEBUG 2025-05-22 21:51:09.216 UTC: 	 Result: {'result': [{'RequestName': '250522_215109:amalhotr_crab_RealData_noLFNDirectory_All_LumiBased_75_v1'}]}
INFO 2025-05-22 21:51:09.218 UTC: 	 Success: Your task has been delivered to the prod CRAB3 server.
INFO 2025-05-22 21:51:09.218 UTC: 	 Task name: 250522_215109:amalhotr_crab_RealData_noLFNDirectory_All_LumiBased_75_v1
INFO 2025-05-22 21:51:09.218 UTC: 	 Project dir: ./crab_RealData_noLFNDirectory_All_LumiBased_75_v1
INFO 2025-05-22 21:51:09.218 UTC: 	 Please use ' crab status -d ./crab_RealData_noLFNDirectory_All_LumiBased_75_v1 ' to check how the submission process proceeds.
DEBUG 2025-05-22 21:51:09.218 UTC: 	 About to return
INFO 2025-05-22 21:51:09.220 UTC: 	 Log file is /afs/cern.ch/user/a/amalhotr/CMSSW_14_0_18_patch1/src/Run3ScoutingAnalysisTools/crab_RealData_noLFNDirectory_All_LumiBased_75_v1/crab.log
DEBUG 2025-05-22 21:51:20.058 UTC: 	 CRAB Client version: v3.250409
DEBUG 2025-05-22 21:51:20.058 UTC: 	 Running on: Linux lxplus978.cern.ch 5.14.0-503.34.1.el9_5.x86_64 #1 SMP PREEMPT_DYNAMIC Mon Mar 17 21:49:47 EDT 2025 x86_64 x86_64 x86_64 GNU/Linux
DEBUG 2025-05-22 21:51:20.058 UTC: 	 Not using Singularity
DEBUG 2025-05-22 21:51:20.058 UTC: 	 Operating System: Red Hat Enterprise Linux 9.6 (Plow)
DEBUG 2025-05-22 21:51:20.058 UTC: 	 Executing command: 'status'
DEBUG 2025-05-22 21:51:20.058 UTC: 	 Found CRAB cache file /afs/cern.ch/user/a/amalhotr/.crab3
DEBUG 2025-05-22 21:51:20.075 UTC: 	 Checking credentials
DEBUG 2025-05-22 21:51:20.075 UTC: 	 Found proxy file /tmp/x509up_u180451
DEBUG 2025-05-22 21:51:20.075 UTC: 	 Making sure it has proper VOMS extension
DEBUG 2025-05-22 21:51:20.075 UTC: 	 Executing command :
 voms-proxy-info --vo --file /tmp/x509up_u180451
DEBUG 2025-05-22 21:51:20.400 UTC: 	 output : cms

 error: 
 retcode : 0
DEBUG 2025-05-22 21:51:20.400 UTC: 	 Getting proxy life time left
DEBUG 2025-05-22 21:51:20.400 UTC: 	 Executing command :
 voms-proxy-info --actimeleft --timeleft --file /tmp/x509up_u180451
DEBUG 2025-05-22 21:51:20.746 UTC: 	 output : 679047
679046

 error: 
 retcode : 0
DEBUG 2025-05-22 21:51:20.746 UTC: 	 Proxy valid for 188:37:26 hours
DEBUG 2025-05-22 21:51:20.746 UTC: 	 Encoded data for curl request: subresource=delegatedn
DEBUG 2025-05-22 21:51:20.797 UTC: 	 Registering user credentials on myproxy for /DC=ch/DC=cern/OU=computers/CN=crab-(preprod|prod)-tw(01|02).cern.ch|/DC=ch/DC=cern/OU=computers/CN=crab-dev-tw(01|02|03|04).cern.ch|/DC=ch/DC=cern/OU=Organic Units/OU=Users/CN=cmscrab/CN=(817881|373708)/CN=Robot: cms crab|/DC=ch/DC=cern/OU=Organic Units/OU=Users/CN=crabint1/CN=373708/CN=Robot: CMS CRAB Integration 1
DEBUG 2025-05-22 21:51:20.797 UTC: 	 Executing command :
 voms-proxy-info --identity --file /tmp/x509up_u180451
DEBUG 2025-05-22 21:51:21.139 UTC: 	 output : /DC=ch/DC=cern/OU=Organic Units/OU=Users/CN=amalhotr/CN=884837/CN=Aryan Malhotra

 error: 
 retcode : 0
DEBUG 2025-05-22 21:51:21.140 UTC: 	 Getting myproxy life time left for 2382a3cf28fdeacb1de9b039908761ea517a5ed6
DEBUG 2025-05-22 21:51:21.140 UTC: 	 Executing command :
 myproxy-info -s myproxy.cern.ch -l 2382a3cf28fdeacb1de9b039908761ea517a5ed6
DEBUG 2025-05-22 21:51:21.418 UTC: 	 output : username: 2382a3cf28fdeacb1de9b039908761ea517a5ed6
owner: /DC=ch/DC=cern/OU=Organic Units/OU=Users/CN=amalhotr/CN=884837/CN=Aryan Malhotra
  renewal policy: /DC=ch/DC=cern/OU=computers/CN=crab-(preprod|prod)-tw(01|02).cern.ch|/DC=ch/DC=cern/OU=computers/CN=crab-dev-tw(01|02|03|04).cern.ch|/DC=ch/DC=cern/OU=Organic Units/OU=Users/CN=cmscrab/CN=(817881|373708)/CN=Robot: cms crab|/DC=ch/DC=cern/OU=Organic Units/OU=Users/CN=crabint1/CN=373708/CN=Robot: CMS CRAB Integration 1
  trusted retrieval policy: /DC=ch/DC=cern/OU=computers/CN=crab-(preprod|prod)-tw(01|02).cern.ch|/DC=ch/DC=cern/OU=computers/CN=crab-dev-tw(01|02|03|04).cern.ch|/DC=ch/DC=cern/OU=Organic Units/OU=Users/CN=cmscrab/CN=(817881|373708)/CN=Robot: cms crab|/DC=ch/DC=cern/OU=Organic Units/OU=Users/CN=crabint1/CN=373708/CN=Robot: CMS CRAB Integration 1
  timeleft: 537:02:12  (22.4 days)

 error: 
 retcode : 0
DEBUG 2025-05-22 21:51:21.418 UTC: 	 Myproxy is valid: 1933320
DEBUG 2025-05-22 21:51:21.418 UTC: 	 Result of myproxy credential check:
  Credential exists on myproxy: username: 2382a3cf28fdeacb1de9b039908761ea517a5ed6  - validity: 22 days, 9:02:00
DEBUG 2025-05-22 21:51:21.418 UTC: 	 Retrieving username ...
DEBUG 2025-05-22 21:51:21.418 UTC: 	 Retrieving username from CRIC...
DEBUG 2025-05-22 21:51:22.226 UTC: 	 username is amalhotr
INFO 2025-05-22 21:51:22.772 UTC: 	 Rucio client intialized for account amalhotr
DEBUG 2025-05-22 21:51:22.772 UTC: 	 Command use: status
DEBUG 2025-05-22 21:51:22.772 UTC: 	 Options use: ['-d', './crab_RealData_noLFNDirectory_All_LumiBased_75_v1']
DEBUG 2025-05-22 21:51:22.772 UTC: 	 Encoded data for curl request: subresource=version
DEBUG 2025-05-22 21:51:22.810 UTC: 	 CRABClient version: v3.250409
DEBUG 2025-05-22 21:51:22.810 UTC: 	 Instance is prod
DEBUG 2025-05-22 21:51:22.810 UTC: 	 Server base url is cmsweb.cern.ch
DEBUG 2025-05-22 21:51:22.810 UTC: 	 Command api workflow
DEBUG 2025-05-22 21:51:22.810 UTC: 	 Encoded data for curl request: subresource=search&workflow=250522_215109%3Aamalhotr_crab_RealData_noLFNDirectory_All_LumiBased_75_v1
DEBUG 2025-05-22 21:51:22.854 UTC: 	 Got information from server oracle database: {'desc': {'columns': ['tm_taskname', 'tm_activity', 'tm_task_status', 'tm_task_command', 'tm_start_time', 'tm_start_injection', 'tm_end_injection', 'tm_task_failure', 'tm_job_sw', 'tm_job_arch', 'tm_input_dataset', 'tm_nonvalid_input_dataset', 'tm_use_parent', 'tm_site_whitelist', 'tm_site_blacklist', 'tm_split_algo', 'tm_split_args', 'tm_user_sandbox', 'tm_cache_url', 'tm_username', 'tm_user_dn', 'tm_user_vo', 'tm_user_role', 'tm_user_group', 'tm_publish_name', 'tm_publish_groupname', 'tm_asyncdest', 'tm_dbs_url', 'tm_publish_dbs_url', 'tm_publication', 'tm_outfiles', 'tm_tfile_outfiles', 'tm_edm_outfiles', 'tm_job_type', 'tm_generator', 'tm_events_per_lumi', 'tm_arguments', 'tm_save_logs', 'tw_name', 'tm_user_infiles', 'tm_maxjobruntime', 'tm_numcores', 'tm_maxmemory', 'tm_priority', 'tm_output_dataset', 'tm_task_warnings', 'tm_user_webdir', 'tm_scriptexe', 'tm_scriptargs', 'tm_extrajdl', 'tm_collector', 'tm_schedd', 'tm_dry_run', 'tm_user_files', 'tm_transfer_outputs', 'tm_output_lfn', 'tm_ignore_locality', 'tm_fail_limit', 'tm_one_event_mode', 'tm_secondary_input_dataset', 'tm_primary_dataset', 'tm_last_publication', 'tm_debug_files', 'clusterid', 'tm_ignore_global_blacklist', 'tm_submitter_ip_addr', 'tm_totalunits', 'tm_ddm_reqid', 'tm_user_config', 'tm_transfer_container', 'tm_transfer_rule', 'tm_publish_rule', 'tm_multipub_rule', 'tm_job_min_microarch', 'tm_dagman_status', 'tm_num_jobs', 'tm_uploaded']}, 'result': ['250522_215109:amalhotr_crab_RealData_noLFNDirectory_All_LumiBased_75_v1', 'None', 'HOLDING', 'SUBMIT', '2025-05-22 21:51:09.209974', 'None', 'None', 'None', 'CMSSW_14_0_18_patch1', 'el9_amd64_gcc12', '/ScoutingPFRun3/Run2024H-v1/HLTSCOUT', 'T', '0', '[]', '[]', 'LumiBased', "{'halt_job_on_file_boundaries': False, 'splitOnRun': False, 'lumis_per_job': 75, 'runs': [], 'lumis': []}", 'd21f38256e1fe46602fc5ab345ac679fe51bb1d6f3238f49bc29f5d2ba4ab61e.tar.gz', 'https://cmsweb.cern.ch/S3/crabcache_prod', 'amalhotr', '/DC=ch/DC=cern/OU=Organic Units/OU=Users/CN=amalhotr/CN=884837/CN=Aryan Malhotra', 'cms', 'None', 'None', 'RealData_noLFNDirectory_All_LumiBased_75_v1-00000000000000000000000000000000', 'F', 'T3_CH_CERNBOX', 'https://cmsweb.cern.ch/dbs/prod/global/DBSReader', 'https://cmsweb.cern.ch/dbs/prod/phys03/DBSWriter', 'F', '[]', "['DY2M_ScoutingTree_Output.root']", '[]', 'Analysis', 'pythia', 'None', '{}', 'T', 'crab-prod-tw01', '[]', '1250', '1', '2000', '10', 'None', '[]', 'None', 'None', '[]', '[]', 'cmsgwms-collector-global.cern.ch:9620,cmsgwms-collector-global.fnal.gov:9620', 'None', 'F', '[]', 'T', '/store/user/amalhotr/', 'F', 'None', 'F', 'None', 'ScoutingPFRun3', 'None', '60270f55f78f6c1d7dc5d6b732063f415eaa40e187eb0a3099e863b2526b7370.tar.gz', 'None', 'F', '188.185.89.194', '0.0', 'None', '{"partialdataset": false, "requireaccelerator": false, "acceleratorparams": null, "inputblocks": null}', 'None', 'None', 'None', 'None', 'any', 'NOT_READY', '0', 'F']}
INFO 2025-05-22 21:51:22.854 UTC: 	 CRAB project directory:		/afs/cern.ch/user/a/amalhotr/CMSSW_14_0_18_patch1/src/Run3ScoutingAnalysisTools/crab_RealData_noLFNDirectory_All_LumiBased_75_v1
INFO 2025-05-22 21:51:22.854 UTC: 	 Task name:			250522_215109:amalhotr_crab_RealData_noLFNDirectory_All_LumiBased_75_v1
INFO 2025-05-22 21:51:22.855 UTC: 	 Grid scheduler - Task Worker:	N/A yet - crab-prod-tw01
INFO 2025-05-22 21:51:22.855 UTC: 	 Status on the CRAB server:	HOLDING on command SUBMIT
INFO 2025-05-22 21:51:22.855 UTC: 	 Task URL to use for HELP:	https://cmsweb.cern.ch/crabserver/ui/task/250522_215109%3Aamalhotr_crab_RealData_noLFNDirectory_All_LumiBased_75_v1
INFO 2025-05-22 21:51:22.861 UTC: 	 Dashboard monitoring URL:	https://monit-grafana.cern.ch/d/cmsTMDetail/cms-task-monitoring-task-view?orgId=11&var-user=amalhotr&var-task=250522_215109%3Aamalhotr_crab_RealData_noLFNDirectory_All_LumiBased_75_v1&from=1747947069000&to=now
DEBUG 2025-05-22 21:51:22.862 UTC: 	 The task has not been submitted to the Grid scheduler yet. Not printing job information.
INFO 2025-05-22 21:51:22.863 UTC: 	 Log file is /afs/cern.ch/user/a/amalhotr/CMSSW_14_0_18_patch1/src/Run3ScoutingAnalysisTools/crab_RealData_noLFNDirectory_All_LumiBased_75_v1/crab.log
