DEBUG 2025-10-30 04:58:47.262 UTC: 	 CRAB Client version: v3.250820
DEBUG 2025-10-30 04:58:47.262 UTC: 	 Running on: Linux lxplus948.cern.ch 5.14.0-570.49.1.el9_6.x86_64 #1 SMP PREEMPT_DYNAMIC Tue Sep 23 01:11:18 EDT 2025 x86_64 x86_64 x86_64 GNU/Linux
DEBUG 2025-10-30 04:58:47.262 UTC: 	 Not using Singularity
DEBUG 2025-10-30 04:58:47.262 UTC: 	 Operating System: Red Hat Enterprise Linux 9.6 (Plow)
DEBUG 2025-10-30 04:58:47.262 UTC: 	 Executing command: 'submit'
DEBUG 2025-10-30 04:58:47.262 UTC: 	 Found CRAB cache file /afs/cern.ch/user/a/amalhotr/.crab3
INFO 2025-10-30 04:58:47.263 UTC: 	 Will use CRAB configuration file chainedCrabConfig.py
DEBUG 2025-10-30 04:58:47.263 UTC: 	 Loading CRAB configuration file.
DEBUG 2025-10-30 04:58:47.272 UTC: 	 Will use CRAB plugin ANALYSIS (i.e. will run an analysis job type).
DEBUG 2025-10-30 04:58:47.277 UTC: 	 Checking credentials
DEBUG 2025-10-30 04:58:47.277 UTC: 	 Found proxy file /tmp/x509up_u180451
DEBUG 2025-10-30 04:58:47.277 UTC: 	 Making sure it has proper VOMS extension
DEBUG 2025-10-30 04:58:47.277 UTC: 	 Executing command :
 voms-proxy-info --vo --file /tmp/x509up_u180451
DEBUG 2025-10-30 04:58:47.298 UTC: 	 output : cms

 error: 
 retcode : 0
DEBUG 2025-10-30 04:58:47.298 UTC: 	 Getting proxy life time left
DEBUG 2025-10-30 04:58:47.298 UTC: 	 Executing command :
 voms-proxy-info --actimeleft --timeleft --file /tmp/x509up_u180451
DEBUG 2025-10-30 04:58:47.320 UTC: 	 output : 688398
688398

 error: 
 retcode : 0
DEBUG 2025-10-30 04:58:47.321 UTC: 	 Proxy valid for 191:13:18 hours
DEBUG 2025-10-30 04:58:47.321 UTC: 	 Encoded data for curl request: subresource=delegatedn
DEBUG 2025-10-30 04:58:47.364 UTC: 	 Registering user credentials on myproxy for /DC=ch/DC=cern/OU=Organic Units/OU=Users/CN=cmscrab/CN=(817881|373708)/CN=Robot: cms crab|/DC=ch/DC=cern/OU=Organic Units/OU=Users/CN=crabint1/CN=373708/CN=Robot: CMS CRAB Integration 1
DEBUG 2025-10-30 04:58:47.364 UTC: 	 Executing command :
 voms-proxy-info --identity --file /tmp/x509up_u180451
DEBUG 2025-10-30 04:58:47.385 UTC: 	 output : /DC=ch/DC=cern/OU=Organic Units/OU=Users/CN=amalhotr/CN=884837/CN=Aryan Malhotra

 error: 
 retcode : 0
DEBUG 2025-10-30 04:58:47.385 UTC: 	 Getting myproxy life time left for 2382a3cf28fdeacb1de9b039908761ea517a5ed6
DEBUG 2025-10-30 04:58:47.385 UTC: 	 Executing command :
 myproxy-info -s myproxy.cern.ch -l 2382a3cf28fdeacb1de9b039908761ea517a5ed6
DEBUG 2025-10-30 04:58:47.664 UTC: 	 output : username: 2382a3cf28fdeacb1de9b039908761ea517a5ed6
owner: /DC=ch/DC=cern/OU=Organic Units/OU=Users/CN=amalhotr/CN=884837/CN=Aryan Malhotra
  renewal policy: /DC=ch/DC=cern/OU=Organic Units/OU=Users/CN=cmscrab/CN=(817881|373708)/CN=Robot: cms crab|/DC=ch/DC=cern/OU=Organic Units/OU=Users/CN=crabint1/CN=373708/CN=Robot: CMS CRAB Integration 1
  trusted retrieval policy: /DC=ch/DC=cern/OU=Organic Units/OU=Users/CN=cmscrab/CN=(817881|373708)/CN=Robot: cms crab|/DC=ch/DC=cern/OU=Organic Units/OU=Users/CN=crabint1/CN=373708/CN=Robot: CMS CRAB Integration 1
  timeleft: 713:50:28  (29.7 days)

 error: 
 retcode : 0
DEBUG 2025-10-30 04:58:47.664 UTC: 	 Myproxy is valid: 2569800
DEBUG 2025-10-30 04:58:47.664 UTC: 	 Result of myproxy credential check:
  Credential exists on myproxy: username: 2382a3cf28fdeacb1de9b039908761ea517a5ed6  - validity: 29 days, 17:50:00
DEBUG 2025-10-30 04:58:47.664 UTC: 	 Command use: submit
DEBUG 2025-10-30 04:58:47.664 UTC: 	 Options use: ['-c', 'chainedCrabConfig.py']
DEBUG 2025-10-30 04:58:47.664 UTC: 	 Encoded data for curl request: subresource=version
DEBUG 2025-10-30 04:58:47.710 UTC: 	 CRABClient version: v3.250820
DEBUG 2025-10-30 04:58:47.710 UTC: 	 Instance is prod
DEBUG 2025-10-30 04:58:47.710 UTC: 	 Server base url is cmsweb.cern.ch
DEBUG 2025-10-30 04:58:47.710 UTC: 	 Command api workflow
DEBUG 2025-10-30 04:58:47.710 UTC: 	 Started submission
DEBUG 2025-10-30 04:58:47.710 UTC: 	 Working on /afs/cern.ch/user/a/amalhotr/CMSSW_14_0_18_patch1/src/Run3ScoutingAnalysisTools/crab_ScoutingData_Redone_4mod10_v2
DEBUG 2025-10-30 04:58:47.710 UTC: 	 Encoded data for curl request: subresource=backendurls
DEBUG 2025-10-30 04:58:47.782 UTC: 	 Loading required information from the environment
DEBUG 2025-10-30 04:58:47.782 UTC: 	 Found CMSSW_14_0_18_patch1 for el9_amd64_gcc12 with base /afs/cern.ch/user/a/amalhotr/CMSSW_14_0_18_patch1
DEBUG 2025-10-30 04:58:47.782 UTC: 	 Loading required information from the environment
DEBUG 2025-10-30 04:58:47.782 UTC: 	 Found CMSSW_14_0_18_patch1 for el9_amd64_gcc12 with base /afs/cern.ch/user/a/amalhotr/CMSSW_14_0_18_patch1
DEBUG 2025-10-30 04:58:47.782 UTC: 	 UNIQUE NAME: tarUUID 32ff2951-167d-4fd0-8381-7949af1c1402 
DEBUG 2025-10-30 04:58:47.782 UTC: 	 self.config: from WMCore.Configuration import Configuration
config = Configuration()
config.section_('General')
config.General.requestName = 'ScoutingData_Redone_4mod10_v2'
config.General.transferOutputs = True
config.General.transferLogs = True
config.section_('JobType')
config.JobType.outputFiles = ['ScoutingTree_Output.root']
config.JobType.maxJobRuntimeMin = 2750
config.JobType.pluginName = 'Analysis'
config.JobType.maxMemoryMB = 3500
config.JobType.psetName = 'UnifiedScoutingVertexingTreeMaker.py'
config.section_('Data')
config.Data.publication = False
config.Data.splitting = 'FileBased'
config.Data.inputDBS = 'global'
config.Data.unitsPerJob = 2
config.Data.allowNonValidInputDataset = True
config.Data.outputDatasetTag = 'ScoutingData_Redone_4mod10_v2'
config.Data.inputDataset = '/ScoutingPFRun3/Run2024H-v1/HLTSCOUT'
config.section_('Site')
config.Site.storageSite = 'T3_CH_CERNBOX'
config.section_('User')
config.section_('Debug')

DEBUG 2025-10-30 04:58:47.782 UTC: 	 self.config.JobType.psetName: UnifiedScoutingVertexingTreeMaker.py
INFO 2025-10-30 04:58:47.782 UTC: 	 Importing CMSSW configuration UnifiedScoutingVertexingTreeMaker.py
INFO 2025-10-30 04:58:48.096 UTC: 	 Finished importing CMSSW configuration UnifiedScoutingVertexingTreeMaker.py
DEBUG 2025-10-30 04:58:48.096 UTC: 	 Writing CMSSW configuration to /afs/cern.ch/user/a/amalhotr/CMSSW_14_0_18_patch1/src/Run3ScoutingAnalysisTools/crab_ScoutingData_Redone_4mod10_v2/inputs/PSet.py
DEBUG 2025-10-30 04:58:48.116 UTC: 	 The following EDM output files will be collected: []
DEBUG 2025-10-30 04:58:48.116 UTC: 	 The following TFile output files will be collected: ['ScoutingTree_Output.root']
DEBUG 2025-10-30 04:58:48.116 UTC: 	 The following user output files (not listed as PoolOuputModule or TFileService in the CMSSW PSet) will be collected: 
DEBUG 2025-10-30 04:58:48.116 UTC: 	 Loading required information from the environment
DEBUG 2025-10-30 04:58:48.116 UTC: 	 Found CMSSW_14_0_18_patch1 for el9_amd64_gcc12 with base /afs/cern.ch/user/a/amalhotr/CMSSW_14_0_18_patch1
DEBUG 2025-10-30 04:58:48.116 UTC: 	 Making tarball in /afs/cern.ch/user/a/amalhotr/CMSSW_14_0_18_patch1/src/Run3ScoutingAnalysisTools/crab_ScoutingData_Redone_4mod10_v2/inputs/32ff2951-167d-4fd0-8381-7949af1c1402default.tgz
DEBUG 2025-10-30 04:58:48.117 UTC: 	 Checking directory /afs/cern.ch/user/a/amalhotr/CMSSW_14_0_18_patch1/bin
DEBUG 2025-10-30 04:58:48.117 UTC: 	 Adding directory /afs/cern.ch/user/a/amalhotr/CMSSW_14_0_18_patch1/bin to tarball
DEBUG 2025-10-30 04:58:48.122 UTC: 	 Checking directory /afs/cern.ch/user/a/amalhotr/CMSSW_14_0_18_patch1/python
DEBUG 2025-10-30 04:58:48.122 UTC: 	 Adding directory /afs/cern.ch/user/a/amalhotr/CMSSW_14_0_18_patch1/python to tarball
DEBUG 2025-10-30 04:58:48.501 UTC: 	 Checking directory /afs/cern.ch/user/a/amalhotr/CMSSW_14_0_18_patch1/cfipython
DEBUG 2025-10-30 04:58:48.501 UTC: 	 Adding directory /afs/cern.ch/user/a/amalhotr/CMSSW_14_0_18_patch1/cfipython to tarball
DEBUG 2025-10-30 04:58:48.518 UTC: 	 Checking directory /afs/cern.ch/user/a/amalhotr/CMSSW_14_0_18_patch1/lib
DEBUG 2025-10-30 04:58:48.518 UTC: 	 Adding directory /afs/cern.ch/user/a/amalhotr/CMSSW_14_0_18_patch1/lib to tarball
DEBUG 2025-10-30 04:58:48.637 UTC: 	 Checking directory /afs/cern.ch/user/a/amalhotr/CMSSW_14_0_18_patch1/biglib
DEBUG 2025-10-30 04:58:48.637 UTC: 	 Adding directory /afs/cern.ch/user/a/amalhotr/CMSSW_14_0_18_patch1/biglib to tarball
DEBUG 2025-10-30 04:58:48.639 UTC: 	 Checking directory /afs/cern.ch/user/a/amalhotr/CMSSW_14_0_18_patch1/module
DEBUG 2025-10-30 04:58:48.639 UTC: 	 Checking directory /afs/cern.ch/user/a/amalhotr/CMSSW_14_0_18_patch1/config/SCRAM/hooks
DEBUG 2025-10-30 04:58:48.639 UTC: 	 Adding directory /afs/cern.ch/user/a/amalhotr/CMSSW_14_0_18_patch1/config/SCRAM/hooks to tarball
DEBUG 2025-10-30 04:58:48.671 UTC: 	 Adding directory /afs/cern.ch/user/a/amalhotr/CMSSW_14_0_18_patch1/src/Run3ScoutingAnalysisTools/DataFormats/Scouting/interface to tarball
DEBUG 2025-10-30 04:58:48.687 UTC: 	 Adding directory /afs/cern.ch/user/a/amalhotr/CMSSW_14_0_18_patch1/src/Run3ScoutingAnalysisTools/ScoutingTreeMakerRun3/python to tarball
DEBUG 2025-10-30 04:58:48.704 UTC: 	 Adding directory /afs/cern.ch/user/a/amalhotr/CMSSW_14_0_18_patch1/src/DataFormats/Scouting/interface to tarball
DEBUG 2025-10-30 04:58:48.720 UTC: 	 Adding directory /afs/cern.ch/user/a/amalhotr/CMSSW_14_0_18_patch1/src/Configuration/GenProduction/python to tarball
DEBUG 2025-10-30 04:58:48.781 UTC: 	 Uploading archive /afs/cern.ch/user/a/amalhotr/CMSSW_14_0_18_patch1/src/Run3ScoutingAnalysisTools/crab_ScoutingData_Redone_4mod10_v2/inputs/32ff2951-167d-4fd0-8381-7949af1c1402default.tgz (490 KB) to the CRAB cache. Using URI https://s3.cern.ch/crabcache
DEBUG 2025-10-30 04:58:48.979 UTC: 	 Encoded data for curl request: subresource=upload&objecttype=sandbox&tarballname=a67d4b06215e3e0890f18e011d44f40829f550beae46765d65e6bd8dfd1279aa.tar.gz
DEBUG 2025-10-30 04:58:49.031 UTC: 	 Will execute:
curl -f -v -X POST  -H "User-Agent: CRAB" -F "key=amalhotr/sandboxes/a67d4b06215e3e0890f18e011d44f40829f550beae46765d65e6bd8dfd1279aa.tar.gz" -F "AWSAccessKeyId=715203df6482458ba839e73e6dab634b" -F "policy=eyJleHBpcmF0aW9uIjogIjIwMjUtMTAtMzBUMDU6NTg6NDlaIiwgImNvbmRpdGlvbnMiOiBbeyJidWNrZXQiOiAiY3JhYmNhY2hlX3Byb2QifSwgeyJrZXkiOiAiYW1hbGhvdHIvc2FuZGJveGVzL2E2N2Q0YjA2MjE1ZTNlMDg5MGYxOGUwMTFkNDRmNDA4MjlmNTUwYmVhZTQ2NzY1ZDY1ZTZiZDhkZmQxMjc5YWEudGFyLmd6In1dfQ==" -F "signature=7kORe4ALcf/F+JgLhgsLrT4Mt78=" -F "file=@/afs/cern.ch/user/a/amalhotr/CMSSW_14_0_18_patch1/src/Run3ScoutingAnalysisTools/crab_ScoutingData_Redone_4mod10_v2/inputs/32ff2951-167d-4fd0-8381-7949af1c1402default.tgz" "https://s3.cern.ch/crabcache_prod"
DEBUG 2025-10-30 04:58:49.127 UTC: 	 exitcode: 0
stdout: b''
DEBUG 2025-10-30 04:58:49.127 UTC: 	 upload to S3 of sandbox /afs/cern.ch/user/a/amalhotr/CMSSW_14_0_18_patch1/src/Run3ScoutingAnalysisTools/crab_ScoutingData_Redone_4mod10_v2/inputs/32ff2951-167d-4fd0-8381-7949af1c1402default.tgz completed
DEBUG 2025-10-30 04:58:49.127 UTC: 	 make sure that object is ready for retrieve
DEBUG 2025-10-30 04:58:50.129 UTC: 	 Encoded data for curl request: subresource=download&objecttype=sandbox&tarballname=a67d4b06215e3e0890f18e011d44f40829f550beae46765d65e6bd8dfd1279aa.tar.gz&clientmethod=head_object
DEBUG 2025-10-30 04:58:50.169 UTC: 	 PreSignedUrl to download sandbox received OK
DEBUG 2025-10-30 04:58:50.172 UTC: 	 Will execute:
 curl -v -s -f -o /dev/null --head  "https://s3.cern.ch/crabcache_prod/amalhotr/sandboxes/a67d4b06215e3e0890f18e011d44f40829f550beae46765d65e6bd8dfd1279aa.tar.gz?AWSAccessKeyId=715203df6482458ba839e73e6dab634b&Signature=kbKb8eVWe4WyzPjIjzZzp%2B4JEKY%3D&Expires=1761803930"
DEBUG 2025-10-30 04:58:50.200 UTC: 	 exitcode: 0
stdout: b''
DEBUG 2025-10-30 04:58:50.200 UTC: 	 sandbox /afs/cern.ch/user/a/amalhotr/CMSSW_14_0_18_patch1/src/Run3ScoutingAnalysisTools/crab_ScoutingData_Redone_4mod10_v2/inputs/32ff2951-167d-4fd0-8381-7949af1c1402default.tgz successfully uploaded to S3
DEBUG 2025-10-30 04:58:50.200 UTC: 	 Loading required information from the environment
DEBUG 2025-10-30 04:58:50.200 UTC: 	 Found CMSSW_14_0_18_patch1 for el9_amd64_gcc12 with base /afs/cern.ch/user/a/amalhotr/CMSSW_14_0_18_patch1
DEBUG 2025-10-30 04:58:50.200 UTC: 	 Making tarball in /afs/cern.ch/user/a/amalhotr/CMSSW_14_0_18_patch1/src/Run3ScoutingAnalysisTools/crab_ScoutingData_Redone_4mod10_v2/inputs/debugFiles.tgz
DEBUG 2025-10-30 04:58:50.215 UTC: 	 Uploading archive /afs/cern.ch/user/a/amalhotr/CMSSW_14_0_18_patch1/src/Run3ScoutingAnalysisTools/crab_ScoutingData_Redone_4mod10_v2/inputs/debugFiles.tgz (3 KB) to the CRAB cache. Using URI https://s3.cern.ch/crabcache
DEBUG 2025-10-30 04:58:50.217 UTC: 	 Encoded data for curl request: subresource=upload&objecttype=sandbox&tarballname=2d62d12ca307c03972984633bf50daf3986c26493e65bab2f33827557453247d.tar.gz
DEBUG 2025-10-30 04:58:50.277 UTC: 	 Will execute:
curl -f -v -X POST  -H "User-Agent: CRAB" -F "key=amalhotr/sandboxes/2d62d12ca307c03972984633bf50daf3986c26493e65bab2f33827557453247d.tar.gz" -F "AWSAccessKeyId=715203df6482458ba839e73e6dab634b" -F "policy=eyJleHBpcmF0aW9uIjogIjIwMjUtMTAtMzBUMDU6NTg6NTBaIiwgImNvbmRpdGlvbnMiOiBbeyJidWNrZXQiOiAiY3JhYmNhY2hlX3Byb2QifSwgeyJrZXkiOiAiYW1hbGhvdHIvc2FuZGJveGVzLzJkNjJkMTJjYTMwN2MwMzk3Mjk4NDYzM2JmNTBkYWYzOTg2YzI2NDkzZTY1YmFiMmYzMzgyNzU1NzQ1MzI0N2QudGFyLmd6In1dfQ==" -F "signature=YPCROVIMK6NvHLlR2S8dXgwHlD4=" -F "file=@/afs/cern.ch/user/a/amalhotr/CMSSW_14_0_18_patch1/src/Run3ScoutingAnalysisTools/crab_ScoutingData_Redone_4mod10_v2/inputs/debugFiles.tgz" "https://s3.cern.ch/crabcache_prod"
DEBUG 2025-10-30 04:58:50.311 UTC: 	 exitcode: 0
stdout: b''
DEBUG 2025-10-30 04:58:50.312 UTC: 	 upload to S3 of sandbox /afs/cern.ch/user/a/amalhotr/CMSSW_14_0_18_patch1/src/Run3ScoutingAnalysisTools/crab_ScoutingData_Redone_4mod10_v2/inputs/debugFiles.tgz completed
DEBUG 2025-10-30 04:58:50.312 UTC: 	 make sure that object is ready for retrieve
DEBUG 2025-10-30 04:58:51.313 UTC: 	 Encoded data for curl request: subresource=download&objecttype=sandbox&tarballname=2d62d12ca307c03972984633bf50daf3986c26493e65bab2f33827557453247d.tar.gz&clientmethod=head_object
DEBUG 2025-10-30 04:58:51.362 UTC: 	 PreSignedUrl to download sandbox received OK
DEBUG 2025-10-30 04:58:51.364 UTC: 	 Will execute:
 curl -v -s -f -o /dev/null --head  "https://s3.cern.ch/crabcache_prod/amalhotr/sandboxes/2d62d12ca307c03972984633bf50daf3986c26493e65bab2f33827557453247d.tar.gz?AWSAccessKeyId=715203df6482458ba839e73e6dab634b&Signature=5o1RG1w3VK47ir0VVzkj6%2BiuRvc%3D&Expires=1761803931"
DEBUG 2025-10-30 04:58:51.389 UTC: 	 exitcode: 0
stdout: b''
DEBUG 2025-10-30 04:58:51.389 UTC: 	 sandbox /afs/cern.ch/user/a/amalhotr/CMSSW_14_0_18_patch1/src/Run3ScoutingAnalysisTools/crab_ScoutingData_Redone_4mod10_v2/inputs/debugFiles.tgz successfully uploaded to S3
DEBUG 2025-10-30 04:58:51.389 UTC: 	 Result uploading input files: a67d4b06215e3e0890f18e011d44f40829f550beae46765d65e6bd8dfd1279aa.tar.gz 
DEBUG 2025-10-30 04:58:51.390 UTC: 	 submit() - self.configuration from WMCore.Configuration import Configuration
config = Configuration()
config.section_('General')
config.General.requestName = 'ScoutingData_Redone_4mod10_v2'
config.General.transferOutputs = True
config.General.transferLogs = True
config.section_('JobType')
config.JobType.outputFiles = ['ScoutingTree_Output.root']
config.JobType.maxJobRuntimeMin = 2750
config.JobType.pluginName = 'Analysis'
config.JobType.maxMemoryMB = 3500
config.JobType.psetName = 'UnifiedScoutingVertexingTreeMaker.py'
config.section_('Data')
config.Data.publication = False
config.Data.splitting = 'FileBased'
config.Data.inputDBS = 'global'
config.Data.unitsPerJob = 2
config.Data.allowNonValidInputDataset = True
config.Data.outputDatasetTag = 'ScoutingData_Redone_4mod10_v2'
config.Data.inputDataset = '/ScoutingPFRun3/Run2024H-v1/HLTSCOUT'
config.section_('Site')
config.Site.storageSite = 'T3_CH_CERNBOX'
config.section_('User')
config.section_('Debug')

DEBUG 2025-10-30 04:58:51.390 UTC: 	 submit() - self.configreq {'dryrun': 0, 'workflow': 'crab_ScoutingData_Redone_4mod10_v2', 'saveoutput': 1, 'savelogsflag': 1, 'inputdata': '/ScoutingPFRun3/Run2024H-v1/HLTSCOUT', 'nonvaliddata': 1, 'userfiles': [], 'dbsurl': 'https://cmsweb.cern.ch/dbs/prod/global/DBSReader', 'useparent': 0, 'ignorelocality': 0, 'splitalgo': 'FileBased', 'algoargs': 2, 'totalunits': 0, 'publication': 0, 'publishdbsurl': 'https://cmsweb.cern.ch/dbs/prod/phys03/DBSWriter', 'publishname2': 'ScoutingData_Redone_4mod10_v2', 'jobtype': 'Analysis', 'generator': 'pythia', 'addoutputfiles': ['ScoutingTree_Output.root'], 'maxjobruntime': 2750, 'numcores': 1, 'maxmemory': 3500, 'priority': 10, 'nonprodsw': 0, 'asyncdest': 'T3_CH_CERNBOX', 'requireaccelerator': 0, 'oneEventMode': 0, 'extrajdl': [], 'ignoreglobalblacklist': 0, 'partialdataset': 0, 'inputblocks': []}
DEBUG 2025-10-30 04:58:51.390 UTC: 	 submit() - jobconfig {'addoutputfiles': [], 'tfileoutfiles': ['ScoutingTree_Output.root'], 'edmoutfiles': [], 'jobarch': 'el9_amd64_gcc12', 'jobminuarch': 'any', 'jobsw': 'CMSSW_14_0_18_patch1', 'inputdata': '/ScoutingPFRun3/Run2024H-v1/HLTSCOUT', 'cacheurl': 'https://s3.cern.ch/crabcache', 'cachefilename': 'a67d4b06215e3e0890f18e011d44f40829f550beae46765d65e6bd8dfd1279aa.tar.gz', 'debugfilename': '2d62d12ca307c03972984633bf50daf3986c26493e65bab2f33827557453247d.tar.gz', 'jobtype': 'Analysis'}
INFO 2025-10-30 04:58:51.390 UTC: 	 Sending the request to the server at cmsweb.cern.ch
DEBUG 2025-10-30 04:58:51.390 UTC: 	 Submitting {'dryrun': 0, 'workflow': 'crab_ScoutingData_Redone_4mod10_v2', 'saveoutput': 1, 'savelogsflag': 1, 'inputdata': '/ScoutingPFRun3/Run2024H-v1/HLTSCOUT', 'nonvaliddata': 1, 'userfiles': [], 'dbsurl': 'https://cmsweb.cern.ch/dbs/prod/global/DBSReader', 'useparent': 0, 'ignorelocality': 0, 'splitalgo': 'FileBased', 'algoargs': 2, 'totalunits': 0, 'publication': 0, 'publishdbsurl': 'https://cmsweb.cern.ch/dbs/prod/phys03/DBSWriter', 'publishname2': 'ScoutingData_Redone_4mod10_v2', 'jobtype': 'Analysis', 'generator': 'pythia', 'addoutputfiles': [], 'maxjobruntime': 2750, 'numcores': 1, 'maxmemory': 3500, 'priority': 10, 'nonprodsw': 0, 'asyncdest': 'T3_CH_CERNBOX', 'requireaccelerator': 0, 'oneEventMode': 0, 'extrajdl': [], 'ignoreglobalblacklist': 0, 'partialdataset': 0, 'inputblocks': [], 'tfileoutfiles': ['ScoutingTree_Output.root'], 'edmoutfiles': [], 'jobarch': 'el9_amd64_gcc12', 'jobminuarch': 'any', 'jobsw': 'CMSSW_14_0_18_patch1', 'cacheurl': 'https://s3.cern.ch/crabcache', 'cachefilename': 'a67d4b06215e3e0890f18e011d44f40829f550beae46765d65e6bd8dfd1279aa.tar.gz', 'debugfilename': '2d62d12ca307c03972984633bf50daf3986c26493e65bab2f33827557453247d.tar.gz'} 
DEBUG 2025-10-30 04:58:51.390 UTC: 	 Encoded data for curl request: dryrun=0&workflow=crab_ScoutingData_Redone_4mod10_v2&saveoutput=1&savelogsflag=1&inputdata=%2FScoutingPFRun3%2FRun2024H-v1%2FHLTSCOUT&nonvaliddata=1&dbsurl=https%3A%2F%2Fcmsweb.cern.ch%2Fdbs%2Fprod%2Fglobal%2FDBSReader&useparent=0&ignorelocality=0&splitalgo=FileBased&algoargs=2&totalunits=0&publication=0&publishdbsurl=https%3A%2F%2Fcmsweb.cern.ch%2Fdbs%2Fprod%2Fphys03%2FDBSWriter&publishname2=ScoutingData_Redone_4mod10_v2&jobtype=Analysis&generator=pythia&maxjobruntime=2750&numcores=1&maxmemory=3500&priority=10&nonprodsw=0&asyncdest=T3_CH_CERNBOX&requireaccelerator=0&oneEventMode=0&ignoreglobalblacklist=0&partialdataset=0&jobarch=el9_amd64_gcc12&jobminuarch=any&jobsw=CMSSW_14_0_18_patch1&cacheurl=https%3A%2F%2Fs3.cern.ch%2Fcrabcache&cachefilename=a67d4b06215e3e0890f18e011d44f40829f550beae46765d65e6bd8dfd1279aa.tar.gz&debugfilename=2d62d12ca307c03972984633bf50daf3986c26493e65bab2f33827557453247d.tar.gz&tfileoutfiles=ScoutingTree_Output.root
DEBUG 2025-10-30 04:58:51.442 UTC: 	 Result: {'result': [{'RequestName': '251030_045851:amalhotr_crab_ScoutingData_Redone_4mod10_v2'}]}
INFO 2025-10-30 04:58:51.445 UTC: 	 Success: Your task has been delivered to the prod CRAB3 server.
INFO 2025-10-30 04:58:51.445 UTC: 	 Task name: 251030_045851:amalhotr_crab_ScoutingData_Redone_4mod10_v2
INFO 2025-10-30 04:58:51.445 UTC: 	 Project dir: ./crab_ScoutingData_Redone_4mod10_v2
INFO 2025-10-30 04:58:51.445 UTC: 	 Please use ' crab status -d ./crab_ScoutingData_Redone_4mod10_v2 ' to check how the submission process proceeds.
DEBUG 2025-10-30 04:58:51.445 UTC: 	 About to return
INFO 2025-10-30 04:58:51.448 UTC: 	 Log file is /afs/cern.ch/user/a/amalhotr/CMSSW_14_0_18_patch1/src/Run3ScoutingAnalysisTools/crab_ScoutingData_Redone_4mod10_v2/crab.log
