DEBUG 2025-10-30 04:59:53.429 UTC: 	 CRAB Client version: v3.250820
DEBUG 2025-10-30 04:59:53.430 UTC: 	 Running on: Linux lxplus948.cern.ch 5.14.0-570.49.1.el9_6.x86_64 #1 SMP PREEMPT_DYNAMIC Tue Sep 23 01:11:18 EDT 2025 x86_64 x86_64 x86_64 GNU/Linux
DEBUG 2025-10-30 04:59:53.430 UTC: 	 Not using Singularity
DEBUG 2025-10-30 04:59:53.430 UTC: 	 Operating System: Red Hat Enterprise Linux 9.6 (Plow)
DEBUG 2025-10-30 04:59:53.430 UTC: 	 Executing command: 'submit'
DEBUG 2025-10-30 04:59:53.430 UTC: 	 Found CRAB cache file /afs/cern.ch/user/a/amalhotr/.crab3
INFO 2025-10-30 04:59:53.430 UTC: 	 Will use CRAB configuration file chainedCrabConfig.py
DEBUG 2025-10-30 04:59:53.430 UTC: 	 Loading CRAB configuration file.
DEBUG 2025-10-30 04:59:53.436 UTC: 	 Will use CRAB plugin ANALYSIS (i.e. will run an analysis job type).
DEBUG 2025-10-30 04:59:53.441 UTC: 	 Checking credentials
DEBUG 2025-10-30 04:59:53.441 UTC: 	 Found proxy file /tmp/x509up_u180451
DEBUG 2025-10-30 04:59:53.441 UTC: 	 Making sure it has proper VOMS extension
DEBUG 2025-10-30 04:59:53.441 UTC: 	 Executing command :
 voms-proxy-info --vo --file /tmp/x509up_u180451
DEBUG 2025-10-30 04:59:53.462 UTC: 	 output : cms

 error: 
 retcode : 0
DEBUG 2025-10-30 04:59:53.462 UTC: 	 Getting proxy life time left
DEBUG 2025-10-30 04:59:53.462 UTC: 	 Executing command :
 voms-proxy-info --actimeleft --timeleft --file /tmp/x509up_u180451
DEBUG 2025-10-30 04:59:53.481 UTC: 	 output : 688332
688332

 error: 
 retcode : 0
DEBUG 2025-10-30 04:59:53.481 UTC: 	 Proxy valid for 191:12:12 hours
DEBUG 2025-10-30 04:59:53.482 UTC: 	 Encoded data for curl request: subresource=delegatedn
DEBUG 2025-10-30 04:59:53.527 UTC: 	 Registering user credentials on myproxy for /DC=ch/DC=cern/OU=Organic Units/OU=Users/CN=cmscrab/CN=(817881|373708)/CN=Robot: cms crab|/DC=ch/DC=cern/OU=Organic Units/OU=Users/CN=crabint1/CN=373708/CN=Robot: CMS CRAB Integration 1
DEBUG 2025-10-30 04:59:53.527 UTC: 	 Executing command :
 voms-proxy-info --identity --file /tmp/x509up_u180451
DEBUG 2025-10-30 04:59:53.547 UTC: 	 output : /DC=ch/DC=cern/OU=Organic Units/OU=Users/CN=amalhotr/CN=884837/CN=Aryan Malhotra

 error: 
 retcode : 0
DEBUG 2025-10-30 04:59:53.547 UTC: 	 Getting myproxy life time left for 2382a3cf28fdeacb1de9b039908761ea517a5ed6
DEBUG 2025-10-30 04:59:53.547 UTC: 	 Executing command :
 myproxy-info -s myproxy.cern.ch -l 2382a3cf28fdeacb1de9b039908761ea517a5ed6
DEBUG 2025-10-30 04:59:53.809 UTC: 	 output : username: 2382a3cf28fdeacb1de9b039908761ea517a5ed6
owner: /DC=ch/DC=cern/OU=Organic Units/OU=Users/CN=amalhotr/CN=884837/CN=Aryan Malhotra
  renewal policy: /DC=ch/DC=cern/OU=Organic Units/OU=Users/CN=cmscrab/CN=(817881|373708)/CN=Robot: cms crab|/DC=ch/DC=cern/OU=Organic Units/OU=Users/CN=crabint1/CN=373708/CN=Robot: CMS CRAB Integration 1
  trusted retrieval policy: /DC=ch/DC=cern/OU=Organic Units/OU=Users/CN=cmscrab/CN=(817881|373708)/CN=Robot: cms crab|/DC=ch/DC=cern/OU=Organic Units/OU=Users/CN=crabint1/CN=373708/CN=Robot: CMS CRAB Integration 1
  timeleft: 713:49:22  (29.7 days)

 error: 
 retcode : 0
DEBUG 2025-10-30 04:59:53.809 UTC: 	 Myproxy is valid: 2569740
DEBUG 2025-10-30 04:59:53.809 UTC: 	 Result of myproxy credential check:
  Credential exists on myproxy: username: 2382a3cf28fdeacb1de9b039908761ea517a5ed6  - validity: 29 days, 17:49:00
DEBUG 2025-10-30 04:59:53.809 UTC: 	 Command use: submit
DEBUG 2025-10-30 04:59:53.809 UTC: 	 Options use: ['-c', 'chainedCrabConfig.py']
DEBUG 2025-10-30 04:59:53.809 UTC: 	 Encoded data for curl request: subresource=version
DEBUG 2025-10-30 04:59:53.845 UTC: 	 CRABClient version: v3.250820
DEBUG 2025-10-30 04:59:53.845 UTC: 	 Instance is prod
DEBUG 2025-10-30 04:59:53.845 UTC: 	 Server base url is cmsweb.cern.ch
DEBUG 2025-10-30 04:59:53.845 UTC: 	 Command api workflow
DEBUG 2025-10-30 04:59:53.845 UTC: 	 Started submission
DEBUG 2025-10-30 04:59:53.845 UTC: 	 Working on /afs/cern.ch/user/a/amalhotr/CMSSW_14_0_18_patch1/src/Run3ScoutingAnalysisTools/crab_ScoutingData_Redone_8mod10_v2
DEBUG 2025-10-30 04:59:53.845 UTC: 	 Encoded data for curl request: subresource=backendurls
DEBUG 2025-10-30 04:59:53.901 UTC: 	 Loading required information from the environment
DEBUG 2025-10-30 04:59:53.901 UTC: 	 Found CMSSW_14_0_18_patch1 for el9_amd64_gcc12 with base /afs/cern.ch/user/a/amalhotr/CMSSW_14_0_18_patch1
DEBUG 2025-10-30 04:59:53.901 UTC: 	 Loading required information from the environment
DEBUG 2025-10-30 04:59:53.901 UTC: 	 Found CMSSW_14_0_18_patch1 for el9_amd64_gcc12 with base /afs/cern.ch/user/a/amalhotr/CMSSW_14_0_18_patch1
DEBUG 2025-10-30 04:59:53.901 UTC: 	 UNIQUE NAME: tarUUID b081daa6-a6ab-4397-9686-17eca568c054 
DEBUG 2025-10-30 04:59:53.901 UTC: 	 self.config: from WMCore.Configuration import Configuration
config = Configuration()
config.section_('General')
config.General.transferOutputs = True
config.General.requestName = 'ScoutingData_Redone_8mod10_v2'
config.General.transferLogs = True
config.section_('JobType')
config.JobType.psetName = 'UnifiedScoutingVertexingTreeMaker.py'
config.JobType.maxMemoryMB = 3500
config.JobType.outputFiles = ['ScoutingTree_Output.root']
config.JobType.pluginName = 'Analysis'
config.JobType.maxJobRuntimeMin = 2750
config.section_('Data')
config.Data.splitting = 'FileBased'
config.Data.allowNonValidInputDataset = True
config.Data.outputDatasetTag = 'ScoutingData_Redone_8mod10_v2'
config.Data.unitsPerJob = 2
config.Data.inputDataset = '/ScoutingPFRun3/Run2024H-v1/HLTSCOUT'
config.Data.publication = False
config.Data.inputDBS = 'global'
config.section_('Site')
config.Site.storageSite = 'T3_CH_CERNBOX'
config.section_('User')
config.section_('Debug')

DEBUG 2025-10-30 04:59:53.901 UTC: 	 self.config.JobType.psetName: UnifiedScoutingVertexingTreeMaker.py
INFO 2025-10-30 04:59:53.901 UTC: 	 Importing CMSSW configuration UnifiedScoutingVertexingTreeMaker.py
INFO 2025-10-30 04:59:54.210 UTC: 	 Finished importing CMSSW configuration UnifiedScoutingVertexingTreeMaker.py
DEBUG 2025-10-30 04:59:54.211 UTC: 	 Writing CMSSW configuration to /afs/cern.ch/user/a/amalhotr/CMSSW_14_0_18_patch1/src/Run3ScoutingAnalysisTools/crab_ScoutingData_Redone_8mod10_v2/inputs/PSet.py
DEBUG 2025-10-30 04:59:54.245 UTC: 	 The following EDM output files will be collected: []
DEBUG 2025-10-30 04:59:54.245 UTC: 	 The following TFile output files will be collected: ['ScoutingTree_Output.root']
DEBUG 2025-10-30 04:59:54.245 UTC: 	 The following user output files (not listed as PoolOuputModule or TFileService in the CMSSW PSet) will be collected: 
DEBUG 2025-10-30 04:59:54.245 UTC: 	 Loading required information from the environment
DEBUG 2025-10-30 04:59:54.245 UTC: 	 Found CMSSW_14_0_18_patch1 for el9_amd64_gcc12 with base /afs/cern.ch/user/a/amalhotr/CMSSW_14_0_18_patch1
DEBUG 2025-10-30 04:59:54.245 UTC: 	 Making tarball in /afs/cern.ch/user/a/amalhotr/CMSSW_14_0_18_patch1/src/Run3ScoutingAnalysisTools/crab_ScoutingData_Redone_8mod10_v2/inputs/b081daa6-a6ab-4397-9686-17eca568c054default.tgz
DEBUG 2025-10-30 04:59:54.246 UTC: 	 Checking directory /afs/cern.ch/user/a/amalhotr/CMSSW_14_0_18_patch1/bin
DEBUG 2025-10-30 04:59:54.246 UTC: 	 Adding directory /afs/cern.ch/user/a/amalhotr/CMSSW_14_0_18_patch1/bin to tarball
DEBUG 2025-10-30 04:59:54.251 UTC: 	 Checking directory /afs/cern.ch/user/a/amalhotr/CMSSW_14_0_18_patch1/python
DEBUG 2025-10-30 04:59:54.251 UTC: 	 Adding directory /afs/cern.ch/user/a/amalhotr/CMSSW_14_0_18_patch1/python to tarball
DEBUG 2025-10-30 04:59:54.634 UTC: 	 Checking directory /afs/cern.ch/user/a/amalhotr/CMSSW_14_0_18_patch1/cfipython
DEBUG 2025-10-30 04:59:54.635 UTC: 	 Adding directory /afs/cern.ch/user/a/amalhotr/CMSSW_14_0_18_patch1/cfipython to tarball
DEBUG 2025-10-30 04:59:54.651 UTC: 	 Checking directory /afs/cern.ch/user/a/amalhotr/CMSSW_14_0_18_patch1/lib
DEBUG 2025-10-30 04:59:54.651 UTC: 	 Adding directory /afs/cern.ch/user/a/amalhotr/CMSSW_14_0_18_patch1/lib to tarball
DEBUG 2025-10-30 04:59:54.770 UTC: 	 Checking directory /afs/cern.ch/user/a/amalhotr/CMSSW_14_0_18_patch1/biglib
DEBUG 2025-10-30 04:59:54.770 UTC: 	 Adding directory /afs/cern.ch/user/a/amalhotr/CMSSW_14_0_18_patch1/biglib to tarball
DEBUG 2025-10-30 04:59:54.771 UTC: 	 Checking directory /afs/cern.ch/user/a/amalhotr/CMSSW_14_0_18_patch1/module
DEBUG 2025-10-30 04:59:54.771 UTC: 	 Checking directory /afs/cern.ch/user/a/amalhotr/CMSSW_14_0_18_patch1/config/SCRAM/hooks
DEBUG 2025-10-30 04:59:54.771 UTC: 	 Adding directory /afs/cern.ch/user/a/amalhotr/CMSSW_14_0_18_patch1/config/SCRAM/hooks to tarball
DEBUG 2025-10-30 04:59:54.795 UTC: 	 Adding directory /afs/cern.ch/user/a/amalhotr/CMSSW_14_0_18_patch1/src/Run3ScoutingAnalysisTools/DataFormats/Scouting/interface to tarball
DEBUG 2025-10-30 04:59:54.810 UTC: 	 Adding directory /afs/cern.ch/user/a/amalhotr/CMSSW_14_0_18_patch1/src/Run3ScoutingAnalysisTools/ScoutingTreeMakerRun3/python to tarball
DEBUG 2025-10-30 04:59:54.829 UTC: 	 Adding directory /afs/cern.ch/user/a/amalhotr/CMSSW_14_0_18_patch1/src/DataFormats/Scouting/interface to tarball
DEBUG 2025-10-30 04:59:54.843 UTC: 	 Adding directory /afs/cern.ch/user/a/amalhotr/CMSSW_14_0_18_patch1/src/Configuration/GenProduction/python to tarball
DEBUG 2025-10-30 04:59:54.910 UTC: 	 Uploading archive /afs/cern.ch/user/a/amalhotr/CMSSW_14_0_18_patch1/src/Run3ScoutingAnalysisTools/crab_ScoutingData_Redone_8mod10_v2/inputs/b081daa6-a6ab-4397-9686-17eca568c054default.tgz (490 KB) to the CRAB cache. Using URI https://s3.cern.ch/crabcache
DEBUG 2025-10-30 04:59:55.104 UTC: 	 Encoded data for curl request: subresource=upload&objecttype=sandbox&tarballname=47d66d5ef755894d05ba480227d84820c48273ecf21fdaa52b30268f2adec741.tar.gz
DEBUG 2025-10-30 04:59:55.153 UTC: 	 Will execute:
curl -f -v -X POST  -H "User-Agent: CRAB" -F "key=amalhotr/sandboxes/47d66d5ef755894d05ba480227d84820c48273ecf21fdaa52b30268f2adec741.tar.gz" -F "AWSAccessKeyId=715203df6482458ba839e73e6dab634b" -F "policy=eyJleHBpcmF0aW9uIjogIjIwMjUtMTAtMzBUMDU6NTk6NTVaIiwgImNvbmRpdGlvbnMiOiBbeyJidWNrZXQiOiAiY3JhYmNhY2hlX3Byb2QifSwgeyJrZXkiOiAiYW1hbGhvdHIvc2FuZGJveGVzLzQ3ZDY2ZDVlZjc1NTg5NGQwNWJhNDgwMjI3ZDg0ODIwYzQ4MjczZWNmMjFmZGFhNTJiMzAyNjhmMmFkZWM3NDEudGFyLmd6In1dfQ==" -F "signature=Q8Q5WpUahyrOE5M5AhBNcVeuS4U=" -F "file=@/afs/cern.ch/user/a/amalhotr/CMSSW_14_0_18_patch1/src/Run3ScoutingAnalysisTools/crab_ScoutingData_Redone_8mod10_v2/inputs/b081daa6-a6ab-4397-9686-17eca568c054default.tgz" "https://s3.cern.ch/crabcache_prod"
DEBUG 2025-10-30 04:59:55.471 UTC: 	 exitcode: 0
stdout: b''
DEBUG 2025-10-30 04:59:55.471 UTC: 	 upload to S3 of sandbox /afs/cern.ch/user/a/amalhotr/CMSSW_14_0_18_patch1/src/Run3ScoutingAnalysisTools/crab_ScoutingData_Redone_8mod10_v2/inputs/b081daa6-a6ab-4397-9686-17eca568c054default.tgz completed
DEBUG 2025-10-30 04:59:55.471 UTC: 	 make sure that object is ready for retrieve
DEBUG 2025-10-30 04:59:56.473 UTC: 	 Encoded data for curl request: subresource=download&objecttype=sandbox&tarballname=47d66d5ef755894d05ba480227d84820c48273ecf21fdaa52b30268f2adec741.tar.gz&clientmethod=head_object
DEBUG 2025-10-30 04:59:56.524 UTC: 	 PreSignedUrl to download sandbox received OK
DEBUG 2025-10-30 04:59:56.527 UTC: 	 Will execute:
 curl -v -s -f -o /dev/null --head  "https://s3.cern.ch/crabcache_prod/amalhotr/sandboxes/47d66d5ef755894d05ba480227d84820c48273ecf21fdaa52b30268f2adec741.tar.gz?AWSAccessKeyId=715203df6482458ba839e73e6dab634b&Signature=ffH%2Fx%2Bj7cy7tX00Yr%2BPK1ZAjwG8%3D&Expires=1761803996"
DEBUG 2025-10-30 04:59:56.551 UTC: 	 exitcode: 0
stdout: b''
DEBUG 2025-10-30 04:59:56.551 UTC: 	 sandbox /afs/cern.ch/user/a/amalhotr/CMSSW_14_0_18_patch1/src/Run3ScoutingAnalysisTools/crab_ScoutingData_Redone_8mod10_v2/inputs/b081daa6-a6ab-4397-9686-17eca568c054default.tgz successfully uploaded to S3
DEBUG 2025-10-30 04:59:56.551 UTC: 	 Loading required information from the environment
DEBUG 2025-10-30 04:59:56.551 UTC: 	 Found CMSSW_14_0_18_patch1 for el9_amd64_gcc12 with base /afs/cern.ch/user/a/amalhotr/CMSSW_14_0_18_patch1
DEBUG 2025-10-30 04:59:56.551 UTC: 	 Making tarball in /afs/cern.ch/user/a/amalhotr/CMSSW_14_0_18_patch1/src/Run3ScoutingAnalysisTools/crab_ScoutingData_Redone_8mod10_v2/inputs/debugFiles.tgz
DEBUG 2025-10-30 04:59:56.562 UTC: 	 Uploading archive /afs/cern.ch/user/a/amalhotr/CMSSW_14_0_18_patch1/src/Run3ScoutingAnalysisTools/crab_ScoutingData_Redone_8mod10_v2/inputs/debugFiles.tgz (3 KB) to the CRAB cache. Using URI https://s3.cern.ch/crabcache
DEBUG 2025-10-30 04:59:56.564 UTC: 	 Encoded data for curl request: subresource=upload&objecttype=sandbox&tarballname=dfa773d9b6be40a01f70db00a9944047d7f27878a5e5c644e80cdbb768dfc365.tar.gz
DEBUG 2025-10-30 04:59:56.604 UTC: 	 Will execute:
curl -f -v -X POST  -H "User-Agent: CRAB" -F "key=amalhotr/sandboxes/dfa773d9b6be40a01f70db00a9944047d7f27878a5e5c644e80cdbb768dfc365.tar.gz" -F "AWSAccessKeyId=715203df6482458ba839e73e6dab634b" -F "policy=eyJleHBpcmF0aW9uIjogIjIwMjUtMTAtMzBUMDU6NTk6NTZaIiwgImNvbmRpdGlvbnMiOiBbeyJidWNrZXQiOiAiY3JhYmNhY2hlX3Byb2QifSwgeyJrZXkiOiAiYW1hbGhvdHIvc2FuZGJveGVzL2RmYTc3M2Q5YjZiZTQwYTAxZjcwZGIwMGE5OTQ0MDQ3ZDdmMjc4NzhhNWU1YzY0NGU4MGNkYmI3NjhkZmMzNjUudGFyLmd6In1dfQ==" -F "signature=tv9qOM8ChO+DOVuD5VQ6J6o3h6I=" -F "file=@/afs/cern.ch/user/a/amalhotr/CMSSW_14_0_18_patch1/src/Run3ScoutingAnalysisTools/crab_ScoutingData_Redone_8mod10_v2/inputs/debugFiles.tgz" "https://s3.cern.ch/crabcache_prod"
DEBUG 2025-10-30 04:59:56.636 UTC: 	 exitcode: 0
stdout: b''
DEBUG 2025-10-30 04:59:56.636 UTC: 	 upload to S3 of sandbox /afs/cern.ch/user/a/amalhotr/CMSSW_14_0_18_patch1/src/Run3ScoutingAnalysisTools/crab_ScoutingData_Redone_8mod10_v2/inputs/debugFiles.tgz completed
DEBUG 2025-10-30 04:59:56.636 UTC: 	 make sure that object is ready for retrieve
DEBUG 2025-10-30 04:59:57.637 UTC: 	 Encoded data for curl request: subresource=download&objecttype=sandbox&tarballname=dfa773d9b6be40a01f70db00a9944047d7f27878a5e5c644e80cdbb768dfc365.tar.gz&clientmethod=head_object
DEBUG 2025-10-30 04:59:57.673 UTC: 	 PreSignedUrl to download sandbox received OK
DEBUG 2025-10-30 04:59:57.675 UTC: 	 Will execute:
 curl -v -s -f -o /dev/null --head  "https://s3.cern.ch/crabcache_prod/amalhotr/sandboxes/dfa773d9b6be40a01f70db00a9944047d7f27878a5e5c644e80cdbb768dfc365.tar.gz?AWSAccessKeyId=715203df6482458ba839e73e6dab634b&Signature=fJDewaGA4L0ga2RM24gYK80J5Eg%3D&Expires=1761803997"
DEBUG 2025-10-30 04:59:57.700 UTC: 	 exitcode: 0
stdout: b''
DEBUG 2025-10-30 04:59:57.700 UTC: 	 sandbox /afs/cern.ch/user/a/amalhotr/CMSSW_14_0_18_patch1/src/Run3ScoutingAnalysisTools/crab_ScoutingData_Redone_8mod10_v2/inputs/debugFiles.tgz successfully uploaded to S3
DEBUG 2025-10-30 04:59:57.700 UTC: 	 Result uploading input files: 47d66d5ef755894d05ba480227d84820c48273ecf21fdaa52b30268f2adec741.tar.gz 
DEBUG 2025-10-30 04:59:57.700 UTC: 	 submit() - self.configuration from WMCore.Configuration import Configuration
config = Configuration()
config.section_('General')
config.General.transferOutputs = True
config.General.requestName = 'ScoutingData_Redone_8mod10_v2'
config.General.transferLogs = True
config.section_('JobType')
config.JobType.psetName = 'UnifiedScoutingVertexingTreeMaker.py'
config.JobType.maxMemoryMB = 3500
config.JobType.outputFiles = ['ScoutingTree_Output.root']
config.JobType.pluginName = 'Analysis'
config.JobType.maxJobRuntimeMin = 2750
config.section_('Data')
config.Data.splitting = 'FileBased'
config.Data.allowNonValidInputDataset = True
config.Data.outputDatasetTag = 'ScoutingData_Redone_8mod10_v2'
config.Data.unitsPerJob = 2
config.Data.inputDataset = '/ScoutingPFRun3/Run2024H-v1/HLTSCOUT'
config.Data.publication = False
config.Data.inputDBS = 'global'
config.section_('Site')
config.Site.storageSite = 'T3_CH_CERNBOX'
config.section_('User')
config.section_('Debug')

DEBUG 2025-10-30 04:59:57.700 UTC: 	 submit() - self.configreq {'dryrun': 0, 'workflow': 'crab_ScoutingData_Redone_8mod10_v2', 'saveoutput': 1, 'savelogsflag': 1, 'inputdata': '/ScoutingPFRun3/Run2024H-v1/HLTSCOUT', 'nonvaliddata': 1, 'userfiles': [], 'dbsurl': 'https://cmsweb.cern.ch/dbs/prod/global/DBSReader', 'useparent': 0, 'ignorelocality': 0, 'splitalgo': 'FileBased', 'algoargs': 2, 'totalunits': 0, 'publication': 0, 'publishdbsurl': 'https://cmsweb.cern.ch/dbs/prod/phys03/DBSWriter', 'publishname2': 'ScoutingData_Redone_8mod10_v2', 'jobtype': 'Analysis', 'generator': 'pythia', 'addoutputfiles': ['ScoutingTree_Output.root'], 'maxjobruntime': 2750, 'numcores': 1, 'maxmemory': 3500, 'priority': 10, 'nonprodsw': 0, 'asyncdest': 'T3_CH_CERNBOX', 'requireaccelerator': 0, 'oneEventMode': 0, 'extrajdl': [], 'ignoreglobalblacklist': 0, 'partialdataset': 0, 'inputblocks': []}
DEBUG 2025-10-30 04:59:57.700 UTC: 	 submit() - jobconfig {'addoutputfiles': [], 'tfileoutfiles': ['ScoutingTree_Output.root'], 'edmoutfiles': [], 'jobarch': 'el9_amd64_gcc12', 'jobminuarch': 'any', 'jobsw': 'CMSSW_14_0_18_patch1', 'inputdata': '/ScoutingPFRun3/Run2024H-v1/HLTSCOUT', 'cacheurl': 'https://s3.cern.ch/crabcache', 'cachefilename': '47d66d5ef755894d05ba480227d84820c48273ecf21fdaa52b30268f2adec741.tar.gz', 'debugfilename': 'dfa773d9b6be40a01f70db00a9944047d7f27878a5e5c644e80cdbb768dfc365.tar.gz', 'jobtype': 'Analysis'}
INFO 2025-10-30 04:59:57.700 UTC: 	 Sending the request to the server at cmsweb.cern.ch
DEBUG 2025-10-30 04:59:57.700 UTC: 	 Submitting {'dryrun': 0, 'workflow': 'crab_ScoutingData_Redone_8mod10_v2', 'saveoutput': 1, 'savelogsflag': 1, 'inputdata': '/ScoutingPFRun3/Run2024H-v1/HLTSCOUT', 'nonvaliddata': 1, 'userfiles': [], 'dbsurl': 'https://cmsweb.cern.ch/dbs/prod/global/DBSReader', 'useparent': 0, 'ignorelocality': 0, 'splitalgo': 'FileBased', 'algoargs': 2, 'totalunits': 0, 'publication': 0, 'publishdbsurl': 'https://cmsweb.cern.ch/dbs/prod/phys03/DBSWriter', 'publishname2': 'ScoutingData_Redone_8mod10_v2', 'jobtype': 'Analysis', 'generator': 'pythia', 'addoutputfiles': [], 'maxjobruntime': 2750, 'numcores': 1, 'maxmemory': 3500, 'priority': 10, 'nonprodsw': 0, 'asyncdest': 'T3_CH_CERNBOX', 'requireaccelerator': 0, 'oneEventMode': 0, 'extrajdl': [], 'ignoreglobalblacklist': 0, 'partialdataset': 0, 'inputblocks': [], 'tfileoutfiles': ['ScoutingTree_Output.root'], 'edmoutfiles': [], 'jobarch': 'el9_amd64_gcc12', 'jobminuarch': 'any', 'jobsw': 'CMSSW_14_0_18_patch1', 'cacheurl': 'https://s3.cern.ch/crabcache', 'cachefilename': '47d66d5ef755894d05ba480227d84820c48273ecf21fdaa52b30268f2adec741.tar.gz', 'debugfilename': 'dfa773d9b6be40a01f70db00a9944047d7f27878a5e5c644e80cdbb768dfc365.tar.gz'} 
DEBUG 2025-10-30 04:59:57.700 UTC: 	 Encoded data for curl request: dryrun=0&workflow=crab_ScoutingData_Redone_8mod10_v2&saveoutput=1&savelogsflag=1&inputdata=%2FScoutingPFRun3%2FRun2024H-v1%2FHLTSCOUT&nonvaliddata=1&dbsurl=https%3A%2F%2Fcmsweb.cern.ch%2Fdbs%2Fprod%2Fglobal%2FDBSReader&useparent=0&ignorelocality=0&splitalgo=FileBased&algoargs=2&totalunits=0&publication=0&publishdbsurl=https%3A%2F%2Fcmsweb.cern.ch%2Fdbs%2Fprod%2Fphys03%2FDBSWriter&publishname2=ScoutingData_Redone_8mod10_v2&jobtype=Analysis&generator=pythia&maxjobruntime=2750&numcores=1&maxmemory=3500&priority=10&nonprodsw=0&asyncdest=T3_CH_CERNBOX&requireaccelerator=0&oneEventMode=0&ignoreglobalblacklist=0&partialdataset=0&jobarch=el9_amd64_gcc12&jobminuarch=any&jobsw=CMSSW_14_0_18_patch1&cacheurl=https%3A%2F%2Fs3.cern.ch%2Fcrabcache&cachefilename=47d66d5ef755894d05ba480227d84820c48273ecf21fdaa52b30268f2adec741.tar.gz&debugfilename=dfa773d9b6be40a01f70db00a9944047d7f27878a5e5c644e80cdbb768dfc365.tar.gz&tfileoutfiles=ScoutingTree_Output.root
DEBUG 2025-10-30 04:59:57.855 UTC: 	 Result: {'result': [{'RequestName': '251030_045957:amalhotr_crab_ScoutingData_Redone_8mod10_v2'}]}
INFO 2025-10-30 04:59:57.857 UTC: 	 Success: Your task has been delivered to the prod CRAB3 server.
INFO 2025-10-30 04:59:57.857 UTC: 	 Task name: 251030_045957:amalhotr_crab_ScoutingData_Redone_8mod10_v2
INFO 2025-10-30 04:59:57.857 UTC: 	 Project dir: ./crab_ScoutingData_Redone_8mod10_v2
INFO 2025-10-30 04:59:57.857 UTC: 	 Please use ' crab status -d ./crab_ScoutingData_Redone_8mod10_v2 ' to check how the submission process proceeds.
DEBUG 2025-10-30 04:59:57.857 UTC: 	 About to return
INFO 2025-10-30 04:59:57.860 UTC: 	 Log file is /afs/cern.ch/user/a/amalhotr/CMSSW_14_0_18_patch1/src/Run3ScoutingAnalysisTools/crab_ScoutingData_Redone_8mod10_v2/crab.log
