DEBUG 2025-05-15 06:53:27.171 UTC: 	 CRAB Client version: v3.250409
DEBUG 2025-05-15 06:53:27.171 UTC: 	 Running on: Linux lxplus974.cern.ch 5.14.0-503.34.1.el9_5.x86_64 #1 SMP PREEMPT_DYNAMIC Mon Mar 17 21:49:47 EDT 2025 x86_64 x86_64 x86_64 GNU/Linux
DEBUG 2025-05-15 06:53:27.171 UTC: 	 Not using Singularity
DEBUG 2025-05-15 06:53:27.171 UTC: 	 Operating System: Red Hat Enterprise Linux 9.5 (Plow)
DEBUG 2025-05-15 06:53:27.171 UTC: 	 Executing command: 'submit'
DEBUG 2025-05-15 06:53:27.172 UTC: 	 Found CRAB cache file /afs/cern.ch/user/a/amalhotr/.crab3
INFO 2025-05-15 06:53:27.197 UTC: 	 Will use CRAB configuration file chainedCrabConfig.py
DEBUG 2025-05-15 06:53:27.197 UTC: 	 Loading CRAB configuration file.
DEBUG 2025-05-15 06:53:27.256 UTC: 	 Will use CRAB plugin ANALYSIS (i.e. will run an analysis job type).
DEBUG 2025-05-15 06:53:27.299 UTC: 	 Checking credentials
DEBUG 2025-05-15 06:53:27.299 UTC: 	 Found proxy file /tmp/x509up_u180451
DEBUG 2025-05-15 06:53:27.299 UTC: 	 Making sure it has proper VOMS extension
DEBUG 2025-05-15 06:53:27.299 UTC: 	 Executing command :
 voms-proxy-info --vo --file /tmp/x509up_u180451
DEBUG 2025-05-15 06:53:27.719 UTC: 	 output : cms

 error: 
 retcode : 0
DEBUG 2025-05-15 06:53:27.719 UTC: 	 Getting proxy life time left
DEBUG 2025-05-15 06:53:27.719 UTC: 	 Executing command :
 voms-proxy-info --actimeleft --timeleft --file /tmp/x509up_u180451
DEBUG 2025-05-15 06:53:28.102 UTC: 	 output : 690160
690160

 error: 
 retcode : 0
DEBUG 2025-05-15 06:53:28.102 UTC: 	 Proxy valid for 191:42:40 hours
DEBUG 2025-05-15 06:53:28.102 UTC: 	 Encoded data for curl request: subresource=delegatedn
DEBUG 2025-05-15 06:53:28.157 UTC: 	 Registering user credentials on myproxy for /DC=ch/DC=cern/OU=computers/CN=crab-(preprod|prod)-tw(01|02).cern.ch|/DC=ch/DC=cern/OU=computers/CN=crab-dev-tw(01|02|03|04).cern.ch|/DC=ch/DC=cern/OU=Organic Units/OU=Users/CN=cmscrab/CN=(817881|373708)/CN=Robot: cms crab|/DC=ch/DC=cern/OU=Organic Units/OU=Users/CN=crabint1/CN=373708/CN=Robot: CMS CRAB Integration 1
DEBUG 2025-05-15 06:53:28.157 UTC: 	 Executing command :
 voms-proxy-info --identity --file /tmp/x509up_u180451
DEBUG 2025-05-15 06:53:28.542 UTC: 	 output : /DC=ch/DC=cern/OU=Organic Units/OU=Users/CN=amalhotr/CN=884837/CN=Aryan Malhotra

 error: 
 retcode : 0
DEBUG 2025-05-15 06:53:28.542 UTC: 	 Getting myproxy life time left for 2382a3cf28fdeacb1de9b039908761ea517a5ed6
DEBUG 2025-05-15 06:53:28.542 UTC: 	 Executing command :
 myproxy-info -s myproxy.cern.ch -l 2382a3cf28fdeacb1de9b039908761ea517a5ed6
DEBUG 2025-05-15 06:53:28.820 UTC: 	 output : username: 2382a3cf28fdeacb1de9b039908761ea517a5ed6
owner: /DC=ch/DC=cern/OU=Organic Units/OU=Users/CN=amalhotr/CN=884837/CN=Aryan Malhotra
  renewal policy: /DC=ch/DC=cern/OU=computers/CN=crab-(preprod|prod)-tw(01|02).cern.ch|/DC=ch/DC=cern/OU=computers/CN=crab-dev-tw(01|02|03|04).cern.ch|/DC=ch/DC=cern/OU=Organic Units/OU=Users/CN=cmscrab/CN=(817881|373708)/CN=Robot: cms crab|/DC=ch/DC=cern/OU=Organic Units/OU=Users/CN=crabint1/CN=373708/CN=Robot: CMS CRAB Integration 1
  trusted retrieval policy: /DC=ch/DC=cern/OU=computers/CN=crab-(preprod|prod)-tw(01|02).cern.ch|/DC=ch/DC=cern/OU=computers/CN=crab-dev-tw(01|02|03|04).cern.ch|/DC=ch/DC=cern/OU=Organic Units/OU=Users/CN=cmscrab/CN=(817881|373708)/CN=Robot: cms crab|/DC=ch/DC=cern/OU=Organic Units/OU=Users/CN=crabint1/CN=373708/CN=Robot: CMS CRAB Integration 1
  timeleft: 22:59:07

 error: 
 retcode : 0
DEBUG 2025-05-15 06:53:28.820 UTC: 	 Myproxy is valid: 82740
DEBUG 2025-05-15 06:53:28.820 UTC: 	 Executing command :
 openssl x509 -noout -dates -in ~/.globus/usercert.pem
DEBUG 2025-05-15 06:53:28.836 UTC: 	 output : notBefore=Dec 27 04:31:14 2024 GMT
notAfter=Jan 31 04:31:14 2026 GMT

 error: 
 retcode : 0
DEBUG 2025-05-15 06:53:28.844 UTC: 	 Delegating a myproxy for 720:00 hours
DEBUG 2025-05-15 06:53:28.844 UTC: 	 Executing command :
 export GT_PROXY_MODE=rfc ; myproxy-init -d -n -s myproxy.cern.ch -C ~/.globus/usercert.pem -y ~/.globus/userkey.pem -x -R '/DC=ch/DC=cern/OU=computers/CN=crab-(preprod|prod)-tw(01|02).cern.ch|/DC=ch/DC=cern/OU=computers/CN=crab-dev-tw(01|02|03|04).cern.ch|/DC=ch/DC=cern/OU=Organic Units/OU=Users/CN=cmscrab/CN=(817881|373708)/CN=Robot: cms crab|/DC=ch/DC=cern/OU=Organic Units/OU=Users/CN=crabint1/CN=373708/CN=Robot: CMS CRAB Integration 1' -x -Z '/DC=ch/DC=cern/OU=computers/CN=crab-(preprod|prod)-tw(01|02).cern.ch|/DC=ch/DC=cern/OU=computers/CN=crab-dev-tw(01|02|03|04).cern.ch|/DC=ch/DC=cern/OU=Organic Units/OU=Users/CN=cmscrab/CN=(817881|373708)/CN=Robot: cms crab|/DC=ch/DC=cern/OU=Organic Units/OU=Users/CN=crabint1/CN=373708/CN=Robot: CMS CRAB Integration 1' -l 2382a3cf28fdeacb1de9b039908761ea517a5ed6 -t 168 -c 720:00
DEBUG 2025-05-15 06:53:33.646 UTC: 	 output : Your identity: /DC=ch/DC=cern/OU=Organic Units/OU=Users/CN=amalhotr/CN=884837/CN=Aryan Malhotra
Creating proxy ............................................................................................................................................................................................................................................................................................................................................................................................................................................................................................................................................................................................................................................................................................................................................................................................................................................................................................................................................................................................................................................................................................................................................................................................................................................................................................................................................. Done
Proxy Verify OK
Your proxy is valid until: Sat Jun 14 08:53:33 2025
A proxy valid for 720 hours (30.0 days) for user 2382a3cf28fdeacb1de9b039908761ea517a5ed6 now exists on myproxy.cern.ch.

 error: 
 retcode : 0
DEBUG 2025-05-15 06:53:33.646 UTC: 	 Executing command :
 myproxy-info -s myproxy.cern.ch -l 2382a3cf28fdeacb1de9b039908761ea517a5ed6
DEBUG 2025-05-15 06:53:33.908 UTC: 	 output : username: 2382a3cf28fdeacb1de9b039908761ea517a5ed6
owner: /DC=ch/DC=cern/OU=Organic Units/OU=Users/CN=amalhotr/CN=884837/CN=Aryan Malhotra
  renewal policy: /DC=ch/DC=cern/OU=computers/CN=crab-(preprod|prod)-tw(01|02).cern.ch|/DC=ch/DC=cern/OU=computers/CN=crab-dev-tw(01|02|03|04).cern.ch|/DC=ch/DC=cern/OU=Organic Units/OU=Users/CN=cmscrab/CN=(817881|373708)/CN=Robot: cms crab|/DC=ch/DC=cern/OU=Organic Units/OU=Users/CN=crabint1/CN=373708/CN=Robot: CMS CRAB Integration 1
  trusted retrieval policy: /DC=ch/DC=cern/OU=computers/CN=crab-(preprod|prod)-tw(01|02).cern.ch|/DC=ch/DC=cern/OU=computers/CN=crab-dev-tw(01|02|03|04).cern.ch|/DC=ch/DC=cern/OU=Organic Units/OU=Users/CN=cmscrab/CN=(817881|373708)/CN=Robot: cms crab|/DC=ch/DC=cern/OU=Organic Units/OU=Users/CN=crabint1/CN=373708/CN=Robot: CMS CRAB Integration 1
  timeleft: 720:00:00  (30.0 days)

 error: 
 retcode : 0
DEBUG 2025-05-15 06:53:33.908 UTC: 	 My-proxy delegated.
DEBUG 2025-05-15 06:53:33.908 UTC: 	 Result of myproxy credential check:
  Credential exists on myproxy: username: 2382a3cf28fdeacb1de9b039908761ea517a5ed6  - validity: 30 days, 0:00:00
DEBUG 2025-05-15 06:53:33.908 UTC: 	 Command use: submit
DEBUG 2025-05-15 06:53:33.908 UTC: 	 Options use: ['-c', 'chainedCrabConfig.py']
DEBUG 2025-05-15 06:53:33.908 UTC: 	 Encoded data for curl request: subresource=version
DEBUG 2025-05-15 06:53:33.946 UTC: 	 CRABClient version: v3.250409
DEBUG 2025-05-15 06:53:33.946 UTC: 	 Instance is prod
DEBUG 2025-05-15 06:53:33.946 UTC: 	 Server base url is cmsweb.cern.ch
DEBUG 2025-05-15 06:53:33.946 UTC: 	 Command api workflow
DEBUG 2025-05-15 06:53:33.946 UTC: 	 Started submission
DEBUG 2025-05-15 06:53:33.946 UTC: 	 Working on /afs/cern.ch/user/a/amalhotr/CMSSW_14_0_18_patch1/src/Run3ScoutingAnalysisTools/crab_DY2Mu4Jets_ScoutingTree_CombinedChain_All_v3
DEBUG 2025-05-15 06:53:33.946 UTC: 	 Encoded data for curl request: subresource=backendurls
DEBUG 2025-05-15 06:53:34.014 UTC: 	 Loading required information from the environment
DEBUG 2025-05-15 06:53:34.014 UTC: 	 Found CMSSW_14_0_18_patch1 for el9_amd64_gcc12 with base /afs/cern.ch/user/a/amalhotr/CMSSW_14_0_18_patch1
DEBUG 2025-05-15 06:53:34.014 UTC: 	 Loading required information from the environment
DEBUG 2025-05-15 06:53:34.014 UTC: 	 Found CMSSW_14_0_18_patch1 for el9_amd64_gcc12 with base /afs/cern.ch/user/a/amalhotr/CMSSW_14_0_18_patch1
DEBUG 2025-05-15 06:53:34.014 UTC: 	 UNIQUE NAME: tarUUID 7b50f364-9a71-45ee-911c-e68108d6db7e 
DEBUG 2025-05-15 06:53:34.014 UTC: 	 self.config: from WMCore.Configuration import Configuration
config = Configuration()
config.section_('General')
config.General.requestName = 'DY2Mu4Jets_ScoutingTree_CombinedChain_All_v3'
config.General.transferOutputs = True
config.General.transferLogs = True
config.section_('JobType')
config.JobType.pluginName = 'Analysis'
config.JobType.psetName = 'UnifiedScoutingVertexingTreeMaker.py'
config.section_('Data')
config.Data.outputDatasetTag = 'DY2Mu4Jets_ScoutingTree_CombinedChain_All_v3'
config.Data.unitsPerJob = 50000
config.Data.publication = False
config.Data.inputDBS = 'global'
config.Data.splitting = 'EventAwareLumiBased'
config.Data.allowNonValidInputDataset = True
config.Data.outLFNDirBase = '/store/user/amalhotr/DY2Mu4Jets_ScoutingTree/'
config.Data.inputDataset = '/DYto2Mu-4Jets_Bin-MLL-50_TuneCP5_13p6TeV_madgraphMLM-pythia8/RunIII2024Summer24MiniAOD-140X_mcRun3_2024_realistic_v26-v2/MINIAODSIM'
config.section_('Site')
config.Site.storageSite = 'T3_CH_CERNBOX'
config.section_('User')
config.section_('Debug')

DEBUG 2025-05-15 06:53:34.014 UTC: 	 self.config.JobType.psetName: UnifiedScoutingVertexingTreeMaker.py
INFO 2025-05-15 06:53:34.014 UTC: 	 Importing CMSSW configuration UnifiedScoutingVertexingTreeMaker.py
INFO 2025-05-15 06:53:34.533 UTC: 	 Finished importing CMSSW configuration UnifiedScoutingVertexingTreeMaker.py
DEBUG 2025-05-15 06:53:34.533 UTC: 	 Writing CMSSW configuration to /afs/cern.ch/user/a/amalhotr/CMSSW_14_0_18_patch1/src/Run3ScoutingAnalysisTools/crab_DY2Mu4Jets_ScoutingTree_CombinedChain_All_v3/inputs/PSet.py
DEBUG 2025-05-15 06:53:34.556 UTC: 	 The following EDM output files will be collected: []
DEBUG 2025-05-15 06:53:34.556 UTC: 	 The following TFile output files will be collected: ['DY2M_ScoutingTree_Output.root']
DEBUG 2025-05-15 06:53:34.556 UTC: 	 The following user output files (not listed as PoolOuputModule or TFileService in the CMSSW PSet) will be collected: 
DEBUG 2025-05-15 06:53:34.556 UTC: 	 Loading required information from the environment
DEBUG 2025-05-15 06:53:34.556 UTC: 	 Found CMSSW_14_0_18_patch1 for el9_amd64_gcc12 with base /afs/cern.ch/user/a/amalhotr/CMSSW_14_0_18_patch1
DEBUG 2025-05-15 06:53:34.556 UTC: 	 Making tarball in /afs/cern.ch/user/a/amalhotr/CMSSW_14_0_18_patch1/src/Run3ScoutingAnalysisTools/crab_DY2Mu4Jets_ScoutingTree_CombinedChain_All_v3/inputs/7b50f364-9a71-45ee-911c-e68108d6db7edefault.tgz
DEBUG 2025-05-15 06:53:34.560 UTC: 	 Checking directory /afs/cern.ch/user/a/amalhotr/CMSSW_14_0_18_patch1/bin
DEBUG 2025-05-15 06:53:34.560 UTC: 	 Adding directory /afs/cern.ch/user/a/amalhotr/CMSSW_14_0_18_patch1/bin to tarball
DEBUG 2025-05-15 06:53:34.562 UTC: 	 Checking directory /afs/cern.ch/user/a/amalhotr/CMSSW_14_0_18_patch1/python
DEBUG 2025-05-15 06:53:34.562 UTC: 	 Adding directory /afs/cern.ch/user/a/amalhotr/CMSSW_14_0_18_patch1/python to tarball
DEBUG 2025-05-15 06:53:35.013 UTC: 	 Checking directory /afs/cern.ch/user/a/amalhotr/CMSSW_14_0_18_patch1/cfipython
DEBUG 2025-05-15 06:53:35.013 UTC: 	 Adding directory /afs/cern.ch/user/a/amalhotr/CMSSW_14_0_18_patch1/cfipython to tarball
DEBUG 2025-05-15 06:53:35.069 UTC: 	 Checking directory /afs/cern.ch/user/a/amalhotr/CMSSW_14_0_18_patch1/lib
DEBUG 2025-05-15 06:53:35.069 UTC: 	 Adding directory /afs/cern.ch/user/a/amalhotr/CMSSW_14_0_18_patch1/lib to tarball
DEBUG 2025-05-15 06:53:35.184 UTC: 	 Checking directory /afs/cern.ch/user/a/amalhotr/CMSSW_14_0_18_patch1/biglib
DEBUG 2025-05-15 06:53:35.184 UTC: 	 Adding directory /afs/cern.ch/user/a/amalhotr/CMSSW_14_0_18_patch1/biglib to tarball
DEBUG 2025-05-15 06:53:35.185 UTC: 	 Checking directory /afs/cern.ch/user/a/amalhotr/CMSSW_14_0_18_patch1/module
DEBUG 2025-05-15 06:53:35.185 UTC: 	 Checking directory /afs/cern.ch/user/a/amalhotr/CMSSW_14_0_18_patch1/config/SCRAM/hooks
DEBUG 2025-05-15 06:53:35.185 UTC: 	 Adding directory /afs/cern.ch/user/a/amalhotr/CMSSW_14_0_18_patch1/config/SCRAM/hooks to tarball
DEBUG 2025-05-15 06:53:35.426 UTC: 	 Adding directory /afs/cern.ch/user/a/amalhotr/CMSSW_14_0_18_patch1/src/Run3ScoutingAnalysisTools/DataFormats/Scouting/interface to tarball
DEBUG 2025-05-15 06:53:35.480 UTC: 	 Adding directory /afs/cern.ch/user/a/amalhotr/CMSSW_14_0_18_patch1/src/Run3ScoutingAnalysisTools/ScoutingTreeMakerRun3/python to tarball
DEBUG 2025-05-15 06:53:35.493 UTC: 	 Adding directory /afs/cern.ch/user/a/amalhotr/CMSSW_14_0_18_patch1/src/DataFormats/Scouting/interface to tarball
DEBUG 2025-05-15 06:53:35.633 UTC: 	 Adding directory /afs/cern.ch/user/a/amalhotr/CMSSW_14_0_18_patch1/src/Configuration/GenProduction/python to tarball
DEBUG 2025-05-15 06:53:35.729 UTC: 	 Uploading archive /afs/cern.ch/user/a/amalhotr/CMSSW_14_0_18_patch1/src/Run3ScoutingAnalysisTools/crab_DY2Mu4Jets_ScoutingTree_CombinedChain_All_v3/inputs/7b50f364-9a71-45ee-911c-e68108d6db7edefault.tgz (440 KB) to the CRAB cache. Using URI https://cmsweb.cern.ch/S3/crabcache_prod
DEBUG 2025-05-15 06:53:35.884 UTC: 	 Encoded data for curl request: subresource=upload&objecttype=sandbox&tarballname=06c3e95827694eae24a04630f2e6e19546a95cb99ca093b1caf03261810363b0.tar.gz
DEBUG 2025-05-15 06:53:36.004 UTC: 	 Will execute:
curl -f -v -X POST  -H "User-Agent: CRAB" -F "key=amalhotr/sandboxes/06c3e95827694eae24a04630f2e6e19546a95cb99ca093b1caf03261810363b0.tar.gz" -F "AWSAccessKeyId=715203df6482458ba839e73e6dab634b" -F "policy=eyJleHBpcmF0aW9uIjogIjIwMjUtMDUtMTVUMDc6NTM6MzVaIiwgImNvbmRpdGlvbnMiOiBbeyJidWNrZXQiOiAiY3JhYmNhY2hlX3Byb2QifSwgeyJrZXkiOiAiYW1hbGhvdHIvc2FuZGJveGVzLzA2YzNlOTU4Mjc2OTRlYWUyNGEwNDYzMGYyZTZlMTk1NDZhOTVjYjk5Y2EwOTNiMWNhZjAzMjYxODEwMzYzYjAudGFyLmd6In1dfQ==" -F "signature=2iWvvnGbxFeEATn9HNCCiL5pSDw=" -F "file=@/afs/cern.ch/user/a/amalhotr/CMSSW_14_0_18_patch1/src/Run3ScoutingAnalysisTools/crab_DY2Mu4Jets_ScoutingTree_CombinedChain_All_v3/inputs/7b50f364-9a71-45ee-911c-e68108d6db7edefault.tgz" "https://s3.cern.ch/crabcache_prod"
DEBUG 2025-05-15 06:53:36.145 UTC: 	 exitcode: 0
stdout: b''
DEBUG 2025-05-15 06:53:36.145 UTC: 	 upload to S3 of sandbox /afs/cern.ch/user/a/amalhotr/CMSSW_14_0_18_patch1/src/Run3ScoutingAnalysisTools/crab_DY2Mu4Jets_ScoutingTree_CombinedChain_All_v3/inputs/7b50f364-9a71-45ee-911c-e68108d6db7edefault.tgz completed
DEBUG 2025-05-15 06:53:36.145 UTC: 	 make sure that object is ready for retrieve
DEBUG 2025-05-15 06:53:37.145 UTC: 	 Encoded data for curl request: subresource=download&objecttype=sandbox&tarballname=06c3e95827694eae24a04630f2e6e19546a95cb99ca093b1caf03261810363b0.tar.gz&clientmethod=head_object
DEBUG 2025-05-15 06:53:37.188 UTC: 	 PreSignedUrl to download sandbox received OK
DEBUG 2025-05-15 06:53:37.192 UTC: 	 Will execute:
 curl -v -s -f -o /dev/null --head  "https://s3.cern.ch/crabcache_prod/amalhotr/sandboxes/06c3e95827694eae24a04630f2e6e19546a95cb99ca093b1caf03261810363b0.tar.gz?AWSAccessKeyId=715203df6482458ba839e73e6dab634b&Signature=uC33WjJU3vLhzgnbCmz3EkOQ3z0%3D&Expires=1747295617"
DEBUG 2025-05-15 06:53:37.227 UTC: 	 exitcode: 0
stdout: b''
DEBUG 2025-05-15 06:53:37.227 UTC: 	 sandbox /afs/cern.ch/user/a/amalhotr/CMSSW_14_0_18_patch1/src/Run3ScoutingAnalysisTools/crab_DY2Mu4Jets_ScoutingTree_CombinedChain_All_v3/inputs/7b50f364-9a71-45ee-911c-e68108d6db7edefault.tgz successfully uploaded to S3
DEBUG 2025-05-15 06:53:37.227 UTC: 	 Loading required information from the environment
DEBUG 2025-05-15 06:53:37.227 UTC: 	 Found CMSSW_14_0_18_patch1 for el9_amd64_gcc12 with base /afs/cern.ch/user/a/amalhotr/CMSSW_14_0_18_patch1
DEBUG 2025-05-15 06:53:37.227 UTC: 	 Making tarball in /afs/cern.ch/user/a/amalhotr/CMSSW_14_0_18_patch1/src/Run3ScoutingAnalysisTools/crab_DY2Mu4Jets_ScoutingTree_CombinedChain_All_v3/inputs/debugFiles.tgz
DEBUG 2025-05-15 06:53:37.241 UTC: 	 Uploading archive /afs/cern.ch/user/a/amalhotr/CMSSW_14_0_18_patch1/src/Run3ScoutingAnalysisTools/crab_DY2Mu4Jets_ScoutingTree_CombinedChain_All_v3/inputs/debugFiles.tgz (3 KB) to the CRAB cache. Using URI https://cmsweb.cern.ch/S3/crabcache_prod
DEBUG 2025-05-15 06:53:37.244 UTC: 	 Encoded data for curl request: subresource=upload&objecttype=sandbox&tarballname=2482143000281aff030fcf630617fc88c2d137c6bf5071a4b6e9ca40928146fc.tar.gz
DEBUG 2025-05-15 06:53:37.303 UTC: 	 Will execute:
curl -f -v -X POST  -H "User-Agent: CRAB" -F "key=amalhotr/sandboxes/2482143000281aff030fcf630617fc88c2d137c6bf5071a4b6e9ca40928146fc.tar.gz" -F "AWSAccessKeyId=715203df6482458ba839e73e6dab634b" -F "policy=eyJleHBpcmF0aW9uIjogIjIwMjUtMDUtMTVUMDc6NTM6MzdaIiwgImNvbmRpdGlvbnMiOiBbeyJidWNrZXQiOiAiY3JhYmNhY2hlX3Byb2QifSwgeyJrZXkiOiAiYW1hbGhvdHIvc2FuZGJveGVzLzI0ODIxNDMwMDAyODFhZmYwMzBmY2Y2MzA2MTdmYzg4YzJkMTM3YzZiZjUwNzFhNGI2ZTljYTQwOTI4MTQ2ZmMudGFyLmd6In1dfQ==" -F "signature=avSSljzOqH+l1/1kZc+bh1+C07g=" -F "file=@/afs/cern.ch/user/a/amalhotr/CMSSW_14_0_18_patch1/src/Run3ScoutingAnalysisTools/crab_DY2Mu4Jets_ScoutingTree_CombinedChain_All_v3/inputs/debugFiles.tgz" "https://s3.cern.ch/crabcache_prod"
DEBUG 2025-05-15 06:53:37.361 UTC: 	 exitcode: 0
stdout: b''
DEBUG 2025-05-15 06:53:37.361 UTC: 	 upload to S3 of sandbox /afs/cern.ch/user/a/amalhotr/CMSSW_14_0_18_patch1/src/Run3ScoutingAnalysisTools/crab_DY2Mu4Jets_ScoutingTree_CombinedChain_All_v3/inputs/debugFiles.tgz completed
DEBUG 2025-05-15 06:53:37.361 UTC: 	 make sure that object is ready for retrieve
DEBUG 2025-05-15 06:53:38.362 UTC: 	 Encoded data for curl request: subresource=download&objecttype=sandbox&tarballname=2482143000281aff030fcf630617fc88c2d137c6bf5071a4b6e9ca40928146fc.tar.gz&clientmethod=head_object
DEBUG 2025-05-15 06:53:38.404 UTC: 	 PreSignedUrl to download sandbox received OK
DEBUG 2025-05-15 06:53:38.407 UTC: 	 Will execute:
 curl -v -s -f -o /dev/null --head  "https://s3.cern.ch/crabcache_prod/amalhotr/sandboxes/2482143000281aff030fcf630617fc88c2d137c6bf5071a4b6e9ca40928146fc.tar.gz?AWSAccessKeyId=715203df6482458ba839e73e6dab634b&Signature=XPkR8vf9k2FcdjibUFVoUxerJls%3D&Expires=1747295618"
DEBUG 2025-05-15 06:53:38.438 UTC: 	 exitcode: 0
stdout: b''
DEBUG 2025-05-15 06:53:38.438 UTC: 	 sandbox /afs/cern.ch/user/a/amalhotr/CMSSW_14_0_18_patch1/src/Run3ScoutingAnalysisTools/crab_DY2Mu4Jets_ScoutingTree_CombinedChain_All_v3/inputs/debugFiles.tgz successfully uploaded to S3
DEBUG 2025-05-15 06:53:38.438 UTC: 	 Result uploading input files: 06c3e95827694eae24a04630f2e6e19546a95cb99ca093b1caf03261810363b0.tar.gz 
DEBUG 2025-05-15 06:53:38.439 UTC: 	 submit() - self.configuration from WMCore.Configuration import Configuration
config = Configuration()
config.section_('General')
config.General.requestName = 'DY2Mu4Jets_ScoutingTree_CombinedChain_All_v3'
config.General.transferOutputs = True
config.General.transferLogs = True
config.section_('JobType')
config.JobType.pluginName = 'Analysis'
config.JobType.psetName = 'UnifiedScoutingVertexingTreeMaker.py'
config.section_('Data')
config.Data.outputDatasetTag = 'DY2Mu4Jets_ScoutingTree_CombinedChain_All_v3'
config.Data.unitsPerJob = 50000
config.Data.publication = False
config.Data.inputDBS = 'global'
config.Data.splitting = 'EventAwareLumiBased'
config.Data.allowNonValidInputDataset = True
config.Data.outLFNDirBase = '/store/user/amalhotr/DY2Mu4Jets_ScoutingTree/'
config.Data.inputDataset = '/DYto2Mu-4Jets_Bin-MLL-50_TuneCP5_13p6TeV_madgraphMLM-pythia8/RunIII2024Summer24MiniAOD-140X_mcRun3_2024_realistic_v26-v2/MINIAODSIM'
config.section_('Site')
config.Site.storageSite = 'T3_CH_CERNBOX'
config.section_('User')
config.section_('Debug')

DEBUG 2025-05-15 06:53:38.439 UTC: 	 submit() - self.configreq {'dryrun': 0, 'workflow': 'crab_DY2Mu4Jets_ScoutingTree_CombinedChain_All_v3', 'saveoutput': 1, 'savelogsflag': 1, 'inputdata': '/DYto2Mu-4Jets_Bin-MLL-50_TuneCP5_13p6TeV_madgraphMLM-pythia8/RunIII2024Summer24MiniAOD-140X_mcRun3_2024_realistic_v26-v2/MINIAODSIM', 'nonvaliddata': 1, 'userfiles': [], 'dbsurl': 'https://cmsweb.cern.ch/dbs/prod/global/DBSReader', 'useparent': 0, 'ignorelocality': 0, 'splitalgo': 'EventAwareLumiBased', 'algoargs': 50000, 'totalunits': 0, 'lfn': '/store/user/amalhotr/DY2Mu4Jets_ScoutingTree/', 'publication': 0, 'publishdbsurl': 'https://cmsweb.cern.ch/dbs/prod/phys03/DBSWriter', 'publishname2': 'DY2Mu4Jets_ScoutingTree_CombinedChain_All_v3', 'jobtype': 'Analysis', 'generator': 'pythia', 'addoutputfiles': [], 'maxjobruntime': 1250, 'numcores': 1, 'maxmemory': 2000, 'priority': 10, 'nonprodsw': 0, 'asyncdest': 'T3_CH_CERNBOX', 'requireaccelerator': 0, 'oneEventMode': 0, 'extrajdl': [], 'ignoreglobalblacklist': 0, 'partialdataset': 0, 'inputblocks': []}
DEBUG 2025-05-15 06:53:38.439 UTC: 	 submit() - jobconfig {'addoutputfiles': [], 'tfileoutfiles': ['DY2M_ScoutingTree_Output.root'], 'edmoutfiles': [], 'jobarch': 'el9_amd64_gcc12', 'jobminuarch': 'any', 'jobsw': 'CMSSW_14_0_18_patch1', 'inputdata': '/DYto2Mu-4Jets_Bin-MLL-50_TuneCP5_13p6TeV_madgraphMLM-pythia8/RunIII2024Summer24MiniAOD-140X_mcRun3_2024_realistic_v26-v2/MINIAODSIM', 'cacheurl': 'https://cmsweb.cern.ch/S3/crabcache_prod', 'cachefilename': '06c3e95827694eae24a04630f2e6e19546a95cb99ca093b1caf03261810363b0.tar.gz', 'debugfilename': '2482143000281aff030fcf630617fc88c2d137c6bf5071a4b6e9ca40928146fc.tar.gz', 'jobtype': 'Analysis'}
INFO 2025-05-15 06:53:38.439 UTC: 	 Sending the request to the server at cmsweb.cern.ch
DEBUG 2025-05-15 06:53:38.439 UTC: 	 Submitting {'dryrun': 0, 'workflow': 'crab_DY2Mu4Jets_ScoutingTree_CombinedChain_All_v3', 'saveoutput': 1, 'savelogsflag': 1, 'inputdata': '/DYto2Mu-4Jets_Bin-MLL-50_TuneCP5_13p6TeV_madgraphMLM-pythia8/RunIII2024Summer24MiniAOD-140X_mcRun3_2024_realistic_v26-v2/MINIAODSIM', 'nonvaliddata': 1, 'userfiles': [], 'dbsurl': 'https://cmsweb.cern.ch/dbs/prod/global/DBSReader', 'useparent': 0, 'ignorelocality': 0, 'splitalgo': 'EventAwareLumiBased', 'algoargs': 50000, 'totalunits': 0, 'lfn': '/store/user/amalhotr/DY2Mu4Jets_ScoutingTree/', 'publication': 0, 'publishdbsurl': 'https://cmsweb.cern.ch/dbs/prod/phys03/DBSWriter', 'publishname2': 'DY2Mu4Jets_ScoutingTree_CombinedChain_All_v3', 'jobtype': 'Analysis', 'generator': 'pythia', 'addoutputfiles': [], 'maxjobruntime': 1250, 'numcores': 1, 'maxmemory': 2000, 'priority': 10, 'nonprodsw': 0, 'asyncdest': 'T3_CH_CERNBOX', 'requireaccelerator': 0, 'oneEventMode': 0, 'extrajdl': [], 'ignoreglobalblacklist': 0, 'partialdataset': 0, 'inputblocks': [], 'tfileoutfiles': ['DY2M_ScoutingTree_Output.root'], 'edmoutfiles': [], 'jobarch': 'el9_amd64_gcc12', 'jobminuarch': 'any', 'jobsw': 'CMSSW_14_0_18_patch1', 'cacheurl': 'https://cmsweb.cern.ch/S3/crabcache_prod', 'cachefilename': '06c3e95827694eae24a04630f2e6e19546a95cb99ca093b1caf03261810363b0.tar.gz', 'debugfilename': '2482143000281aff030fcf630617fc88c2d137c6bf5071a4b6e9ca40928146fc.tar.gz'} 
DEBUG 2025-05-15 06:53:38.439 UTC: 	 Encoded data for curl request: dryrun=0&workflow=crab_DY2Mu4Jets_ScoutingTree_CombinedChain_All_v3&saveoutput=1&savelogsflag=1&inputdata=%2FDYto2Mu-4Jets_Bin-MLL-50_TuneCP5_13p6TeV_madgraphMLM-pythia8%2FRunIII2024Summer24MiniAOD-140X_mcRun3_2024_realistic_v26-v2%2FMINIAODSIM&nonvaliddata=1&dbsurl=https%3A%2F%2Fcmsweb.cern.ch%2Fdbs%2Fprod%2Fglobal%2FDBSReader&useparent=0&ignorelocality=0&splitalgo=EventAwareLumiBased&algoargs=50000&totalunits=0&lfn=%2Fstore%2Fuser%2Famalhotr%2FDY2Mu4Jets_ScoutingTree%2F&publication=0&publishdbsurl=https%3A%2F%2Fcmsweb.cern.ch%2Fdbs%2Fprod%2Fphys03%2FDBSWriter&publishname2=DY2Mu4Jets_ScoutingTree_CombinedChain_All_v3&jobtype=Analysis&generator=pythia&maxjobruntime=1250&numcores=1&maxmemory=2000&priority=10&nonprodsw=0&asyncdest=T3_CH_CERNBOX&requireaccelerator=0&oneEventMode=0&ignoreglobalblacklist=0&partialdataset=0&jobarch=el9_amd64_gcc12&jobminuarch=any&jobsw=CMSSW_14_0_18_patch1&cacheurl=https%3A%2F%2Fcmsweb.cern.ch%2FS3%2Fcrabcache_prod&cachefilename=06c3e95827694eae24a04630f2e6e19546a95cb99ca093b1caf03261810363b0.tar.gz&debugfilename=2482143000281aff030fcf630617fc88c2d137c6bf5071a4b6e9ca40928146fc.tar.gz&tfileoutfiles=DY2M_ScoutingTree_Output.root
DEBUG 2025-05-15 06:53:39.053 UTC: 	 Result: {'result': [{'RequestName': '250515_065338:amalhotr_crab_DY2Mu4Jets_ScoutingTree_CombinedChain_All_v3'}]}
INFO 2025-05-15 06:53:39.056 UTC: 	 Success: Your task has been delivered to the prod CRAB3 server.
INFO 2025-05-15 06:53:39.056 UTC: 	 Task name: 250515_065338:amalhotr_crab_DY2Mu4Jets_ScoutingTree_CombinedChain_All_v3
INFO 2025-05-15 06:53:39.056 UTC: 	 Project dir: ./crab_DY2Mu4Jets_ScoutingTree_CombinedChain_All_v3
INFO 2025-05-15 06:53:39.056 UTC: 	 Please use ' crab status -d ./crab_DY2Mu4Jets_ScoutingTree_CombinedChain_All_v3 ' to check how the submission process proceeds.
DEBUG 2025-05-15 06:53:39.056 UTC: 	 About to return
INFO 2025-05-15 06:53:39.059 UTC: 	 Log file is /afs/cern.ch/user/a/amalhotr/CMSSW_14_0_18_patch1/src/Run3ScoutingAnalysisTools/crab_DY2Mu4Jets_ScoutingTree_CombinedChain_All_v3/crab.log
DEBUG 2025-05-15 06:53:56.438 UTC: 	 CRAB Client version: v3.250409
DEBUG 2025-05-15 06:53:56.438 UTC: 	 Running on: Linux lxplus974.cern.ch 5.14.0-503.34.1.el9_5.x86_64 #1 SMP PREEMPT_DYNAMIC Mon Mar 17 21:49:47 EDT 2025 x86_64 x86_64 x86_64 GNU/Linux
DEBUG 2025-05-15 06:53:56.438 UTC: 	 Not using Singularity
DEBUG 2025-05-15 06:53:56.438 UTC: 	 Operating System: Red Hat Enterprise Linux 9.5 (Plow)
DEBUG 2025-05-15 06:53:56.438 UTC: 	 Executing command: 'status'
DEBUG 2025-05-15 06:53:56.438 UTC: 	 Found CRAB cache file /afs/cern.ch/user/a/amalhotr/.crab3
DEBUG 2025-05-15 06:53:56.443 UTC: 	 Checking credentials
DEBUG 2025-05-15 06:53:56.443 UTC: 	 Found proxy file /tmp/x509up_u180451
DEBUG 2025-05-15 06:53:56.443 UTC: 	 Making sure it has proper VOMS extension
DEBUG 2025-05-15 06:53:56.443 UTC: 	 Executing command :
 voms-proxy-info --vo --file /tmp/x509up_u180451
DEBUG 2025-05-15 06:53:56.833 UTC: 	 output : cms

 error: 
 retcode : 0
DEBUG 2025-05-15 06:53:56.833 UTC: 	 Getting proxy life time left
DEBUG 2025-05-15 06:53:56.833 UTC: 	 Executing command :
 voms-proxy-info --actimeleft --timeleft --file /tmp/x509up_u180451
DEBUG 2025-05-15 06:53:57.213 UTC: 	 output : 690131
690131

 error: 
 retcode : 0
DEBUG 2025-05-15 06:53:57.214 UTC: 	 Proxy valid for 191:42:11 hours
DEBUG 2025-05-15 06:53:57.214 UTC: 	 Encoded data for curl request: subresource=delegatedn
DEBUG 2025-05-15 06:53:57.257 UTC: 	 Registering user credentials on myproxy for /DC=ch/DC=cern/OU=computers/CN=crab-(preprod|prod)-tw(01|02).cern.ch|/DC=ch/DC=cern/OU=computers/CN=crab-dev-tw(01|02|03|04).cern.ch|/DC=ch/DC=cern/OU=Organic Units/OU=Users/CN=cmscrab/CN=(817881|373708)/CN=Robot: cms crab|/DC=ch/DC=cern/OU=Organic Units/OU=Users/CN=crabint1/CN=373708/CN=Robot: CMS CRAB Integration 1
DEBUG 2025-05-15 06:53:57.257 UTC: 	 Executing command :
 voms-proxy-info --identity --file /tmp/x509up_u180451
DEBUG 2025-05-15 06:53:57.618 UTC: 	 output : /DC=ch/DC=cern/OU=Organic Units/OU=Users/CN=amalhotr/CN=884837/CN=Aryan Malhotra

 error: 
 retcode : 0
DEBUG 2025-05-15 06:53:57.619 UTC: 	 Getting myproxy life time left for 2382a3cf28fdeacb1de9b039908761ea517a5ed6
DEBUG 2025-05-15 06:53:57.619 UTC: 	 Executing command :
 myproxy-info -s myproxy.cern.ch -l 2382a3cf28fdeacb1de9b039908761ea517a5ed6
DEBUG 2025-05-15 06:53:57.872 UTC: 	 output : username: 2382a3cf28fdeacb1de9b039908761ea517a5ed6
owner: /DC=ch/DC=cern/OU=Organic Units/OU=Users/CN=amalhotr/CN=884837/CN=Aryan Malhotra
  renewal policy: /DC=ch/DC=cern/OU=computers/CN=crab-(preprod|prod)-tw(01|02).cern.ch|/DC=ch/DC=cern/OU=computers/CN=crab-dev-tw(01|02|03|04).cern.ch|/DC=ch/DC=cern/OU=Organic Units/OU=Users/CN=cmscrab/CN=(817881|373708)/CN=Robot: cms crab|/DC=ch/DC=cern/OU=Organic Units/OU=Users/CN=crabint1/CN=373708/CN=Robot: CMS CRAB Integration 1
  trusted retrieval policy: /DC=ch/DC=cern/OU=computers/CN=crab-(preprod|prod)-tw(01|02).cern.ch|/DC=ch/DC=cern/OU=computers/CN=crab-dev-tw(01|02|03|04).cern.ch|/DC=ch/DC=cern/OU=Organic Units/OU=Users/CN=cmscrab/CN=(817881|373708)/CN=Robot: cms crab|/DC=ch/DC=cern/OU=Organic Units/OU=Users/CN=crabint1/CN=373708/CN=Robot: CMS CRAB Integration 1
  timeleft: 719:59:36  (30.0 days)

 error: 
 retcode : 0
DEBUG 2025-05-15 06:53:57.872 UTC: 	 Myproxy is valid: 2591940
DEBUG 2025-05-15 06:53:57.872 UTC: 	 Result of myproxy credential check:
  Credential exists on myproxy: username: 2382a3cf28fdeacb1de9b039908761ea517a5ed6  - validity: 29 days, 23:59:00
DEBUG 2025-05-15 06:53:57.872 UTC: 	 Retrieving username ...
DEBUG 2025-05-15 06:53:57.872 UTC: 	 Retrieving username from CRIC...
DEBUG 2025-05-15 06:53:58.677 UTC: 	 username is amalhotr
INFO 2025-05-15 06:53:59.765 UTC: 	 Rucio client intialized for account amalhotr
DEBUG 2025-05-15 06:53:59.765 UTC: 	 Command use: status
DEBUG 2025-05-15 06:53:59.765 UTC: 	 Options use: ['-d', './crab_DY2Mu4Jets_ScoutingTree_CombinedChain_All_v3']
DEBUG 2025-05-15 06:53:59.765 UTC: 	 Encoded data for curl request: subresource=version
DEBUG 2025-05-15 06:53:59.809 UTC: 	 CRABClient version: v3.250409
DEBUG 2025-05-15 06:53:59.809 UTC: 	 Instance is prod
DEBUG 2025-05-15 06:53:59.809 UTC: 	 Server base url is cmsweb.cern.ch
DEBUG 2025-05-15 06:53:59.809 UTC: 	 Command api workflow
DEBUG 2025-05-15 06:53:59.809 UTC: 	 Encoded data for curl request: subresource=search&workflow=250515_065338%3Aamalhotr_crab_DY2Mu4Jets_ScoutingTree_CombinedChain_All_v3
DEBUG 2025-05-15 06:53:59.854 UTC: 	 Got information from server oracle database: {'desc': {'columns': ['tm_taskname', 'tm_activity', 'tm_task_status', 'tm_task_command', 'tm_start_time', 'tm_start_injection', 'tm_end_injection', 'tm_task_failure', 'tm_job_sw', 'tm_job_arch', 'tm_input_dataset', 'tm_nonvalid_input_dataset', 'tm_use_parent', 'tm_site_whitelist', 'tm_site_blacklist', 'tm_split_algo', 'tm_split_args', 'tm_user_sandbox', 'tm_cache_url', 'tm_username', 'tm_user_dn', 'tm_user_vo', 'tm_user_role', 'tm_user_group', 'tm_publish_name', 'tm_publish_groupname', 'tm_asyncdest', 'tm_dbs_url', 'tm_publish_dbs_url', 'tm_publication', 'tm_outfiles', 'tm_tfile_outfiles', 'tm_edm_outfiles', 'tm_job_type', 'tm_generator', 'tm_events_per_lumi', 'tm_arguments', 'tm_save_logs', 'tw_name', 'tm_user_infiles', 'tm_maxjobruntime', 'tm_numcores', 'tm_maxmemory', 'tm_priority', 'tm_output_dataset', 'tm_task_warnings', 'tm_user_webdir', 'tm_scriptexe', 'tm_scriptargs', 'tm_extrajdl', 'tm_collector', 'tm_schedd', 'tm_dry_run', 'tm_user_files', 'tm_transfer_outputs', 'tm_output_lfn', 'tm_ignore_locality', 'tm_fail_limit', 'tm_one_event_mode', 'tm_secondary_input_dataset', 'tm_primary_dataset', 'tm_last_publication', 'tm_debug_files', 'clusterid', 'tm_ignore_global_blacklist', 'tm_submitter_ip_addr', 'tm_totalunits', 'tm_ddm_reqid', 'tm_user_config', 'tm_transfer_container', 'tm_transfer_rule', 'tm_publish_rule', 'tm_multipub_rule', 'tm_job_min_microarch', 'tm_dagman_status', 'tm_num_jobs', 'tm_uploaded']}, 'result': ['250515_065338:amalhotr_crab_DY2Mu4Jets_ScoutingTree_CombinedChain_All_v3', 'None', 'NEW', 'SUBMIT', '2025-05-15 06:53:39.043843', 'None', 'None', 'None', 'CMSSW_14_0_18_patch1', 'el9_amd64_gcc12', '/DYto2Mu-4Jets_Bin-MLL-50_TuneCP5_13p6TeV_madgraphMLM-pythia8/RunIII2024Summer24MiniAOD-140X_mcRun3_2024_realistic_v26-v2/MINIAODSIM', 'T', '0', '[]', '[]', 'EventAwareLumiBased', "{'halt_job_on_file_boundaries': False, 'splitOnRun': False, 'events_per_job': 50000, 'runs': [], 'lumis': []}", '06c3e95827694eae24a04630f2e6e19546a95cb99ca093b1caf03261810363b0.tar.gz', 'https://cmsweb.cern.ch/S3/crabcache_prod', 'amalhotr', '/DC=ch/DC=cern/OU=Organic Units/OU=Users/CN=amalhotr/CN=884837/CN=Aryan Malhotra', 'cms', 'None', 'None', 'DY2Mu4Jets_ScoutingTree_CombinedChain_All_v3-00000000000000000000000000000000', 'F', 'T3_CH_CERNBOX', 'https://cmsweb.cern.ch/dbs/prod/global/DBSReader', 'https://cmsweb.cern.ch/dbs/prod/phys03/DBSWriter', 'F', '[]', "['DY2M_ScoutingTree_Output.root']", '[]', 'Analysis', 'pythia', 'None', '{}', 'T', 'NotKnownYet', '[]', '1250', '1', '2000', '10', 'None', '[]', 'None', 'None', '[]', '[]', 'cmsgwms-collector-global.cern.ch:9620,cmsgwms-collector-global.fnal.gov:9620', 'None', 'F', '[]', 'T', '/store/user/amalhotr/DY2Mu4Jets_ScoutingTree/', 'F', 'None', 'F', 'None', 'DYto2Mu-4Jets_Bin-MLL-50_TuneCP5_13p6TeV_madgraphMLM-pythia8', 'None', '2482143000281aff030fcf630617fc88c2d137c6bf5071a4b6e9ca40928146fc.tar.gz', 'None', 'F', '188.185.89.202', '0.0', 'None', '{"partialdataset": false, "requireaccelerator": false, "acceleratorparams": null, "inputblocks": null}', 'None', 'None', 'None', 'None', 'any', 'NOT_READY', '0', 'F']}
INFO 2025-05-15 06:53:59.855 UTC: 	 CRAB project directory:		/afs/cern.ch/user/a/amalhotr/CMSSW_14_0_18_patch1/src/Run3ScoutingAnalysisTools/crab_DY2Mu4Jets_ScoutingTree_CombinedChain_All_v3
INFO 2025-05-15 06:53:59.855 UTC: 	 Task name:			250515_065338:amalhotr_crab_DY2Mu4Jets_ScoutingTree_CombinedChain_All_v3
INFO 2025-05-15 06:53:59.855 UTC: 	 Grid scheduler - Task Worker:	N/A yet - NotKnownYet
INFO 2025-05-15 06:53:59.855 UTC: 	 Status on the CRAB server:	NEW on command SUBMIT
INFO 2025-05-15 06:53:59.855 UTC: 	 Task URL to use for HELP:	https://cmsweb.cern.ch/crabserver/ui/task/250515_065338%3Aamalhotr_crab_DY2Mu4Jets_ScoutingTree_CombinedChain_All_v3
INFO 2025-05-15 06:53:59.861 UTC: 	 Dashboard monitoring URL:	https://monit-grafana.cern.ch/d/cmsTMDetail/cms-task-monitoring-task-view?orgId=11&var-user=amalhotr&var-task=250515_065338%3Aamalhotr_crab_DY2Mu4Jets_ScoutingTree_CombinedChain_All_v3&from=1747288419000&to=now
DEBUG 2025-05-15 06:53:59.861 UTC: 	 The task has not been submitted to the Grid scheduler yet. Not printing job information.
INFO 2025-05-15 06:53:59.862 UTC: 	 Log file is /afs/cern.ch/user/a/amalhotr/CMSSW_14_0_18_patch1/src/Run3ScoutingAnalysisTools/crab_DY2Mu4Jets_ScoutingTree_CombinedChain_All_v3/crab.log
DEBUG 2025-05-15 06:55:05.993 UTC: 	 CRAB Client version: v3.250409
DEBUG 2025-05-15 06:55:05.994 UTC: 	 Running on: Linux lxplus974.cern.ch 5.14.0-503.34.1.el9_5.x86_64 #1 SMP PREEMPT_DYNAMIC Mon Mar 17 21:49:47 EDT 2025 x86_64 x86_64 x86_64 GNU/Linux
DEBUG 2025-05-15 06:55:05.994 UTC: 	 Not using Singularity
DEBUG 2025-05-15 06:55:05.994 UTC: 	 Operating System: Red Hat Enterprise Linux 9.5 (Plow)
DEBUG 2025-05-15 06:55:05.994 UTC: 	 Executing command: 'status'
DEBUG 2025-05-15 06:55:05.994 UTC: 	 Found CRAB cache file /afs/cern.ch/user/a/amalhotr/.crab3
DEBUG 2025-05-15 06:55:05.999 UTC: 	 Checking credentials
DEBUG 2025-05-15 06:55:05.999 UTC: 	 Found proxy file /tmp/x509up_u180451
DEBUG 2025-05-15 06:55:05.999 UTC: 	 Making sure it has proper VOMS extension
DEBUG 2025-05-15 06:55:05.999 UTC: 	 Executing command :
 voms-proxy-info --vo --file /tmp/x509up_u180451
DEBUG 2025-05-15 06:55:06.403 UTC: 	 output : cms

 error: 
 retcode : 0
DEBUG 2025-05-15 06:55:06.403 UTC: 	 Getting proxy life time left
DEBUG 2025-05-15 06:55:06.403 UTC: 	 Executing command :
 voms-proxy-info --actimeleft --timeleft --file /tmp/x509up_u180451
DEBUG 2025-05-15 06:55:06.794 UTC: 	 output : 690062
690062

 error: 
 retcode : 0
DEBUG 2025-05-15 06:55:06.795 UTC: 	 Proxy valid for 191:41:02 hours
DEBUG 2025-05-15 06:55:06.795 UTC: 	 Encoded data for curl request: subresource=delegatedn
DEBUG 2025-05-15 06:55:07.049 UTC: 	 Registering user credentials on myproxy for /DC=ch/DC=cern/OU=computers/CN=crab-(preprod|prod)-tw(01|02).cern.ch|/DC=ch/DC=cern/OU=computers/CN=crab-dev-tw(01|02|03|04).cern.ch|/DC=ch/DC=cern/OU=Organic Units/OU=Users/CN=cmscrab/CN=(817881|373708)/CN=Robot: cms crab|/DC=ch/DC=cern/OU=Organic Units/OU=Users/CN=crabint1/CN=373708/CN=Robot: CMS CRAB Integration 1
DEBUG 2025-05-15 06:55:07.049 UTC: 	 Executing command :
 voms-proxy-info --identity --file /tmp/x509up_u180451
DEBUG 2025-05-15 06:55:07.406 UTC: 	 output : /DC=ch/DC=cern/OU=Organic Units/OU=Users/CN=amalhotr/CN=884837/CN=Aryan Malhotra

 error: 
 retcode : 0
DEBUG 2025-05-15 06:55:07.406 UTC: 	 Getting myproxy life time left for 2382a3cf28fdeacb1de9b039908761ea517a5ed6
DEBUG 2025-05-15 06:55:07.406 UTC: 	 Executing command :
 myproxy-info -s myproxy.cern.ch -l 2382a3cf28fdeacb1de9b039908761ea517a5ed6
DEBUG 2025-05-15 06:55:07.691 UTC: 	 output : username: 2382a3cf28fdeacb1de9b039908761ea517a5ed6
owner: /DC=ch/DC=cern/OU=Organic Units/OU=Users/CN=amalhotr/CN=884837/CN=Aryan Malhotra
  renewal policy: /DC=ch/DC=cern/OU=computers/CN=crab-(preprod|prod)-tw(01|02).cern.ch|/DC=ch/DC=cern/OU=computers/CN=crab-dev-tw(01|02|03|04).cern.ch|/DC=ch/DC=cern/OU=Organic Units/OU=Users/CN=cmscrab/CN=(817881|373708)/CN=Robot: cms crab|/DC=ch/DC=cern/OU=Organic Units/OU=Users/CN=crabint1/CN=373708/CN=Robot: CMS CRAB Integration 1
  trusted retrieval policy: /DC=ch/DC=cern/OU=computers/CN=crab-(preprod|prod)-tw(01|02).cern.ch|/DC=ch/DC=cern/OU=computers/CN=crab-dev-tw(01|02|03|04).cern.ch|/DC=ch/DC=cern/OU=Organic Units/OU=Users/CN=cmscrab/CN=(817881|373708)/CN=Robot: cms crab|/DC=ch/DC=cern/OU=Organic Units/OU=Users/CN=crabint1/CN=373708/CN=Robot: CMS CRAB Integration 1
  timeleft: 719:58:26  (30.0 days)

 error: 
 retcode : 0
DEBUG 2025-05-15 06:55:07.691 UTC: 	 Myproxy is valid: 2591880
DEBUG 2025-05-15 06:55:07.691 UTC: 	 Result of myproxy credential check:
  Credential exists on myproxy: username: 2382a3cf28fdeacb1de9b039908761ea517a5ed6  - validity: 29 days, 23:58:00
DEBUG 2025-05-15 06:55:07.691 UTC: 	 Retrieving username ...
DEBUG 2025-05-15 06:55:07.691 UTC: 	 Retrieving username from CRIC...
DEBUG 2025-05-15 06:55:08.479 UTC: 	 username is amalhotr
INFO 2025-05-15 06:55:09.076 UTC: 	 Rucio client intialized for account amalhotr
DEBUG 2025-05-15 06:55:09.076 UTC: 	 Command use: status
DEBUG 2025-05-15 06:55:09.076 UTC: 	 Options use: ['-d', './crab_DY2Mu4Jets_ScoutingTree_CombinedChain_All_v3']
DEBUG 2025-05-15 06:55:09.076 UTC: 	 Encoded data for curl request: subresource=version
DEBUG 2025-05-15 06:55:09.114 UTC: 	 CRABClient version: v3.250409
DEBUG 2025-05-15 06:55:09.114 UTC: 	 Instance is prod
DEBUG 2025-05-15 06:55:09.114 UTC: 	 Server base url is cmsweb.cern.ch
DEBUG 2025-05-15 06:55:09.114 UTC: 	 Command api workflow
DEBUG 2025-05-15 06:55:09.114 UTC: 	 Encoded data for curl request: subresource=search&workflow=250515_065338%3Aamalhotr_crab_DY2Mu4Jets_ScoutingTree_CombinedChain_All_v3
DEBUG 2025-05-15 06:55:09.174 UTC: 	 Got information from server oracle database: {'desc': {'columns': ['tm_taskname', 'tm_activity', 'tm_task_status', 'tm_task_command', 'tm_start_time', 'tm_start_injection', 'tm_end_injection', 'tm_task_failure', 'tm_job_sw', 'tm_job_arch', 'tm_input_dataset', 'tm_nonvalid_input_dataset', 'tm_use_parent', 'tm_site_whitelist', 'tm_site_blacklist', 'tm_split_algo', 'tm_split_args', 'tm_user_sandbox', 'tm_cache_url', 'tm_username', 'tm_user_dn', 'tm_user_vo', 'tm_user_role', 'tm_user_group', 'tm_publish_name', 'tm_publish_groupname', 'tm_asyncdest', 'tm_dbs_url', 'tm_publish_dbs_url', 'tm_publication', 'tm_outfiles', 'tm_tfile_outfiles', 'tm_edm_outfiles', 'tm_job_type', 'tm_generator', 'tm_events_per_lumi', 'tm_arguments', 'tm_save_logs', 'tw_name', 'tm_user_infiles', 'tm_maxjobruntime', 'tm_numcores', 'tm_maxmemory', 'tm_priority', 'tm_output_dataset', 'tm_task_warnings', 'tm_user_webdir', 'tm_scriptexe', 'tm_scriptargs', 'tm_extrajdl', 'tm_collector', 'tm_schedd', 'tm_dry_run', 'tm_user_files', 'tm_transfer_outputs', 'tm_output_lfn', 'tm_ignore_locality', 'tm_fail_limit', 'tm_one_event_mode', 'tm_secondary_input_dataset', 'tm_primary_dataset', 'tm_last_publication', 'tm_debug_files', 'clusterid', 'tm_ignore_global_blacklist', 'tm_submitter_ip_addr', 'tm_totalunits', 'tm_ddm_reqid', 'tm_user_config', 'tm_transfer_container', 'tm_transfer_rule', 'tm_publish_rule', 'tm_multipub_rule', 'tm_job_min_microarch', 'tm_dagman_status', 'tm_num_jobs', 'tm_uploaded']}, 'result': ['250515_065338:amalhotr_crab_DY2Mu4Jets_ScoutingTree_CombinedChain_All_v3', 'None', 'QUEUED', 'SUBMIT', '2025-05-15 06:53:39.043843', 'None', 'None', 'None', 'CMSSW_14_0_18_patch1', 'el9_amd64_gcc12', '/DYto2Mu-4Jets_Bin-MLL-50_TuneCP5_13p6TeV_madgraphMLM-pythia8/RunIII2024Summer24MiniAOD-140X_mcRun3_2024_realistic_v26-v2/MINIAODSIM', 'T', '0', '[]', '[]', 'EventAwareLumiBased', "{'halt_job_on_file_boundaries': False, 'splitOnRun': False, 'events_per_job': 50000, 'runs': [], 'lumis': []}", '06c3e95827694eae24a04630f2e6e19546a95cb99ca093b1caf03261810363b0.tar.gz', 'https://cmsweb.cern.ch/S3/crabcache_prod', 'amalhotr', '/DC=ch/DC=cern/OU=Organic Units/OU=Users/CN=amalhotr/CN=884837/CN=Aryan Malhotra', 'cms', 'None', 'None', 'DY2Mu4Jets_ScoutingTree_CombinedChain_All_v3-00000000000000000000000000000000', 'F', 'T3_CH_CERNBOX', 'https://cmsweb.cern.ch/dbs/prod/global/DBSReader', 'https://cmsweb.cern.ch/dbs/prod/phys03/DBSWriter', 'F', '[]', "['DY2M_ScoutingTree_Output.root']", '[]', 'Analysis', 'pythia', 'None', '{}', 'T', 'crab-prod-tw02', '[]', '1250', '1', '2000', '10', 'None', '["The input dataset /DYto2Mu-4Jets_Bin-MLL-50_TuneCP5_13p6TeV_madgraphMLM-pythia8/RunIII2024Summer24MiniAOD-140X_mcRun3_2024_realistic_v26-v2/MINIAODSIM is not \'VALID\' but \'INVALID\'. CRAB will check if there are any valid files in the dataset and run only over those files."]', 'None', 'None', '[]', '[]', 'cmsgwms-collector-global.cern.ch:9620,cmsgwms-collector-global.fnal.gov:9620', 'None', 'F', '[]', 'T', '/store/user/amalhotr/DY2Mu4Jets_ScoutingTree/', 'F', 'None', 'F', 'None', 'DYto2Mu-4Jets_Bin-MLL-50_TuneCP5_13p6TeV_madgraphMLM-pythia8', 'None', '2482143000281aff030fcf630617fc88c2d137c6bf5071a4b6e9ca40928146fc.tar.gz', 'None', 'F', '188.185.89.202', '0.0', 'None', '{"partialdataset": false, "requireaccelerator": false, "acceleratorparams": null, "inputblocks": null}', 'None', 'None', 'None', 'None', 'any', 'NOT_READY', '0', 'F']}
INFO 2025-05-15 06:55:09.174 UTC: 	 CRAB project directory:		/afs/cern.ch/user/a/amalhotr/CMSSW_14_0_18_patch1/src/Run3ScoutingAnalysisTools/crab_DY2Mu4Jets_ScoutingTree_CombinedChain_All_v3
INFO 2025-05-15 06:55:09.175 UTC: 	 Task name:			250515_065338:amalhotr_crab_DY2Mu4Jets_ScoutingTree_CombinedChain_All_v3
INFO 2025-05-15 06:55:09.175 UTC: 	 Grid scheduler - Task Worker:	N/A yet - crab-prod-tw02
INFO 2025-05-15 06:55:09.175 UTC: 	 Status on the CRAB server:	QUEUED on command SUBMIT
INFO 2025-05-15 06:55:09.175 UTC: 	 Task URL to use for HELP:	https://cmsweb.cern.ch/crabserver/ui/task/250515_065338%3Aamalhotr_crab_DY2Mu4Jets_ScoutingTree_CombinedChain_All_v3
INFO 2025-05-15 06:55:09.181 UTC: 	 Dashboard monitoring URL:	https://monit-grafana.cern.ch/d/cmsTMDetail/cms-task-monitoring-task-view?orgId=11&var-user=amalhotr&var-task=250515_065338%3Aamalhotr_crab_DY2Mu4Jets_ScoutingTree_CombinedChain_All_v3&from=1747288419000&to=now
WARNING 2025-05-15 06:55:09.181 UTC: 	 Warning:			The input dataset /DYto2Mu-4Jets_Bin-MLL-50_TuneCP5_13p6TeV_madgraphMLM-pythia8/RunIII2024Summer24MiniAOD-140X_mcRun3_2024_realistic_v26-v2/MINIAODSIM is not 'VALID' but 'INVALID'. CRAB will check if there are any valid files in the dataset and run only over those files.
DEBUG 2025-05-15 06:55:09.181 UTC: 	 The task has not been submitted to the Grid scheduler yet. Not printing job information.
INFO 2025-05-15 06:55:09.182 UTC: 	 Log file is /afs/cern.ch/user/a/amalhotr/CMSSW_14_0_18_patch1/src/Run3ScoutingAnalysisTools/crab_DY2Mu4Jets_ScoutingTree_CombinedChain_All_v3/crab.log
DEBUG 2025-05-15 06:58:07.053 UTC: 	 CRAB Client version: v3.250409
DEBUG 2025-05-15 06:58:07.053 UTC: 	 Running on: Linux lxplus974.cern.ch 5.14.0-503.34.1.el9_5.x86_64 #1 SMP PREEMPT_DYNAMIC Mon Mar 17 21:49:47 EDT 2025 x86_64 x86_64 x86_64 GNU/Linux
DEBUG 2025-05-15 06:58:07.053 UTC: 	 Not using Singularity
DEBUG 2025-05-15 06:58:07.053 UTC: 	 Operating System: Red Hat Enterprise Linux 9.5 (Plow)
DEBUG 2025-05-15 06:58:07.053 UTC: 	 Executing command: 'status'
DEBUG 2025-05-15 06:58:07.053 UTC: 	 Found CRAB cache file /afs/cern.ch/user/a/amalhotr/.crab3
DEBUG 2025-05-15 06:58:07.142 UTC: 	 Checking credentials
DEBUG 2025-05-15 06:58:07.142 UTC: 	 Found proxy file /tmp/x509up_u180451
DEBUG 2025-05-15 06:58:07.142 UTC: 	 Making sure it has proper VOMS extension
DEBUG 2025-05-15 06:58:07.142 UTC: 	 Executing command :
 voms-proxy-info --vo --file /tmp/x509up_u180451
DEBUG 2025-05-15 06:58:07.523 UTC: 	 output : cms

 error: 
 retcode : 0
DEBUG 2025-05-15 06:58:07.524 UTC: 	 Getting proxy life time left
DEBUG 2025-05-15 06:58:07.524 UTC: 	 Executing command :
 voms-proxy-info --actimeleft --timeleft --file /tmp/x509up_u180451
DEBUG 2025-05-15 06:58:07.954 UTC: 	 output : 689881
689881

 error: 
 retcode : 0
DEBUG 2025-05-15 06:58:07.954 UTC: 	 Proxy valid for 191:38:01 hours
DEBUG 2025-05-15 06:58:07.954 UTC: 	 Encoded data for curl request: subresource=delegatedn
DEBUG 2025-05-15 06:58:08.007 UTC: 	 Registering user credentials on myproxy for /DC=ch/DC=cern/OU=computers/CN=crab-(preprod|prod)-tw(01|02).cern.ch|/DC=ch/DC=cern/OU=computers/CN=crab-dev-tw(01|02|03|04).cern.ch|/DC=ch/DC=cern/OU=Organic Units/OU=Users/CN=cmscrab/CN=(817881|373708)/CN=Robot: cms crab|/DC=ch/DC=cern/OU=Organic Units/OU=Users/CN=crabint1/CN=373708/CN=Robot: CMS CRAB Integration 1
DEBUG 2025-05-15 06:58:08.007 UTC: 	 Executing command :
 voms-proxy-info --identity --file /tmp/x509up_u180451
DEBUG 2025-05-15 06:58:08.393 UTC: 	 output : /DC=ch/DC=cern/OU=Organic Units/OU=Users/CN=amalhotr/CN=884837/CN=Aryan Malhotra

 error: 
 retcode : 0
DEBUG 2025-05-15 06:58:08.394 UTC: 	 Getting myproxy life time left for 2382a3cf28fdeacb1de9b039908761ea517a5ed6
DEBUG 2025-05-15 06:58:08.394 UTC: 	 Executing command :
 myproxy-info -s myproxy.cern.ch -l 2382a3cf28fdeacb1de9b039908761ea517a5ed6
DEBUG 2025-05-15 06:58:08.670 UTC: 	 output : username: 2382a3cf28fdeacb1de9b039908761ea517a5ed6
owner: /DC=ch/DC=cern/OU=Organic Units/OU=Users/CN=amalhotr/CN=884837/CN=Aryan Malhotra
  renewal policy: /DC=ch/DC=cern/OU=computers/CN=crab-(preprod|prod)-tw(01|02).cern.ch|/DC=ch/DC=cern/OU=computers/CN=crab-dev-tw(01|02|03|04).cern.ch|/DC=ch/DC=cern/OU=Organic Units/OU=Users/CN=cmscrab/CN=(817881|373708)/CN=Robot: cms crab|/DC=ch/DC=cern/OU=Organic Units/OU=Users/CN=crabint1/CN=373708/CN=Robot: CMS CRAB Integration 1
  trusted retrieval policy: /DC=ch/DC=cern/OU=computers/CN=crab-(preprod|prod)-tw(01|02).cern.ch|/DC=ch/DC=cern/OU=computers/CN=crab-dev-tw(01|02|03|04).cern.ch|/DC=ch/DC=cern/OU=Organic Units/OU=Users/CN=cmscrab/CN=(817881|373708)/CN=Robot: cms crab|/DC=ch/DC=cern/OU=Organic Units/OU=Users/CN=crabint1/CN=373708/CN=Robot: CMS CRAB Integration 1
  timeleft: 719:55:25  (30.0 days)

 error: 
 retcode : 0
DEBUG 2025-05-15 06:58:08.670 UTC: 	 Myproxy is valid: 2591700
DEBUG 2025-05-15 06:58:08.670 UTC: 	 Result of myproxy credential check:
  Credential exists on myproxy: username: 2382a3cf28fdeacb1de9b039908761ea517a5ed6  - validity: 29 days, 23:55:00
DEBUG 2025-05-15 06:58:08.670 UTC: 	 Retrieving username ...
DEBUG 2025-05-15 06:58:08.670 UTC: 	 Retrieving username from CRIC...
DEBUG 2025-05-15 06:58:09.460 UTC: 	 username is amalhotr
INFO 2025-05-15 06:58:10.082 UTC: 	 Rucio client intialized for account amalhotr
DEBUG 2025-05-15 06:58:10.083 UTC: 	 Command use: status
DEBUG 2025-05-15 06:58:10.083 UTC: 	 Options use: ['-d', './crab_DY2Mu4Jets_ScoutingTree_CombinedChain_All_v3']
DEBUG 2025-05-15 06:58:10.083 UTC: 	 Encoded data for curl request: subresource=version
DEBUG 2025-05-15 06:58:10.131 UTC: 	 CRABClient version: v3.250409
DEBUG 2025-05-15 06:58:10.131 UTC: 	 Instance is prod
DEBUG 2025-05-15 06:58:10.131 UTC: 	 Server base url is cmsweb.cern.ch
DEBUG 2025-05-15 06:58:10.131 UTC: 	 Command api workflow
DEBUG 2025-05-15 06:58:10.131 UTC: 	 Encoded data for curl request: subresource=search&workflow=250515_065338%3Aamalhotr_crab_DY2Mu4Jets_ScoutingTree_CombinedChain_All_v3
DEBUG 2025-05-15 06:58:10.200 UTC: 	 Got information from server oracle database: {'desc': {'columns': ['tm_taskname', 'tm_activity', 'tm_task_status', 'tm_task_command', 'tm_start_time', 'tm_start_injection', 'tm_end_injection', 'tm_task_failure', 'tm_job_sw', 'tm_job_arch', 'tm_input_dataset', 'tm_nonvalid_input_dataset', 'tm_use_parent', 'tm_site_whitelist', 'tm_site_blacklist', 'tm_split_algo', 'tm_split_args', 'tm_user_sandbox', 'tm_cache_url', 'tm_username', 'tm_user_dn', 'tm_user_vo', 'tm_user_role', 'tm_user_group', 'tm_publish_name', 'tm_publish_groupname', 'tm_asyncdest', 'tm_dbs_url', 'tm_publish_dbs_url', 'tm_publication', 'tm_outfiles', 'tm_tfile_outfiles', 'tm_edm_outfiles', 'tm_job_type', 'tm_generator', 'tm_events_per_lumi', 'tm_arguments', 'tm_save_logs', 'tw_name', 'tm_user_infiles', 'tm_maxjobruntime', 'tm_numcores', 'tm_maxmemory', 'tm_priority', 'tm_output_dataset', 'tm_task_warnings', 'tm_user_webdir', 'tm_scriptexe', 'tm_scriptargs', 'tm_extrajdl', 'tm_collector', 'tm_schedd', 'tm_dry_run', 'tm_user_files', 'tm_transfer_outputs', 'tm_output_lfn', 'tm_ignore_locality', 'tm_fail_limit', 'tm_one_event_mode', 'tm_secondary_input_dataset', 'tm_primary_dataset', 'tm_last_publication', 'tm_debug_files', 'clusterid', 'tm_ignore_global_blacklist', 'tm_submitter_ip_addr', 'tm_totalunits', 'tm_ddm_reqid', 'tm_user_config', 'tm_transfer_container', 'tm_transfer_rule', 'tm_publish_rule', 'tm_multipub_rule', 'tm_job_min_microarch', 'tm_dagman_status', 'tm_num_jobs', 'tm_uploaded']}, 'result': ['250515_065338:amalhotr_crab_DY2Mu4Jets_ScoutingTree_CombinedChain_All_v3', 'None', 'SUBMITTED', 'SUBMIT', '2025-05-15 06:53:39.043843', 'None', '2025-05-15 06:56:39.378758', 'None', 'CMSSW_14_0_18_patch1', 'el9_amd64_gcc12', '/DYto2Mu-4Jets_Bin-MLL-50_TuneCP5_13p6TeV_madgraphMLM-pythia8/RunIII2024Summer24MiniAOD-140X_mcRun3_2024_realistic_v26-v2/MINIAODSIM', 'T', '0', '[]', '[]', 'EventAwareLumiBased', "{'halt_job_on_file_boundaries': False, 'splitOnRun': False, 'events_per_job': 50000, 'runs': [], 'lumis': []}", '06c3e95827694eae24a04630f2e6e19546a95cb99ca093b1caf03261810363b0.tar.gz', 'https://cmsweb.cern.ch/S3/crabcache_prod', 'amalhotr', '/DC=ch/DC=cern/OU=Organic Units/OU=Users/CN=amalhotr/CN=884837/CN=Aryan Malhotra', 'cms', 'None', 'None', 'DY2Mu4Jets_ScoutingTree_CombinedChain_All_v3-00000000000000000000000000000000', 'F', 'T3_CH_CERNBOX', 'https://cmsweb.cern.ch/dbs/prod/global/DBSReader', 'https://cmsweb.cern.ch/dbs/prod/phys03/DBSWriter', 'F', '[]', "['DY2M_ScoutingTree_Output.root']", '[]', 'Analysis', 'pythia', 'None', '{}', 'T', 'crab-prod-tw02', '[]', '1250', '1', '2000', '10', 'None', '["The input dataset /DYto2Mu-4Jets_Bin-MLL-50_TuneCP5_13p6TeV_madgraphMLM-pythia8/RunIII2024Summer24MiniAOD-140X_mcRun3_2024_realistic_v26-v2/MINIAODSIM is not \'VALID\' but \'INVALID\'. CRAB will check if there are any valid files in the dataset and run only over those files."]', 'http://vocms0120.cern.ch/mon/amalhotr/250515_065338:amalhotr_crab_DY2Mu4Jets_ScoutingTree_CombinedChain_All_v3', 'None', '[]', '[]', 'cmsgwms-collector-global.cern.ch:9620,cmsgwms-collector-global.fnal.gov:9620', 'crab3@vocms0120.cern.ch', 'F', '[]', 'T', '/store/user/amalhotr/DY2Mu4Jets_ScoutingTree/', 'F', 'None', 'F', 'None', 'DYto2Mu-4Jets_Bin-MLL-50_TuneCP5_13p6TeV_madgraphMLM-pythia8', 'None', '2482143000281aff030fcf630617fc88c2d137c6bf5071a4b6e9ca40928146fc.tar.gz', '123545887', 'F', '188.185.89.202', '0.0', 'None', '{"partialdataset": false, "requireaccelerator": false, "acceleratorparams": null, "inputblocks": null}', 'None', 'None', 'None', 'None', 'any', 'NOT_READY', '9607', 'F']}
INFO 2025-05-15 06:58:10.200 UTC: 	 CRAB project directory:		/afs/cern.ch/user/a/amalhotr/CMSSW_14_0_18_patch1/src/Run3ScoutingAnalysisTools/crab_DY2Mu4Jets_ScoutingTree_CombinedChain_All_v3
INFO 2025-05-15 06:58:10.200 UTC: 	 Task name:			250515_065338:amalhotr_crab_DY2Mu4Jets_ScoutingTree_CombinedChain_All_v3
INFO 2025-05-15 06:58:10.200 UTC: 	 Grid scheduler - Task Worker:	crab3@vocms0120.cern.ch - crab-prod-tw02
INFO 2025-05-15 06:58:10.200 UTC: 	 Status on the CRAB server:	SUBMITTED
INFO 2025-05-15 06:58:10.201 UTC: 	 Task URL to use for HELP:	https://cmsweb.cern.ch/crabserver/ui/task/250515_065338%3Aamalhotr_crab_DY2Mu4Jets_ScoutingTree_CombinedChain_All_v3
INFO 2025-05-15 06:58:10.207 UTC: 	 Dashboard monitoring URL:	https://monit-grafana.cern.ch/d/cmsTMDetail/cms-task-monitoring-task-view?orgId=11&var-user=amalhotr&var-task=250515_065338%3Aamalhotr_crab_DY2Mu4Jets_ScoutingTree_CombinedChain_All_v3&from=1747288419000&to=now
WARNING 2025-05-15 06:58:10.207 UTC: 	 Warning:			The input dataset /DYto2Mu-4Jets_Bin-MLL-50_TuneCP5_13p6TeV_madgraphMLM-pythia8/RunIII2024Summer24MiniAOD-140X_mcRun3_2024_realistic_v26-v2/MINIAODSIM is not 'VALID' but 'INVALID'. CRAB will check if there are any valid files in the dataset and run only over those files.
DEBUG 2025-05-15 06:58:10.207 UTC: 	 The CRAB server submitted your task to the Grid scheduler (cluster ID: 123545887)
DEBUG 2025-05-15 06:58:10.207 UTC: 	 Webdir is located at http://vocms0120.cern.ch/mon/amalhotr/250515_065338:amalhotr_crab_DY2Mu4Jets_ScoutingTree_CombinedChain_All_v3
DEBUG 2025-05-15 06:58:10.207 UTC: 	 Encoded data for curl request: subresource=webdirprx&workflow=250515_065338%3Aamalhotr_crab_DY2Mu4Jets_ScoutingTree_CombinedChain_All_v3
DEBUG 2025-05-15 06:58:10.301 UTC: 	 Proxied webdir is located at https://cmsweb.cern.ch:8443/scheddmon/0120/amalhotr/250515_065338:amalhotr_crab_DY2Mu4Jets_ScoutingTree_CombinedChain_All_v3
DEBUG 2025-05-15 06:58:10.366 UTC: 	 Retrieving 'status_cache' file from https://cmsweb.cern.ch:8443/scheddmon/0120/amalhotr/250515_065338:amalhotr_crab_DY2Mu4Jets_ScoutingTree_CombinedChain_All_v3/status_cache.pkl
DEBUG 2025-05-15 06:58:10.367 UTC: 	 Will execute:
curl -sS --capath /etc/grid-security/certificates --cert /tmp/x509up_u180451 --key /tmp/x509up_u180451 -o /tmp/crab_status-cache-id649y9e.pkl -w %"{http_code}" "https://cmsweb.cern.ch:8443/scheddmon/0120/amalhotr/250515_065338:amalhotr_crab_DY2Mu4Jets_ScoutingTree_CombinedChain_All_v3/status_cache.pkl"
DEBUG 2025-05-15 06:58:10.367 UTC: 	 Executing command :
 curl -sS --capath /etc/grid-security/certificates --cert /tmp/x509up_u180451 --key /tmp/x509up_u180451 -o /tmp/crab_status-cache-id649y9e.pkl -w %"{http_code}" "https://cmsweb.cern.ch:8443/scheddmon/0120/amalhotr/250515_065338:amalhotr_crab_DY2Mu4Jets_ScoutingTree_CombinedChain_All_v3/status_cache.pkl"
DEBUG 2025-05-15 06:58:10.403 UTC: 	 output : 200
 error: 
 retcode : 0
DEBUG 2025-05-15 06:58:10.403 UTC: 	 exitcode: 0
stdout: 200
stderr: 
error details: 
INFO 2025-05-15 06:58:10.403 UTC: 	 Task bootstrapped at 2025-05-15 06:57:44 UTC. 26 seconds ago
INFO 2025-05-15 06:58:10.403 UTC: 	 Status information will be available within a few minutes
INFO 2025-05-15 06:58:10.405 UTC: 	 Log file is /afs/cern.ch/user/a/amalhotr/CMSSW_14_0_18_patch1/src/Run3ScoutingAnalysisTools/crab_DY2Mu4Jets_ScoutingTree_CombinedChain_All_v3/crab.log
DEBUG 2025-05-16 03:25:27.368 UTC: 	 CRAB Client version: v3.250409
DEBUG 2025-05-16 03:25:27.368 UTC: 	 Running on: Linux lxplus982.cern.ch 5.14.0-503.35.1.el9_5.x86_64 #1 SMP PREEMPT_DYNAMIC Mon Mar 24 11:15:27 EDT 2025 x86_64 x86_64 x86_64 GNU/Linux
DEBUG 2025-05-16 03:25:27.368 UTC: 	 Not using Singularity
DEBUG 2025-05-16 03:25:27.368 UTC: 	 Operating System: Red Hat Enterprise Linux 9.5 (Plow)
DEBUG 2025-05-16 03:25:27.368 UTC: 	 Executing command: 'kill'
DEBUG 2025-05-16 03:25:27.368 UTC: 	 Found CRAB cache file /afs/cern.ch/user/a/amalhotr/.crab3
DEBUG 2025-05-16 03:25:27.397 UTC: 	 Checking credentials
DEBUG 2025-05-16 03:25:27.397 UTC: 	 Found proxy file /tmp/x509up_u180451
DEBUG 2025-05-16 03:25:27.397 UTC: 	 Making sure it has proper VOMS extension
DEBUG 2025-05-16 03:25:27.397 UTC: 	 Executing command :
 voms-proxy-info --vo --file /tmp/x509up_u180451
DEBUG 2025-05-16 03:25:27.742 UTC: 	 output : cms

 error: 
 retcode : 0
DEBUG 2025-05-16 03:25:27.743 UTC: 	 Getting proxy life time left
DEBUG 2025-05-16 03:25:27.743 UTC: 	 Executing command :
 voms-proxy-info --actimeleft --timeleft --file /tmp/x509up_u180451
DEBUG 2025-05-16 03:25:28.065 UTC: 	 output : 690870
690870

 error: 
 retcode : 0
DEBUG 2025-05-16 03:25:28.065 UTC: 	 Proxy valid for 191:54:30 hours
DEBUG 2025-05-16 03:25:28.066 UTC: 	 Encoded data for curl request: subresource=delegatedn
DEBUG 2025-05-16 03:25:28.114 UTC: 	 Registering user credentials on myproxy for /DC=ch/DC=cern/OU=computers/CN=crab-(preprod|prod)-tw(01|02).cern.ch|/DC=ch/DC=cern/OU=computers/CN=crab-dev-tw(01|02|03|04).cern.ch|/DC=ch/DC=cern/OU=Organic Units/OU=Users/CN=cmscrab/CN=(817881|373708)/CN=Robot: cms crab|/DC=ch/DC=cern/OU=Organic Units/OU=Users/CN=crabint1/CN=373708/CN=Robot: CMS CRAB Integration 1
DEBUG 2025-05-16 03:25:28.114 UTC: 	 Executing command :
 voms-proxy-info --identity --file /tmp/x509up_u180451
DEBUG 2025-05-16 03:25:28.444 UTC: 	 output : /DC=ch/DC=cern/OU=Organic Units/OU=Users/CN=amalhotr/CN=884837/CN=Aryan Malhotra

 error: 
 retcode : 0
DEBUG 2025-05-16 03:25:28.445 UTC: 	 Getting myproxy life time left for 2382a3cf28fdeacb1de9b039908761ea517a5ed6
DEBUG 2025-05-16 03:25:28.445 UTC: 	 Executing command :
 myproxy-info -s myproxy.cern.ch -l 2382a3cf28fdeacb1de9b039908761ea517a5ed6
DEBUG 2025-05-16 03:25:28.742 UTC: 	 output : username: 2382a3cf28fdeacb1de9b039908761ea517a5ed6
owner: /DC=ch/DC=cern/OU=Organic Units/OU=Users/CN=amalhotr/CN=884837/CN=Aryan Malhotra
  renewal policy: /DC=ch/DC=cern/OU=computers/CN=crab-(preprod|prod)-tw(01|02).cern.ch|/DC=ch/DC=cern/OU=computers/CN=crab-dev-tw(01|02|03|04).cern.ch|/DC=ch/DC=cern/OU=Organic Units/OU=Users/CN=cmscrab/CN=(817881|373708)/CN=Robot: cms crab|/DC=ch/DC=cern/OU=Organic Units/OU=Users/CN=crabint1/CN=373708/CN=Robot: CMS CRAB Integration 1
  trusted retrieval policy: /DC=ch/DC=cern/OU=computers/CN=crab-(preprod|prod)-tw(01|02).cern.ch|/DC=ch/DC=cern/OU=computers/CN=crab-dev-tw(01|02|03|04).cern.ch|/DC=ch/DC=cern/OU=Organic Units/OU=Users/CN=cmscrab/CN=(817881|373708)/CN=Robot: cms crab|/DC=ch/DC=cern/OU=Organic Units/OU=Users/CN=crabint1/CN=373708/CN=Robot: CMS CRAB Integration 1
  timeleft: 699:28:05  (29.1 days)

 error: 
 retcode : 0
DEBUG 2025-05-16 03:25:28.743 UTC: 	 Myproxy is valid: 2518080
DEBUG 2025-05-16 03:25:28.743 UTC: 	 Result of myproxy credential check:
  Credential exists on myproxy: username: 2382a3cf28fdeacb1de9b039908761ea517a5ed6  - validity: 29 days, 3:28:00
DEBUG 2025-05-16 03:25:28.743 UTC: 	 Command use: kill
DEBUG 2025-05-16 03:25:28.743 UTC: 	 Options use: ['-d', './crab_DY2Mu4Jets_ScoutingTree_CombinedChain_All_v3']
DEBUG 2025-05-16 03:25:28.743 UTC: 	 Encoded data for curl request: subresource=version
DEBUG 2025-05-16 03:25:28.779 UTC: 	 CRABClient version: v3.250409
DEBUG 2025-05-16 03:25:28.779 UTC: 	 Instance is prod
DEBUG 2025-05-16 03:25:28.779 UTC: 	 Server base url is cmsweb.cern.ch
DEBUG 2025-05-16 03:25:28.779 UTC: 	 Command api workflow
DEBUG 2025-05-16 03:25:28.779 UTC: 	 Killing task 250515_065338:amalhotr_crab_DY2Mu4Jets_ScoutingTree_CombinedChain_All_v3
DEBUG 2025-05-16 03:25:28.779 UTC: 	 Encoded data for curl request: workflow=250515_065338%3Aamalhotr_crab_DY2Mu4Jets_ScoutingTree_CombinedChain_All_v3
DEBUG 2025-05-16 03:25:29.689 UTC: 	 Result: {'desc': {'columns': ['tm_taskname', 'tm_task_status', 'tm_task_command', 'tm_user_role', 'tm_user_group', 'tm_task_failure', 'tm_split_algo', 'tm_split_args', 'tm_save_logs', 'tm_username', 'tm_user_dn', 'tm_arguments', 'tm_input_dataset', 'tm_dbs_url', 'tm_task_warnings', 'tm_publication', 'tm_user_webdir', 'tm_output_dataset', 'tm_collector', 'tm_schedd', 'tm_dry_run', 'clusterid', 'tm_start_time', 'tw_name', 'tm_dagman_status', 'tm_num_jobs', 'tm_uploaded']}, 'result': [{'result': 'ok'}]}
INFO 2025-05-16 03:25:29.690 UTC: 	 Kill request successfully sent
INFO 2025-05-16 03:25:29.739 UTC: 	 Log file is /afs/cern.ch/user/a/amalhotr/CMSSW_14_0_18_patch1/src/Run3ScoutingAnalysisTools/crab_DY2Mu4Jets_ScoutingTree_CombinedChain_All_v3/crab.log
DEBUG 2025-05-16 03:31:05.974 UTC: 	 CRAB Client version: v3.250409
DEBUG 2025-05-16 03:31:05.974 UTC: 	 Running on: Linux lxplus982.cern.ch 5.14.0-503.35.1.el9_5.x86_64 #1 SMP PREEMPT_DYNAMIC Mon Mar 24 11:15:27 EDT 2025 x86_64 x86_64 x86_64 GNU/Linux
DEBUG 2025-05-16 03:31:05.974 UTC: 	 Not using Singularity
DEBUG 2025-05-16 03:31:05.975 UTC: 	 Operating System: Red Hat Enterprise Linux 9.5 (Plow)
DEBUG 2025-05-16 03:31:05.975 UTC: 	 Executing command: 'kill'
DEBUG 2025-05-16 03:31:05.975 UTC: 	 Found CRAB cache file /afs/cern.ch/user/a/amalhotr/.crab3
DEBUG 2025-05-16 03:31:05.984 UTC: 	 Checking credentials
DEBUG 2025-05-16 03:31:05.984 UTC: 	 Found proxy file /tmp/x509up_u180451
DEBUG 2025-05-16 03:31:05.984 UTC: 	 Making sure it has proper VOMS extension
DEBUG 2025-05-16 03:31:05.984 UTC: 	 Executing command :
 voms-proxy-info --vo --file /tmp/x509up_u180451
DEBUG 2025-05-16 03:31:06.312 UTC: 	 output : cms

 error: 
 retcode : 0
DEBUG 2025-05-16 03:31:06.312 UTC: 	 Getting proxy life time left
DEBUG 2025-05-16 03:31:06.312 UTC: 	 Executing command :
 voms-proxy-info --actimeleft --timeleft --file /tmp/x509up_u180451
DEBUG 2025-05-16 03:31:06.657 UTC: 	 output : 690532
690532

 error: 
 retcode : 0
DEBUG 2025-05-16 03:31:06.657 UTC: 	 Proxy valid for 191:48:52 hours
DEBUG 2025-05-16 03:31:06.657 UTC: 	 Encoded data for curl request: subresource=delegatedn
DEBUG 2025-05-16 03:31:06.694 UTC: 	 Registering user credentials on myproxy for /DC=ch/DC=cern/OU=computers/CN=crab-(preprod|prod)-tw(01|02).cern.ch|/DC=ch/DC=cern/OU=computers/CN=crab-dev-tw(01|02|03|04).cern.ch|/DC=ch/DC=cern/OU=Organic Units/OU=Users/CN=cmscrab/CN=(817881|373708)/CN=Robot: cms crab|/DC=ch/DC=cern/OU=Organic Units/OU=Users/CN=crabint1/CN=373708/CN=Robot: CMS CRAB Integration 1
DEBUG 2025-05-16 03:31:06.694 UTC: 	 Executing command :
 voms-proxy-info --identity --file /tmp/x509up_u180451
DEBUG 2025-05-16 03:31:07.062 UTC: 	 output : /DC=ch/DC=cern/OU=Organic Units/OU=Users/CN=amalhotr/CN=884837/CN=Aryan Malhotra

 error: 
 retcode : 0
DEBUG 2025-05-16 03:31:07.063 UTC: 	 Getting myproxy life time left for 2382a3cf28fdeacb1de9b039908761ea517a5ed6
DEBUG 2025-05-16 03:31:07.063 UTC: 	 Executing command :
 myproxy-info -s myproxy.cern.ch -l 2382a3cf28fdeacb1de9b039908761ea517a5ed6
DEBUG 2025-05-16 03:31:07.347 UTC: 	 output : username: 2382a3cf28fdeacb1de9b039908761ea517a5ed6
owner: /DC=ch/DC=cern/OU=Organic Units/OU=Users/CN=amalhotr/CN=884837/CN=Aryan Malhotra
  renewal policy: /DC=ch/DC=cern/OU=computers/CN=crab-(preprod|prod)-tw(01|02).cern.ch|/DC=ch/DC=cern/OU=computers/CN=crab-dev-tw(01|02|03|04).cern.ch|/DC=ch/DC=cern/OU=Organic Units/OU=Users/CN=cmscrab/CN=(817881|373708)/CN=Robot: cms crab|/DC=ch/DC=cern/OU=Organic Units/OU=Users/CN=crabint1/CN=373708/CN=Robot: CMS CRAB Integration 1
  trusted retrieval policy: /DC=ch/DC=cern/OU=computers/CN=crab-(preprod|prod)-tw(01|02).cern.ch|/DC=ch/DC=cern/OU=computers/CN=crab-dev-tw(01|02|03|04).cern.ch|/DC=ch/DC=cern/OU=Organic Units/OU=Users/CN=cmscrab/CN=(817881|373708)/CN=Robot: cms crab|/DC=ch/DC=cern/OU=Organic Units/OU=Users/CN=crabint1/CN=373708/CN=Robot: CMS CRAB Integration 1
  timeleft: 699:22:26  (29.1 days)

 error: 
 retcode : 0
DEBUG 2025-05-16 03:31:07.347 UTC: 	 Myproxy is valid: 2517720
DEBUG 2025-05-16 03:31:07.347 UTC: 	 Result of myproxy credential check:
  Credential exists on myproxy: username: 2382a3cf28fdeacb1de9b039908761ea517a5ed6  - validity: 29 days, 3:22:00
DEBUG 2025-05-16 03:31:07.348 UTC: 	 Command use: kill
DEBUG 2025-05-16 03:31:07.348 UTC: 	 Options use: ['-d', 'crab_DY2Mu4Jets_ScoutingTree_CombinedChain_All_v3']
DEBUG 2025-05-16 03:31:07.348 UTC: 	 Encoded data for curl request: subresource=version
DEBUG 2025-05-16 03:31:07.383 UTC: 	 CRABClient version: v3.250409
DEBUG 2025-05-16 03:31:07.384 UTC: 	 Instance is prod
DEBUG 2025-05-16 03:31:07.384 UTC: 	 Server base url is cmsweb.cern.ch
DEBUG 2025-05-16 03:31:07.384 UTC: 	 Command api workflow
DEBUG 2025-05-16 03:31:07.384 UTC: 	 Killing task 250515_065338:amalhotr_crab_DY2Mu4Jets_ScoutingTree_CombinedChain_All_v3
DEBUG 2025-05-16 03:31:07.384 UTC: 	 Encoded data for curl request: workflow=250515_065338%3Aamalhotr_crab_DY2Mu4Jets_ScoutingTree_CombinedChain_All_v3
DEBUG 2025-05-16 03:31:07.635 UTC: 	 Result: {'desc': {'columns': ['tm_taskname', 'tm_task_status', 'tm_task_command', 'tm_user_role', 'tm_user_group', 'tm_task_failure', 'tm_split_algo', 'tm_split_args', 'tm_save_logs', 'tm_username', 'tm_user_dn', 'tm_arguments', 'tm_input_dataset', 'tm_dbs_url', 'tm_task_warnings', 'tm_publication', 'tm_user_webdir', 'tm_output_dataset', 'tm_collector', 'tm_schedd', 'tm_dry_run', 'clusterid', 'tm_start_time', 'tw_name', 'tm_dagman_status', 'tm_num_jobs', 'tm_uploaded']}, 'result': [{'result': 'ok'}]}
INFO 2025-05-16 03:31:07.635 UTC: 	 Kill request successfully sent
INFO 2025-05-16 03:31:07.640 UTC: 	 Log file is /afs/cern.ch/user/a/amalhotr/CMSSW_14_0_18_patch1/src/Run3ScoutingAnalysisTools/crab_DY2Mu4Jets_ScoutingTree_CombinedChain_All_v3/crab.log
DEBUG 2025-09-08 16:47:40.521 UTC: 	 CRAB Client version: v3.250820
DEBUG 2025-09-08 16:47:40.521 UTC: 	 Running on: Linux lxplus935.cern.ch 5.14.0-570.37.1.el9_6.x86_64 #1 SMP PREEMPT_DYNAMIC Sat Aug 16 01:10:00 EDT 2025 x86_64 x86_64 x86_64 GNU/Linux
DEBUG 2025-09-08 16:47:40.521 UTC: 	 Not using Singularity
DEBUG 2025-09-08 16:47:40.521 UTC: 	 Operating System: Red Hat Enterprise Linux 9.6 (Plow)
DEBUG 2025-09-08 16:47:40.521 UTC: 	 Executing command: 'kill'
DEBUG 2025-09-08 16:47:40.522 UTC: 	 Found CRAB cache file /afs/cern.ch/user/a/amalhotr/.crab3
DEBUG 2025-09-08 16:47:40.687 UTC: 	 Checking credentials
DEBUG 2025-09-08 16:47:40.688 UTC: 	 Found proxy file /tmp/x509up_u180451
DEBUG 2025-09-08 16:47:40.688 UTC: 	 Making sure it has proper VOMS extension
DEBUG 2025-09-08 16:47:40.688 UTC: 	 Executing command :
 voms-proxy-info --vo --file /tmp/x509up_u180451
DEBUG 2025-09-08 16:47:40.719 UTC: 	 output : cms

 error: 
 retcode : 0
DEBUG 2025-09-08 16:47:40.719 UTC: 	 Getting proxy life time left
DEBUG 2025-09-08 16:47:40.719 UTC: 	 Executing command :
 voms-proxy-info --actimeleft --timeleft --file /tmp/x509up_u180451
DEBUG 2025-09-08 16:47:40.747 UTC: 	 output : 690842
690842

 error: 
 retcode : 0
DEBUG 2025-09-08 16:47:40.747 UTC: 	 Proxy valid for 191:54:02 hours
DEBUG 2025-09-08 16:47:40.748 UTC: 	 Encoded data for curl request: subresource=delegatedn
DEBUG 2025-09-08 16:47:40.799 UTC: 	 Registering user credentials on myproxy for /DC=ch/DC=cern/OU=computers/CN=crab-(preprod|prod)-tw(01|02).cern.ch|/DC=ch/DC=cern/OU=computers/CN=crab-dev-tw(01|02|03|04).cern.ch|/DC=ch/DC=cern/OU=Organic Units/OU=Users/CN=cmscrab/CN=(817881|373708)/CN=Robot: cms crab|/DC=ch/DC=cern/OU=Organic Units/OU=Users/CN=crabint1/CN=373708/CN=Robot: CMS CRAB Integration 1
DEBUG 2025-09-08 16:47:40.800 UTC: 	 Executing command :
 voms-proxy-info --identity --file /tmp/x509up_u180451
DEBUG 2025-09-08 16:47:40.832 UTC: 	 output : /DC=ch/DC=cern/OU=Organic Units/OU=Users/CN=amalhotr/CN=884837/CN=Aryan Malhotra

 error: 
 retcode : 0
DEBUG 2025-09-08 16:47:40.832 UTC: 	 Getting myproxy life time left for 2382a3cf28fdeacb1de9b039908761ea517a5ed6
DEBUG 2025-09-08 16:47:40.832 UTC: 	 Executing command :
 myproxy-info -s myproxy.cern.ch -l 2382a3cf28fdeacb1de9b039908761ea517a5ed6
DEBUG 2025-09-08 16:47:41.137 UTC: 	 output : username: 2382a3cf28fdeacb1de9b039908761ea517a5ed6
owner: /DC=ch/DC=cern/OU=Organic Units/OU=Users/CN=amalhotr/CN=884837/CN=Aryan Malhotra
  renewal policy: /DC=ch/DC=cern/OU=computers/CN=crab-(preprod|prod)-tw(01|02).cern.ch|/DC=ch/DC=cern/OU=computers/CN=crab-dev-tw(01|02|03|04).cern.ch|/DC=ch/DC=cern/OU=Organic Units/OU=Users/CN=cmscrab/CN=(817881|373708)/CN=Robot: cms crab|/DC=ch/DC=cern/OU=Organic Units/OU=Users/CN=crabint1/CN=373708/CN=Robot: CMS CRAB Integration 1
  trusted retrieval policy: /DC=ch/DC=cern/OU=computers/CN=crab-(preprod|prod)-tw(01|02).cern.ch|/DC=ch/DC=cern/OU=computers/CN=crab-dev-tw(01|02|03|04).cern.ch|/DC=ch/DC=cern/OU=Organic Units/OU=Users/CN=cmscrab/CN=(817881|373708)/CN=Robot: cms crab|/DC=ch/DC=cern/OU=Organic Units/OU=Users/CN=crabint1/CN=373708/CN=Robot: CMS CRAB Integration 1
  timeleft: 719:57:02  (30.0 days)

 error: 
 retcode : 0
DEBUG 2025-09-08 16:47:41.137 UTC: 	 Myproxy is valid: 2591820
DEBUG 2025-09-08 16:47:41.137 UTC: 	 Result of myproxy credential check:
  Credential exists on myproxy: username: 2382a3cf28fdeacb1de9b039908761ea517a5ed6  - validity: 29 days, 23:57:00
DEBUG 2025-09-08 16:47:41.138 UTC: 	 Command use: kill
DEBUG 2025-09-08 16:47:41.138 UTC: 	 Options use: ['-d', 'crab_DY2Mu4Jets_ScoutingTree_CombinedChain_All_v3']
DEBUG 2025-09-08 16:47:41.138 UTC: 	 Encoded data for curl request: subresource=version
DEBUG 2025-09-08 16:47:41.194 UTC: 	 CRABClient version: v3.250820
DEBUG 2025-09-08 16:47:41.194 UTC: 	 Instance is prod
DEBUG 2025-09-08 16:47:41.194 UTC: 	 Server base url is cmsweb.cern.ch
DEBUG 2025-09-08 16:47:41.194 UTC: 	 Command api workflow
DEBUG 2025-09-08 16:47:41.194 UTC: 	 Killing task 250515_065338:amalhotr_crab_DY2Mu4Jets_ScoutingTree_CombinedChain_All_v3
DEBUG 2025-09-08 16:47:41.194 UTC: 	 Encoded data for curl request: workflow=250515_065338%3Aamalhotr_crab_DY2Mu4Jets_ScoutingTree_CombinedChain_All_v3
DEBUG 2025-09-08 16:47:41.247 UTC: 	 Result: {'desc': {'columns': ['tm_taskname', 'tm_task_status', 'tm_task_command', 'tm_user_role', 'tm_user_group', 'tm_task_failure', 'tm_split_algo', 'tm_split_args', 'tm_save_logs', 'tm_username', 'tm_user_dn', 'tm_arguments', 'tm_input_dataset', 'tm_dbs_url', 'tm_task_warnings', 'tm_publication', 'tm_user_webdir', 'tm_output_dataset', 'tm_collector', 'tm_schedd', 'tm_dry_run', 'clusterid', 'tm_start_time', 'tw_name', 'tm_dagman_status', 'tm_num_jobs', 'tm_uploaded']}, 'result': [{'result': 'ok'}]}
INFO 2025-09-08 16:47:41.247 UTC: 	 Kill request successfully sent
INFO 2025-09-08 16:47:41.348 UTC: 	 Log file is /afs/cern.ch/user/a/amalhotr/CMSSW_14_0_18_patch1/src/Run3ScoutingAnalysisTools/crab_DY2Mu4Jets_ScoutingTree_CombinedChain_All_v3/crab.log
DEBUG 2025-09-08 16:55:24.195 UTC: 	 CRAB Client version: v3.250820
DEBUG 2025-09-08 16:55:24.195 UTC: 	 Running on: Linux lxplus935.cern.ch 5.14.0-570.37.1.el9_6.x86_64 #1 SMP PREEMPT_DYNAMIC Sat Aug 16 01:10:00 EDT 2025 x86_64 x86_64 x86_64 GNU/Linux
DEBUG 2025-09-08 16:55:24.195 UTC: 	 Not using Singularity
DEBUG 2025-09-08 16:55:24.195 UTC: 	 Operating System: Red Hat Enterprise Linux 9.6 (Plow)
DEBUG 2025-09-08 16:55:24.195 UTC: 	 Executing command: 'kill'
DEBUG 2025-09-08 16:55:24.196 UTC: 	 Found CRAB cache file /afs/cern.ch/user/a/amalhotr/.crab3
DEBUG 2025-09-08 16:55:24.225 UTC: 	 Checking credentials
DEBUG 2025-09-08 16:55:24.225 UTC: 	 Found proxy file /tmp/x509up_u180451
DEBUG 2025-09-08 16:55:24.225 UTC: 	 Making sure it has proper VOMS extension
DEBUG 2025-09-08 16:55:24.225 UTC: 	 Executing command :
 voms-proxy-info --vo --file /tmp/x509up_u180451
DEBUG 2025-09-08 16:55:24.254 UTC: 	 output : cms

 error: 
 retcode : 0
DEBUG 2025-09-08 16:55:24.255 UTC: 	 Getting proxy life time left
DEBUG 2025-09-08 16:55:24.255 UTC: 	 Executing command :
 voms-proxy-info --actimeleft --timeleft --file /tmp/x509up_u180451
DEBUG 2025-09-08 16:55:24.279 UTC: 	 output : 690378
690378

 error: 
 retcode : 0
DEBUG 2025-09-08 16:55:24.280 UTC: 	 Proxy valid for 191:46:18 hours
DEBUG 2025-09-08 16:55:24.280 UTC: 	 Encoded data for curl request: subresource=delegatedn
DEBUG 2025-09-08 16:55:24.344 UTC: 	 Registering user credentials on myproxy for /DC=ch/DC=cern/OU=computers/CN=crab-(preprod|prod)-tw(01|02).cern.ch|/DC=ch/DC=cern/OU=computers/CN=crab-dev-tw(01|02|03|04).cern.ch|/DC=ch/DC=cern/OU=Organic Units/OU=Users/CN=cmscrab/CN=(817881|373708)/CN=Robot: cms crab|/DC=ch/DC=cern/OU=Organic Units/OU=Users/CN=crabint1/CN=373708/CN=Robot: CMS CRAB Integration 1
DEBUG 2025-09-08 16:55:24.345 UTC: 	 Executing command :
 voms-proxy-info --identity --file /tmp/x509up_u180451
DEBUG 2025-09-08 16:55:24.368 UTC: 	 output : /DC=ch/DC=cern/OU=Organic Units/OU=Users/CN=amalhotr/CN=884837/CN=Aryan Malhotra

 error: 
 retcode : 0
DEBUG 2025-09-08 16:55:24.369 UTC: 	 Getting myproxy life time left for 2382a3cf28fdeacb1de9b039908761ea517a5ed6
DEBUG 2025-09-08 16:55:24.369 UTC: 	 Executing command :
 myproxy-info -s myproxy.cern.ch -l 2382a3cf28fdeacb1de9b039908761ea517a5ed6
DEBUG 2025-09-08 16:55:24.684 UTC: 	 output : username: 2382a3cf28fdeacb1de9b039908761ea517a5ed6
owner: /DC=ch/DC=cern/OU=Organic Units/OU=Users/CN=amalhotr/CN=884837/CN=Aryan Malhotra
  renewal policy: /DC=ch/DC=cern/OU=computers/CN=crab-(preprod|prod)-tw(01|02).cern.ch|/DC=ch/DC=cern/OU=computers/CN=crab-dev-tw(01|02|03|04).cern.ch|/DC=ch/DC=cern/OU=Organic Units/OU=Users/CN=cmscrab/CN=(817881|373708)/CN=Robot: cms crab|/DC=ch/DC=cern/OU=Organic Units/OU=Users/CN=crabint1/CN=373708/CN=Robot: CMS CRAB Integration 1
  trusted retrieval policy: /DC=ch/DC=cern/OU=computers/CN=crab-(preprod|prod)-tw(01|02).cern.ch|/DC=ch/DC=cern/OU=computers/CN=crab-dev-tw(01|02|03|04).cern.ch|/DC=ch/DC=cern/OU=Organic Units/OU=Users/CN=cmscrab/CN=(817881|373708)/CN=Robot: cms crab|/DC=ch/DC=cern/OU=Organic Units/OU=Users/CN=crabint1/CN=373708/CN=Robot: CMS CRAB Integration 1
  timeleft: 719:49:19  (30.0 days)

 error: 
 retcode : 0
DEBUG 2025-09-08 16:55:24.684 UTC: 	 Myproxy is valid: 2591340
DEBUG 2025-09-08 16:55:24.684 UTC: 	 Result of myproxy credential check:
  Credential exists on myproxy: username: 2382a3cf28fdeacb1de9b039908761ea517a5ed6  - validity: 29 days, 23:49:00
DEBUG 2025-09-08 16:55:24.685 UTC: 	 Command use: kill
DEBUG 2025-09-08 16:55:24.685 UTC: 	 Options use: ['-d', 'crab_DY2Mu4Jets_ScoutingTree_CombinedChain_All_v3']
DEBUG 2025-09-08 16:55:24.685 UTC: 	 Encoded data for curl request: subresource=version
DEBUG 2025-09-08 16:55:24.724 UTC: 	 CRABClient version: v3.250820
DEBUG 2025-09-08 16:55:24.724 UTC: 	 Instance is prod
DEBUG 2025-09-08 16:55:24.724 UTC: 	 Server base url is cmsweb.cern.ch
DEBUG 2025-09-08 16:55:24.724 UTC: 	 Command api workflow
DEBUG 2025-09-08 16:55:24.724 UTC: 	 Killing task 250515_065338:amalhotr_crab_DY2Mu4Jets_ScoutingTree_CombinedChain_All_v3
DEBUG 2025-09-08 16:55:24.724 UTC: 	 Encoded data for curl request: workflow=250515_065338%3Aamalhotr_crab_DY2Mu4Jets_ScoutingTree_CombinedChain_All_v3
DEBUG 2025-09-08 16:55:24.771 UTC: 	 Result: {'desc': {'columns': ['tm_taskname', 'tm_task_status', 'tm_task_command', 'tm_user_role', 'tm_user_group', 'tm_task_failure', 'tm_split_algo', 'tm_split_args', 'tm_save_logs', 'tm_username', 'tm_user_dn', 'tm_arguments', 'tm_input_dataset', 'tm_dbs_url', 'tm_task_warnings', 'tm_publication', 'tm_user_webdir', 'tm_output_dataset', 'tm_collector', 'tm_schedd', 'tm_dry_run', 'clusterid', 'tm_start_time', 'tw_name', 'tm_dagman_status', 'tm_num_jobs', 'tm_uploaded']}, 'result': [{'result': 'ok'}]}
INFO 2025-09-08 16:55:24.771 UTC: 	 Kill request successfully sent
INFO 2025-09-08 16:55:24.772 UTC: 	 Log file is /afs/cern.ch/user/a/amalhotr/CMSSW_14_0_18_patch1/src/Run3ScoutingAnalysisTools/crab_DY2Mu4Jets_ScoutingTree_CombinedChain_All_v3/crab.log
