DEBUG 2025-10-13 04:48:36.375 UTC: 	 CRAB Client version: v3.250820
DEBUG 2025-10-13 04:48:36.376 UTC: 	 Running on: Linux lxplus912.cern.ch 5.14.0-570.44.1.el9_6.x86_64 #1 SMP PREEMPT_DYNAMIC Tue Sep 9 05:17:30 EDT 2025 x86_64 x86_64 x86_64 GNU/Linux
DEBUG 2025-10-13 04:48:36.376 UTC: 	 Not using Singularity
DEBUG 2025-10-13 04:48:36.376 UTC: 	 Operating System: Red Hat Enterprise Linux 9.6 (Plow)
DEBUG 2025-10-13 04:48:36.376 UTC: 	 Executing command: 'submit'
DEBUG 2025-10-13 04:48:36.376 UTC: 	 Found CRAB cache file /afs/cern.ch/user/a/amalhotr/.crab3
INFO 2025-10-13 04:48:36.377 UTC: 	 Will use CRAB configuration file chainedCrabConfig.py
DEBUG 2025-10-13 04:48:36.377 UTC: 	 Loading CRAB configuration file.
DEBUG 2025-10-13 04:48:36.378 UTC: 	 Will use CRAB plugin ANALYSIS (i.e. will run an analysis job type).
DEBUG 2025-10-13 04:48:36.400 UTC: 	 Checking credentials
DEBUG 2025-10-13 04:48:36.400 UTC: 	 Found proxy file /tmp/x509up_u180451
DEBUG 2025-10-13 04:48:36.400 UTC: 	 Making sure it has proper VOMS extension
DEBUG 2025-10-13 04:48:36.400 UTC: 	 Executing command :
 voms-proxy-info --vo --file /tmp/x509up_u180451
DEBUG 2025-10-13 04:48:36.424 UTC: 	 output : cms

 error: 
 retcode : 0
DEBUG 2025-10-13 04:48:36.424 UTC: 	 Getting proxy life time left
DEBUG 2025-10-13 04:48:36.424 UTC: 	 Executing command :
 voms-proxy-info --actimeleft --timeleft --file /tmp/x509up_u180451
DEBUG 2025-10-13 04:48:36.446 UTC: 	 output : 691177
691177

 error: 
 retcode : 0
DEBUG 2025-10-13 04:48:36.446 UTC: 	 Proxy valid for 191:59:37 hours
DEBUG 2025-10-13 04:48:36.447 UTC: 	 Encoded data for curl request: subresource=delegatedn
DEBUG 2025-10-13 04:48:36.486 UTC: 	 Registering user credentials on myproxy for /DC=ch/DC=cern/OU=computers/CN=crab-(preprod|prod)-tw(01|02).cern.ch|/DC=ch/DC=cern/OU=computers/CN=crab-dev-tw(01|02|03|04).cern.ch|/DC=ch/DC=cern/OU=Organic Units/OU=Users/CN=cmscrab/CN=(817881|373708)/CN=Robot: cms crab|/DC=ch/DC=cern/OU=Organic Units/OU=Users/CN=crabint1/CN=373708/CN=Robot: CMS CRAB Integration 1
DEBUG 2025-10-13 04:48:36.486 UTC: 	 Executing command :
 voms-proxy-info --identity --file /tmp/x509up_u180451
DEBUG 2025-10-13 04:48:36.509 UTC: 	 output : /DC=ch/DC=cern/OU=Organic Units/OU=Users/CN=amalhotr/CN=884837/CN=Aryan Malhotra

 error: 
 retcode : 0
DEBUG 2025-10-13 04:48:36.509 UTC: 	 Getting myproxy life time left for 2382a3cf28fdeacb1de9b039908761ea517a5ed6
DEBUG 2025-10-13 04:48:36.509 UTC: 	 Executing command :
 myproxy-info -s myproxy.cern.ch -l 2382a3cf28fdeacb1de9b039908761ea517a5ed6
DEBUG 2025-10-13 04:48:36.790 UTC: 	 output : username: 2382a3cf28fdeacb1de9b039908761ea517a5ed6
owner: /DC=ch/DC=cern/OU=Organic Units/OU=Users/CN=amalhotr/CN=884837/CN=Aryan Malhotra
  renewal policy: /DC=ch/DC=cern/OU=computers/CN=crab-(preprod|prod)-tw(01|02).cern.ch|/DC=ch/DC=cern/OU=computers/CN=crab-dev-tw(01|02|03|04).cern.ch|/DC=ch/DC=cern/OU=Organic Units/OU=Users/CN=cmscrab/CN=(817881|373708)/CN=Robot: cms crab|/DC=ch/DC=cern/OU=Organic Units/OU=Users/CN=crabint1/CN=373708/CN=Robot: CMS CRAB Integration 1
  trusted retrieval policy: /DC=ch/DC=cern/OU=computers/CN=crab-(preprod|prod)-tw(01|02).cern.ch|/DC=ch/DC=cern/OU=computers/CN=crab-dev-tw(01|02|03|04).cern.ch|/DC=ch/DC=cern/OU=Organic Units/OU=Users/CN=cmscrab/CN=(817881|373708)/CN=Robot: cms crab|/DC=ch/DC=cern/OU=Organic Units/OU=Users/CN=crabint1/CN=373708/CN=Robot: CMS CRAB Integration 1
  timeleft: 288:20:12  (12.0 days)

 error: 
 retcode : 0
DEBUG 2025-10-13 04:48:36.791 UTC: 	 Myproxy is valid: 1038000
DEBUG 2025-10-13 04:48:36.791 UTC: 	 Executing command :
 openssl x509 -noout -dates -in ~/.globus/usercert.pem
DEBUG 2025-10-13 04:48:36.810 UTC: 	 output : notBefore=Dec 27 04:31:14 2024 GMT
notAfter=Jan 31 04:31:14 2026 GMT

 error: 
 retcode : 0
DEBUG 2025-10-13 04:48:36.817 UTC: 	 Delegating a myproxy for 720:00 hours
DEBUG 2025-10-13 04:48:36.817 UTC: 	 Executing command :
 export GT_PROXY_MODE=rfc ; myproxy-init -d -n -s myproxy.cern.ch -C ~/.globus/usercert.pem -y ~/.globus/userkey.pem -x -R '/DC=ch/DC=cern/OU=computers/CN=crab-(preprod|prod)-tw(01|02).cern.ch|/DC=ch/DC=cern/OU=computers/CN=crab-dev-tw(01|02|03|04).cern.ch|/DC=ch/DC=cern/OU=Organic Units/OU=Users/CN=cmscrab/CN=(817881|373708)/CN=Robot: cms crab|/DC=ch/DC=cern/OU=Organic Units/OU=Users/CN=crabint1/CN=373708/CN=Robot: CMS CRAB Integration 1' -x -Z '/DC=ch/DC=cern/OU=computers/CN=crab-(preprod|prod)-tw(01|02).cern.ch|/DC=ch/DC=cern/OU=computers/CN=crab-dev-tw(01|02|03|04).cern.ch|/DC=ch/DC=cern/OU=Organic Units/OU=Users/CN=cmscrab/CN=(817881|373708)/CN=Robot: cms crab|/DC=ch/DC=cern/OU=Organic Units/OU=Users/CN=crabint1/CN=373708/CN=Robot: CMS CRAB Integration 1' -l 2382a3cf28fdeacb1de9b039908761ea517a5ed6 -t 168 -c 720:00
DEBUG 2025-10-13 04:48:42.488 UTC: 	 output : Your identity: /DC=ch/DC=cern/OU=Organic Units/OU=Users/CN=amalhotr/CN=884837/CN=Aryan Malhotra
Creating proxy .................................................................................................................................................................................................................................................................................................................................................................................................................................................................................................................................................................................................................................................................................................................................................................................................................................................................. Done
Proxy Verify OK
Your proxy is valid until: Wed Nov 12 05:48:41 2025
A proxy valid for 720 hours (30.0 days) for user 2382a3cf28fdeacb1de9b039908761ea517a5ed6 now exists on myproxy.cern.ch.

 error: 
 retcode : 0
DEBUG 2025-10-13 04:48:42.488 UTC: 	 Executing command :
 myproxy-info -s myproxy.cern.ch -l 2382a3cf28fdeacb1de9b039908761ea517a5ed6
DEBUG 2025-10-13 04:48:42.784 UTC: 	 output : username: 2382a3cf28fdeacb1de9b039908761ea517a5ed6
owner: /DC=ch/DC=cern/OU=Organic Units/OU=Users/CN=amalhotr/CN=884837/CN=Aryan Malhotra
  renewal policy: /DC=ch/DC=cern/OU=computers/CN=crab-(preprod|prod)-tw(01|02).cern.ch|/DC=ch/DC=cern/OU=computers/CN=crab-dev-tw(01|02|03|04).cern.ch|/DC=ch/DC=cern/OU=Organic Units/OU=Users/CN=cmscrab/CN=(817881|373708)/CN=Robot: cms crab|/DC=ch/DC=cern/OU=Organic Units/OU=Users/CN=crabint1/CN=373708/CN=Robot: CMS CRAB Integration 1
  trusted retrieval policy: /DC=ch/DC=cern/OU=computers/CN=crab-(preprod|prod)-tw(01|02).cern.ch|/DC=ch/DC=cern/OU=computers/CN=crab-dev-tw(01|02|03|04).cern.ch|/DC=ch/DC=cern/OU=Organic Units/OU=Users/CN=cmscrab/CN=(817881|373708)/CN=Robot: cms crab|/DC=ch/DC=cern/OU=Organic Units/OU=Users/CN=crabint1/CN=373708/CN=Robot: CMS CRAB Integration 1
  timeleft: 719:59:59  (30.0 days)

 error: 
 retcode : 0
DEBUG 2025-10-13 04:48:42.785 UTC: 	 My-proxy delegated.
DEBUG 2025-10-13 04:48:42.785 UTC: 	 Result of myproxy credential check:
  Credential exists on myproxy: username: 2382a3cf28fdeacb1de9b039908761ea517a5ed6  - validity: 29 days, 23:59:00
DEBUG 2025-10-13 04:48:42.785 UTC: 	 Command use: submit
DEBUG 2025-10-13 04:48:42.785 UTC: 	 Options use: ['-c', 'chainedCrabConfig.py']
DEBUG 2025-10-13 04:48:42.785 UTC: 	 Encoded data for curl request: subresource=version
DEBUG 2025-10-13 04:48:42.829 UTC: 	 CRABClient version: v3.250820
DEBUG 2025-10-13 04:48:42.829 UTC: 	 Instance is prod
DEBUG 2025-10-13 04:48:42.829 UTC: 	 Server base url is cmsweb.cern.ch
DEBUG 2025-10-13 04:48:42.829 UTC: 	 Command api workflow
DEBUG 2025-10-13 04:48:42.829 UTC: 	 Started submission
DEBUG 2025-10-13 04:48:42.829 UTC: 	 Working on /afs/cern.ch/user/a/amalhotr/CMSSW_14_0_18_patch1/src/Run3ScoutingAnalysisTools/crab_ScoutingData_Updated_0mod15_v1
DEBUG 2025-10-13 04:48:42.830 UTC: 	 Encoded data for curl request: subresource=backendurls
DEBUG 2025-10-13 04:48:42.914 UTC: 	 Loading required information from the environment
DEBUG 2025-10-13 04:48:42.914 UTC: 	 Found CMSSW_14_0_18_patch1 for el9_amd64_gcc12 with base /afs/cern.ch/user/a/amalhotr/CMSSW_14_0_18_patch1
DEBUG 2025-10-13 04:48:42.914 UTC: 	 Loading required information from the environment
DEBUG 2025-10-13 04:48:42.915 UTC: 	 Found CMSSW_14_0_18_patch1 for el9_amd64_gcc12 with base /afs/cern.ch/user/a/amalhotr/CMSSW_14_0_18_patch1
DEBUG 2025-10-13 04:48:42.915 UTC: 	 UNIQUE NAME: tarUUID afe6b771-332c-4ed3-ade5-ad28f605e920 
DEBUG 2025-10-13 04:48:42.915 UTC: 	 self.config: from WMCore.Configuration import Configuration
config = Configuration()
config.section_('General')
config.General.transferOutputs = True
config.General.requestName = 'ScoutingData_Updated_0mod15_v1'
config.General.transferLogs = True
config.section_('JobType')
config.JobType.outputFiles = ['ScoutingTree_Output_PV.root']
config.JobType.maxJobRuntimeMin = 2750
config.JobType.pluginName = 'Analysis'
config.JobType.maxMemoryMB = 3000
config.JobType.psetName = 'UnifiedScoutingVertexingTreeMaker.py'
config.section_('Data')
config.Data.inputDBS = 'global'
config.Data.unitsPerJob = 2
config.Data.allowNonValidInputDataset = True
config.Data.outputDatasetTag = 'ScoutingData_Updated_0mod15_v1'
config.Data.inputDataset = '/ScoutingPFRun3/Run2024H-v1/HLTSCOUT'
config.Data.splitting = 'FileBased'
config.Data.publication = False
config.section_('Site')
config.Site.storageSite = 'T3_CH_CERNBOX'
config.section_('User')
config.section_('Debug')

DEBUG 2025-10-13 04:48:42.915 UTC: 	 self.config.JobType.psetName: UnifiedScoutingVertexingTreeMaker.py
INFO 2025-10-13 04:48:42.915 UTC: 	 Importing CMSSW configuration UnifiedScoutingVertexingTreeMaker.py
INFO 2025-10-13 04:48:43.391 UTC: 	 Finished importing CMSSW configuration UnifiedScoutingVertexingTreeMaker.py
DEBUG 2025-10-13 04:48:43.391 UTC: 	 Writing CMSSW configuration to /afs/cern.ch/user/a/amalhotr/CMSSW_14_0_18_patch1/src/Run3ScoutingAnalysisTools/crab_ScoutingData_Updated_0mod15_v1/inputs/PSet.py
DEBUG 2025-10-13 04:48:43.411 UTC: 	 The following EDM output files will be collected: []
DEBUG 2025-10-13 04:48:43.412 UTC: 	 The following TFile output files will be collected: ['ScoutingTree_Output_PV.root']
DEBUG 2025-10-13 04:48:43.412 UTC: 	 The following user output files (not listed as PoolOuputModule or TFileService in the CMSSW PSet) will be collected: 
DEBUG 2025-10-13 04:48:43.412 UTC: 	 Loading required information from the environment
DEBUG 2025-10-13 04:48:43.412 UTC: 	 Found CMSSW_14_0_18_patch1 for el9_amd64_gcc12 with base /afs/cern.ch/user/a/amalhotr/CMSSW_14_0_18_patch1
DEBUG 2025-10-13 04:48:43.412 UTC: 	 Making tarball in /afs/cern.ch/user/a/amalhotr/CMSSW_14_0_18_patch1/src/Run3ScoutingAnalysisTools/crab_ScoutingData_Updated_0mod15_v1/inputs/afe6b771-332c-4ed3-ade5-ad28f605e920default.tgz
DEBUG 2025-10-13 04:48:43.412 UTC: 	 Checking directory /afs/cern.ch/user/a/amalhotr/CMSSW_14_0_18_patch1/bin
DEBUG 2025-10-13 04:48:43.413 UTC: 	 Adding directory /afs/cern.ch/user/a/amalhotr/CMSSW_14_0_18_patch1/bin to tarball
DEBUG 2025-10-13 04:48:43.429 UTC: 	 Checking directory /afs/cern.ch/user/a/amalhotr/CMSSW_14_0_18_patch1/python
DEBUG 2025-10-13 04:48:43.430 UTC: 	 Adding directory /afs/cern.ch/user/a/amalhotr/CMSSW_14_0_18_patch1/python to tarball
DEBUG 2025-10-13 04:48:44.595 UTC: 	 Checking directory /afs/cern.ch/user/a/amalhotr/CMSSW_14_0_18_patch1/cfipython
DEBUG 2025-10-13 04:48:44.595 UTC: 	 Adding directory /afs/cern.ch/user/a/amalhotr/CMSSW_14_0_18_patch1/cfipython to tarball
DEBUG 2025-10-13 04:48:44.638 UTC: 	 Checking directory /afs/cern.ch/user/a/amalhotr/CMSSW_14_0_18_patch1/lib
DEBUG 2025-10-13 04:48:44.638 UTC: 	 Adding directory /afs/cern.ch/user/a/amalhotr/CMSSW_14_0_18_patch1/lib to tarball
DEBUG 2025-10-13 04:48:44.813 UTC: 	 Checking directory /afs/cern.ch/user/a/amalhotr/CMSSW_14_0_18_patch1/biglib
DEBUG 2025-10-13 04:48:44.814 UTC: 	 Adding directory /afs/cern.ch/user/a/amalhotr/CMSSW_14_0_18_patch1/biglib to tarball
DEBUG 2025-10-13 04:48:44.816 UTC: 	 Checking directory /afs/cern.ch/user/a/amalhotr/CMSSW_14_0_18_patch1/module
DEBUG 2025-10-13 04:48:44.817 UTC: 	 Checking directory /afs/cern.ch/user/a/amalhotr/CMSSW_14_0_18_patch1/config/SCRAM/hooks
DEBUG 2025-10-13 04:48:44.818 UTC: 	 Adding directory /afs/cern.ch/user/a/amalhotr/CMSSW_14_0_18_patch1/config/SCRAM/hooks to tarball
DEBUG 2025-10-13 04:48:45.490 UTC: 	 Adding directory /afs/cern.ch/user/a/amalhotr/CMSSW_14_0_18_patch1/src/Run3ScoutingAnalysisTools/DataFormats/Scouting/interface to tarball
DEBUG 2025-10-13 04:48:45.617 UTC: 	 Adding directory /afs/cern.ch/user/a/amalhotr/CMSSW_14_0_18_patch1/src/Run3ScoutingAnalysisTools/ScoutingTreeMakerRun3/python to tarball
DEBUG 2025-10-13 04:48:45.643 UTC: 	 Adding directory /afs/cern.ch/user/a/amalhotr/CMSSW_14_0_18_patch1/src/DataFormats/Scouting/interface to tarball
DEBUG 2025-10-13 04:48:45.755 UTC: 	 Adding directory /afs/cern.ch/user/a/amalhotr/CMSSW_14_0_18_patch1/src/Configuration/GenProduction/python to tarball
DEBUG 2025-10-13 04:48:45.834 UTC: 	 Uploading archive /afs/cern.ch/user/a/amalhotr/CMSSW_14_0_18_patch1/src/Run3ScoutingAnalysisTools/crab_ScoutingData_Updated_0mod15_v1/inputs/afe6b771-332c-4ed3-ade5-ad28f605e920default.tgz (480 KB) to the CRAB cache. Using URI https://s3.cern.ch/crabcache
DEBUG 2025-10-13 04:48:46.060 UTC: 	 Encoded data for curl request: subresource=upload&objecttype=sandbox&tarballname=c4b1a094eaf29a5c34be96b9cc035397e71c53d810dc35186365c4133ed00b5c.tar.gz
DEBUG 2025-10-13 04:48:46.106 UTC: 	 Will execute:
curl -f -v -X POST  -H "User-Agent: CRAB" -F "key=amalhotr/sandboxes/c4b1a094eaf29a5c34be96b9cc035397e71c53d810dc35186365c4133ed00b5c.tar.gz" -F "AWSAccessKeyId=715203df6482458ba839e73e6dab634b" -F "policy=eyJleHBpcmF0aW9uIjogIjIwMjUtMTAtMTNUMDU6NDg6NDZaIiwgImNvbmRpdGlvbnMiOiBbeyJidWNrZXQiOiAiY3JhYmNhY2hlX3Byb2QifSwgeyJrZXkiOiAiYW1hbGhvdHIvc2FuZGJveGVzL2M0YjFhMDk0ZWFmMjlhNWMzNGJlOTZiOWNjMDM1Mzk3ZTcxYzUzZDgxMGRjMzUxODYzNjVjNDEzM2VkMDBiNWMudGFyLmd6In1dfQ==" -F "signature=v7PgWV01Qata0iCDixFgkKHbjhU=" -F "file=@/afs/cern.ch/user/a/amalhotr/CMSSW_14_0_18_patch1/src/Run3ScoutingAnalysisTools/crab_ScoutingData_Updated_0mod15_v1/inputs/afe6b771-332c-4ed3-ade5-ad28f605e920default.tgz" "https://s3.cern.ch/crabcache_prod"
DEBUG 2025-10-13 04:48:46.161 UTC: 	 exitcode: 0
stdout: b''
DEBUG 2025-10-13 04:48:46.161 UTC: 	 upload to S3 of sandbox /afs/cern.ch/user/a/amalhotr/CMSSW_14_0_18_patch1/src/Run3ScoutingAnalysisTools/crab_ScoutingData_Updated_0mod15_v1/inputs/afe6b771-332c-4ed3-ade5-ad28f605e920default.tgz completed
DEBUG 2025-10-13 04:48:46.161 UTC: 	 make sure that object is ready for retrieve
DEBUG 2025-10-13 04:48:47.163 UTC: 	 Encoded data for curl request: subresource=download&objecttype=sandbox&tarballname=c4b1a094eaf29a5c34be96b9cc035397e71c53d810dc35186365c4133ed00b5c.tar.gz&clientmethod=head_object
DEBUG 2025-10-13 04:48:47.206 UTC: 	 PreSignedUrl to download sandbox received OK
DEBUG 2025-10-13 04:48:47.209 UTC: 	 Will execute:
 curl -v -s -f -o /dev/null --head  "https://s3.cern.ch/crabcache_prod/amalhotr/sandboxes/c4b1a094eaf29a5c34be96b9cc035397e71c53d810dc35186365c4133ed00b5c.tar.gz?AWSAccessKeyId=715203df6482458ba839e73e6dab634b&Signature=FJ1oaVC59kzCibRRrVrwPE8T8ic%3D&Expires=1760334527"
DEBUG 2025-10-13 04:48:47.238 UTC: 	 exitcode: 0
stdout: b''
DEBUG 2025-10-13 04:48:47.238 UTC: 	 sandbox /afs/cern.ch/user/a/amalhotr/CMSSW_14_0_18_patch1/src/Run3ScoutingAnalysisTools/crab_ScoutingData_Updated_0mod15_v1/inputs/afe6b771-332c-4ed3-ade5-ad28f605e920default.tgz successfully uploaded to S3
DEBUG 2025-10-13 04:48:47.238 UTC: 	 Loading required information from the environment
DEBUG 2025-10-13 04:48:47.238 UTC: 	 Found CMSSW_14_0_18_patch1 for el9_amd64_gcc12 with base /afs/cern.ch/user/a/amalhotr/CMSSW_14_0_18_patch1
DEBUG 2025-10-13 04:48:47.238 UTC: 	 Making tarball in /afs/cern.ch/user/a/amalhotr/CMSSW_14_0_18_patch1/src/Run3ScoutingAnalysisTools/crab_ScoutingData_Updated_0mod15_v1/inputs/debugFiles.tgz
DEBUG 2025-10-13 04:48:47.245 UTC: 	 Uploading archive /afs/cern.ch/user/a/amalhotr/CMSSW_14_0_18_patch1/src/Run3ScoutingAnalysisTools/crab_ScoutingData_Updated_0mod15_v1/inputs/debugFiles.tgz (3 KB) to the CRAB cache. Using URI https://s3.cern.ch/crabcache
DEBUG 2025-10-13 04:48:47.247 UTC: 	 Encoded data for curl request: subresource=upload&objecttype=sandbox&tarballname=26b7efef42fb7c6e4652c896d9b4fc6bc1a643e24d2e7fd18acf208cf9b90bcc.tar.gz
DEBUG 2025-10-13 04:48:47.305 UTC: 	 Will execute:
curl -f -v -X POST  -H "User-Agent: CRAB" -F "key=amalhotr/sandboxes/26b7efef42fb7c6e4652c896d9b4fc6bc1a643e24d2e7fd18acf208cf9b90bcc.tar.gz" -F "AWSAccessKeyId=715203df6482458ba839e73e6dab634b" -F "policy=eyJleHBpcmF0aW9uIjogIjIwMjUtMTAtMTNUMDU6NDg6NDdaIiwgImNvbmRpdGlvbnMiOiBbeyJidWNrZXQiOiAiY3JhYmNhY2hlX3Byb2QifSwgeyJrZXkiOiAiYW1hbGhvdHIvc2FuZGJveGVzLzI2YjdlZmVmNDJmYjdjNmU0NjUyYzg5NmQ5YjRmYzZiYzFhNjQzZTI0ZDJlN2ZkMThhY2YyMDhjZjliOTBiY2MudGFyLmd6In1dfQ==" -F "signature=cEBjNl05YVV7iUkBYnD1A6wrTWs=" -F "file=@/afs/cern.ch/user/a/amalhotr/CMSSW_14_0_18_patch1/src/Run3ScoutingAnalysisTools/crab_ScoutingData_Updated_0mod15_v1/inputs/debugFiles.tgz" "https://s3.cern.ch/crabcache_prod"
DEBUG 2025-10-13 04:48:47.491 UTC: 	 exitcode: 0
stdout: b''
DEBUG 2025-10-13 04:48:47.491 UTC: 	 upload to S3 of sandbox /afs/cern.ch/user/a/amalhotr/CMSSW_14_0_18_patch1/src/Run3ScoutingAnalysisTools/crab_ScoutingData_Updated_0mod15_v1/inputs/debugFiles.tgz completed
DEBUG 2025-10-13 04:48:47.491 UTC: 	 make sure that object is ready for retrieve
DEBUG 2025-10-13 04:48:48.493 UTC: 	 Encoded data for curl request: subresource=download&objecttype=sandbox&tarballname=26b7efef42fb7c6e4652c896d9b4fc6bc1a643e24d2e7fd18acf208cf9b90bcc.tar.gz&clientmethod=head_object
DEBUG 2025-10-13 04:48:48.553 UTC: 	 PreSignedUrl to download sandbox received OK
DEBUG 2025-10-13 04:48:48.556 UTC: 	 Will execute:
 curl -v -s -f -o /dev/null --head  "https://s3.cern.ch/crabcache_prod/amalhotr/sandboxes/26b7efef42fb7c6e4652c896d9b4fc6bc1a643e24d2e7fd18acf208cf9b90bcc.tar.gz?AWSAccessKeyId=715203df6482458ba839e73e6dab634b&Signature=YVPtG7uDCBUF4%2BYb16G42yqVPJ4%3D&Expires=1760334528"
DEBUG 2025-10-13 04:48:48.597 UTC: 	 exitcode: 0
stdout: b''
DEBUG 2025-10-13 04:48:48.597 UTC: 	 sandbox /afs/cern.ch/user/a/amalhotr/CMSSW_14_0_18_patch1/src/Run3ScoutingAnalysisTools/crab_ScoutingData_Updated_0mod15_v1/inputs/debugFiles.tgz successfully uploaded to S3
DEBUG 2025-10-13 04:48:48.597 UTC: 	 Result uploading input files: c4b1a094eaf29a5c34be96b9cc035397e71c53d810dc35186365c4133ed00b5c.tar.gz 
DEBUG 2025-10-13 04:48:48.597 UTC: 	 submit() - self.configuration from WMCore.Configuration import Configuration
config = Configuration()
config.section_('General')
config.General.transferOutputs = True
config.General.requestName = 'ScoutingData_Updated_0mod15_v1'
config.General.transferLogs = True
config.section_('JobType')
config.JobType.outputFiles = ['ScoutingTree_Output_PV.root']
config.JobType.maxJobRuntimeMin = 2750
config.JobType.pluginName = 'Analysis'
config.JobType.maxMemoryMB = 3000
config.JobType.psetName = 'UnifiedScoutingVertexingTreeMaker.py'
config.section_('Data')
config.Data.inputDBS = 'global'
config.Data.unitsPerJob = 2
config.Data.allowNonValidInputDataset = True
config.Data.outputDatasetTag = 'ScoutingData_Updated_0mod15_v1'
config.Data.inputDataset = '/ScoutingPFRun3/Run2024H-v1/HLTSCOUT'
config.Data.splitting = 'FileBased'
config.Data.publication = False
config.section_('Site')
config.Site.storageSite = 'T3_CH_CERNBOX'
config.section_('User')
config.section_('Debug')

DEBUG 2025-10-13 04:48:48.597 UTC: 	 submit() - self.configreq {'dryrun': 0, 'workflow': 'crab_ScoutingData_Updated_0mod15_v1', 'saveoutput': 1, 'savelogsflag': 1, 'inputdata': '/ScoutingPFRun3/Run2024H-v1/HLTSCOUT', 'nonvaliddata': 1, 'userfiles': [], 'dbsurl': 'https://cmsweb.cern.ch/dbs/prod/global/DBSReader', 'useparent': 0, 'ignorelocality': 0, 'splitalgo': 'FileBased', 'algoargs': 2, 'totalunits': 0, 'publication': 0, 'publishdbsurl': 'https://cmsweb.cern.ch/dbs/prod/phys03/DBSWriter', 'publishname2': 'ScoutingData_Updated_0mod15_v1', 'jobtype': 'Analysis', 'generator': 'pythia', 'addoutputfiles': ['ScoutingTree_Output_PV.root'], 'maxjobruntime': 2750, 'numcores': 1, 'maxmemory': 3000, 'priority': 10, 'nonprodsw': 0, 'asyncdest': 'T3_CH_CERNBOX', 'requireaccelerator': 0, 'oneEventMode': 0, 'extrajdl': [], 'ignoreglobalblacklist': 0, 'partialdataset': 0, 'inputblocks': []}
DEBUG 2025-10-13 04:48:48.597 UTC: 	 submit() - jobconfig {'addoutputfiles': [], 'tfileoutfiles': ['ScoutingTree_Output_PV.root'], 'edmoutfiles': [], 'jobarch': 'el9_amd64_gcc12', 'jobminuarch': 'any', 'jobsw': 'CMSSW_14_0_18_patch1', 'inputdata': '/ScoutingPFRun3/Run2024H-v1/HLTSCOUT', 'cacheurl': 'https://s3.cern.ch/crabcache', 'cachefilename': 'c4b1a094eaf29a5c34be96b9cc035397e71c53d810dc35186365c4133ed00b5c.tar.gz', 'debugfilename': '26b7efef42fb7c6e4652c896d9b4fc6bc1a643e24d2e7fd18acf208cf9b90bcc.tar.gz', 'jobtype': 'Analysis'}
INFO 2025-10-13 04:48:48.598 UTC: 	 Sending the request to the server at cmsweb.cern.ch
DEBUG 2025-10-13 04:48:48.598 UTC: 	 Submitting {'dryrun': 0, 'workflow': 'crab_ScoutingData_Updated_0mod15_v1', 'saveoutput': 1, 'savelogsflag': 1, 'inputdata': '/ScoutingPFRun3/Run2024H-v1/HLTSCOUT', 'nonvaliddata': 1, 'userfiles': [], 'dbsurl': 'https://cmsweb.cern.ch/dbs/prod/global/DBSReader', 'useparent': 0, 'ignorelocality': 0, 'splitalgo': 'FileBased', 'algoargs': 2, 'totalunits': 0, 'publication': 0, 'publishdbsurl': 'https://cmsweb.cern.ch/dbs/prod/phys03/DBSWriter', 'publishname2': 'ScoutingData_Updated_0mod15_v1', 'jobtype': 'Analysis', 'generator': 'pythia', 'addoutputfiles': [], 'maxjobruntime': 2750, 'numcores': 1, 'maxmemory': 3000, 'priority': 10, 'nonprodsw': 0, 'asyncdest': 'T3_CH_CERNBOX', 'requireaccelerator': 0, 'oneEventMode': 0, 'extrajdl': [], 'ignoreglobalblacklist': 0, 'partialdataset': 0, 'inputblocks': [], 'tfileoutfiles': ['ScoutingTree_Output_PV.root'], 'edmoutfiles': [], 'jobarch': 'el9_amd64_gcc12', 'jobminuarch': 'any', 'jobsw': 'CMSSW_14_0_18_patch1', 'cacheurl': 'https://s3.cern.ch/crabcache', 'cachefilename': 'c4b1a094eaf29a5c34be96b9cc035397e71c53d810dc35186365c4133ed00b5c.tar.gz', 'debugfilename': '26b7efef42fb7c6e4652c896d9b4fc6bc1a643e24d2e7fd18acf208cf9b90bcc.tar.gz'} 
DEBUG 2025-10-13 04:48:48.598 UTC: 	 Encoded data for curl request: dryrun=0&workflow=crab_ScoutingData_Updated_0mod15_v1&saveoutput=1&savelogsflag=1&inputdata=%2FScoutingPFRun3%2FRun2024H-v1%2FHLTSCOUT&nonvaliddata=1&dbsurl=https%3A%2F%2Fcmsweb.cern.ch%2Fdbs%2Fprod%2Fglobal%2FDBSReader&useparent=0&ignorelocality=0&splitalgo=FileBased&algoargs=2&totalunits=0&publication=0&publishdbsurl=https%3A%2F%2Fcmsweb.cern.ch%2Fdbs%2Fprod%2Fphys03%2FDBSWriter&publishname2=ScoutingData_Updated_0mod15_v1&jobtype=Analysis&generator=pythia&maxjobruntime=2750&numcores=1&maxmemory=3000&priority=10&nonprodsw=0&asyncdest=T3_CH_CERNBOX&requireaccelerator=0&oneEventMode=0&ignoreglobalblacklist=0&partialdataset=0&jobarch=el9_amd64_gcc12&jobminuarch=any&jobsw=CMSSW_14_0_18_patch1&cacheurl=https%3A%2F%2Fs3.cern.ch%2Fcrabcache&cachefilename=c4b1a094eaf29a5c34be96b9cc035397e71c53d810dc35186365c4133ed00b5c.tar.gz&debugfilename=26b7efef42fb7c6e4652c896d9b4fc6bc1a643e24d2e7fd18acf208cf9b90bcc.tar.gz&tfileoutfiles=ScoutingTree_Output_PV.root
DEBUG 2025-10-13 04:48:48.773 UTC: 	 Result: {'result': [{'RequestName': '251013_044848:amalhotr_crab_ScoutingData_Updated_0mod15_v1'}]}
INFO 2025-10-13 04:48:48.776 UTC: 	 Success: Your task has been delivered to the prod CRAB3 server.
INFO 2025-10-13 04:48:48.776 UTC: 	 Task name: 251013_044848:amalhotr_crab_ScoutingData_Updated_0mod15_v1
INFO 2025-10-13 04:48:48.776 UTC: 	 Project dir: ./crab_ScoutingData_Updated_0mod15_v1
INFO 2025-10-13 04:48:48.776 UTC: 	 Please use ' crab status -d ./crab_ScoutingData_Updated_0mod15_v1 ' to check how the submission process proceeds.
DEBUG 2025-10-13 04:48:48.776 UTC: 	 About to return
INFO 2025-10-13 04:48:48.780 UTC: 	 Log file is /afs/cern.ch/user/a/amalhotr/CMSSW_14_0_18_patch1/src/Run3ScoutingAnalysisTools/crab_ScoutingData_Updated_0mod15_v1/crab.log
