DEBUG 2025-04-27 05:28:27.956 UTC: 	 CRAB Client version: v3.250409
DEBUG 2025-04-27 05:28:27.956 UTC: 	 Running on: Linux lxplus919.cern.ch 5.14.0-503.35.1.el9_5.x86_64 #1 SMP PREEMPT_DYNAMIC Mon Mar 24 11:15:27 EDT 2025 x86_64 x86_64 x86_64 GNU/Linux
DEBUG 2025-04-27 05:28:27.956 UTC: 	 Not using Singularity
DEBUG 2025-04-27 05:28:27.956 UTC: 	 Operating System: Red Hat Enterprise Linux 9.5 (Plow)
DEBUG 2025-04-27 05:28:27.956 UTC: 	 Executing command: 'submit'
DEBUG 2025-04-27 05:28:27.956 UTC: 	 Found CRAB cache file /afs/cern.ch/user/a/amalhotr/.crab3
INFO 2025-04-27 05:28:27.957 UTC: 	 Will use CRAB configuration file crabConfig_lines_1_to_2.py
DEBUG 2025-04-27 05:28:27.958 UTC: 	 Loading CRAB configuration file.
DEBUG 2025-04-27 05:28:27.961 UTC: 	 Will use CRAB plugin ANALYSIS (i.e. will run an analysis job type).
DEBUG 2025-04-27 05:28:27.980 UTC: 	 Checking credentials
DEBUG 2025-04-27 05:28:27.980 UTC: 	 Found proxy file /tmp/x509up_u180451
DEBUG 2025-04-27 05:28:27.980 UTC: 	 Making sure it has proper VOMS extension
DEBUG 2025-04-27 05:28:27.980 UTC: 	 Executing command :
 voms-proxy-info --vo --file /tmp/x509up_u180451
DEBUG 2025-04-27 05:28:28.328 UTC: 	 output : cms

 error: 
 retcode : 0
DEBUG 2025-04-27 05:28:28.328 UTC: 	 Getting proxy life time left
DEBUG 2025-04-27 05:28:28.328 UTC: 	 Executing command :
 voms-proxy-info --actimeleft --timeleft --file /tmp/x509up_u180451
DEBUG 2025-04-27 05:28:28.662 UTC: 	 output : 687560
687560

 error: 
 retcode : 0
DEBUG 2025-04-27 05:28:28.662 UTC: 	 Proxy valid for 190:59:20 hours
DEBUG 2025-04-27 05:28:28.663 UTC: 	 Encoded data for curl request: subresource=delegatedn
DEBUG 2025-04-27 05:28:28.717 UTC: 	 Registering user credentials on myproxy for /DC=ch/DC=cern/OU=computers/CN=crab-(preprod|prod)-tw(01|02).cern.ch|/DC=ch/DC=cern/OU=computers/CN=crab-dev-tw(01|02|03|04).cern.ch|/DC=ch/DC=cern/OU=Organic Units/OU=Users/CN=cmscrab/CN=(817881|373708)/CN=Robot: cms crab|/DC=ch/DC=cern/OU=Organic Units/OU=Users/CN=crabint1/CN=373708/CN=Robot: CMS CRAB Integration 1
DEBUG 2025-04-27 05:28:28.718 UTC: 	 Executing command :
 voms-proxy-info --identity --file /tmp/x509up_u180451
DEBUG 2025-04-27 05:28:29.074 UTC: 	 output : /DC=ch/DC=cern/OU=Organic Units/OU=Users/CN=amalhotr/CN=884837/CN=Aryan Malhotra

 error: 
 retcode : 0
DEBUG 2025-04-27 05:28:29.074 UTC: 	 Getting myproxy life time left for 2382a3cf28fdeacb1de9b039908761ea517a5ed6
DEBUG 2025-04-27 05:28:29.074 UTC: 	 Executing command :
 myproxy-info -s myproxy.cern.ch -l 2382a3cf28fdeacb1de9b039908761ea517a5ed6
DEBUG 2025-04-27 05:28:29.362 UTC: 	 output : username: 2382a3cf28fdeacb1de9b039908761ea517a5ed6
owner: /DC=ch/DC=cern/OU=Organic Units/OU=Users/CN=amalhotr/CN=884837/CN=Aryan Malhotra
  renewal policy: /DC=ch/DC=cern/OU=computers/CN=crab-(preprod|prod)-tw(01|02).cern.ch|/DC=ch/DC=cern/OU=computers/CN=crab-dev-tw(01|02|03|04).cern.ch|/DC=ch/DC=cern/OU=Organic Units/OU=Users/CN=cmscrab/CN=(817881|373708)/CN=Robot: cms crab|/DC=ch/DC=cern/OU=Organic Units/OU=Users/CN=crabint1/CN=373708/CN=Robot: CMS CRAB Integration 1
  trusted retrieval policy: /DC=ch/DC=cern/OU=computers/CN=crab-(preprod|prod)-tw(01|02).cern.ch|/DC=ch/DC=cern/OU=computers/CN=crab-dev-tw(01|02|03|04).cern.ch|/DC=ch/DC=cern/OU=Organic Units/OU=Users/CN=cmscrab/CN=(817881|373708)/CN=Robot: cms crab|/DC=ch/DC=cern/OU=Organic Units/OU=Users/CN=crabint1/CN=373708/CN=Robot: CMS CRAB Integration 1
  timeleft: 456:24:06  (19.0 days)

 error: 
 retcode : 0
DEBUG 2025-04-27 05:28:29.363 UTC: 	 Myproxy is valid: 1643040
DEBUG 2025-04-27 05:28:29.363 UTC: 	 Result of myproxy credential check:
  Credential exists on myproxy: username: 2382a3cf28fdeacb1de9b039908761ea517a5ed6  - validity: 19 days, 0:24:00
DEBUG 2025-04-27 05:28:29.363 UTC: 	 Command use: submit
DEBUG 2025-04-27 05:28:29.363 UTC: 	 Options use: ['-c', 'crabConfig_lines_1_to_2.py']
DEBUG 2025-04-27 05:28:29.363 UTC: 	 Encoded data for curl request: subresource=version
DEBUG 2025-04-27 05:28:29.401 UTC: 	 CRABClient version: v3.250409
DEBUG 2025-04-27 05:28:29.401 UTC: 	 Instance is prod
DEBUG 2025-04-27 05:28:29.401 UTC: 	 Server base url is cmsweb.cern.ch
DEBUG 2025-04-27 05:28:29.401 UTC: 	 Command api workflow
DEBUG 2025-04-27 05:28:29.401 UTC: 	 Started submission
DEBUG 2025-04-27 05:28:29.401 UTC: 	 Working on /afs/cern.ch/user/a/amalhotr/CMSSW_14_0_18_patch1/src/Run3ScoutingAnalysisTools/crab_projects/crab_DYto2Mu4Jets_ScoutingTree_2025_lines_1_to_2
DEBUG 2025-04-27 05:28:29.402 UTC: 	 Encoded data for curl request: subresource=backendurls
ERROR 2025-04-27 05:28:29.471 UTC: 	 Invalid CRAB configuration: Parameter Data.outputPrimaryDataset not specified.
Analysis job type without input dataset requires this parameter for publication.
The documentation about the CRAB configuration file can be found in https://twiki.cern.ch/twiki/bin/view/CMSPublic/CRAB3ConfigurationFile
ERROR 2025-04-27 05:28:29.471 UTC: 	 Caught ClientException exception
Traceback (most recent call last):
  File "/cvmfs/cms.cern.ch/share/cms/crab-prod/v3.250409.00/bin/crab.py", line 157, in <module>
    client()
  File "/cvmfs/cms.cern.ch/share/cms/crab-prod/v3.250409.00/bin/crab.py", line 142, in __call__
    returnDict = self.cmd()
  File "/cvmfs/cms.cern.ch/share/cms/crab-prod/v3.250409.00/lib/CRABClient/Commands/submit.py", line 107, in __call__
    plugjobtype = crab_job_types[self.configreq['jobtype'].upper()](*pluginParams)
  File "/cvmfs/cms.cern.ch/share/cms/crab-prod/v3.250409.00/lib/CRABClient/JobType/BasicJobType.py", line 40, in __init__
    raise ConfigurationException(msg)
CRABClient.ClientExceptions.ConfigurationException: Invalid CRAB configuration: Parameter Data.outputPrimaryDataset not specified.
Analysis job type without input dataset requires this parameter for publication.
The documentation about the CRAB configuration file can be found in https://twiki.cern.ch/twiki/bin/view/CMSPublic/CRAB3ConfigurationFile
