DEBUG 2025-10-09 05:25:15.057 UTC: 	 CRAB Client version: v3.250820
DEBUG 2025-10-09 05:25:15.057 UTC: 	 Running on: Linux lxplus9107.cern.ch 5.14.0-570.46.1.el9_6.x86_64 #1 SMP PREEMPT_DYNAMIC Tue Sep 16 03:28:23 EDT 2025 x86_64 x86_64 x86_64 GNU/Linux
DEBUG 2025-10-09 05:25:15.057 UTC: 	 Not using Singularity
DEBUG 2025-10-09 05:25:15.057 UTC: 	 Operating System: Red Hat Enterprise Linux 9.6 (Plow)
DEBUG 2025-10-09 05:25:15.057 UTC: 	 Executing command: 'submit'
DEBUG 2025-10-09 05:25:15.057 UTC: 	 Found CRAB cache file /afs/cern.ch/user/a/amalhotr/.crab3
INFO 2025-10-09 05:25:15.058 UTC: 	 Will use CRAB configuration file chainedCrabConfig.py
DEBUG 2025-10-09 05:25:15.058 UTC: 	 Loading CRAB configuration file.
DEBUG 2025-10-09 05:25:15.095 UTC: 	 Will use CRAB plugin ANALYSIS (i.e. will run an analysis job type).
DEBUG 2025-10-09 05:25:15.119 UTC: 	 Checking credentials
DEBUG 2025-10-09 05:25:15.119 UTC: 	 Found proxy file /tmp/x509up_u180451
DEBUG 2025-10-09 05:25:15.119 UTC: 	 Making sure it has proper VOMS extension
DEBUG 2025-10-09 05:25:15.119 UTC: 	 Executing command :
 voms-proxy-info --vo --file /tmp/x509up_u180451
DEBUG 2025-10-09 05:25:15.139 UTC: 	 output : cms

 error: 
 retcode : 0
DEBUG 2025-10-09 05:25:15.139 UTC: 	 Getting proxy life time left
DEBUG 2025-10-09 05:25:15.139 UTC: 	 Executing command :
 voms-proxy-info --actimeleft --timeleft --file /tmp/x509up_u180451
DEBUG 2025-10-09 05:25:15.157 UTC: 	 output : 690830
690830

 error: 
 retcode : 0
DEBUG 2025-10-09 05:25:15.157 UTC: 	 Proxy valid for 191:53:50 hours
DEBUG 2025-10-09 05:25:15.158 UTC: 	 Encoded data for curl request: subresource=delegatedn
DEBUG 2025-10-09 05:25:15.192 UTC: 	 Registering user credentials on myproxy for /DC=ch/DC=cern/OU=computers/CN=crab-(preprod|prod)-tw(01|02).cern.ch|/DC=ch/DC=cern/OU=computers/CN=crab-dev-tw(01|02|03|04).cern.ch|/DC=ch/DC=cern/OU=Organic Units/OU=Users/CN=cmscrab/CN=(817881|373708)/CN=Robot: cms crab|/DC=ch/DC=cern/OU=Organic Units/OU=Users/CN=crabint1/CN=373708/CN=Robot: CMS CRAB Integration 1
DEBUG 2025-10-09 05:25:15.192 UTC: 	 Executing command :
 voms-proxy-info --identity --file /tmp/x509up_u180451
DEBUG 2025-10-09 05:25:15.210 UTC: 	 output : /DC=ch/DC=cern/OU=Organic Units/OU=Users/CN=amalhotr/CN=884837/CN=Aryan Malhotra

 error: 
 retcode : 0
DEBUG 2025-10-09 05:25:15.211 UTC: 	 Getting myproxy life time left for 2382a3cf28fdeacb1de9b039908761ea517a5ed6
DEBUG 2025-10-09 05:25:15.211 UTC: 	 Executing command :
 myproxy-info -s myproxy.cern.ch -l 2382a3cf28fdeacb1de9b039908761ea517a5ed6
DEBUG 2025-10-09 05:25:15.477 UTC: 	 output : username: 2382a3cf28fdeacb1de9b039908761ea517a5ed6
owner: /DC=ch/DC=cern/OU=Organic Units/OU=Users/CN=amalhotr/CN=884837/CN=Aryan Malhotra
  renewal policy: /DC=ch/DC=cern/OU=computers/CN=crab-(preprod|prod)-tw(01|02).cern.ch|/DC=ch/DC=cern/OU=computers/CN=crab-dev-tw(01|02|03|04).cern.ch|/DC=ch/DC=cern/OU=Organic Units/OU=Users/CN=cmscrab/CN=(817881|373708)/CN=Robot: cms crab|/DC=ch/DC=cern/OU=Organic Units/OU=Users/CN=crabint1/CN=373708/CN=Robot: CMS CRAB Integration 1
  trusted retrieval policy: /DC=ch/DC=cern/OU=computers/CN=crab-(preprod|prod)-tw(01|02).cern.ch|/DC=ch/DC=cern/OU=computers/CN=crab-dev-tw(01|02|03|04).cern.ch|/DC=ch/DC=cern/OU=Organic Units/OU=Users/CN=cmscrab/CN=(817881|373708)/CN=Robot: cms crab|/DC=ch/DC=cern/OU=Organic Units/OU=Users/CN=crabint1/CN=373708/CN=Robot: CMS CRAB Integration 1
  timeleft: 383:43:33  (16.0 days)

 error: 
 retcode : 0
DEBUG 2025-10-09 05:25:15.477 UTC: 	 Myproxy is valid: 1381380
DEBUG 2025-10-09 05:25:15.477 UTC: 	 Result of myproxy credential check:
  Credential exists on myproxy: username: 2382a3cf28fdeacb1de9b039908761ea517a5ed6  - validity: 15 days, 23:43:00
DEBUG 2025-10-09 05:25:15.477 UTC: 	 Command use: submit
DEBUG 2025-10-09 05:25:15.477 UTC: 	 Options use: ['-c', 'chainedCrabConfig.py']
DEBUG 2025-10-09 05:25:15.477 UTC: 	 Encoded data for curl request: subresource=version
DEBUG 2025-10-09 05:25:15.520 UTC: 	 CRABClient version: v3.250820
DEBUG 2025-10-09 05:25:15.520 UTC: 	 Instance is prod
DEBUG 2025-10-09 05:25:15.520 UTC: 	 Server base url is cmsweb.cern.ch
DEBUG 2025-10-09 05:25:15.520 UTC: 	 Command api workflow
DEBUG 2025-10-09 05:25:15.520 UTC: 	 Started submission
DEBUG 2025-10-09 05:25:15.520 UTC: 	 Working on /afs/cern.ch/user/a/amalhotr/CMSSW_14_0_18_patch1/src/Run3ScoutingAnalysisTools/crab_MC_DYto2Mu_FullPV_1mod1_v1
DEBUG 2025-10-09 05:25:15.520 UTC: 	 Encoded data for curl request: subresource=backendurls
DEBUG 2025-10-09 05:25:15.583 UTC: 	 Loading required information from the environment
DEBUG 2025-10-09 05:25:15.583 UTC: 	 Found CMSSW_14_0_18_patch1 for el9_amd64_gcc12 with base /afs/cern.ch/user/a/amalhotr/CMSSW_14_0_18_patch1
DEBUG 2025-10-09 05:25:15.583 UTC: 	 Loading required information from the environment
DEBUG 2025-10-09 05:25:15.583 UTC: 	 Found CMSSW_14_0_18_patch1 for el9_amd64_gcc12 with base /afs/cern.ch/user/a/amalhotr/CMSSW_14_0_18_patch1
DEBUG 2025-10-09 05:25:15.583 UTC: 	 UNIQUE NAME: tarUUID e1a3d0d6-c2d1-441b-8601-f424d2726d82 
DEBUG 2025-10-09 05:25:15.583 UTC: 	 self.config: from WMCore.Configuration import Configuration
config = Configuration()
config.section_('General')
config.General.requestName = 'MC_DYto2Mu_FullPV_1mod1_v1'
config.General.transferOutputs = True
config.General.transferLogs = True
config.section_('JobType')
config.JobType.psetName = 'UnifiedScoutingVertexingTreeMaker.py'
config.JobType.maxMemoryMB = 3000
config.JobType.outputFiles = ['DY2M_ScoutingTree_Output_PV.root']
config.JobType.maxJobRuntimeMin = 2750
config.JobType.pluginName = 'Analysis'
config.section_('Data')
config.Data.publication = False
config.Data.inputDBS = 'global'
config.Data.outputDatasetTag = 'MC_DYto2Mu_FullPV_1mod1_v1'
config.Data.inputDataset = '/DYto2Mu-4Jets_Bin-MLL-50_TuneCP5_13p6TeV_madgraphMLM-pythia8/RunIII2024Summer24MiniAOD-140X_mcRun3_2024_realistic_v26-v3/MINIAODSIM'
config.Data.splitting = 'FileBased'
config.Data.unitsPerJob = 10
config.Data.totalUnits = 1000
config.Data.allowNonValidInputDataset = True
config.section_('Site')
config.Site.storageSite = 'T3_CH_CERNBOX'
config.section_('User')
config.section_('Debug')

DEBUG 2025-10-09 05:25:15.583 UTC: 	 self.config.JobType.psetName: UnifiedScoutingVertexingTreeMaker.py
INFO 2025-10-09 05:25:15.583 UTC: 	 Importing CMSSW configuration UnifiedScoutingVertexingTreeMaker.py
INFO 2025-10-09 05:25:16.061 UTC: 	 Finished importing CMSSW configuration UnifiedScoutingVertexingTreeMaker.py
DEBUG 2025-10-09 05:25:16.061 UTC: 	 Writing CMSSW configuration to /afs/cern.ch/user/a/amalhotr/CMSSW_14_0_18_patch1/src/Run3ScoutingAnalysisTools/crab_MC_DYto2Mu_FullPV_1mod1_v1/inputs/PSet.py
DEBUG 2025-10-09 05:25:16.078 UTC: 	 The following EDM output files will be collected: []
DEBUG 2025-10-09 05:25:16.078 UTC: 	 The following TFile output files will be collected: ['DY2M_ScoutingTree_Output_PV.root']
DEBUG 2025-10-09 05:25:16.078 UTC: 	 The following user output files (not listed as PoolOuputModule or TFileService in the CMSSW PSet) will be collected: 
DEBUG 2025-10-09 05:25:16.078 UTC: 	 Loading required information from the environment
DEBUG 2025-10-09 05:25:16.078 UTC: 	 Found CMSSW_14_0_18_patch1 for el9_amd64_gcc12 with base /afs/cern.ch/user/a/amalhotr/CMSSW_14_0_18_patch1
DEBUG 2025-10-09 05:25:16.078 UTC: 	 Making tarball in /afs/cern.ch/user/a/amalhotr/CMSSW_14_0_18_patch1/src/Run3ScoutingAnalysisTools/crab_MC_DYto2Mu_FullPV_1mod1_v1/inputs/e1a3d0d6-c2d1-441b-8601-f424d2726d82default.tgz
DEBUG 2025-10-09 05:25:16.079 UTC: 	 Checking directory /afs/cern.ch/user/a/amalhotr/CMSSW_14_0_18_patch1/bin
DEBUG 2025-10-09 05:25:16.079 UTC: 	 Adding directory /afs/cern.ch/user/a/amalhotr/CMSSW_14_0_18_patch1/bin to tarball
DEBUG 2025-10-09 05:25:16.086 UTC: 	 Checking directory /afs/cern.ch/user/a/amalhotr/CMSSW_14_0_18_patch1/python
DEBUG 2025-10-09 05:25:16.087 UTC: 	 Adding directory /afs/cern.ch/user/a/amalhotr/CMSSW_14_0_18_patch1/python to tarball
DEBUG 2025-10-09 05:25:16.618 UTC: 	 Checking directory /afs/cern.ch/user/a/amalhotr/CMSSW_14_0_18_patch1/cfipython
DEBUG 2025-10-09 05:25:16.618 UTC: 	 Adding directory /afs/cern.ch/user/a/amalhotr/CMSSW_14_0_18_patch1/cfipython to tarball
DEBUG 2025-10-09 05:25:16.751 UTC: 	 Checking directory /afs/cern.ch/user/a/amalhotr/CMSSW_14_0_18_patch1/lib
DEBUG 2025-10-09 05:25:16.751 UTC: 	 Adding directory /afs/cern.ch/user/a/amalhotr/CMSSW_14_0_18_patch1/lib to tarball
DEBUG 2025-10-09 05:25:16.944 UTC: 	 Checking directory /afs/cern.ch/user/a/amalhotr/CMSSW_14_0_18_patch1/biglib
DEBUG 2025-10-09 05:25:16.944 UTC: 	 Adding directory /afs/cern.ch/user/a/amalhotr/CMSSW_14_0_18_patch1/biglib to tarball
DEBUG 2025-10-09 05:25:16.946 UTC: 	 Checking directory /afs/cern.ch/user/a/amalhotr/CMSSW_14_0_18_patch1/module
DEBUG 2025-10-09 05:25:16.946 UTC: 	 Checking directory /afs/cern.ch/user/a/amalhotr/CMSSW_14_0_18_patch1/config/SCRAM/hooks
DEBUG 2025-10-09 05:25:16.947 UTC: 	 Adding directory /afs/cern.ch/user/a/amalhotr/CMSSW_14_0_18_patch1/config/SCRAM/hooks to tarball
DEBUG 2025-10-09 05:25:18.057 UTC: 	 Adding directory /afs/cern.ch/user/a/amalhotr/CMSSW_14_0_18_patch1/src/Run3ScoutingAnalysisTools/DataFormats/Scouting/interface to tarball
DEBUG 2025-10-09 05:25:18.104 UTC: 	 Adding directory /afs/cern.ch/user/a/amalhotr/CMSSW_14_0_18_patch1/src/Run3ScoutingAnalysisTools/ScoutingTreeMakerRun3/python to tarball
DEBUG 2025-10-09 05:25:18.119 UTC: 	 Adding directory /afs/cern.ch/user/a/amalhotr/CMSSW_14_0_18_patch1/src/DataFormats/Scouting/interface to tarball
DEBUG 2025-10-09 05:25:18.159 UTC: 	 Adding directory /afs/cern.ch/user/a/amalhotr/CMSSW_14_0_18_patch1/src/Configuration/GenProduction/python to tarball
DEBUG 2025-10-09 05:25:18.214 UTC: 	 Uploading archive /afs/cern.ch/user/a/amalhotr/CMSSW_14_0_18_patch1/src/Run3ScoutingAnalysisTools/crab_MC_DYto2Mu_FullPV_1mod1_v1/inputs/e1a3d0d6-c2d1-441b-8601-f424d2726d82default.tgz (457 KB) to the CRAB cache. Using URI https://s3.cern.ch/crabcache
DEBUG 2025-10-09 05:25:18.371 UTC: 	 Encoded data for curl request: subresource=upload&objecttype=sandbox&tarballname=7420cf487314c9f55f6f97159e071985980306e0e235f4dcee609dc880bec887.tar.gz
DEBUG 2025-10-09 05:25:23.656 UTC: 	 Will execute:
curl -f -v -X POST  -H "User-Agent: CRAB" -F "key=amalhotr/sandboxes/7420cf487314c9f55f6f97159e071985980306e0e235f4dcee609dc880bec887.tar.gz" -F "AWSAccessKeyId=715203df6482458ba839e73e6dab634b" -F "policy=eyJleHBpcmF0aW9uIjogIjIwMjUtMTAtMDlUMDY6MjU6MjNaIiwgImNvbmRpdGlvbnMiOiBbeyJidWNrZXQiOiAiY3JhYmNhY2hlX3Byb2QifSwgeyJrZXkiOiAiYW1hbGhvdHIvc2FuZGJveGVzLzc0MjBjZjQ4NzMxNGM5ZjU1ZjZmOTcxNTllMDcxOTg1OTgwMzA2ZTBlMjM1ZjRkY2VlNjA5ZGM4ODBiZWM4ODcudGFyLmd6In1dfQ==" -F "signature=L/2iU5PoYNBAxKt90VA6xbgcD2U=" -F "file=@/afs/cern.ch/user/a/amalhotr/CMSSW_14_0_18_patch1/src/Run3ScoutingAnalysisTools/crab_MC_DYto2Mu_FullPV_1mod1_v1/inputs/e1a3d0d6-c2d1-441b-8601-f424d2726d82default.tgz" "https://s3.cern.ch/crabcache_prod"
DEBUG 2025-10-09 05:25:23.724 UTC: 	 exitcode: 0
stdout: b''
DEBUG 2025-10-09 05:25:23.724 UTC: 	 upload to S3 of sandbox /afs/cern.ch/user/a/amalhotr/CMSSW_14_0_18_patch1/src/Run3ScoutingAnalysisTools/crab_MC_DYto2Mu_FullPV_1mod1_v1/inputs/e1a3d0d6-c2d1-441b-8601-f424d2726d82default.tgz completed
DEBUG 2025-10-09 05:25:23.724 UTC: 	 make sure that object is ready for retrieve
DEBUG 2025-10-09 05:25:24.726 UTC: 	 Encoded data for curl request: subresource=download&objecttype=sandbox&tarballname=7420cf487314c9f55f6f97159e071985980306e0e235f4dcee609dc880bec887.tar.gz&clientmethod=head_object
DEBUG 2025-10-09 05:25:24.760 UTC: 	 PreSignedUrl to download sandbox received OK
DEBUG 2025-10-09 05:25:24.762 UTC: 	 Will execute:
 curl -v -s -f -o /dev/null --head  "https://s3.cern.ch/crabcache_prod/amalhotr/sandboxes/7420cf487314c9f55f6f97159e071985980306e0e235f4dcee609dc880bec887.tar.gz?AWSAccessKeyId=715203df6482458ba839e73e6dab634b&Signature=AubQjJfP4DftJXhC3yeXZwY7ZLk%3D&Expires=1759991124"
DEBUG 2025-10-09 05:25:24.788 UTC: 	 exitcode: 0
stdout: b''
DEBUG 2025-10-09 05:25:24.788 UTC: 	 sandbox /afs/cern.ch/user/a/amalhotr/CMSSW_14_0_18_patch1/src/Run3ScoutingAnalysisTools/crab_MC_DYto2Mu_FullPV_1mod1_v1/inputs/e1a3d0d6-c2d1-441b-8601-f424d2726d82default.tgz successfully uploaded to S3
DEBUG 2025-10-09 05:25:24.788 UTC: 	 Loading required information from the environment
DEBUG 2025-10-09 05:25:24.788 UTC: 	 Found CMSSW_14_0_18_patch1 for el9_amd64_gcc12 with base /afs/cern.ch/user/a/amalhotr/CMSSW_14_0_18_patch1
DEBUG 2025-10-09 05:25:24.788 UTC: 	 Making tarball in /afs/cern.ch/user/a/amalhotr/CMSSW_14_0_18_patch1/src/Run3ScoutingAnalysisTools/crab_MC_DYto2Mu_FullPV_1mod1_v1/inputs/debugFiles.tgz
DEBUG 2025-10-09 05:25:24.799 UTC: 	 Uploading archive /afs/cern.ch/user/a/amalhotr/CMSSW_14_0_18_patch1/src/Run3ScoutingAnalysisTools/crab_MC_DYto2Mu_FullPV_1mod1_v1/inputs/debugFiles.tgz (4 KB) to the CRAB cache. Using URI https://s3.cern.ch/crabcache
DEBUG 2025-10-09 05:25:24.801 UTC: 	 Encoded data for curl request: subresource=upload&objecttype=sandbox&tarballname=46c54efd737952d2a61cd1fb5f99d50c96fa93fb601ac876f6f749f8c9b306e4.tar.gz
DEBUG 2025-10-09 05:25:24.849 UTC: 	 Will execute:
curl -f -v -X POST  -H "User-Agent: CRAB" -F "key=amalhotr/sandboxes/46c54efd737952d2a61cd1fb5f99d50c96fa93fb601ac876f6f749f8c9b306e4.tar.gz" -F "AWSAccessKeyId=715203df6482458ba839e73e6dab634b" -F "policy=eyJleHBpcmF0aW9uIjogIjIwMjUtMTAtMDlUMDY6MjU6MjRaIiwgImNvbmRpdGlvbnMiOiBbeyJidWNrZXQiOiAiY3JhYmNhY2hlX3Byb2QifSwgeyJrZXkiOiAiYW1hbGhvdHIvc2FuZGJveGVzLzQ2YzU0ZWZkNzM3OTUyZDJhNjFjZDFmYjVmOTlkNTBjOTZmYTkzZmI2MDFhYzg3NmY2Zjc0OWY4YzliMzA2ZTQudGFyLmd6In1dfQ==" -F "signature=HENEK6nDOJNlD7qksskKPeVdtTQ=" -F "file=@/afs/cern.ch/user/a/amalhotr/CMSSW_14_0_18_patch1/src/Run3ScoutingAnalysisTools/crab_MC_DYto2Mu_FullPV_1mod1_v1/inputs/debugFiles.tgz" "https://s3.cern.ch/crabcache_prod"
DEBUG 2025-10-09 05:25:24.981 UTC: 	 exitcode: 0
stdout: b''
DEBUG 2025-10-09 05:25:24.981 UTC: 	 upload to S3 of sandbox /afs/cern.ch/user/a/amalhotr/CMSSW_14_0_18_patch1/src/Run3ScoutingAnalysisTools/crab_MC_DYto2Mu_FullPV_1mod1_v1/inputs/debugFiles.tgz completed
DEBUG 2025-10-09 05:25:24.981 UTC: 	 make sure that object is ready for retrieve
DEBUG 2025-10-09 05:25:25.982 UTC: 	 Encoded data for curl request: subresource=download&objecttype=sandbox&tarballname=46c54efd737952d2a61cd1fb5f99d50c96fa93fb601ac876f6f749f8c9b306e4.tar.gz&clientmethod=head_object
DEBUG 2025-10-09 05:25:26.027 UTC: 	 PreSignedUrl to download sandbox received OK
DEBUG 2025-10-09 05:25:26.030 UTC: 	 Will execute:
 curl -v -s -f -o /dev/null --head  "https://s3.cern.ch/crabcache_prod/amalhotr/sandboxes/46c54efd737952d2a61cd1fb5f99d50c96fa93fb601ac876f6f749f8c9b306e4.tar.gz?AWSAccessKeyId=715203df6482458ba839e73e6dab634b&Signature=lHPDxi8jaTT7oKxd54SQttUEMnk%3D&Expires=1759991126"
DEBUG 2025-10-09 05:25:26.053 UTC: 	 exitcode: 0
stdout: b''
DEBUG 2025-10-09 05:25:26.053 UTC: 	 sandbox /afs/cern.ch/user/a/amalhotr/CMSSW_14_0_18_patch1/src/Run3ScoutingAnalysisTools/crab_MC_DYto2Mu_FullPV_1mod1_v1/inputs/debugFiles.tgz successfully uploaded to S3
DEBUG 2025-10-09 05:25:26.053 UTC: 	 Result uploading input files: 7420cf487314c9f55f6f97159e071985980306e0e235f4dcee609dc880bec887.tar.gz 
DEBUG 2025-10-09 05:25:26.053 UTC: 	 submit() - self.configuration from WMCore.Configuration import Configuration
config = Configuration()
config.section_('General')
config.General.requestName = 'MC_DYto2Mu_FullPV_1mod1_v1'
config.General.transferOutputs = True
config.General.transferLogs = True
config.section_('JobType')
config.JobType.psetName = 'UnifiedScoutingVertexingTreeMaker.py'
config.JobType.maxMemoryMB = 3000
config.JobType.outputFiles = ['DY2M_ScoutingTree_Output_PV.root']
config.JobType.maxJobRuntimeMin = 2750
config.JobType.pluginName = 'Analysis'
config.section_('Data')
config.Data.publication = False
config.Data.inputDBS = 'global'
config.Data.outputDatasetTag = 'MC_DYto2Mu_FullPV_1mod1_v1'
config.Data.inputDataset = '/DYto2Mu-4Jets_Bin-MLL-50_TuneCP5_13p6TeV_madgraphMLM-pythia8/RunIII2024Summer24MiniAOD-140X_mcRun3_2024_realistic_v26-v3/MINIAODSIM'
config.Data.splitting = 'FileBased'
config.Data.unitsPerJob = 10
config.Data.totalUnits = 1000
config.Data.allowNonValidInputDataset = True
config.section_('Site')
config.Site.storageSite = 'T3_CH_CERNBOX'
config.section_('User')
config.section_('Debug')

DEBUG 2025-10-09 05:25:26.053 UTC: 	 submit() - self.configreq {'dryrun': 0, 'workflow': 'crab_MC_DYto2Mu_FullPV_1mod1_v1', 'saveoutput': 1, 'savelogsflag': 1, 'inputdata': '/DYto2Mu-4Jets_Bin-MLL-50_TuneCP5_13p6TeV_madgraphMLM-pythia8/RunIII2024Summer24MiniAOD-140X_mcRun3_2024_realistic_v26-v3/MINIAODSIM', 'nonvaliddata': 1, 'userfiles': [], 'dbsurl': 'https://cmsweb.cern.ch/dbs/prod/global/DBSReader', 'useparent': 0, 'ignorelocality': 0, 'splitalgo': 'FileBased', 'algoargs': 10, 'totalunits': 1000, 'publication': 0, 'publishdbsurl': 'https://cmsweb.cern.ch/dbs/prod/phys03/DBSWriter', 'publishname2': 'MC_DYto2Mu_FullPV_1mod1_v1', 'jobtype': 'Analysis', 'generator': 'pythia', 'addoutputfiles': ['DY2M_ScoutingTree_Output_PV.root'], 'maxjobruntime': 2750, 'numcores': 1, 'maxmemory': 3000, 'priority': 10, 'nonprodsw': 0, 'asyncdest': 'T3_CH_CERNBOX', 'requireaccelerator': 0, 'oneEventMode': 0, 'extrajdl': [], 'ignoreglobalblacklist': 0, 'partialdataset': 0, 'inputblocks': []}
DEBUG 2025-10-09 05:25:26.054 UTC: 	 submit() - jobconfig {'addoutputfiles': [], 'tfileoutfiles': ['DY2M_ScoutingTree_Output_PV.root'], 'edmoutfiles': [], 'jobarch': 'el9_amd64_gcc12', 'jobminuarch': 'any', 'jobsw': 'CMSSW_14_0_18_patch1', 'inputdata': '/DYto2Mu-4Jets_Bin-MLL-50_TuneCP5_13p6TeV_madgraphMLM-pythia8/RunIII2024Summer24MiniAOD-140X_mcRun3_2024_realistic_v26-v3/MINIAODSIM', 'cacheurl': 'https://s3.cern.ch/crabcache', 'cachefilename': '7420cf487314c9f55f6f97159e071985980306e0e235f4dcee609dc880bec887.tar.gz', 'debugfilename': '46c54efd737952d2a61cd1fb5f99d50c96fa93fb601ac876f6f749f8c9b306e4.tar.gz', 'jobtype': 'Analysis'}
INFO 2025-10-09 05:25:26.054 UTC: 	 Sending the request to the server at cmsweb.cern.ch
DEBUG 2025-10-09 05:25:26.054 UTC: 	 Submitting {'dryrun': 0, 'workflow': 'crab_MC_DYto2Mu_FullPV_1mod1_v1', 'saveoutput': 1, 'savelogsflag': 1, 'inputdata': '/DYto2Mu-4Jets_Bin-MLL-50_TuneCP5_13p6TeV_madgraphMLM-pythia8/RunIII2024Summer24MiniAOD-140X_mcRun3_2024_realistic_v26-v3/MINIAODSIM', 'nonvaliddata': 1, 'userfiles': [], 'dbsurl': 'https://cmsweb.cern.ch/dbs/prod/global/DBSReader', 'useparent': 0, 'ignorelocality': 0, 'splitalgo': 'FileBased', 'algoargs': 10, 'totalunits': 1000, 'publication': 0, 'publishdbsurl': 'https://cmsweb.cern.ch/dbs/prod/phys03/DBSWriter', 'publishname2': 'MC_DYto2Mu_FullPV_1mod1_v1', 'jobtype': 'Analysis', 'generator': 'pythia', 'addoutputfiles': [], 'maxjobruntime': 2750, 'numcores': 1, 'maxmemory': 3000, 'priority': 10, 'nonprodsw': 0, 'asyncdest': 'T3_CH_CERNBOX', 'requireaccelerator': 0, 'oneEventMode': 0, 'extrajdl': [], 'ignoreglobalblacklist': 0, 'partialdataset': 0, 'inputblocks': [], 'tfileoutfiles': ['DY2M_ScoutingTree_Output_PV.root'], 'edmoutfiles': [], 'jobarch': 'el9_amd64_gcc12', 'jobminuarch': 'any', 'jobsw': 'CMSSW_14_0_18_patch1', 'cacheurl': 'https://s3.cern.ch/crabcache', 'cachefilename': '7420cf487314c9f55f6f97159e071985980306e0e235f4dcee609dc880bec887.tar.gz', 'debugfilename': '46c54efd737952d2a61cd1fb5f99d50c96fa93fb601ac876f6f749f8c9b306e4.tar.gz'} 
DEBUG 2025-10-09 05:25:26.054 UTC: 	 Encoded data for curl request: dryrun=0&workflow=crab_MC_DYto2Mu_FullPV_1mod1_v1&saveoutput=1&savelogsflag=1&inputdata=%2FDYto2Mu-4Jets_Bin-MLL-50_TuneCP5_13p6TeV_madgraphMLM-pythia8%2FRunIII2024Summer24MiniAOD-140X_mcRun3_2024_realistic_v26-v3%2FMINIAODSIM&nonvaliddata=1&dbsurl=https%3A%2F%2Fcmsweb.cern.ch%2Fdbs%2Fprod%2Fglobal%2FDBSReader&useparent=0&ignorelocality=0&splitalgo=FileBased&algoargs=10&totalunits=1000&publication=0&publishdbsurl=https%3A%2F%2Fcmsweb.cern.ch%2Fdbs%2Fprod%2Fphys03%2FDBSWriter&publishname2=MC_DYto2Mu_FullPV_1mod1_v1&jobtype=Analysis&generator=pythia&maxjobruntime=2750&numcores=1&maxmemory=3000&priority=10&nonprodsw=0&asyncdest=T3_CH_CERNBOX&requireaccelerator=0&oneEventMode=0&ignoreglobalblacklist=0&partialdataset=0&jobarch=el9_amd64_gcc12&jobminuarch=any&jobsw=CMSSW_14_0_18_patch1&cacheurl=https%3A%2F%2Fs3.cern.ch%2Fcrabcache&cachefilename=7420cf487314c9f55f6f97159e071985980306e0e235f4dcee609dc880bec887.tar.gz&debugfilename=46c54efd737952d2a61cd1fb5f99d50c96fa93fb601ac876f6f749f8c9b306e4.tar.gz&tfileoutfiles=DY2M_ScoutingTree_Output_PV.root
DEBUG 2025-10-09 05:25:26.192 UTC: 	 Result: {'result': [{'RequestName': '251009_052526:amalhotr_crab_MC_DYto2Mu_FullPV_1mod1_v1'}]}
INFO 2025-10-09 05:25:26.198 UTC: 	 Success: Your task has been delivered to the prod CRAB3 server.
INFO 2025-10-09 05:25:26.198 UTC: 	 Task name: 251009_052526:amalhotr_crab_MC_DYto2Mu_FullPV_1mod1_v1
INFO 2025-10-09 05:25:26.198 UTC: 	 Project dir: ./crab_MC_DYto2Mu_FullPV_1mod1_v1
INFO 2025-10-09 05:25:26.198 UTC: 	 Please use ' crab status -d ./crab_MC_DYto2Mu_FullPV_1mod1_v1 ' to check how the submission process proceeds.
DEBUG 2025-10-09 05:25:26.198 UTC: 	 About to return
INFO 2025-10-09 05:25:26.201 UTC: 	 Log file is /afs/cern.ch/user/a/amalhotr/CMSSW_14_0_18_patch1/src/Run3ScoutingAnalysisTools/crab_MC_DYto2Mu_FullPV_1mod1_v1/crab.log
DEBUG 2025-10-09 05:28:43.330 UTC: 	 CRAB Client version: v3.250820
DEBUG 2025-10-09 05:28:43.331 UTC: 	 Running on: Linux lxplus9107.cern.ch 5.14.0-570.46.1.el9_6.x86_64 #1 SMP PREEMPT_DYNAMIC Tue Sep 16 03:28:23 EDT 2025 x86_64 x86_64 x86_64 GNU/Linux
DEBUG 2025-10-09 05:28:43.331 UTC: 	 Not using Singularity
DEBUG 2025-10-09 05:28:43.331 UTC: 	 Operating System: Red Hat Enterprise Linux 9.6 (Plow)
DEBUG 2025-10-09 05:28:43.331 UTC: 	 Executing command: 'kill'
DEBUG 2025-10-09 05:28:43.331 UTC: 	 Found CRAB cache file /afs/cern.ch/user/a/amalhotr/.crab3
DEBUG 2025-10-09 05:28:43.336 UTC: 	 Checking credentials
DEBUG 2025-10-09 05:28:43.336 UTC: 	 Found proxy file /tmp/x509up_u180451
DEBUG 2025-10-09 05:28:43.336 UTC: 	 Making sure it has proper VOMS extension
DEBUG 2025-10-09 05:28:43.336 UTC: 	 Executing command :
 voms-proxy-info --vo --file /tmp/x509up_u180451
DEBUG 2025-10-09 05:28:43.356 UTC: 	 output : cms

 error: 
 retcode : 0
DEBUG 2025-10-09 05:28:43.356 UTC: 	 Getting proxy life time left
DEBUG 2025-10-09 05:28:43.356 UTC: 	 Executing command :
 voms-proxy-info --actimeleft --timeleft --file /tmp/x509up_u180451
DEBUG 2025-10-09 05:28:43.374 UTC: 	 output : 690622
690622

 error: 
 retcode : 0
DEBUG 2025-10-09 05:28:43.374 UTC: 	 Proxy valid for 191:50:22 hours
DEBUG 2025-10-09 05:28:43.375 UTC: 	 Encoded data for curl request: subresource=delegatedn
DEBUG 2025-10-09 05:28:43.409 UTC: 	 Registering user credentials on myproxy for /DC=ch/DC=cern/OU=computers/CN=crab-(preprod|prod)-tw(01|02).cern.ch|/DC=ch/DC=cern/OU=computers/CN=crab-dev-tw(01|02|03|04).cern.ch|/DC=ch/DC=cern/OU=Organic Units/OU=Users/CN=cmscrab/CN=(817881|373708)/CN=Robot: cms crab|/DC=ch/DC=cern/OU=Organic Units/OU=Users/CN=crabint1/CN=373708/CN=Robot: CMS CRAB Integration 1
DEBUG 2025-10-09 05:28:43.409 UTC: 	 Executing command :
 voms-proxy-info --identity --file /tmp/x509up_u180451
DEBUG 2025-10-09 05:28:43.427 UTC: 	 output : /DC=ch/DC=cern/OU=Organic Units/OU=Users/CN=amalhotr/CN=884837/CN=Aryan Malhotra

 error: 
 retcode : 0
DEBUG 2025-10-09 05:28:43.427 UTC: 	 Getting myproxy life time left for 2382a3cf28fdeacb1de9b039908761ea517a5ed6
DEBUG 2025-10-09 05:28:43.427 UTC: 	 Executing command :
 myproxy-info -s myproxy.cern.ch -l 2382a3cf28fdeacb1de9b039908761ea517a5ed6
DEBUG 2025-10-09 05:28:43.701 UTC: 	 output : username: 2382a3cf28fdeacb1de9b039908761ea517a5ed6
owner: /DC=ch/DC=cern/OU=Organic Units/OU=Users/CN=amalhotr/CN=884837/CN=Aryan Malhotra
  renewal policy: /DC=ch/DC=cern/OU=computers/CN=crab-(preprod|prod)-tw(01|02).cern.ch|/DC=ch/DC=cern/OU=computers/CN=crab-dev-tw(01|02|03|04).cern.ch|/DC=ch/DC=cern/OU=Organic Units/OU=Users/CN=cmscrab/CN=(817881|373708)/CN=Robot: cms crab|/DC=ch/DC=cern/OU=Organic Units/OU=Users/CN=crabint1/CN=373708/CN=Robot: CMS CRAB Integration 1
  trusted retrieval policy: /DC=ch/DC=cern/OU=computers/CN=crab-(preprod|prod)-tw(01|02).cern.ch|/DC=ch/DC=cern/OU=computers/CN=crab-dev-tw(01|02|03|04).cern.ch|/DC=ch/DC=cern/OU=Organic Units/OU=Users/CN=cmscrab/CN=(817881|373708)/CN=Robot: cms crab|/DC=ch/DC=cern/OU=Organic Units/OU=Users/CN=crabint1/CN=373708/CN=Robot: CMS CRAB Integration 1
  timeleft: 383:40:05  (16.0 days)

 error: 
 retcode : 0
DEBUG 2025-10-09 05:28:43.701 UTC: 	 Myproxy is valid: 1381200
DEBUG 2025-10-09 05:28:43.701 UTC: 	 Result of myproxy credential check:
  Credential exists on myproxy: username: 2382a3cf28fdeacb1de9b039908761ea517a5ed6  - validity: 15 days, 23:40:00
DEBUG 2025-10-09 05:28:43.702 UTC: 	 Command use: kill
DEBUG 2025-10-09 05:28:43.702 UTC: 	 Options use: ['-d', './crab_MC_DYto2Mu_FullPV_1mod1_v1']
DEBUG 2025-10-09 05:28:43.702 UTC: 	 Encoded data for curl request: subresource=version
DEBUG 2025-10-09 05:28:43.740 UTC: 	 CRABClient version: v3.250820
DEBUG 2025-10-09 05:28:43.740 UTC: 	 Instance is prod
DEBUG 2025-10-09 05:28:43.740 UTC: 	 Server base url is cmsweb.cern.ch
DEBUG 2025-10-09 05:28:43.740 UTC: 	 Command api workflow
DEBUG 2025-10-09 05:28:43.740 UTC: 	 Killing task 251009_052526:amalhotr_crab_MC_DYto2Mu_FullPV_1mod1_v1
DEBUG 2025-10-09 05:28:43.740 UTC: 	 Encoded data for curl request: workflow=251009_052526%3Aamalhotr_crab_MC_DYto2Mu_FullPV_1mod1_v1
DEBUG 2025-10-09 05:28:43.783 UTC: 	 Result: {'desc': {'columns': ['tm_taskname', 'tm_task_status', 'tm_task_command', 'tm_user_role', 'tm_user_group', 'tm_task_failure', 'tm_split_algo', 'tm_split_args', 'tm_save_logs', 'tm_username', 'tm_user_dn', 'tm_arguments', 'tm_input_dataset', 'tm_dbs_url', 'tm_task_warnings', 'tm_publication', 'tm_user_webdir', 'tm_output_dataset', 'tm_collector', 'tm_schedd', 'tm_dry_run', 'clusterid', 'tm_start_time', 'tw_name', 'tm_dagman_status', 'tm_num_jobs', 'tm_uploaded']}, 'result': [{'result': 'ok'}]}
INFO 2025-10-09 05:28:43.783 UTC: 	 Kill request successfully sent
INFO 2025-10-09 05:28:43.786 UTC: 	 Log file is /afs/cern.ch/user/a/amalhotr/CMSSW_14_0_18_patch1/src/Run3ScoutingAnalysisTools/crab_MC_DYto2Mu_FullPV_1mod1_v1/crab.log
DEBUG 2025-10-29 22:59:55.552 UTC: 	 CRAB Client version: v3.250820
DEBUG 2025-10-29 22:59:55.552 UTC: 	 Running on: Linux lxplus911.cern.ch 5.14.0-570.51.1.el9_6.x86_64 #1 SMP PREEMPT_DYNAMIC Sat Sep 27 01:10:11 EDT 2025 x86_64 x86_64 x86_64 GNU/Linux
DEBUG 2025-10-29 22:59:55.552 UTC: 	 Not using Singularity
DEBUG 2025-10-29 22:59:55.552 UTC: 	 Operating System: Red Hat Enterprise Linux 9.6 (Plow)
DEBUG 2025-10-29 22:59:55.552 UTC: 	 Executing command: 'kill'
DEBUG 2025-10-29 22:59:55.552 UTC: 	 Found CRAB cache file /afs/cern.ch/user/a/amalhotr/.crab3
DEBUG 2025-10-29 22:59:55.602 UTC: 	 Checking credentials
DEBUG 2025-10-29 22:59:55.602 UTC: 	 Found proxy file /tmp/x509up_u180451
DEBUG 2025-10-29 22:59:55.602 UTC: 	 Making sure it has proper VOMS extension
DEBUG 2025-10-29 22:59:55.603 UTC: 	 Executing command :
 voms-proxy-info --vo --file /tmp/x509up_u180451
DEBUG 2025-10-29 22:59:55.622 UTC: 	 output : cms

 error: 
 retcode : 0
DEBUG 2025-10-29 22:59:55.622 UTC: 	 Getting proxy life time left
DEBUG 2025-10-29 22:59:55.622 UTC: 	 Executing command :
 voms-proxy-info --actimeleft --timeleft --file /tmp/x509up_u180451
DEBUG 2025-10-29 22:59:55.642 UTC: 	 output : 683497
683497

 error: 
 retcode : 0
DEBUG 2025-10-29 22:59:55.642 UTC: 	 Proxy valid for 189:51:37 hours
DEBUG 2025-10-29 22:59:55.642 UTC: 	 Encoded data for curl request: subresource=delegatedn
DEBUG 2025-10-29 22:59:55.679 UTC: 	 Registering user credentials on myproxy for /DC=ch/DC=cern/OU=Organic Units/OU=Users/CN=cmscrab/CN=(817881|373708)/CN=Robot: cms crab|/DC=ch/DC=cern/OU=Organic Units/OU=Users/CN=crabint1/CN=373708/CN=Robot: CMS CRAB Integration 1
DEBUG 2025-10-29 22:59:55.680 UTC: 	 Executing command :
 voms-proxy-info --identity --file /tmp/x509up_u180451
DEBUG 2025-10-29 22:59:55.698 UTC: 	 output : /DC=ch/DC=cern/OU=Organic Units/OU=Users/CN=amalhotr/CN=884837/CN=Aryan Malhotra

 error: 
 retcode : 0
DEBUG 2025-10-29 22:59:55.699 UTC: 	 Getting myproxy life time left for 2382a3cf28fdeacb1de9b039908761ea517a5ed6
DEBUG 2025-10-29 22:59:55.699 UTC: 	 Executing command :
 myproxy-info -s myproxy.cern.ch -l 2382a3cf28fdeacb1de9b039908761ea517a5ed6
DEBUG 2025-10-29 22:59:56.002 UTC: 	 output : username: 2382a3cf28fdeacb1de9b039908761ea517a5ed6
owner: /DC=ch/DC=cern/OU=Organic Units/OU=Users/CN=amalhotr/CN=884837/CN=Aryan Malhotra
  renewal policy: /DC=ch/DC=cern/OU=Organic Units/OU=Users/CN=cmscrab/CN=(817881|373708)/CN=Robot: cms crab|/DC=ch/DC=cern/OU=Organic Units/OU=Users/CN=crabint1/CN=373708/CN=Robot: CMS CRAB Integration 1
  trusted retrieval policy: /DC=ch/DC=cern/OU=Organic Units/OU=Users/CN=cmscrab/CN=(817881|373708)/CN=Robot: cms crab|/DC=ch/DC=cern/OU=Organic Units/OU=Users/CN=crabint1/CN=373708/CN=Robot: CMS CRAB Integration 1
  timeleft: 719:49:20  (30.0 days)

 error: 
 retcode : 0
DEBUG 2025-10-29 22:59:56.002 UTC: 	 Myproxy is valid: 2591340
DEBUG 2025-10-29 22:59:56.002 UTC: 	 Result of myproxy credential check:
  Credential exists on myproxy: username: 2382a3cf28fdeacb1de9b039908761ea517a5ed6  - validity: 29 days, 23:49:00
DEBUG 2025-10-29 22:59:56.003 UTC: 	 Command use: kill
DEBUG 2025-10-29 22:59:56.003 UTC: 	 Options use: ['--dir=crab_MC_DYto2Mu_FullPV_1mod1_v1']
DEBUG 2025-10-29 22:59:56.003 UTC: 	 Encoded data for curl request: subresource=version
DEBUG 2025-10-29 22:59:56.038 UTC: 	 CRABClient version: v3.250820
DEBUG 2025-10-29 22:59:56.038 UTC: 	 Instance is prod
DEBUG 2025-10-29 22:59:56.038 UTC: 	 Server base url is cmsweb.cern.ch
DEBUG 2025-10-29 22:59:56.038 UTC: 	 Command api workflow
DEBUG 2025-10-29 22:59:56.038 UTC: 	 Killing task 251009_052526:amalhotr_crab_MC_DYto2Mu_FullPV_1mod1_v1
DEBUG 2025-10-29 22:59:56.039 UTC: 	 Encoded data for curl request: workflow=251009_052526%3Aamalhotr_crab_MC_DYto2Mu_FullPV_1mod1_v1
DEBUG 2025-10-29 22:59:56.077 UTC: 	 Result: {'desc': {'columns': ['tm_taskname', 'tm_task_status', 'tm_task_command', 'tm_user_role', 'tm_user_group', 'tm_task_failure', 'tm_split_algo', 'tm_split_args', 'tm_save_logs', 'tm_username', 'tm_user_dn', 'tm_arguments', 'tm_input_dataset', 'tm_dbs_url', 'tm_task_warnings', 'tm_publication', 'tm_user_webdir', 'tm_output_dataset', 'tm_collector', 'tm_schedd', 'tm_dry_run', 'clusterid', 'tm_start_time', 'tw_name', 'tm_dagman_status', 'tm_num_jobs', 'tm_uploaded']}, 'result': [{'result': 'ok'}]}
INFO 2025-10-29 22:59:56.077 UTC: 	 Kill request successfully sent
INFO 2025-10-29 22:59:56.114 UTC: 	 Log file is /afs/cern.ch/user/a/amalhotr/CMSSW_14_0_18_patch1/src/Run3ScoutingAnalysisTools/crab_MC_DYto2Mu_FullPV_1mod1_v1/crab.log
