DEBUG 2025-05-21 21:56:47.157 UTC: 	 CRAB Client version: v3.250409
DEBUG 2025-05-21 21:56:47.157 UTC: 	 Running on: Linux lxplus978.cern.ch 5.14.0-503.34.1.el9_5.x86_64 #1 SMP PREEMPT_DYNAMIC Mon Mar 17 21:49:47 EDT 2025 x86_64 x86_64 x86_64 GNU/Linux
DEBUG 2025-05-21 21:56:47.157 UTC: 	 Not using Singularity
DEBUG 2025-05-21 21:56:47.157 UTC: 	 Operating System: Red Hat Enterprise Linux 9.5 (Plow)
DEBUG 2025-05-21 21:56:47.157 UTC: 	 Executing command: 'submit'
DEBUG 2025-05-21 21:56:47.157 UTC: 	 Found CRAB cache file /afs/cern.ch/user/a/amalhotr/.crab3
INFO 2025-05-21 21:56:47.158 UTC: 	 Will use CRAB configuration file chainedCrabConfig.py
DEBUG 2025-05-21 21:56:47.158 UTC: 	 Loading CRAB configuration file.
DEBUG 2025-05-21 21:56:47.162 UTC: 	 Will use CRAB plugin ANALYSIS (i.e. will run an analysis job type).
DEBUG 2025-05-21 21:56:47.168 UTC: 	 Checking credentials
DEBUG 2025-05-21 21:56:47.168 UTC: 	 Found proxy file /tmp/x509up_u180451
DEBUG 2025-05-21 21:56:47.168 UTC: 	 Making sure it has proper VOMS extension
DEBUG 2025-05-21 21:56:47.168 UTC: 	 Executing command :
 voms-proxy-info --vo --file /tmp/x509up_u180451
DEBUG 2025-05-21 21:56:47.530 UTC: 	 output : cms

 error: 
 retcode : 0
DEBUG 2025-05-21 21:56:47.530 UTC: 	 Getting proxy life time left
DEBUG 2025-05-21 21:56:47.530 UTC: 	 Executing command :
 voms-proxy-info --actimeleft --timeleft --file /tmp/x509up_u180451
DEBUG 2025-05-21 21:56:47.912 UTC: 	 output : 686270
686270

 error: 
 retcode : 0
DEBUG 2025-05-21 21:56:47.912 UTC: 	 Proxy valid for 190:37:50 hours
DEBUG 2025-05-21 21:56:47.912 UTC: 	 Encoded data for curl request: subresource=delegatedn
DEBUG 2025-05-21 21:56:47.960 UTC: 	 Registering user credentials on myproxy for /DC=ch/DC=cern/OU=computers/CN=crab-(preprod|prod)-tw(01|02).cern.ch|/DC=ch/DC=cern/OU=computers/CN=crab-dev-tw(01|02|03|04).cern.ch|/DC=ch/DC=cern/OU=Organic Units/OU=Users/CN=cmscrab/CN=(817881|373708)/CN=Robot: cms crab|/DC=ch/DC=cern/OU=Organic Units/OU=Users/CN=crabint1/CN=373708/CN=Robot: CMS CRAB Integration 1
DEBUG 2025-05-21 21:56:47.961 UTC: 	 Executing command :
 voms-proxy-info --identity --file /tmp/x509up_u180451
DEBUG 2025-05-21 21:56:48.353 UTC: 	 output : /DC=ch/DC=cern/OU=Organic Units/OU=Users/CN=amalhotr/CN=884837/CN=Aryan Malhotra

 error: 
 retcode : 0
DEBUG 2025-05-21 21:56:48.353 UTC: 	 Getting myproxy life time left for 2382a3cf28fdeacb1de9b039908761ea517a5ed6
DEBUG 2025-05-21 21:56:48.353 UTC: 	 Executing command :
 myproxy-info -s myproxy.cern.ch -l 2382a3cf28fdeacb1de9b039908761ea517a5ed6
DEBUG 2025-05-21 21:56:48.619 UTC: 	 output : username: 2382a3cf28fdeacb1de9b039908761ea517a5ed6
owner: /DC=ch/DC=cern/OU=Organic Units/OU=Users/CN=amalhotr/CN=884837/CN=Aryan Malhotra
  renewal policy: /DC=ch/DC=cern/OU=computers/CN=crab-(preprod|prod)-tw(01|02).cern.ch|/DC=ch/DC=cern/OU=computers/CN=crab-dev-tw(01|02|03|04).cern.ch|/DC=ch/DC=cern/OU=Organic Units/OU=Users/CN=cmscrab/CN=(817881|373708)/CN=Robot: cms crab|/DC=ch/DC=cern/OU=Organic Units/OU=Users/CN=crabint1/CN=373708/CN=Robot: CMS CRAB Integration 1
  trusted retrieval policy: /DC=ch/DC=cern/OU=computers/CN=crab-(preprod|prod)-tw(01|02).cern.ch|/DC=ch/DC=cern/OU=computers/CN=crab-dev-tw(01|02|03|04).cern.ch|/DC=ch/DC=cern/OU=Organic Units/OU=Users/CN=cmscrab/CN=(817881|373708)/CN=Robot: cms crab|/DC=ch/DC=cern/OU=Organic Units/OU=Users/CN=crabint1/CN=373708/CN=Robot: CMS CRAB Integration 1
  timeleft: 560:56:45  (23.4 days)

 error: 
 retcode : 0
DEBUG 2025-05-21 21:56:48.619 UTC: 	 Myproxy is valid: 2019360
DEBUG 2025-05-21 21:56:48.619 UTC: 	 Result of myproxy credential check:
  Credential exists on myproxy: username: 2382a3cf28fdeacb1de9b039908761ea517a5ed6  - validity: 23 days, 8:56:00
DEBUG 2025-05-21 21:56:48.619 UTC: 	 Command use: submit
DEBUG 2025-05-21 21:56:48.619 UTC: 	 Options use: ['-c', 'chainedCrabConfig.py']
DEBUG 2025-05-21 21:56:48.619 UTC: 	 Encoded data for curl request: subresource=version
DEBUG 2025-05-21 21:56:48.662 UTC: 	 CRABClient version: v3.250409
DEBUG 2025-05-21 21:56:48.662 UTC: 	 Instance is prod
DEBUG 2025-05-21 21:56:48.662 UTC: 	 Server base url is cmsweb.cern.ch
DEBUG 2025-05-21 21:56:48.662 UTC: 	 Command api workflow
DEBUG 2025-05-21 21:56:48.662 UTC: 	 Started submission
DEBUG 2025-05-21 21:56:48.662 UTC: 	 Working on /afs/cern.ch/user/a/amalhotr/CMSSW_14_0_18_patch1/src/Run3ScoutingAnalysisTools/crab_RealData_noLFNDirectory_All_Automatic_v1
DEBUG 2025-05-21 21:56:48.662 UTC: 	 Encoded data for curl request: subresource=backendurls
DEBUG 2025-05-21 21:56:48.742 UTC: 	 Loading required information from the environment
DEBUG 2025-05-21 21:56:48.742 UTC: 	 Found CMSSW_14_0_18_patch1 for el9_amd64_gcc12 with base /afs/cern.ch/user/a/amalhotr/CMSSW_14_0_18_patch1
DEBUG 2025-05-21 21:56:48.742 UTC: 	 Loading required information from the environment
DEBUG 2025-05-21 21:56:48.742 UTC: 	 Found CMSSW_14_0_18_patch1 for el9_amd64_gcc12 with base /afs/cern.ch/user/a/amalhotr/CMSSW_14_0_18_patch1
DEBUG 2025-05-21 21:56:48.742 UTC: 	 UNIQUE NAME: tarUUID 4dcf3bd3-d2e6-49c3-bcde-d0c8d95600f9 
DEBUG 2025-05-21 21:56:48.742 UTC: 	 self.config: from WMCore.Configuration import Configuration
config = Configuration()
config.section_('General')
config.General.transferOutputs = True
config.General.transferLogs = True
config.General.requestName = 'RealData_noLFNDirectory_All_Automatic_v1'
config.section_('JobType')
config.JobType.pluginName = 'Analysis'
config.JobType.psetName = 'UnifiedScoutingVertexingTreeMaker.py'
config.section_('Data')
config.Data.outputDatasetTag = 'RealData_noLFNDirectory_All_Automatic_v1'
config.Data.inputDataset = '/ScoutingPFRun3/Run2024H-v1/HLTSCOUT'
config.Data.allowNonValidInputDataset = True
config.Data.publication = False
config.Data.inputDBS = 'global'
config.Data.splitting = 'Automatic'
config.section_('Site')
config.Site.storageSite = 'T3_CH_CERNBOX'
config.section_('User')
config.section_('Debug')

DEBUG 2025-05-21 21:56:48.742 UTC: 	 self.config.JobType.psetName: UnifiedScoutingVertexingTreeMaker.py
INFO 2025-05-21 21:56:48.742 UTC: 	 Importing CMSSW configuration UnifiedScoutingVertexingTreeMaker.py
INFO 2025-05-21 21:56:49.213 UTC: 	 Finished importing CMSSW configuration UnifiedScoutingVertexingTreeMaker.py
DEBUG 2025-05-21 21:56:49.214 UTC: 	 Writing CMSSW configuration to /afs/cern.ch/user/a/amalhotr/CMSSW_14_0_18_patch1/src/Run3ScoutingAnalysisTools/crab_RealData_noLFNDirectory_All_Automatic_v1/inputs/PSet.py
DEBUG 2025-05-21 21:56:49.231 UTC: 	 The following EDM output files will be collected: []
DEBUG 2025-05-21 21:56:49.231 UTC: 	 The following TFile output files will be collected: ['DY2M_ScoutingTree_Output_5_inputlocalrun.root']
DEBUG 2025-05-21 21:56:49.231 UTC: 	 The following user output files (not listed as PoolOuputModule or TFileService in the CMSSW PSet) will be collected: 
DEBUG 2025-05-21 21:56:49.231 UTC: 	 Loading required information from the environment
DEBUG 2025-05-21 21:56:49.231 UTC: 	 Found CMSSW_14_0_18_patch1 for el9_amd64_gcc12 with base /afs/cern.ch/user/a/amalhotr/CMSSW_14_0_18_patch1
DEBUG 2025-05-21 21:56:49.231 UTC: 	 Making tarball in /afs/cern.ch/user/a/amalhotr/CMSSW_14_0_18_patch1/src/Run3ScoutingAnalysisTools/crab_RealData_noLFNDirectory_All_Automatic_v1/inputs/4dcf3bd3-d2e6-49c3-bcde-d0c8d95600f9default.tgz
DEBUG 2025-05-21 21:56:49.232 UTC: 	 Checking directory /afs/cern.ch/user/a/amalhotr/CMSSW_14_0_18_patch1/bin
DEBUG 2025-05-21 21:56:49.232 UTC: 	 Adding directory /afs/cern.ch/user/a/amalhotr/CMSSW_14_0_18_patch1/bin to tarball
DEBUG 2025-05-21 21:56:49.235 UTC: 	 Checking directory /afs/cern.ch/user/a/amalhotr/CMSSW_14_0_18_patch1/python
DEBUG 2025-05-21 21:56:49.235 UTC: 	 Adding directory /afs/cern.ch/user/a/amalhotr/CMSSW_14_0_18_patch1/python to tarball
DEBUG 2025-05-21 21:56:49.316 UTC: 	 Checking directory /afs/cern.ch/user/a/amalhotr/CMSSW_14_0_18_patch1/cfipython
DEBUG 2025-05-21 21:56:49.317 UTC: 	 Adding directory /afs/cern.ch/user/a/amalhotr/CMSSW_14_0_18_patch1/cfipython to tarball
DEBUG 2025-05-21 21:56:49.328 UTC: 	 Checking directory /afs/cern.ch/user/a/amalhotr/CMSSW_14_0_18_patch1/lib
DEBUG 2025-05-21 21:56:49.328 UTC: 	 Adding directory /afs/cern.ch/user/a/amalhotr/CMSSW_14_0_18_patch1/lib to tarball
DEBUG 2025-05-21 21:56:49.396 UTC: 	 Checking directory /afs/cern.ch/user/a/amalhotr/CMSSW_14_0_18_patch1/biglib
DEBUG 2025-05-21 21:56:49.396 UTC: 	 Adding directory /afs/cern.ch/user/a/amalhotr/CMSSW_14_0_18_patch1/biglib to tarball
DEBUG 2025-05-21 21:56:49.398 UTC: 	 Checking directory /afs/cern.ch/user/a/amalhotr/CMSSW_14_0_18_patch1/module
DEBUG 2025-05-21 21:56:49.398 UTC: 	 Checking directory /afs/cern.ch/user/a/amalhotr/CMSSW_14_0_18_patch1/config/SCRAM/hooks
DEBUG 2025-05-21 21:56:49.398 UTC: 	 Adding directory /afs/cern.ch/user/a/amalhotr/CMSSW_14_0_18_patch1/config/SCRAM/hooks to tarball
DEBUG 2025-05-21 21:56:49.428 UTC: 	 Adding directory /afs/cern.ch/user/a/amalhotr/CMSSW_14_0_18_patch1/src/Run3ScoutingAnalysisTools/DataFormats/Scouting/interface to tarball
DEBUG 2025-05-21 21:56:49.485 UTC: 	 Adding directory /afs/cern.ch/user/a/amalhotr/CMSSW_14_0_18_patch1/src/Run3ScoutingAnalysisTools/ScoutingTreeMakerRun3/python to tarball
DEBUG 2025-05-21 21:56:49.496 UTC: 	 Adding directory /afs/cern.ch/user/a/amalhotr/CMSSW_14_0_18_patch1/src/DataFormats/Scouting/interface to tarball
DEBUG 2025-05-21 21:56:49.503 UTC: 	 Adding directory /afs/cern.ch/user/a/amalhotr/CMSSW_14_0_18_patch1/src/Configuration/GenProduction/python to tarball
DEBUG 2025-05-21 21:56:49.540 UTC: 	 Uploading archive /afs/cern.ch/user/a/amalhotr/CMSSW_14_0_18_patch1/src/Run3ScoutingAnalysisTools/crab_RealData_noLFNDirectory_All_Automatic_v1/inputs/4dcf3bd3-d2e6-49c3-bcde-d0c8d95600f9default.tgz (441 KB) to the CRAB cache. Using URI https://cmsweb.cern.ch/S3/crabcache_prod
DEBUG 2025-05-21 21:56:49.700 UTC: 	 Encoded data for curl request: subresource=upload&objecttype=sandbox&tarballname=d993c87d23f928f0771b86e86bb7d8d36fcd281d0cbb21a00b31139f5248879c.tar.gz
DEBUG 2025-05-21 21:56:49.743 UTC: 	 sandbox d993c87d23f928f0771b86e86bb7d8d36fcd281d0cbb21a00b31139f5248879c.tar.gz is already in the S3 store, will not upload again
DEBUG 2025-05-21 21:56:49.743 UTC: 	 Loading required information from the environment
DEBUG 2025-05-21 21:56:49.743 UTC: 	 Found CMSSW_14_0_18_patch1 for el9_amd64_gcc12 with base /afs/cern.ch/user/a/amalhotr/CMSSW_14_0_18_patch1
DEBUG 2025-05-21 21:56:49.743 UTC: 	 Making tarball in /afs/cern.ch/user/a/amalhotr/CMSSW_14_0_18_patch1/src/Run3ScoutingAnalysisTools/crab_RealData_noLFNDirectory_All_Automatic_v1/inputs/debugFiles.tgz
DEBUG 2025-05-21 21:56:49.748 UTC: 	 Uploading archive /afs/cern.ch/user/a/amalhotr/CMSSW_14_0_18_patch1/src/Run3ScoutingAnalysisTools/crab_RealData_noLFNDirectory_All_Automatic_v1/inputs/debugFiles.tgz (3 KB) to the CRAB cache. Using URI https://cmsweb.cern.ch/S3/crabcache_prod
DEBUG 2025-05-21 21:56:49.750 UTC: 	 Encoded data for curl request: subresource=upload&objecttype=sandbox&tarballname=567f02a8b1eeb7af00325b9ff61c11042c329589673c6e9a473a2c2ac2c582ee.tar.gz
DEBUG 2025-05-21 21:56:49.792 UTC: 	 Will execute:
curl -f -v -X POST  -H "User-Agent: CRAB" -F "key=amalhotr/sandboxes/567f02a8b1eeb7af00325b9ff61c11042c329589673c6e9a473a2c2ac2c582ee.tar.gz" -F "AWSAccessKeyId=715203df6482458ba839e73e6dab634b" -F "policy=eyJleHBpcmF0aW9uIjogIjIwMjUtMDUtMjFUMjI6NTY6NDlaIiwgImNvbmRpdGlvbnMiOiBbeyJidWNrZXQiOiAiY3JhYmNhY2hlX3Byb2QifSwgeyJrZXkiOiAiYW1hbGhvdHIvc2FuZGJveGVzLzU2N2YwMmE4YjFlZWI3YWYwMDMyNWI5ZmY2MWMxMTA0MmMzMjk1ODk2NzNjNmU5YTQ3M2EyYzJhYzJjNTgyZWUudGFyLmd6In1dfQ==" -F "signature=qkrJ9RQqDwBbaTqSTmo7OfkZXjs=" -F "file=@/afs/cern.ch/user/a/amalhotr/CMSSW_14_0_18_patch1/src/Run3ScoutingAnalysisTools/crab_RealData_noLFNDirectory_All_Automatic_v1/inputs/debugFiles.tgz" "https://s3.cern.ch/crabcache_prod"
DEBUG 2025-05-21 21:56:49.838 UTC: 	 exitcode: 0
stdout: b''
DEBUG 2025-05-21 21:56:49.838 UTC: 	 upload to S3 of sandbox /afs/cern.ch/user/a/amalhotr/CMSSW_14_0_18_patch1/src/Run3ScoutingAnalysisTools/crab_RealData_noLFNDirectory_All_Automatic_v1/inputs/debugFiles.tgz completed
DEBUG 2025-05-21 21:56:49.838 UTC: 	 make sure that object is ready for retrieve
DEBUG 2025-05-21 21:56:50.840 UTC: 	 Encoded data for curl request: subresource=download&objecttype=sandbox&tarballname=567f02a8b1eeb7af00325b9ff61c11042c329589673c6e9a473a2c2ac2c582ee.tar.gz&clientmethod=head_object
DEBUG 2025-05-21 21:56:50.881 UTC: 	 PreSignedUrl to download sandbox received OK
DEBUG 2025-05-21 21:56:50.883 UTC: 	 Will execute:
 curl -v -s -f -o /dev/null --head  "https://s3.cern.ch/crabcache_prod/amalhotr/sandboxes/567f02a8b1eeb7af00325b9ff61c11042c329589673c6e9a473a2c2ac2c582ee.tar.gz?AWSAccessKeyId=715203df6482458ba839e73e6dab634b&Signature=MXn83eGcBa%2Fx3LFtGSxLNqKGsS8%3D&Expires=1747868210"
DEBUG 2025-05-21 21:56:50.911 UTC: 	 exitcode: 0
stdout: b''
DEBUG 2025-05-21 21:56:50.912 UTC: 	 sandbox /afs/cern.ch/user/a/amalhotr/CMSSW_14_0_18_patch1/src/Run3ScoutingAnalysisTools/crab_RealData_noLFNDirectory_All_Automatic_v1/inputs/debugFiles.tgz successfully uploaded to S3
DEBUG 2025-05-21 21:56:50.912 UTC: 	 Result uploading input files: d993c87d23f928f0771b86e86bb7d8d36fcd281d0cbb21a00b31139f5248879c.tar.gz 
DEBUG 2025-05-21 21:56:50.912 UTC: 	 submit() - self.configuration from WMCore.Configuration import Configuration
config = Configuration()
config.section_('General')
config.General.transferOutputs = True
config.General.transferLogs = True
config.General.requestName = 'RealData_noLFNDirectory_All_Automatic_v1'
config.section_('JobType')
config.JobType.pluginName = 'Analysis'
config.JobType.psetName = 'UnifiedScoutingVertexingTreeMaker.py'
config.section_('Data')
config.Data.outputDatasetTag = 'RealData_noLFNDirectory_All_Automatic_v1'
config.Data.inputDataset = '/ScoutingPFRun3/Run2024H-v1/HLTSCOUT'
config.Data.allowNonValidInputDataset = True
config.Data.publication = False
config.Data.inputDBS = 'global'
config.Data.splitting = 'Automatic'
config.section_('Site')
config.Site.storageSite = 'T3_CH_CERNBOX'
config.section_('User')
config.section_('Debug')

DEBUG 2025-05-21 21:56:50.912 UTC: 	 submit() - self.configreq {'dryrun': 0, 'workflow': 'crab_RealData_noLFNDirectory_All_Automatic_v1', 'saveoutput': 1, 'savelogsflag': 1, 'inputdata': '/ScoutingPFRun3/Run2024H-v1/HLTSCOUT', 'nonvaliddata': 1, 'userfiles': [], 'dbsurl': 'https://cmsweb.cern.ch/dbs/prod/global/DBSReader', 'useparent': 0, 'ignorelocality': 0, 'splitalgo': 'Automatic', 'algoargs': 480, 'totalunits': 0, 'publication': 0, 'publishdbsurl': 'https://cmsweb.cern.ch/dbs/prod/phys03/DBSWriter', 'publishname2': 'RealData_noLFNDirectory_All_Automatic_v1', 'jobtype': 'Analysis', 'generator': 'pythia', 'addoutputfiles': [], 'maxjobruntime': 1250, 'numcores': 1, 'maxmemory': 2000, 'priority': 10, 'nonprodsw': 0, 'asyncdest': 'T3_CH_CERNBOX', 'requireaccelerator': 0, 'oneEventMode': 0, 'extrajdl': [], 'ignoreglobalblacklist': 0, 'partialdataset': 0, 'inputblocks': []}
DEBUG 2025-05-21 21:56:50.912 UTC: 	 submit() - jobconfig {'addoutputfiles': [], 'tfileoutfiles': ['DY2M_ScoutingTree_Output_5_inputlocalrun.root'], 'edmoutfiles': [], 'jobarch': 'el9_amd64_gcc12', 'jobminuarch': 'any', 'jobsw': 'CMSSW_14_0_18_patch1', 'inputdata': '/ScoutingPFRun3/Run2024H-v1/HLTSCOUT', 'cacheurl': 'https://cmsweb.cern.ch/S3/crabcache_prod', 'cachefilename': 'd993c87d23f928f0771b86e86bb7d8d36fcd281d0cbb21a00b31139f5248879c.tar.gz', 'debugfilename': '567f02a8b1eeb7af00325b9ff61c11042c329589673c6e9a473a2c2ac2c582ee.tar.gz', 'jobtype': 'Analysis'}
INFO 2025-05-21 21:56:50.912 UTC: 	 Sending the request to the server at cmsweb.cern.ch
DEBUG 2025-05-21 21:56:50.912 UTC: 	 Submitting {'dryrun': 0, 'workflow': 'crab_RealData_noLFNDirectory_All_Automatic_v1', 'saveoutput': 1, 'savelogsflag': 1, 'inputdata': '/ScoutingPFRun3/Run2024H-v1/HLTSCOUT', 'nonvaliddata': 1, 'userfiles': [], 'dbsurl': 'https://cmsweb.cern.ch/dbs/prod/global/DBSReader', 'useparent': 0, 'ignorelocality': 0, 'splitalgo': 'Automatic', 'algoargs': 480, 'totalunits': 0, 'publication': 0, 'publishdbsurl': 'https://cmsweb.cern.ch/dbs/prod/phys03/DBSWriter', 'publishname2': 'RealData_noLFNDirectory_All_Automatic_v1', 'jobtype': 'Analysis', 'generator': 'pythia', 'addoutputfiles': [], 'maxjobruntime': 1250, 'numcores': 1, 'maxmemory': 2000, 'priority': 10, 'nonprodsw': 0, 'asyncdest': 'T3_CH_CERNBOX', 'requireaccelerator': 0, 'oneEventMode': 0, 'extrajdl': [], 'ignoreglobalblacklist': 0, 'partialdataset': 0, 'inputblocks': [], 'tfileoutfiles': ['DY2M_ScoutingTree_Output_5_inputlocalrun.root'], 'edmoutfiles': [], 'jobarch': 'el9_amd64_gcc12', 'jobminuarch': 'any', 'jobsw': 'CMSSW_14_0_18_patch1', 'cacheurl': 'https://cmsweb.cern.ch/S3/crabcache_prod', 'cachefilename': 'd993c87d23f928f0771b86e86bb7d8d36fcd281d0cbb21a00b31139f5248879c.tar.gz', 'debugfilename': '567f02a8b1eeb7af00325b9ff61c11042c329589673c6e9a473a2c2ac2c582ee.tar.gz'} 
DEBUG 2025-05-21 21:56:50.912 UTC: 	 Encoded data for curl request: dryrun=0&workflow=crab_RealData_noLFNDirectory_All_Automatic_v1&saveoutput=1&savelogsflag=1&inputdata=%2FScoutingPFRun3%2FRun2024H-v1%2FHLTSCOUT&nonvaliddata=1&dbsurl=https%3A%2F%2Fcmsweb.cern.ch%2Fdbs%2Fprod%2Fglobal%2FDBSReader&useparent=0&ignorelocality=0&splitalgo=Automatic&algoargs=480&totalunits=0&publication=0&publishdbsurl=https%3A%2F%2Fcmsweb.cern.ch%2Fdbs%2Fprod%2Fphys03%2FDBSWriter&publishname2=RealData_noLFNDirectory_All_Automatic_v1&jobtype=Analysis&generator=pythia&maxjobruntime=1250&numcores=1&maxmemory=2000&priority=10&nonprodsw=0&asyncdest=T3_CH_CERNBOX&requireaccelerator=0&oneEventMode=0&ignoreglobalblacklist=0&partialdataset=0&jobarch=el9_amd64_gcc12&jobminuarch=any&jobsw=CMSSW_14_0_18_patch1&cacheurl=https%3A%2F%2Fcmsweb.cern.ch%2FS3%2Fcrabcache_prod&cachefilename=d993c87d23f928f0771b86e86bb7d8d36fcd281d0cbb21a00b31139f5248879c.tar.gz&debugfilename=567f02a8b1eeb7af00325b9ff61c11042c329589673c6e9a473a2c2ac2c582ee.tar.gz&tfileoutfiles=DY2M_ScoutingTree_Output_5_inputlocalrun.root
DEBUG 2025-05-21 21:56:50.965 UTC: 	 Result: {'result': [{'RequestName': '250521_215650:amalhotr_crab_RealData_noLFNDirectory_All_Automatic_v1'}]}
INFO 2025-05-21 21:56:50.968 UTC: 	 Success: Your task has been delivered to the prod CRAB3 server.
INFO 2025-05-21 21:56:50.969 UTC: 	 Task name: 250521_215650:amalhotr_crab_RealData_noLFNDirectory_All_Automatic_v1
INFO 2025-05-21 21:56:50.969 UTC: 	 Project dir: ./crab_RealData_noLFNDirectory_All_Automatic_v1
INFO 2025-05-21 21:56:50.969 UTC: 	 Please use ' crab status -d ./crab_RealData_noLFNDirectory_All_Automatic_v1 ' to check how the submission process proceeds.
DEBUG 2025-05-21 21:56:50.969 UTC: 	 About to return
INFO 2025-05-21 21:56:50.971 UTC: 	 Log file is /afs/cern.ch/user/a/amalhotr/CMSSW_14_0_18_patch1/src/Run3ScoutingAnalysisTools/crab_RealData_noLFNDirectory_All_Automatic_v1/crab.log
DEBUG 2025-05-21 22:00:21.932 UTC: 	 CRAB Client version: v3.250409
DEBUG 2025-05-21 22:00:21.932 UTC: 	 Running on: Linux lxplus978.cern.ch 5.14.0-503.34.1.el9_5.x86_64 #1 SMP PREEMPT_DYNAMIC Mon Mar 17 21:49:47 EDT 2025 x86_64 x86_64 x86_64 GNU/Linux
DEBUG 2025-05-21 22:00:21.932 UTC: 	 Not using Singularity
DEBUG 2025-05-21 22:00:21.932 UTC: 	 Operating System: Red Hat Enterprise Linux 9.5 (Plow)
DEBUG 2025-05-21 22:00:21.932 UTC: 	 Executing command: 'status'
DEBUG 2025-05-21 22:00:21.932 UTC: 	 Found CRAB cache file /afs/cern.ch/user/a/amalhotr/.crab3
DEBUG 2025-05-21 22:00:22.092 UTC: 	 Checking credentials
DEBUG 2025-05-21 22:00:22.092 UTC: 	 Found proxy file /tmp/x509up_u180451
DEBUG 2025-05-21 22:00:22.092 UTC: 	 Making sure it has proper VOMS extension
DEBUG 2025-05-21 22:00:22.092 UTC: 	 Executing command :
 voms-proxy-info --vo --file /tmp/x509up_u180451
DEBUG 2025-05-21 22:00:22.616 UTC: 	 output : cms

 error: 
 retcode : 0
DEBUG 2025-05-21 22:00:22.616 UTC: 	 Getting proxy life time left
DEBUG 2025-05-21 22:00:22.616 UTC: 	 Executing command :
 voms-proxy-info --actimeleft --timeleft --file /tmp/x509up_u180451
DEBUG 2025-05-21 22:00:23.069 UTC: 	 output : 686054
686054

 error: 
 retcode : 0
DEBUG 2025-05-21 22:00:23.070 UTC: 	 Proxy valid for 190:34:14 hours
DEBUG 2025-05-21 22:00:23.070 UTC: 	 Encoded data for curl request: subresource=delegatedn
DEBUG 2025-05-21 22:00:23.134 UTC: 	 Registering user credentials on myproxy for /DC=ch/DC=cern/OU=computers/CN=crab-(preprod|prod)-tw(01|02).cern.ch|/DC=ch/DC=cern/OU=computers/CN=crab-dev-tw(01|02|03|04).cern.ch|/DC=ch/DC=cern/OU=Organic Units/OU=Users/CN=cmscrab/CN=(817881|373708)/CN=Robot: cms crab|/DC=ch/DC=cern/OU=Organic Units/OU=Users/CN=crabint1/CN=373708/CN=Robot: CMS CRAB Integration 1
DEBUG 2025-05-21 22:00:23.134 UTC: 	 Executing command :
 voms-proxy-info --identity --file /tmp/x509up_u180451
DEBUG 2025-05-21 22:00:23.574 UTC: 	 output : /DC=ch/DC=cern/OU=Organic Units/OU=Users/CN=amalhotr/CN=884837/CN=Aryan Malhotra

 error: 
 retcode : 0
DEBUG 2025-05-21 22:00:23.575 UTC: 	 Getting myproxy life time left for 2382a3cf28fdeacb1de9b039908761ea517a5ed6
DEBUG 2025-05-21 22:00:23.575 UTC: 	 Executing command :
 myproxy-info -s myproxy.cern.ch -l 2382a3cf28fdeacb1de9b039908761ea517a5ed6
DEBUG 2025-05-21 22:00:23.952 UTC: 	 output : username: 2382a3cf28fdeacb1de9b039908761ea517a5ed6
owner: /DC=ch/DC=cern/OU=Organic Units/OU=Users/CN=amalhotr/CN=884837/CN=Aryan Malhotra
  renewal policy: /DC=ch/DC=cern/OU=computers/CN=crab-(preprod|prod)-tw(01|02).cern.ch|/DC=ch/DC=cern/OU=computers/CN=crab-dev-tw(01|02|03|04).cern.ch|/DC=ch/DC=cern/OU=Organic Units/OU=Users/CN=cmscrab/CN=(817881|373708)/CN=Robot: cms crab|/DC=ch/DC=cern/OU=Organic Units/OU=Users/CN=crabint1/CN=373708/CN=Robot: CMS CRAB Integration 1
  trusted retrieval policy: /DC=ch/DC=cern/OU=computers/CN=crab-(preprod|prod)-tw(01|02).cern.ch|/DC=ch/DC=cern/OU=computers/CN=crab-dev-tw(01|02|03|04).cern.ch|/DC=ch/DC=cern/OU=Organic Units/OU=Users/CN=cmscrab/CN=(817881|373708)/CN=Robot: cms crab|/DC=ch/DC=cern/OU=Organic Units/OU=Users/CN=crabint1/CN=373708/CN=Robot: CMS CRAB Integration 1
  timeleft: 560:53:10  (23.4 days)

 error: 
 retcode : 0
DEBUG 2025-05-21 22:00:23.952 UTC: 	 Myproxy is valid: 2019180
DEBUG 2025-05-21 22:00:23.952 UTC: 	 Result of myproxy credential check:
  Credential exists on myproxy: username: 2382a3cf28fdeacb1de9b039908761ea517a5ed6  - validity: 23 days, 8:53:00
DEBUG 2025-05-21 22:00:23.952 UTC: 	 Retrieving username ...
DEBUG 2025-05-21 22:00:23.952 UTC: 	 Retrieving username from CRIC...
DEBUG 2025-05-21 22:00:24.789 UTC: 	 username is amalhotr
INFO 2025-05-21 22:00:25.550 UTC: 	 Rucio client intialized for account amalhotr
DEBUG 2025-05-21 22:00:25.550 UTC: 	 Command use: status
DEBUG 2025-05-21 22:00:25.551 UTC: 	 Options use: ['-d', './crab_RealData_noLFNDirectory_All_Automatic_v1']
DEBUG 2025-05-21 22:00:25.551 UTC: 	 Encoded data for curl request: subresource=version
DEBUG 2025-05-21 22:00:25.598 UTC: 	 CRABClient version: v3.250409
DEBUG 2025-05-21 22:00:25.598 UTC: 	 Instance is prod
DEBUG 2025-05-21 22:00:25.598 UTC: 	 Server base url is cmsweb.cern.ch
DEBUG 2025-05-21 22:00:25.598 UTC: 	 Command api workflow
DEBUG 2025-05-21 22:00:25.598 UTC: 	 Encoded data for curl request: subresource=search&workflow=250521_215650%3Aamalhotr_crab_RealData_noLFNDirectory_All_Automatic_v1
DEBUG 2025-05-21 22:00:25.677 UTC: 	 Got information from server oracle database: {'desc': {'columns': ['tm_taskname', 'tm_activity', 'tm_task_status', 'tm_task_command', 'tm_start_time', 'tm_start_injection', 'tm_end_injection', 'tm_task_failure', 'tm_job_sw', 'tm_job_arch', 'tm_input_dataset', 'tm_nonvalid_input_dataset', 'tm_use_parent', 'tm_site_whitelist', 'tm_site_blacklist', 'tm_split_algo', 'tm_split_args', 'tm_user_sandbox', 'tm_cache_url', 'tm_username', 'tm_user_dn', 'tm_user_vo', 'tm_user_role', 'tm_user_group', 'tm_publish_name', 'tm_publish_groupname', 'tm_asyncdest', 'tm_dbs_url', 'tm_publish_dbs_url', 'tm_publication', 'tm_outfiles', 'tm_tfile_outfiles', 'tm_edm_outfiles', 'tm_job_type', 'tm_generator', 'tm_events_per_lumi', 'tm_arguments', 'tm_save_logs', 'tw_name', 'tm_user_infiles', 'tm_maxjobruntime', 'tm_numcores', 'tm_maxmemory', 'tm_priority', 'tm_output_dataset', 'tm_task_warnings', 'tm_user_webdir', 'tm_scriptexe', 'tm_scriptargs', 'tm_extrajdl', 'tm_collector', 'tm_schedd', 'tm_dry_run', 'tm_user_files', 'tm_transfer_outputs', 'tm_output_lfn', 'tm_ignore_locality', 'tm_fail_limit', 'tm_one_event_mode', 'tm_secondary_input_dataset', 'tm_primary_dataset', 'tm_last_publication', 'tm_debug_files', 'clusterid', 'tm_ignore_global_blacklist', 'tm_submitter_ip_addr', 'tm_totalunits', 'tm_ddm_reqid', 'tm_user_config', 'tm_transfer_container', 'tm_transfer_rule', 'tm_publish_rule', 'tm_multipub_rule', 'tm_job_min_microarch', 'tm_dagman_status', 'tm_num_jobs', 'tm_uploaded']}, 'result': ['250521_215650:amalhotr_crab_RealData_noLFNDirectory_All_Automatic_v1', 'None', 'SUBMITTED', 'SUBMIT', '2025-05-21 21:56:50.959599', 'None', '2025-05-21 21:57:49.476567', 'None', 'CMSSW_14_0_18_patch1', 'el9_amd64_gcc12', '/ScoutingPFRun3/Run2024H-v1/HLTSCOUT', 'T', '0', '[]', '[]', 'Automatic', "{'halt_job_on_file_boundaries': False, 'splitOnRun': False, 'minutes_per_job': 480, 'runs': [], 'lumis': []}", 'd993c87d23f928f0771b86e86bb7d8d36fcd281d0cbb21a00b31139f5248879c.tar.gz', 'https://cmsweb.cern.ch/S3/crabcache_prod', 'amalhotr', '/DC=ch/DC=cern/OU=Organic Units/OU=Users/CN=amalhotr/CN=884837/CN=Aryan Malhotra', 'cms', 'None', 'None', 'RealData_noLFNDirectory_All_Automatic_v1-00000000000000000000000000000000', 'F', 'T3_CH_CERNBOX', 'https://cmsweb.cern.ch/dbs/prod/global/DBSReader', 'https://cmsweb.cern.ch/dbs/prod/phys03/DBSWriter', 'F', '[]', "['DY2M_ScoutingTree_Output_5_inputlocalrun.root']", '[]', 'Analysis', 'pythia', 'None', '{}', 'T', 'crab-prod-tw01', '[]', '1250', '1', '2000', '10', 'None', '[]', 'http://vocms0121.cern.ch/mon/amalhotr/250521_215650:amalhotr_crab_RealData_noLFNDirectory_All_Automatic_v1', 'None', '[]', '[]', 'cmsgwms-collector-global.cern.ch:9620,cmsgwms-collector-global.fnal.gov:9620', 'crab3@vocms0121.cern.ch', 'F', '[]', 'T', '/store/user/amalhotr/', 'F', 'None', 'F', 'None', 'ScoutingPFRun3', 'None', '567f02a8b1eeb7af00325b9ff61c11042c329589673c6e9a473a2c2ac2c582ee.tar.gz', '123386083', 'F', '188.185.89.202', '0.0', 'None', '{"partialdataset": false, "requireaccelerator": false, "acceleratorparams": null, "inputblocks": null}', 'None', 'None', 'None', 'None', 'any', 'RUNNING', '5', 'F']}
INFO 2025-05-21 22:00:25.677 UTC: 	 CRAB project directory:		/afs/cern.ch/user/a/amalhotr/CMSSW_14_0_18_patch1/src/Run3ScoutingAnalysisTools/crab_RealData_noLFNDirectory_All_Automatic_v1
INFO 2025-05-21 22:00:25.677 UTC: 	 Task name:			250521_215650:amalhotr_crab_RealData_noLFNDirectory_All_Automatic_v1
INFO 2025-05-21 22:00:25.677 UTC: 	 Grid scheduler - Task Worker:	crab3@vocms0121.cern.ch - crab-prod-tw01
INFO 2025-05-21 22:00:25.678 UTC: 	 Status on the CRAB server:	SUBMITTED
INFO 2025-05-21 22:00:25.678 UTC: 	 Task URL to use for HELP:	https://cmsweb.cern.ch/crabserver/ui/task/250521_215650%3Aamalhotr_crab_RealData_noLFNDirectory_All_Automatic_v1
INFO 2025-05-21 22:00:25.686 UTC: 	 Dashboard monitoring URL:	https://monit-grafana.cern.ch/d/cmsTMDetail/cms-task-monitoring-task-view?orgId=11&var-user=amalhotr&var-task=250521_215650%3Aamalhotr_crab_RealData_noLFNDirectory_All_Automatic_v1&from=1747861010000&to=now
DEBUG 2025-05-21 22:00:25.686 UTC: 	 The CRAB server submitted your task to the Grid scheduler (cluster ID: 123386083)
DEBUG 2025-05-21 22:00:25.686 UTC: 	 Webdir is located at http://vocms0121.cern.ch/mon/amalhotr/250521_215650:amalhotr_crab_RealData_noLFNDirectory_All_Automatic_v1
DEBUG 2025-05-21 22:00:25.686 UTC: 	 Encoded data for curl request: subresource=webdirprx&workflow=250521_215650%3Aamalhotr_crab_RealData_noLFNDirectory_All_Automatic_v1
DEBUG 2025-05-21 22:00:25.731 UTC: 	 Proxied webdir is located at https://cmsweb.cern.ch/scheddmon/0121/amalhotr/250521_215650:amalhotr_crab_RealData_noLFNDirectory_All_Automatic_v1
DEBUG 2025-05-21 22:00:25.732 UTC: 	 Retrieving 'status_cache' file from https://cmsweb.cern.ch/scheddmon/0121/amalhotr/250521_215650:amalhotr_crab_RealData_noLFNDirectory_All_Automatic_v1/status_cache.pkl
DEBUG 2025-05-21 22:00:25.732 UTC: 	 Will execute:
curl -sS --capath /etc/grid-security/certificates --cert /tmp/x509up_u180451 --key /tmp/x509up_u180451 -o /tmp/crab_status-cache-hf_q6sdb.pkl -w %"{http_code}" "https://cmsweb.cern.ch/scheddmon/0121/amalhotr/250521_215650:amalhotr_crab_RealData_noLFNDirectory_All_Automatic_v1/status_cache.pkl"
DEBUG 2025-05-21 22:00:25.732 UTC: 	 Executing command :
 curl -sS --capath /etc/grid-security/certificates --cert /tmp/x509up_u180451 --key /tmp/x509up_u180451 -o /tmp/crab_status-cache-hf_q6sdb.pkl -w %"{http_code}" "https://cmsweb.cern.ch/scheddmon/0121/amalhotr/250521_215650:amalhotr_crab_RealData_noLFNDirectory_All_Automatic_v1/status_cache.pkl"
DEBUG 2025-05-21 22:00:25.796 UTC: 	 output : 200
 error: 
 retcode : 0
DEBUG 2025-05-21 22:00:25.796 UTC: 	 exitcode: 0
stdout: 200
stderr: 
error details: 
DEBUG 2025-05-21 22:00:25.797 UTC: 	 Got information from status cache file: {'0-1': {'Retries': 0, 'Restarts': 0, 'SiteHistory': ['Unknown'], 'ResidentSetSize': [0], 'SubmitTimes': [1747864737.0], 'StartTimes': [], 'EndTimes': [], 'TotalUserCpuTimeHistory': [0.0], 'TotalSysCpuTimeHistory': [0.0], 'WallDurations': [0], 'JobIds': ['123386098.0'], 'State': 'unsubmitted', 'RecordedSite': False}, '0-2': {'Retries': 0, 'Restarts': 0, 'SiteHistory': ['Unknown'], 'ResidentSetSize': [0], 'SubmitTimes': [1747864737.0], 'StartTimes': [], 'EndTimes': [], 'TotalUserCpuTimeHistory': [0.0], 'TotalSysCpuTimeHistory': [0.0], 'WallDurations': [0], 'JobIds': ['123386099.0'], 'State': 'unsubmitted', 'RecordedSite': False}, '0-5': {'Retries': 0, 'Restarts': 0, 'SiteHistory': ['Unknown'], 'ResidentSetSize': [0], 'SubmitTimes': [1747864737.0], 'StartTimes': [], 'EndTimes': [], 'TotalUserCpuTimeHistory': [0.0], 'TotalSysCpuTimeHistory': [0.0], 'WallDurations': [0], 'JobIds': ['123386100.0'], 'State': 'unsubmitted', 'RecordedSite': False}, '0-4': {'Retries': 0, 'Restarts': 0, 'SiteHistory': ['Unknown'], 'ResidentSetSize': [0], 'SubmitTimes': [1747864737.0], 'StartTimes': [], 'EndTimes': [], 'TotalUserCpuTimeHistory': [0.0], 'TotalSysCpuTimeHistory': [0.0], 'WallDurations': [0], 'JobIds': ['123386101.0'], 'State': 'unsubmitted', 'RecordedSite': False}, '0-3': {'Retries': 0, 'Restarts': 0, 'SiteHistory': ['Unknown'], 'ResidentSetSize': [0], 'SubmitTimes': [1747864737.0], 'StartTimes': [], 'EndTimes': [], 'TotalUserCpuTimeHistory': [0.0], 'TotalSysCpuTimeHistory': [0.0], 'WallDurations': [0], 'JobIds': ['123386102.0'], 'State': 'unsubmitted', 'RecordedSite': False}}
INFO 2025-05-21 22:00:25.797 UTC: 	 Status on the scheduler:	SUBMITTED
INFO 2025-05-21 22:00:25.798 UTC: 	 
The job splitting of this task is 'Automatic', please refer to this FAQ for a description of the jobs status summary:
https://twiki.cern.ch/twiki/bin/view/CMSPublic/CRAB3FAQ#What_is_the_Automatic_splitting
INFO 2025-05-21 22:00:25.798 UTC: 	 Probe stage log:		https://cmsweb.cern.ch/scheddmon/0121/amalhotr/250521_215650:amalhotr_crab_RealData_noLFNDirectory_All_Automatic_v1/AutomaticSplitting_Log0.txt
INFO 2025-05-21 22:00:25.798 UTC: 	 More details of Automatic Splitting process for this task (including possible failures) are in the Dagman Log files in:
https://cmsweb.cern.ch/scheddmon/0121/amalhotr/250521_215650:amalhotr_crab_RealData_noLFNDirectory_All_Automatic_v1/AutomaticSplitting/
INFO 2025-05-21 22:00:25.798 UTC: 	 
No publication information (publication has been disabled in the CRAB configuration file)
INFO 2025-05-21 22:00:25.809 UTC: 	 Log file is /afs/cern.ch/user/a/amalhotr/CMSSW_14_0_18_patch1/src/Run3ScoutingAnalysisTools/crab_RealData_noLFNDirectory_All_Automatic_v1/crab.log
DEBUG 2025-05-22 20:50:36.653 UTC: 	 CRAB Client version: v3.250409
DEBUG 2025-05-22 20:50:36.653 UTC: 	 Running on: Linux lxplus978.cern.ch 5.14.0-503.34.1.el9_5.x86_64 #1 SMP PREEMPT_DYNAMIC Mon Mar 17 21:49:47 EDT 2025 x86_64 x86_64 x86_64 GNU/Linux
DEBUG 2025-05-22 20:50:36.653 UTC: 	 Not using Singularity
DEBUG 2025-05-22 20:50:36.653 UTC: 	 Operating System: Red Hat Enterprise Linux 9.6 (Plow)
DEBUG 2025-05-22 20:50:36.653 UTC: 	 Executing command: 'kill'
DEBUG 2025-05-22 20:50:36.653 UTC: 	 Found CRAB cache file /afs/cern.ch/user/a/amalhotr/.crab3
DEBUG 2025-05-22 20:50:36.722 UTC: 	 Checking credentials
DEBUG 2025-05-22 20:50:36.722 UTC: 	 Found proxy file /tmp/x509up_u180451
DEBUG 2025-05-22 20:50:36.722 UTC: 	 Making sure it has proper VOMS extension
DEBUG 2025-05-22 20:50:36.722 UTC: 	 Executing command :
 voms-proxy-info --vo --file /tmp/x509up_u180451
DEBUG 2025-05-22 20:50:37.089 UTC: 	 output : cms

 error: 
 retcode : 0
DEBUG 2025-05-22 20:50:37.089 UTC: 	 Getting proxy life time left
DEBUG 2025-05-22 20:50:37.089 UTC: 	 Executing command :
 voms-proxy-info --actimeleft --timeleft --file /tmp/x509up_u180451
DEBUG 2025-05-22 20:50:37.426 UTC: 	 output : 682690
682689

 error: 
 retcode : 0
DEBUG 2025-05-22 20:50:37.426 UTC: 	 Proxy valid for 189:38:09 hours
DEBUG 2025-05-22 20:50:37.426 UTC: 	 Encoded data for curl request: subresource=delegatedn
DEBUG 2025-05-22 20:50:37.472 UTC: 	 Registering user credentials on myproxy for /DC=ch/DC=cern/OU=computers/CN=crab-(preprod|prod)-tw(01|02).cern.ch|/DC=ch/DC=cern/OU=computers/CN=crab-dev-tw(01|02|03|04).cern.ch|/DC=ch/DC=cern/OU=Organic Units/OU=Users/CN=cmscrab/CN=(817881|373708)/CN=Robot: cms crab|/DC=ch/DC=cern/OU=Organic Units/OU=Users/CN=crabint1/CN=373708/CN=Robot: CMS CRAB Integration 1
DEBUG 2025-05-22 20:50:37.472 UTC: 	 Executing command :
 voms-proxy-info --identity --file /tmp/x509up_u180451
DEBUG 2025-05-22 20:50:37.826 UTC: 	 output : /DC=ch/DC=cern/OU=Organic Units/OU=Users/CN=amalhotr/CN=884837/CN=Aryan Malhotra

 error: 
 retcode : 0
DEBUG 2025-05-22 20:50:37.826 UTC: 	 Getting myproxy life time left for 2382a3cf28fdeacb1de9b039908761ea517a5ed6
DEBUG 2025-05-22 20:50:37.826 UTC: 	 Executing command :
 myproxy-info -s myproxy.cern.ch -l 2382a3cf28fdeacb1de9b039908761ea517a5ed6
DEBUG 2025-05-22 20:50:38.108 UTC: 	 output : username: 2382a3cf28fdeacb1de9b039908761ea517a5ed6
owner: /DC=ch/DC=cern/OU=Organic Units/OU=Users/CN=amalhotr/CN=884837/CN=Aryan Malhotra
  renewal policy: /DC=ch/DC=cern/OU=computers/CN=crab-(preprod|prod)-tw(01|02).cern.ch|/DC=ch/DC=cern/OU=computers/CN=crab-dev-tw(01|02|03|04).cern.ch|/DC=ch/DC=cern/OU=Organic Units/OU=Users/CN=cmscrab/CN=(817881|373708)/CN=Robot: cms crab|/DC=ch/DC=cern/OU=Organic Units/OU=Users/CN=crabint1/CN=373708/CN=Robot: CMS CRAB Integration 1
  trusted retrieval policy: /DC=ch/DC=cern/OU=computers/CN=crab-(preprod|prod)-tw(01|02).cern.ch|/DC=ch/DC=cern/OU=computers/CN=crab-dev-tw(01|02|03|04).cern.ch|/DC=ch/DC=cern/OU=Organic Units/OU=Users/CN=cmscrab/CN=(817881|373708)/CN=Robot: cms crab|/DC=ch/DC=cern/OU=Organic Units/OU=Users/CN=crabint1/CN=373708/CN=Robot: CMS CRAB Integration 1
  timeleft: 538:02:55  (22.4 days)

 error: 
 retcode : 0
DEBUG 2025-05-22 20:50:38.108 UTC: 	 Myproxy is valid: 1936920
DEBUG 2025-05-22 20:50:38.108 UTC: 	 Result of myproxy credential check:
  Credential exists on myproxy: username: 2382a3cf28fdeacb1de9b039908761ea517a5ed6  - validity: 22 days, 10:02:00
DEBUG 2025-05-22 20:50:38.108 UTC: 	 Command use: kill
DEBUG 2025-05-22 20:50:38.108 UTC: 	 Options use: ['-d', './crab_RealData_noLFNDirectory_All_Automatic_v1']
DEBUG 2025-05-22 20:50:38.109 UTC: 	 Encoded data for curl request: subresource=version
DEBUG 2025-05-22 20:50:38.155 UTC: 	 CRABClient version: v3.250409
DEBUG 2025-05-22 20:50:38.155 UTC: 	 Instance is prod
DEBUG 2025-05-22 20:50:38.155 UTC: 	 Server base url is cmsweb.cern.ch
DEBUG 2025-05-22 20:50:38.155 UTC: 	 Command api workflow
DEBUG 2025-05-22 20:50:38.155 UTC: 	 Killing task 250521_215650:amalhotr_crab_RealData_noLFNDirectory_All_Automatic_v1
DEBUG 2025-05-22 20:50:38.156 UTC: 	 Encoded data for curl request: workflow=250521_215650%3Aamalhotr_crab_RealData_noLFNDirectory_All_Automatic_v1
DEBUG 2025-05-22 20:50:38.213 UTC: 	 Result: {'desc': {'columns': ['tm_taskname', 'tm_task_status', 'tm_task_command', 'tm_user_role', 'tm_user_group', 'tm_task_failure', 'tm_split_algo', 'tm_split_args', 'tm_save_logs', 'tm_username', 'tm_user_dn', 'tm_arguments', 'tm_input_dataset', 'tm_dbs_url', 'tm_task_warnings', 'tm_publication', 'tm_user_webdir', 'tm_output_dataset', 'tm_collector', 'tm_schedd', 'tm_dry_run', 'clusterid', 'tm_start_time', 'tw_name', 'tm_dagman_status', 'tm_num_jobs', 'tm_uploaded']}, 'result': [{'result': 'ok'}]}
INFO 2025-05-22 20:50:38.213 UTC: 	 Kill request successfully sent
INFO 2025-05-22 20:50:38.238 UTC: 	 Log file is /afs/cern.ch/user/a/amalhotr/CMSSW_14_0_18_patch1/src/Run3ScoutingAnalysisTools/crab_RealData_noLFNDirectory_All_Automatic_v1/crab.log
DEBUG 2025-09-08 16:49:01.467 UTC: 	 CRAB Client version: v3.250820
DEBUG 2025-09-08 16:49:01.468 UTC: 	 Running on: Linux lxplus935.cern.ch 5.14.0-570.37.1.el9_6.x86_64 #1 SMP PREEMPT_DYNAMIC Sat Aug 16 01:10:00 EDT 2025 x86_64 x86_64 x86_64 GNU/Linux
DEBUG 2025-09-08 16:49:01.468 UTC: 	 Not using Singularity
DEBUG 2025-09-08 16:49:01.468 UTC: 	 Operating System: Red Hat Enterprise Linux 9.6 (Plow)
DEBUG 2025-09-08 16:49:01.468 UTC: 	 Executing command: 'kill'
DEBUG 2025-09-08 16:49:01.468 UTC: 	 Found CRAB cache file /afs/cern.ch/user/a/amalhotr/.crab3
DEBUG 2025-09-08 16:49:01.523 UTC: 	 Checking credentials
DEBUG 2025-09-08 16:49:01.523 UTC: 	 Found proxy file /tmp/x509up_u180451
DEBUG 2025-09-08 16:49:01.523 UTC: 	 Making sure it has proper VOMS extension
DEBUG 2025-09-08 16:49:01.523 UTC: 	 Executing command :
 voms-proxy-info --vo --file /tmp/x509up_u180451
DEBUG 2025-09-08 16:49:01.558 UTC: 	 output : cms

 error: 
 retcode : 0
DEBUG 2025-09-08 16:49:01.558 UTC: 	 Getting proxy life time left
DEBUG 2025-09-08 16:49:01.558 UTC: 	 Executing command :
 voms-proxy-info --actimeleft --timeleft --file /tmp/x509up_u180451
DEBUG 2025-09-08 16:49:01.583 UTC: 	 output : 690761
690761

 error: 
 retcode : 0
DEBUG 2025-09-08 16:49:01.583 UTC: 	 Proxy valid for 191:52:41 hours
DEBUG 2025-09-08 16:49:01.583 UTC: 	 Encoded data for curl request: subresource=delegatedn
DEBUG 2025-09-08 16:49:01.625 UTC: 	 Registering user credentials on myproxy for /DC=ch/DC=cern/OU=computers/CN=crab-(preprod|prod)-tw(01|02).cern.ch|/DC=ch/DC=cern/OU=computers/CN=crab-dev-tw(01|02|03|04).cern.ch|/DC=ch/DC=cern/OU=Organic Units/OU=Users/CN=cmscrab/CN=(817881|373708)/CN=Robot: cms crab|/DC=ch/DC=cern/OU=Organic Units/OU=Users/CN=crabint1/CN=373708/CN=Robot: CMS CRAB Integration 1
DEBUG 2025-09-08 16:49:01.626 UTC: 	 Executing command :
 voms-proxy-info --identity --file /tmp/x509up_u180451
DEBUG 2025-09-08 16:49:01.650 UTC: 	 output : /DC=ch/DC=cern/OU=Organic Units/OU=Users/CN=amalhotr/CN=884837/CN=Aryan Malhotra

 error: 
 retcode : 0
DEBUG 2025-09-08 16:49:01.651 UTC: 	 Getting myproxy life time left for 2382a3cf28fdeacb1de9b039908761ea517a5ed6
DEBUG 2025-09-08 16:49:01.651 UTC: 	 Executing command :
 myproxy-info -s myproxy.cern.ch -l 2382a3cf28fdeacb1de9b039908761ea517a5ed6
DEBUG 2025-09-08 16:49:02.012 UTC: 	 output : username: 2382a3cf28fdeacb1de9b039908761ea517a5ed6
owner: /DC=ch/DC=cern/OU=Organic Units/OU=Users/CN=amalhotr/CN=884837/CN=Aryan Malhotra
  renewal policy: /DC=ch/DC=cern/OU=computers/CN=crab-(preprod|prod)-tw(01|02).cern.ch|/DC=ch/DC=cern/OU=computers/CN=crab-dev-tw(01|02|03|04).cern.ch|/DC=ch/DC=cern/OU=Organic Units/OU=Users/CN=cmscrab/CN=(817881|373708)/CN=Robot: cms crab|/DC=ch/DC=cern/OU=Organic Units/OU=Users/CN=crabint1/CN=373708/CN=Robot: CMS CRAB Integration 1
  trusted retrieval policy: /DC=ch/DC=cern/OU=computers/CN=crab-(preprod|prod)-tw(01|02).cern.ch|/DC=ch/DC=cern/OU=computers/CN=crab-dev-tw(01|02|03|04).cern.ch|/DC=ch/DC=cern/OU=Organic Units/OU=Users/CN=cmscrab/CN=(817881|373708)/CN=Robot: cms crab|/DC=ch/DC=cern/OU=Organic Units/OU=Users/CN=crabint1/CN=373708/CN=Robot: CMS CRAB Integration 1
  timeleft: 719:55:41  (30.0 days)

 error: 
 retcode : 0
DEBUG 2025-09-08 16:49:02.013 UTC: 	 Myproxy is valid: 2591700
DEBUG 2025-09-08 16:49:02.013 UTC: 	 Result of myproxy credential check:
  Credential exists on myproxy: username: 2382a3cf28fdeacb1de9b039908761ea517a5ed6  - validity: 29 days, 23:55:00
DEBUG 2025-09-08 16:49:02.013 UTC: 	 Command use: kill
DEBUG 2025-09-08 16:49:02.013 UTC: 	 Options use: ['-d', 'crab_RealData_noLFNDirectory_All_Automatic_v1']
DEBUG 2025-09-08 16:49:02.013 UTC: 	 Encoded data for curl request: subresource=version
DEBUG 2025-09-08 16:49:07.949 UTC: 	 CRABClient version: v3.250820
DEBUG 2025-09-08 16:49:07.950 UTC: 	 Instance is prod
DEBUG 2025-09-08 16:49:07.950 UTC: 	 Server base url is cmsweb.cern.ch
DEBUG 2025-09-08 16:49:07.950 UTC: 	 Command api workflow
DEBUG 2025-09-08 16:49:07.950 UTC: 	 Killing task 250521_215650:amalhotr_crab_RealData_noLFNDirectory_All_Automatic_v1
DEBUG 2025-09-08 16:49:07.950 UTC: 	 Encoded data for curl request: workflow=250521_215650%3Aamalhotr_crab_RealData_noLFNDirectory_All_Automatic_v1
DEBUG 2025-09-08 16:49:08.009 UTC: 	 Result: {'desc': {'columns': ['tm_taskname', 'tm_task_status', 'tm_task_command', 'tm_user_role', 'tm_user_group', 'tm_task_failure', 'tm_split_algo', 'tm_split_args', 'tm_save_logs', 'tm_username', 'tm_user_dn', 'tm_arguments', 'tm_input_dataset', 'tm_dbs_url', 'tm_task_warnings', 'tm_publication', 'tm_user_webdir', 'tm_output_dataset', 'tm_collector', 'tm_schedd', 'tm_dry_run', 'clusterid', 'tm_start_time', 'tw_name', 'tm_dagman_status', 'tm_num_jobs', 'tm_uploaded']}, 'result': [{'result': 'ok'}]}
INFO 2025-09-08 16:49:08.009 UTC: 	 Kill request successfully sent
INFO 2025-09-08 16:49:08.115 UTC: 	 Log file is /afs/cern.ch/user/a/amalhotr/CMSSW_14_0_18_patch1/src/Run3ScoutingAnalysisTools/crab_RealData_noLFNDirectory_All_Automatic_v1/crab.log
DEBUG 2025-09-08 16:56:38.736 UTC: 	 CRAB Client version: v3.250820
DEBUG 2025-09-08 16:56:38.737 UTC: 	 Running on: Linux lxplus935.cern.ch 5.14.0-570.37.1.el9_6.x86_64 #1 SMP PREEMPT_DYNAMIC Sat Aug 16 01:10:00 EDT 2025 x86_64 x86_64 x86_64 GNU/Linux
DEBUG 2025-09-08 16:56:38.737 UTC: 	 Not using Singularity
DEBUG 2025-09-08 16:56:38.737 UTC: 	 Operating System: Red Hat Enterprise Linux 9.6 (Plow)
DEBUG 2025-09-08 16:56:38.737 UTC: 	 Executing command: 'kill'
DEBUG 2025-09-08 16:56:38.737 UTC: 	 Found CRAB cache file /afs/cern.ch/user/a/amalhotr/.crab3
DEBUG 2025-09-08 16:56:38.777 UTC: 	 Checking credentials
DEBUG 2025-09-08 16:56:38.777 UTC: 	 Found proxy file /tmp/x509up_u180451
DEBUG 2025-09-08 16:56:38.777 UTC: 	 Making sure it has proper VOMS extension
DEBUG 2025-09-08 16:56:38.777 UTC: 	 Executing command :
 voms-proxy-info --vo --file /tmp/x509up_u180451
DEBUG 2025-09-08 16:56:38.804 UTC: 	 output : cms

 error: 
 retcode : 0
DEBUG 2025-09-08 16:56:38.804 UTC: 	 Getting proxy life time left
DEBUG 2025-09-08 16:56:38.804 UTC: 	 Executing command :
 voms-proxy-info --actimeleft --timeleft --file /tmp/x509up_u180451
DEBUG 2025-09-08 16:56:38.828 UTC: 	 output : 690304
690304

 error: 
 retcode : 0
DEBUG 2025-09-08 16:56:38.828 UTC: 	 Proxy valid for 191:45:04 hours
DEBUG 2025-09-08 16:56:38.829 UTC: 	 Encoded data for curl request: subresource=delegatedn
DEBUG 2025-09-08 16:56:38.883 UTC: 	 Registering user credentials on myproxy for /DC=ch/DC=cern/OU=computers/CN=crab-(preprod|prod)-tw(01|02).cern.ch|/DC=ch/DC=cern/OU=computers/CN=crab-dev-tw(01|02|03|04).cern.ch|/DC=ch/DC=cern/OU=Organic Units/OU=Users/CN=cmscrab/CN=(817881|373708)/CN=Robot: cms crab|/DC=ch/DC=cern/OU=Organic Units/OU=Users/CN=crabint1/CN=373708/CN=Robot: CMS CRAB Integration 1
DEBUG 2025-09-08 16:56:38.883 UTC: 	 Executing command :
 voms-proxy-info --identity --file /tmp/x509up_u180451
DEBUG 2025-09-08 16:56:38.908 UTC: 	 output : /DC=ch/DC=cern/OU=Organic Units/OU=Users/CN=amalhotr/CN=884837/CN=Aryan Malhotra

 error: 
 retcode : 0
DEBUG 2025-09-08 16:56:38.908 UTC: 	 Getting myproxy life time left for 2382a3cf28fdeacb1de9b039908761ea517a5ed6
DEBUG 2025-09-08 16:56:38.908 UTC: 	 Executing command :
 myproxy-info -s myproxy.cern.ch -l 2382a3cf28fdeacb1de9b039908761ea517a5ed6
DEBUG 2025-09-08 16:56:39.179 UTC: 	 output : username: 2382a3cf28fdeacb1de9b039908761ea517a5ed6
owner: /DC=ch/DC=cern/OU=Organic Units/OU=Users/CN=amalhotr/CN=884837/CN=Aryan Malhotra
  renewal policy: /DC=ch/DC=cern/OU=computers/CN=crab-(preprod|prod)-tw(01|02).cern.ch|/DC=ch/DC=cern/OU=computers/CN=crab-dev-tw(01|02|03|04).cern.ch|/DC=ch/DC=cern/OU=Organic Units/OU=Users/CN=cmscrab/CN=(817881|373708)/CN=Robot: cms crab|/DC=ch/DC=cern/OU=Organic Units/OU=Users/CN=crabint1/CN=373708/CN=Robot: CMS CRAB Integration 1
  trusted retrieval policy: /DC=ch/DC=cern/OU=computers/CN=crab-(preprod|prod)-tw(01|02).cern.ch|/DC=ch/DC=cern/OU=computers/CN=crab-dev-tw(01|02|03|04).cern.ch|/DC=ch/DC=cern/OU=Organic Units/OU=Users/CN=cmscrab/CN=(817881|373708)/CN=Robot: cms crab|/DC=ch/DC=cern/OU=Organic Units/OU=Users/CN=crabint1/CN=373708/CN=Robot: CMS CRAB Integration 1
  timeleft: 719:48:04  (30.0 days)

 error: 
 retcode : 0
DEBUG 2025-09-08 16:56:39.179 UTC: 	 Myproxy is valid: 2591280
DEBUG 2025-09-08 16:56:39.179 UTC: 	 Result of myproxy credential check:
  Credential exists on myproxy: username: 2382a3cf28fdeacb1de9b039908761ea517a5ed6  - validity: 29 days, 23:48:00
DEBUG 2025-09-08 16:56:39.180 UTC: 	 Command use: kill
DEBUG 2025-09-08 16:56:39.180 UTC: 	 Options use: ['-d', 'crab_RealData_noLFNDirectory_All_Automatic_v1']
DEBUG 2025-09-08 16:56:39.180 UTC: 	 Encoded data for curl request: subresource=version
DEBUG 2025-09-08 16:56:39.223 UTC: 	 CRABClient version: v3.250820
DEBUG 2025-09-08 16:56:39.223 UTC: 	 Instance is prod
DEBUG 2025-09-08 16:56:39.223 UTC: 	 Server base url is cmsweb.cern.ch
DEBUG 2025-09-08 16:56:39.223 UTC: 	 Command api workflow
DEBUG 2025-09-08 16:56:39.223 UTC: 	 Killing task 250521_215650:amalhotr_crab_RealData_noLFNDirectory_All_Automatic_v1
DEBUG 2025-09-08 16:56:39.223 UTC: 	 Encoded data for curl request: workflow=250521_215650%3Aamalhotr_crab_RealData_noLFNDirectory_All_Automatic_v1
DEBUG 2025-09-08 16:56:39.268 UTC: 	 Result: {'desc': {'columns': ['tm_taskname', 'tm_task_status', 'tm_task_command', 'tm_user_role', 'tm_user_group', 'tm_task_failure', 'tm_split_algo', 'tm_split_args', 'tm_save_logs', 'tm_username', 'tm_user_dn', 'tm_arguments', 'tm_input_dataset', 'tm_dbs_url', 'tm_task_warnings', 'tm_publication', 'tm_user_webdir', 'tm_output_dataset', 'tm_collector', 'tm_schedd', 'tm_dry_run', 'clusterid', 'tm_start_time', 'tw_name', 'tm_dagman_status', 'tm_num_jobs', 'tm_uploaded']}, 'result': [{'result': 'ok'}]}
INFO 2025-09-08 16:56:39.268 UTC: 	 Kill request successfully sent
INFO 2025-09-08 16:56:39.269 UTC: 	 Log file is /afs/cern.ch/user/a/amalhotr/CMSSW_14_0_18_patch1/src/Run3ScoutingAnalysisTools/crab_RealData_noLFNDirectory_All_Automatic_v1/crab.log
