DEBUG 2025-03-28 00:11:29.820 UTC: 	 CRAB Client version: v3.250318
DEBUG 2025-03-28 00:11:29.821 UTC: 	 Running on: Linux lxplus940.cern.ch 5.14.0-503.22.1.el9_5.x86_64 #1 SMP PREEMPT_DYNAMIC Wed Jan 15 08:02:15 EST 2025 x86_64 x86_64 x86_64 GNU/Linux
DEBUG 2025-03-28 00:11:29.821 UTC: 	 Not using Singularity
DEBUG 2025-03-28 00:11:29.821 UTC: 	 Operating System: Red Hat Enterprise Linux 9.5 (Plow)
DEBUG 2025-03-28 00:11:29.821 UTC: 	 Executing command: 'submit'
DEBUG 2025-03-28 00:11:29.821 UTC: 	 Found CRAB cache file /afs/cern.ch/user/a/amalhotr/.crab3
INFO 2025-03-28 00:11:29.821 UTC: 	 Will use CRAB configuration file Vertexer_CRAB.py
DEBUG 2025-03-28 00:11:29.821 UTC: 	 Loading CRAB configuration file.
DEBUG 2025-03-28 00:11:29.825 UTC: 	 Will use CRAB plugin ANALYSIS (i.e. will run an analysis job type).
DEBUG 2025-03-28 00:11:29.835 UTC: 	 Checking credentials
DEBUG 2025-03-28 00:11:29.835 UTC: 	 Found proxy file /tmp/x509up_u180451
DEBUG 2025-03-28 00:11:29.835 UTC: 	 Making sure it has proper VOMS extension
DEBUG 2025-03-28 00:11:29.835 UTC: 	 Executing command :
 voms-proxy-info --vo --file /tmp/x509up_u180451
DEBUG 2025-03-28 00:11:30.195 UTC: 	 output : cms

 error: 
 retcode : 0
DEBUG 2025-03-28 00:11:30.195 UTC: 	 Getting proxy life time left
DEBUG 2025-03-28 00:11:30.195 UTC: 	 Executing command :
 voms-proxy-info --actimeleft --timeleft --file /tmp/x509up_u180451
DEBUG 2025-03-28 00:11:30.860 UTC: 	 output : 691184
691184

 error: 
 retcode : 0
DEBUG 2025-03-28 00:11:30.860 UTC: 	 Proxy valid for 191:59:44 hours
DEBUG 2025-03-28 00:11:30.861 UTC: 	 Encoded data for curl request: subresource=delegatedn
DEBUG 2025-03-28 00:11:32.063 UTC: 	 Registering user credentials on myproxy for /DC=ch/DC=cern/OU=computers/CN=crab-(preprod|prod)-tw(01|02).cern.ch|/DC=ch/DC=cern/OU=computers/CN=crab-dev-tw(01|02|03|04).cern.ch|/DC=ch/DC=cern/OU=Organic Units/OU=Users/CN=cmscrab/CN=(817881|373708)/CN=Robot: cms crab|/DC=ch/DC=cern/OU=Organic Units/OU=Users/CN=crabint1/CN=373708/CN=Robot: CMS CRAB Integration 1
DEBUG 2025-03-28 00:11:32.063 UTC: 	 Executing command :
 voms-proxy-info --identity --file /tmp/x509up_u180451
DEBUG 2025-03-28 00:11:34.452 UTC: 	 output : /DC=ch/DC=cern/OU=Organic Units/OU=Users/CN=amalhotr/CN=884837/CN=Aryan Malhotra

 error: 
 retcode : 0
DEBUG 2025-03-28 00:11:34.452 UTC: 	 Getting myproxy life time left for 2382a3cf28fdeacb1de9b039908761ea517a5ed6
DEBUG 2025-03-28 00:11:34.452 UTC: 	 Executing command :
 myproxy-info -s myproxy.cern.ch -l 2382a3cf28fdeacb1de9b039908761ea517a5ed6
DEBUG 2025-03-28 00:11:34.737 UTC: 	 output : username: 2382a3cf28fdeacb1de9b039908761ea517a5ed6
owner: /DC=ch/DC=cern/OU=Organic Units/OU=Users/CN=amalhotr/CN=884837/CN=Aryan Malhotra
  renewal policy: /DC=ch/DC=cern/OU=computers/CN=crab-(preprod|prod)-tw(01|02).cern.ch|/DC=ch/DC=cern/OU=computers/CN=crab-dev-tw(01|02|03|04).cern.ch|/DC=ch/DC=cern/OU=Organic Units/OU=Users/CN=cmscrab/CN=(817881|373708)/CN=Robot: cms crab|/DC=ch/DC=cern/OU=Organic Units/OU=Users/CN=crabint1/CN=373708/CN=Robot: CMS CRAB Integration 1
  trusted retrieval policy: /DC=ch/DC=cern/OU=computers/CN=crab-(preprod|prod)-tw(01|02).cern.ch|/DC=ch/DC=cern/OU=computers/CN=crab-dev-tw(01|02|03|04).cern.ch|/DC=ch/DC=cern/OU=Organic Units/OU=Users/CN=cmscrab/CN=(817881|373708)/CN=Robot: cms crab|/DC=ch/DC=cern/OU=Organic Units/OU=Users/CN=crabint1/CN=373708/CN=Robot: CMS CRAB Integration 1
  timeleft: 508:08:44  (21.2 days)

 error: 
 retcode : 0
DEBUG 2025-03-28 00:11:34.738 UTC: 	 Myproxy is valid: 1829280
DEBUG 2025-03-28 00:11:34.738 UTC: 	 Result of myproxy credential check:
  Credential exists on myproxy: username: 2382a3cf28fdeacb1de9b039908761ea517a5ed6  - validity: 21 days, 4:08:00
DEBUG 2025-03-28 00:11:34.738 UTC: 	 Command use: submit
DEBUG 2025-03-28 00:11:34.738 UTC: 	 Options use: ['-c', 'Vertexer_CRAB.py']
DEBUG 2025-03-28 00:11:34.738 UTC: 	 Encoded data for curl request: subresource=version
DEBUG 2025-03-28 00:11:35.844 UTC: 	 CRABClient version: v3.250318
DEBUG 2025-03-28 00:11:35.844 UTC: 	 Instance is prod
DEBUG 2025-03-28 00:11:35.844 UTC: 	 Server base url is cmsweb.cern.ch
DEBUG 2025-03-28 00:11:35.844 UTC: 	 Command api workflow
DEBUG 2025-03-28 00:11:35.844 UTC: 	 Started submission
DEBUG 2025-03-28 00:11:35.844 UTC: 	 Working on /afs/cern.ch/user/a/amalhotr/CMSSW_14_0_18_patch1/src/Run3ScoutingAnalysisTools/crab_projects/crab_DYto2Mu4Jets_Vertexer_100_Automatic
DEBUG 2025-03-28 00:11:35.844 UTC: 	 Encoded data for curl request: subresource=backendurls
DEBUG 2025-03-28 00:11:37.310 UTC: 	 Loading required information from the environment
DEBUG 2025-03-28 00:11:37.310 UTC: 	 Found CMSSW_14_0_18_patch1 for el9_amd64_gcc12 with base /afs/cern.ch/user/a/amalhotr/CMSSW_14_0_18_patch1
DEBUG 2025-03-28 00:11:37.310 UTC: 	 Loading required information from the environment
DEBUG 2025-03-28 00:11:37.310 UTC: 	 Found CMSSW_14_0_18_patch1 for el9_amd64_gcc12 with base /afs/cern.ch/user/a/amalhotr/CMSSW_14_0_18_patch1
DEBUG 2025-03-28 00:11:37.310 UTC: 	 UNIQUE NAME: tarUUID 10ad5b5c-09a4-4747-8563-6e6861059836 
DEBUG 2025-03-28 00:11:37.310 UTC: 	 self.config: from WMCore.Configuration import Configuration
config = Configuration()
config.section_('General')
config.General.transferLogs = True
config.General.workArea = 'crab_projects'
config.General.transferOutputs = True
config.General.requestName = 'DYto2Mu4Jets_Vertexer_100_Automatic'
config.section_('JobType')
config.JobType.maxMemoryMB = 2500
config.JobType.pluginName = 'Analysis'
config.JobType.psetName = 'Vertexer.py'
config.section_('Data')
config.Data.outputDatasetTag = 'DYto2Mu4Jets_Vertexer_100_Automatic'
config.Data.splitting = 'Automatic'
config.Data.inputDataset = '/DYto2Mu-4Jets_Bin-MLL-50_TuneCP5_13p6TeV_madgraphMLM-pythia8/amalhotr-DYto2Mu4Jets_Unpacker_100-49feb6938084587a06052f9676570a55/USER'
config.Data.inputDBS = 'phys03'
config.Data.publication = True
config.section_('Site')
config.Site.storageSite = 'T2_BR_SPRACE'
config.section_('User')
config.section_('Debug')

DEBUG 2025-03-28 00:11:37.310 UTC: 	 self.config.JobType.psetName: Vertexer.py
INFO 2025-03-28 00:11:37.310 UTC: 	 Importing CMSSW configuration Vertexer.py
INFO 2025-03-28 00:11:38.084 UTC: 	 Finished importing CMSSW configuration Vertexer.py
DEBUG 2025-03-28 00:11:38.084 UTC: 	 Writing CMSSW configuration to /afs/cern.ch/user/a/amalhotr/CMSSW_14_0_18_patch1/src/Run3ScoutingAnalysisTools/crab_projects/crab_DYto2Mu4Jets_Vertexer_100_Automatic/inputs/PSet.py
DEBUG 2025-03-28 00:11:38.102 UTC: 	 The following EDM output files will be collected: ['DY2M_VertexerOutput.root']
DEBUG 2025-03-28 00:11:38.103 UTC: 	 The following TFile output files will be collected: []
DEBUG 2025-03-28 00:11:38.103 UTC: 	 The following user output files (not listed as PoolOuputModule or TFileService in the CMSSW PSet) will be collected: 
DEBUG 2025-03-28 00:11:38.103 UTC: 	 Loading required information from the environment
DEBUG 2025-03-28 00:11:38.103 UTC: 	 Found CMSSW_14_0_18_patch1 for el9_amd64_gcc12 with base /afs/cern.ch/user/a/amalhotr/CMSSW_14_0_18_patch1
DEBUG 2025-03-28 00:11:38.103 UTC: 	 Making tarball in /afs/cern.ch/user/a/amalhotr/CMSSW_14_0_18_patch1/src/Run3ScoutingAnalysisTools/crab_projects/crab_DYto2Mu4Jets_Vertexer_100_Automatic/inputs/10ad5b5c-09a4-4747-8563-6e6861059836default.tgz
DEBUG 2025-03-28 00:11:38.103 UTC: 	 Checking directory /afs/cern.ch/user/a/amalhotr/CMSSW_14_0_18_patch1/bin
DEBUG 2025-03-28 00:11:38.103 UTC: 	 Adding directory /afs/cern.ch/user/a/amalhotr/CMSSW_14_0_18_patch1/bin to tarball
DEBUG 2025-03-28 00:11:38.104 UTC: 	 Checking directory /afs/cern.ch/user/a/amalhotr/CMSSW_14_0_18_patch1/python
DEBUG 2025-03-28 00:11:38.104 UTC: 	 Adding directory /afs/cern.ch/user/a/amalhotr/CMSSW_14_0_18_patch1/python to tarball
DEBUG 2025-03-28 00:11:39.166 UTC: 	 Checking directory /afs/cern.ch/user/a/amalhotr/CMSSW_14_0_18_patch1/cfipython
DEBUG 2025-03-28 00:11:39.166 UTC: 	 Adding directory /afs/cern.ch/user/a/amalhotr/CMSSW_14_0_18_patch1/cfipython to tarball
DEBUG 2025-03-28 00:11:39.270 UTC: 	 Checking directory /afs/cern.ch/user/a/amalhotr/CMSSW_14_0_18_patch1/lib
DEBUG 2025-03-28 00:11:39.270 UTC: 	 Adding directory /afs/cern.ch/user/a/amalhotr/CMSSW_14_0_18_patch1/lib to tarball
DEBUG 2025-03-28 00:11:39.841 UTC: 	 Checking directory /afs/cern.ch/user/a/amalhotr/CMSSW_14_0_18_patch1/biglib
DEBUG 2025-03-28 00:11:39.841 UTC: 	 Adding directory /afs/cern.ch/user/a/amalhotr/CMSSW_14_0_18_patch1/biglib to tarball
DEBUG 2025-03-28 00:11:39.842 UTC: 	 Checking directory /afs/cern.ch/user/a/amalhotr/CMSSW_14_0_18_patch1/module
DEBUG 2025-03-28 00:11:39.842 UTC: 	 Checking directory /afs/cern.ch/user/a/amalhotr/CMSSW_14_0_18_patch1/config/SCRAM/hooks
DEBUG 2025-03-28 00:11:39.843 UTC: 	 Adding directory /afs/cern.ch/user/a/amalhotr/CMSSW_14_0_18_patch1/config/SCRAM/hooks to tarball
DEBUG 2025-03-28 00:11:40.098 UTC: 	 Adding directory /afs/cern.ch/user/a/amalhotr/CMSSW_14_0_18_patch1/src/Run3ScoutingAnalysisTools/DataFormats/Scouting/interface to tarball
DEBUG 2025-03-28 00:11:40.234 UTC: 	 Adding directory /afs/cern.ch/user/a/amalhotr/CMSSW_14_0_18_patch1/src/Run3ScoutingAnalysisTools/ScoutingTreeMakerRun3/python to tarball
DEBUG 2025-03-28 00:11:40.240 UTC: 	 Adding directory /afs/cern.ch/user/a/amalhotr/CMSSW_14_0_18_patch1/src/DataFormats/Scouting/interface to tarball
DEBUG 2025-03-28 00:11:40.337 UTC: 	 Adding directory /afs/cern.ch/user/a/amalhotr/CMSSW_14_0_18_patch1/src/Configuration/GenProduction/python to tarball
DEBUG 2025-03-28 00:11:40.429 UTC: 	 Uploading archive /afs/cern.ch/user/a/amalhotr/CMSSW_14_0_18_patch1/src/Run3ScoutingAnalysisTools/crab_projects/crab_DYto2Mu4Jets_Vertexer_100_Automatic/inputs/10ad5b5c-09a4-4747-8563-6e6861059836default.tgz (465 KB) to the CRAB cache. Using URI https://cmsweb.cern.ch/S3/crabcache_prod
DEBUG 2025-03-28 00:11:45.749 UTC: 	 Encoded data for curl request: subresource=upload&objecttype=sandbox&tarballname=c69e9220b4b67efce6c3d4ab97902bd8138835f4ff2c08c8112469e7d0015c74.tar.gz
DEBUG 2025-03-28 00:11:46.975 UTC: 	 sandbox c69e9220b4b67efce6c3d4ab97902bd8138835f4ff2c08c8112469e7d0015c74.tar.gz is already in the S3 store, will not upload again
DEBUG 2025-03-28 00:11:46.975 UTC: 	 Loading required information from the environment
DEBUG 2025-03-28 00:11:46.975 UTC: 	 Found CMSSW_14_0_18_patch1 for el9_amd64_gcc12 with base /afs/cern.ch/user/a/amalhotr/CMSSW_14_0_18_patch1
DEBUG 2025-03-28 00:11:46.975 UTC: 	 Making tarball in /afs/cern.ch/user/a/amalhotr/CMSSW_14_0_18_patch1/src/Run3ScoutingAnalysisTools/crab_projects/crab_DYto2Mu4Jets_Vertexer_100_Automatic/inputs/debugFiles.tgz
DEBUG 2025-03-28 00:11:46.980 UTC: 	 Uploading archive /afs/cern.ch/user/a/amalhotr/CMSSW_14_0_18_patch1/src/Run3ScoutingAnalysisTools/crab_projects/crab_DYto2Mu4Jets_Vertexer_100_Automatic/inputs/debugFiles.tgz (3 KB) to the CRAB cache. Using URI https://cmsweb.cern.ch/S3/crabcache_prod
DEBUG 2025-03-28 00:11:46.981 UTC: 	 Encoded data for curl request: subresource=upload&objecttype=sandbox&tarballname=dc10d7b4f891ef5d86869860676b295e6a5875cd7c567c520cc05cf76e701930.tar.gz
DEBUG 2025-03-28 00:11:48.344 UTC: 	 Will execute:
curl -f -v -X POST  -H "User-Agent: CRAB" -F "key=amalhotr/sandboxes/dc10d7b4f891ef5d86869860676b295e6a5875cd7c567c520cc05cf76e701930.tar.gz" -F "AWSAccessKeyId=715203df6482458ba839e73e6dab634b" -F "policy=eyJleHBpcmF0aW9uIjogIjIwMjUtMDMtMjhUMDE6MTE6NDhaIiwgImNvbmRpdGlvbnMiOiBbeyJidWNrZXQiOiAiY3JhYmNhY2hlX3Byb2QifSwgeyJrZXkiOiAiYW1hbGhvdHIvc2FuZGJveGVzL2RjMTBkN2I0Zjg5MWVmNWQ4Njg2OTg2MDY3NmIyOTVlNmE1ODc1Y2Q3YzU2N2M1MjBjYzA1Y2Y3NmU3MDE5MzAudGFyLmd6In1dfQ==" -F "signature=JDCCU9gBHynuWNcy+6popTkO04w=" -F "file=@/afs/cern.ch/user/a/amalhotr/CMSSW_14_0_18_patch1/src/Run3ScoutingAnalysisTools/crab_projects/crab_DYto2Mu4Jets_Vertexer_100_Automatic/inputs/debugFiles.tgz" "https://s3.cern.ch/crabcache_prod"
DEBUG 2025-03-28 00:11:48.469 UTC: 	 exitcode: 0
stdout: b''
DEBUG 2025-03-28 00:11:48.469 UTC: 	 upload to S3 of sandbox /afs/cern.ch/user/a/amalhotr/CMSSW_14_0_18_patch1/src/Run3ScoutingAnalysisTools/crab_projects/crab_DYto2Mu4Jets_Vertexer_100_Automatic/inputs/debugFiles.tgz completed
DEBUG 2025-03-28 00:11:48.469 UTC: 	 make sure that object is ready for retrieve
DEBUG 2025-03-28 00:11:49.470 UTC: 	 Encoded data for curl request: subresource=download&objecttype=sandbox&tarballname=dc10d7b4f891ef5d86869860676b295e6a5875cd7c567c520cc05cf76e701930.tar.gz&clientmethod=head_object
DEBUG 2025-03-28 00:11:49.767 UTC: 	 PreSignedUrl to download sandbox received OK
DEBUG 2025-03-28 00:11:49.769 UTC: 	 Will execute:
 curl -v -s -f -o /dev/null --head  "https://s3.cern.ch/crabcache_prod/amalhotr/sandboxes/dc10d7b4f891ef5d86869860676b295e6a5875cd7c567c520cc05cf76e701930.tar.gz?AWSAccessKeyId=715203df6482458ba839e73e6dab634b&Signature=AA%2BQXoY47RgHgLvrHFUwOK97c9o%3D&Expires=1743124309"
DEBUG 2025-03-28 00:11:49.807 UTC: 	 exitcode: 0
stdout: b''
DEBUG 2025-03-28 00:11:49.807 UTC: 	 sandbox /afs/cern.ch/user/a/amalhotr/CMSSW_14_0_18_patch1/src/Run3ScoutingAnalysisTools/crab_projects/crab_DYto2Mu4Jets_Vertexer_100_Automatic/inputs/debugFiles.tgz successfully uploaded to S3
DEBUG 2025-03-28 00:11:49.807 UTC: 	 Result uploading input files: c69e9220b4b67efce6c3d4ab97902bd8138835f4ff2c08c8112469e7d0015c74.tar.gz 
DEBUG 2025-03-28 00:11:49.807 UTC: 	 submit() - self.configuration from WMCore.Configuration import Configuration
config = Configuration()
config.section_('General')
config.General.transferLogs = True
config.General.workArea = 'crab_projects'
config.General.transferOutputs = True
config.General.requestName = 'DYto2Mu4Jets_Vertexer_100_Automatic'
config.section_('JobType')
config.JobType.maxMemoryMB = 2500
config.JobType.pluginName = 'Analysis'
config.JobType.psetName = 'Vertexer.py'
config.section_('Data')
config.Data.outputDatasetTag = 'DYto2Mu4Jets_Vertexer_100_Automatic'
config.Data.splitting = 'Automatic'
config.Data.inputDataset = '/DYto2Mu-4Jets_Bin-MLL-50_TuneCP5_13p6TeV_madgraphMLM-pythia8/amalhotr-DYto2Mu4Jets_Unpacker_100-49feb6938084587a06052f9676570a55/USER'
config.Data.inputDBS = 'phys03'
config.Data.publication = True
config.section_('Site')
config.Site.storageSite = 'T2_BR_SPRACE'
config.section_('User')
config.section_('Debug')

DEBUG 2025-03-28 00:11:49.807 UTC: 	 submit() - self.configreq {'dryrun': 0, 'workflow': 'crab_DYto2Mu4Jets_Vertexer_100_Automatic', 'saveoutput': 1, 'savelogsflag': 1, 'inputdata': '/DYto2Mu-4Jets_Bin-MLL-50_TuneCP5_13p6TeV_madgraphMLM-pythia8/amalhotr-DYto2Mu4Jets_Unpacker_100-49feb6938084587a06052f9676570a55/USER', 'nonvaliddata': 0, 'userfiles': [], 'dbsurl': 'https://cmsweb.cern.ch/dbs/prod/phys03/DBSReader', 'useparent': 0, 'ignorelocality': 0, 'splitalgo': 'Automatic', 'algoargs': 480, 'totalunits': 0, 'publication': 1, 'publishdbsurl': 'https://cmsweb.cern.ch/dbs/prod/phys03/DBSWriter', 'publishname2': 'DYto2Mu4Jets_Vertexer_100_Automatic', 'jobtype': 'Analysis', 'generator': 'pythia', 'addoutputfiles': [], 'maxjobruntime': 1250, 'numcores': 1, 'maxmemory': 2500, 'priority': 10, 'nonprodsw': 0, 'asyncdest': 'T2_BR_SPRACE', 'requireaccelerator': 0, 'oneEventMode': 0, 'extrajdl': [], 'ignoreglobalblacklist': 0, 'partialdataset': 0, 'inputblocks': []}
DEBUG 2025-03-28 00:11:49.807 UTC: 	 submit() - jobconfig {'addoutputfiles': [], 'tfileoutfiles': [], 'edmoutfiles': ['DY2M_VertexerOutput.root'], 'jobarch': 'el9_amd64_gcc12', 'jobminuarch': 'any', 'jobsw': 'CMSSW_14_0_18_patch1', 'inputdata': '/DYto2Mu-4Jets_Bin-MLL-50_TuneCP5_13p6TeV_madgraphMLM-pythia8/amalhotr-DYto2Mu4Jets_Unpacker_100-49feb6938084587a06052f9676570a55/USER', 'cacheurl': 'https://cmsweb.cern.ch/S3/crabcache_prod', 'cachefilename': 'c69e9220b4b67efce6c3d4ab97902bd8138835f4ff2c08c8112469e7d0015c74.tar.gz', 'debugfilename': 'dc10d7b4f891ef5d86869860676b295e6a5875cd7c567c520cc05cf76e701930.tar.gz', 'jobtype': 'Analysis'}
INFO 2025-03-28 00:11:49.807 UTC: 	 Sending the request to the server at cmsweb.cern.ch
DEBUG 2025-03-28 00:11:49.807 UTC: 	 Submitting {'dryrun': 0, 'workflow': 'crab_DYto2Mu4Jets_Vertexer_100_Automatic', 'saveoutput': 1, 'savelogsflag': 1, 'inputdata': '/DYto2Mu-4Jets_Bin-MLL-50_TuneCP5_13p6TeV_madgraphMLM-pythia8/amalhotr-DYto2Mu4Jets_Unpacker_100-49feb6938084587a06052f9676570a55/USER', 'nonvaliddata': 0, 'userfiles': [], 'dbsurl': 'https://cmsweb.cern.ch/dbs/prod/phys03/DBSReader', 'useparent': 0, 'ignorelocality': 0, 'splitalgo': 'Automatic', 'algoargs': 480, 'totalunits': 0, 'publication': 1, 'publishdbsurl': 'https://cmsweb.cern.ch/dbs/prod/phys03/DBSWriter', 'publishname2': 'DYto2Mu4Jets_Vertexer_100_Automatic', 'jobtype': 'Analysis', 'generator': 'pythia', 'addoutputfiles': [], 'maxjobruntime': 1250, 'numcores': 1, 'maxmemory': 2500, 'priority': 10, 'nonprodsw': 0, 'asyncdest': 'T2_BR_SPRACE', 'requireaccelerator': 0, 'oneEventMode': 0, 'extrajdl': [], 'ignoreglobalblacklist': 0, 'partialdataset': 0, 'inputblocks': [], 'tfileoutfiles': [], 'edmoutfiles': ['DY2M_VertexerOutput.root'], 'jobarch': 'el9_amd64_gcc12', 'jobminuarch': 'any', 'jobsw': 'CMSSW_14_0_18_patch1', 'cacheurl': 'https://cmsweb.cern.ch/S3/crabcache_prod', 'cachefilename': 'c69e9220b4b67efce6c3d4ab97902bd8138835f4ff2c08c8112469e7d0015c74.tar.gz', 'debugfilename': 'dc10d7b4f891ef5d86869860676b295e6a5875cd7c567c520cc05cf76e701930.tar.gz'} 
DEBUG 2025-03-28 00:11:49.808 UTC: 	 Encoded data for curl request: dryrun=0&workflow=crab_DYto2Mu4Jets_Vertexer_100_Automatic&saveoutput=1&savelogsflag=1&inputdata=%2FDYto2Mu-4Jets_Bin-MLL-50_TuneCP5_13p6TeV_madgraphMLM-pythia8%2Famalhotr-DYto2Mu4Jets_Unpacker_100-49feb6938084587a06052f9676570a55%2FUSER&nonvaliddata=0&dbsurl=https%3A%2F%2Fcmsweb.cern.ch%2Fdbs%2Fprod%2Fphys03%2FDBSReader&useparent=0&ignorelocality=0&splitalgo=Automatic&algoargs=480&totalunits=0&publication=1&publishdbsurl=https%3A%2F%2Fcmsweb.cern.ch%2Fdbs%2Fprod%2Fphys03%2FDBSWriter&publishname2=DYto2Mu4Jets_Vertexer_100_Automatic&jobtype=Analysis&generator=pythia&maxjobruntime=1250&numcores=1&maxmemory=2500&priority=10&nonprodsw=0&asyncdest=T2_BR_SPRACE&requireaccelerator=0&oneEventMode=0&ignoreglobalblacklist=0&partialdataset=0&jobarch=el9_amd64_gcc12&jobminuarch=any&jobsw=CMSSW_14_0_18_patch1&cacheurl=https%3A%2F%2Fcmsweb.cern.ch%2FS3%2Fcrabcache_prod&cachefilename=c69e9220b4b67efce6c3d4ab97902bd8138835f4ff2c08c8112469e7d0015c74.tar.gz&debugfilename=dc10d7b4f891ef5d86869860676b295e6a5875cd7c567c520cc05cf76e701930.tar.gz&edmoutfiles=DY2M_VertexerOutput.root
DEBUG 2025-03-28 00:11:51.438 UTC: 	 Result: {'result': [{'RequestName': '250328_001151:amalhotr_crab_DYto2Mu4Jets_Vertexer_100_Automatic'}]}
INFO 2025-03-28 00:11:51.467 UTC: 	 Success: Your task has been delivered to the prod CRAB3 server.
INFO 2025-03-28 00:11:51.467 UTC: 	 Task name: 250328_001151:amalhotr_crab_DYto2Mu4Jets_Vertexer_100_Automatic
INFO 2025-03-28 00:11:51.467 UTC: 	 Project dir: crab_projects/crab_DYto2Mu4Jets_Vertexer_100_Automatic
INFO 2025-03-28 00:11:51.467 UTC: 	 Please use ' crab status -d crab_projects/crab_DYto2Mu4Jets_Vertexer_100_Automatic ' to check how the submission process proceeds.
DEBUG 2025-03-28 00:11:51.467 UTC: 	 About to return
INFO 2025-03-28 00:11:51.469 UTC: 	 Log file is /afs/cern.ch/user/a/amalhotr/CMSSW_14_0_18_patch1/src/Run3ScoutingAnalysisTools/crab_projects/crab_DYto2Mu4Jets_Vertexer_100_Automatic/crab.log
DEBUG 2025-03-28 00:14:22.315 UTC: 	 CRAB Client version: v3.250318
DEBUG 2025-03-28 00:14:22.315 UTC: 	 Running on: Linux lxplus940.cern.ch 5.14.0-503.22.1.el9_5.x86_64 #1 SMP PREEMPT_DYNAMIC Wed Jan 15 08:02:15 EST 2025 x86_64 x86_64 x86_64 GNU/Linux
DEBUG 2025-03-28 00:14:22.315 UTC: 	 Not using Singularity
DEBUG 2025-03-28 00:14:22.315 UTC: 	 Operating System: Red Hat Enterprise Linux 9.5 (Plow)
DEBUG 2025-03-28 00:14:22.315 UTC: 	 Executing command: 'status'
DEBUG 2025-03-28 00:14:22.315 UTC: 	 Found CRAB cache file /afs/cern.ch/user/a/amalhotr/.crab3
DEBUG 2025-03-28 00:14:22.349 UTC: 	 Checking credentials
DEBUG 2025-03-28 00:14:22.349 UTC: 	 Found proxy file /tmp/x509up_u180451
DEBUG 2025-03-28 00:14:22.349 UTC: 	 Making sure it has proper VOMS extension
DEBUG 2025-03-28 00:14:22.349 UTC: 	 Executing command :
 voms-proxy-info --vo --file /tmp/x509up_u180451
DEBUG 2025-03-28 00:14:22.678 UTC: 	 output : cms

 error: 
 retcode : 0
DEBUG 2025-03-28 00:14:22.678 UTC: 	 Getting proxy life time left
DEBUG 2025-03-28 00:14:22.678 UTC: 	 Executing command :
 voms-proxy-info --actimeleft --timeleft --file /tmp/x509up_u180451
DEBUG 2025-03-28 00:14:23.699 UTC: 	 output : 691011
691011

 error: 
 retcode : 0
DEBUG 2025-03-28 00:14:23.699 UTC: 	 Proxy valid for 191:56:51 hours
DEBUG 2025-03-28 00:14:23.700 UTC: 	 Encoded data for curl request: subresource=delegatedn
DEBUG 2025-03-28 00:14:24.739 UTC: 	 Registering user credentials on myproxy for /DC=ch/DC=cern/OU=computers/CN=crab-(preprod|prod)-tw(01|02).cern.ch|/DC=ch/DC=cern/OU=computers/CN=crab-dev-tw(01|02|03|04).cern.ch|/DC=ch/DC=cern/OU=Organic Units/OU=Users/CN=cmscrab/CN=(817881|373708)/CN=Robot: cms crab|/DC=ch/DC=cern/OU=Organic Units/OU=Users/CN=crabint1/CN=373708/CN=Robot: CMS CRAB Integration 1
DEBUG 2025-03-28 00:14:24.739 UTC: 	 Executing command :
 voms-proxy-info --identity --file /tmp/x509up_u180451
DEBUG 2025-03-28 00:14:26.191 UTC: 	 output : /DC=ch/DC=cern/OU=Organic Units/OU=Users/CN=amalhotr/CN=884837/CN=Aryan Malhotra

 error: 
 retcode : 0
DEBUG 2025-03-28 00:14:26.191 UTC: 	 Getting myproxy life time left for 2382a3cf28fdeacb1de9b039908761ea517a5ed6
DEBUG 2025-03-28 00:14:26.191 UTC: 	 Executing command :
 myproxy-info -s myproxy.cern.ch -l 2382a3cf28fdeacb1de9b039908761ea517a5ed6
DEBUG 2025-03-28 00:14:26.466 UTC: 	 output : username: 2382a3cf28fdeacb1de9b039908761ea517a5ed6
owner: /DC=ch/DC=cern/OU=Organic Units/OU=Users/CN=amalhotr/CN=884837/CN=Aryan Malhotra
  renewal policy: /DC=ch/DC=cern/OU=computers/CN=crab-(preprod|prod)-tw(01|02).cern.ch|/DC=ch/DC=cern/OU=computers/CN=crab-dev-tw(01|02|03|04).cern.ch|/DC=ch/DC=cern/OU=Organic Units/OU=Users/CN=cmscrab/CN=(817881|373708)/CN=Robot: cms crab|/DC=ch/DC=cern/OU=Organic Units/OU=Users/CN=crabint1/CN=373708/CN=Robot: CMS CRAB Integration 1
  trusted retrieval policy: /DC=ch/DC=cern/OU=computers/CN=crab-(preprod|prod)-tw(01|02).cern.ch|/DC=ch/DC=cern/OU=computers/CN=crab-dev-tw(01|02|03|04).cern.ch|/DC=ch/DC=cern/OU=Organic Units/OU=Users/CN=cmscrab/CN=(817881|373708)/CN=Robot: cms crab|/DC=ch/DC=cern/OU=Organic Units/OU=Users/CN=crabint1/CN=373708/CN=Robot: CMS CRAB Integration 1
  timeleft: 508:05:52  (21.2 days)

 error: 
 retcode : 0
DEBUG 2025-03-28 00:14:26.467 UTC: 	 Myproxy is valid: 1829100
DEBUG 2025-03-28 00:14:26.467 UTC: 	 Result of myproxy credential check:
  Credential exists on myproxy: username: 2382a3cf28fdeacb1de9b039908761ea517a5ed6  - validity: 21 days, 4:05:00
DEBUG 2025-03-28 00:14:26.467 UTC: 	 Retrieving username ...
DEBUG 2025-03-28 00:14:26.467 UTC: 	 Retrieving username from CRIC...
DEBUG 2025-03-28 00:14:27.214 UTC: 	 username is amalhotr
INFO 2025-03-28 00:14:27.702 UTC: 	 Rucio client intialized for account amalhotr
DEBUG 2025-03-28 00:14:27.703 UTC: 	 Command use: status
DEBUG 2025-03-28 00:14:27.703 UTC: 	 Options use: ['-d', 'crab_projects/crab_DYto2Mu4Jets_Vertexer_100_Automatic']
DEBUG 2025-03-28 00:14:27.703 UTC: 	 Encoded data for curl request: subresource=version
DEBUG 2025-03-28 00:14:28.964 UTC: 	 CRABClient version: v3.250318
DEBUG 2025-03-28 00:14:28.964 UTC: 	 Instance is prod
DEBUG 2025-03-28 00:14:28.964 UTC: 	 Server base url is cmsweb.cern.ch
DEBUG 2025-03-28 00:14:28.964 UTC: 	 Command api workflow
DEBUG 2025-03-28 00:14:28.964 UTC: 	 Encoded data for curl request: subresource=search&workflow=250328_001151%3Aamalhotr_crab_DYto2Mu4Jets_Vertexer_100_Automatic
DEBUG 2025-03-28 00:14:30.227 UTC: 	 Got information from server oracle database: {'desc': {'columns': ['tm_taskname', 'tm_activity', 'tm_task_status', 'tm_task_command', 'tm_start_time', 'tm_start_injection', 'tm_end_injection', 'tm_task_failure', 'tm_job_sw', 'tm_job_arch', 'tm_input_dataset', 'tm_nonvalid_input_dataset', 'tm_use_parent', 'tm_site_whitelist', 'tm_site_blacklist', 'tm_split_algo', 'tm_split_args', 'tm_user_sandbox', 'tm_cache_url', 'tm_username', 'tm_user_dn', 'tm_user_vo', 'tm_user_role', 'tm_user_group', 'tm_publish_name', 'tm_publish_groupname', 'tm_asyncdest', 'tm_dbs_url', 'tm_publish_dbs_url', 'tm_publication', 'tm_outfiles', 'tm_tfile_outfiles', 'tm_edm_outfiles', 'tm_job_type', 'tm_generator', 'tm_events_per_lumi', 'tm_arguments', 'tm_save_logs', 'tw_name', 'tm_user_infiles', 'tm_maxjobruntime', 'tm_numcores', 'tm_maxmemory', 'tm_priority', 'tm_output_dataset', 'tm_task_warnings', 'tm_user_webdir', 'tm_scriptexe', 'tm_scriptargs', 'tm_extrajdl', 'tm_collector', 'tm_schedd', 'tm_dry_run', 'tm_user_files', 'tm_transfer_outputs', 'tm_output_lfn', 'tm_ignore_locality', 'tm_fail_limit', 'tm_one_event_mode', 'tm_secondary_input_dataset', 'tm_primary_dataset', 'tm_last_publication', 'tm_debug_files', 'clusterid', 'tm_ignore_global_blacklist', 'tm_submitter_ip_addr', 'tm_totalunits', 'tm_ddm_reqid', 'tm_user_config', 'tm_transfer_container', 'tm_transfer_rule', 'tm_publish_rule', 'tm_multipub_rule', 'tm_job_min_microarch', 'tm_dagman_status', 'tm_num_jobs', 'tm_uploaded']}, 'result': ['250328_001151:amalhotr_crab_DYto2Mu4Jets_Vertexer_100_Automatic', 'None', 'SUBMITTED', 'SUBMIT', '2025-03-28 00:11:51.431279', 'None', '2025-03-28 00:12:44.297819', 'None', 'CMSSW_14_0_18_patch1', 'el9_amd64_gcc12', '/DYto2Mu-4Jets_Bin-MLL-50_TuneCP5_13p6TeV_madgraphMLM-pythia8/amalhotr-DYto2Mu4Jets_Unpacker_100-49feb6938084587a06052f9676570a55/USER', 'F', '0', '[]', '[]', 'Automatic', "{'halt_job_on_file_boundaries': False, 'splitOnRun': False, 'minutes_per_job': 480, 'runs': [], 'lumis': []}", 'c69e9220b4b67efce6c3d4ab97902bd8138835f4ff2c08c8112469e7d0015c74.tar.gz', 'https://cmsweb.cern.ch/S3/crabcache_prod', 'amalhotr', '/DC=ch/DC=cern/OU=Organic Units/OU=Users/CN=amalhotr/CN=884837/CN=Aryan Malhotra', 'cms', 'None', 'None', 'DYto2Mu4Jets_Vertexer_100_Automatic-00000000000000000000000000000000', 'F', 'T2_BR_SPRACE', 'https://cmsweb.cern.ch/dbs/prod/phys03/DBSReader', 'https://cmsweb.cern.ch/dbs/prod/phys03/DBSWriter', 'T', '[]', '[]', "['DY2M_VertexerOutput.root']", 'Analysis', 'pythia', 'None', '{}', 'T', 'crab-prod-tw01', '[]', '1250', '1', '2500', '10', 'None', '[]', 'http://vocms0198.cern.ch/mon/amalhotr/250328_001151:amalhotr_crab_DYto2Mu4Jets_Vertexer_100_Automatic', 'None', '[]', '[]', 'cmsgwms-collector-global.cern.ch:9620,cmsgwms-collector-global.fnal.gov:9620', 'crab3@vocms0198.cern.ch', 'F', '[]', 'T', '/store/user/amalhotr/', 'F', 'None', 'F', 'None', 'DYto2Mu-4Jets_Bin-MLL-50_TuneCP5_13p6TeV_madgraphMLM-pythia8', 'None', 'dc10d7b4f891ef5d86869860676b295e6a5875cd7c567c520cc05cf76e701930.tar.gz', '114139256', 'F', '188.184.75.82', '0.0', 'None', '{"partialdataset": false, "requireaccelerator": false, "acceleratorparams": null, "inputblocks": null}', 'None', 'None', 'None', 'None', 'any', 'NOT_READY', '0', 'F']}
INFO 2025-03-28 00:14:30.227 UTC: 	 CRAB project directory:		/afs/cern.ch/user/a/amalhotr/CMSSW_14_0_18_patch1/src/Run3ScoutingAnalysisTools/crab_projects/crab_DYto2Mu4Jets_Vertexer_100_Automatic
INFO 2025-03-28 00:14:30.227 UTC: 	 Task name:			250328_001151:amalhotr_crab_DYto2Mu4Jets_Vertexer_100_Automatic
INFO 2025-03-28 00:14:30.227 UTC: 	 Grid scheduler - Task Worker:	crab3@vocms0198.cern.ch - crab-prod-tw01
INFO 2025-03-28 00:14:30.227 UTC: 	 Status on the CRAB server:	SUBMITTED
INFO 2025-03-28 00:14:30.227 UTC: 	 Task URL to use for HELP:	https://cmsweb.cern.ch/crabserver/ui/task/250328_001151%3Aamalhotr_crab_DYto2Mu4Jets_Vertexer_100_Automatic
INFO 2025-03-28 00:14:30.233 UTC: 	 Dashboard monitoring URL:	https://monit-grafana.cern.ch/d/cmsTMDetail/cms-task-monitoring-task-view?orgId=11&var-user=amalhotr&var-task=250328_001151%3Aamalhotr_crab_DYto2Mu4Jets_Vertexer_100_Automatic&from=1743117111000&to=now
DEBUG 2025-03-28 00:14:30.233 UTC: 	 The CRAB server submitted your task to the Grid scheduler (cluster ID: 114139256)
DEBUG 2025-03-28 00:14:30.233 UTC: 	 Webdir is located at http://vocms0198.cern.ch/mon/amalhotr/250328_001151:amalhotr_crab_DYto2Mu4Jets_Vertexer_100_Automatic
DEBUG 2025-03-28 00:14:30.233 UTC: 	 Encoded data for curl request: subresource=webdirprx&workflow=250328_001151%3Aamalhotr_crab_DYto2Mu4Jets_Vertexer_100_Automatic
DEBUG 2025-03-28 00:14:31.572 UTC: 	 Proxied webdir is located at https://cmsweb.cern.ch:8443/scheddmon/0198/amalhotr/250328_001151:amalhotr_crab_DYto2Mu4Jets_Vertexer_100_Automatic
DEBUG 2025-03-28 00:14:31.573 UTC: 	 Retrieving 'status_cache' file from https://cmsweb.cern.ch:8443/scheddmon/0198/amalhotr/250328_001151:amalhotr_crab_DYto2Mu4Jets_Vertexer_100_Automatic/status_cache.pkl
DEBUG 2025-03-28 00:14:31.573 UTC: 	 Will execute:
curl -sS --capath /etc/grid-security/certificates --cert /tmp/x509up_u180451 --key /tmp/x509up_u180451 -o /tmp/crab_status-cache-igt9s5in.pkl -w %"{http_code}" "https://cmsweb.cern.ch:8443/scheddmon/0198/amalhotr/250328_001151:amalhotr_crab_DYto2Mu4Jets_Vertexer_100_Automatic/status_cache.pkl"
DEBUG 2025-03-28 00:14:31.573 UTC: 	 Executing command :
 curl -sS --capath /etc/grid-security/certificates --cert /tmp/x509up_u180451 --key /tmp/x509up_u180451 -o /tmp/crab_status-cache-igt9s5in.pkl -w %"{http_code}" "https://cmsweb.cern.ch:8443/scheddmon/0198/amalhotr/250328_001151:amalhotr_crab_DYto2Mu4Jets_Vertexer_100_Automatic/status_cache.pkl"
DEBUG 2025-03-28 00:14:32.857 UTC: 	 output : 200
 error: 
 retcode : 0
DEBUG 2025-03-28 00:14:32.857 UTC: 	 exitcode: 0
stdout: 200
stderr: 
error details: 
INFO 2025-03-28 00:14:32.905 UTC: 	 Task bootstrapped at 2025-03-28 00:13:47 UTC. 45 seconds ago
INFO 2025-03-28 00:14:32.905 UTC: 	 Status information will be available within a few minutes
INFO 2025-03-28 00:14:32.907 UTC: 	 Log file is /afs/cern.ch/user/a/amalhotr/CMSSW_14_0_18_patch1/src/Run3ScoutingAnalysisTools/crab_projects/crab_DYto2Mu4Jets_Vertexer_100_Automatic/crab.log
DEBUG 2025-03-28 00:20:08.190 UTC: 	 CRAB Client version: v3.250318
DEBUG 2025-03-28 00:20:08.190 UTC: 	 Running on: Linux lxplus940.cern.ch 5.14.0-503.22.1.el9_5.x86_64 #1 SMP PREEMPT_DYNAMIC Wed Jan 15 08:02:15 EST 2025 x86_64 x86_64 x86_64 GNU/Linux
DEBUG 2025-03-28 00:20:08.190 UTC: 	 Not using Singularity
DEBUG 2025-03-28 00:20:08.190 UTC: 	 Operating System: Red Hat Enterprise Linux 9.5 (Plow)
DEBUG 2025-03-28 00:20:08.190 UTC: 	 Executing command: 'status'
DEBUG 2025-03-28 00:20:08.190 UTC: 	 Found CRAB cache file /afs/cern.ch/user/a/amalhotr/.crab3
DEBUG 2025-03-28 00:20:08.195 UTC: 	 Checking credentials
DEBUG 2025-03-28 00:20:08.195 UTC: 	 Found proxy file /tmp/x509up_u180451
DEBUG 2025-03-28 00:20:08.195 UTC: 	 Making sure it has proper VOMS extension
DEBUG 2025-03-28 00:20:08.195 UTC: 	 Executing command :
 voms-proxy-info --vo --file /tmp/x509up_u180451
DEBUG 2025-03-28 00:20:10.119 UTC: 	 output : cms

 error: 
 retcode : 0
DEBUG 2025-03-28 00:20:10.120 UTC: 	 Getting proxy life time left
DEBUG 2025-03-28 00:20:10.120 UTC: 	 Executing command :
 voms-proxy-info --actimeleft --timeleft --file /tmp/x509up_u180451
DEBUG 2025-03-28 00:20:11.673 UTC: 	 output : 690664
690664

 error: 
 retcode : 0
DEBUG 2025-03-28 00:20:11.673 UTC: 	 Proxy valid for 191:51:04 hours
DEBUG 2025-03-28 00:20:11.673 UTC: 	 Encoded data for curl request: subresource=delegatedn
DEBUG 2025-03-28 00:20:13.282 UTC: 	 Registering user credentials on myproxy for /DC=ch/DC=cern/OU=computers/CN=crab-(preprod|prod)-tw(01|02).cern.ch|/DC=ch/DC=cern/OU=computers/CN=crab-dev-tw(01|02|03|04).cern.ch|/DC=ch/DC=cern/OU=Organic Units/OU=Users/CN=cmscrab/CN=(817881|373708)/CN=Robot: cms crab|/DC=ch/DC=cern/OU=Organic Units/OU=Users/CN=crabint1/CN=373708/CN=Robot: CMS CRAB Integration 1
DEBUG 2025-03-28 00:20:13.282 UTC: 	 Executing command :
 voms-proxy-info --identity --file /tmp/x509up_u180451
DEBUG 2025-03-28 00:20:15.593 UTC: 	 output : /DC=ch/DC=cern/OU=Organic Units/OU=Users/CN=amalhotr/CN=884837/CN=Aryan Malhotra

 error: 
 retcode : 0
DEBUG 2025-03-28 00:20:15.593 UTC: 	 Getting myproxy life time left for 2382a3cf28fdeacb1de9b039908761ea517a5ed6
DEBUG 2025-03-28 00:20:15.593 UTC: 	 Executing command :
 myproxy-info -s myproxy.cern.ch -l 2382a3cf28fdeacb1de9b039908761ea517a5ed6
DEBUG 2025-03-28 00:20:16.068 UTC: 	 output : username: 2382a3cf28fdeacb1de9b039908761ea517a5ed6
owner: /DC=ch/DC=cern/OU=Organic Units/OU=Users/CN=amalhotr/CN=884837/CN=Aryan Malhotra
  renewal policy: /DC=ch/DC=cern/OU=computers/CN=crab-(preprod|prod)-tw(01|02).cern.ch|/DC=ch/DC=cern/OU=computers/CN=crab-dev-tw(01|02|03|04).cern.ch|/DC=ch/DC=cern/OU=Organic Units/OU=Users/CN=cmscrab/CN=(817881|373708)/CN=Robot: cms crab|/DC=ch/DC=cern/OU=Organic Units/OU=Users/CN=crabint1/CN=373708/CN=Robot: CMS CRAB Integration 1
  trusted retrieval policy: /DC=ch/DC=cern/OU=computers/CN=crab-(preprod|prod)-tw(01|02).cern.ch|/DC=ch/DC=cern/OU=computers/CN=crab-dev-tw(01|02|03|04).cern.ch|/DC=ch/DC=cern/OU=Organic Units/OU=Users/CN=cmscrab/CN=(817881|373708)/CN=Robot: cms crab|/DC=ch/DC=cern/OU=Organic Units/OU=Users/CN=crabint1/CN=373708/CN=Robot: CMS CRAB Integration 1
  timeleft: 508:00:02  (21.2 days)

 error: 
 retcode : 0
DEBUG 2025-03-28 00:20:16.068 UTC: 	 Myproxy is valid: 1828800
DEBUG 2025-03-28 00:20:16.068 UTC: 	 Result of myproxy credential check:
  Credential exists on myproxy: username: 2382a3cf28fdeacb1de9b039908761ea517a5ed6  - validity: 21 days, 4:00:00
DEBUG 2025-03-28 00:20:16.068 UTC: 	 Retrieving username ...
DEBUG 2025-03-28 00:20:16.068 UTC: 	 Retrieving username from CRIC...
DEBUG 2025-03-28 00:20:16.731 UTC: 	 username is amalhotr
INFO 2025-03-28 00:20:17.180 UTC: 	 Rucio client intialized for account amalhotr
DEBUG 2025-03-28 00:20:17.181 UTC: 	 Command use: status
DEBUG 2025-03-28 00:20:17.181 UTC: 	 Options use: ['-d', 'crab_projects/crab_DYto2Mu4Jets_Vertexer_100_Automatic']
DEBUG 2025-03-28 00:20:17.181 UTC: 	 Encoded data for curl request: subresource=version
DEBUG 2025-03-28 00:20:18.633 UTC: 	 CRABClient version: v3.250318
DEBUG 2025-03-28 00:20:18.633 UTC: 	 Instance is prod
DEBUG 2025-03-28 00:20:18.633 UTC: 	 Server base url is cmsweb.cern.ch
DEBUG 2025-03-28 00:20:18.633 UTC: 	 Command api workflow
DEBUG 2025-03-28 00:20:18.633 UTC: 	 Encoded data for curl request: subresource=search&workflow=250328_001151%3Aamalhotr_crab_DYto2Mu4Jets_Vertexer_100_Automatic
DEBUG 2025-03-28 00:20:21.219 UTC: 	 Got information from server oracle database: {'desc': {'columns': ['tm_taskname', 'tm_activity', 'tm_task_status', 'tm_task_command', 'tm_start_time', 'tm_start_injection', 'tm_end_injection', 'tm_task_failure', 'tm_job_sw', 'tm_job_arch', 'tm_input_dataset', 'tm_nonvalid_input_dataset', 'tm_use_parent', 'tm_site_whitelist', 'tm_site_blacklist', 'tm_split_algo', 'tm_split_args', 'tm_user_sandbox', 'tm_cache_url', 'tm_username', 'tm_user_dn', 'tm_user_vo', 'tm_user_role', 'tm_user_group', 'tm_publish_name', 'tm_publish_groupname', 'tm_asyncdest', 'tm_dbs_url', 'tm_publish_dbs_url', 'tm_publication', 'tm_outfiles', 'tm_tfile_outfiles', 'tm_edm_outfiles', 'tm_job_type', 'tm_generator', 'tm_events_per_lumi', 'tm_arguments', 'tm_save_logs', 'tw_name', 'tm_user_infiles', 'tm_maxjobruntime', 'tm_numcores', 'tm_maxmemory', 'tm_priority', 'tm_output_dataset', 'tm_task_warnings', 'tm_user_webdir', 'tm_scriptexe', 'tm_scriptargs', 'tm_extrajdl', 'tm_collector', 'tm_schedd', 'tm_dry_run', 'tm_user_files', 'tm_transfer_outputs', 'tm_output_lfn', 'tm_ignore_locality', 'tm_fail_limit', 'tm_one_event_mode', 'tm_secondary_input_dataset', 'tm_primary_dataset', 'tm_last_publication', 'tm_debug_files', 'clusterid', 'tm_ignore_global_blacklist', 'tm_submitter_ip_addr', 'tm_totalunits', 'tm_ddm_reqid', 'tm_user_config', 'tm_transfer_container', 'tm_transfer_rule', 'tm_publish_rule', 'tm_multipub_rule', 'tm_job_min_microarch', 'tm_dagman_status', 'tm_num_jobs', 'tm_uploaded']}, 'result': ['250328_001151:amalhotr_crab_DYto2Mu4Jets_Vertexer_100_Automatic', 'None', 'SUBMITTED', 'SUBMIT', '2025-03-28 00:11:51.431279', 'None', '2025-03-28 00:12:44.297819', 'None', 'CMSSW_14_0_18_patch1', 'el9_amd64_gcc12', '/DYto2Mu-4Jets_Bin-MLL-50_TuneCP5_13p6TeV_madgraphMLM-pythia8/amalhotr-DYto2Mu4Jets_Unpacker_100-49feb6938084587a06052f9676570a55/USER', 'F', '0', '[]', '[]', 'Automatic', "{'halt_job_on_file_boundaries': False, 'splitOnRun': False, 'minutes_per_job': 480, 'runs': [], 'lumis': []}", 'c69e9220b4b67efce6c3d4ab97902bd8138835f4ff2c08c8112469e7d0015c74.tar.gz', 'https://cmsweb.cern.ch/S3/crabcache_prod', 'amalhotr', '/DC=ch/DC=cern/OU=Organic Units/OU=Users/CN=amalhotr/CN=884837/CN=Aryan Malhotra', 'cms', 'None', 'None', 'DYto2Mu4Jets_Vertexer_100_Automatic-00000000000000000000000000000000', 'F', 'T2_BR_SPRACE', 'https://cmsweb.cern.ch/dbs/prod/phys03/DBSReader', 'https://cmsweb.cern.ch/dbs/prod/phys03/DBSWriter', 'T', '[]', '[]', "['DY2M_VertexerOutput.root']", 'Analysis', 'pythia', 'None', '{}', 'T', 'crab-prod-tw01', '[]', '1250', '1', '2500', '10', 'None', '[]', 'http://vocms0198.cern.ch/mon/amalhotr/250328_001151:amalhotr_crab_DYto2Mu4Jets_Vertexer_100_Automatic', 'None', '[]', '[]', 'cmsgwms-collector-global.cern.ch:9620,cmsgwms-collector-global.fnal.gov:9620', 'crab3@vocms0198.cern.ch', 'F', '[]', 'T', '/store/user/amalhotr/', 'F', 'None', 'F', 'None', 'DYto2Mu-4Jets_Bin-MLL-50_TuneCP5_13p6TeV_madgraphMLM-pythia8', 'None', 'dc10d7b4f891ef5d86869860676b295e6a5875cd7c567c520cc05cf76e701930.tar.gz', '114139256', 'F', '188.184.75.82', '0.0', 'None', '{"partialdataset": false, "requireaccelerator": false, "acceleratorparams": null, "inputblocks": null}', 'None', 'None', 'None', 'None', 'any', 'NOT_READY', '0', 'F']}
INFO 2025-03-28 00:20:21.219 UTC: 	 CRAB project directory:		/afs/cern.ch/user/a/amalhotr/CMSSW_14_0_18_patch1/src/Run3ScoutingAnalysisTools/crab_projects/crab_DYto2Mu4Jets_Vertexer_100_Automatic
INFO 2025-03-28 00:20:21.219 UTC: 	 Task name:			250328_001151:amalhotr_crab_DYto2Mu4Jets_Vertexer_100_Automatic
INFO 2025-03-28 00:20:21.219 UTC: 	 Grid scheduler - Task Worker:	crab3@vocms0198.cern.ch - crab-prod-tw01
INFO 2025-03-28 00:20:21.219 UTC: 	 Status on the CRAB server:	SUBMITTED
INFO 2025-03-28 00:20:21.220 UTC: 	 Task URL to use for HELP:	https://cmsweb.cern.ch/crabserver/ui/task/250328_001151%3Aamalhotr_crab_DYto2Mu4Jets_Vertexer_100_Automatic
INFO 2025-03-28 00:20:21.226 UTC: 	 Dashboard monitoring URL:	https://monit-grafana.cern.ch/d/cmsTMDetail/cms-task-monitoring-task-view?orgId=11&var-user=amalhotr&var-task=250328_001151%3Aamalhotr_crab_DYto2Mu4Jets_Vertexer_100_Automatic&from=1743117111000&to=now
DEBUG 2025-03-28 00:20:21.226 UTC: 	 The CRAB server submitted your task to the Grid scheduler (cluster ID: 114139256)
DEBUG 2025-03-28 00:20:21.226 UTC: 	 Webdir is located at http://vocms0198.cern.ch/mon/amalhotr/250328_001151:amalhotr_crab_DYto2Mu4Jets_Vertexer_100_Automatic
DEBUG 2025-03-28 00:20:21.227 UTC: 	 Encoded data for curl request: subresource=webdirprx&workflow=250328_001151%3Aamalhotr_crab_DYto2Mu4Jets_Vertexer_100_Automatic
DEBUG 2025-03-28 00:20:22.558 UTC: 	 Proxied webdir is located at https://cmsweb.cern.ch:8443/scheddmon/0198/amalhotr/250328_001151:amalhotr_crab_DYto2Mu4Jets_Vertexer_100_Automatic
DEBUG 2025-03-28 00:20:22.559 UTC: 	 Retrieving 'status_cache' file from https://cmsweb.cern.ch:8443/scheddmon/0198/amalhotr/250328_001151:amalhotr_crab_DYto2Mu4Jets_Vertexer_100_Automatic/status_cache.pkl
DEBUG 2025-03-28 00:20:22.559 UTC: 	 Will execute:
curl -sS --capath /etc/grid-security/certificates --cert /tmp/x509up_u180451 --key /tmp/x509up_u180451 -o /tmp/crab_status-cache-byagiazz.pkl -w %"{http_code}" "https://cmsweb.cern.ch:8443/scheddmon/0198/amalhotr/250328_001151:amalhotr_crab_DYto2Mu4Jets_Vertexer_100_Automatic/status_cache.pkl"
DEBUG 2025-03-28 00:20:22.559 UTC: 	 Executing command :
 curl -sS --capath /etc/grid-security/certificates --cert /tmp/x509up_u180451 --key /tmp/x509up_u180451 -o /tmp/crab_status-cache-byagiazz.pkl -w %"{http_code}" "https://cmsweb.cern.ch:8443/scheddmon/0198/amalhotr/250328_001151:amalhotr_crab_DYto2Mu4Jets_Vertexer_100_Automatic/status_cache.pkl"
DEBUG 2025-03-28 00:20:23.006 UTC: 	 output : 200
 error: 
 retcode : 0
DEBUG 2025-03-28 00:20:23.006 UTC: 	 exitcode: 0
stdout: 200
stderr: 
error details: 
DEBUG 2025-03-28 00:20:24.158 UTC: 	 Got information from status cache file: {'0-5': {'Retries': 0, 'Restarts': 0, 'SiteHistory': ['Unknown'], 'ResidentSetSize': [0], 'SubmitTimes': [1743120833.0], 'StartTimes': [], 'EndTimes': [], 'TotalUserCpuTimeHistory': [0.0], 'TotalSysCpuTimeHistory': [0.0], 'WallDurations': [0], 'JobIds': ['114139334.0'], 'State': 'idle', 'RecordedSite': False}, '0-4': {'Retries': 0, 'Restarts': 0, 'SiteHistory': ['Unknown'], 'ResidentSetSize': [0], 'SubmitTimes': [1743120833.0], 'StartTimes': [], 'EndTimes': [], 'TotalUserCpuTimeHistory': [0.0], 'TotalSysCpuTimeHistory': [0.0], 'WallDurations': [0], 'JobIds': ['114139335.0'], 'State': 'idle', 'RecordedSite': False}, '0-2': {'Retries': 0, 'Restarts': 0, 'SiteHistory': ['Unknown'], 'ResidentSetSize': [0], 'SubmitTimes': [1743120833.0], 'StartTimes': [], 'EndTimes': [], 'TotalUserCpuTimeHistory': [0.0], 'TotalSysCpuTimeHistory': [0.0], 'WallDurations': [0], 'JobIds': ['114139336.0'], 'State': 'idle', 'RecordedSite': False}, '0-3': {'Retries': 0, 'Restarts': 0, 'SiteHistory': ['Unknown'], 'ResidentSetSize': [0], 'SubmitTimes': [1743120833.0], 'StartTimes': [], 'EndTimes': [], 'TotalUserCpuTimeHistory': [0.0], 'TotalSysCpuTimeHistory': [0.0], 'WallDurations': [0], 'JobIds': ['114139337.0'], 'State': 'idle', 'RecordedSite': False}, '0-1': {'Retries': 0, 'Restarts': 0, 'SiteHistory': ['Unknown'], 'ResidentSetSize': [0], 'SubmitTimes': [1743120833.0], 'StartTimes': [], 'EndTimes': [], 'TotalUserCpuTimeHistory': [0.0], 'TotalSysCpuTimeHistory': [0.0], 'WallDurations': [0], 'JobIds': ['114139338.0'], 'State': 'idle', 'RecordedSite': False}}
INFO 2025-03-28 00:20:24.158 UTC: 	 Status on the scheduler:	SUBMITTED
INFO 2025-03-28 00:20:24.158 UTC: 	 
The job splitting of this task is 'Automatic', please refer to this FAQ for a description of the jobs status summary:
https://twiki.cern.ch/twiki/bin/view/CMSPublic/CRAB3FAQ#What_is_the_Automatic_splitting
INFO 2025-03-28 00:20:24.158 UTC: 	 Probe stage log:		https://cmsweb.cern.ch:8443/scheddmon/0198/amalhotr/250328_001151:amalhotr_crab_DYto2Mu4Jets_Vertexer_100_Automatic/AutomaticSplitting_Log0.txt
INFO 2025-03-28 00:20:24.158 UTC: 	 More details of Automatic Splitting process for this task (including possible failures) are in the Dagman Log files in:
https://cmsweb.cern.ch:8443/scheddmon/0198/amalhotr/250328_001151:amalhotr_crab_DYto2Mu4Jets_Vertexer_100_Automatic/AutomaticSplitting/
INFO 2025-03-28 00:20:24.158 UTC: 	 
No publication information available yet
INFO 2025-03-28 00:20:24.160 UTC: 	 Log file is /afs/cern.ch/user/a/amalhotr/CMSSW_14_0_18_patch1/src/Run3ScoutingAnalysisTools/crab_projects/crab_DYto2Mu4Jets_Vertexer_100_Automatic/crab.log
DEBUG 2025-03-28 00:22:56.019 UTC: 	 CRAB Client version: v3.250318
DEBUG 2025-03-28 00:22:56.020 UTC: 	 Running on: Linux lxplus940.cern.ch 5.14.0-503.22.1.el9_5.x86_64 #1 SMP PREEMPT_DYNAMIC Wed Jan 15 08:02:15 EST 2025 x86_64 x86_64 x86_64 GNU/Linux
DEBUG 2025-03-28 00:22:56.020 UTC: 	 Not using Singularity
DEBUG 2025-03-28 00:22:56.020 UTC: 	 Operating System: Red Hat Enterprise Linux 9.5 (Plow)
DEBUG 2025-03-28 00:22:56.020 UTC: 	 Executing command: 'status'
DEBUG 2025-03-28 00:22:56.020 UTC: 	 Found CRAB cache file /afs/cern.ch/user/a/amalhotr/.crab3
DEBUG 2025-03-28 00:22:56.030 UTC: 	 Checking credentials
DEBUG 2025-03-28 00:22:56.030 UTC: 	 Found proxy file /tmp/x509up_u180451
DEBUG 2025-03-28 00:22:56.030 UTC: 	 Making sure it has proper VOMS extension
DEBUG 2025-03-28 00:22:56.030 UTC: 	 Executing command :
 voms-proxy-info --vo --file /tmp/x509up_u180451
DEBUG 2025-03-28 00:22:58.096 UTC: 	 output : cms

 error: 
 retcode : 0
DEBUG 2025-03-28 00:22:58.096 UTC: 	 Getting proxy life time left
DEBUG 2025-03-28 00:22:58.096 UTC: 	 Executing command :
 voms-proxy-info --actimeleft --timeleft --file /tmp/x509up_u180451
DEBUG 2025-03-28 00:23:01.172 UTC: 	 output : 690496
690496

 error: 
 retcode : 0
DEBUG 2025-03-28 00:23:01.172 UTC: 	 Proxy valid for 191:48:16 hours
DEBUG 2025-03-28 00:23:01.173 UTC: 	 Encoded data for curl request: subresource=delegatedn
DEBUG 2025-03-28 00:23:01.380 UTC: 	 Registering user credentials on myproxy for /DC=ch/DC=cern/OU=computers/CN=crab-(preprod|prod)-tw(01|02).cern.ch|/DC=ch/DC=cern/OU=computers/CN=crab-dev-tw(01|02|03|04).cern.ch|/DC=ch/DC=cern/OU=Organic Units/OU=Users/CN=cmscrab/CN=(817881|373708)/CN=Robot: cms crab|/DC=ch/DC=cern/OU=Organic Units/OU=Users/CN=crabint1/CN=373708/CN=Robot: CMS CRAB Integration 1
DEBUG 2025-03-28 00:23:01.380 UTC: 	 Executing command :
 voms-proxy-info --identity --file /tmp/x509up_u180451
DEBUG 2025-03-28 00:23:03.685 UTC: 	 output : /DC=ch/DC=cern/OU=Organic Units/OU=Users/CN=amalhotr/CN=884837/CN=Aryan Malhotra

 error: 
 retcode : 0
DEBUG 2025-03-28 00:23:03.685 UTC: 	 Getting myproxy life time left for 2382a3cf28fdeacb1de9b039908761ea517a5ed6
DEBUG 2025-03-28 00:23:03.686 UTC: 	 Executing command :
 myproxy-info -s myproxy.cern.ch -l 2382a3cf28fdeacb1de9b039908761ea517a5ed6
DEBUG 2025-03-28 00:23:04.197 UTC: 	 output : username: 2382a3cf28fdeacb1de9b039908761ea517a5ed6
owner: /DC=ch/DC=cern/OU=Organic Units/OU=Users/CN=amalhotr/CN=884837/CN=Aryan Malhotra
  renewal policy: /DC=ch/DC=cern/OU=computers/CN=crab-(preprod|prod)-tw(01|02).cern.ch|/DC=ch/DC=cern/OU=computers/CN=crab-dev-tw(01|02|03|04).cern.ch|/DC=ch/DC=cern/OU=Organic Units/OU=Users/CN=cmscrab/CN=(817881|373708)/CN=Robot: cms crab|/DC=ch/DC=cern/OU=Organic Units/OU=Users/CN=crabint1/CN=373708/CN=Robot: CMS CRAB Integration 1
  trusted retrieval policy: /DC=ch/DC=cern/OU=computers/CN=crab-(preprod|prod)-tw(01|02).cern.ch|/DC=ch/DC=cern/OU=computers/CN=crab-dev-tw(01|02|03|04).cern.ch|/DC=ch/DC=cern/OU=Organic Units/OU=Users/CN=cmscrab/CN=(817881|373708)/CN=Robot: cms crab|/DC=ch/DC=cern/OU=Organic Units/OU=Users/CN=crabint1/CN=373708/CN=Robot: CMS CRAB Integration 1
  timeleft: 507:57:14  (21.2 days)

 error: 
 retcode : 0
DEBUG 2025-03-28 00:23:04.197 UTC: 	 Myproxy is valid: 1828620
DEBUG 2025-03-28 00:23:04.197 UTC: 	 Result of myproxy credential check:
  Credential exists on myproxy: username: 2382a3cf28fdeacb1de9b039908761ea517a5ed6  - validity: 21 days, 3:57:00
DEBUG 2025-03-28 00:23:04.197 UTC: 	 Retrieving username ...
DEBUG 2025-03-28 00:23:04.197 UTC: 	 Retrieving username from CRIC...
DEBUG 2025-03-28 00:23:04.936 UTC: 	 username is amalhotr
INFO 2025-03-28 00:23:05.413 UTC: 	 Rucio client intialized for account amalhotr
DEBUG 2025-03-28 00:23:05.413 UTC: 	 Command use: status
DEBUG 2025-03-28 00:23:05.413 UTC: 	 Options use: ['-d', 'crab_projects/crab_DYto2Mu4Jets_Vertexer_100_Automatic', '--long']
DEBUG 2025-03-28 00:23:05.413 UTC: 	 Encoded data for curl request: subresource=version
DEBUG 2025-03-28 00:23:08.163 UTC: 	 CRABClient version: v3.250318
DEBUG 2025-03-28 00:23:08.163 UTC: 	 Instance is prod
DEBUG 2025-03-28 00:23:08.163 UTC: 	 Server base url is cmsweb.cern.ch
DEBUG 2025-03-28 00:23:08.163 UTC: 	 Command api workflow
DEBUG 2025-03-28 00:23:08.163 UTC: 	 Encoded data for curl request: subresource=search&workflow=250328_001151%3Aamalhotr_crab_DYto2Mu4Jets_Vertexer_100_Automatic
DEBUG 2025-03-28 00:23:08.503 UTC: 	 Got information from server oracle database: {'desc': {'columns': ['tm_taskname', 'tm_activity', 'tm_task_status', 'tm_task_command', 'tm_start_time', 'tm_start_injection', 'tm_end_injection', 'tm_task_failure', 'tm_job_sw', 'tm_job_arch', 'tm_input_dataset', 'tm_nonvalid_input_dataset', 'tm_use_parent', 'tm_site_whitelist', 'tm_site_blacklist', 'tm_split_algo', 'tm_split_args', 'tm_user_sandbox', 'tm_cache_url', 'tm_username', 'tm_user_dn', 'tm_user_vo', 'tm_user_role', 'tm_user_group', 'tm_publish_name', 'tm_publish_groupname', 'tm_asyncdest', 'tm_dbs_url', 'tm_publish_dbs_url', 'tm_publication', 'tm_outfiles', 'tm_tfile_outfiles', 'tm_edm_outfiles', 'tm_job_type', 'tm_generator', 'tm_events_per_lumi', 'tm_arguments', 'tm_save_logs', 'tw_name', 'tm_user_infiles', 'tm_maxjobruntime', 'tm_numcores', 'tm_maxmemory', 'tm_priority', 'tm_output_dataset', 'tm_task_warnings', 'tm_user_webdir', 'tm_scriptexe', 'tm_scriptargs', 'tm_extrajdl', 'tm_collector', 'tm_schedd', 'tm_dry_run', 'tm_user_files', 'tm_transfer_outputs', 'tm_output_lfn', 'tm_ignore_locality', 'tm_fail_limit', 'tm_one_event_mode', 'tm_secondary_input_dataset', 'tm_primary_dataset', 'tm_last_publication', 'tm_debug_files', 'clusterid', 'tm_ignore_global_blacklist', 'tm_submitter_ip_addr', 'tm_totalunits', 'tm_ddm_reqid', 'tm_user_config', 'tm_transfer_container', 'tm_transfer_rule', 'tm_publish_rule', 'tm_multipub_rule', 'tm_job_min_microarch', 'tm_dagman_status', 'tm_num_jobs', 'tm_uploaded']}, 'result': ['250328_001151:amalhotr_crab_DYto2Mu4Jets_Vertexer_100_Automatic', 'None', 'SUBMITTED', 'SUBMIT', '2025-03-28 00:11:51.431279', 'None', '2025-03-28 00:12:44.297819', 'None', 'CMSSW_14_0_18_patch1', 'el9_amd64_gcc12', '/DYto2Mu-4Jets_Bin-MLL-50_TuneCP5_13p6TeV_madgraphMLM-pythia8/amalhotr-DYto2Mu4Jets_Unpacker_100-49feb6938084587a06052f9676570a55/USER', 'F', '0', '[]', '[]', 'Automatic', "{'halt_job_on_file_boundaries': False, 'splitOnRun': False, 'minutes_per_job': 480, 'runs': [], 'lumis': []}", 'c69e9220b4b67efce6c3d4ab97902bd8138835f4ff2c08c8112469e7d0015c74.tar.gz', 'https://cmsweb.cern.ch/S3/crabcache_prod', 'amalhotr', '/DC=ch/DC=cern/OU=Organic Units/OU=Users/CN=amalhotr/CN=884837/CN=Aryan Malhotra', 'cms', 'None', 'None', 'DYto2Mu4Jets_Vertexer_100_Automatic-00000000000000000000000000000000', 'F', 'T2_BR_SPRACE', 'https://cmsweb.cern.ch/dbs/prod/phys03/DBSReader', 'https://cmsweb.cern.ch/dbs/prod/phys03/DBSWriter', 'T', '[]', '[]', "['DY2M_VertexerOutput.root']", 'Analysis', 'pythia', 'None', '{}', 'T', 'crab-prod-tw01', '[]', '1250', '1', '2500', '10', 'None', '[]', 'http://vocms0198.cern.ch/mon/amalhotr/250328_001151:amalhotr_crab_DYto2Mu4Jets_Vertexer_100_Automatic', 'None', '[]', '[]', 'cmsgwms-collector-global.cern.ch:9620,cmsgwms-collector-global.fnal.gov:9620', 'crab3@vocms0198.cern.ch', 'F', '[]', 'T', '/store/user/amalhotr/', 'F', 'None', 'F', 'None', 'DYto2Mu-4Jets_Bin-MLL-50_TuneCP5_13p6TeV_madgraphMLM-pythia8', 'None', 'dc10d7b4f891ef5d86869860676b295e6a5875cd7c567c520cc05cf76e701930.tar.gz', '114139256', 'F', '188.184.75.82', '0.0', 'None', '{"partialdataset": false, "requireaccelerator": false, "acceleratorparams": null, "inputblocks": null}', 'None', 'None', 'None', 'None', 'any', 'NOT_READY', '0', 'F']}
INFO 2025-03-28 00:23:08.503 UTC: 	 CRAB project directory:		/afs/cern.ch/user/a/amalhotr/CMSSW_14_0_18_patch1/src/Run3ScoutingAnalysisTools/crab_projects/crab_DYto2Mu4Jets_Vertexer_100_Automatic
INFO 2025-03-28 00:23:08.504 UTC: 	 Task name:			250328_001151:amalhotr_crab_DYto2Mu4Jets_Vertexer_100_Automatic
INFO 2025-03-28 00:23:08.504 UTC: 	 Grid scheduler - Task Worker:	crab3@vocms0198.cern.ch - crab-prod-tw01
INFO 2025-03-28 00:23:08.504 UTC: 	 Status on the CRAB server:	SUBMITTED
INFO 2025-03-28 00:23:08.504 UTC: 	 Task URL to use for HELP:	https://cmsweb.cern.ch/crabserver/ui/task/250328_001151%3Aamalhotr_crab_DYto2Mu4Jets_Vertexer_100_Automatic
INFO 2025-03-28 00:23:08.510 UTC: 	 Dashboard monitoring URL:	https://monit-grafana.cern.ch/d/cmsTMDetail/cms-task-monitoring-task-view?orgId=11&var-user=amalhotr&var-task=250328_001151%3Aamalhotr_crab_DYto2Mu4Jets_Vertexer_100_Automatic&from=1743117111000&to=now
DEBUG 2025-03-28 00:23:08.510 UTC: 	 The CRAB server submitted your task to the Grid scheduler (cluster ID: 114139256)
DEBUG 2025-03-28 00:23:08.510 UTC: 	 Webdir is located at http://vocms0198.cern.ch/mon/amalhotr/250328_001151:amalhotr_crab_DYto2Mu4Jets_Vertexer_100_Automatic
DEBUG 2025-03-28 00:23:08.510 UTC: 	 Encoded data for curl request: subresource=webdirprx&workflow=250328_001151%3Aamalhotr_crab_DYto2Mu4Jets_Vertexer_100_Automatic
DEBUG 2025-03-28 00:23:10.561 UTC: 	 Proxied webdir is located at https://cmsweb.cern.ch:8443/scheddmon/0198/amalhotr/250328_001151:amalhotr_crab_DYto2Mu4Jets_Vertexer_100_Automatic
DEBUG 2025-03-28 00:23:10.561 UTC: 	 Retrieving 'status_cache' file from https://cmsweb.cern.ch:8443/scheddmon/0198/amalhotr/250328_001151:amalhotr_crab_DYto2Mu4Jets_Vertexer_100_Automatic/status_cache.pkl
DEBUG 2025-03-28 00:23:10.562 UTC: 	 Will execute:
curl -sS --capath /etc/grid-security/certificates --cert /tmp/x509up_u180451 --key /tmp/x509up_u180451 -o /tmp/crab_status-cache-hfe1pmkq.pkl -w %"{http_code}" "https://cmsweb.cern.ch:8443/scheddmon/0198/amalhotr/250328_001151:amalhotr_crab_DYto2Mu4Jets_Vertexer_100_Automatic/status_cache.pkl"
DEBUG 2025-03-28 00:23:10.562 UTC: 	 Executing command :
 curl -sS --capath /etc/grid-security/certificates --cert /tmp/x509up_u180451 --key /tmp/x509up_u180451 -o /tmp/crab_status-cache-hfe1pmkq.pkl -w %"{http_code}" "https://cmsweb.cern.ch:8443/scheddmon/0198/amalhotr/250328_001151:amalhotr_crab_DYto2Mu4Jets_Vertexer_100_Automatic/status_cache.pkl"
DEBUG 2025-03-28 00:23:11.079 UTC: 	 output : 200
 error: 
 retcode : 0
DEBUG 2025-03-28 00:23:11.079 UTC: 	 exitcode: 0
stdout: 200
stderr: 
error details: 
DEBUG 2025-03-28 00:23:13.289 UTC: 	 Got information from status cache file: {'0-5': {'Retries': 0, 'Restarts': 0, 'SiteHistory': ['Unknown'], 'ResidentSetSize': [0], 'SubmitTimes': [1743120833.0], 'StartTimes': [], 'EndTimes': [], 'TotalUserCpuTimeHistory': [0.0], 'TotalSysCpuTimeHistory': [0.0], 'WallDurations': [0], 'JobIds': ['114139334.0'], 'State': 'idle', 'RecordedSite': False}, '0-4': {'Retries': 0, 'Restarts': 0, 'SiteHistory': ['Unknown'], 'ResidentSetSize': [0], 'SubmitTimes': [1743120833.0], 'StartTimes': [], 'EndTimes': [], 'TotalUserCpuTimeHistory': [0.0], 'TotalSysCpuTimeHistory': [0.0], 'WallDurations': [0], 'JobIds': ['114139335.0'], 'State': 'idle', 'RecordedSite': False}, '0-2': {'Retries': 0, 'Restarts': 0, 'SiteHistory': ['Unknown'], 'ResidentSetSize': [0], 'SubmitTimes': [1743120833.0], 'StartTimes': [], 'EndTimes': [], 'TotalUserCpuTimeHistory': [0.0], 'TotalSysCpuTimeHistory': [0.0], 'WallDurations': [0], 'JobIds': ['114139336.0'], 'State': 'idle', 'RecordedSite': False}, '0-3': {'Retries': 0, 'Restarts': 0, 'SiteHistory': ['Unknown'], 'ResidentSetSize': [0], 'SubmitTimes': [1743120833.0], 'StartTimes': [], 'EndTimes': [], 'TotalUserCpuTimeHistory': [0.0], 'TotalSysCpuTimeHistory': [0.0], 'WallDurations': [0], 'JobIds': ['114139337.0'], 'State': 'idle', 'RecordedSite': False}, '0-1': {'Retries': 0, 'Restarts': 0, 'SiteHistory': ['Unknown'], 'ResidentSetSize': [0], 'SubmitTimes': [1743120833.0], 'StartTimes': [], 'EndTimes': [], 'TotalUserCpuTimeHistory': [0.0], 'TotalSysCpuTimeHistory': [0.0], 'WallDurations': [0], 'JobIds': ['114139338.0'], 'State': 'idle', 'RecordedSite': False}}
INFO 2025-03-28 00:23:13.289 UTC: 	 Status on the scheduler:	SUBMITTED
INFO 2025-03-28 00:23:13.289 UTC: 	 
The job splitting of this task is 'Automatic', please refer to this FAQ for a description of the jobs status summary:
https://twiki.cern.ch/twiki/bin/view/CMSPublic/CRAB3FAQ#What_is_the_Automatic_splitting
INFO 2025-03-28 00:23:13.289 UTC: 	 Probe stage log:		https://cmsweb.cern.ch:8443/scheddmon/0198/amalhotr/250328_001151:amalhotr_crab_DYto2Mu4Jets_Vertexer_100_Automatic/AutomaticSplitting_Log0.txt
INFO 2025-03-28 00:23:13.289 UTC: 	 More details of Automatic Splitting process for this task (including possible failures) are in the Dagman Log files in:
https://cmsweb.cern.ch:8443/scheddmon/0198/amalhotr/250328_001151:amalhotr_crab_DYto2Mu4Jets_Vertexer_100_Automatic/AutomaticSplitting/
INFO 2025-03-28 00:23:13.290 UTC: 	 
Probe jobs status:              idle         		100.0% (5/5)
INFO 2025-03-28 00:23:13.290 UTC: 	 
No publication information available yet
INFO 2025-03-28 00:23:13.290 UTC: 	 
Extended Job Status Table:

 Job State        Most Recent Site        Runtime   Mem (MB)      CPU %    Retries   Restarts      Waste       Exit Code
 0-1 idle         Unknown                 0:00:00          0    Unknown          0          0    0:00:00         Unknown
 0-2 idle         Unknown                 0:00:00          0    Unknown          0          0    0:00:00         Unknown
 0-3 idle         Unknown                 0:00:00          0    Unknown          0          0    0:00:00         Unknown
 0-4 idle         Unknown                 0:00:00          0    Unknown          0          0    0:00:00         Unknown
 0-5 idle         Unknown                 0:00:00          0    Unknown          0          0    0:00:00         Unknown
DEBUG 2025-03-28 00:23:13.290 UTC: 	 
 Job Cluster Id
 0-5 ['114139334.0']
 0-4 ['114139335.0']
 0-2 ['114139336.0']
 0-3 ['114139337.0']
 0-1 ['114139338.0']
INFO 2025-03-28 00:23:13.291 UTC: 	 Log file is /afs/cern.ch/user/a/amalhotr/CMSSW_14_0_18_patch1/src/Run3ScoutingAnalysisTools/crab_projects/crab_DYto2Mu4Jets_Vertexer_100_Automatic/crab.log
DEBUG 2025-03-28 00:26:50.858 UTC: 	 CRAB Client version: v3.250318
DEBUG 2025-03-28 00:26:50.858 UTC: 	 Running on: Linux lxplus940.cern.ch 5.14.0-503.22.1.el9_5.x86_64 #1 SMP PREEMPT_DYNAMIC Wed Jan 15 08:02:15 EST 2025 x86_64 x86_64 x86_64 GNU/Linux
DEBUG 2025-03-28 00:26:50.858 UTC: 	 Not using Singularity
DEBUG 2025-03-28 00:26:50.858 UTC: 	 Operating System: Red Hat Enterprise Linux 9.5 (Plow)
DEBUG 2025-03-28 00:26:50.858 UTC: 	 Executing command: 'status'
DEBUG 2025-03-28 00:26:50.858 UTC: 	 Found CRAB cache file /afs/cern.ch/user/a/amalhotr/.crab3
DEBUG 2025-03-28 00:26:50.863 UTC: 	 Checking credentials
DEBUG 2025-03-28 00:26:50.863 UTC: 	 Found proxy file /tmp/x509up_u180451
DEBUG 2025-03-28 00:26:50.863 UTC: 	 Making sure it has proper VOMS extension
DEBUG 2025-03-28 00:26:50.863 UTC: 	 Executing command :
 voms-proxy-info --vo --file /tmp/x509up_u180451
DEBUG 2025-03-28 00:26:55.137 UTC: 	 output : cms

 error: 
 retcode : 0
DEBUG 2025-03-28 00:26:55.138 UTC: 	 Getting proxy life time left
DEBUG 2025-03-28 00:26:55.138 UTC: 	 Executing command :
 voms-proxy-info --actimeleft --timeleft --file /tmp/x509up_u180451
DEBUG 2025-03-28 00:26:56.645 UTC: 	 output : 690259
690259

 error: 
 retcode : 0
DEBUG 2025-03-28 00:26:56.645 UTC: 	 Proxy valid for 191:44:19 hours
DEBUG 2025-03-28 00:26:56.645 UTC: 	 Encoded data for curl request: subresource=delegatedn
DEBUG 2025-03-28 00:26:58.282 UTC: 	 Registering user credentials on myproxy for /DC=ch/DC=cern/OU=computers/CN=crab-(preprod|prod)-tw(01|02).cern.ch|/DC=ch/DC=cern/OU=computers/CN=crab-dev-tw(01|02|03|04).cern.ch|/DC=ch/DC=cern/OU=Organic Units/OU=Users/CN=cmscrab/CN=(817881|373708)/CN=Robot: cms crab|/DC=ch/DC=cern/OU=Organic Units/OU=Users/CN=crabint1/CN=373708/CN=Robot: CMS CRAB Integration 1
DEBUG 2025-03-28 00:26:58.282 UTC: 	 Executing command :
 voms-proxy-info --identity --file /tmp/x509up_u180451
DEBUG 2025-03-28 00:27:00.887 UTC: 	 output : /DC=ch/DC=cern/OU=Organic Units/OU=Users/CN=amalhotr/CN=884837/CN=Aryan Malhotra

 error: 
 retcode : 0
DEBUG 2025-03-28 00:27:00.888 UTC: 	 Getting myproxy life time left for 2382a3cf28fdeacb1de9b039908761ea517a5ed6
DEBUG 2025-03-28 00:27:00.888 UTC: 	 Executing command :
 myproxy-info -s myproxy.cern.ch -l 2382a3cf28fdeacb1de9b039908761ea517a5ed6
DEBUG 2025-03-28 00:27:01.458 UTC: 	 output : username: 2382a3cf28fdeacb1de9b039908761ea517a5ed6
owner: /DC=ch/DC=cern/OU=Organic Units/OU=Users/CN=amalhotr/CN=884837/CN=Aryan Malhotra
  renewal policy: /DC=ch/DC=cern/OU=computers/CN=crab-(preprod|prod)-tw(01|02).cern.ch|/DC=ch/DC=cern/OU=computers/CN=crab-dev-tw(01|02|03|04).cern.ch|/DC=ch/DC=cern/OU=Organic Units/OU=Users/CN=cmscrab/CN=(817881|373708)/CN=Robot: cms crab|/DC=ch/DC=cern/OU=Organic Units/OU=Users/CN=crabint1/CN=373708/CN=Robot: CMS CRAB Integration 1
  trusted retrieval policy: /DC=ch/DC=cern/OU=computers/CN=crab-(preprod|prod)-tw(01|02).cern.ch|/DC=ch/DC=cern/OU=computers/CN=crab-dev-tw(01|02|03|04).cern.ch|/DC=ch/DC=cern/OU=Organic Units/OU=Users/CN=cmscrab/CN=(817881|373708)/CN=Robot: cms crab|/DC=ch/DC=cern/OU=Organic Units/OU=Users/CN=crabint1/CN=373708/CN=Robot: CMS CRAB Integration 1
  timeleft: 507:53:17  (21.2 days)

 error: 
 retcode : 0
DEBUG 2025-03-28 00:27:01.458 UTC: 	 Myproxy is valid: 1828380
DEBUG 2025-03-28 00:27:01.458 UTC: 	 Result of myproxy credential check:
  Credential exists on myproxy: username: 2382a3cf28fdeacb1de9b039908761ea517a5ed6  - validity: 21 days, 3:53:00
DEBUG 2025-03-28 00:27:01.458 UTC: 	 Retrieving username ...
DEBUG 2025-03-28 00:27:01.458 UTC: 	 Retrieving username from CRIC...
DEBUG 2025-03-28 00:27:02.234 UTC: 	 username is amalhotr
INFO 2025-03-28 00:27:02.733 UTC: 	 Rucio client intialized for account amalhotr
DEBUG 2025-03-28 00:27:02.734 UTC: 	 Command use: status
DEBUG 2025-03-28 00:27:02.734 UTC: 	 Options use: ['-d', 'crab_projects/crab_DYto2Mu4Jets_Vertexer_100_Automatic', '--long']
DEBUG 2025-03-28 00:27:02.734 UTC: 	 Encoded data for curl request: subresource=version
DEBUG 2025-03-28 00:27:04.986 UTC: 	 CRABClient version: v3.250318
DEBUG 2025-03-28 00:27:04.986 UTC: 	 Instance is prod
DEBUG 2025-03-28 00:27:04.986 UTC: 	 Server base url is cmsweb.cern.ch
DEBUG 2025-03-28 00:27:04.986 UTC: 	 Command api workflow
DEBUG 2025-03-28 00:27:04.986 UTC: 	 Encoded data for curl request: subresource=search&workflow=250328_001151%3Aamalhotr_crab_DYto2Mu4Jets_Vertexer_100_Automatic
DEBUG 2025-03-28 00:27:08.441 UTC: 	 Got information from server oracle database: {'desc': {'columns': ['tm_taskname', 'tm_activity', 'tm_task_status', 'tm_task_command', 'tm_start_time', 'tm_start_injection', 'tm_end_injection', 'tm_task_failure', 'tm_job_sw', 'tm_job_arch', 'tm_input_dataset', 'tm_nonvalid_input_dataset', 'tm_use_parent', 'tm_site_whitelist', 'tm_site_blacklist', 'tm_split_algo', 'tm_split_args', 'tm_user_sandbox', 'tm_cache_url', 'tm_username', 'tm_user_dn', 'tm_user_vo', 'tm_user_role', 'tm_user_group', 'tm_publish_name', 'tm_publish_groupname', 'tm_asyncdest', 'tm_dbs_url', 'tm_publish_dbs_url', 'tm_publication', 'tm_outfiles', 'tm_tfile_outfiles', 'tm_edm_outfiles', 'tm_job_type', 'tm_generator', 'tm_events_per_lumi', 'tm_arguments', 'tm_save_logs', 'tw_name', 'tm_user_infiles', 'tm_maxjobruntime', 'tm_numcores', 'tm_maxmemory', 'tm_priority', 'tm_output_dataset', 'tm_task_warnings', 'tm_user_webdir', 'tm_scriptexe', 'tm_scriptargs', 'tm_extrajdl', 'tm_collector', 'tm_schedd', 'tm_dry_run', 'tm_user_files', 'tm_transfer_outputs', 'tm_output_lfn', 'tm_ignore_locality', 'tm_fail_limit', 'tm_one_event_mode', 'tm_secondary_input_dataset', 'tm_primary_dataset', 'tm_last_publication', 'tm_debug_files', 'clusterid', 'tm_ignore_global_blacklist', 'tm_submitter_ip_addr', 'tm_totalunits', 'tm_ddm_reqid', 'tm_user_config', 'tm_transfer_container', 'tm_transfer_rule', 'tm_publish_rule', 'tm_multipub_rule', 'tm_job_min_microarch', 'tm_dagman_status', 'tm_num_jobs', 'tm_uploaded']}, 'result': ['250328_001151:amalhotr_crab_DYto2Mu4Jets_Vertexer_100_Automatic', 'None', 'SUBMITTED', 'SUBMIT', '2025-03-28 00:11:51.431279', 'None', '2025-03-28 00:12:44.297819', 'None', 'CMSSW_14_0_18_patch1', 'el9_amd64_gcc12', '/DYto2Mu-4Jets_Bin-MLL-50_TuneCP5_13p6TeV_madgraphMLM-pythia8/amalhotr-DYto2Mu4Jets_Unpacker_100-49feb6938084587a06052f9676570a55/USER', 'F', '0', '[]', '[]', 'Automatic', "{'halt_job_on_file_boundaries': False, 'splitOnRun': False, 'minutes_per_job': 480, 'runs': [], 'lumis': []}", 'c69e9220b4b67efce6c3d4ab97902bd8138835f4ff2c08c8112469e7d0015c74.tar.gz', 'https://cmsweb.cern.ch/S3/crabcache_prod', 'amalhotr', '/DC=ch/DC=cern/OU=Organic Units/OU=Users/CN=amalhotr/CN=884837/CN=Aryan Malhotra', 'cms', 'None', 'None', 'DYto2Mu4Jets_Vertexer_100_Automatic-00000000000000000000000000000000', 'F', 'T2_BR_SPRACE', 'https://cmsweb.cern.ch/dbs/prod/phys03/DBSReader', 'https://cmsweb.cern.ch/dbs/prod/phys03/DBSWriter', 'T', '[]', '[]', "['DY2M_VertexerOutput.root']", 'Analysis', 'pythia', 'None', '{}', 'T', 'crab-prod-tw01', '[]', '1250', '1', '2500', '10', 'None', '[]', 'http://vocms0198.cern.ch/mon/amalhotr/250328_001151:amalhotr_crab_DYto2Mu4Jets_Vertexer_100_Automatic', 'None', '[]', '[]', 'cmsgwms-collector-global.cern.ch:9620,cmsgwms-collector-global.fnal.gov:9620', 'crab3@vocms0198.cern.ch', 'F', '[]', 'T', '/store/user/amalhotr/', 'F', 'None', 'F', 'None', 'DYto2Mu-4Jets_Bin-MLL-50_TuneCP5_13p6TeV_madgraphMLM-pythia8', 'None', 'dc10d7b4f891ef5d86869860676b295e6a5875cd7c567c520cc05cf76e701930.tar.gz', '114139256', 'F', '188.184.75.82', '0.0', 'None', '{"partialdataset": false, "requireaccelerator": false, "acceleratorparams": null, "inputblocks": null}', 'None', 'None', 'None', 'None', 'any', 'NOT_READY', '0', 'F']}
INFO 2025-03-28 00:27:08.441 UTC: 	 CRAB project directory:		/afs/cern.ch/user/a/amalhotr/CMSSW_14_0_18_patch1/src/Run3ScoutingAnalysisTools/crab_projects/crab_DYto2Mu4Jets_Vertexer_100_Automatic
INFO 2025-03-28 00:27:08.441 UTC: 	 Task name:			250328_001151:amalhotr_crab_DYto2Mu4Jets_Vertexer_100_Automatic
INFO 2025-03-28 00:27:08.441 UTC: 	 Grid scheduler - Task Worker:	crab3@vocms0198.cern.ch - crab-prod-tw01
INFO 2025-03-28 00:27:08.441 UTC: 	 Status on the CRAB server:	SUBMITTED
INFO 2025-03-28 00:27:08.441 UTC: 	 Task URL to use for HELP:	https://cmsweb.cern.ch/crabserver/ui/task/250328_001151%3Aamalhotr_crab_DYto2Mu4Jets_Vertexer_100_Automatic
INFO 2025-03-28 00:27:08.448 UTC: 	 Dashboard monitoring URL:	https://monit-grafana.cern.ch/d/cmsTMDetail/cms-task-monitoring-task-view?orgId=11&var-user=amalhotr&var-task=250328_001151%3Aamalhotr_crab_DYto2Mu4Jets_Vertexer_100_Automatic&from=1743117111000&to=now
DEBUG 2025-03-28 00:27:08.448 UTC: 	 The CRAB server submitted your task to the Grid scheduler (cluster ID: 114139256)
DEBUG 2025-03-28 00:27:08.448 UTC: 	 Webdir is located at http://vocms0198.cern.ch/mon/amalhotr/250328_001151:amalhotr_crab_DYto2Mu4Jets_Vertexer_100_Automatic
DEBUG 2025-03-28 00:27:08.448 UTC: 	 Encoded data for curl request: subresource=webdirprx&workflow=250328_001151%3Aamalhotr_crab_DYto2Mu4Jets_Vertexer_100_Automatic
DEBUG 2025-03-28 00:27:08.868 UTC: 	 Proxied webdir is located at https://cmsweb.cern.ch:8443/scheddmon/0198/amalhotr/250328_001151:amalhotr_crab_DYto2Mu4Jets_Vertexer_100_Automatic
DEBUG 2025-03-28 00:27:08.868 UTC: 	 Retrieving 'status_cache' file from https://cmsweb.cern.ch:8443/scheddmon/0198/amalhotr/250328_001151:amalhotr_crab_DYto2Mu4Jets_Vertexer_100_Automatic/status_cache.pkl
DEBUG 2025-03-28 00:27:08.868 UTC: 	 Will execute:
curl -sS --capath /etc/grid-security/certificates --cert /tmp/x509up_u180451 --key /tmp/x509up_u180451 -o /tmp/crab_status-cache-_l_ec4du.pkl -w %"{http_code}" "https://cmsweb.cern.ch:8443/scheddmon/0198/amalhotr/250328_001151:amalhotr_crab_DYto2Mu4Jets_Vertexer_100_Automatic/status_cache.pkl"
DEBUG 2025-03-28 00:27:08.868 UTC: 	 Executing command :
 curl -sS --capath /etc/grid-security/certificates --cert /tmp/x509up_u180451 --key /tmp/x509up_u180451 -o /tmp/crab_status-cache-_l_ec4du.pkl -w %"{http_code}" "https://cmsweb.cern.ch:8443/scheddmon/0198/amalhotr/250328_001151:amalhotr_crab_DYto2Mu4Jets_Vertexer_100_Automatic/status_cache.pkl"
DEBUG 2025-03-28 00:27:10.064 UTC: 	 output : 200
 error: 
 retcode : 0
DEBUG 2025-03-28 00:27:10.064 UTC: 	 exitcode: 0
stdout: 200
stderr: 
error details: 
DEBUG 2025-03-28 00:27:11.172 UTC: 	 Got information from status cache file: {'0-5': {'Retries': 0, 'Restarts': 0, 'SiteHistory': ['Unknown'], 'ResidentSetSize': [0], 'SubmitTimes': [1743120833.0], 'StartTimes': [], 'EndTimes': [], 'TotalUserCpuTimeHistory': [0.0], 'TotalSysCpuTimeHistory': [0.0], 'WallDurations': [0], 'JobIds': ['114139334.0'], 'State': 'idle', 'RecordedSite': False}, '0-4': {'Retries': 0, 'Restarts': 0, 'SiteHistory': ['Unknown'], 'ResidentSetSize': [0], 'SubmitTimes': [1743120833.0], 'StartTimes': [], 'EndTimes': [], 'TotalUserCpuTimeHistory': [0.0], 'TotalSysCpuTimeHistory': [0.0], 'WallDurations': [0], 'JobIds': ['114139335.0'], 'State': 'idle', 'RecordedSite': False}, '0-2': {'Retries': 0, 'Restarts': 0, 'SiteHistory': ['Unknown'], 'ResidentSetSize': [0], 'SubmitTimes': [1743120833.0], 'StartTimes': [], 'EndTimes': [], 'TotalUserCpuTimeHistory': [0.0], 'TotalSysCpuTimeHistory': [0.0], 'WallDurations': [0], 'JobIds': ['114139336.0'], 'State': 'idle', 'RecordedSite': False}, '0-3': {'Retries': 0, 'Restarts': 0, 'SiteHistory': ['Unknown'], 'ResidentSetSize': [0], 'SubmitTimes': [1743120833.0], 'StartTimes': [], 'EndTimes': [], 'TotalUserCpuTimeHistory': [0.0], 'TotalSysCpuTimeHistory': [0.0], 'WallDurations': [0], 'JobIds': ['114139337.0'], 'State': 'idle', 'RecordedSite': False}, '0-1': {'Retries': 0, 'Restarts': 0, 'SiteHistory': ['Unknown'], 'ResidentSetSize': [0], 'SubmitTimes': [1743120833.0], 'StartTimes': [], 'EndTimes': [], 'TotalUserCpuTimeHistory': [0.0], 'TotalSysCpuTimeHistory': [0.0], 'WallDurations': [0], 'JobIds': ['114139338.0'], 'State': 'idle', 'RecordedSite': False}}
INFO 2025-03-28 00:27:11.172 UTC: 	 Status on the scheduler:	SUBMITTED
INFO 2025-03-28 00:27:11.172 UTC: 	 
The job splitting of this task is 'Automatic', please refer to this FAQ for a description of the jobs status summary:
https://twiki.cern.ch/twiki/bin/view/CMSPublic/CRAB3FAQ#What_is_the_Automatic_splitting
INFO 2025-03-28 00:27:11.172 UTC: 	 Probe stage log:		https://cmsweb.cern.ch:8443/scheddmon/0198/amalhotr/250328_001151:amalhotr_crab_DYto2Mu4Jets_Vertexer_100_Automatic/AutomaticSplitting_Log0.txt
INFO 2025-03-28 00:27:11.172 UTC: 	 More details of Automatic Splitting process for this task (including possible failures) are in the Dagman Log files in:
https://cmsweb.cern.ch:8443/scheddmon/0198/amalhotr/250328_001151:amalhotr_crab_DYto2Mu4Jets_Vertexer_100_Automatic/AutomaticSplitting/
INFO 2025-03-28 00:27:11.172 UTC: 	 
Probe jobs status:              idle         		100.0% (5/5)
INFO 2025-03-28 00:27:11.172 UTC: 	 
No publication information available yet
INFO 2025-03-28 00:27:11.172 UTC: 	 
Extended Job Status Table:

 Job State        Most Recent Site        Runtime   Mem (MB)      CPU %    Retries   Restarts      Waste       Exit Code
 0-1 idle         Unknown                 0:00:00          0    Unknown          0          0    0:00:00         Unknown
 0-2 idle         Unknown                 0:00:00          0    Unknown          0          0    0:00:00         Unknown
 0-3 idle         Unknown                 0:00:00          0    Unknown          0          0    0:00:00         Unknown
 0-4 idle         Unknown                 0:00:00          0    Unknown          0          0    0:00:00         Unknown
 0-5 idle         Unknown                 0:00:00          0    Unknown          0          0    0:00:00         Unknown
DEBUG 2025-03-28 00:27:11.172 UTC: 	 
 Job Cluster Id
 0-5 ['114139334.0']
 0-4 ['114139335.0']
 0-2 ['114139336.0']
 0-3 ['114139337.0']
 0-1 ['114139338.0']
INFO 2025-03-28 00:27:11.174 UTC: 	 Log file is /afs/cern.ch/user/a/amalhotr/CMSSW_14_0_18_patch1/src/Run3ScoutingAnalysisTools/crab_projects/crab_DYto2Mu4Jets_Vertexer_100_Automatic/crab.log
DEBUG 2025-03-28 00:28:39.020 UTC: 	 CRAB Client version: v3.250318
DEBUG 2025-03-28 00:28:39.021 UTC: 	 Running on: Linux lxplus940.cern.ch 5.14.0-503.22.1.el9_5.x86_64 #1 SMP PREEMPT_DYNAMIC Wed Jan 15 08:02:15 EST 2025 x86_64 x86_64 x86_64 GNU/Linux
DEBUG 2025-03-28 00:28:39.021 UTC: 	 Not using Singularity
DEBUG 2025-03-28 00:28:39.021 UTC: 	 Operating System: Red Hat Enterprise Linux 9.5 (Plow)
DEBUG 2025-03-28 00:28:39.021 UTC: 	 Executing command: 'kill'
DEBUG 2025-03-28 00:28:39.021 UTC: 	 Found CRAB cache file /afs/cern.ch/user/a/amalhotr/.crab3
DEBUG 2025-03-28 00:28:39.025 UTC: 	 Checking credentials
DEBUG 2025-03-28 00:28:39.025 UTC: 	 Found proxy file /tmp/x509up_u180451
DEBUG 2025-03-28 00:28:39.025 UTC: 	 Making sure it has proper VOMS extension
DEBUG 2025-03-28 00:28:39.025 UTC: 	 Executing command :
 voms-proxy-info --vo --file /tmp/x509up_u180451
DEBUG 2025-03-28 00:28:41.805 UTC: 	 output : cms

 error: 
 retcode : 0
DEBUG 2025-03-28 00:28:41.805 UTC: 	 Getting proxy life time left
DEBUG 2025-03-28 00:28:41.805 UTC: 	 Executing command :
 voms-proxy-info --actimeleft --timeleft --file /tmp/x509up_u180451
DEBUG 2025-03-28 00:28:44.003 UTC: 	 output : 690152
690152

 error: 
 retcode : 0
DEBUG 2025-03-28 00:28:44.003 UTC: 	 Proxy valid for 191:42:32 hours
DEBUG 2025-03-28 00:28:44.004 UTC: 	 Encoded data for curl request: subresource=delegatedn
DEBUG 2025-03-28 00:28:45.569 UTC: 	 Registering user credentials on myproxy for /DC=ch/DC=cern/OU=computers/CN=crab-(preprod|prod)-tw(01|02).cern.ch|/DC=ch/DC=cern/OU=computers/CN=crab-dev-tw(01|02|03|04).cern.ch|/DC=ch/DC=cern/OU=Organic Units/OU=Users/CN=cmscrab/CN=(817881|373708)/CN=Robot: cms crab|/DC=ch/DC=cern/OU=Organic Units/OU=Users/CN=crabint1/CN=373708/CN=Robot: CMS CRAB Integration 1
DEBUG 2025-03-28 00:28:45.569 UTC: 	 Executing command :
 voms-proxy-info --identity --file /tmp/x509up_u180451
DEBUG 2025-03-28 00:28:48.676 UTC: 	 output : /DC=ch/DC=cern/OU=Organic Units/OU=Users/CN=amalhotr/CN=884837/CN=Aryan Malhotra

 error: 
 retcode : 0
DEBUG 2025-03-28 00:28:48.676 UTC: 	 Getting myproxy life time left for 2382a3cf28fdeacb1de9b039908761ea517a5ed6
DEBUG 2025-03-28 00:28:48.676 UTC: 	 Executing command :
 myproxy-info -s myproxy.cern.ch -l 2382a3cf28fdeacb1de9b039908761ea517a5ed6
DEBUG 2025-03-28 00:28:48.951 UTC: 	 output : username: 2382a3cf28fdeacb1de9b039908761ea517a5ed6
owner: /DC=ch/DC=cern/OU=Organic Units/OU=Users/CN=amalhotr/CN=884837/CN=Aryan Malhotra
  renewal policy: /DC=ch/DC=cern/OU=computers/CN=crab-(preprod|prod)-tw(01|02).cern.ch|/DC=ch/DC=cern/OU=computers/CN=crab-dev-tw(01|02|03|04).cern.ch|/DC=ch/DC=cern/OU=Organic Units/OU=Users/CN=cmscrab/CN=(817881|373708)/CN=Robot: cms crab|/DC=ch/DC=cern/OU=Organic Units/OU=Users/CN=crabint1/CN=373708/CN=Robot: CMS CRAB Integration 1
  trusted retrieval policy: /DC=ch/DC=cern/OU=computers/CN=crab-(preprod|prod)-tw(01|02).cern.ch|/DC=ch/DC=cern/OU=computers/CN=crab-dev-tw(01|02|03|04).cern.ch|/DC=ch/DC=cern/OU=Organic Units/OU=Users/CN=cmscrab/CN=(817881|373708)/CN=Robot: cms crab|/DC=ch/DC=cern/OU=Organic Units/OU=Users/CN=crabint1/CN=373708/CN=Robot: CMS CRAB Integration 1
  timeleft: 507:51:30  (21.2 days)

 error: 
 retcode : 0
DEBUG 2025-03-28 00:28:48.951 UTC: 	 Myproxy is valid: 1828260
DEBUG 2025-03-28 00:28:48.951 UTC: 	 Result of myproxy credential check:
  Credential exists on myproxy: username: 2382a3cf28fdeacb1de9b039908761ea517a5ed6  - validity: 21 days, 3:51:00
DEBUG 2025-03-28 00:28:48.952 UTC: 	 Command use: kill
DEBUG 2025-03-28 00:28:48.952 UTC: 	 Options use: ['-d', 'crab_projects/crab_DYto2Mu4Jets_Vertexer_100_Automatic']
DEBUG 2025-03-28 00:28:48.952 UTC: 	 Encoded data for curl request: subresource=version
DEBUG 2025-03-28 00:28:50.631 UTC: 	 CRABClient version: v3.250318
DEBUG 2025-03-28 00:28:50.631 UTC: 	 Instance is prod
DEBUG 2025-03-28 00:28:50.631 UTC: 	 Server base url is cmsweb.cern.ch
DEBUG 2025-03-28 00:28:50.631 UTC: 	 Command api workflow
DEBUG 2025-03-28 00:28:50.631 UTC: 	 Killing task 250328_001151:amalhotr_crab_DYto2Mu4Jets_Vertexer_100_Automatic
DEBUG 2025-03-28 00:28:50.632 UTC: 	 Encoded data for curl request: workflow=250328_001151%3Aamalhotr_crab_DYto2Mu4Jets_Vertexer_100_Automatic
DEBUG 2025-03-28 00:28:51.968 UTC: 	 Result: {'desc': {'columns': ['tm_taskname', 'tm_task_status', 'tm_task_command', 'tm_user_role', 'tm_user_group', 'tm_task_failure', 'tm_split_algo', 'tm_split_args', 'tm_save_logs', 'tm_username', 'tm_user_dn', 'tm_arguments', 'tm_input_dataset', 'tm_dbs_url', 'tm_task_warnings', 'tm_publication', 'tm_user_webdir', 'tm_output_dataset', 'tm_collector', 'tm_schedd', 'tm_dry_run', 'clusterid', 'tm_start_time', 'tw_name']}, 'result': [{'result': 'ok'}]}
INFO 2025-03-28 00:28:51.969 UTC: 	 Kill request successfully sent
INFO 2025-03-28 00:28:51.969 UTC: 	 Log file is /afs/cern.ch/user/a/amalhotr/CMSSW_14_0_18_patch1/src/Run3ScoutingAnalysisTools/crab_projects/crab_DYto2Mu4Jets_Vertexer_100_Automatic/crab.log
