DEBUG 2025-05-22 19:19:56.908 UTC: 	 CRAB Client version: v3.250409
DEBUG 2025-05-22 19:19:56.908 UTC: 	 Running on: Linux lxplus978.cern.ch 5.14.0-503.34.1.el9_5.x86_64 #1 SMP PREEMPT_DYNAMIC Mon Mar 17 21:49:47 EDT 2025 x86_64 x86_64 x86_64 GNU/Linux
DEBUG 2025-05-22 19:19:56.908 UTC: 	 Not using Singularity
DEBUG 2025-05-22 19:19:56.908 UTC: 	 Operating System: Red Hat Enterprise Linux 9.6 (Plow)
DEBUG 2025-05-22 19:19:56.908 UTC: 	 Executing command: 'submit'
DEBUG 2025-05-22 19:19:56.908 UTC: 	 Found CRAB cache file /afs/cern.ch/user/a/amalhotr/.crab3
INFO 2025-05-22 19:19:56.909 UTC: 	 Will use CRAB configuration file chainedCrabConfig.py
DEBUG 2025-05-22 19:19:56.909 UTC: 	 Loading CRAB configuration file.
DEBUG 2025-05-22 19:19:56.917 UTC: 	 Will use CRAB plugin ANALYSIS (i.e. will run an analysis job type).
DEBUG 2025-05-22 19:19:56.953 UTC: 	 Checking credentials
DEBUG 2025-05-22 19:19:56.954 UTC: 	 Found proxy file /tmp/x509up_u180451
DEBUG 2025-05-22 19:19:56.954 UTC: 	 Making sure it has proper VOMS extension
DEBUG 2025-05-22 19:19:56.954 UTC: 	 Executing command :
 voms-proxy-info --vo --file /tmp/x509up_u180451
DEBUG 2025-05-22 19:19:57.304 UTC: 	 output : cms

 error: 
 retcode : 0
DEBUG 2025-05-22 19:19:57.305 UTC: 	 Getting proxy life time left
DEBUG 2025-05-22 19:19:57.305 UTC: 	 Executing command :
 voms-proxy-info --actimeleft --timeleft --file /tmp/x509up_u180451
DEBUG 2025-05-22 19:19:57.617 UTC: 	 output : 688130
688129

 error: 
 retcode : 0
DEBUG 2025-05-22 19:19:57.618 UTC: 	 Proxy valid for 191:08:49 hours
DEBUG 2025-05-22 19:19:57.618 UTC: 	 Encoded data for curl request: subresource=delegatedn
DEBUG 2025-05-22 19:19:57.656 UTC: 	 Registering user credentials on myproxy for /DC=ch/DC=cern/OU=computers/CN=crab-(preprod|prod)-tw(01|02).cern.ch|/DC=ch/DC=cern/OU=computers/CN=crab-dev-tw(01|02|03|04).cern.ch|/DC=ch/DC=cern/OU=Organic Units/OU=Users/CN=cmscrab/CN=(817881|373708)/CN=Robot: cms crab|/DC=ch/DC=cern/OU=Organic Units/OU=Users/CN=crabint1/CN=373708/CN=Robot: CMS CRAB Integration 1
DEBUG 2025-05-22 19:19:57.656 UTC: 	 Executing command :
 voms-proxy-info --identity --file /tmp/x509up_u180451
DEBUG 2025-05-22 19:19:58.005 UTC: 	 output : /DC=ch/DC=cern/OU=Organic Units/OU=Users/CN=amalhotr/CN=884837/CN=Aryan Malhotra

 error: 
 retcode : 0
DEBUG 2025-05-22 19:19:58.005 UTC: 	 Getting myproxy life time left for 2382a3cf28fdeacb1de9b039908761ea517a5ed6
DEBUG 2025-05-22 19:19:58.005 UTC: 	 Executing command :
 myproxy-info -s myproxy.cern.ch -l 2382a3cf28fdeacb1de9b039908761ea517a5ed6
DEBUG 2025-05-22 19:19:58.320 UTC: 	 output : username: 2382a3cf28fdeacb1de9b039908761ea517a5ed6
owner: /DC=ch/DC=cern/OU=Organic Units/OU=Users/CN=amalhotr/CN=884837/CN=Aryan Malhotra
  renewal policy: /DC=ch/DC=cern/OU=computers/CN=crab-(preprod|prod)-tw(01|02).cern.ch|/DC=ch/DC=cern/OU=computers/CN=crab-dev-tw(01|02|03|04).cern.ch|/DC=ch/DC=cern/OU=Organic Units/OU=Users/CN=cmscrab/CN=(817881|373708)/CN=Robot: cms crab|/DC=ch/DC=cern/OU=Organic Units/OU=Users/CN=crabint1/CN=373708/CN=Robot: CMS CRAB Integration 1
  trusted retrieval policy: /DC=ch/DC=cern/OU=computers/CN=crab-(preprod|prod)-tw(01|02).cern.ch|/DC=ch/DC=cern/OU=computers/CN=crab-dev-tw(01|02|03|04).cern.ch|/DC=ch/DC=cern/OU=Organic Units/OU=Users/CN=cmscrab/CN=(817881|373708)/CN=Robot: cms crab|/DC=ch/DC=cern/OU=Organic Units/OU=Users/CN=crabint1/CN=373708/CN=Robot: CMS CRAB Integration 1
  timeleft: 539:33:35  (22.5 days)

 error: 
 retcode : 0
DEBUG 2025-05-22 19:19:58.320 UTC: 	 Myproxy is valid: 1942380
DEBUG 2025-05-22 19:19:58.320 UTC: 	 Result of myproxy credential check:
  Credential exists on myproxy: username: 2382a3cf28fdeacb1de9b039908761ea517a5ed6  - validity: 22 days, 11:33:00
DEBUG 2025-05-22 19:19:58.321 UTC: 	 Command use: submit
DEBUG 2025-05-22 19:19:58.321 UTC: 	 Options use: ['-c', 'chainedCrabConfig.py']
DEBUG 2025-05-22 19:19:58.321 UTC: 	 Encoded data for curl request: subresource=version
DEBUG 2025-05-22 19:19:58.363 UTC: 	 CRABClient version: v3.250409
DEBUG 2025-05-22 19:19:58.363 UTC: 	 Instance is prod
DEBUG 2025-05-22 19:19:58.363 UTC: 	 Server base url is cmsweb.cern.ch
DEBUG 2025-05-22 19:19:58.363 UTC: 	 Command api workflow
DEBUG 2025-05-22 19:19:58.363 UTC: 	 Started submission
DEBUG 2025-05-22 19:19:58.363 UTC: 	 Working on /afs/cern.ch/user/a/amalhotr/CMSSW_14_0_18_patch1/src/Run3ScoutingAnalysisTools/crab_RealData_noLFNDirectory_All_EventAwareLumiBased_1k_10M
DEBUG 2025-05-22 19:19:58.364 UTC: 	 Encoded data for curl request: subresource=backendurls
DEBUG 2025-05-22 19:19:58.435 UTC: 	 Loading required information from the environment
DEBUG 2025-05-22 19:19:58.435 UTC: 	 Found CMSSW_14_0_18_patch1 for el9_amd64_gcc12 with base /afs/cern.ch/user/a/amalhotr/CMSSW_14_0_18_patch1
DEBUG 2025-05-22 19:19:58.435 UTC: 	 Loading required information from the environment
DEBUG 2025-05-22 19:19:58.435 UTC: 	 Found CMSSW_14_0_18_patch1 for el9_amd64_gcc12 with base /afs/cern.ch/user/a/amalhotr/CMSSW_14_0_18_patch1
DEBUG 2025-05-22 19:19:58.435 UTC: 	 UNIQUE NAME: tarUUID ff473c4d-c0f8-43bc-95eb-12d8fd3714dd 
DEBUG 2025-05-22 19:19:58.435 UTC: 	 self.config: from WMCore.Configuration import Configuration
config = Configuration()
config.section_('General')
config.General.requestName = 'RealData_noLFNDirectory_All_EventAwareLumiBased_1k_10M'
config.General.transferLogs = True
config.General.transferOutputs = True
config.section_('JobType')
config.JobType.psetName = 'UnifiedScoutingVertexingTreeMaker.py'
config.JobType.pluginName = 'Analysis'
config.section_('Data')
config.Data.outputDatasetTag = 'RealData_noLFNDirectory_All_EventAwareLumiBased_1k_10M'
config.Data.splitting = 'EventAwareLumiBased'
config.Data.allowNonValidInputDataset = True
config.Data.inputDataset = '/ScoutingPFRun3/Run2024H-v1/HLTSCOUT'
config.Data.publication = False
config.Data.unitsPerJob = 1000
config.Data.inputDBS = 'global'
config.Data.totalUnits = 10000000
config.section_('Site')
config.Site.storageSite = 'T3_CH_CERNBOX'
config.section_('User')
config.section_('Debug')

DEBUG 2025-05-22 19:19:58.435 UTC: 	 self.config.JobType.psetName: UnifiedScoutingVertexingTreeMaker.py
INFO 2025-05-22 19:19:58.435 UTC: 	 Importing CMSSW configuration UnifiedScoutingVertexingTreeMaker.py
INFO 2025-05-22 19:19:58.707 UTC: 	 Finished importing CMSSW configuration UnifiedScoutingVertexingTreeMaker.py
DEBUG 2025-05-22 19:19:58.707 UTC: 	 Writing CMSSW configuration to /afs/cern.ch/user/a/amalhotr/CMSSW_14_0_18_patch1/src/Run3ScoutingAnalysisTools/crab_RealData_noLFNDirectory_All_EventAwareLumiBased_1k_10M/inputs/PSet.py
DEBUG 2025-05-22 19:19:58.728 UTC: 	 The following EDM output files will be collected: []
DEBUG 2025-05-22 19:19:58.728 UTC: 	 The following TFile output files will be collected: ['DY2M_ScoutingTree_Output.root']
DEBUG 2025-05-22 19:19:58.728 UTC: 	 The following user output files (not listed as PoolOuputModule or TFileService in the CMSSW PSet) will be collected: 
DEBUG 2025-05-22 19:19:58.728 UTC: 	 Loading required information from the environment
DEBUG 2025-05-22 19:19:58.728 UTC: 	 Found CMSSW_14_0_18_patch1 for el9_amd64_gcc12 with base /afs/cern.ch/user/a/amalhotr/CMSSW_14_0_18_patch1
DEBUG 2025-05-22 19:19:58.728 UTC: 	 Making tarball in /afs/cern.ch/user/a/amalhotr/CMSSW_14_0_18_patch1/src/Run3ScoutingAnalysisTools/crab_RealData_noLFNDirectory_All_EventAwareLumiBased_1k_10M/inputs/ff473c4d-c0f8-43bc-95eb-12d8fd3714dddefault.tgz
DEBUG 2025-05-22 19:19:58.729 UTC: 	 Checking directory /afs/cern.ch/user/a/amalhotr/CMSSW_14_0_18_patch1/bin
DEBUG 2025-05-22 19:19:58.729 UTC: 	 Adding directory /afs/cern.ch/user/a/amalhotr/CMSSW_14_0_18_patch1/bin to tarball
DEBUG 2025-05-22 19:19:58.734 UTC: 	 Checking directory /afs/cern.ch/user/a/amalhotr/CMSSW_14_0_18_patch1/python
DEBUG 2025-05-22 19:19:58.734 UTC: 	 Adding directory /afs/cern.ch/user/a/amalhotr/CMSSW_14_0_18_patch1/python to tarball
DEBUG 2025-05-22 19:19:58.919 UTC: 	 Checking directory /afs/cern.ch/user/a/amalhotr/CMSSW_14_0_18_patch1/cfipython
DEBUG 2025-05-22 19:19:58.919 UTC: 	 Adding directory /afs/cern.ch/user/a/amalhotr/CMSSW_14_0_18_patch1/cfipython to tarball
DEBUG 2025-05-22 19:19:58.934 UTC: 	 Checking directory /afs/cern.ch/user/a/amalhotr/CMSSW_14_0_18_patch1/lib
DEBUG 2025-05-22 19:19:58.934 UTC: 	 Adding directory /afs/cern.ch/user/a/amalhotr/CMSSW_14_0_18_patch1/lib to tarball
DEBUG 2025-05-22 19:19:59.005 UTC: 	 Checking directory /afs/cern.ch/user/a/amalhotr/CMSSW_14_0_18_patch1/biglib
DEBUG 2025-05-22 19:19:59.005 UTC: 	 Adding directory /afs/cern.ch/user/a/amalhotr/CMSSW_14_0_18_patch1/biglib to tarball
DEBUG 2025-05-22 19:19:59.007 UTC: 	 Checking directory /afs/cern.ch/user/a/amalhotr/CMSSW_14_0_18_patch1/module
DEBUG 2025-05-22 19:19:59.007 UTC: 	 Checking directory /afs/cern.ch/user/a/amalhotr/CMSSW_14_0_18_patch1/config/SCRAM/hooks
DEBUG 2025-05-22 19:19:59.007 UTC: 	 Adding directory /afs/cern.ch/user/a/amalhotr/CMSSW_14_0_18_patch1/config/SCRAM/hooks to tarball
DEBUG 2025-05-22 19:19:59.021 UTC: 	 Adding directory /afs/cern.ch/user/a/amalhotr/CMSSW_14_0_18_patch1/src/Run3ScoutingAnalysisTools/DataFormats/Scouting/interface to tarball
DEBUG 2025-05-22 19:19:59.098 UTC: 	 Adding directory /afs/cern.ch/user/a/amalhotr/CMSSW_14_0_18_patch1/src/Run3ScoutingAnalysisTools/ScoutingTreeMakerRun3/python to tarball
DEBUG 2025-05-22 19:19:59.107 UTC: 	 Adding directory /afs/cern.ch/user/a/amalhotr/CMSSW_14_0_18_patch1/src/DataFormats/Scouting/interface to tarball
DEBUG 2025-05-22 19:19:59.124 UTC: 	 Adding directory /afs/cern.ch/user/a/amalhotr/CMSSW_14_0_18_patch1/src/Configuration/GenProduction/python to tarball
DEBUG 2025-05-22 19:19:59.168 UTC: 	 Uploading archive /afs/cern.ch/user/a/amalhotr/CMSSW_14_0_18_patch1/src/Run3ScoutingAnalysisTools/crab_RealData_noLFNDirectory_All_EventAwareLumiBased_1k_10M/inputs/ff473c4d-c0f8-43bc-95eb-12d8fd3714dddefault.tgz (441 KB) to the CRAB cache. Using URI https://cmsweb.cern.ch/S3/crabcache_prod
DEBUG 2025-05-22 19:19:59.308 UTC: 	 Encoded data for curl request: subresource=upload&objecttype=sandbox&tarballname=d21f38256e1fe46602fc5ab345ac679fe51bb1d6f3238f49bc29f5d2ba4ab61e.tar.gz
DEBUG 2025-05-22 19:19:59.364 UTC: 	 sandbox d21f38256e1fe46602fc5ab345ac679fe51bb1d6f3238f49bc29f5d2ba4ab61e.tar.gz is already in the S3 store, will not upload again
DEBUG 2025-05-22 19:19:59.364 UTC: 	 Loading required information from the environment
DEBUG 2025-05-22 19:19:59.364 UTC: 	 Found CMSSW_14_0_18_patch1 for el9_amd64_gcc12 with base /afs/cern.ch/user/a/amalhotr/CMSSW_14_0_18_patch1
DEBUG 2025-05-22 19:19:59.364 UTC: 	 Making tarball in /afs/cern.ch/user/a/amalhotr/CMSSW_14_0_18_patch1/src/Run3ScoutingAnalysisTools/crab_RealData_noLFNDirectory_All_EventAwareLumiBased_1k_10M/inputs/debugFiles.tgz
DEBUG 2025-05-22 19:19:59.370 UTC: 	 Uploading archive /afs/cern.ch/user/a/amalhotr/CMSSW_14_0_18_patch1/src/Run3ScoutingAnalysisTools/crab_RealData_noLFNDirectory_All_EventAwareLumiBased_1k_10M/inputs/debugFiles.tgz (3 KB) to the CRAB cache. Using URI https://cmsweb.cern.ch/S3/crabcache_prod
DEBUG 2025-05-22 19:19:59.372 UTC: 	 Encoded data for curl request: subresource=upload&objecttype=sandbox&tarballname=5429f3b6decd5f073fc4ab7bf2e26cf73b509675e38c464c05f13f9fea0fcc5e.tar.gz
DEBUG 2025-05-22 19:19:59.425 UTC: 	 Will execute:
curl -f -v -X POST  -H "User-Agent: CRAB" -F "key=amalhotr/sandboxes/5429f3b6decd5f073fc4ab7bf2e26cf73b509675e38c464c05f13f9fea0fcc5e.tar.gz" -F "AWSAccessKeyId=715203df6482458ba839e73e6dab634b" -F "policy=eyJleHBpcmF0aW9uIjogIjIwMjUtMDUtMjJUMjA6MTk6NTlaIiwgImNvbmRpdGlvbnMiOiBbeyJidWNrZXQiOiAiY3JhYmNhY2hlX3Byb2QifSwgeyJrZXkiOiAiYW1hbGhvdHIvc2FuZGJveGVzLzU0MjlmM2I2ZGVjZDVmMDczZmM0YWI3YmYyZTI2Y2Y3M2I1MDk2NzVlMzhjNDY0YzA1ZjEzZjlmZWEwZmNjNWUudGFyLmd6In1dfQ==" -F "signature=PZ8yLLQ/QfOKsazR5LHI2wCxy3I=" -F "file=@/afs/cern.ch/user/a/amalhotr/CMSSW_14_0_18_patch1/src/Run3ScoutingAnalysisTools/crab_RealData_noLFNDirectory_All_EventAwareLumiBased_1k_10M/inputs/debugFiles.tgz" "https://s3.cern.ch/crabcache_prod"
DEBUG 2025-05-22 19:19:59.504 UTC: 	 exitcode: 0
stdout: b''
DEBUG 2025-05-22 19:19:59.504 UTC: 	 upload to S3 of sandbox /afs/cern.ch/user/a/amalhotr/CMSSW_14_0_18_patch1/src/Run3ScoutingAnalysisTools/crab_RealData_noLFNDirectory_All_EventAwareLumiBased_1k_10M/inputs/debugFiles.tgz completed
DEBUG 2025-05-22 19:19:59.504 UTC: 	 make sure that object is ready for retrieve
DEBUG 2025-05-22 19:20:00.505 UTC: 	 Encoded data for curl request: subresource=download&objecttype=sandbox&tarballname=5429f3b6decd5f073fc4ab7bf2e26cf73b509675e38c464c05f13f9fea0fcc5e.tar.gz&clientmethod=head_object
DEBUG 2025-05-22 19:20:00.552 UTC: 	 PreSignedUrl to download sandbox received OK
DEBUG 2025-05-22 19:20:00.555 UTC: 	 Will execute:
 curl -v -s -f -o /dev/null --head  "https://s3.cern.ch/crabcache_prod/amalhotr/sandboxes/5429f3b6decd5f073fc4ab7bf2e26cf73b509675e38c464c05f13f9fea0fcc5e.tar.gz?AWSAccessKeyId=715203df6482458ba839e73e6dab634b&Signature=DGTqVhpi7XJFke3BPPbSstpxzv0%3D&Expires=1747945200"
DEBUG 2025-05-22 19:20:00.582 UTC: 	 exitcode: 0
stdout: b''
DEBUG 2025-05-22 19:20:00.582 UTC: 	 sandbox /afs/cern.ch/user/a/amalhotr/CMSSW_14_0_18_patch1/src/Run3ScoutingAnalysisTools/crab_RealData_noLFNDirectory_All_EventAwareLumiBased_1k_10M/inputs/debugFiles.tgz successfully uploaded to S3
DEBUG 2025-05-22 19:20:00.582 UTC: 	 Result uploading input files: d21f38256e1fe46602fc5ab345ac679fe51bb1d6f3238f49bc29f5d2ba4ab61e.tar.gz 
DEBUG 2025-05-22 19:20:00.582 UTC: 	 submit() - self.configuration from WMCore.Configuration import Configuration
config = Configuration()
config.section_('General')
config.General.requestName = 'RealData_noLFNDirectory_All_EventAwareLumiBased_1k_10M'
config.General.transferLogs = True
config.General.transferOutputs = True
config.section_('JobType')
config.JobType.psetName = 'UnifiedScoutingVertexingTreeMaker.py'
config.JobType.pluginName = 'Analysis'
config.section_('Data')
config.Data.outputDatasetTag = 'RealData_noLFNDirectory_All_EventAwareLumiBased_1k_10M'
config.Data.splitting = 'EventAwareLumiBased'
config.Data.allowNonValidInputDataset = True
config.Data.inputDataset = '/ScoutingPFRun3/Run2024H-v1/HLTSCOUT'
config.Data.publication = False
config.Data.unitsPerJob = 1000
config.Data.inputDBS = 'global'
config.Data.totalUnits = 10000000
config.section_('Site')
config.Site.storageSite = 'T3_CH_CERNBOX'
config.section_('User')
config.section_('Debug')

DEBUG 2025-05-22 19:20:00.582 UTC: 	 submit() - self.configreq {'dryrun': 0, 'workflow': 'crab_RealData_noLFNDirectory_All_EventAwareLumiBased_1k_10M', 'saveoutput': 1, 'savelogsflag': 1, 'inputdata': '/ScoutingPFRun3/Run2024H-v1/HLTSCOUT', 'nonvaliddata': 1, 'userfiles': [], 'dbsurl': 'https://cmsweb.cern.ch/dbs/prod/global/DBSReader', 'useparent': 0, 'ignorelocality': 0, 'splitalgo': 'EventAwareLumiBased', 'algoargs': 1000, 'totalunits': 10000000, 'publication': 0, 'publishdbsurl': 'https://cmsweb.cern.ch/dbs/prod/phys03/DBSWriter', 'publishname2': 'RealData_noLFNDirectory_All_EventAwareLumiBased_1k_10M', 'jobtype': 'Analysis', 'generator': 'pythia', 'addoutputfiles': [], 'maxjobruntime': 1250, 'numcores': 1, 'maxmemory': 2000, 'priority': 10, 'nonprodsw': 0, 'asyncdest': 'T3_CH_CERNBOX', 'requireaccelerator': 0, 'oneEventMode': 0, 'extrajdl': [], 'ignoreglobalblacklist': 0, 'partialdataset': 0, 'inputblocks': []}
DEBUG 2025-05-22 19:20:00.582 UTC: 	 submit() - jobconfig {'addoutputfiles': [], 'tfileoutfiles': ['DY2M_ScoutingTree_Output.root'], 'edmoutfiles': [], 'jobarch': 'el9_amd64_gcc12', 'jobminuarch': 'any', 'jobsw': 'CMSSW_14_0_18_patch1', 'inputdata': '/ScoutingPFRun3/Run2024H-v1/HLTSCOUT', 'cacheurl': 'https://cmsweb.cern.ch/S3/crabcache_prod', 'cachefilename': 'd21f38256e1fe46602fc5ab345ac679fe51bb1d6f3238f49bc29f5d2ba4ab61e.tar.gz', 'debugfilename': '5429f3b6decd5f073fc4ab7bf2e26cf73b509675e38c464c05f13f9fea0fcc5e.tar.gz', 'jobtype': 'Analysis'}
INFO 2025-05-22 19:20:00.582 UTC: 	 Sending the request to the server at cmsweb.cern.ch
DEBUG 2025-05-22 19:20:00.583 UTC: 	 Submitting {'dryrun': 0, 'workflow': 'crab_RealData_noLFNDirectory_All_EventAwareLumiBased_1k_10M', 'saveoutput': 1, 'savelogsflag': 1, 'inputdata': '/ScoutingPFRun3/Run2024H-v1/HLTSCOUT', 'nonvaliddata': 1, 'userfiles': [], 'dbsurl': 'https://cmsweb.cern.ch/dbs/prod/global/DBSReader', 'useparent': 0, 'ignorelocality': 0, 'splitalgo': 'EventAwareLumiBased', 'algoargs': 1000, 'totalunits': 10000000, 'publication': 0, 'publishdbsurl': 'https://cmsweb.cern.ch/dbs/prod/phys03/DBSWriter', 'publishname2': 'RealData_noLFNDirectory_All_EventAwareLumiBased_1k_10M', 'jobtype': 'Analysis', 'generator': 'pythia', 'addoutputfiles': [], 'maxjobruntime': 1250, 'numcores': 1, 'maxmemory': 2000, 'priority': 10, 'nonprodsw': 0, 'asyncdest': 'T3_CH_CERNBOX', 'requireaccelerator': 0, 'oneEventMode': 0, 'extrajdl': [], 'ignoreglobalblacklist': 0, 'partialdataset': 0, 'inputblocks': [], 'tfileoutfiles': ['DY2M_ScoutingTree_Output.root'], 'edmoutfiles': [], 'jobarch': 'el9_amd64_gcc12', 'jobminuarch': 'any', 'jobsw': 'CMSSW_14_0_18_patch1', 'cacheurl': 'https://cmsweb.cern.ch/S3/crabcache_prod', 'cachefilename': 'd21f38256e1fe46602fc5ab345ac679fe51bb1d6f3238f49bc29f5d2ba4ab61e.tar.gz', 'debugfilename': '5429f3b6decd5f073fc4ab7bf2e26cf73b509675e38c464c05f13f9fea0fcc5e.tar.gz'} 
DEBUG 2025-05-22 19:20:00.583 UTC: 	 Encoded data for curl request: dryrun=0&workflow=crab_RealData_noLFNDirectory_All_EventAwareLumiBased_1k_10M&saveoutput=1&savelogsflag=1&inputdata=%2FScoutingPFRun3%2FRun2024H-v1%2FHLTSCOUT&nonvaliddata=1&dbsurl=https%3A%2F%2Fcmsweb.cern.ch%2Fdbs%2Fprod%2Fglobal%2FDBSReader&useparent=0&ignorelocality=0&splitalgo=EventAwareLumiBased&algoargs=1000&totalunits=10000000&publication=0&publishdbsurl=https%3A%2F%2Fcmsweb.cern.ch%2Fdbs%2Fprod%2Fphys03%2FDBSWriter&publishname2=RealData_noLFNDirectory_All_EventAwareLumiBased_1k_10M&jobtype=Analysis&generator=pythia&maxjobruntime=1250&numcores=1&maxmemory=2000&priority=10&nonprodsw=0&asyncdest=T3_CH_CERNBOX&requireaccelerator=0&oneEventMode=0&ignoreglobalblacklist=0&partialdataset=0&jobarch=el9_amd64_gcc12&jobminuarch=any&jobsw=CMSSW_14_0_18_patch1&cacheurl=https%3A%2F%2Fcmsweb.cern.ch%2FS3%2Fcrabcache_prod&cachefilename=d21f38256e1fe46602fc5ab345ac679fe51bb1d6f3238f49bc29f5d2ba4ab61e.tar.gz&debugfilename=5429f3b6decd5f073fc4ab7bf2e26cf73b509675e38c464c05f13f9fea0fcc5e.tar.gz&tfileoutfiles=DY2M_ScoutingTree_Output.root
DEBUG 2025-05-22 19:20:00.661 UTC: 	 Result: {'result': [{'RequestName': '250522_192000:amalhotr_crab_RealData_noLFNDirectory_All_EventAwareLumiBased_1k_10M'}]}
INFO 2025-05-22 19:20:00.663 UTC: 	 Success: Your task has been delivered to the prod CRAB3 server.
INFO 2025-05-22 19:20:00.663 UTC: 	 Task name: 250522_192000:amalhotr_crab_RealData_noLFNDirectory_All_EventAwareLumiBased_1k_10M
INFO 2025-05-22 19:20:00.663 UTC: 	 Project dir: ./crab_RealData_noLFNDirectory_All_EventAwareLumiBased_1k_10M
INFO 2025-05-22 19:20:00.663 UTC: 	 Please use ' crab status -d ./crab_RealData_noLFNDirectory_All_EventAwareLumiBased_1k_10M ' to check how the submission process proceeds.
DEBUG 2025-05-22 19:20:00.664 UTC: 	 About to return
INFO 2025-05-22 19:20:00.665 UTC: 	 Log file is /afs/cern.ch/user/a/amalhotr/CMSSW_14_0_18_patch1/src/Run3ScoutingAnalysisTools/crab_RealData_noLFNDirectory_All_EventAwareLumiBased_1k_10M/crab.log
DEBUG 2025-05-22 19:31:35.095 UTC: 	 CRAB Client version: v3.250409
DEBUG 2025-05-22 19:31:35.095 UTC: 	 Running on: Linux lxplus978.cern.ch 5.14.0-503.34.1.el9_5.x86_64 #1 SMP PREEMPT_DYNAMIC Mon Mar 17 21:49:47 EDT 2025 x86_64 x86_64 x86_64 GNU/Linux
DEBUG 2025-05-22 19:31:35.095 UTC: 	 Not using Singularity
DEBUG 2025-05-22 19:31:35.095 UTC: 	 Operating System: Red Hat Enterprise Linux 9.6 (Plow)
DEBUG 2025-05-22 19:31:35.095 UTC: 	 Executing command: 'status'
DEBUG 2025-05-22 19:31:35.095 UTC: 	 Found CRAB cache file /afs/cern.ch/user/a/amalhotr/.crab3
DEBUG 2025-05-22 19:31:35.362 UTC: 	 Checking credentials
DEBUG 2025-05-22 19:31:35.362 UTC: 	 Found proxy file /tmp/x509up_u180451
DEBUG 2025-05-22 19:31:35.362 UTC: 	 Making sure it has proper VOMS extension
DEBUG 2025-05-22 19:31:35.362 UTC: 	 Executing command :
 voms-proxy-info --vo --file /tmp/x509up_u180451
DEBUG 2025-05-22 19:31:35.771 UTC: 	 output : cms

 error: 
 retcode : 0
DEBUG 2025-05-22 19:31:35.772 UTC: 	 Getting proxy life time left
DEBUG 2025-05-22 19:31:35.772 UTC: 	 Executing command :
 voms-proxy-info --actimeleft --timeleft --file /tmp/x509up_u180451
DEBUG 2025-05-22 19:31:36.126 UTC: 	 output : 687431
687430

 error: 
 retcode : 0
DEBUG 2025-05-22 19:31:36.126 UTC: 	 Proxy valid for 190:57:10 hours
DEBUG 2025-05-22 19:31:36.127 UTC: 	 Encoded data for curl request: subresource=delegatedn
DEBUG 2025-05-22 19:31:36.178 UTC: 	 Registering user credentials on myproxy for /DC=ch/DC=cern/OU=computers/CN=crab-(preprod|prod)-tw(01|02).cern.ch|/DC=ch/DC=cern/OU=computers/CN=crab-dev-tw(01|02|03|04).cern.ch|/DC=ch/DC=cern/OU=Organic Units/OU=Users/CN=cmscrab/CN=(817881|373708)/CN=Robot: cms crab|/DC=ch/DC=cern/OU=Organic Units/OU=Users/CN=crabint1/CN=373708/CN=Robot: CMS CRAB Integration 1
DEBUG 2025-05-22 19:31:36.178 UTC: 	 Executing command :
 voms-proxy-info --identity --file /tmp/x509up_u180451
DEBUG 2025-05-22 19:31:36.524 UTC: 	 output : /DC=ch/DC=cern/OU=Organic Units/OU=Users/CN=amalhotr/CN=884837/CN=Aryan Malhotra

 error: 
 retcode : 0
DEBUG 2025-05-22 19:31:36.524 UTC: 	 Getting myproxy life time left for 2382a3cf28fdeacb1de9b039908761ea517a5ed6
DEBUG 2025-05-22 19:31:36.524 UTC: 	 Executing command :
 myproxy-info -s myproxy.cern.ch -l 2382a3cf28fdeacb1de9b039908761ea517a5ed6
DEBUG 2025-05-22 19:31:36.805 UTC: 	 output : username: 2382a3cf28fdeacb1de9b039908761ea517a5ed6
owner: /DC=ch/DC=cern/OU=Organic Units/OU=Users/CN=amalhotr/CN=884837/CN=Aryan Malhotra
  renewal policy: /DC=ch/DC=cern/OU=computers/CN=crab-(preprod|prod)-tw(01|02).cern.ch|/DC=ch/DC=cern/OU=computers/CN=crab-dev-tw(01|02|03|04).cern.ch|/DC=ch/DC=cern/OU=Organic Units/OU=Users/CN=cmscrab/CN=(817881|373708)/CN=Robot: cms crab|/DC=ch/DC=cern/OU=Organic Units/OU=Users/CN=crabint1/CN=373708/CN=Robot: CMS CRAB Integration 1
  trusted retrieval policy: /DC=ch/DC=cern/OU=computers/CN=crab-(preprod|prod)-tw(01|02).cern.ch|/DC=ch/DC=cern/OU=computers/CN=crab-dev-tw(01|02|03|04).cern.ch|/DC=ch/DC=cern/OU=Organic Units/OU=Users/CN=cmscrab/CN=(817881|373708)/CN=Robot: cms crab|/DC=ch/DC=cern/OU=Organic Units/OU=Users/CN=crabint1/CN=373708/CN=Robot: CMS CRAB Integration 1
  timeleft: 539:21:57  (22.5 days)

 error: 
 retcode : 0
DEBUG 2025-05-22 19:31:36.805 UTC: 	 Myproxy is valid: 1941660
DEBUG 2025-05-22 19:31:36.805 UTC: 	 Result of myproxy credential check:
  Credential exists on myproxy: username: 2382a3cf28fdeacb1de9b039908761ea517a5ed6  - validity: 22 days, 11:21:00
DEBUG 2025-05-22 19:31:36.805 UTC: 	 Retrieving username ...
DEBUG 2025-05-22 19:31:36.805 UTC: 	 Retrieving username from CRIC...
DEBUG 2025-05-22 19:31:37.539 UTC: 	 username is amalhotr
INFO 2025-05-22 19:31:38.122 UTC: 	 Rucio client intialized for account amalhotr
DEBUG 2025-05-22 19:31:38.123 UTC: 	 Command use: status
DEBUG 2025-05-22 19:31:38.123 UTC: 	 Options use: ['-d', './crab_RealData_noLFNDirectory_All_EventAwareLumiBased_1k_10M']
DEBUG 2025-05-22 19:31:38.123 UTC: 	 Encoded data for curl request: subresource=version
DEBUG 2025-05-22 19:31:38.167 UTC: 	 CRABClient version: v3.250409
DEBUG 2025-05-22 19:31:38.167 UTC: 	 Instance is prod
DEBUG 2025-05-22 19:31:38.167 UTC: 	 Server base url is cmsweb.cern.ch
DEBUG 2025-05-22 19:31:38.167 UTC: 	 Command api workflow
DEBUG 2025-05-22 19:31:38.167 UTC: 	 Encoded data for curl request: subresource=search&workflow=250522_192000%3Aamalhotr_crab_RealData_noLFNDirectory_All_EventAwareLumiBased_1k_10M
DEBUG 2025-05-22 19:31:38.227 UTC: 	 Got information from server oracle database: {'desc': {'columns': ['tm_taskname', 'tm_activity', 'tm_task_status', 'tm_task_command', 'tm_start_time', 'tm_start_injection', 'tm_end_injection', 'tm_task_failure', 'tm_job_sw', 'tm_job_arch', 'tm_input_dataset', 'tm_nonvalid_input_dataset', 'tm_use_parent', 'tm_site_whitelist', 'tm_site_blacklist', 'tm_split_algo', 'tm_split_args', 'tm_user_sandbox', 'tm_cache_url', 'tm_username', 'tm_user_dn', 'tm_user_vo', 'tm_user_role', 'tm_user_group', 'tm_publish_name', 'tm_publish_groupname', 'tm_asyncdest', 'tm_dbs_url', 'tm_publish_dbs_url', 'tm_publication', 'tm_outfiles', 'tm_tfile_outfiles', 'tm_edm_outfiles', 'tm_job_type', 'tm_generator', 'tm_events_per_lumi', 'tm_arguments', 'tm_save_logs', 'tw_name', 'tm_user_infiles', 'tm_maxjobruntime', 'tm_numcores', 'tm_maxmemory', 'tm_priority', 'tm_output_dataset', 'tm_task_warnings', 'tm_user_webdir', 'tm_scriptexe', 'tm_scriptargs', 'tm_extrajdl', 'tm_collector', 'tm_schedd', 'tm_dry_run', 'tm_user_files', 'tm_transfer_outputs', 'tm_output_lfn', 'tm_ignore_locality', 'tm_fail_limit', 'tm_one_event_mode', 'tm_secondary_input_dataset', 'tm_primary_dataset', 'tm_last_publication', 'tm_debug_files', 'clusterid', 'tm_ignore_global_blacklist', 'tm_submitter_ip_addr', 'tm_totalunits', 'tm_ddm_reqid', 'tm_user_config', 'tm_transfer_container', 'tm_transfer_rule', 'tm_publish_rule', 'tm_multipub_rule', 'tm_job_min_microarch', 'tm_dagman_status', 'tm_num_jobs', 'tm_uploaded']}, 'result': ['250522_192000:amalhotr_crab_RealData_noLFNDirectory_All_EventAwareLumiBased_1k_10M', 'None', 'SUBMITTED', 'SUBMIT', '2025-05-22 19:20:00.655286', 'None', '2025-05-22 19:22:03.978329', 'None', 'CMSSW_14_0_18_patch1', 'el9_amd64_gcc12', '/ScoutingPFRun3/Run2024H-v1/HLTSCOUT', 'T', '0', '[]', '[]', 'EventAwareLumiBased', "{'halt_job_on_file_boundaries': False, 'splitOnRun': False, 'events_per_job': 1000, 'runs': [], 'lumis': []}", 'd21f38256e1fe46602fc5ab345ac679fe51bb1d6f3238f49bc29f5d2ba4ab61e.tar.gz', 'https://cmsweb.cern.ch/S3/crabcache_prod', 'amalhotr', '/DC=ch/DC=cern/OU=Organic Units/OU=Users/CN=amalhotr/CN=884837/CN=Aryan Malhotra', 'cms', 'None', 'None', 'RealData_noLFNDirectory_All_EventAwareLumiBased_1k_10M-00000000000000000000000000000000', 'F', 'T3_CH_CERNBOX', 'https://cmsweb.cern.ch/dbs/prod/global/DBSReader', 'https://cmsweb.cern.ch/dbs/prod/phys03/DBSWriter', 'F', '[]', "['DY2M_ScoutingTree_Output.root']", '[]', 'Analysis', 'pythia', 'None', '{}', 'T', 'crab-prod-tw01', '[]', '1250', '1', '2000', '10', 'None', '[]', 'http://vocms0196.cern.ch/mon/amalhotr/250522_192000:amalhotr_crab_RealData_noLFNDirectory_All_EventAwareLumiBased_1k_10M', 'None', '[]', '[]', 'cmsgwms-collector-global.cern.ch:9620,cmsgwms-collector-global.fnal.gov:9620', 'crab3@vocms0196.cern.ch', 'F', '[]', 'T', '/store/user/amalhotr/', 'F', 'None', 'F', 'None', 'ScoutingPFRun3', 'None', '5429f3b6decd5f073fc4ab7bf2e26cf73b509675e38c464c05f13f9fea0fcc5e.tar.gz', '122365931', 'F', '188.184.89.113', '10000000.0', 'None', '{"partialdataset": false, "requireaccelerator": false, "acceleratorparams": null, "inputblocks": null}', 'None', 'None', 'None', 'None', 'any', 'RUNNING', '25', 'F']}
INFO 2025-05-22 19:31:38.228 UTC: 	 CRAB project directory:		/afs/cern.ch/user/a/amalhotr/CMSSW_14_0_18_patch1/src/Run3ScoutingAnalysisTools/crab_RealData_noLFNDirectory_All_EventAwareLumiBased_1k_10M
INFO 2025-05-22 19:31:38.228 UTC: 	 Task name:			250522_192000:amalhotr_crab_RealData_noLFNDirectory_All_EventAwareLumiBased_1k_10M
INFO 2025-05-22 19:31:38.228 UTC: 	 Grid scheduler - Task Worker:	crab3@vocms0196.cern.ch - crab-prod-tw01
INFO 2025-05-22 19:31:38.229 UTC: 	 Status on the CRAB server:	SUBMITTED
INFO 2025-05-22 19:31:38.229 UTC: 	 Task URL to use for HELP:	https://cmsweb.cern.ch/crabserver/ui/task/250522_192000%3Aamalhotr_crab_RealData_noLFNDirectory_All_EventAwareLumiBased_1k_10M
INFO 2025-05-22 19:31:38.237 UTC: 	 Dashboard monitoring URL:	https://monit-grafana.cern.ch/d/cmsTMDetail/cms-task-monitoring-task-view?orgId=11&var-user=amalhotr&var-task=250522_192000%3Aamalhotr_crab_RealData_noLFNDirectory_All_EventAwareLumiBased_1k_10M&from=1747938000000&to=now
DEBUG 2025-05-22 19:31:38.238 UTC: 	 The CRAB server submitted your task to the Grid scheduler (cluster ID: 122365931)
DEBUG 2025-05-22 19:31:38.238 UTC: 	 Webdir is located at http://vocms0196.cern.ch/mon/amalhotr/250522_192000:amalhotr_crab_RealData_noLFNDirectory_All_EventAwareLumiBased_1k_10M
DEBUG 2025-05-22 19:31:38.238 UTC: 	 Encoded data for curl request: subresource=webdirprx&workflow=250522_192000%3Aamalhotr_crab_RealData_noLFNDirectory_All_EventAwareLumiBased_1k_10M
DEBUG 2025-05-22 19:31:38.277 UTC: 	 Proxied webdir is located at https://cmsweb.cern.ch/scheddmon/0196/amalhotr/250522_192000:amalhotr_crab_RealData_noLFNDirectory_All_EventAwareLumiBased_1k_10M
DEBUG 2025-05-22 19:31:38.278 UTC: 	 Retrieving 'status_cache' file from https://cmsweb.cern.ch/scheddmon/0196/amalhotr/250522_192000:amalhotr_crab_RealData_noLFNDirectory_All_EventAwareLumiBased_1k_10M/status_cache.pkl
DEBUG 2025-05-22 19:31:38.278 UTC: 	 Will execute:
curl -sS --capath /etc/grid-security/certificates --cert /tmp/x509up_u180451 --key /tmp/x509up_u180451 -o /tmp/crab_status-cache-ce0s_sbw.pkl -w %"{http_code}" "https://cmsweb.cern.ch/scheddmon/0196/amalhotr/250522_192000:amalhotr_crab_RealData_noLFNDirectory_All_EventAwareLumiBased_1k_10M/status_cache.pkl"
DEBUG 2025-05-22 19:31:38.278 UTC: 	 Executing command :
 curl -sS --capath /etc/grid-security/certificates --cert /tmp/x509up_u180451 --key /tmp/x509up_u180451 -o /tmp/crab_status-cache-ce0s_sbw.pkl -w %"{http_code}" "https://cmsweb.cern.ch/scheddmon/0196/amalhotr/250522_192000:amalhotr_crab_RealData_noLFNDirectory_All_EventAwareLumiBased_1k_10M/status_cache.pkl"
DEBUG 2025-05-22 19:31:38.318 UTC: 	 output : 200
 error: 
 retcode : 0
DEBUG 2025-05-22 19:31:38.319 UTC: 	 exitcode: 0
stdout: 200
stderr: 
error details: 
DEBUG 2025-05-22 19:31:38.319 UTC: 	 Got information from status cache file: {'10': {'Retries': 0, 'Restarts': 0, 'SiteHistory': ['Unknown'], 'ResidentSetSize': [0], 'SubmitTimes': [1747941788.0], 'StartTimes': [], 'EndTimes': [], 'TotalUserCpuTimeHistory': [0.0], 'TotalSysCpuTimeHistory': [0.0], 'WallDurations': [0], 'JobIds': ['122365934.0'], 'State': 'idle', 'RecordedSite': False}, '17': {'Retries': 0, 'Restarts': 0, 'SiteHistory': ['Unknown'], 'ResidentSetSize': [0], 'SubmitTimes': [1747941788.0], 'StartTimes': [], 'EndTimes': [], 'TotalUserCpuTimeHistory': [0.0], 'TotalSysCpuTimeHistory': [0.0], 'WallDurations': [0], 'JobIds': ['122365935.0'], 'State': 'idle', 'RecordedSite': False}, '2': {'Retries': 0, 'Restarts': 0, 'SiteHistory': ['Unknown'], 'ResidentSetSize': [0], 'SubmitTimes': [1747941788.0], 'StartTimes': [], 'EndTimes': [], 'TotalUserCpuTimeHistory': [0.0], 'TotalSysCpuTimeHistory': [0.0], 'WallDurations': [0], 'JobIds': ['122365936.0'], 'State': 'idle', 'RecordedSite': False}, '9': {'Retries': 0, 'Restarts': 0, 'SiteHistory': ['Unknown'], 'ResidentSetSize': [0], 'SubmitTimes': [1747941788.0], 'StartTimes': [], 'EndTimes': [], 'TotalUserCpuTimeHistory': [0.0], 'TotalSysCpuTimeHistory': [0.0], 'WallDurations': [0], 'JobIds': ['122365937.0'], 'State': 'idle', 'RecordedSite': False}, '7': {'Retries': 0, 'Restarts': 0, 'SiteHistory': ['Unknown'], 'ResidentSetSize': [0], 'SubmitTimes': [1747941788.0], 'StartTimes': [], 'EndTimes': [], 'TotalUserCpuTimeHistory': [0.0], 'TotalSysCpuTimeHistory': [0.0], 'WallDurations': [0], 'JobIds': ['122365938.0'], 'State': 'idle', 'RecordedSite': False}, '4': {'Retries': 0, 'Restarts': 0, 'SiteHistory': ['Unknown'], 'ResidentSetSize': [0], 'SubmitTimes': [1747941788.0], 'StartTimes': [], 'EndTimes': [], 'TotalUserCpuTimeHistory': [0.0], 'TotalSysCpuTimeHistory': [0.0], 'WallDurations': [0], 'JobIds': ['122365939.0'], 'State': 'idle', 'RecordedSite': False}, '8': {'Retries': 0, 'Restarts': 0, 'SiteHistory': ['Unknown'], 'ResidentSetSize': [0], 'SubmitTimes': [1747941788.0], 'StartTimes': [], 'EndTimes': [], 'TotalUserCpuTimeHistory': [0.0], 'TotalSysCpuTimeHistory': [0.0], 'WallDurations': [0], 'JobIds': ['122365940.0'], 'State': 'idle', 'RecordedSite': False}, '5': {'Retries': 0, 'Restarts': 0, 'SiteHistory': ['Unknown'], 'ResidentSetSize': [0], 'SubmitTimes': [1747941788.0], 'StartTimes': [], 'EndTimes': [], 'TotalUserCpuTimeHistory': [0.0], 'TotalSysCpuTimeHistory': [0.0], 'WallDurations': [0], 'JobIds': ['122365941.0'], 'State': 'idle', 'RecordedSite': False}, '20': {'Retries': 0, 'Restarts': 0, 'SiteHistory': ['Unknown'], 'ResidentSetSize': [0], 'SubmitTimes': [1747941793.0], 'StartTimes': [], 'EndTimes': [], 'TotalUserCpuTimeHistory': [0.0], 'TotalSysCpuTimeHistory': [0.0], 'WallDurations': [0], 'JobIds': ['122365942.0'], 'State': 'idle', 'RecordedSite': False}, '1': {'Retries': 0, 'Restarts': 0, 'SiteHistory': ['Unknown'], 'ResidentSetSize': [0], 'SubmitTimes': [1747941793.0], 'StartTimes': [], 'EndTimes': [], 'TotalUserCpuTimeHistory': [0.0], 'TotalSysCpuTimeHistory': [0.0], 'WallDurations': [0], 'JobIds': ['122365943.0'], 'State': 'idle', 'RecordedSite': False}, '3': {'Retries': 0, 'Restarts': 0, 'SiteHistory': ['Unknown'], 'ResidentSetSize': [0], 'SubmitTimes': [1747941793.0], 'StartTimes': [], 'EndTimes': [], 'TotalUserCpuTimeHistory': [0.0], 'TotalSysCpuTimeHistory': [0.0], 'WallDurations': [0], 'JobIds': ['122365944.0'], 'State': 'idle', 'RecordedSite': False}, '6': {'Retries': 0, 'Restarts': 0, 'SiteHistory': ['Unknown'], 'ResidentSetSize': [0], 'SubmitTimes': [1747941793.0], 'StartTimes': [], 'EndTimes': [], 'TotalUserCpuTimeHistory': [0.0], 'TotalSysCpuTimeHistory': [0.0], 'WallDurations': [0], 'JobIds': ['122365945.0'], 'State': 'idle', 'RecordedSite': False}, '11': {'Retries': 0, 'Restarts': 0, 'SiteHistory': ['Unknown'], 'ResidentSetSize': [0], 'SubmitTimes': [1747941793.0], 'StartTimes': [], 'EndTimes': [], 'TotalUserCpuTimeHistory': [0.0], 'TotalSysCpuTimeHistory': [0.0], 'WallDurations': [0], 'JobIds': ['122365946.0'], 'State': 'idle', 'RecordedSite': False}, '12': {'Retries': 0, 'Restarts': 0, 'SiteHistory': ['Unknown'], 'ResidentSetSize': [0], 'SubmitTimes': [1747941793.0], 'StartTimes': [], 'EndTimes': [], 'TotalUserCpuTimeHistory': [0.0], 'TotalSysCpuTimeHistory': [0.0], 'WallDurations': [0], 'JobIds': ['122365947.0'], 'State': 'idle', 'RecordedSite': False}, '13': {'Retries': 0, 'Restarts': 0, 'SiteHistory': ['Unknown'], 'ResidentSetSize': [0], 'SubmitTimes': [1747941793.0], 'StartTimes': [], 'EndTimes': [], 'TotalUserCpuTimeHistory': [0.0], 'TotalSysCpuTimeHistory': [0.0], 'WallDurations': [0], 'JobIds': ['122365948.0'], 'State': 'idle', 'RecordedSite': False}, '14': {'Retries': 0, 'Restarts': 0, 'SiteHistory': ['Unknown'], 'ResidentSetSize': [0], 'SubmitTimes': [1747941793.0], 'StartTimes': [], 'EndTimes': [], 'TotalUserCpuTimeHistory': [0.0], 'TotalSysCpuTimeHistory': [0.0], 'WallDurations': [0], 'JobIds': ['122365949.0'], 'State': 'idle', 'RecordedSite': False}, '15': {'Retries': 0, 'Restarts': 0, 'SiteHistory': ['Unknown'], 'ResidentSetSize': [0], 'SubmitTimes': [1747941793.0], 'StartTimes': [], 'EndTimes': [], 'TotalUserCpuTimeHistory': [0.0], 'TotalSysCpuTimeHistory': [0.0], 'WallDurations': [0], 'JobIds': ['122365950.0'], 'State': 'idle', 'RecordedSite': False}, '16': {'Retries': 0, 'Restarts': 0, 'SiteHistory': ['Unknown'], 'ResidentSetSize': [0], 'SubmitTimes': [1747941793.0], 'StartTimes': [], 'EndTimes': [], 'TotalUserCpuTimeHistory': [0.0], 'TotalSysCpuTimeHistory': [0.0], 'WallDurations': [0], 'JobIds': ['122365951.0'], 'State': 'idle', 'RecordedSite': False}, '18': {'Retries': 0, 'Restarts': 0, 'SiteHistory': ['Unknown'], 'ResidentSetSize': [0], 'SubmitTimes': [1747941793.0], 'StartTimes': [], 'EndTimes': [], 'TotalUserCpuTimeHistory': [0.0], 'TotalSysCpuTimeHistory': [0.0], 'WallDurations': [0], 'JobIds': ['122365952.0'], 'State': 'idle', 'RecordedSite': False}, '19': {'Retries': 0, 'Restarts': 0, 'SiteHistory': ['Unknown'], 'ResidentSetSize': [0], 'SubmitTimes': [1747941793.0], 'StartTimes': [], 'EndTimes': [], 'TotalUserCpuTimeHistory': [0.0], 'TotalSysCpuTimeHistory': [0.0], 'WallDurations': [0], 'JobIds': ['122365953.0'], 'State': 'idle', 'RecordedSite': False}, '24': {'Retries': 0, 'Restarts': 0, 'SiteHistory': ['Unknown'], 'ResidentSetSize': [0], 'SubmitTimes': [1747941793.0], 'StartTimes': [], 'EndTimes': [], 'TotalUserCpuTimeHistory': [0.0], 'TotalSysCpuTimeHistory': [0.0], 'WallDurations': [0], 'JobIds': ['122365954.0'], 'State': 'idle', 'RecordedSite': False}, '22': {'Retries': 0, 'Restarts': 0, 'SiteHistory': ['Unknown'], 'ResidentSetSize': [0], 'SubmitTimes': [1747941793.0], 'StartTimes': [], 'EndTimes': [], 'TotalUserCpuTimeHistory': [0.0], 'TotalSysCpuTimeHistory': [0.0], 'WallDurations': [0], 'JobIds': ['122365955.0'], 'State': 'idle', 'RecordedSite': False}, '21': {'Retries': 0, 'Restarts': 0, 'SiteHistory': ['Unknown'], 'ResidentSetSize': [0], 'SubmitTimes': [1747941793.0], 'StartTimes': [], 'EndTimes': [], 'TotalUserCpuTimeHistory': [0.0], 'TotalSysCpuTimeHistory': [0.0], 'WallDurations': [0], 'JobIds': ['122365956.0'], 'State': 'idle', 'RecordedSite': False}, '23': {'Retries': 0, 'Restarts': 0, 'SiteHistory': ['Unknown'], 'ResidentSetSize': [0], 'SubmitTimes': [1747941793.0], 'StartTimes': [], 'EndTimes': [], 'TotalUserCpuTimeHistory': [0.0], 'TotalSysCpuTimeHistory': [0.0], 'WallDurations': [0], 'JobIds': ['122365957.0'], 'State': 'idle', 'RecordedSite': False}, '25': {'Retries': 0, 'Restarts': 0, 'SiteHistory': ['Unknown'], 'ResidentSetSize': [0], 'SubmitTimes': [1747941794.0], 'StartTimes': [], 'EndTimes': [], 'TotalUserCpuTimeHistory': [0.0], 'TotalSysCpuTimeHistory': [0.0], 'WallDurations': [0], 'JobIds': ['122365958.0'], 'State': 'idle', 'RecordedSite': False}}
INFO 2025-05-22 19:31:38.319 UTC: 	 Status on the scheduler:	SUBMITTED
INFO 2025-05-22 19:31:38.319 UTC: 	 
Jobs status:                    idle         		100.0% (25/25)
INFO 2025-05-22 19:31:38.319 UTC: 	 
No publication information (publication has been disabled in the CRAB configuration file)
INFO 2025-05-22 19:31:38.321 UTC: 	 Log file is /afs/cern.ch/user/a/amalhotr/CMSSW_14_0_18_patch1/src/Run3ScoutingAnalysisTools/crab_RealData_noLFNDirectory_All_EventAwareLumiBased_1k_10M/crab.log
DEBUG 2025-05-22 20:05:54.097 UTC: 	 CRAB Client version: v3.250409
DEBUG 2025-05-22 20:05:54.097 UTC: 	 Running on: Linux lxplus978.cern.ch 5.14.0-503.34.1.el9_5.x86_64 #1 SMP PREEMPT_DYNAMIC Mon Mar 17 21:49:47 EDT 2025 x86_64 x86_64 x86_64 GNU/Linux
DEBUG 2025-05-22 20:05:54.097 UTC: 	 Not using Singularity
DEBUG 2025-05-22 20:05:54.097 UTC: 	 Operating System: Red Hat Enterprise Linux 9.6 (Plow)
DEBUG 2025-05-22 20:05:54.097 UTC: 	 Executing command: 'status'
DEBUG 2025-05-22 20:05:54.097 UTC: 	 Found CRAB cache file /afs/cern.ch/user/a/amalhotr/.crab3
DEBUG 2025-05-22 20:05:54.105 UTC: 	 Checking credentials
DEBUG 2025-05-22 20:05:54.105 UTC: 	 Found proxy file /tmp/x509up_u180451
DEBUG 2025-05-22 20:05:54.105 UTC: 	 Making sure it has proper VOMS extension
DEBUG 2025-05-22 20:05:54.105 UTC: 	 Executing command :
 voms-proxy-info --vo --file /tmp/x509up_u180451
DEBUG 2025-05-22 20:05:54.462 UTC: 	 output : cms

 error: 
 retcode : 0
DEBUG 2025-05-22 20:05:54.462 UTC: 	 Getting proxy life time left
DEBUG 2025-05-22 20:05:54.462 UTC: 	 Executing command :
 voms-proxy-info --actimeleft --timeleft --file /tmp/x509up_u180451
DEBUG 2025-05-22 20:05:54.812 UTC: 	 output : 685373
685372

 error: 
 retcode : 0
DEBUG 2025-05-22 20:05:54.812 UTC: 	 Proxy valid for 190:22:52 hours
DEBUG 2025-05-22 20:05:54.813 UTC: 	 Encoded data for curl request: subresource=delegatedn
DEBUG 2025-05-22 20:05:54.858 UTC: 	 Registering user credentials on myproxy for /DC=ch/DC=cern/OU=computers/CN=crab-(preprod|prod)-tw(01|02).cern.ch|/DC=ch/DC=cern/OU=computers/CN=crab-dev-tw(01|02|03|04).cern.ch|/DC=ch/DC=cern/OU=Organic Units/OU=Users/CN=cmscrab/CN=(817881|373708)/CN=Robot: cms crab|/DC=ch/DC=cern/OU=Organic Units/OU=Users/CN=crabint1/CN=373708/CN=Robot: CMS CRAB Integration 1
DEBUG 2025-05-22 20:05:54.858 UTC: 	 Executing command :
 voms-proxy-info --identity --file /tmp/x509up_u180451
DEBUG 2025-05-22 20:05:55.203 UTC: 	 output : /DC=ch/DC=cern/OU=Organic Units/OU=Users/CN=amalhotr/CN=884837/CN=Aryan Malhotra

 error: 
 retcode : 0
DEBUG 2025-05-22 20:05:55.203 UTC: 	 Getting myproxy life time left for 2382a3cf28fdeacb1de9b039908761ea517a5ed6
DEBUG 2025-05-22 20:05:55.203 UTC: 	 Executing command :
 myproxy-info -s myproxy.cern.ch -l 2382a3cf28fdeacb1de9b039908761ea517a5ed6
DEBUG 2025-05-22 20:05:55.460 UTC: 	 output : username: 2382a3cf28fdeacb1de9b039908761ea517a5ed6
owner: /DC=ch/DC=cern/OU=Organic Units/OU=Users/CN=amalhotr/CN=884837/CN=Aryan Malhotra
  renewal policy: /DC=ch/DC=cern/OU=computers/CN=crab-(preprod|prod)-tw(01|02).cern.ch|/DC=ch/DC=cern/OU=computers/CN=crab-dev-tw(01|02|03|04).cern.ch|/DC=ch/DC=cern/OU=Organic Units/OU=Users/CN=cmscrab/CN=(817881|373708)/CN=Robot: cms crab|/DC=ch/DC=cern/OU=Organic Units/OU=Users/CN=crabint1/CN=373708/CN=Robot: CMS CRAB Integration 1
  trusted retrieval policy: /DC=ch/DC=cern/OU=computers/CN=crab-(preprod|prod)-tw(01|02).cern.ch|/DC=ch/DC=cern/OU=computers/CN=crab-dev-tw(01|02|03|04).cern.ch|/DC=ch/DC=cern/OU=Organic Units/OU=Users/CN=cmscrab/CN=(817881|373708)/CN=Robot: cms crab|/DC=ch/DC=cern/OU=Organic Units/OU=Users/CN=crabint1/CN=373708/CN=Robot: CMS CRAB Integration 1
  timeleft: 538:47:38  (22.4 days)

 error: 
 retcode : 0
DEBUG 2025-05-22 20:05:55.460 UTC: 	 Myproxy is valid: 1939620
DEBUG 2025-05-22 20:05:55.460 UTC: 	 Result of myproxy credential check:
  Credential exists on myproxy: username: 2382a3cf28fdeacb1de9b039908761ea517a5ed6  - validity: 22 days, 10:47:00
DEBUG 2025-05-22 20:05:55.460 UTC: 	 Retrieving username ...
DEBUG 2025-05-22 20:05:55.460 UTC: 	 Retrieving username from CRIC...
DEBUG 2025-05-22 20:05:56.255 UTC: 	 username is amalhotr
INFO 2025-05-22 20:05:56.919 UTC: 	 Rucio client intialized for account amalhotr
DEBUG 2025-05-22 20:05:56.920 UTC: 	 Command use: status
DEBUG 2025-05-22 20:05:56.920 UTC: 	 Options use: ['-d', './crab_RealData_noLFNDirectory_All_EventAwareLumiBased_1k_10M']
DEBUG 2025-05-22 20:05:56.920 UTC: 	 Encoded data for curl request: subresource=version
DEBUG 2025-05-22 20:05:56.960 UTC: 	 CRABClient version: v3.250409
DEBUG 2025-05-22 20:05:56.960 UTC: 	 Instance is prod
DEBUG 2025-05-22 20:05:56.960 UTC: 	 Server base url is cmsweb.cern.ch
DEBUG 2025-05-22 20:05:56.960 UTC: 	 Command api workflow
DEBUG 2025-05-22 20:05:56.961 UTC: 	 Encoded data for curl request: subresource=search&workflow=250522_192000%3Aamalhotr_crab_RealData_noLFNDirectory_All_EventAwareLumiBased_1k_10M
DEBUG 2025-05-22 20:05:57.018 UTC: 	 Got information from server oracle database: {'desc': {'columns': ['tm_taskname', 'tm_activity', 'tm_task_status', 'tm_task_command', 'tm_start_time', 'tm_start_injection', 'tm_end_injection', 'tm_task_failure', 'tm_job_sw', 'tm_job_arch', 'tm_input_dataset', 'tm_nonvalid_input_dataset', 'tm_use_parent', 'tm_site_whitelist', 'tm_site_blacklist', 'tm_split_algo', 'tm_split_args', 'tm_user_sandbox', 'tm_cache_url', 'tm_username', 'tm_user_dn', 'tm_user_vo', 'tm_user_role', 'tm_user_group', 'tm_publish_name', 'tm_publish_groupname', 'tm_asyncdest', 'tm_dbs_url', 'tm_publish_dbs_url', 'tm_publication', 'tm_outfiles', 'tm_tfile_outfiles', 'tm_edm_outfiles', 'tm_job_type', 'tm_generator', 'tm_events_per_lumi', 'tm_arguments', 'tm_save_logs', 'tw_name', 'tm_user_infiles', 'tm_maxjobruntime', 'tm_numcores', 'tm_maxmemory', 'tm_priority', 'tm_output_dataset', 'tm_task_warnings', 'tm_user_webdir', 'tm_scriptexe', 'tm_scriptargs', 'tm_extrajdl', 'tm_collector', 'tm_schedd', 'tm_dry_run', 'tm_user_files', 'tm_transfer_outputs', 'tm_output_lfn', 'tm_ignore_locality', 'tm_fail_limit', 'tm_one_event_mode', 'tm_secondary_input_dataset', 'tm_primary_dataset', 'tm_last_publication', 'tm_debug_files', 'clusterid', 'tm_ignore_global_blacklist', 'tm_submitter_ip_addr', 'tm_totalunits', 'tm_ddm_reqid', 'tm_user_config', 'tm_transfer_container', 'tm_transfer_rule', 'tm_publish_rule', 'tm_multipub_rule', 'tm_job_min_microarch', 'tm_dagman_status', 'tm_num_jobs', 'tm_uploaded']}, 'result': ['250522_192000:amalhotr_crab_RealData_noLFNDirectory_All_EventAwareLumiBased_1k_10M', 'None', 'SUBMITTED', 'SUBMIT', '2025-05-22 19:20:00.655286', 'None', '2025-05-22 19:22:03.978329', 'None', 'CMSSW_14_0_18_patch1', 'el9_amd64_gcc12', '/ScoutingPFRun3/Run2024H-v1/HLTSCOUT', 'T', '0', '[]', '[]', 'EventAwareLumiBased', "{'halt_job_on_file_boundaries': False, 'splitOnRun': False, 'events_per_job': 1000, 'runs': [], 'lumis': []}", 'd21f38256e1fe46602fc5ab345ac679fe51bb1d6f3238f49bc29f5d2ba4ab61e.tar.gz', 'https://cmsweb.cern.ch/S3/crabcache_prod', 'amalhotr', '/DC=ch/DC=cern/OU=Organic Units/OU=Users/CN=amalhotr/CN=884837/CN=Aryan Malhotra', 'cms', 'None', 'None', 'RealData_noLFNDirectory_All_EventAwareLumiBased_1k_10M-00000000000000000000000000000000', 'F', 'T3_CH_CERNBOX', 'https://cmsweb.cern.ch/dbs/prod/global/DBSReader', 'https://cmsweb.cern.ch/dbs/prod/phys03/DBSWriter', 'F', '[]', "['DY2M_ScoutingTree_Output.root']", '[]', 'Analysis', 'pythia', 'None', '{}', 'T', 'crab-prod-tw01', '[]', '1250', '1', '2000', '10', "['/FakeDataset/fakefile-FakePublish-be18bf8dabed8f8c2476e8cd4f520481/USER']", '[]', 'http://vocms0196.cern.ch/mon/amalhotr/250522_192000:amalhotr_crab_RealData_noLFNDirectory_All_EventAwareLumiBased_1k_10M', 'None', '[]', '[]', 'cmsgwms-collector-global.cern.ch:9620,cmsgwms-collector-global.fnal.gov:9620', 'crab3@vocms0196.cern.ch', 'F', '[]', 'T', '/store/user/amalhotr/', 'F', 'None', 'F', 'None', 'ScoutingPFRun3', 'None', '5429f3b6decd5f073fc4ab7bf2e26cf73b509675e38c464c05f13f9fea0fcc5e.tar.gz', '122365931', 'F', '188.184.89.113', '10000000.0', 'None', '{"partialdataset": false, "requireaccelerator": false, "acceleratorparams": null, "inputblocks": null}', 'None', 'None', 'None', 'None', 'any', 'RUNNING', '25', 'F']}
INFO 2025-05-22 20:05:57.018 UTC: 	 CRAB project directory:		/afs/cern.ch/user/a/amalhotr/CMSSW_14_0_18_patch1/src/Run3ScoutingAnalysisTools/crab_RealData_noLFNDirectory_All_EventAwareLumiBased_1k_10M
INFO 2025-05-22 20:05:57.018 UTC: 	 Task name:			250522_192000:amalhotr_crab_RealData_noLFNDirectory_All_EventAwareLumiBased_1k_10M
INFO 2025-05-22 20:05:57.018 UTC: 	 Grid scheduler - Task Worker:	crab3@vocms0196.cern.ch - crab-prod-tw01
INFO 2025-05-22 20:05:57.018 UTC: 	 Status on the CRAB server:	SUBMITTED
INFO 2025-05-22 20:05:57.018 UTC: 	 Task URL to use for HELP:	https://cmsweb.cern.ch/crabserver/ui/task/250522_192000%3Aamalhotr_crab_RealData_noLFNDirectory_All_EventAwareLumiBased_1k_10M
INFO 2025-05-22 20:05:57.026 UTC: 	 Dashboard monitoring URL:	https://monit-grafana.cern.ch/d/cmsTMDetail/cms-task-monitoring-task-view?orgId=11&var-user=amalhotr&var-task=250522_192000%3Aamalhotr_crab_RealData_noLFNDirectory_All_EventAwareLumiBased_1k_10M&from=1747938000000&to=now
DEBUG 2025-05-22 20:05:57.026 UTC: 	 The CRAB server submitted your task to the Grid scheduler (cluster ID: 122365931)
DEBUG 2025-05-22 20:05:57.026 UTC: 	 Webdir is located at http://vocms0196.cern.ch/mon/amalhotr/250522_192000:amalhotr_crab_RealData_noLFNDirectory_All_EventAwareLumiBased_1k_10M
DEBUG 2025-05-22 20:05:57.027 UTC: 	 Encoded data for curl request: subresource=webdirprx&workflow=250522_192000%3Aamalhotr_crab_RealData_noLFNDirectory_All_EventAwareLumiBased_1k_10M
DEBUG 2025-05-22 20:05:57.068 UTC: 	 Proxied webdir is located at https://cmsweb.cern.ch/scheddmon/0196/amalhotr/250522_192000:amalhotr_crab_RealData_noLFNDirectory_All_EventAwareLumiBased_1k_10M
DEBUG 2025-05-22 20:05:57.085 UTC: 	 Retrieving 'status_cache' file from https://cmsweb.cern.ch/scheddmon/0196/amalhotr/250522_192000:amalhotr_crab_RealData_noLFNDirectory_All_EventAwareLumiBased_1k_10M/status_cache.pkl
DEBUG 2025-05-22 20:05:57.085 UTC: 	 Will execute:
curl -sS --capath /etc/grid-security/certificates --cert /tmp/x509up_u180451 --key /tmp/x509up_u180451 -o /tmp/crab_status-cache-eqe092sw.pkl -w %"{http_code}" "https://cmsweb.cern.ch/scheddmon/0196/amalhotr/250522_192000:amalhotr_crab_RealData_noLFNDirectory_All_EventAwareLumiBased_1k_10M/status_cache.pkl"
DEBUG 2025-05-22 20:05:57.085 UTC: 	 Executing command :
 curl -sS --capath /etc/grid-security/certificates --cert /tmp/x509up_u180451 --key /tmp/x509up_u180451 -o /tmp/crab_status-cache-eqe092sw.pkl -w %"{http_code}" "https://cmsweb.cern.ch/scheddmon/0196/amalhotr/250522_192000:amalhotr_crab_RealData_noLFNDirectory_All_EventAwareLumiBased_1k_10M/status_cache.pkl"
DEBUG 2025-05-22 20:05:57.131 UTC: 	 output : 200
 error: 
 retcode : 0
DEBUG 2025-05-22 20:05:57.131 UTC: 	 exitcode: 0
stdout: 200
stderr: 
error details: 
DEBUG 2025-05-22 20:05:57.131 UTC: 	 Got information from status cache file: {'10': {'Retries': 0, 'Restarts': 0, 'SiteHistory': ['Unknown', 'T2_IT_Legnaro', 'T2_IT_Legnaro'], 'ResidentSetSize': [1229168], 'SubmitTimes': [1747941788.0], 'StartTimes': [1747943336.0], 'EndTimes': [], 'TotalUserCpuTimeHistory': [516.0], 'TotalSysCpuTimeHistory': [3.0], 'WallDurations': [9.0, 19.305838346481323, 611.0], 'JobIds': ['122365934.0'], 'State': 'running', 'RecordedSite': True}, '17': {'Retries': 0, 'Restarts': 0, 'SiteHistory': ['Unknown', 'T2_IT_Legnaro', 'T2_IT_Legnaro'], 'ResidentSetSize': [1229384], 'SubmitTimes': [1747941788.0], 'StartTimes': [1747943337.0], 'EndTimes': [], 'TotalUserCpuTimeHistory': [507.0], 'TotalSysCpuTimeHistory': [4.0], 'WallDurations': [9.0, 18.305838346481323, 610.0], 'JobIds': ['122365935.0'], 'State': 'running', 'RecordedSite': True}, '2': {'Retries': 0, 'Restarts': 0, 'SiteHistory': ['Unknown', 'T2_IT_Legnaro', 'T2_IT_Legnaro'], 'ResidentSetSize': [1207484], 'SubmitTimes': [1747941788.0], 'StartTimes': [1747943856.0], 'EndTimes': [], 'TotalUserCpuTimeHistory': [223.0], 'TotalSysCpuTimeHistory': [4.0], 'WallDurations': [10.0, 100.6546139717102, 310.0], 'JobIds': ['122365936.0'], 'State': 'running', 'RecordedSite': True}, '9': {'Retries': 0, 'Restarts': 0, 'SiteHistory': ['Unknown', 'T2_IT_Legnaro', 'T2_IT_Legnaro'], 'ResidentSetSize': [1174684], 'SubmitTimes': [1747941788.0], 'StartTimes': [1747943336.0], 'EndTimes': [], 'TotalUserCpuTimeHistory': [367.0], 'TotalSysCpuTimeHistory': [5.0], 'WallDurations': [8.0, 19.305838346481323, 608.0], 'JobIds': ['122365937.0'], 'State': 'running', 'RecordedSite': True}, '7': {'Retries': 0, 'Restarts': 0, 'SiteHistory': ['Unknown', 'T2_IT_Legnaro', 'T2_IT_Legnaro'], 'ResidentSetSize': [1184964], 'SubmitTimes': [1747941788.0], 'StartTimes': [1747943336.0], 'EndTimes': [1747943436.0], 'TotalUserCpuTimeHistory': [28], 'TotalSysCpuTimeHistory': [11], 'WallDurations': [8.0, 19.305838346481323, 100.0], 'JobIds': ['122365938.0'], 'State': 'transferring', 'RecordedSite': True}, '4': {'Retries': 0, 'Restarts': 0, 'SiteHistory': ['Unknown', 'T2_IT_Legnaro', 'T2_IT_Legnaro'], 'ResidentSetSize': [1206484], 'SubmitTimes': [1747941788.0], 'StartTimes': [1747943855.0], 'EndTimes': [], 'TotalUserCpuTimeHistory': [216.0], 'TotalSysCpuTimeHistory': [5.0], 'WallDurations': [9.0, 101.6546139717102, 310.0], 'JobIds': ['122365939.0'], 'State': 'running', 'RecordedSite': True}, '8': {'Retries': 0, 'Restarts': 0, 'SiteHistory': ['Unknown', 'T2_IT_Legnaro', 'T2_IT_Legnaro'], 'ResidentSetSize': [1175596], 'SubmitTimes': [1747941788.0], 'StartTimes': [1747943335.0], 'EndTimes': [1747943440.0], 'TotalUserCpuTimeHistory': [34], 'TotalSysCpuTimeHistory': [14], 'WallDurations': [10.0, 20.305838346481323, 105.0], 'JobIds': ['122365940.0'], 'State': 'transferring', 'RecordedSite': True}, '5': {'Retries': 0, 'Restarts': 0, 'SiteHistory': ['Unknown', 'T2_IT_Legnaro', 'T2_IT_Legnaro'], 'ResidentSetSize': [1181712], 'SubmitTimes': [1747941788.0], 'StartTimes': [1747943855.0], 'EndTimes': [1747943950.0], 'TotalUserCpuTimeHistory': [27], 'TotalSysCpuTimeHistory': [11], 'WallDurations': [95.0, 101.6546139717102, 101.6546139717102], 'JobIds': ['122365941.0'], 'State': 'transferring', 'RecordedSite': True}, '20': {'Retries': 0, 'Restarts': 0, 'SiteHistory': ['Unknown', 'T2_IT_Legnaro', 'T2_IT_Legnaro'], 'ResidentSetSize': [1212056], 'SubmitTimes': [1747941793.0], 'StartTimes': [1747943336.0], 'EndTimes': [], 'TotalUserCpuTimeHistory': [799.0], 'TotalSysCpuTimeHistory': [4.0], 'WallDurations': [8.0, 19.305838346481323, 908.0], 'JobIds': ['122365942.0'], 'State': 'running', 'RecordedSite': True}, '1': {'Retries': 0, 'Restarts': 0, 'SiteHistory': ['Unknown', 'T2_IT_Legnaro', 'T2_IT_Legnaro'], 'ResidentSetSize': [1233804], 'SubmitTimes': [1747941793.0], 'StartTimes': [1747943858.0], 'EndTimes': [], 'TotalUserCpuTimeHistory': [238.0], 'TotalSysCpuTimeHistory': [4.0], 'WallDurations': [9.0, 98.6546139717102, 310.0], 'JobIds': ['122365943.0'], 'State': 'running', 'RecordedSite': True}, '3': {'Retries': 0, 'Restarts': 0, 'SiteHistory': ['Unknown', 'T2_IT_Legnaro', 'T2_IT_Legnaro'], 'ResidentSetSize': [1239760], 'SubmitTimes': [1747941793.0], 'StartTimes': [1747943856.0], 'EndTimes': [], 'TotalUserCpuTimeHistory': [233.0], 'TotalSysCpuTimeHistory': [3.0], 'WallDurations': [9.0, 100.6546139717102, 310.0], 'JobIds': ['122365944.0'], 'State': 'running', 'RecordedSite': True}, '6': {'Retries': 0, 'Restarts': 0, 'SiteHistory': ['Unknown', 'T2_IT_Legnaro', 'T2_IT_Legnaro'], 'ResidentSetSize': [1199752], 'SubmitTimes': [1747941793.0], 'StartTimes': [1747943336.0], 'EndTimes': [1747943432.0], 'TotalUserCpuTimeHistory': [28], 'TotalSysCpuTimeHistory': [11], 'WallDurations': [8.0, 19.305838346481323, 96.0], 'JobIds': ['122365945.0'], 'State': 'transferring', 'RecordedSite': True}, '11': {'Retries': 0, 'Restarts': 0, 'SiteHistory': ['Unknown', 'T2_IT_Legnaro', 'T2_IT_Legnaro'], 'ResidentSetSize': [79920], 'SubmitTimes': [1747941793.0], 'StartTimes': [1747943336.0], 'EndTimes': [1747943440.0], 'TotalUserCpuTimeHistory': [29], 'TotalSysCpuTimeHistory': [12], 'WallDurations': [9.0, 19.305838346481323, 104.0], 'JobIds': ['122365946.0'], 'State': 'transferring', 'RecordedSite': True}, '12': {'Retries': 0, 'Restarts': 0, 'SiteHistory': ['Unknown', 'T2_IT_Legnaro', 'T2_IT_Legnaro'], 'ResidentSetSize': [68636], 'SubmitTimes': [1747941793.0], 'StartTimes': [1747943336.0], 'EndTimes': [1747943432.0], 'TotalUserCpuTimeHistory': [25], 'TotalSysCpuTimeHistory': [10], 'WallDurations': [8.0, 19.305838346481323, 96.0], 'JobIds': ['122365947.0'], 'State': 'transferring', 'RecordedSite': True}, '13': {'Retries': 0, 'Restarts': 0, 'SiteHistory': ['Unknown', 'T2_IT_Legnaro', 'T2_IT_Legnaro'], 'ResidentSetSize': [1191284], 'SubmitTimes': [1747941793.0], 'StartTimes': [1747943336.0], 'EndTimes': [1747943553.0], 'TotalUserCpuTimeHistory': [148], 'TotalSysCpuTimeHistory': [4], 'WallDurations': [8.0, 19.305838346481323, 217.0], 'JobIds': ['122365948.0'], 'State': 'transferring', 'RecordedSite': True}, '14': {'Retries': 0, 'Restarts': 0, 'SiteHistory': ['Unknown', 'T2_IT_Legnaro', 'T2_IT_Legnaro'], 'ResidentSetSize': [1226080], 'SubmitTimes': [1747941793.0], 'StartTimes': [1747943336.0], 'EndTimes': [], 'TotalUserCpuTimeHistory': [509.0], 'TotalSysCpuTimeHistory': [4.0], 'WallDurations': [8.0, 19.305838346481323, 608.0], 'JobIds': ['122365949.0'], 'State': 'running', 'RecordedSite': True}, '15': {'Retries': 0, 'Restarts': 0, 'SiteHistory': ['Unknown', 'T2_IT_Legnaro', 'T2_IT_Legnaro'], 'ResidentSetSize': [1228600], 'SubmitTimes': [1747941793.0], 'StartTimes': [1747943433.0], 'EndTimes': [], 'TotalUserCpuTimeHistory': [522.0], 'TotalSysCpuTimeHistory': [3.0], 'WallDurations': [9.0, 222.61391162872314, 610.0], 'JobIds': ['122365950.0'], 'State': 'running', 'RecordedSite': True}, '16': {'Retries': 0, 'Restarts': 0, 'SiteHistory': ['Unknown', 'T2_IT_Legnaro', 'T2_IT_Legnaro'], 'ResidentSetSize': [1219808], 'SubmitTimes': [1747941793.0], 'StartTimes': [1747943434.0], 'EndTimes': [], 'TotalUserCpuTimeHistory': [519.0], 'TotalSysCpuTimeHistory': [3.0], 'WallDurations': [8.0, 221.61391162872314, 608.0], 'JobIds': ['122365951.0'], 'State': 'running', 'RecordedSite': True}, '18': {'Retries': 0, 'Restarts': 0, 'SiteHistory': ['Unknown', 'T2_IT_Legnaro', 'T2_IT_Legnaro'], 'ResidentSetSize': [1203160], 'SubmitTimes': [1747941793.0], 'StartTimes': [1747943438.0], 'EndTimes': [], 'TotalUserCpuTimeHistory': [521.0], 'TotalSysCpuTimeHistory': [3.0], 'WallDurations': [8.0, 217.61391162872314, 611.0], 'JobIds': ['122365952.0'], 'State': 'running', 'RecordedSite': True}, '19': {'Retries': 0, 'Restarts': 0, 'SiteHistory': ['Unknown', 'T2_IT_Legnaro', 'T2_IT_Legnaro'], 'ResidentSetSize': [1221672], 'SubmitTimes': [1747941793.0], 'StartTimes': [1747943442.0], 'EndTimes': [], 'TotalUserCpuTimeHistory': [522.0], 'TotalSysCpuTimeHistory': [3.0], 'WallDurations': [9.0, 213.61391162872314, 610.0], 'JobIds': ['122365953.0'], 'State': 'running', 'RecordedSite': True}, '24': {'Retries': 0, 'Restarts': 0, 'SiteHistory': ['Unknown', 'T2_IT_Legnaro', 'T2_IT_Legnaro'], 'ResidentSetSize': [1218584], 'SubmitTimes': [1747941793.0], 'StartTimes': [1747943442.0], 'EndTimes': [], 'TotalUserCpuTimeHistory': [517.0], 'TotalSysCpuTimeHistory': [4.0], 'WallDurations': [8.0, 213.61391162872314, 608.0], 'JobIds': ['122365954.0'], 'State': 'running', 'RecordedSite': True}, '22': {'Retries': 0, 'Restarts': 0, 'SiteHistory': ['Unknown', 'T2_IT_Legnaro', 'T2_IT_Legnaro'], 'ResidentSetSize': [1220652], 'SubmitTimes': [1747941793.0], 'StartTimes': [1747943555.0], 'EndTimes': [], 'TotalUserCpuTimeHistory': [511.0], 'TotalSysCpuTimeHistory': [4.0], 'WallDurations': [8.0, 100.61391162872314, 609.0], 'JobIds': ['122365955.0'], 'State': 'running', 'RecordedSite': True}, '21': {'Retries': 0, 'Restarts': 0, 'SiteHistory': ['Unknown', 'T2_IT_Legnaro', 'T2_IT_Legnaro'], 'ResidentSetSize': [1236392], 'SubmitTimes': [1747941793.0], 'StartTimes': [1747943855.0], 'EndTimes': [], 'TotalUserCpuTimeHistory': [239.0], 'TotalSysCpuTimeHistory': [3.0], 'WallDurations': [8.0, 101.6546139717102, 308.0], 'JobIds': ['122365956.0'], 'State': 'running', 'RecordedSite': True}, '23': {'Retries': 0, 'Restarts': 0, 'SiteHistory': ['Unknown', 'T2_IT_Legnaro', 'T2_IT_Legnaro'], 'ResidentSetSize': [1222872], 'SubmitTimes': [1747941793.0], 'StartTimes': [1747943855.0], 'EndTimes': [], 'TotalUserCpuTimeHistory': [210.0], 'TotalSysCpuTimeHistory': [5.0], 'WallDurations': [9.0, 101.6546139717102, 310.0], 'JobIds': ['122365957.0'], 'State': 'running', 'RecordedSite': True}, '25': {'Retries': 0, 'Restarts': 0, 'SiteHistory': ['Unknown', 'T2_IT_Legnaro', 'T2_IT_Legnaro'], 'ResidentSetSize': [1224716], 'SubmitTimes': [1747941794.0], 'StartTimes': [1747943855.0], 'EndTimes': [], 'TotalUserCpuTimeHistory': [225.0], 'TotalSysCpuTimeHistory': [4.0], 'WallDurations': [9.0, 101.6546139717102, 310.0], 'JobIds': ['122365958.0'], 'State': 'running', 'RecordedSite': True}}
INFO 2025-05-22 20:05:57.132 UTC: 	 Status on the scheduler:	SUBMITTED
INFO 2025-05-22 20:05:57.132 UTC: 	 
Jobs status:                    running      		 72.0% (18/25)
INFO 2025-05-22 20:05:57.132 UTC: 	 				transferring 		 28.0% ( 7/25)
INFO 2025-05-22 20:05:57.132 UTC: 	 
No publication information (publication has been disabled in the CRAB configuration file)
INFO 2025-05-22 20:05:57.132 UTC: 	 
Warning: the max jobs runtime is less than 30% of the task requested value (1250 min), please consider to request a lower value for failed jobs (allowed through crab resubmit) and/or improve the jobs splitting (e.g. config.Data.splitting = 'Automatic') in a new task.
INFO 2025-05-22 20:05:57.132 UTC: 	 
Warning: the average jobs CPU efficiency is less than 50%, please consider to improve the jobs splitting (e.g. config.Data.splitting = 'Automatic') in a new task
INFO 2025-05-22 20:05:57.132 UTC: 	 
Summary of run jobs:
 * Memory: 78MB min, 1171MB max, 848MB ave
 * Runtime: 0:01:36 min, 0:03:37 max, 0:01:57 ave
 * CPU eff: 36% min, 70% max, 48% ave
 * Waste: 0:06:04 (31% of total)

INFO 2025-05-22 20:05:57.134 UTC: 	 Log file is /afs/cern.ch/user/a/amalhotr/CMSSW_14_0_18_patch1/src/Run3ScoutingAnalysisTools/crab_RealData_noLFNDirectory_All_EventAwareLumiBased_1k_10M/crab.log
