DEBUG 2025-03-19 18:18:53.205 UTC: 	 CRAB Client version: v3.250318
DEBUG 2025-03-19 18:18:53.205 UTC: 	 Running on: Linux lxplus937.cern.ch 5.14.0-503.26.1.el9_5.x86_64 #1 SMP PREEMPT_DYNAMIC Mon Feb 10 05:23:56 EST 2025 x86_64 x86_64 x86_64 GNU/Linux
DEBUG 2025-03-19 18:18:53.206 UTC: 	 Not using Singularity
DEBUG 2025-03-19 18:18:53.206 UTC: 	 Operating System: Red Hat Enterprise Linux 9.5 (Plow)
DEBUG 2025-03-19 18:18:53.206 UTC: 	 Executing command: 'submit'
DEBUG 2025-03-19 18:18:53.206 UTC: 	 Found CRAB cache file /afs/cern.ch/user/a/amalhotr/.crab3
INFO 2025-03-19 18:18:53.230 UTC: 	 Will use CRAB configuration file Vertexer_CRAB.py
DEBUG 2025-03-19 18:18:53.230 UTC: 	 Loading CRAB configuration file.
DEBUG 2025-03-19 18:18:53.282 UTC: 	 Will use CRAB plugin ANALYSIS (i.e. will run an analysis job type).
DEBUG 2025-03-19 18:18:53.419 UTC: 	 Checking credentials
DEBUG 2025-03-19 18:18:53.420 UTC: 	 Found proxy file /tmp/x509up_u180451
DEBUG 2025-03-19 18:18:53.420 UTC: 	 Making sure it has proper VOMS extension
DEBUG 2025-03-19 18:18:53.420 UTC: 	 Executing command :
 voms-proxy-info --vo --file /tmp/x509up_u180451
DEBUG 2025-03-19 18:18:53.855 UTC: 	 output : cms

 error: 
 retcode : 0
DEBUG 2025-03-19 18:18:53.855 UTC: 	 Getting proxy life time left
DEBUG 2025-03-19 18:18:53.855 UTC: 	 Executing command :
 voms-proxy-info --actimeleft --timeleft --file /tmp/x509up_u180451
DEBUG 2025-03-19 18:18:54.202 UTC: 	 output : 41558
41558

 error: 
 retcode : 0
DEBUG 2025-03-19 18:18:54.202 UTC: 	 Proxy valid for 11:32:38 hours
DEBUG 2025-03-19 18:18:54.202 UTC: 	 Encoded data for curl request: subresource=delegatedn
DEBUG 2025-03-19 18:18:54.242 UTC: 	 Registering user credentials on myproxy for /DC=ch/DC=cern/OU=computers/CN=crab-(preprod|prod)-tw(01|02).cern.ch|/DC=ch/DC=cern/OU=computers/CN=crab-dev-tw(01|02|03|04).cern.ch|/DC=ch/DC=cern/OU=Organic Units/OU=Users/CN=cmscrab/CN=(817881|373708)/CN=Robot: cms crab|/DC=ch/DC=cern/OU=Organic Units/OU=Users/CN=crabint1/CN=373708/CN=Robot: CMS CRAB Integration 1
DEBUG 2025-03-19 18:18:54.242 UTC: 	 Executing command :
 voms-proxy-info --identity --file /tmp/x509up_u180451
DEBUG 2025-03-19 18:18:54.617 UTC: 	 output : /DC=ch/DC=cern/OU=Organic Units/OU=Users/CN=amalhotr/CN=884837/CN=Aryan Malhotra

 error: 
 retcode : 0
DEBUG 2025-03-19 18:18:54.617 UTC: 	 Getting myproxy life time left for 2382a3cf28fdeacb1de9b039908761ea517a5ed6
DEBUG 2025-03-19 18:18:54.617 UTC: 	 Executing command :
 myproxy-info -s myproxy.cern.ch -l 2382a3cf28fdeacb1de9b039908761ea517a5ed6
DEBUG 2025-03-19 18:18:54.909 UTC: 	 output : username: 2382a3cf28fdeacb1de9b039908761ea517a5ed6
owner: /DC=ch/DC=cern/OU=Organic Units/OU=Users/CN=amalhotr/CN=884837/CN=Aryan Malhotra
  renewal policy: /DC=ch/DC=cern/OU=computers/CN=crab-(preprod|prod)-tw(01|02).cern.ch|/DC=ch/DC=cern/OU=computers/CN=crab-dev-tw(01|02|03|04).cern.ch|/DC=ch/DC=cern/OU=Organic Units/OU=Users/CN=cmscrab/CN=(817881|373708)/CN=Robot: cms crab|/DC=ch/DC=cern/OU=Organic Units/OU=Users/CN=crabint1/CN=373708/CN=Robot: CMS CRAB Integration 1
  trusted retrieval policy: /DC=ch/DC=cern/OU=computers/CN=crab-(preprod|prod)-tw(01|02).cern.ch|/DC=ch/DC=cern/OU=computers/CN=crab-dev-tw(01|02|03|04).cern.ch|/DC=ch/DC=cern/OU=Organic Units/OU=Users/CN=cmscrab/CN=(817881|373708)/CN=Robot: cms crab|/DC=ch/DC=cern/OU=Organic Units/OU=Users/CN=crabint1/CN=373708/CN=Robot: CMS CRAB Integration 1
  timeleft: 706:01:24  (29.4 days)

 error: 
 retcode : 0
DEBUG 2025-03-19 18:18:54.909 UTC: 	 Myproxy is valid: 2541660
DEBUG 2025-03-19 18:18:54.909 UTC: 	 Result of myproxy credential check:
  Credential exists on myproxy: username: 2382a3cf28fdeacb1de9b039908761ea517a5ed6  - validity: 29 days, 10:01:00
DEBUG 2025-03-19 18:18:54.909 UTC: 	 Command use: submit
DEBUG 2025-03-19 18:18:54.909 UTC: 	 Options use: ['-c', 'Vertexer_CRAB.py']
DEBUG 2025-03-19 18:18:54.910 UTC: 	 Encoded data for curl request: subresource=version
DEBUG 2025-03-19 18:18:54.948 UTC: 	 CRABClient version: v3.250318
DEBUG 2025-03-19 18:18:54.948 UTC: 	 Instance is prod
DEBUG 2025-03-19 18:18:54.948 UTC: 	 Server base url is cmsweb.cern.ch
DEBUG 2025-03-19 18:18:54.948 UTC: 	 Command api workflow
DEBUG 2025-03-19 18:18:54.948 UTC: 	 Started submission
DEBUG 2025-03-19 18:18:54.948 UTC: 	 Working on /afs/cern.ch/user/a/amalhotr/CMSSW_14_0_18_patch1/src/Run3ScoutingAnalysisTools/crab_projects/crab_DYto2Mu4Jets_Vertexer_Mar2025_4
DEBUG 2025-03-19 18:18:54.949 UTC: 	 Encoded data for curl request: subresource=backendurls
DEBUG 2025-03-19 18:18:55.136 UTC: 	 Loading required information from the environment
DEBUG 2025-03-19 18:18:55.136 UTC: 	 Found CMSSW_14_0_18_patch1 for el9_amd64_gcc12 with base /afs/cern.ch/user/a/amalhotr/CMSSW_14_0_18_patch1
DEBUG 2025-03-19 18:18:55.136 UTC: 	 Loading required information from the environment
DEBUG 2025-03-19 18:18:55.136 UTC: 	 Found CMSSW_14_0_18_patch1 for el9_amd64_gcc12 with base /afs/cern.ch/user/a/amalhotr/CMSSW_14_0_18_patch1
DEBUG 2025-03-19 18:18:55.136 UTC: 	 UNIQUE NAME: tarUUID b6977b6e-20f4-4367-9e3b-6d47fc708954 
DEBUG 2025-03-19 18:18:55.136 UTC: 	 self.config: from WMCore.Configuration import Configuration
config = Configuration()
config.section_('General')
config.General.workArea = 'crab_projects'
config.General.requestName = 'DYto2Mu4Jets_Vertexer_Mar2025_4'
config.General.transferOutputs = True
config.General.transferLogs = True
config.section_('JobType')
config.JobType.maxMemoryMB = 2500
config.JobType.psetName = 'Vertexer.py'
config.JobType.pluginName = 'Analysis'
config.section_('Data')
config.Data.unitsPerJob = 1
config.Data.inputDBS = 'global'
config.Data.splitting = 'FileBased'
config.Data.outputDatasetTag = 'DYto2Mu4Jets_Vertexer_Mar20252'
config.Data.userInputFiles = ['/store/mc/RunIII2024Summer24MiniAOD/DYto2Mu-4Jets_Bin-MLL-50_TuneCP5_13p6TeV_madgraphMLM-pythia8/MINIAODSIM/140X_mcRun3_2024_realistic_v26-v2/2560000/ad749229-3094-410f-94e3-2e408518e395.root']
config.Data.publication = False
config.section_('Site')
config.Site.storageSite = 'T2_BR_SPRACE'
config.section_('User')
config.section_('Debug')

DEBUG 2025-03-19 18:18:55.136 UTC: 	 self.config.JobType.psetName: Vertexer.py
INFO 2025-03-19 18:18:55.136 UTC: 	 Importing CMSSW configuration Vertexer.py
INFO 2025-03-19 18:18:55.940 UTC: 	 Finished importing CMSSW configuration Vertexer.py
DEBUG 2025-03-19 18:18:55.940 UTC: 	 Writing CMSSW configuration to /afs/cern.ch/user/a/amalhotr/CMSSW_14_0_18_patch1/src/Run3ScoutingAnalysisTools/crab_projects/crab_DYto2Mu4Jets_Vertexer_Mar2025_4/inputs/PSet.py
DEBUG 2025-03-19 18:18:55.959 UTC: 	 The following EDM output files will be collected: ['DY2M_VertexerOutput.root']
DEBUG 2025-03-19 18:18:55.959 UTC: 	 The following TFile output files will be collected: []
DEBUG 2025-03-19 18:18:55.959 UTC: 	 The following user output files (not listed as PoolOuputModule or TFileService in the CMSSW PSet) will be collected: 
DEBUG 2025-03-19 18:18:55.959 UTC: 	 Loading required information from the environment
DEBUG 2025-03-19 18:18:55.959 UTC: 	 Found CMSSW_14_0_18_patch1 for el9_amd64_gcc12 with base /afs/cern.ch/user/a/amalhotr/CMSSW_14_0_18_patch1
DEBUG 2025-03-19 18:18:55.959 UTC: 	 Making tarball in /afs/cern.ch/user/a/amalhotr/CMSSW_14_0_18_patch1/src/Run3ScoutingAnalysisTools/crab_projects/crab_DYto2Mu4Jets_Vertexer_Mar2025_4/inputs/b6977b6e-20f4-4367-9e3b-6d47fc708954default.tgz
DEBUG 2025-03-19 18:18:55.960 UTC: 	 Checking directory /afs/cern.ch/user/a/amalhotr/CMSSW_14_0_18_patch1/bin
DEBUG 2025-03-19 18:18:55.960 UTC: 	 Adding directory /afs/cern.ch/user/a/amalhotr/CMSSW_14_0_18_patch1/bin to tarball
DEBUG 2025-03-19 18:18:56.058 UTC: 	 Checking directory /afs/cern.ch/user/a/amalhotr/CMSSW_14_0_18_patch1/python
DEBUG 2025-03-19 18:18:56.058 UTC: 	 Adding directory /afs/cern.ch/user/a/amalhotr/CMSSW_14_0_18_patch1/python to tarball
DEBUG 2025-03-19 18:18:57.459 UTC: 	 Checking directory /afs/cern.ch/user/a/amalhotr/CMSSW_14_0_18_patch1/cfipython
DEBUG 2025-03-19 18:18:57.459 UTC: 	 Adding directory /afs/cern.ch/user/a/amalhotr/CMSSW_14_0_18_patch1/cfipython to tarball
DEBUG 2025-03-19 18:18:57.711 UTC: 	 Checking directory /afs/cern.ch/user/a/amalhotr/CMSSW_14_0_18_patch1/lib
DEBUG 2025-03-19 18:18:57.711 UTC: 	 Adding directory /afs/cern.ch/user/a/amalhotr/CMSSW_14_0_18_patch1/lib to tarball
DEBUG 2025-03-19 18:18:58.206 UTC: 	 Checking directory /afs/cern.ch/user/a/amalhotr/CMSSW_14_0_18_patch1/biglib
DEBUG 2025-03-19 18:18:58.206 UTC: 	 Adding directory /afs/cern.ch/user/a/amalhotr/CMSSW_14_0_18_patch1/biglib to tarball
DEBUG 2025-03-19 18:18:58.244 UTC: 	 Checking directory /afs/cern.ch/user/a/amalhotr/CMSSW_14_0_18_patch1/module
DEBUG 2025-03-19 18:18:58.244 UTC: 	 Checking directory /afs/cern.ch/user/a/amalhotr/CMSSW_14_0_18_patch1/config/SCRAM/hooks
DEBUG 2025-03-19 18:18:58.244 UTC: 	 Adding directory /afs/cern.ch/user/a/amalhotr/CMSSW_14_0_18_patch1/config/SCRAM/hooks to tarball
DEBUG 2025-03-19 18:18:58.769 UTC: 	 Adding directory /afs/cern.ch/user/a/amalhotr/CMSSW_14_0_18_patch1/src/Run3ScoutingAnalysisTools/DataFormats/Scouting/interface to tarball
DEBUG 2025-03-19 18:18:59.183 UTC: 	 Adding directory /afs/cern.ch/user/a/amalhotr/CMSSW_14_0_18_patch1/src/Run3ScoutingAnalysisTools/ScoutingTreeMakerRun3/python to tarball
DEBUG 2025-03-19 18:18:59.223 UTC: 	 Adding directory /afs/cern.ch/user/a/amalhotr/CMSSW_14_0_18_patch1/src/DataFormats/Scouting/interface to tarball
DEBUG 2025-03-19 18:18:59.413 UTC: 	 Adding directory /afs/cern.ch/user/a/amalhotr/CMSSW_14_0_18_patch1/src/Configuration/GenProduction/python to tarball
DEBUG 2025-03-19 18:18:59.552 UTC: 	 Uploading archive /afs/cern.ch/user/a/amalhotr/CMSSW_14_0_18_patch1/src/Run3ScoutingAnalysisTools/crab_projects/crab_DYto2Mu4Jets_Vertexer_Mar2025_4/inputs/b6977b6e-20f4-4367-9e3b-6d47fc708954default.tgz (465 KB) to the CRAB cache. Using URI https://cmsweb.cern.ch/S3/crabcache_prod
DEBUG 2025-03-19 18:18:59.700 UTC: 	 Encoded data for curl request: subresource=upload&objecttype=sandbox&tarballname=d97d7e990441c61a971100bd91ffcabe0f6d912f4e23819d97067d9d477ed38f.tar.gz
DEBUG 2025-03-19 18:18:59.793 UTC: 	 Will execute:
curl -f -v -X POST  -H "User-Agent: CRAB" -F "key=amalhotr/sandboxes/d97d7e990441c61a971100bd91ffcabe0f6d912f4e23819d97067d9d477ed38f.tar.gz" -F "AWSAccessKeyId=715203df6482458ba839e73e6dab634b" -F "policy=eyJleHBpcmF0aW9uIjogIjIwMjUtMDMtMTlUMTk6MTg6NTlaIiwgImNvbmRpdGlvbnMiOiBbeyJidWNrZXQiOiAiY3JhYmNhY2hlX3Byb2QifSwgeyJrZXkiOiAiYW1hbGhvdHIvc2FuZGJveGVzL2Q5N2Q3ZTk5MDQ0MWM2MWE5NzExMDBiZDkxZmZjYWJlMGY2ZDkxMmY0ZTIzODE5ZDk3MDY3ZDlkNDc3ZWQzOGYudGFyLmd6In1dfQ==" -F "signature=fjZI7VaTFWHb6eXsvxmW20DveHk=" -F "file=@/afs/cern.ch/user/a/amalhotr/CMSSW_14_0_18_patch1/src/Run3ScoutingAnalysisTools/crab_projects/crab_DYto2Mu4Jets_Vertexer_Mar2025_4/inputs/b6977b6e-20f4-4367-9e3b-6d47fc708954default.tgz" "https://s3.cern.ch/crabcache_prod"
DEBUG 2025-03-19 18:18:59.848 UTC: 	 exitcode: 0
stdout: b''
DEBUG 2025-03-19 18:18:59.848 UTC: 	 upload to S3 of sandbox /afs/cern.ch/user/a/amalhotr/CMSSW_14_0_18_patch1/src/Run3ScoutingAnalysisTools/crab_projects/crab_DYto2Mu4Jets_Vertexer_Mar2025_4/inputs/b6977b6e-20f4-4367-9e3b-6d47fc708954default.tgz completed
DEBUG 2025-03-19 18:18:59.848 UTC: 	 make sure that object is ready for retrieve
DEBUG 2025-03-19 18:19:00.849 UTC: 	 Encoded data for curl request: subresource=download&objecttype=sandbox&tarballname=d97d7e990441c61a971100bd91ffcabe0f6d912f4e23819d97067d9d477ed38f.tar.gz&clientmethod=head_object
DEBUG 2025-03-19 18:19:00.898 UTC: 	 PreSignedUrl to download sandbox received OK
DEBUG 2025-03-19 18:19:00.900 UTC: 	 Will execute:
 curl -v -s -f -o /dev/null --head  "https://s3.cern.ch/crabcache_prod/amalhotr/sandboxes/d97d7e990441c61a971100bd91ffcabe0f6d912f4e23819d97067d9d477ed38f.tar.gz?AWSAccessKeyId=715203df6482458ba839e73e6dab634b&Signature=PqBgVOq84zgkObSDD96l2gpML%2F0%3D&Expires=1742411940"
DEBUG 2025-03-19 18:19:00.926 UTC: 	 exitcode: 0
stdout: b''
DEBUG 2025-03-19 18:19:00.926 UTC: 	 sandbox /afs/cern.ch/user/a/amalhotr/CMSSW_14_0_18_patch1/src/Run3ScoutingAnalysisTools/crab_projects/crab_DYto2Mu4Jets_Vertexer_Mar2025_4/inputs/b6977b6e-20f4-4367-9e3b-6d47fc708954default.tgz successfully uploaded to S3
DEBUG 2025-03-19 18:19:00.927 UTC: 	 Loading required information from the environment
DEBUG 2025-03-19 18:19:00.927 UTC: 	 Found CMSSW_14_0_18_patch1 for el9_amd64_gcc12 with base /afs/cern.ch/user/a/amalhotr/CMSSW_14_0_18_patch1
DEBUG 2025-03-19 18:19:00.927 UTC: 	 Making tarball in /afs/cern.ch/user/a/amalhotr/CMSSW_14_0_18_patch1/src/Run3ScoutingAnalysisTools/crab_projects/crab_DYto2Mu4Jets_Vertexer_Mar2025_4/inputs/debugFiles.tgz
DEBUG 2025-03-19 18:19:00.931 UTC: 	 Uploading archive /afs/cern.ch/user/a/amalhotr/CMSSW_14_0_18_patch1/src/Run3ScoutingAnalysisTools/crab_projects/crab_DYto2Mu4Jets_Vertexer_Mar2025_4/inputs/debugFiles.tgz (2 KB) to the CRAB cache. Using URI https://cmsweb.cern.ch/S3/crabcache_prod
DEBUG 2025-03-19 18:19:00.933 UTC: 	 Encoded data for curl request: subresource=upload&objecttype=sandbox&tarballname=2754d43290687defe94bae8fbfd48a997b278835289d30702cdba41dbf7d1d59.tar.gz
DEBUG 2025-03-19 18:19:01.078 UTC: 	 Will execute:
curl -f -v -X POST  -H "User-Agent: CRAB" -F "key=amalhotr/sandboxes/2754d43290687defe94bae8fbfd48a997b278835289d30702cdba41dbf7d1d59.tar.gz" -F "AWSAccessKeyId=715203df6482458ba839e73e6dab634b" -F "policy=eyJleHBpcmF0aW9uIjogIjIwMjUtMDMtMTlUMTk6MTk6MDFaIiwgImNvbmRpdGlvbnMiOiBbeyJidWNrZXQiOiAiY3JhYmNhY2hlX3Byb2QifSwgeyJrZXkiOiAiYW1hbGhvdHIvc2FuZGJveGVzLzI3NTRkNDMyOTA2ODdkZWZlOTRiYWU4ZmJmZDQ4YTk5N2IyNzg4MzUyODlkMzA3MDJjZGJhNDFkYmY3ZDFkNTkudGFyLmd6In1dfQ==" -F "signature=XR5IlWGPDLpe5vv/dfKPiY+jUr4=" -F "file=@/afs/cern.ch/user/a/amalhotr/CMSSW_14_0_18_patch1/src/Run3ScoutingAnalysisTools/crab_projects/crab_DYto2Mu4Jets_Vertexer_Mar2025_4/inputs/debugFiles.tgz" "https://s3.cern.ch/crabcache_prod"
DEBUG 2025-03-19 18:19:01.109 UTC: 	 exitcode: 0
stdout: b''
DEBUG 2025-03-19 18:19:01.109 UTC: 	 upload to S3 of sandbox /afs/cern.ch/user/a/amalhotr/CMSSW_14_0_18_patch1/src/Run3ScoutingAnalysisTools/crab_projects/crab_DYto2Mu4Jets_Vertexer_Mar2025_4/inputs/debugFiles.tgz completed
DEBUG 2025-03-19 18:19:01.109 UTC: 	 make sure that object is ready for retrieve
DEBUG 2025-03-19 18:19:02.111 UTC: 	 Encoded data for curl request: subresource=download&objecttype=sandbox&tarballname=2754d43290687defe94bae8fbfd48a997b278835289d30702cdba41dbf7d1d59.tar.gz&clientmethod=head_object
DEBUG 2025-03-19 18:19:02.185 UTC: 	 PreSignedUrl to download sandbox received OK
DEBUG 2025-03-19 18:19:02.187 UTC: 	 Will execute:
 curl -v -s -f -o /dev/null --head  "https://s3.cern.ch/crabcache_prod/amalhotr/sandboxes/2754d43290687defe94bae8fbfd48a997b278835289d30702cdba41dbf7d1d59.tar.gz?AWSAccessKeyId=715203df6482458ba839e73e6dab634b&Signature=s7N6l9zOYmYWgGn6YDGqoF49ZCc%3D&Expires=1742411942"
DEBUG 2025-03-19 18:19:02.218 UTC: 	 exitcode: 0
stdout: b''
DEBUG 2025-03-19 18:19:02.218 UTC: 	 sandbox /afs/cern.ch/user/a/amalhotr/CMSSW_14_0_18_patch1/src/Run3ScoutingAnalysisTools/crab_projects/crab_DYto2Mu4Jets_Vertexer_Mar2025_4/inputs/debugFiles.tgz successfully uploaded to S3
DEBUG 2025-03-19 18:19:02.218 UTC: 	 Result uploading input files: d97d7e990441c61a971100bd91ffcabe0f6d912f4e23819d97067d9d477ed38f.tar.gz 
DEBUG 2025-03-19 18:19:02.218 UTC: 	 Attaching list of user-specified primary input files.
DEBUG 2025-03-19 18:19:02.218 UTC: 	 submit() - self.configuration from WMCore.Configuration import Configuration
config = Configuration()
config.section_('General')
config.General.workArea = 'crab_projects'
config.General.requestName = 'DYto2Mu4Jets_Vertexer_Mar2025_4'
config.General.transferOutputs = True
config.General.transferLogs = True
config.section_('JobType')
config.JobType.maxMemoryMB = 2500
config.JobType.psetName = 'Vertexer.py'
config.JobType.pluginName = 'Analysis'
config.section_('Data')
config.Data.unitsPerJob = 1
config.Data.inputDBS = 'global'
config.Data.splitting = 'FileBased'
config.Data.outputDatasetTag = 'DYto2Mu4Jets_Vertexer_Mar20252'
config.Data.userInputFiles = ['/store/mc/RunIII2024Summer24MiniAOD/DYto2Mu-4Jets_Bin-MLL-50_TuneCP5_13p6TeV_madgraphMLM-pythia8/MINIAODSIM/140X_mcRun3_2024_realistic_v26-v2/2560000/ad749229-3094-410f-94e3-2e408518e395.root']
config.Data.publication = False
config.section_('Site')
config.Site.storageSite = 'T2_BR_SPRACE'
config.section_('User')
config.section_('Debug')

DEBUG 2025-03-19 18:19:02.218 UTC: 	 submit() - self.configreq {'dryrun': 0, 'workflow': 'crab_DYto2Mu4Jets_Vertexer_Mar2025_4', 'saveoutput': 1, 'savelogsflag': 1, 'nonvaliddata': 0, 'userfiles': ['/store/mc/RunIII2024Summer24MiniAOD/DYto2Mu-4Jets_Bin-MLL-50_TuneCP5_13p6TeV_madgraphMLM-pythia8/MINIAODSIM/140X_mcRun3_2024_realistic_v26-v2/2560000/ad749229-3094-410f-94e3-2e408518e395.root'], 'dbsurl': 'https://cmsweb.cern.ch/dbs/prod/global/DBSReader', 'useparent': 0, 'ignorelocality': 0, 'splitalgo': 'FileBased', 'algoargs': 1, 'totalunits': 0, 'publication': 0, 'publishdbsurl': 'https://cmsweb.cern.ch/dbs/prod/phys03/DBSWriter', 'publishname2': 'DYto2Mu4Jets_Vertexer_Mar20252', 'jobtype': 'Analysis', 'generator': 'pythia', 'addoutputfiles': [], 'maxjobruntime': 1250, 'numcores': 1, 'maxmemory': 2500, 'priority': 10, 'nonprodsw': 0, 'asyncdest': 'T2_BR_SPRACE', 'requireaccelerator': 0, 'oneEventMode': 0, 'extrajdl': [], 'ignoreglobalblacklist': 0, 'partialdataset': 0, 'inputblocks': []}
DEBUG 2025-03-19 18:19:02.218 UTC: 	 submit() - jobconfig {'addoutputfiles': [], 'tfileoutfiles': [], 'edmoutfiles': ['DY2M_VertexerOutput.root'], 'jobarch': 'el9_amd64_gcc12', 'jobminuarch': 'any', 'jobsw': 'CMSSW_14_0_18_patch1', 'cacheurl': 'https://cmsweb.cern.ch/S3/crabcache_prod', 'cachefilename': 'd97d7e990441c61a971100bd91ffcabe0f6d912f4e23819d97067d9d477ed38f.tar.gz', 'debugfilename': '2754d43290687defe94bae8fbfd48a997b278835289d30702cdba41dbf7d1d59.tar.gz', 'userfiles': {'/store/mc/RunIII2024Summer24MiniAOD/DYto2Mu-4Jets_Bin-MLL-50_TuneCP5_13p6TeV_madgraphMLM-pythia8/MINIAODSIM/140X_mcRun3_2024_realistic_v26-v2/2560000/ad749229-3094-410f-94e3-2e408518e395.root'}, 'primarydataset': 'CRAB_UserFiles', 'jobtype': 'Analysis'}
INFO 2025-03-19 18:19:02.218 UTC: 	 Sending the request to the server at cmsweb.cern.ch
DEBUG 2025-03-19 18:19:02.218 UTC: 	 Submitting {'dryrun': 0, 'workflow': 'crab_DYto2Mu4Jets_Vertexer_Mar2025_4', 'saveoutput': 1, 'savelogsflag': 1, 'nonvaliddata': 0, 'userfiles': {'/store/mc/RunIII2024Summer24MiniAOD/DYto2Mu-4Jets_Bin-MLL-50_TuneCP5_13p6TeV_madgraphMLM-pythia8/MINIAODSIM/140X_mcRun3_2024_realistic_v26-v2/2560000/ad749229-3094-410f-94e3-2e408518e395.root'}, 'dbsurl': 'https://cmsweb.cern.ch/dbs/prod/global/DBSReader', 'useparent': 0, 'ignorelocality': 0, 'splitalgo': 'FileBased', 'algoargs': 1, 'totalunits': 0, 'publication': 0, 'publishdbsurl': 'https://cmsweb.cern.ch/dbs/prod/phys03/DBSWriter', 'publishname2': 'DYto2Mu4Jets_Vertexer_Mar20252', 'jobtype': 'Analysis', 'generator': 'pythia', 'addoutputfiles': [], 'maxjobruntime': 1250, 'numcores': 1, 'maxmemory': 2500, 'priority': 10, 'nonprodsw': 0, 'asyncdest': 'T2_BR_SPRACE', 'requireaccelerator': 0, 'oneEventMode': 0, 'extrajdl': [], 'ignoreglobalblacklist': 0, 'partialdataset': 0, 'inputblocks': [], 'tfileoutfiles': [], 'edmoutfiles': ['DY2M_VertexerOutput.root'], 'jobarch': 'el9_amd64_gcc12', 'jobminuarch': 'any', 'jobsw': 'CMSSW_14_0_18_patch1', 'cacheurl': 'https://cmsweb.cern.ch/S3/crabcache_prod', 'cachefilename': 'd97d7e990441c61a971100bd91ffcabe0f6d912f4e23819d97067d9d477ed38f.tar.gz', 'debugfilename': '2754d43290687defe94bae8fbfd48a997b278835289d30702cdba41dbf7d1d59.tar.gz', 'primarydataset': 'CRAB_UserFiles'} 
DEBUG 2025-03-19 18:19:02.218 UTC: 	 Encoded data for curl request: dryrun=0&workflow=crab_DYto2Mu4Jets_Vertexer_Mar2025_4&saveoutput=1&savelogsflag=1&nonvaliddata=0&dbsurl=https%3A%2F%2Fcmsweb.cern.ch%2Fdbs%2Fprod%2Fglobal%2FDBSReader&useparent=0&ignorelocality=0&splitalgo=FileBased&algoargs=1&totalunits=0&publication=0&publishdbsurl=https%3A%2F%2Fcmsweb.cern.ch%2Fdbs%2Fprod%2Fphys03%2FDBSWriter&publishname2=DYto2Mu4Jets_Vertexer_Mar20252&jobtype=Analysis&generator=pythia&maxjobruntime=1250&numcores=1&maxmemory=2500&priority=10&nonprodsw=0&asyncdest=T2_BR_SPRACE&requireaccelerator=0&oneEventMode=0&ignoreglobalblacklist=0&partialdataset=0&jobarch=el9_amd64_gcc12&jobminuarch=any&jobsw=CMSSW_14_0_18_patch1&cacheurl=https%3A%2F%2Fcmsweb.cern.ch%2FS3%2Fcrabcache_prod&cachefilename=d97d7e990441c61a971100bd91ffcabe0f6d912f4e23819d97067d9d477ed38f.tar.gz&debugfilename=2754d43290687defe94bae8fbfd48a997b278835289d30702cdba41dbf7d1d59.tar.gz&primarydataset=CRAB_UserFiles&edmoutfiles=DY2M_VertexerOutput.root&userfiles=/store/mc/RunIII2024Summer24MiniAOD/DYto2Mu-4Jets_Bin-MLL-50_TuneCP5_13p6TeV_madgraphMLM-pythia8/MINIAODSIM/140X_mcRun3_2024_realistic_v26-v2/2560000/ad749229-3094-410f-94e3-2e408518e395.root
DEBUG 2025-03-19 18:19:02.282 UTC: 	 Result: {'result': [{'RequestName': '250319_181902:amalhotr_crab_DYto2Mu4Jets_Vertexer_Mar2025_4'}]}
INFO 2025-03-19 18:19:02.284 UTC: 	 Success: Your task has been delivered to the prod CRAB3 server.
INFO 2025-03-19 18:19:02.284 UTC: 	 Task name: 250319_181902:amalhotr_crab_DYto2Mu4Jets_Vertexer_Mar2025_4
INFO 2025-03-19 18:19:02.284 UTC: 	 Project dir: crab_projects/crab_DYto2Mu4Jets_Vertexer_Mar2025_4
INFO 2025-03-19 18:19:02.284 UTC: 	 Please use ' crab status -d crab_projects/crab_DYto2Mu4Jets_Vertexer_Mar2025_4 ' to check how the submission process proceeds.
DEBUG 2025-03-19 18:19:02.284 UTC: 	 About to return
INFO 2025-03-19 18:19:02.294 UTC: 	 Log file is /afs/cern.ch/user/a/amalhotr/CMSSW_14_0_18_patch1/src/Run3ScoutingAnalysisTools/crab_projects/crab_DYto2Mu4Jets_Vertexer_Mar2025_4/crab.log
DEBUG 2025-03-19 18:20:32.912 UTC: 	 CRAB Client version: v3.250318
DEBUG 2025-03-19 18:20:32.912 UTC: 	 Running on: Linux lxplus937.cern.ch 5.14.0-503.26.1.el9_5.x86_64 #1 SMP PREEMPT_DYNAMIC Mon Feb 10 05:23:56 EST 2025 x86_64 x86_64 x86_64 GNU/Linux
DEBUG 2025-03-19 18:20:32.912 UTC: 	 Not using Singularity
DEBUG 2025-03-19 18:20:32.912 UTC: 	 Operating System: Red Hat Enterprise Linux 9.5 (Plow)
DEBUG 2025-03-19 18:20:32.912 UTC: 	 Executing command: 'status'
DEBUG 2025-03-19 18:20:32.912 UTC: 	 Found CRAB cache file /afs/cern.ch/user/a/amalhotr/.crab3
DEBUG 2025-03-19 18:20:33.063 UTC: 	 Checking credentials
DEBUG 2025-03-19 18:20:33.063 UTC: 	 Found proxy file /tmp/x509up_u180451
DEBUG 2025-03-19 18:20:33.063 UTC: 	 Making sure it has proper VOMS extension
DEBUG 2025-03-19 18:20:33.063 UTC: 	 Executing command :
 voms-proxy-info --vo --file /tmp/x509up_u180451
DEBUG 2025-03-19 18:20:33.419 UTC: 	 output : cms

 error: 
 retcode : 0
DEBUG 2025-03-19 18:20:33.420 UTC: 	 Getting proxy life time left
DEBUG 2025-03-19 18:20:33.420 UTC: 	 Executing command :
 voms-proxy-info --actimeleft --timeleft --file /tmp/x509up_u180451
DEBUG 2025-03-19 18:20:33.803 UTC: 	 output : 41459
41459

 error: 
 retcode : 0
DEBUG 2025-03-19 18:20:33.803 UTC: 	 Proxy valid for 11:30:59 hours
DEBUG 2025-03-19 18:20:33.803 UTC: 	 Encoded data for curl request: subresource=delegatedn
DEBUG 2025-03-19 18:20:33.845 UTC: 	 Registering user credentials on myproxy for /DC=ch/DC=cern/OU=computers/CN=crab-(preprod|prod)-tw(01|02).cern.ch|/DC=ch/DC=cern/OU=computers/CN=crab-dev-tw(01|02|03|04).cern.ch|/DC=ch/DC=cern/OU=Organic Units/OU=Users/CN=cmscrab/CN=(817881|373708)/CN=Robot: cms crab|/DC=ch/DC=cern/OU=Organic Units/OU=Users/CN=crabint1/CN=373708/CN=Robot: CMS CRAB Integration 1
DEBUG 2025-03-19 18:20:33.845 UTC: 	 Executing command :
 voms-proxy-info --identity --file /tmp/x509up_u180451
DEBUG 2025-03-19 18:20:34.169 UTC: 	 output : /DC=ch/DC=cern/OU=Organic Units/OU=Users/CN=amalhotr/CN=884837/CN=Aryan Malhotra

 error: 
 retcode : 0
DEBUG 2025-03-19 18:20:34.169 UTC: 	 Getting myproxy life time left for 2382a3cf28fdeacb1de9b039908761ea517a5ed6
DEBUG 2025-03-19 18:20:34.169 UTC: 	 Executing command :
 myproxy-info -s myproxy.cern.ch -l 2382a3cf28fdeacb1de9b039908761ea517a5ed6
DEBUG 2025-03-19 18:20:34.446 UTC: 	 output : username: 2382a3cf28fdeacb1de9b039908761ea517a5ed6
owner: /DC=ch/DC=cern/OU=Organic Units/OU=Users/CN=amalhotr/CN=884837/CN=Aryan Malhotra
  renewal policy: /DC=ch/DC=cern/OU=computers/CN=crab-(preprod|prod)-tw(01|02).cern.ch|/DC=ch/DC=cern/OU=computers/CN=crab-dev-tw(01|02|03|04).cern.ch|/DC=ch/DC=cern/OU=Organic Units/OU=Users/CN=cmscrab/CN=(817881|373708)/CN=Robot: cms crab|/DC=ch/DC=cern/OU=Organic Units/OU=Users/CN=crabint1/CN=373708/CN=Robot: CMS CRAB Integration 1
  trusted retrieval policy: /DC=ch/DC=cern/OU=computers/CN=crab-(preprod|prod)-tw(01|02).cern.ch|/DC=ch/DC=cern/OU=computers/CN=crab-dev-tw(01|02|03|04).cern.ch|/DC=ch/DC=cern/OU=Organic Units/OU=Users/CN=cmscrab/CN=(817881|373708)/CN=Robot: cms crab|/DC=ch/DC=cern/OU=Organic Units/OU=Users/CN=crabint1/CN=373708/CN=Robot: CMS CRAB Integration 1
  timeleft: 705:59:44  (29.4 days)

 error: 
 retcode : 0
DEBUG 2025-03-19 18:20:34.447 UTC: 	 Myproxy is valid: 2541540
DEBUG 2025-03-19 18:20:34.447 UTC: 	 Result of myproxy credential check:
  Credential exists on myproxy: username: 2382a3cf28fdeacb1de9b039908761ea517a5ed6  - validity: 29 days, 9:59:00
DEBUG 2025-03-19 18:20:34.447 UTC: 	 Retrieving username ...
DEBUG 2025-03-19 18:20:34.447 UTC: 	 Retrieving username from CRIC...
DEBUG 2025-03-19 18:20:35.062 UTC: 	 username is amalhotr
INFO 2025-03-19 18:20:35.515 UTC: 	 Rucio client intialized for account amalhotr
DEBUG 2025-03-19 18:20:35.516 UTC: 	 Command use: status
DEBUG 2025-03-19 18:20:35.516 UTC: 	 Options use: ['-d', 'crab_projects/crab_DYto2Mu4Jets_Vertexer_Mar2025_4']
DEBUG 2025-03-19 18:20:35.516 UTC: 	 Encoded data for curl request: subresource=version
DEBUG 2025-03-19 18:20:35.556 UTC: 	 CRABClient version: v3.250318
DEBUG 2025-03-19 18:20:35.556 UTC: 	 Instance is prod
DEBUG 2025-03-19 18:20:35.556 UTC: 	 Server base url is cmsweb.cern.ch
DEBUG 2025-03-19 18:20:35.556 UTC: 	 Command api workflow
DEBUG 2025-03-19 18:20:35.557 UTC: 	 Encoded data for curl request: subresource=search&workflow=250319_181902%3Aamalhotr_crab_DYto2Mu4Jets_Vertexer_Mar2025_4
DEBUG 2025-03-19 18:20:35.614 UTC: 	 Got information from server oracle database: {'desc': {'columns': ['tm_taskname', 'tm_activity', 'tm_task_status', 'tm_task_command', 'tm_start_time', 'tm_start_injection', 'tm_end_injection', 'tm_task_failure', 'tm_job_sw', 'tm_job_arch', 'tm_input_dataset', 'tm_nonvalid_input_dataset', 'tm_use_parent', 'tm_site_whitelist', 'tm_site_blacklist', 'tm_split_algo', 'tm_split_args', 'tm_user_sandbox', 'tm_cache_url', 'tm_username', 'tm_user_dn', 'tm_user_vo', 'tm_user_role', 'tm_user_group', 'tm_publish_name', 'tm_publish_groupname', 'tm_asyncdest', 'tm_dbs_url', 'tm_publish_dbs_url', 'tm_publication', 'tm_outfiles', 'tm_tfile_outfiles', 'tm_edm_outfiles', 'tm_job_type', 'tm_generator', 'tm_events_per_lumi', 'tm_arguments', 'tm_save_logs', 'tw_name', 'tm_user_infiles', 'tm_maxjobruntime', 'tm_numcores', 'tm_maxmemory', 'tm_priority', 'tm_output_dataset', 'tm_task_warnings', 'tm_user_webdir', 'tm_scriptexe', 'tm_scriptargs', 'tm_extrajdl', 'tm_collector', 'tm_schedd', 'tm_dry_run', 'tm_user_files', 'tm_transfer_outputs', 'tm_output_lfn', 'tm_ignore_locality', 'tm_fail_limit', 'tm_one_event_mode', 'tm_secondary_input_dataset', 'tm_primary_dataset', 'tm_last_publication', 'tm_debug_files', 'clusterid', 'tm_ignore_global_blacklist', 'tm_submitter_ip_addr', 'tm_totalunits', 'tm_ddm_reqid', 'tm_user_config', 'tm_transfer_container', 'tm_transfer_rule', 'tm_publish_rule', 'tm_multipub_rule', 'tm_job_min_microarch']}, 'result': ['250319_181902:amalhotr_crab_DYto2Mu4Jets_Vertexer_Mar2025_4', 'None', 'NEW', 'SUBMIT', '2025-03-19 18:19:02.275021', 'None', 'None', 'None', 'CMSSW_14_0_18_patch1', 'el9_amd64_gcc12', 'None', 'F', '0', '[]', '[]', 'FileBased', "{'halt_job_on_file_boundaries': False, 'splitOnRun': False, 'files_per_job': 1, 'runs': [], 'lumis': []}", 'd97d7e990441c61a971100bd91ffcabe0f6d912f4e23819d97067d9d477ed38f.tar.gz', 'https://cmsweb.cern.ch/S3/crabcache_prod', 'amalhotr', '/DC=ch/DC=cern/OU=Organic Units/OU=Users/CN=amalhotr/CN=884837/CN=Aryan Malhotra', 'cms', 'None', 'None', 'DYto2Mu4Jets_Vertexer_Mar20252-00000000000000000000000000000000', 'F', 'T2_BR_SPRACE', 'https://cmsweb.cern.ch/dbs/prod/global/DBSReader', 'https://cmsweb.cern.ch/dbs/prod/phys03/DBSWriter', 'F', '[]', '[]', "['DY2M_VertexerOutput.root']", 'Analysis', 'pythia', 'None', '{}', 'T', 'NotKnownYet', '[]', '1250', '1', '2500', '10', 'None', '[]', 'None', 'None', '[]', '[]', 'cmsgwms-collector-global.cern.ch:9620,cmsgwms-collector-global.fnal.gov:9620', 'None', 'F', "['/store/mc/RunIII2024Summer24MiniAOD/DYto2Mu-4Jets_Bin-MLL-50_TuneCP5_13p6TeV_madgraphMLM-pythia8/MINIAODSIM/140X_mcRun3_2024_realistic_v26-v2/2560000/ad749229-3094-410f-94e3-2e408518e395.root']", 'T', '/store/user/amalhotr/', 'F', 'None', 'F', 'None', 'CRAB_UserFiles', 'None', '2754d43290687defe94bae8fbfd48a997b278835289d30702cdba41dbf7d1d59.tar.gz', 'None', 'F', '188.185.89.194', '0.0', 'None', '{"partialdataset": false, "requireaccelerator": false, "acceleratorparams": null, "inputblocks": null}', 'None', 'None', 'None', 'None', 'any']}
INFO 2025-03-19 18:20:35.614 UTC: 	 CRAB project directory:		/afs/cern.ch/user/a/amalhotr/CMSSW_14_0_18_patch1/src/Run3ScoutingAnalysisTools/crab_projects/crab_DYto2Mu4Jets_Vertexer_Mar2025_4
INFO 2025-03-19 18:20:35.614 UTC: 	 Task name:			250319_181902:amalhotr_crab_DYto2Mu4Jets_Vertexer_Mar2025_4
INFO 2025-03-19 18:20:35.614 UTC: 	 Grid scheduler - Task Worker:	N/A yet - NotKnownYet
INFO 2025-03-19 18:20:35.614 UTC: 	 Status on the CRAB server:	NEW on command SUBMIT
INFO 2025-03-19 18:20:35.614 UTC: 	 Task URL to use for HELP:	https://cmsweb.cern.ch/crabserver/ui/task/250319_181902%3Aamalhotr_crab_DYto2Mu4Jets_Vertexer_Mar2025_4
INFO 2025-03-19 18:20:35.620 UTC: 	 Dashboard monitoring URL:	https://monit-grafana.cern.ch/d/cmsTMDetail/cms-task-monitoring-task-view?orgId=11&var-user=amalhotr&var-task=250319_181902%3Aamalhotr_crab_DYto2Mu4Jets_Vertexer_Mar2025_4&from=1742404742000&to=now
DEBUG 2025-03-19 18:20:35.620 UTC: 	 The task has not been submitted to the Grid scheduler yet. Not printing job information.
INFO 2025-03-19 18:20:35.625 UTC: 	 Log file is /afs/cern.ch/user/a/amalhotr/CMSSW_14_0_18_patch1/src/Run3ScoutingAnalysisTools/crab_projects/crab_DYto2Mu4Jets_Vertexer_Mar2025_4/crab.log
DEBUG 2025-03-19 18:21:45.393 UTC: 	 CRAB Client version: v3.250318
DEBUG 2025-03-19 18:21:45.393 UTC: 	 Running on: Linux lxplus937.cern.ch 5.14.0-503.26.1.el9_5.x86_64 #1 SMP PREEMPT_DYNAMIC Mon Feb 10 05:23:56 EST 2025 x86_64 x86_64 x86_64 GNU/Linux
DEBUG 2025-03-19 18:21:45.393 UTC: 	 Not using Singularity
DEBUG 2025-03-19 18:21:45.393 UTC: 	 Operating System: Red Hat Enterprise Linux 9.5 (Plow)
DEBUG 2025-03-19 18:21:45.393 UTC: 	 Executing command: 'status'
DEBUG 2025-03-19 18:21:45.393 UTC: 	 Found CRAB cache file /afs/cern.ch/user/a/amalhotr/.crab3
DEBUG 2025-03-19 18:21:45.397 UTC: 	 Checking credentials
DEBUG 2025-03-19 18:21:45.397 UTC: 	 Found proxy file /tmp/x509up_u180451
DEBUG 2025-03-19 18:21:45.397 UTC: 	 Making sure it has proper VOMS extension
DEBUG 2025-03-19 18:21:45.397 UTC: 	 Executing command :
 voms-proxy-info --vo --file /tmp/x509up_u180451
DEBUG 2025-03-19 18:21:45.730 UTC: 	 output : cms

 error: 
 retcode : 0
DEBUG 2025-03-19 18:21:45.730 UTC: 	 Getting proxy life time left
DEBUG 2025-03-19 18:21:45.730 UTC: 	 Executing command :
 voms-proxy-info --actimeleft --timeleft --file /tmp/x509up_u180451
DEBUG 2025-03-19 18:21:46.067 UTC: 	 output : 41386
41386

 error: 
 retcode : 0
DEBUG 2025-03-19 18:21:46.067 UTC: 	 Proxy valid for 11:29:46 hours
DEBUG 2025-03-19 18:21:46.068 UTC: 	 Encoded data for curl request: subresource=delegatedn
DEBUG 2025-03-19 18:21:46.110 UTC: 	 Registering user credentials on myproxy for /DC=ch/DC=cern/OU=computers/CN=crab-(preprod|prod)-tw(01|02).cern.ch|/DC=ch/DC=cern/OU=computers/CN=crab-dev-tw(01|02|03|04).cern.ch|/DC=ch/DC=cern/OU=Organic Units/OU=Users/CN=cmscrab/CN=(817881|373708)/CN=Robot: cms crab|/DC=ch/DC=cern/OU=Organic Units/OU=Users/CN=crabint1/CN=373708/CN=Robot: CMS CRAB Integration 1
DEBUG 2025-03-19 18:21:46.110 UTC: 	 Executing command :
 voms-proxy-info --identity --file /tmp/x509up_u180451
DEBUG 2025-03-19 18:21:46.473 UTC: 	 output : /DC=ch/DC=cern/OU=Organic Units/OU=Users/CN=amalhotr/CN=884837/CN=Aryan Malhotra

 error: 
 retcode : 0
DEBUG 2025-03-19 18:21:46.473 UTC: 	 Getting myproxy life time left for 2382a3cf28fdeacb1de9b039908761ea517a5ed6
DEBUG 2025-03-19 18:21:46.473 UTC: 	 Executing command :
 myproxy-info -s myproxy.cern.ch -l 2382a3cf28fdeacb1de9b039908761ea517a5ed6
DEBUG 2025-03-19 18:21:46.799 UTC: 	 output : username: 2382a3cf28fdeacb1de9b039908761ea517a5ed6
owner: /DC=ch/DC=cern/OU=Organic Units/OU=Users/CN=amalhotr/CN=884837/CN=Aryan Malhotra
  renewal policy: /DC=ch/DC=cern/OU=computers/CN=crab-(preprod|prod)-tw(01|02).cern.ch|/DC=ch/DC=cern/OU=computers/CN=crab-dev-tw(01|02|03|04).cern.ch|/DC=ch/DC=cern/OU=Organic Units/OU=Users/CN=cmscrab/CN=(817881|373708)/CN=Robot: cms crab|/DC=ch/DC=cern/OU=Organic Units/OU=Users/CN=crabint1/CN=373708/CN=Robot: CMS CRAB Integration 1
  trusted retrieval policy: /DC=ch/DC=cern/OU=computers/CN=crab-(preprod|prod)-tw(01|02).cern.ch|/DC=ch/DC=cern/OU=computers/CN=crab-dev-tw(01|02|03|04).cern.ch|/DC=ch/DC=cern/OU=Organic Units/OU=Users/CN=cmscrab/CN=(817881|373708)/CN=Robot: cms crab|/DC=ch/DC=cern/OU=Organic Units/OU=Users/CN=crabint1/CN=373708/CN=Robot: CMS CRAB Integration 1
  timeleft: 705:58:32  (29.4 days)

 error: 
 retcode : 0
DEBUG 2025-03-19 18:21:46.799 UTC: 	 Myproxy is valid: 2541480
DEBUG 2025-03-19 18:21:46.799 UTC: 	 Result of myproxy credential check:
  Credential exists on myproxy: username: 2382a3cf28fdeacb1de9b039908761ea517a5ed6  - validity: 29 days, 9:58:00
DEBUG 2025-03-19 18:21:46.799 UTC: 	 Retrieving username ...
DEBUG 2025-03-19 18:21:46.799 UTC: 	 Retrieving username from CRIC...
DEBUG 2025-03-19 18:21:47.483 UTC: 	 username is amalhotr
INFO 2025-03-19 18:21:47.965 UTC: 	 Rucio client intialized for account amalhotr
DEBUG 2025-03-19 18:21:47.965 UTC: 	 Command use: status
DEBUG 2025-03-19 18:21:47.965 UTC: 	 Options use: ['-d', 'crab_projects/crab_DYto2Mu4Jets_Vertexer_Mar2025_4']
DEBUG 2025-03-19 18:21:47.965 UTC: 	 Encoded data for curl request: subresource=version
DEBUG 2025-03-19 18:21:48.001 UTC: 	 CRABClient version: v3.250318
DEBUG 2025-03-19 18:21:48.002 UTC: 	 Instance is prod
DEBUG 2025-03-19 18:21:48.002 UTC: 	 Server base url is cmsweb.cern.ch
DEBUG 2025-03-19 18:21:48.002 UTC: 	 Command api workflow
DEBUG 2025-03-19 18:21:48.002 UTC: 	 Encoded data for curl request: subresource=search&workflow=250319_181902%3Aamalhotr_crab_DYto2Mu4Jets_Vertexer_Mar2025_4
DEBUG 2025-03-19 18:21:48.056 UTC: 	 Got information from server oracle database: {'desc': {'columns': ['tm_taskname', 'tm_activity', 'tm_task_status', 'tm_task_command', 'tm_start_time', 'tm_start_injection', 'tm_end_injection', 'tm_task_failure', 'tm_job_sw', 'tm_job_arch', 'tm_input_dataset', 'tm_nonvalid_input_dataset', 'tm_use_parent', 'tm_site_whitelist', 'tm_site_blacklist', 'tm_split_algo', 'tm_split_args', 'tm_user_sandbox', 'tm_cache_url', 'tm_username', 'tm_user_dn', 'tm_user_vo', 'tm_user_role', 'tm_user_group', 'tm_publish_name', 'tm_publish_groupname', 'tm_asyncdest', 'tm_dbs_url', 'tm_publish_dbs_url', 'tm_publication', 'tm_outfiles', 'tm_tfile_outfiles', 'tm_edm_outfiles', 'tm_job_type', 'tm_generator', 'tm_events_per_lumi', 'tm_arguments', 'tm_save_logs', 'tw_name', 'tm_user_infiles', 'tm_maxjobruntime', 'tm_numcores', 'tm_maxmemory', 'tm_priority', 'tm_output_dataset', 'tm_task_warnings', 'tm_user_webdir', 'tm_scriptexe', 'tm_scriptargs', 'tm_extrajdl', 'tm_collector', 'tm_schedd', 'tm_dry_run', 'tm_user_files', 'tm_transfer_outputs', 'tm_output_lfn', 'tm_ignore_locality', 'tm_fail_limit', 'tm_one_event_mode', 'tm_secondary_input_dataset', 'tm_primary_dataset', 'tm_last_publication', 'tm_debug_files', 'clusterid', 'tm_ignore_global_blacklist', 'tm_submitter_ip_addr', 'tm_totalunits', 'tm_ddm_reqid', 'tm_user_config', 'tm_transfer_container', 'tm_transfer_rule', 'tm_publish_rule', 'tm_multipub_rule', 'tm_job_min_microarch']}, 'result': ['250319_181902:amalhotr_crab_DYto2Mu4Jets_Vertexer_Mar2025_4', 'None', 'NEW', 'SUBMIT', '2025-03-19 18:19:02.275021', 'None', 'None', 'None', 'CMSSW_14_0_18_patch1', 'el9_amd64_gcc12', 'None', 'F', '0', '[]', '[]', 'FileBased', "{'halt_job_on_file_boundaries': False, 'splitOnRun': False, 'files_per_job': 1, 'runs': [], 'lumis': []}", 'd97d7e990441c61a971100bd91ffcabe0f6d912f4e23819d97067d9d477ed38f.tar.gz', 'https://cmsweb.cern.ch/S3/crabcache_prod', 'amalhotr', '/DC=ch/DC=cern/OU=Organic Units/OU=Users/CN=amalhotr/CN=884837/CN=Aryan Malhotra', 'cms', 'None', 'None', 'DYto2Mu4Jets_Vertexer_Mar20252-00000000000000000000000000000000', 'F', 'T2_BR_SPRACE', 'https://cmsweb.cern.ch/dbs/prod/global/DBSReader', 'https://cmsweb.cern.ch/dbs/prod/phys03/DBSWriter', 'F', '[]', '[]', "['DY2M_VertexerOutput.root']", 'Analysis', 'pythia', 'None', '{}', 'T', 'NotKnownYet', '[]', '1250', '1', '2500', '10', 'None', '[]', 'None', 'None', '[]', '[]', 'cmsgwms-collector-global.cern.ch:9620,cmsgwms-collector-global.fnal.gov:9620', 'None', 'F', "['/store/mc/RunIII2024Summer24MiniAOD/DYto2Mu-4Jets_Bin-MLL-50_TuneCP5_13p6TeV_madgraphMLM-pythia8/MINIAODSIM/140X_mcRun3_2024_realistic_v26-v2/2560000/ad749229-3094-410f-94e3-2e408518e395.root']", 'T', '/store/user/amalhotr/', 'F', 'None', 'F', 'None', 'CRAB_UserFiles', 'None', '2754d43290687defe94bae8fbfd48a997b278835289d30702cdba41dbf7d1d59.tar.gz', 'None', 'F', '188.185.89.194', '0.0', 'None', '{"partialdataset": false, "requireaccelerator": false, "acceleratorparams": null, "inputblocks": null}', 'None', 'None', 'None', 'None', 'any']}
INFO 2025-03-19 18:21:48.056 UTC: 	 CRAB project directory:		/afs/cern.ch/user/a/amalhotr/CMSSW_14_0_18_patch1/src/Run3ScoutingAnalysisTools/crab_projects/crab_DYto2Mu4Jets_Vertexer_Mar2025_4
INFO 2025-03-19 18:21:48.056 UTC: 	 Task name:			250319_181902:amalhotr_crab_DYto2Mu4Jets_Vertexer_Mar2025_4
INFO 2025-03-19 18:21:48.057 UTC: 	 Grid scheduler - Task Worker:	N/A yet - NotKnownYet
INFO 2025-03-19 18:21:48.057 UTC: 	 Status on the CRAB server:	NEW on command SUBMIT
INFO 2025-03-19 18:21:48.057 UTC: 	 Task URL to use for HELP:	https://cmsweb.cern.ch/crabserver/ui/task/250319_181902%3Aamalhotr_crab_DYto2Mu4Jets_Vertexer_Mar2025_4
INFO 2025-03-19 18:21:48.063 UTC: 	 Dashboard monitoring URL:	https://monit-grafana.cern.ch/d/cmsTMDetail/cms-task-monitoring-task-view?orgId=11&var-user=amalhotr&var-task=250319_181902%3Aamalhotr_crab_DYto2Mu4Jets_Vertexer_Mar2025_4&from=1742404742000&to=now
DEBUG 2025-03-19 18:21:48.064 UTC: 	 The task has not been submitted to the Grid scheduler yet. Not printing job information.
INFO 2025-03-19 18:21:48.065 UTC: 	 Log file is /afs/cern.ch/user/a/amalhotr/CMSSW_14_0_18_patch1/src/Run3ScoutingAnalysisTools/crab_projects/crab_DYto2Mu4Jets_Vertexer_Mar2025_4/crab.log
