DEBUG 2025-11-03 19:06:34.608 UTC: 	 CRAB Client version: v3.251020
DEBUG 2025-11-03 19:06:34.608 UTC: 	 Running on: Linux lxplus924.cern.ch 5.14.0-570.55.1.el9_6.x86_64 #1 SMP PREEMPT_DYNAMIC Tue Oct 14 01:03:55 EDT 2025 x86_64 x86_64 x86_64 GNU/Linux
DEBUG 2025-11-03 19:06:34.608 UTC: 	 Not using Singularity
DEBUG 2025-11-03 19:06:34.608 UTC: 	 Operating System: Red Hat Enterprise Linux 9.6 (Plow)
DEBUG 2025-11-03 19:06:34.608 UTC: 	 Executing command: 'submit'
DEBUG 2025-11-03 19:06:34.608 UTC: 	 Found CRAB cache file /afs/cern.ch/user/a/amalhotr/.crab3
INFO 2025-11-03 19:06:34.609 UTC: 	 Will use CRAB configuration file chainedCrabConfig.py
DEBUG 2025-11-03 19:06:34.609 UTC: 	 Loading CRAB configuration file.
DEBUG 2025-11-03 19:06:34.801 UTC: 	 Will use CRAB plugin ANALYSIS (i.e. will run an analysis job type).
DEBUG 2025-11-03 19:06:35.206 UTC: 	 Checking credentials
DEBUG 2025-11-03 19:06:35.206 UTC: 	 Found proxy file /tmp/x509up_u180451
DEBUG 2025-11-03 19:06:35.206 UTC: 	 Making sure it has proper VOMS extension
DEBUG 2025-11-03 19:06:35.206 UTC: 	 Executing command :
 voms-proxy-info --vo --file /tmp/x509up_u180451
DEBUG 2025-11-03 19:06:35.241 UTC: 	 output : cms

 error: 
 retcode : 0
DEBUG 2025-11-03 19:06:35.241 UTC: 	 Getting proxy life time left
DEBUG 2025-11-03 19:06:35.241 UTC: 	 Executing command :
 voms-proxy-info --actimeleft --timeleft --file /tmp/x509up_u180451
DEBUG 2025-11-03 19:06:35.263 UTC: 	 output : 687399
687399

 error: 
 retcode : 0
DEBUG 2025-11-03 19:06:35.263 UTC: 	 Proxy valid for 190:56:39 hours
DEBUG 2025-11-03 19:06:35.263 UTC: 	 Encoded data for curl request: subresource=delegatedn
DEBUG 2025-11-03 19:06:35.305 UTC: 	 Registering user credentials on myproxy for /DC=ch/DC=cern/OU=Organic Units/OU=Users/CN=cmscrab/CN=(817881|373708)/CN=Robot: cms crab|/DC=ch/DC=cern/OU=Organic Units/OU=Users/CN=crabint1/CN=373708/CN=Robot: CMS CRAB Integration 1
DEBUG 2025-11-03 19:06:35.305 UTC: 	 Executing command :
 voms-proxy-info --identity --file /tmp/x509up_u180451
DEBUG 2025-11-03 19:06:35.328 UTC: 	 output : /DC=ch/DC=cern/OU=Organic Units/OU=Users/CN=amalhotr/CN=884837/CN=Aryan Malhotra

 error: 
 retcode : 0
DEBUG 2025-11-03 19:06:35.328 UTC: 	 Getting myproxy life time left for 2382a3cf28fdeacb1de9b039908761ea517a5ed6
DEBUG 2025-11-03 19:06:35.328 UTC: 	 Executing command :
 myproxy-info -s myproxy.cern.ch -l 2382a3cf28fdeacb1de9b039908761ea517a5ed6
DEBUG 2025-11-03 19:06:35.653 UTC: 	 output : username: 2382a3cf28fdeacb1de9b039908761ea517a5ed6
owner: /DC=ch/DC=cern/OU=Organic Units/OU=Users/CN=amalhotr/CN=884837/CN=Aryan Malhotra
  renewal policy: /DC=ch/DC=cern/OU=Organic Units/OU=Users/CN=cmscrab/CN=(817881|373708)/CN=Robot: cms crab|/DC=ch/DC=cern/OU=Organic Units/OU=Users/CN=crabint1/CN=373708/CN=Robot: CMS CRAB Integration 1
  trusted retrieval policy: /DC=ch/DC=cern/OU=Organic Units/OU=Users/CN=cmscrab/CN=(817881|373708)/CN=Robot: cms crab|/DC=ch/DC=cern/OU=Organic Units/OU=Users/CN=crabint1/CN=373708/CN=Robot: CMS CRAB Integration 1
  timeleft: 603:42:40  (25.2 days)

 error: 
 retcode : 0
DEBUG 2025-11-03 19:06:35.653 UTC: 	 Myproxy is valid: 2173320
DEBUG 2025-11-03 19:06:35.653 UTC: 	 Result of myproxy credential check:
  Credential exists on myproxy: username: 2382a3cf28fdeacb1de9b039908761ea517a5ed6  - validity: 25 days, 3:42:00
DEBUG 2025-11-03 19:06:35.653 UTC: 	 Command use: submit
DEBUG 2025-11-03 19:06:35.654 UTC: 	 Options use: ['-c', 'chainedCrabConfig.py']
DEBUG 2025-11-03 19:06:35.654 UTC: 	 Encoded data for curl request: subresource=version
DEBUG 2025-11-03 19:06:35.706 UTC: 	 CRABClient version: v3.251020
DEBUG 2025-11-03 19:06:35.707 UTC: 	 Instance is prod
DEBUG 2025-11-03 19:06:35.707 UTC: 	 Server base url is cmsweb.cern.ch
DEBUG 2025-11-03 19:06:35.707 UTC: 	 Command api workflow
DEBUG 2025-11-03 19:06:35.707 UTC: 	 Started submission
DEBUG 2025-11-03 19:06:35.707 UTC: 	 Working on /afs/cern.ch/user/a/amalhotr/CMSSW_14_0_18_patch1/src/Run3ScoutingAnalysisTools/crab_ScoutingData_Redone_6mod10_v4
DEBUG 2025-11-03 19:06:35.735 UTC: 	 Loading required information from the environment
DEBUG 2025-11-03 19:06:35.735 UTC: 	 Found CMSSW_14_0_18_patch1 for el9_amd64_gcc12 with base /afs/cern.ch/user/a/amalhotr/CMSSW_14_0_18_patch1
DEBUG 2025-11-03 19:06:35.735 UTC: 	 Loading required information from the environment
DEBUG 2025-11-03 19:06:35.735 UTC: 	 Found CMSSW_14_0_18_patch1 for el9_amd64_gcc12 with base /afs/cern.ch/user/a/amalhotr/CMSSW_14_0_18_patch1
DEBUG 2025-11-03 19:06:35.735 UTC: 	 UNIQUE NAME: tarUUID 0af2bf03-da11-4d51-896b-256c0bf1b041 
DEBUG 2025-11-03 19:06:35.735 UTC: 	 self.config: from WMCore.Configuration import Configuration
config = Configuration()
config.section_('General')
config.General.requestName = 'ScoutingData_Redone_6mod10_v4'
config.General.transferLogs = True
config.General.transferOutputs = True
config.section_('JobType')
config.JobType.maxJobRuntimeMin = 2750
config.JobType.psetName = 'UnifiedScoutingVertexingTreeMaker.py'
config.JobType.pluginName = 'Analysis'
config.JobType.outputFiles = ['ScoutingTree_Output.root']
config.JobType.maxMemoryMB = 3000
config.section_('Data')
config.Data.splitting = 'FileBased'
config.Data.inputDBS = 'global'
config.Data.unitsPerJob = 2
config.Data.outputDatasetTag = 'ScoutingData_Redone_6mod10_v4'
config.Data.allowNonValidInputDataset = True
config.Data.inputDataset = '/ScoutingPFRun3/Run2024H-v1/HLTSCOUT'
config.Data.publication = False
config.section_('Site')
config.Site.storageSite = 'T3_CH_CERNBOX'
config.section_('User')
config.section_('Debug')

DEBUG 2025-11-03 19:06:35.735 UTC: 	 self.config.JobType.psetName: UnifiedScoutingVertexingTreeMaker.py
INFO 2025-11-03 19:06:35.735 UTC: 	 Importing CMSSW configuration UnifiedScoutingVertexingTreeMaker.py
INFO 2025-11-03 19:06:36.402 UTC: 	 Finished importing CMSSW configuration UnifiedScoutingVertexingTreeMaker.py
DEBUG 2025-11-03 19:06:36.402 UTC: 	 Writing CMSSW configuration to /afs/cern.ch/user/a/amalhotr/CMSSW_14_0_18_patch1/src/Run3ScoutingAnalysisTools/crab_ScoutingData_Redone_6mod10_v4/inputs/PSet.py
DEBUG 2025-11-03 19:06:36.436 UTC: 	 The following EDM output files will be collected: []
DEBUG 2025-11-03 19:06:36.436 UTC: 	 The following TFile output files will be collected: ['ScoutingTree_Output.root']
DEBUG 2025-11-03 19:06:36.436 UTC: 	 The following user output files (not listed as PoolOuputModule or TFileService in the CMSSW PSet) will be collected: 
DEBUG 2025-11-03 19:06:36.436 UTC: 	 Loading required information from the environment
DEBUG 2025-11-03 19:06:36.436 UTC: 	 Found CMSSW_14_0_18_patch1 for el9_amd64_gcc12 with base /afs/cern.ch/user/a/amalhotr/CMSSW_14_0_18_patch1
DEBUG 2025-11-03 19:06:36.436 UTC: 	 Making tarball in /afs/cern.ch/user/a/amalhotr/CMSSW_14_0_18_patch1/src/Run3ScoutingAnalysisTools/crab_ScoutingData_Redone_6mod10_v4/inputs/0af2bf03-da11-4d51-896b-256c0bf1b041default.tgz
DEBUG 2025-11-03 19:06:36.452 UTC: 	 Checking directory /afs/cern.ch/user/a/amalhotr/CMSSW_14_0_18_patch1/bin
DEBUG 2025-11-03 19:06:36.452 UTC: 	 Adding directory /afs/cern.ch/user/a/amalhotr/CMSSW_14_0_18_patch1/bin to tarball
DEBUG 2025-11-03 19:06:36.459 UTC: 	 Checking directory /afs/cern.ch/user/a/amalhotr/CMSSW_14_0_18_patch1/python
DEBUG 2025-11-03 19:06:36.459 UTC: 	 Adding directory /afs/cern.ch/user/a/amalhotr/CMSSW_14_0_18_patch1/python to tarball
DEBUG 2025-11-03 19:06:37.075 UTC: 	 Checking directory /afs/cern.ch/user/a/amalhotr/CMSSW_14_0_18_patch1/cfipython
DEBUG 2025-11-03 19:06:37.075 UTC: 	 Adding directory /afs/cern.ch/user/a/amalhotr/CMSSW_14_0_18_patch1/cfipython to tarball
DEBUG 2025-11-03 19:06:37.098 UTC: 	 Checking directory /afs/cern.ch/user/a/amalhotr/CMSSW_14_0_18_patch1/lib
DEBUG 2025-11-03 19:06:37.098 UTC: 	 Adding directory /afs/cern.ch/user/a/amalhotr/CMSSW_14_0_18_patch1/lib to tarball
DEBUG 2025-11-03 19:06:37.241 UTC: 	 Checking directory /afs/cern.ch/user/a/amalhotr/CMSSW_14_0_18_patch1/biglib
DEBUG 2025-11-03 19:06:37.242 UTC: 	 Adding directory /afs/cern.ch/user/a/amalhotr/CMSSW_14_0_18_patch1/biglib to tarball
DEBUG 2025-11-03 19:06:37.244 UTC: 	 Checking directory /afs/cern.ch/user/a/amalhotr/CMSSW_14_0_18_patch1/module
DEBUG 2025-11-03 19:06:37.244 UTC: 	 Checking directory /afs/cern.ch/user/a/amalhotr/CMSSW_14_0_18_patch1/config/SCRAM/hooks
DEBUG 2025-11-03 19:06:37.244 UTC: 	 Adding directory /afs/cern.ch/user/a/amalhotr/CMSSW_14_0_18_patch1/config/SCRAM/hooks to tarball
DEBUG 2025-11-03 19:06:37.281 UTC: 	 Adding directory /afs/cern.ch/user/a/amalhotr/CMSSW_14_0_18_patch1/src/Run3ScoutingAnalysisTools/DataFormats/Scouting/interface to tarball
DEBUG 2025-11-03 19:06:37.301 UTC: 	 Adding directory /afs/cern.ch/user/a/amalhotr/CMSSW_14_0_18_patch1/src/Run3ScoutingAnalysisTools/ScoutingTreeMakerRun3/python to tarball
DEBUG 2025-11-03 19:06:37.333 UTC: 	 Adding directory /afs/cern.ch/user/a/amalhotr/CMSSW_14_0_18_patch1/src/DataFormats/Scouting/interface to tarball
DEBUG 2025-11-03 19:06:37.358 UTC: 	 Adding directory /afs/cern.ch/user/a/amalhotr/CMSSW_14_0_18_patch1/src/Configuration/GenProduction/python to tarball
DEBUG 2025-11-03 19:06:37.460 UTC: 	 Uploading archive /afs/cern.ch/user/a/amalhotr/CMSSW_14_0_18_patch1/src/Run3ScoutingAnalysisTools/crab_ScoutingData_Redone_6mod10_v4/inputs/0af2bf03-da11-4d51-896b-256c0bf1b041default.tgz (489 KB) to the CRAB cache.
DEBUG 2025-11-03 19:06:37.751 UTC: 	 Encoded data for curl request: subresource=upload&objecttype=sandbox&tarballname=800c1be616a31ab43c0426420fa2a1a1027e84d1ca3e24748d11dc398374c2c4.tar.gz
DEBUG 2025-11-03 19:06:37.910 UTC: 	 Will execute:
curl -f -v -X POST  -H "User-Agent: CRAB" -F "key=amalhotr/sandboxes/800c1be616a31ab43c0426420fa2a1a1027e84d1ca3e24748d11dc398374c2c4.tar.gz" -F "AWSAccessKeyId=715203df6482458ba839e73e6dab634b" -F "policy=eyJleHBpcmF0aW9uIjogIjIwMjUtMTEtMDNUMjA6MDY6MzdaIiwgImNvbmRpdGlvbnMiOiBbeyJidWNrZXQiOiAiY3JhYmNhY2hlX3Byb2QifSwgeyJrZXkiOiAiYW1hbGhvdHIvc2FuZGJveGVzLzgwMGMxYmU2MTZhMzFhYjQzYzA0MjY0MjBmYTJhMWExMDI3ZTg0ZDFjYTNlMjQ3NDhkMTFkYzM5ODM3NGMyYzQudGFyLmd6In1dfQ==" -F "signature=5AtX3s5k4Vkm4wmgKdGot+HwQrI=" -F "file=@/afs/cern.ch/user/a/amalhotr/CMSSW_14_0_18_patch1/src/Run3ScoutingAnalysisTools/crab_ScoutingData_Redone_6mod10_v4/inputs/0af2bf03-da11-4d51-896b-256c0bf1b041default.tgz" "https://s3.cern.ch/crabcache_prod"
DEBUG 2025-11-03 19:06:38.030 UTC: 	 exitcode: 0
stdout: b''
DEBUG 2025-11-03 19:06:38.031 UTC: 	 upload to S3 of sandbox /afs/cern.ch/user/a/amalhotr/CMSSW_14_0_18_patch1/src/Run3ScoutingAnalysisTools/crab_ScoutingData_Redone_6mod10_v4/inputs/0af2bf03-da11-4d51-896b-256c0bf1b041default.tgz completed
DEBUG 2025-11-03 19:06:38.031 UTC: 	 make sure that object is ready for retrieve
DEBUG 2025-11-03 19:06:39.032 UTC: 	 Encoded data for curl request: subresource=download&objecttype=sandbox&tarballname=800c1be616a31ab43c0426420fa2a1a1027e84d1ca3e24748d11dc398374c2c4.tar.gz&clientmethod=head_object
DEBUG 2025-11-03 19:06:39.083 UTC: 	 PreSignedUrl to download sandbox received OK
DEBUG 2025-11-03 19:06:39.086 UTC: 	 Will execute:
 curl -v -s -f -o /dev/null --head  "https://s3.cern.ch/crabcache_prod/amalhotr/sandboxes/800c1be616a31ab43c0426420fa2a1a1027e84d1ca3e24748d11dc398374c2c4.tar.gz?AWSAccessKeyId=715203df6482458ba839e73e6dab634b&Signature=Z8Wa8UoNSCTj42RCivMvDBmGjdE%3D&Expires=1762200399"
DEBUG 2025-11-03 19:06:39.164 UTC: 	 exitcode: 0
stdout: b''
DEBUG 2025-11-03 19:06:39.164 UTC: 	 sandbox /afs/cern.ch/user/a/amalhotr/CMSSW_14_0_18_patch1/src/Run3ScoutingAnalysisTools/crab_ScoutingData_Redone_6mod10_v4/inputs/0af2bf03-da11-4d51-896b-256c0bf1b041default.tgz successfully uploaded to S3
DEBUG 2025-11-03 19:06:39.164 UTC: 	 Loading required information from the environment
DEBUG 2025-11-03 19:06:39.164 UTC: 	 Found CMSSW_14_0_18_patch1 for el9_amd64_gcc12 with base /afs/cern.ch/user/a/amalhotr/CMSSW_14_0_18_patch1
DEBUG 2025-11-03 19:06:39.164 UTC: 	 Making tarball in /afs/cern.ch/user/a/amalhotr/CMSSW_14_0_18_patch1/src/Run3ScoutingAnalysisTools/crab_ScoutingData_Redone_6mod10_v4/inputs/debugFiles.tgz
DEBUG 2025-11-03 19:06:39.183 UTC: 	 Uploading archive /afs/cern.ch/user/a/amalhotr/CMSSW_14_0_18_patch1/src/Run3ScoutingAnalysisTools/crab_ScoutingData_Redone_6mod10_v4/inputs/debugFiles.tgz (4 KB) to the CRAB cache.
DEBUG 2025-11-03 19:06:39.186 UTC: 	 Encoded data for curl request: subresource=upload&objecttype=sandbox&tarballname=3da882aa5c103e072d561c7202f303d0692fd1f194617ea1ea4e4510b03fbdb5.tar.gz
DEBUG 2025-11-03 19:06:39.237 UTC: 	 Will execute:
curl -f -v -X POST  -H "User-Agent: CRAB" -F "key=amalhotr/sandboxes/3da882aa5c103e072d561c7202f303d0692fd1f194617ea1ea4e4510b03fbdb5.tar.gz" -F "AWSAccessKeyId=715203df6482458ba839e73e6dab634b" -F "policy=eyJleHBpcmF0aW9uIjogIjIwMjUtMTEtMDNUMjA6MDY6MzlaIiwgImNvbmRpdGlvbnMiOiBbeyJidWNrZXQiOiAiY3JhYmNhY2hlX3Byb2QifSwgeyJrZXkiOiAiYW1hbGhvdHIvc2FuZGJveGVzLzNkYTg4MmFhNWMxMDNlMDcyZDU2MWM3MjAyZjMwM2QwNjkyZmQxZjE5NDYxN2VhMWVhNGU0NTEwYjAzZmJkYjUudGFyLmd6In1dfQ==" -F "signature=EQlGdUnVQHjUyaf0Y/grh/n5OEY=" -F "file=@/afs/cern.ch/user/a/amalhotr/CMSSW_14_0_18_patch1/src/Run3ScoutingAnalysisTools/crab_ScoutingData_Redone_6mod10_v4/inputs/debugFiles.tgz" "https://s3.cern.ch/crabcache_prod"
DEBUG 2025-11-03 19:06:39.324 UTC: 	 exitcode: 0
stdout: b''
DEBUG 2025-11-03 19:06:39.324 UTC: 	 upload to S3 of sandbox /afs/cern.ch/user/a/amalhotr/CMSSW_14_0_18_patch1/src/Run3ScoutingAnalysisTools/crab_ScoutingData_Redone_6mod10_v4/inputs/debugFiles.tgz completed
DEBUG 2025-11-03 19:06:39.324 UTC: 	 make sure that object is ready for retrieve
DEBUG 2025-11-03 19:06:40.325 UTC: 	 Encoded data for curl request: subresource=download&objecttype=sandbox&tarballname=3da882aa5c103e072d561c7202f303d0692fd1f194617ea1ea4e4510b03fbdb5.tar.gz&clientmethod=head_object
DEBUG 2025-11-03 19:06:40.382 UTC: 	 PreSignedUrl to download sandbox received OK
DEBUG 2025-11-03 19:06:40.386 UTC: 	 Will execute:
 curl -v -s -f -o /dev/null --head  "https://s3.cern.ch/crabcache_prod/amalhotr/sandboxes/3da882aa5c103e072d561c7202f303d0692fd1f194617ea1ea4e4510b03fbdb5.tar.gz?AWSAccessKeyId=715203df6482458ba839e73e6dab634b&Signature=qVaGfe%2Blw%2FzmuM%2B%2B2dhpq3bmY2c%3D&Expires=1762200400"
DEBUG 2025-11-03 19:06:40.424 UTC: 	 exitcode: 0
stdout: b''
DEBUG 2025-11-03 19:06:40.424 UTC: 	 sandbox /afs/cern.ch/user/a/amalhotr/CMSSW_14_0_18_patch1/src/Run3ScoutingAnalysisTools/crab_ScoutingData_Redone_6mod10_v4/inputs/debugFiles.tgz successfully uploaded to S3
DEBUG 2025-11-03 19:06:40.424 UTC: 	 Result uploading input files: 800c1be616a31ab43c0426420fa2a1a1027e84d1ca3e24748d11dc398374c2c4.tar.gz 
DEBUG 2025-11-03 19:06:40.425 UTC: 	 submit() - self.configuration from WMCore.Configuration import Configuration
config = Configuration()
config.section_('General')
config.General.requestName = 'ScoutingData_Redone_6mod10_v4'
config.General.transferLogs = True
config.General.transferOutputs = True
config.section_('JobType')
config.JobType.maxJobRuntimeMin = 2750
config.JobType.psetName = 'UnifiedScoutingVertexingTreeMaker.py'
config.JobType.pluginName = 'Analysis'
config.JobType.outputFiles = ['ScoutingTree_Output.root']
config.JobType.maxMemoryMB = 3000
config.section_('Data')
config.Data.splitting = 'FileBased'
config.Data.inputDBS = 'global'
config.Data.unitsPerJob = 2
config.Data.outputDatasetTag = 'ScoutingData_Redone_6mod10_v4'
config.Data.allowNonValidInputDataset = True
config.Data.inputDataset = '/ScoutingPFRun3/Run2024H-v1/HLTSCOUT'
config.Data.publication = False
config.section_('Site')
config.Site.storageSite = 'T3_CH_CERNBOX'
config.section_('User')
config.section_('Debug')

DEBUG 2025-11-03 19:06:40.425 UTC: 	 submit() - self.configreq {'dryrun': 0, 'workflow': 'crab_ScoutingData_Redone_6mod10_v4', 'saveoutput': 1, 'savelogsflag': 1, 'inputdata': '/ScoutingPFRun3/Run2024H-v1/HLTSCOUT', 'nonvaliddata': 1, 'userfiles': [], 'dbsurl': 'https://cmsweb.cern.ch/dbs/prod/global/DBSReader', 'useparent': 0, 'ignorelocality': 0, 'splitalgo': 'FileBased', 'algoargs': 2, 'totalunits': 0, 'publication': 0, 'publishdbsurl': 'https://cmsweb.cern.ch/dbs/prod/phys03/DBSWriter', 'publishname2': 'ScoutingData_Redone_6mod10_v4', 'jobtype': 'Analysis', 'generator': 'pythia', 'addoutputfiles': ['ScoutingTree_Output.root'], 'maxjobruntime': 2750, 'numcores': 1, 'maxmemory': 3000, 'priority': 10, 'nonprodsw': 0, 'asyncdest': 'T3_CH_CERNBOX', 'requireaccelerator': 0, 'oneEventMode': 0, 'extrajdl': [], 'ignoreglobalblacklist': 0, 'partialdataset': 0, 'inputblocks': []}
DEBUG 2025-11-03 19:06:40.425 UTC: 	 submit() - jobconfig {'addoutputfiles': [], 'tfileoutfiles': ['ScoutingTree_Output.root'], 'edmoutfiles': [], 'jobarch': 'el9_amd64_gcc12', 'jobminuarch': 'any', 'jobsw': 'CMSSW_14_0_18_patch1', 'inputdata': '/ScoutingPFRun3/Run2024H-v1/HLTSCOUT', 'cachefilename': '800c1be616a31ab43c0426420fa2a1a1027e84d1ca3e24748d11dc398374c2c4.tar.gz', 'debugfilename': '3da882aa5c103e072d561c7202f303d0692fd1f194617ea1ea4e4510b03fbdb5.tar.gz', 'jobtype': 'Analysis'}
INFO 2025-11-03 19:06:40.425 UTC: 	 Sending the request to the server at cmsweb.cern.ch
DEBUG 2025-11-03 19:06:40.425 UTC: 	 Submitting {'dryrun': 0, 'workflow': 'crab_ScoutingData_Redone_6mod10_v4', 'saveoutput': 1, 'savelogsflag': 1, 'inputdata': '/ScoutingPFRun3/Run2024H-v1/HLTSCOUT', 'nonvaliddata': 1, 'userfiles': [], 'dbsurl': 'https://cmsweb.cern.ch/dbs/prod/global/DBSReader', 'useparent': 0, 'ignorelocality': 0, 'splitalgo': 'FileBased', 'algoargs': 2, 'totalunits': 0, 'publication': 0, 'publishdbsurl': 'https://cmsweb.cern.ch/dbs/prod/phys03/DBSWriter', 'publishname2': 'ScoutingData_Redone_6mod10_v4', 'jobtype': 'Analysis', 'generator': 'pythia', 'addoutputfiles': [], 'maxjobruntime': 2750, 'numcores': 1, 'maxmemory': 3000, 'priority': 10, 'nonprodsw': 0, 'asyncdest': 'T3_CH_CERNBOX', 'requireaccelerator': 0, 'oneEventMode': 0, 'extrajdl': [], 'ignoreglobalblacklist': 0, 'partialdataset': 0, 'inputblocks': [], 'tfileoutfiles': ['ScoutingTree_Output.root'], 'edmoutfiles': [], 'jobarch': 'el9_amd64_gcc12', 'jobminuarch': 'any', 'jobsw': 'CMSSW_14_0_18_patch1', 'cachefilename': '800c1be616a31ab43c0426420fa2a1a1027e84d1ca3e24748d11dc398374c2c4.tar.gz', 'debugfilename': '3da882aa5c103e072d561c7202f303d0692fd1f194617ea1ea4e4510b03fbdb5.tar.gz'} 
DEBUG 2025-11-03 19:06:40.425 UTC: 	 Encoded data for curl request: dryrun=0&workflow=crab_ScoutingData_Redone_6mod10_v4&saveoutput=1&savelogsflag=1&inputdata=%2FScoutingPFRun3%2FRun2024H-v1%2FHLTSCOUT&nonvaliddata=1&dbsurl=https%3A%2F%2Fcmsweb.cern.ch%2Fdbs%2Fprod%2Fglobal%2FDBSReader&useparent=0&ignorelocality=0&splitalgo=FileBased&algoargs=2&totalunits=0&publication=0&publishdbsurl=https%3A%2F%2Fcmsweb.cern.ch%2Fdbs%2Fprod%2Fphys03%2FDBSWriter&publishname2=ScoutingData_Redone_6mod10_v4&jobtype=Analysis&generator=pythia&maxjobruntime=2750&numcores=1&maxmemory=3000&priority=10&nonprodsw=0&asyncdest=T3_CH_CERNBOX&requireaccelerator=0&oneEventMode=0&ignoreglobalblacklist=0&partialdataset=0&jobarch=el9_amd64_gcc12&jobminuarch=any&jobsw=CMSSW_14_0_18_patch1&cachefilename=800c1be616a31ab43c0426420fa2a1a1027e84d1ca3e24748d11dc398374c2c4.tar.gz&debugfilename=3da882aa5c103e072d561c7202f303d0692fd1f194617ea1ea4e4510b03fbdb5.tar.gz&tfileoutfiles=ScoutingTree_Output.root
DEBUG 2025-11-03 19:06:40.500 UTC: 	 Result: {'result': [{'RequestName': '251103_190640:amalhotr_crab_ScoutingData_Redone_6mod10_v4'}]}
INFO 2025-11-03 19:06:40.519 UTC: 	 Success: Your task has been delivered to the prod CRAB3 server.
INFO 2025-11-03 19:06:40.519 UTC: 	 Task name: 251103_190640:amalhotr_crab_ScoutingData_Redone_6mod10_v4
INFO 2025-11-03 19:06:40.519 UTC: 	 Project dir: ./crab_ScoutingData_Redone_6mod10_v4
INFO 2025-11-03 19:06:40.519 UTC: 	 Please use ' crab status -d ./crab_ScoutingData_Redone_6mod10_v4 ' to check how the submission process proceeds.
DEBUG 2025-11-03 19:06:40.519 UTC: 	 About to return
INFO 2025-11-03 19:06:40.525 UTC: 	 Log file is /afs/cern.ch/user/a/amalhotr/CMSSW_14_0_18_patch1/src/Run3ScoutingAnalysisTools/crab_ScoutingData_Redone_6mod10_v4/crab.log
DEBUG 2025-11-04 18:12:14.171 UTC: 	 CRAB Client version: v3.251020
DEBUG 2025-11-04 18:12:14.171 UTC: 	 Running on: Linux lxplus969.cern.ch 5.14.0-570.49.1.el9_6.x86_64 #1 SMP PREEMPT_DYNAMIC Tue Sep 23 01:11:18 EDT 2025 x86_64 x86_64 x86_64 GNU/Linux
DEBUG 2025-11-04 18:12:14.171 UTC: 	 Not using Singularity
DEBUG 2025-11-04 18:12:14.171 UTC: 	 Operating System: Red Hat Enterprise Linux 9.6 (Plow)
DEBUG 2025-11-04 18:12:14.171 UTC: 	 Executing command: 'kill'
DEBUG 2025-11-04 18:12:14.171 UTC: 	 Found CRAB cache file /afs/cern.ch/user/a/amalhotr/.crab3
DEBUG 2025-11-04 18:12:14.268 UTC: 	 Checking credentials
DEBUG 2025-11-04 18:12:14.268 UTC: 	 Found proxy file /tmp/x509up_u180451
DEBUG 2025-11-04 18:12:14.268 UTC: 	 Making sure it has proper VOMS extension
DEBUG 2025-11-04 18:12:14.268 UTC: 	 Executing command :
 voms-proxy-info --vo --file /tmp/x509up_u180451
DEBUG 2025-11-04 18:12:14.295 UTC: 	 output : cms

 error: 
 retcode : 0
DEBUG 2025-11-04 18:12:14.296 UTC: 	 Getting proxy life time left
DEBUG 2025-11-04 18:12:14.296 UTC: 	 Executing command :
 voms-proxy-info --actimeleft --timeleft --file /tmp/x509up_u180451
DEBUG 2025-11-04 18:12:14.322 UTC: 	 output : 689727
689727

 error: 
 retcode : 0
DEBUG 2025-11-04 18:12:14.322 UTC: 	 Proxy valid for 191:35:27 hours
DEBUG 2025-11-04 18:12:14.323 UTC: 	 Encoded data for curl request: subresource=delegatedn
DEBUG 2025-11-04 18:12:14.372 UTC: 	 Registering user credentials on myproxy for /DC=ch/DC=cern/OU=Organic Units/OU=Users/CN=cmscrab/CN=(817881|373708)/CN=Robot: cms crab|/DC=ch/DC=cern/OU=Organic Units/OU=Users/CN=crabint1/CN=373708/CN=Robot: CMS CRAB Integration 1
DEBUG 2025-11-04 18:12:14.373 UTC: 	 Executing command :
 voms-proxy-info --identity --file /tmp/x509up_u180451
DEBUG 2025-11-04 18:12:14.402 UTC: 	 output : /DC=ch/DC=cern/OU=Organic Units/OU=Users/CN=amalhotr/CN=884837/CN=Aryan Malhotra

 error: 
 retcode : 0
DEBUG 2025-11-04 18:12:14.402 UTC: 	 Getting myproxy life time left for 2382a3cf28fdeacb1de9b039908761ea517a5ed6
DEBUG 2025-11-04 18:12:14.402 UTC: 	 Executing command :
 myproxy-info -s myproxy.cern.ch -l 2382a3cf28fdeacb1de9b039908761ea517a5ed6
DEBUG 2025-11-04 18:12:14.699 UTC: 	 output : username: 2382a3cf28fdeacb1de9b039908761ea517a5ed6
owner: /DC=ch/DC=cern/OU=Organic Units/OU=Users/CN=amalhotr/CN=884837/CN=Aryan Malhotra
  renewal policy: /DC=ch/DC=cern/OU=Organic Units/OU=Users/CN=cmscrab/CN=(817881|373708)/CN=Robot: cms crab|/DC=ch/DC=cern/OU=Organic Units/OU=Users/CN=crabint1/CN=373708/CN=Robot: CMS CRAB Integration 1
  trusted retrieval policy: /DC=ch/DC=cern/OU=Organic Units/OU=Users/CN=cmscrab/CN=(817881|373708)/CN=Robot: cms crab|/DC=ch/DC=cern/OU=Organic Units/OU=Users/CN=crabint1/CN=373708/CN=Robot: CMS CRAB Integration 1
  timeleft: 580:37:01  (24.2 days)

 error: 
 retcode : 0
DEBUG 2025-11-04 18:12:14.699 UTC: 	 Myproxy is valid: 2090220
DEBUG 2025-11-04 18:12:14.699 UTC: 	 Result of myproxy credential check:
  Credential exists on myproxy: username: 2382a3cf28fdeacb1de9b039908761ea517a5ed6  - validity: 24 days, 4:37:00
DEBUG 2025-11-04 18:12:14.699 UTC: 	 Command use: kill
DEBUG 2025-11-04 18:12:14.699 UTC: 	 Options use: ['-d', 'crab_ScoutingData_Redone_6mod10_v4']
DEBUG 2025-11-04 18:12:14.699 UTC: 	 Encoded data for curl request: subresource=version
DEBUG 2025-11-04 18:12:14.752 UTC: 	 CRABClient version: v3.251020
DEBUG 2025-11-04 18:12:14.753 UTC: 	 Instance is prod
DEBUG 2025-11-04 18:12:14.753 UTC: 	 Server base url is cmsweb.cern.ch
DEBUG 2025-11-04 18:12:14.753 UTC: 	 Command api workflow
DEBUG 2025-11-04 18:12:14.753 UTC: 	 Killing task 251103_190640:amalhotr_crab_ScoutingData_Redone_6mod10_v4
DEBUG 2025-11-04 18:12:14.753 UTC: 	 Encoded data for curl request: workflow=251103_190640%3Aamalhotr_crab_ScoutingData_Redone_6mod10_v4
DEBUG 2025-11-04 18:12:14.806 UTC: 	 Result: {'desc': {'columns': ['tm_taskname', 'tm_task_status', 'tm_task_command', 'tm_user_role', 'tm_user_group', 'tm_task_failure', 'tm_split_algo', 'tm_split_args', 'tm_save_logs', 'tm_username', 'tm_user_dn', 'tm_arguments', 'tm_input_dataset', 'tm_dbs_url', 'tm_task_warnings', 'tm_publication', 'tm_user_webdir', 'tm_output_dataset', 'tm_collector', 'tm_schedd', 'tm_dry_run', 'clusterid', 'tm_start_time', 'tw_name', 'tm_dagman_status', 'tm_num_jobs', 'tm_uploaded']}, 'result': [{'result': 'ok'}]}
INFO 2025-11-04 18:12:14.806 UTC: 	 Kill request successfully sent
INFO 2025-11-04 18:12:14.993 UTC: 	 Log file is /afs/cern.ch/user/a/amalhotr/CMSSW_14_0_18_patch1/src/Run3ScoutingAnalysisTools/crab_ScoutingData_Redone_6mod10_v4/crab.log
