DEBUG 2025-05-22 20:48:33.128 UTC: 	 CRAB Client version: v3.250409
DEBUG 2025-05-22 20:48:33.128 UTC: 	 Running on: Linux lxplus978.cern.ch 5.14.0-503.34.1.el9_5.x86_64 #1 SMP PREEMPT_DYNAMIC Mon Mar 17 21:49:47 EDT 2025 x86_64 x86_64 x86_64 GNU/Linux
DEBUG 2025-05-22 20:48:33.129 UTC: 	 Not using Singularity
DEBUG 2025-05-22 20:48:33.129 UTC: 	 Operating System: Red Hat Enterprise Linux 9.6 (Plow)
DEBUG 2025-05-22 20:48:33.129 UTC: 	 Executing command: 'submit'
DEBUG 2025-05-22 20:48:33.129 UTC: 	 Found CRAB cache file /afs/cern.ch/user/a/amalhotr/.crab3
INFO 2025-05-22 20:48:33.129 UTC: 	 Will use CRAB configuration file chainedCrabConfig.py
DEBUG 2025-05-22 20:48:33.129 UTC: 	 Loading CRAB configuration file.
DEBUG 2025-05-22 20:48:33.285 UTC: 	 Will use CRAB plugin ANALYSIS (i.e. will run an analysis job type).
DEBUG 2025-05-22 20:48:33.417 UTC: 	 Checking credentials
DEBUG 2025-05-22 20:48:33.417 UTC: 	 Found proxy file /tmp/x509up_u180451
DEBUG 2025-05-22 20:48:33.417 UTC: 	 Making sure it has proper VOMS extension
DEBUG 2025-05-22 20:48:33.417 UTC: 	 Executing command :
 voms-proxy-info --vo --file /tmp/x509up_u180451
DEBUG 2025-05-22 20:48:33.785 UTC: 	 output : cms

 error: 
 retcode : 0
DEBUG 2025-05-22 20:48:33.785 UTC: 	 Getting proxy life time left
DEBUG 2025-05-22 20:48:33.785 UTC: 	 Executing command :
 voms-proxy-info --actimeleft --timeleft --file /tmp/x509up_u180451
DEBUG 2025-05-22 20:48:34.144 UTC: 	 output : 682813
682812

 error: 
 retcode : 0
DEBUG 2025-05-22 20:48:34.145 UTC: 	 Proxy valid for 189:40:12 hours
DEBUG 2025-05-22 20:48:34.145 UTC: 	 Encoded data for curl request: subresource=delegatedn
DEBUG 2025-05-22 20:48:34.192 UTC: 	 Registering user credentials on myproxy for /DC=ch/DC=cern/OU=computers/CN=crab-(preprod|prod)-tw(01|02).cern.ch|/DC=ch/DC=cern/OU=computers/CN=crab-dev-tw(01|02|03|04).cern.ch|/DC=ch/DC=cern/OU=Organic Units/OU=Users/CN=cmscrab/CN=(817881|373708)/CN=Robot: cms crab|/DC=ch/DC=cern/OU=Organic Units/OU=Users/CN=crabint1/CN=373708/CN=Robot: CMS CRAB Integration 1
DEBUG 2025-05-22 20:48:34.193 UTC: 	 Executing command :
 voms-proxy-info --identity --file /tmp/x509up_u180451
DEBUG 2025-05-22 20:48:34.570 UTC: 	 output : /DC=ch/DC=cern/OU=Organic Units/OU=Users/CN=amalhotr/CN=884837/CN=Aryan Malhotra

 error: 
 retcode : 0
DEBUG 2025-05-22 20:48:34.571 UTC: 	 Getting myproxy life time left for 2382a3cf28fdeacb1de9b039908761ea517a5ed6
DEBUG 2025-05-22 20:48:34.571 UTC: 	 Executing command :
 myproxy-info -s myproxy.cern.ch -l 2382a3cf28fdeacb1de9b039908761ea517a5ed6
DEBUG 2025-05-22 20:48:34.871 UTC: 	 output : username: 2382a3cf28fdeacb1de9b039908761ea517a5ed6
owner: /DC=ch/DC=cern/OU=Organic Units/OU=Users/CN=amalhotr/CN=884837/CN=Aryan Malhotra
  renewal policy: /DC=ch/DC=cern/OU=computers/CN=crab-(preprod|prod)-tw(01|02).cern.ch|/DC=ch/DC=cern/OU=computers/CN=crab-dev-tw(01|02|03|04).cern.ch|/DC=ch/DC=cern/OU=Organic Units/OU=Users/CN=cmscrab/CN=(817881|373708)/CN=Robot: cms crab|/DC=ch/DC=cern/OU=Organic Units/OU=Users/CN=crabint1/CN=373708/CN=Robot: CMS CRAB Integration 1
  trusted retrieval policy: /DC=ch/DC=cern/OU=computers/CN=crab-(preprod|prod)-tw(01|02).cern.ch|/DC=ch/DC=cern/OU=computers/CN=crab-dev-tw(01|02|03|04).cern.ch|/DC=ch/DC=cern/OU=Organic Units/OU=Users/CN=cmscrab/CN=(817881|373708)/CN=Robot: cms crab|/DC=ch/DC=cern/OU=Organic Units/OU=Users/CN=crabint1/CN=373708/CN=Robot: CMS CRAB Integration 1
  timeleft: 538:04:59  (22.4 days)

 error: 
 retcode : 0
DEBUG 2025-05-22 20:48:34.871 UTC: 	 Myproxy is valid: 1937040
DEBUG 2025-05-22 20:48:34.871 UTC: 	 Result of myproxy credential check:
  Credential exists on myproxy: username: 2382a3cf28fdeacb1de9b039908761ea517a5ed6  - validity: 22 days, 10:04:00
DEBUG 2025-05-22 20:48:34.871 UTC: 	 Command use: submit
DEBUG 2025-05-22 20:48:34.871 UTC: 	 Options use: ['-c', 'chainedCrabConfig.py']
DEBUG 2025-05-22 20:48:34.871 UTC: 	 Encoded data for curl request: subresource=version
DEBUG 2025-05-22 20:48:34.915 UTC: 	 CRABClient version: v3.250409
DEBUG 2025-05-22 20:48:34.915 UTC: 	 Instance is prod
DEBUG 2025-05-22 20:48:34.915 UTC: 	 Server base url is cmsweb.cern.ch
DEBUG 2025-05-22 20:48:34.915 UTC: 	 Command api workflow
DEBUG 2025-05-22 20:48:34.915 UTC: 	 Started submission
DEBUG 2025-05-22 20:48:34.915 UTC: 	 Working on /afs/cern.ch/user/a/amalhotr/CMSSW_14_0_18_patch1/src/Run3ScoutingAnalysisTools/crab_RealData_noLFNDirectory_All_LumiBased_v1
DEBUG 2025-05-22 20:48:34.916 UTC: 	 Encoded data for curl request: subresource=backendurls
DEBUG 2025-05-22 20:48:34.985 UTC: 	 Loading required information from the environment
DEBUG 2025-05-22 20:48:34.985 UTC: 	 Found CMSSW_14_0_18_patch1 for el9_amd64_gcc12 with base /afs/cern.ch/user/a/amalhotr/CMSSW_14_0_18_patch1
DEBUG 2025-05-22 20:48:34.985 UTC: 	 Loading required information from the environment
DEBUG 2025-05-22 20:48:34.985 UTC: 	 Found CMSSW_14_0_18_patch1 for el9_amd64_gcc12 with base /afs/cern.ch/user/a/amalhotr/CMSSW_14_0_18_patch1
DEBUG 2025-05-22 20:48:34.985 UTC: 	 UNIQUE NAME: tarUUID ad825544-e867-4197-b829-2f2a582a5fef 
DEBUG 2025-05-22 20:48:34.985 UTC: 	 self.config: from WMCore.Configuration import Configuration
config = Configuration()
config.section_('General')
config.General.requestName = 'RealData_noLFNDirectory_All_LumiBased_v1'
config.General.transferOutputs = True
config.General.transferLogs = True
config.section_('JobType')
config.JobType.psetName = 'UnifiedScoutingVertexingTreeMaker.py'
config.JobType.pluginName = 'Analysis'
config.section_('Data')
config.Data.publication = False
config.Data.inputDBS = 'global'
config.Data.allowNonValidInputDataset = True
config.Data.outputDatasetTag = 'RealData_noLFNDirectory_All_LumiBased_v1'
config.Data.unitsPerJob = 2000
config.Data.splitting = 'LumiBased'
config.Data.inputDataset = '/ScoutingPFRun3/Run2024H-v1/HLTSCOUT'
config.section_('Site')
config.Site.storageSite = 'T3_CH_CERNBOX'
config.section_('User')
config.section_('Debug')

DEBUG 2025-05-22 20:48:34.985 UTC: 	 self.config.JobType.psetName: UnifiedScoutingVertexingTreeMaker.py
INFO 2025-05-22 20:48:34.985 UTC: 	 Importing CMSSW configuration UnifiedScoutingVertexingTreeMaker.py
INFO 2025-05-22 20:48:35.764 UTC: 	 Finished importing CMSSW configuration UnifiedScoutingVertexingTreeMaker.py
DEBUG 2025-05-22 20:48:35.764 UTC: 	 Writing CMSSW configuration to /afs/cern.ch/user/a/amalhotr/CMSSW_14_0_18_patch1/src/Run3ScoutingAnalysisTools/crab_RealData_noLFNDirectory_All_LumiBased_v1/inputs/PSet.py
DEBUG 2025-05-22 20:48:35.969 UTC: 	 The following EDM output files will be collected: []
DEBUG 2025-05-22 20:48:35.969 UTC: 	 The following TFile output files will be collected: ['DY2M_ScoutingTree_Output.root']
DEBUG 2025-05-22 20:48:35.969 UTC: 	 The following user output files (not listed as PoolOuputModule or TFileService in the CMSSW PSet) will be collected: 
DEBUG 2025-05-22 20:48:35.969 UTC: 	 Loading required information from the environment
DEBUG 2025-05-22 20:48:35.969 UTC: 	 Found CMSSW_14_0_18_patch1 for el9_amd64_gcc12 with base /afs/cern.ch/user/a/amalhotr/CMSSW_14_0_18_patch1
DEBUG 2025-05-22 20:48:35.969 UTC: 	 Making tarball in /afs/cern.ch/user/a/amalhotr/CMSSW_14_0_18_patch1/src/Run3ScoutingAnalysisTools/crab_RealData_noLFNDirectory_All_LumiBased_v1/inputs/ad825544-e867-4197-b829-2f2a582a5fefdefault.tgz
DEBUG 2025-05-22 20:48:35.984 UTC: 	 Checking directory /afs/cern.ch/user/a/amalhotr/CMSSW_14_0_18_patch1/bin
DEBUG 2025-05-22 20:48:35.984 UTC: 	 Adding directory /afs/cern.ch/user/a/amalhotr/CMSSW_14_0_18_patch1/bin to tarball
DEBUG 2025-05-22 20:48:35.992 UTC: 	 Checking directory /afs/cern.ch/user/a/amalhotr/CMSSW_14_0_18_patch1/python
DEBUG 2025-05-22 20:48:35.992 UTC: 	 Adding directory /afs/cern.ch/user/a/amalhotr/CMSSW_14_0_18_patch1/python to tarball
DEBUG 2025-05-22 20:48:38.659 UTC: 	 Checking directory /afs/cern.ch/user/a/amalhotr/CMSSW_14_0_18_patch1/cfipython
DEBUG 2025-05-22 20:48:38.659 UTC: 	 Adding directory /afs/cern.ch/user/a/amalhotr/CMSSW_14_0_18_patch1/cfipython to tarball
DEBUG 2025-05-22 20:48:39.056 UTC: 	 Checking directory /afs/cern.ch/user/a/amalhotr/CMSSW_14_0_18_patch1/lib
DEBUG 2025-05-22 20:48:39.057 UTC: 	 Adding directory /afs/cern.ch/user/a/amalhotr/CMSSW_14_0_18_patch1/lib to tarball
DEBUG 2025-05-22 20:48:39.594 UTC: 	 Checking directory /afs/cern.ch/user/a/amalhotr/CMSSW_14_0_18_patch1/biglib
DEBUG 2025-05-22 20:48:39.594 UTC: 	 Adding directory /afs/cern.ch/user/a/amalhotr/CMSSW_14_0_18_patch1/biglib to tarball
DEBUG 2025-05-22 20:48:39.597 UTC: 	 Checking directory /afs/cern.ch/user/a/amalhotr/CMSSW_14_0_18_patch1/module
DEBUG 2025-05-22 20:48:39.597 UTC: 	 Checking directory /afs/cern.ch/user/a/amalhotr/CMSSW_14_0_18_patch1/config/SCRAM/hooks
DEBUG 2025-05-22 20:48:39.631 UTC: 	 Adding directory /afs/cern.ch/user/a/amalhotr/CMSSW_14_0_18_patch1/config/SCRAM/hooks to tarball
DEBUG 2025-05-22 20:48:40.290 UTC: 	 Adding directory /afs/cern.ch/user/a/amalhotr/CMSSW_14_0_18_patch1/src/Run3ScoutingAnalysisTools/DataFormats/Scouting/interface to tarball
DEBUG 2025-05-22 20:48:40.421 UTC: 	 Adding directory /afs/cern.ch/user/a/amalhotr/CMSSW_14_0_18_patch1/src/Run3ScoutingAnalysisTools/ScoutingTreeMakerRun3/python to tarball
DEBUG 2025-05-22 20:48:40.541 UTC: 	 Adding directory /afs/cern.ch/user/a/amalhotr/CMSSW_14_0_18_patch1/src/DataFormats/Scouting/interface to tarball
DEBUG 2025-05-22 20:48:40.734 UTC: 	 Adding directory /afs/cern.ch/user/a/amalhotr/CMSSW_14_0_18_patch1/src/Configuration/GenProduction/python to tarball
DEBUG 2025-05-22 20:48:40.861 UTC: 	 Uploading archive /afs/cern.ch/user/a/amalhotr/CMSSW_14_0_18_patch1/src/Run3ScoutingAnalysisTools/crab_RealData_noLFNDirectory_All_LumiBased_v1/inputs/ad825544-e867-4197-b829-2f2a582a5fefdefault.tgz (441 KB) to the CRAB cache. Using URI https://cmsweb.cern.ch/S3/crabcache_prod
DEBUG 2025-05-22 20:48:41.025 UTC: 	 Encoded data for curl request: subresource=upload&objecttype=sandbox&tarballname=d21f38256e1fe46602fc5ab345ac679fe51bb1d6f3238f49bc29f5d2ba4ab61e.tar.gz
DEBUG 2025-05-22 20:48:41.087 UTC: 	 sandbox d21f38256e1fe46602fc5ab345ac679fe51bb1d6f3238f49bc29f5d2ba4ab61e.tar.gz is already in the S3 store, will not upload again
DEBUG 2025-05-22 20:48:41.087 UTC: 	 Loading required information from the environment
DEBUG 2025-05-22 20:48:41.087 UTC: 	 Found CMSSW_14_0_18_patch1 for el9_amd64_gcc12 with base /afs/cern.ch/user/a/amalhotr/CMSSW_14_0_18_patch1
DEBUG 2025-05-22 20:48:41.087 UTC: 	 Making tarball in /afs/cern.ch/user/a/amalhotr/CMSSW_14_0_18_patch1/src/Run3ScoutingAnalysisTools/crab_RealData_noLFNDirectory_All_LumiBased_v1/inputs/debugFiles.tgz
DEBUG 2025-05-22 20:48:41.095 UTC: 	 Uploading archive /afs/cern.ch/user/a/amalhotr/CMSSW_14_0_18_patch1/src/Run3ScoutingAnalysisTools/crab_RealData_noLFNDirectory_All_LumiBased_v1/inputs/debugFiles.tgz (3 KB) to the CRAB cache. Using URI https://cmsweb.cern.ch/S3/crabcache_prod
DEBUG 2025-05-22 20:48:41.097 UTC: 	 Encoded data for curl request: subresource=upload&objecttype=sandbox&tarballname=15b57cfb1e4032afcb9a90e008afda43f3f1d2e87a3bee9f338450fa24b3c48a.tar.gz
DEBUG 2025-05-22 20:48:41.151 UTC: 	 Will execute:
curl -f -v -X POST  -H "User-Agent: CRAB" -F "key=amalhotr/sandboxes/15b57cfb1e4032afcb9a90e008afda43f3f1d2e87a3bee9f338450fa24b3c48a.tar.gz" -F "AWSAccessKeyId=715203df6482458ba839e73e6dab634b" -F "policy=eyJleHBpcmF0aW9uIjogIjIwMjUtMDUtMjJUMjE6NDg6NDFaIiwgImNvbmRpdGlvbnMiOiBbeyJidWNrZXQiOiAiY3JhYmNhY2hlX3Byb2QifSwgeyJrZXkiOiAiYW1hbGhvdHIvc2FuZGJveGVzLzE1YjU3Y2ZiMWU0MDMyYWZjYjlhOTBlMDA4YWZkYTQzZjNmMWQyZTg3YTNiZWU5ZjMzODQ1MGZhMjRiM2M0OGEudGFyLmd6In1dfQ==" -F "signature=f2zX4PkZt/xewWcaSlZvy4jBnZU=" -F "file=@/afs/cern.ch/user/a/amalhotr/CMSSW_14_0_18_patch1/src/Run3ScoutingAnalysisTools/crab_RealData_noLFNDirectory_All_LumiBased_v1/inputs/debugFiles.tgz" "https://s3.cern.ch/crabcache_prod"
DEBUG 2025-05-22 20:48:41.189 UTC: 	 exitcode: 0
stdout: b''
DEBUG 2025-05-22 20:48:41.189 UTC: 	 upload to S3 of sandbox /afs/cern.ch/user/a/amalhotr/CMSSW_14_0_18_patch1/src/Run3ScoutingAnalysisTools/crab_RealData_noLFNDirectory_All_LumiBased_v1/inputs/debugFiles.tgz completed
DEBUG 2025-05-22 20:48:41.189 UTC: 	 make sure that object is ready for retrieve
DEBUG 2025-05-22 20:48:42.191 UTC: 	 Encoded data for curl request: subresource=download&objecttype=sandbox&tarballname=15b57cfb1e4032afcb9a90e008afda43f3f1d2e87a3bee9f338450fa24b3c48a.tar.gz&clientmethod=head_object
DEBUG 2025-05-22 20:48:42.247 UTC: 	 PreSignedUrl to download sandbox received OK
DEBUG 2025-05-22 20:48:42.250 UTC: 	 Will execute:
 curl -v -s -f -o /dev/null --head  "https://s3.cern.ch/crabcache_prod/amalhotr/sandboxes/15b57cfb1e4032afcb9a90e008afda43f3f1d2e87a3bee9f338450fa24b3c48a.tar.gz?AWSAccessKeyId=715203df6482458ba839e73e6dab634b&Signature=sEruGshmc%2B99yOBB2jmdzvob%2FTE%3D&Expires=1747950522"
DEBUG 2025-05-22 20:48:42.300 UTC: 	 exitcode: 0
stdout: b''
DEBUG 2025-05-22 20:48:42.300 UTC: 	 sandbox /afs/cern.ch/user/a/amalhotr/CMSSW_14_0_18_patch1/src/Run3ScoutingAnalysisTools/crab_RealData_noLFNDirectory_All_LumiBased_v1/inputs/debugFiles.tgz successfully uploaded to S3
DEBUG 2025-05-22 20:48:42.300 UTC: 	 Result uploading input files: d21f38256e1fe46602fc5ab345ac679fe51bb1d6f3238f49bc29f5d2ba4ab61e.tar.gz 
DEBUG 2025-05-22 20:48:42.301 UTC: 	 submit() - self.configuration from WMCore.Configuration import Configuration
config = Configuration()
config.section_('General')
config.General.requestName = 'RealData_noLFNDirectory_All_LumiBased_v1'
config.General.transferOutputs = True
config.General.transferLogs = True
config.section_('JobType')
config.JobType.psetName = 'UnifiedScoutingVertexingTreeMaker.py'
config.JobType.pluginName = 'Analysis'
config.section_('Data')
config.Data.publication = False
config.Data.inputDBS = 'global'
config.Data.allowNonValidInputDataset = True
config.Data.outputDatasetTag = 'RealData_noLFNDirectory_All_LumiBased_v1'
config.Data.unitsPerJob = 2000
config.Data.splitting = 'LumiBased'
config.Data.inputDataset = '/ScoutingPFRun3/Run2024H-v1/HLTSCOUT'
config.section_('Site')
config.Site.storageSite = 'T3_CH_CERNBOX'
config.section_('User')
config.section_('Debug')

DEBUG 2025-05-22 20:48:42.301 UTC: 	 submit() - self.configreq {'dryrun': 0, 'workflow': 'crab_RealData_noLFNDirectory_All_LumiBased_v1', 'saveoutput': 1, 'savelogsflag': 1, 'inputdata': '/ScoutingPFRun3/Run2024H-v1/HLTSCOUT', 'nonvaliddata': 1, 'userfiles': [], 'dbsurl': 'https://cmsweb.cern.ch/dbs/prod/global/DBSReader', 'useparent': 0, 'ignorelocality': 0, 'splitalgo': 'LumiBased', 'algoargs': 2000, 'totalunits': 0, 'publication': 0, 'publishdbsurl': 'https://cmsweb.cern.ch/dbs/prod/phys03/DBSWriter', 'publishname2': 'RealData_noLFNDirectory_All_LumiBased_v1', 'jobtype': 'Analysis', 'generator': 'pythia', 'addoutputfiles': [], 'maxjobruntime': 1250, 'numcores': 1, 'maxmemory': 2000, 'priority': 10, 'nonprodsw': 0, 'asyncdest': 'T3_CH_CERNBOX', 'requireaccelerator': 0, 'oneEventMode': 0, 'extrajdl': [], 'ignoreglobalblacklist': 0, 'partialdataset': 0, 'inputblocks': []}
DEBUG 2025-05-22 20:48:42.301 UTC: 	 submit() - jobconfig {'addoutputfiles': [], 'tfileoutfiles': ['DY2M_ScoutingTree_Output.root'], 'edmoutfiles': [], 'jobarch': 'el9_amd64_gcc12', 'jobminuarch': 'any', 'jobsw': 'CMSSW_14_0_18_patch1', 'inputdata': '/ScoutingPFRun3/Run2024H-v1/HLTSCOUT', 'cacheurl': 'https://cmsweb.cern.ch/S3/crabcache_prod', 'cachefilename': 'd21f38256e1fe46602fc5ab345ac679fe51bb1d6f3238f49bc29f5d2ba4ab61e.tar.gz', 'debugfilename': '15b57cfb1e4032afcb9a90e008afda43f3f1d2e87a3bee9f338450fa24b3c48a.tar.gz', 'jobtype': 'Analysis'}
INFO 2025-05-22 20:48:42.301 UTC: 	 Sending the request to the server at cmsweb.cern.ch
DEBUG 2025-05-22 20:48:42.301 UTC: 	 Submitting {'dryrun': 0, 'workflow': 'crab_RealData_noLFNDirectory_All_LumiBased_v1', 'saveoutput': 1, 'savelogsflag': 1, 'inputdata': '/ScoutingPFRun3/Run2024H-v1/HLTSCOUT', 'nonvaliddata': 1, 'userfiles': [], 'dbsurl': 'https://cmsweb.cern.ch/dbs/prod/global/DBSReader', 'useparent': 0, 'ignorelocality': 0, 'splitalgo': 'LumiBased', 'algoargs': 2000, 'totalunits': 0, 'publication': 0, 'publishdbsurl': 'https://cmsweb.cern.ch/dbs/prod/phys03/DBSWriter', 'publishname2': 'RealData_noLFNDirectory_All_LumiBased_v1', 'jobtype': 'Analysis', 'generator': 'pythia', 'addoutputfiles': [], 'maxjobruntime': 1250, 'numcores': 1, 'maxmemory': 2000, 'priority': 10, 'nonprodsw': 0, 'asyncdest': 'T3_CH_CERNBOX', 'requireaccelerator': 0, 'oneEventMode': 0, 'extrajdl': [], 'ignoreglobalblacklist': 0, 'partialdataset': 0, 'inputblocks': [], 'tfileoutfiles': ['DY2M_ScoutingTree_Output.root'], 'edmoutfiles': [], 'jobarch': 'el9_amd64_gcc12', 'jobminuarch': 'any', 'jobsw': 'CMSSW_14_0_18_patch1', 'cacheurl': 'https://cmsweb.cern.ch/S3/crabcache_prod', 'cachefilename': 'd21f38256e1fe46602fc5ab345ac679fe51bb1d6f3238f49bc29f5d2ba4ab61e.tar.gz', 'debugfilename': '15b57cfb1e4032afcb9a90e008afda43f3f1d2e87a3bee9f338450fa24b3c48a.tar.gz'} 
DEBUG 2025-05-22 20:48:42.301 UTC: 	 Encoded data for curl request: dryrun=0&workflow=crab_RealData_noLFNDirectory_All_LumiBased_v1&saveoutput=1&savelogsflag=1&inputdata=%2FScoutingPFRun3%2FRun2024H-v1%2FHLTSCOUT&nonvaliddata=1&dbsurl=https%3A%2F%2Fcmsweb.cern.ch%2Fdbs%2Fprod%2Fglobal%2FDBSReader&useparent=0&ignorelocality=0&splitalgo=LumiBased&algoargs=2000&totalunits=0&publication=0&publishdbsurl=https%3A%2F%2Fcmsweb.cern.ch%2Fdbs%2Fprod%2Fphys03%2FDBSWriter&publishname2=RealData_noLFNDirectory_All_LumiBased_v1&jobtype=Analysis&generator=pythia&maxjobruntime=1250&numcores=1&maxmemory=2000&priority=10&nonprodsw=0&asyncdest=T3_CH_CERNBOX&requireaccelerator=0&oneEventMode=0&ignoreglobalblacklist=0&partialdataset=0&jobarch=el9_amd64_gcc12&jobminuarch=any&jobsw=CMSSW_14_0_18_patch1&cacheurl=https%3A%2F%2Fcmsweb.cern.ch%2FS3%2Fcrabcache_prod&cachefilename=d21f38256e1fe46602fc5ab345ac679fe51bb1d6f3238f49bc29f5d2ba4ab61e.tar.gz&debugfilename=15b57cfb1e4032afcb9a90e008afda43f3f1d2e87a3bee9f338450fa24b3c48a.tar.gz&tfileoutfiles=DY2M_ScoutingTree_Output.root
DEBUG 2025-05-22 20:48:42.560 UTC: 	 Result: {'result': [{'RequestName': '250522_204842:amalhotr_crab_RealData_noLFNDirectory_All_LumiBased_v1'}]}
INFO 2025-05-22 20:48:42.621 UTC: 	 Success: Your task has been delivered to the prod CRAB3 server.
INFO 2025-05-22 20:48:42.621 UTC: 	 Task name: 250522_204842:amalhotr_crab_RealData_noLFNDirectory_All_LumiBased_v1
INFO 2025-05-22 20:48:42.621 UTC: 	 Project dir: ./crab_RealData_noLFNDirectory_All_LumiBased_v1
INFO 2025-05-22 20:48:42.621 UTC: 	 Please use ' crab status -d ./crab_RealData_noLFNDirectory_All_LumiBased_v1 ' to check how the submission process proceeds.
DEBUG 2025-05-22 20:48:42.621 UTC: 	 About to return
INFO 2025-05-22 20:48:42.623 UTC: 	 Log file is /afs/cern.ch/user/a/amalhotr/CMSSW_14_0_18_patch1/src/Run3ScoutingAnalysisTools/crab_RealData_noLFNDirectory_All_LumiBased_v1/crab.log
DEBUG 2025-05-22 20:53:17.672 UTC: 	 CRAB Client version: v3.250409
DEBUG 2025-05-22 20:53:17.672 UTC: 	 Running on: Linux lxplus978.cern.ch 5.14.0-503.34.1.el9_5.x86_64 #1 SMP PREEMPT_DYNAMIC Mon Mar 17 21:49:47 EDT 2025 x86_64 x86_64 x86_64 GNU/Linux
DEBUG 2025-05-22 20:53:17.673 UTC: 	 Not using Singularity
DEBUG 2025-05-22 20:53:17.673 UTC: 	 Operating System: Red Hat Enterprise Linux 9.6 (Plow)
DEBUG 2025-05-22 20:53:17.673 UTC: 	 Executing command: 'status'
DEBUG 2025-05-22 20:53:17.673 UTC: 	 Found CRAB cache file /afs/cern.ch/user/a/amalhotr/.crab3
DEBUG 2025-05-22 20:53:17.695 UTC: 	 Checking credentials
DEBUG 2025-05-22 20:53:17.695 UTC: 	 Found proxy file /tmp/x509up_u180451
DEBUG 2025-05-22 20:53:17.695 UTC: 	 Making sure it has proper VOMS extension
DEBUG 2025-05-22 20:53:17.695 UTC: 	 Executing command :
 voms-proxy-info --vo --file /tmp/x509up_u180451
DEBUG 2025-05-22 20:53:18.064 UTC: 	 output : cms

 error: 
 retcode : 0
DEBUG 2025-05-22 20:53:18.065 UTC: 	 Getting proxy life time left
DEBUG 2025-05-22 20:53:18.065 UTC: 	 Executing command :
 voms-proxy-info --actimeleft --timeleft --file /tmp/x509up_u180451
DEBUG 2025-05-22 20:53:18.419 UTC: 	 output : 682529
682528

 error: 
 retcode : 0
DEBUG 2025-05-22 20:53:18.419 UTC: 	 Proxy valid for 189:35:28 hours
DEBUG 2025-05-22 20:53:18.420 UTC: 	 Encoded data for curl request: subresource=delegatedn
DEBUG 2025-05-22 20:53:18.459 UTC: 	 Registering user credentials on myproxy for /DC=ch/DC=cern/OU=computers/CN=crab-(preprod|prod)-tw(01|02).cern.ch|/DC=ch/DC=cern/OU=computers/CN=crab-dev-tw(01|02|03|04).cern.ch|/DC=ch/DC=cern/OU=Organic Units/OU=Users/CN=cmscrab/CN=(817881|373708)/CN=Robot: cms crab|/DC=ch/DC=cern/OU=Organic Units/OU=Users/CN=crabint1/CN=373708/CN=Robot: CMS CRAB Integration 1
DEBUG 2025-05-22 20:53:18.459 UTC: 	 Executing command :
 voms-proxy-info --identity --file /tmp/x509up_u180451
DEBUG 2025-05-22 20:53:18.815 UTC: 	 output : /DC=ch/DC=cern/OU=Organic Units/OU=Users/CN=amalhotr/CN=884837/CN=Aryan Malhotra

 error: 
 retcode : 0
DEBUG 2025-05-22 20:53:18.815 UTC: 	 Getting myproxy life time left for 2382a3cf28fdeacb1de9b039908761ea517a5ed6
DEBUG 2025-05-22 20:53:18.815 UTC: 	 Executing command :
 myproxy-info -s myproxy.cern.ch -l 2382a3cf28fdeacb1de9b039908761ea517a5ed6
DEBUG 2025-05-22 20:53:19.108 UTC: 	 output : username: 2382a3cf28fdeacb1de9b039908761ea517a5ed6
owner: /DC=ch/DC=cern/OU=Organic Units/OU=Users/CN=amalhotr/CN=884837/CN=Aryan Malhotra
  renewal policy: /DC=ch/DC=cern/OU=computers/CN=crab-(preprod|prod)-tw(01|02).cern.ch|/DC=ch/DC=cern/OU=computers/CN=crab-dev-tw(01|02|03|04).cern.ch|/DC=ch/DC=cern/OU=Organic Units/OU=Users/CN=cmscrab/CN=(817881|373708)/CN=Robot: cms crab|/DC=ch/DC=cern/OU=Organic Units/OU=Users/CN=crabint1/CN=373708/CN=Robot: CMS CRAB Integration 1
  trusted retrieval policy: /DC=ch/DC=cern/OU=computers/CN=crab-(preprod|prod)-tw(01|02).cern.ch|/DC=ch/DC=cern/OU=computers/CN=crab-dev-tw(01|02|03|04).cern.ch|/DC=ch/DC=cern/OU=Organic Units/OU=Users/CN=cmscrab/CN=(817881|373708)/CN=Robot: cms crab|/DC=ch/DC=cern/OU=Organic Units/OU=Users/CN=crabint1/CN=373708/CN=Robot: CMS CRAB Integration 1
  timeleft: 538:00:14  (22.4 days)

 error: 
 retcode : 0
DEBUG 2025-05-22 20:53:19.108 UTC: 	 Myproxy is valid: 1936800
DEBUG 2025-05-22 20:53:19.108 UTC: 	 Result of myproxy credential check:
  Credential exists on myproxy: username: 2382a3cf28fdeacb1de9b039908761ea517a5ed6  - validity: 22 days, 10:00:00
DEBUG 2025-05-22 20:53:19.108 UTC: 	 Retrieving username ...
DEBUG 2025-05-22 20:53:19.108 UTC: 	 Retrieving username from CRIC...
DEBUG 2025-05-22 20:53:19.883 UTC: 	 username is amalhotr
INFO 2025-05-22 20:53:20.469 UTC: 	 Rucio client intialized for account amalhotr
DEBUG 2025-05-22 20:53:20.470 UTC: 	 Command use: status
DEBUG 2025-05-22 20:53:20.470 UTC: 	 Options use: ['-d', './crab_RealData_noLFNDirectory_All_LumiBased_v1']
DEBUG 2025-05-22 20:53:20.470 UTC: 	 Encoded data for curl request: subresource=version
DEBUG 2025-05-22 20:53:20.698 UTC: 	 CRABClient version: v3.250409
DEBUG 2025-05-22 20:53:20.698 UTC: 	 Instance is prod
DEBUG 2025-05-22 20:53:20.698 UTC: 	 Server base url is cmsweb.cern.ch
DEBUG 2025-05-22 20:53:20.698 UTC: 	 Command api workflow
DEBUG 2025-05-22 20:53:20.698 UTC: 	 Encoded data for curl request: subresource=search&workflow=250522_204842%3Aamalhotr_crab_RealData_noLFNDirectory_All_LumiBased_v1
DEBUG 2025-05-22 20:53:20.752 UTC: 	 Got information from server oracle database: {'desc': {'columns': ['tm_taskname', 'tm_activity', 'tm_task_status', 'tm_task_command', 'tm_start_time', 'tm_start_injection', 'tm_end_injection', 'tm_task_failure', 'tm_job_sw', 'tm_job_arch', 'tm_input_dataset', 'tm_nonvalid_input_dataset', 'tm_use_parent', 'tm_site_whitelist', 'tm_site_blacklist', 'tm_split_algo', 'tm_split_args', 'tm_user_sandbox', 'tm_cache_url', 'tm_username', 'tm_user_dn', 'tm_user_vo', 'tm_user_role', 'tm_user_group', 'tm_publish_name', 'tm_publish_groupname', 'tm_asyncdest', 'tm_dbs_url', 'tm_publish_dbs_url', 'tm_publication', 'tm_outfiles', 'tm_tfile_outfiles', 'tm_edm_outfiles', 'tm_job_type', 'tm_generator', 'tm_events_per_lumi', 'tm_arguments', 'tm_save_logs', 'tw_name', 'tm_user_infiles', 'tm_maxjobruntime', 'tm_numcores', 'tm_maxmemory', 'tm_priority', 'tm_output_dataset', 'tm_task_warnings', 'tm_user_webdir', 'tm_scriptexe', 'tm_scriptargs', 'tm_extrajdl', 'tm_collector', 'tm_schedd', 'tm_dry_run', 'tm_user_files', 'tm_transfer_outputs', 'tm_output_lfn', 'tm_ignore_locality', 'tm_fail_limit', 'tm_one_event_mode', 'tm_secondary_input_dataset', 'tm_primary_dataset', 'tm_last_publication', 'tm_debug_files', 'clusterid', 'tm_ignore_global_blacklist', 'tm_submitter_ip_addr', 'tm_totalunits', 'tm_ddm_reqid', 'tm_user_config', 'tm_transfer_container', 'tm_transfer_rule', 'tm_publish_rule', 'tm_multipub_rule', 'tm_job_min_microarch', 'tm_dagman_status', 'tm_num_jobs', 'tm_uploaded']}, 'result': ['250522_204842:amalhotr_crab_RealData_noLFNDirectory_All_LumiBased_v1', 'None', 'UPLOADED', 'SUBMIT', '2025-05-22 20:48:42.554211', 'None', 'None', 'None', 'CMSSW_14_0_18_patch1', 'el9_amd64_gcc12', '/ScoutingPFRun3/Run2024H-v1/HLTSCOUT', 'T', '0', '[]', '[]', 'LumiBased', "{'halt_job_on_file_boundaries': False, 'splitOnRun': False, 'lumis_per_job': 2000, 'runs': [], 'lumis': []}", 'd21f38256e1fe46602fc5ab345ac679fe51bb1d6f3238f49bc29f5d2ba4ab61e.tar.gz', 'https://cmsweb.cern.ch/S3/crabcache_prod', 'amalhotr', '/DC=ch/DC=cern/OU=Organic Units/OU=Users/CN=amalhotr/CN=884837/CN=Aryan Malhotra', 'cms', 'None', 'None', 'RealData_noLFNDirectory_All_LumiBased_v1-00000000000000000000000000000000', 'F', 'T3_CH_CERNBOX', 'https://cmsweb.cern.ch/dbs/prod/global/DBSReader', 'https://cmsweb.cern.ch/dbs/prod/phys03/DBSWriter', 'F', '[]', "['DY2M_ScoutingTree_Output.root']", '[]', 'Analysis', 'pythia', 'None', '{}', 'T', 'crab-prod-tw02', '[]', '1250', '1', '2000', '10', 'None', '[]', 'None', 'None', '[]', '[]', 'cmsgwms-collector-global.cern.ch:9620,cmsgwms-collector-global.fnal.gov:9620', 'crab3@vocms0194.cern.ch', 'F', '[]', 'T', '/store/user/amalhotr/', 'F', 'None', 'F', 'None', 'ScoutingPFRun3', 'None', '15b57cfb1e4032afcb9a90e008afda43f3f1d2e87a3bee9f338450fa24b3c48a.tar.gz', 'None', 'F', '188.185.89.194', '0.0', 'None', '{"partialdataset": false, "requireaccelerator": false, "acceleratorparams": null, "inputblocks": null}', 'None', 'None', 'None', 'None', 'any', 'NOT_READY', '15', 'F']}
INFO 2025-05-22 20:53:20.752 UTC: 	 CRAB project directory:		/afs/cern.ch/user/a/amalhotr/CMSSW_14_0_18_patch1/src/Run3ScoutingAnalysisTools/crab_RealData_noLFNDirectory_All_LumiBased_v1
INFO 2025-05-22 20:53:20.752 UTC: 	 Task name:			250522_204842:amalhotr_crab_RealData_noLFNDirectory_All_LumiBased_v1
INFO 2025-05-22 20:53:20.752 UTC: 	 Grid scheduler - Task Worker:	crab3@vocms0194.cern.ch - crab-prod-tw02
INFO 2025-05-22 20:53:20.752 UTC: 	 Status on the CRAB server:	UPLOADED
INFO 2025-05-22 20:53:20.752 UTC: 	 Task URL to use for HELP:	https://cmsweb.cern.ch/crabserver/ui/task/250522_204842%3Aamalhotr_crab_RealData_noLFNDirectory_All_LumiBased_v1
INFO 2025-05-22 20:53:20.767 UTC: 	 Dashboard monitoring URL:	https://monit-grafana.cern.ch/d/cmsTMDetail/cms-task-monitoring-task-view?orgId=11&var-user=amalhotr&var-task=250522_204842%3Aamalhotr_crab_RealData_noLFNDirectory_All_LumiBased_v1&from=1747943322000&to=now
DEBUG 2025-05-22 20:53:20.767 UTC: 	 The task has not been submitted to the Grid scheduler yet. Not printing job information.
INFO 2025-05-22 20:53:20.768 UTC: 	 Log file is /afs/cern.ch/user/a/amalhotr/CMSSW_14_0_18_patch1/src/Run3ScoutingAnalysisTools/crab_RealData_noLFNDirectory_All_LumiBased_v1/crab.log
DEBUG 2025-05-22 21:49:12.695 UTC: 	 CRAB Client version: v3.250409
DEBUG 2025-05-22 21:49:12.695 UTC: 	 Running on: Linux lxplus978.cern.ch 5.14.0-503.34.1.el9_5.x86_64 #1 SMP PREEMPT_DYNAMIC Mon Mar 17 21:49:47 EDT 2025 x86_64 x86_64 x86_64 GNU/Linux
DEBUG 2025-05-22 21:49:12.695 UTC: 	 Not using Singularity
DEBUG 2025-05-22 21:49:12.695 UTC: 	 Operating System: Red Hat Enterprise Linux 9.6 (Plow)
DEBUG 2025-05-22 21:49:12.695 UTC: 	 Executing command: 'status'
DEBUG 2025-05-22 21:49:12.696 UTC: 	 Found CRAB cache file /afs/cern.ch/user/a/amalhotr/.crab3
DEBUG 2025-05-22 21:49:13.014 UTC: 	 Checking credentials
DEBUG 2025-05-22 21:49:13.014 UTC: 	 Found proxy file /tmp/x509up_u180451
DEBUG 2025-05-22 21:49:13.014 UTC: 	 Making sure it has proper VOMS extension
DEBUG 2025-05-22 21:49:13.014 UTC: 	 Executing command :
 voms-proxy-info --vo --file /tmp/x509up_u180451
DEBUG 2025-05-22 21:49:13.472 UTC: 	 output : cms

 error: 
 retcode : 0
DEBUG 2025-05-22 21:49:13.472 UTC: 	 Getting proxy life time left
DEBUG 2025-05-22 21:49:13.472 UTC: 	 Executing command :
 voms-proxy-info --actimeleft --timeleft --file /tmp/x509up_u180451
DEBUG 2025-05-22 21:49:13.849 UTC: 	 output : 679174
679173

 error: 
 retcode : 0
DEBUG 2025-05-22 21:49:13.849 UTC: 	 Proxy valid for 188:39:33 hours
DEBUG 2025-05-22 21:49:13.849 UTC: 	 Encoded data for curl request: subresource=delegatedn
DEBUG 2025-05-22 21:49:13.900 UTC: 	 Registering user credentials on myproxy for /DC=ch/DC=cern/OU=computers/CN=crab-(preprod|prod)-tw(01|02).cern.ch|/DC=ch/DC=cern/OU=computers/CN=crab-dev-tw(01|02|03|04).cern.ch|/DC=ch/DC=cern/OU=Organic Units/OU=Users/CN=cmscrab/CN=(817881|373708)/CN=Robot: cms crab|/DC=ch/DC=cern/OU=Organic Units/OU=Users/CN=crabint1/CN=373708/CN=Robot: CMS CRAB Integration 1
DEBUG 2025-05-22 21:49:13.900 UTC: 	 Executing command :
 voms-proxy-info --identity --file /tmp/x509up_u180451
DEBUG 2025-05-22 21:49:14.265 UTC: 	 output : /DC=ch/DC=cern/OU=Organic Units/OU=Users/CN=amalhotr/CN=884837/CN=Aryan Malhotra

 error: 
 retcode : 0
DEBUG 2025-05-22 21:49:14.265 UTC: 	 Getting myproxy life time left for 2382a3cf28fdeacb1de9b039908761ea517a5ed6
DEBUG 2025-05-22 21:49:14.265 UTC: 	 Executing command :
 myproxy-info -s myproxy.cern.ch -l 2382a3cf28fdeacb1de9b039908761ea517a5ed6
DEBUG 2025-05-22 21:49:14.560 UTC: 	 output : username: 2382a3cf28fdeacb1de9b039908761ea517a5ed6
owner: /DC=ch/DC=cern/OU=Organic Units/OU=Users/CN=amalhotr/CN=884837/CN=Aryan Malhotra
  renewal policy: /DC=ch/DC=cern/OU=computers/CN=crab-(preprod|prod)-tw(01|02).cern.ch|/DC=ch/DC=cern/OU=computers/CN=crab-dev-tw(01|02|03|04).cern.ch|/DC=ch/DC=cern/OU=Organic Units/OU=Users/CN=cmscrab/CN=(817881|373708)/CN=Robot: cms crab|/DC=ch/DC=cern/OU=Organic Units/OU=Users/CN=crabint1/CN=373708/CN=Robot: CMS CRAB Integration 1
  trusted retrieval policy: /DC=ch/DC=cern/OU=computers/CN=crab-(preprod|prod)-tw(01|02).cern.ch|/DC=ch/DC=cern/OU=computers/CN=crab-dev-tw(01|02|03|04).cern.ch|/DC=ch/DC=cern/OU=Organic Units/OU=Users/CN=cmscrab/CN=(817881|373708)/CN=Robot: cms crab|/DC=ch/DC=cern/OU=Organic Units/OU=Users/CN=crabint1/CN=373708/CN=Robot: CMS CRAB Integration 1
  timeleft: 537:04:19  (22.4 days)

 error: 
 retcode : 0
DEBUG 2025-05-22 21:49:14.560 UTC: 	 Myproxy is valid: 1933440
DEBUG 2025-05-22 21:49:14.560 UTC: 	 Result of myproxy credential check:
  Credential exists on myproxy: username: 2382a3cf28fdeacb1de9b039908761ea517a5ed6  - validity: 22 days, 9:04:00
DEBUG 2025-05-22 21:49:14.560 UTC: 	 Retrieving username ...
DEBUG 2025-05-22 21:49:14.560 UTC: 	 Retrieving username from CRIC...
DEBUG 2025-05-22 21:49:15.308 UTC: 	 username is amalhotr
INFO 2025-05-22 21:49:16.127 UTC: 	 Rucio client intialized for account amalhotr
DEBUG 2025-05-22 21:49:16.128 UTC: 	 Command use: status
DEBUG 2025-05-22 21:49:16.128 UTC: 	 Options use: ['-d', './crab_RealData_noLFNDirectory_All_LumiBased_v1']
DEBUG 2025-05-22 21:49:16.128 UTC: 	 Encoded data for curl request: subresource=version
DEBUG 2025-05-22 21:49:16.167 UTC: 	 CRABClient version: v3.250409
DEBUG 2025-05-22 21:49:16.167 UTC: 	 Instance is prod
DEBUG 2025-05-22 21:49:16.167 UTC: 	 Server base url is cmsweb.cern.ch
DEBUG 2025-05-22 21:49:16.167 UTC: 	 Command api workflow
DEBUG 2025-05-22 21:49:16.167 UTC: 	 Encoded data for curl request: subresource=search&workflow=250522_204842%3Aamalhotr_crab_RealData_noLFNDirectory_All_LumiBased_v1
DEBUG 2025-05-22 21:49:16.224 UTC: 	 Got information from server oracle database: {'desc': {'columns': ['tm_taskname', 'tm_activity', 'tm_task_status', 'tm_task_command', 'tm_start_time', 'tm_start_injection', 'tm_end_injection', 'tm_task_failure', 'tm_job_sw', 'tm_job_arch', 'tm_input_dataset', 'tm_nonvalid_input_dataset', 'tm_use_parent', 'tm_site_whitelist', 'tm_site_blacklist', 'tm_split_algo', 'tm_split_args', 'tm_user_sandbox', 'tm_cache_url', 'tm_username', 'tm_user_dn', 'tm_user_vo', 'tm_user_role', 'tm_user_group', 'tm_publish_name', 'tm_publish_groupname', 'tm_asyncdest', 'tm_dbs_url', 'tm_publish_dbs_url', 'tm_publication', 'tm_outfiles', 'tm_tfile_outfiles', 'tm_edm_outfiles', 'tm_job_type', 'tm_generator', 'tm_events_per_lumi', 'tm_arguments', 'tm_save_logs', 'tw_name', 'tm_user_infiles', 'tm_maxjobruntime', 'tm_numcores', 'tm_maxmemory', 'tm_priority', 'tm_output_dataset', 'tm_task_warnings', 'tm_user_webdir', 'tm_scriptexe', 'tm_scriptargs', 'tm_extrajdl', 'tm_collector', 'tm_schedd', 'tm_dry_run', 'tm_user_files', 'tm_transfer_outputs', 'tm_output_lfn', 'tm_ignore_locality', 'tm_fail_limit', 'tm_one_event_mode', 'tm_secondary_input_dataset', 'tm_primary_dataset', 'tm_last_publication', 'tm_debug_files', 'clusterid', 'tm_ignore_global_blacklist', 'tm_submitter_ip_addr', 'tm_totalunits', 'tm_ddm_reqid', 'tm_user_config', 'tm_transfer_container', 'tm_transfer_rule', 'tm_publish_rule', 'tm_multipub_rule', 'tm_job_min_microarch', 'tm_dagman_status', 'tm_num_jobs', 'tm_uploaded']}, 'result': ['250522_204842:amalhotr_crab_RealData_noLFNDirectory_All_LumiBased_v1', 'None', 'SUBMITTED', 'SUBMIT', '2025-05-22 20:48:42.554211', 'None', '2025-05-22 20:55:21.454874', 'None', 'CMSSW_14_0_18_patch1', 'el9_amd64_gcc12', '/ScoutingPFRun3/Run2024H-v1/HLTSCOUT', 'T', '0', '[]', '[]', 'LumiBased', "{'halt_job_on_file_boundaries': False, 'splitOnRun': False, 'lumis_per_job': 2000, 'runs': [], 'lumis': []}", 'd21f38256e1fe46602fc5ab345ac679fe51bb1d6f3238f49bc29f5d2ba4ab61e.tar.gz', 'https://cmsweb.cern.ch/S3/crabcache_prod', 'amalhotr', '/DC=ch/DC=cern/OU=Organic Units/OU=Users/CN=amalhotr/CN=884837/CN=Aryan Malhotra', 'cms', 'None', 'None', 'RealData_noLFNDirectory_All_LumiBased_v1-00000000000000000000000000000000', 'F', 'T3_CH_CERNBOX', 'https://cmsweb.cern.ch/dbs/prod/global/DBSReader', 'https://cmsweb.cern.ch/dbs/prod/phys03/DBSWriter', 'F', '[]', "['DY2M_ScoutingTree_Output.root']", '[]', 'Analysis', 'pythia', 'None', '{}', 'T', 'crab-prod-tw02', '[]', '1250', '1', '2000', '10', 'None', '[]', 'http://vocms0119.cern.ch/mon/amalhotr/250522_204842:amalhotr_crab_RealData_noLFNDirectory_All_LumiBased_v1', 'None', '[]', '[]', 'cmsgwms-collector-global.cern.ch:9620,cmsgwms-collector-global.fnal.gov:9620', 'crab3@vocms0119.cern.ch', 'F', '[]', 'T', '/store/user/amalhotr/', 'F', 'None', 'F', 'None', 'ScoutingPFRun3', 'None', '15b57cfb1e4032afcb9a90e008afda43f3f1d2e87a3bee9f338450fa24b3c48a.tar.gz', '124004335', 'F', '188.185.89.194', '0.0', 'None', '{"partialdataset": false, "requireaccelerator": false, "acceleratorparams": null, "inputblocks": null}', 'None', 'None', 'None', 'None', 'any', 'RUNNING', '15', 'F']}
INFO 2025-05-22 21:49:16.224 UTC: 	 CRAB project directory:		/afs/cern.ch/user/a/amalhotr/CMSSW_14_0_18_patch1/src/Run3ScoutingAnalysisTools/crab_RealData_noLFNDirectory_All_LumiBased_v1
INFO 2025-05-22 21:49:16.225 UTC: 	 Task name:			250522_204842:amalhotr_crab_RealData_noLFNDirectory_All_LumiBased_v1
INFO 2025-05-22 21:49:16.225 UTC: 	 Grid scheduler - Task Worker:	crab3@vocms0119.cern.ch - crab-prod-tw02
INFO 2025-05-22 21:49:16.225 UTC: 	 Status on the CRAB server:	SUBMITTED
INFO 2025-05-22 21:49:16.225 UTC: 	 Task URL to use for HELP:	https://cmsweb.cern.ch/crabserver/ui/task/250522_204842%3Aamalhotr_crab_RealData_noLFNDirectory_All_LumiBased_v1
INFO 2025-05-22 21:49:16.234 UTC: 	 Dashboard monitoring URL:	https://monit-grafana.cern.ch/d/cmsTMDetail/cms-task-monitoring-task-view?orgId=11&var-user=amalhotr&var-task=250522_204842%3Aamalhotr_crab_RealData_noLFNDirectory_All_LumiBased_v1&from=1747943322000&to=now
DEBUG 2025-05-22 21:49:16.234 UTC: 	 The CRAB server submitted your task to the Grid scheduler (cluster ID: 124004335)
DEBUG 2025-05-22 21:49:16.235 UTC: 	 Webdir is located at http://vocms0119.cern.ch/mon/amalhotr/250522_204842:amalhotr_crab_RealData_noLFNDirectory_All_LumiBased_v1
DEBUG 2025-05-22 21:49:16.235 UTC: 	 Encoded data for curl request: subresource=webdirprx&workflow=250522_204842%3Aamalhotr_crab_RealData_noLFNDirectory_All_LumiBased_v1
DEBUG 2025-05-22 21:49:16.281 UTC: 	 Proxied webdir is located at https://cmsweb.cern.ch/scheddmon/0119/amalhotr/250522_204842:amalhotr_crab_RealData_noLFNDirectory_All_LumiBased_v1
DEBUG 2025-05-22 21:49:16.291 UTC: 	 Retrieving 'status_cache' file from https://cmsweb.cern.ch/scheddmon/0119/amalhotr/250522_204842:amalhotr_crab_RealData_noLFNDirectory_All_LumiBased_v1/status_cache.pkl
DEBUG 2025-05-22 21:49:16.291 UTC: 	 Will execute:
curl -sS --capath /etc/grid-security/certificates --cert /tmp/x509up_u180451 --key /tmp/x509up_u180451 -o /tmp/crab_status-cache-lhsehnat.pkl -w %"{http_code}" "https://cmsweb.cern.ch/scheddmon/0119/amalhotr/250522_204842:amalhotr_crab_RealData_noLFNDirectory_All_LumiBased_v1/status_cache.pkl"
DEBUG 2025-05-22 21:49:16.291 UTC: 	 Executing command :
 curl -sS --capath /etc/grid-security/certificates --cert /tmp/x509up_u180451 --key /tmp/x509up_u180451 -o /tmp/crab_status-cache-lhsehnat.pkl -w %"{http_code}" "https://cmsweb.cern.ch/scheddmon/0119/amalhotr/250522_204842:amalhotr_crab_RealData_noLFNDirectory_All_LumiBased_v1/status_cache.pkl"
DEBUG 2025-05-22 21:49:16.344 UTC: 	 output : 200
 error: 
 retcode : 0
DEBUG 2025-05-22 21:49:16.344 UTC: 	 exitcode: 0
stdout: 200
stderr: 
error details: 
DEBUG 2025-05-22 21:49:16.344 UTC: 	 Got information from status cache file: {'2': {'Retries': 0, 'Restarts': 0, 'SiteHistory': ['Unknown', 'T2_US_Wisconsin', 'T2_US_Wisconsin'], 'ResidentSetSize': [1237976], 'SubmitTimes': [1747947385.0], 'StartTimes': [1747948152.0], 'EndTimes': [], 'TotalUserCpuTimeHistory': [1711.0], 'TotalSysCpuTimeHistory': [7.0], 'WallDurations': [9.0, 200.35585975646973, 2113.0], 'JobIds': ['124004339.0'], 'State': 'running', 'RecordedSite': True}, '8': {'Retries': 0, 'Restarts': 0, 'SiteHistory': ['Unknown', 'T2_US_Nebraska', 'T2_US_Nebraska'], 'ResidentSetSize': [1208944], 'SubmitTimes': [1747947385.0], 'StartTimes': [1747947912.0], 'EndTimes': [], 'TotalUserCpuTimeHistory': [2190.0], 'TotalSysCpuTimeHistory': [4.0], 'WallDurations': [9.0, 140.0691249370575, 2410.0], 'JobIds': ['124004340.0'], 'State': 'running', 'RecordedSite': True}, '9': {'Retries': 0, 'Restarts': 0, 'SiteHistory': ['Unknown', 'T2_US_Nebraska', 'T2_US_Nebraska'], 'ResidentSetSize': [1127204], 'SubmitTimes': [1747947385.0], 'StartTimes': [1747947913.0], 'EndTimes': [], 'TotalUserCpuTimeHistory': [1298.0], 'TotalSysCpuTimeHistory': [6.0], 'WallDurations': [10.0, 139.0691249370575, 1514.0], 'JobIds': ['124004341.0'], 'State': 'running', 'RecordedSite': True}, '10': {'Retries': 0, 'Restarts': 0, 'SiteHistory': ['Unknown', 'T2_US_MIT', 'T2_US_MIT'], 'ResidentSetSize': [887468], 'SubmitTimes': [1747947385.0], 'StartTimes': [1747947911.0], 'EndTimes': [], 'TotalUserCpuTimeHistory': [1181.0], 'TotalSysCpuTimeHistory': [11.0], 'WallDurations': [9.0, 141.0691249370575, 1513.0], 'JobIds': ['124004342.0'], 'State': 'running', 'RecordedSite': True}, '3': {'Retries': 0, 'Restarts': 0, 'SiteHistory': ['Unknown', 'T2_IT_Legnaro', 'T2_IT_Legnaro'], 'ResidentSetSize': [1229808], 'SubmitTimes': [1747947385.0], 'StartTimes': [1747948319.0], 'EndTimes': [], 'TotalUserCpuTimeHistory': [1896.0], 'TotalSysCpuTimeHistory': [4.0], 'WallDurations': [8.0, 33.35585975646973, 2109.0], 'JobIds': ['124004343.0'], 'State': 'running', 'RecordedSite': True}, '5': {'Retries': 0, 'Restarts': 0, 'SiteHistory': ['Unknown', 'T2_IT_Legnaro', 'T2_IT_Legnaro'], 'ResidentSetSize': [1244476], 'SubmitTimes': [1747947385.0], 'StartTimes': [1747948319.0], 'EndTimes': [], 'TotalUserCpuTimeHistory': [1063.0], 'TotalSysCpuTimeHistory': [4.0], 'WallDurations': [10.0, 33.35585975646973, 1211.0], 'JobIds': ['124004344.0'], 'State': 'running', 'RecordedSite': True}, '12': {'Retries': 0, 'Restarts': 0, 'SiteHistory': ['Unknown', 'T2_IT_Legnaro', 'T2_IT_Legnaro'], 'ResidentSetSize': [1251280], 'SubmitTimes': [1747947386.0], 'StartTimes': [1747948319.0], 'EndTimes': [], 'TotalUserCpuTimeHistory': [1904.0], 'TotalSysCpuTimeHistory': [5.0], 'WallDurations': [8.0, 33.35585975646973, 2114.0], 'JobIds': ['124004345.0'], 'State': 'running', 'RecordedSite': True}, '13': {'Retries': 0, 'Restarts': 0, 'SiteHistory': ['Unknown', 'T2_IT_Legnaro', 'T2_IT_Legnaro'], 'ResidentSetSize': [1223960], 'SubmitTimes': [1747947386.0], 'StartTimes': [1747948320.0], 'EndTimes': [], 'TotalUserCpuTimeHistory': [1842.0], 'TotalSysCpuTimeHistory': [7.0], 'WallDurations': [8.0, 32.35585975646973, 2109.0], 'JobIds': ['124004346.0'], 'State': 'running', 'RecordedSite': True}, '4': {'Retries': 0, 'Restarts': 0, 'SiteHistory': ['Unknown', 'T2_US_UCSD', 'T2_US_UCSD'], 'ResidentSetSize': [1117640], 'SubmitTimes': [1747947386.0], 'StartTimes': [1747947917.0], 'EndTimes': [], 'TotalUserCpuTimeHistory': [500.0], 'TotalSysCpuTimeHistory': [7.0], 'WallDurations': [9.0, 135.0691249370575, 910.0], 'JobIds': ['124004347.0'], 'State': 'running', 'RecordedSite': True}, '7': {'Retries': 0, 'Restarts': 0, 'SiteHistory': ['Unknown', 'T2_IT_Legnaro', 'T2_IT_Legnaro'], 'ResidentSetSize': [1244384], 'SubmitTimes': [1747947386.0], 'StartTimes': [1747948319.0], 'EndTimes': [], 'TotalUserCpuTimeHistory': [1830.0], 'TotalSysCpuTimeHistory': [6.0], 'WallDurations': [9.0, 33.35585975646973, 2114.0], 'JobIds': ['124004348.0'], 'State': 'running', 'RecordedSite': True}, '6': {'Retries': 0, 'Restarts': 0, 'SiteHistory': ['Unknown', 'T2_IT_Legnaro', 'T2_IT_Legnaro'], 'ResidentSetSize': [1234088], 'SubmitTimes': [1747947386.0], 'StartTimes': [1747948320.0], 'EndTimes': [], 'TotalUserCpuTimeHistory': [1753.0], 'TotalSysCpuTimeHistory': [112.0], 'WallDurations': [8.0, 32.35585975646973, 2112.0], 'JobIds': ['124004349.0'], 'State': 'running', 'RecordedSite': True}, '1': {'Retries': 0, 'Restarts': 0, 'SiteHistory': ['Unknown', 'T2_IT_Legnaro', 'T2_IT_Legnaro'], 'ResidentSetSize': [1239508], 'SubmitTimes': [1747947386.0], 'StartTimes': [1747948320.0], 'EndTimes': [], 'TotalUserCpuTimeHistory': [1340.0], 'TotalSysCpuTimeHistory': [5.0], 'WallDurations': [8.0, 32.35585975646973, 1511.0], 'JobIds': ['124004350.0'], 'State': 'running', 'RecordedSite': True}, '14': {'Retries': 0, 'Restarts': 0, 'SiteHistory': ['Unknown', 'T2_IT_Legnaro', 'T2_IT_Legnaro'], 'ResidentSetSize': [1231044], 'SubmitTimes': [1747947386.0], 'StartTimes': [1747948318.0], 'EndTimes': [], 'TotalUserCpuTimeHistory': [497.0], 'TotalSysCpuTimeHistory': [4.0], 'WallDurations': [8.0, 34.35585975646973, 609.0], 'JobIds': ['124004351.0'], 'State': 'running', 'RecordedSite': True}, '15': {'Retries': 0, 'Restarts': 0, 'SiteHistory': ['Unknown', 'T2_IT_Legnaro', 'T2_IT_Legnaro'], 'ResidentSetSize': [1263984], 'SubmitTimes': [1747947386.0], 'StartTimes': [1747948317.0], 'EndTimes': [], 'TotalUserCpuTimeHistory': [1336.0], 'TotalSysCpuTimeHistory': [6.0], 'WallDurations': [9.0, 35.35585975646973, 1513.0], 'JobIds': ['124004352.0'], 'State': 'running', 'RecordedSite': True}, '11': {'Retries': 0, 'Restarts': 0, 'SiteHistory': ['Unknown', 'T2_IT_Legnaro', 'T2_IT_Legnaro'], 'ResidentSetSize': [1230856], 'SubmitTimes': [1747947386.0], 'StartTimes': [1747948319.0], 'EndTimes': [], 'TotalUserCpuTimeHistory': [1614.0], 'TotalSysCpuTimeHistory': [5.0], 'WallDurations': [9.0, 33.35585975646973, 1813.0], 'JobIds': ['124004353.0'], 'State': 'running', 'RecordedSite': True}}
INFO 2025-05-22 21:49:16.344 UTC: 	 Status on the scheduler:	SUBMITTED
INFO 2025-05-22 21:49:16.345 UTC: 	 
Jobs status:                    running      		100.0% (15/15)
INFO 2025-05-22 21:49:16.345 UTC: 	 
No publication information (publication has been disabled in the CRAB configuration file)
INFO 2025-05-22 21:49:16.364 UTC: 	 Log file is /afs/cern.ch/user/a/amalhotr/CMSSW_14_0_18_patch1/src/Run3ScoutingAnalysisTools/crab_RealData_noLFNDirectory_All_LumiBased_v1/crab.log
