DEBUG 2025-10-29 22:51:02.973 UTC: 	 CRAB Client version: v3.250820
DEBUG 2025-10-29 22:51:02.973 UTC: 	 Running on: Linux lxplus911.cern.ch 5.14.0-570.51.1.el9_6.x86_64 #1 SMP PREEMPT_DYNAMIC Sat Sep 27 01:10:11 EDT 2025 x86_64 x86_64 x86_64 GNU/Linux
DEBUG 2025-10-29 22:51:02.973 UTC: 	 Not using Singularity
DEBUG 2025-10-29 22:51:02.973 UTC: 	 Operating System: Red Hat Enterprise Linux 9.6 (Plow)
DEBUG 2025-10-29 22:51:02.973 UTC: 	 Executing command: 'submit'
DEBUG 2025-10-29 22:51:02.973 UTC: 	 Found CRAB cache file /afs/cern.ch/user/a/amalhotr/.crab3
INFO 2025-10-29 22:51:02.974 UTC: 	 Will use CRAB configuration file chainedCrabConfig.py
DEBUG 2025-10-29 22:51:02.974 UTC: 	 Loading CRAB configuration file.
DEBUG 2025-10-29 22:51:03.222 UTC: 	 Will use CRAB plugin ANALYSIS (i.e. will run an analysis job type).
DEBUG 2025-10-29 22:51:03.325 UTC: 	 Checking credentials
DEBUG 2025-10-29 22:51:03.325 UTC: 	 Found proxy file /tmp/x509up_u180451
DEBUG 2025-10-29 22:51:03.325 UTC: 	 Making sure it has proper VOMS extension
DEBUG 2025-10-29 22:51:03.325 UTC: 	 Executing command :
 voms-proxy-info --vo --file /tmp/x509up_u180451
DEBUG 2025-10-29 22:51:03.345 UTC: 	 output : cms

 error: 
 retcode : 0
DEBUG 2025-10-29 22:51:03.346 UTC: 	 Getting proxy life time left
DEBUG 2025-10-29 22:51:03.346 UTC: 	 Executing command :
 voms-proxy-info --actimeleft --timeleft --file /tmp/x509up_u180451
DEBUG 2025-10-29 22:51:03.366 UTC: 	 output : 684029
684029

 error: 
 retcode : 0
DEBUG 2025-10-29 22:51:03.366 UTC: 	 Proxy valid for 190:00:29 hours
DEBUG 2025-10-29 22:51:03.366 UTC: 	 Encoded data for curl request: subresource=delegatedn
DEBUG 2025-10-29 22:51:03.412 UTC: 	 Registering user credentials on myproxy for /DC=ch/DC=cern/OU=Organic Units/OU=Users/CN=cmscrab/CN=(817881|373708)/CN=Robot: cms crab|/DC=ch/DC=cern/OU=Organic Units/OU=Users/CN=crabint1/CN=373708/CN=Robot: CMS CRAB Integration 1
DEBUG 2025-10-29 22:51:03.413 UTC: 	 Executing command :
 voms-proxy-info --identity --file /tmp/x509up_u180451
DEBUG 2025-10-29 22:51:03.434 UTC: 	 output : /DC=ch/DC=cern/OU=Organic Units/OU=Users/CN=amalhotr/CN=884837/CN=Aryan Malhotra

 error: 
 retcode : 0
DEBUG 2025-10-29 22:51:03.434 UTC: 	 Getting myproxy life time left for 2382a3cf28fdeacb1de9b039908761ea517a5ed6
DEBUG 2025-10-29 22:51:03.434 UTC: 	 Executing command :
 myproxy-info -s myproxy.cern.ch -l 2382a3cf28fdeacb1de9b039908761ea517a5ed6
DEBUG 2025-10-29 22:51:03.732 UTC: 	 output : username: 2382a3cf28fdeacb1de9b039908761ea517a5ed6
owner: /DC=ch/DC=cern/OU=Organic Units/OU=Users/CN=amalhotr/CN=884837/CN=Aryan Malhotra
  renewal policy: /DC=ch/DC=cern/OU=Organic Units/OU=Users/CN=cmscrab/CN=(817881|373708)/CN=Robot: cms crab|/DC=ch/DC=cern/OU=Organic Units/OU=Users/CN=crabint1/CN=373708/CN=Robot: CMS CRAB Integration 1
  trusted retrieval policy: /DC=ch/DC=cern/OU=Organic Units/OU=Users/CN=cmscrab/CN=(817881|373708)/CN=Robot: cms crab|/DC=ch/DC=cern/OU=Organic Units/OU=Users/CN=crabint1/CN=373708/CN=Robot: CMS CRAB Integration 1
  timeleft: 719:58:12  (30.0 days)

 error: 
 retcode : 0
DEBUG 2025-10-29 22:51:03.733 UTC: 	 Myproxy is valid: 2591880
DEBUG 2025-10-29 22:51:03.733 UTC: 	 Result of myproxy credential check:
  Credential exists on myproxy: username: 2382a3cf28fdeacb1de9b039908761ea517a5ed6  - validity: 29 days, 23:58:00
DEBUG 2025-10-29 22:51:03.733 UTC: 	 Command use: submit
DEBUG 2025-10-29 22:51:03.733 UTC: 	 Options use: ['-c', 'chainedCrabConfig.py']
DEBUG 2025-10-29 22:51:03.733 UTC: 	 Encoded data for curl request: subresource=version
DEBUG 2025-10-29 22:51:03.779 UTC: 	 CRABClient version: v3.250820
DEBUG 2025-10-29 22:51:03.779 UTC: 	 Instance is prod
DEBUG 2025-10-29 22:51:03.779 UTC: 	 Server base url is cmsweb.cern.ch
DEBUG 2025-10-29 22:51:03.779 UTC: 	 Command api workflow
DEBUG 2025-10-29 22:51:03.779 UTC: 	 Started submission
DEBUG 2025-10-29 22:51:03.779 UTC: 	 Working on /afs/cern.ch/user/a/amalhotr/CMSSW_14_0_18_patch1/src/Run3ScoutingAnalysisTools/crab_ScoutingData_Redone_6mod10
DEBUG 2025-10-29 22:51:03.780 UTC: 	 Encoded data for curl request: subresource=backendurls
DEBUG 2025-10-29 22:51:03.836 UTC: 	 Loading required information from the environment
DEBUG 2025-10-29 22:51:03.836 UTC: 	 Found CMSSW_14_0_18_patch1 for el9_amd64_gcc12 with base /afs/cern.ch/user/a/amalhotr/CMSSW_14_0_18_patch1
DEBUG 2025-10-29 22:51:03.836 UTC: 	 Loading required information from the environment
DEBUG 2025-10-29 22:51:03.836 UTC: 	 Found CMSSW_14_0_18_patch1 for el9_amd64_gcc12 with base /afs/cern.ch/user/a/amalhotr/CMSSW_14_0_18_patch1
DEBUG 2025-10-29 22:51:03.836 UTC: 	 UNIQUE NAME: tarUUID 528f8a69-d7e3-4b14-9102-31dfb2b49a35 
DEBUG 2025-10-29 22:51:03.836 UTC: 	 self.config: from WMCore.Configuration import Configuration
config = Configuration()
config.section_('General')
config.General.transferLogs = True
config.General.transferOutputs = True
config.General.requestName = 'ScoutingData_Redone_6mod10'
config.section_('JobType')
config.JobType.pluginName = 'Analysis'
config.JobType.outputFiles = ['ScoutingTree_Output.root']
config.JobType.maxMemoryMB = 3000
config.JobType.maxJobRuntimeMin = 2750
config.JobType.psetName = 'UnifiedScoutingVertexingTreeMaker.py'
config.section_('Data')
config.Data.unitsPerJob = 2
config.Data.inputDataset = '/ScoutingPFRun3/Run2024H-v1/HLTSCOUT'
config.Data.publication = False
config.Data.outputDatasetTag = 'ScoutingData_Redone_6mod10'
config.Data.splitting = 'FileBased'
config.Data.inputDBS = 'global'
config.Data.allowNonValidInputDataset = True
config.section_('Site')
config.Site.storageSite = 'T3_CH_CERNBOX'
config.section_('User')
config.section_('Debug')

DEBUG 2025-10-29 22:51:03.836 UTC: 	 self.config.JobType.psetName: UnifiedScoutingVertexingTreeMaker.py
INFO 2025-10-29 22:51:03.836 UTC: 	 Importing CMSSW configuration UnifiedScoutingVertexingTreeMaker.py
INFO 2025-10-29 22:51:04.239 UTC: 	 Finished importing CMSSW configuration UnifiedScoutingVertexingTreeMaker.py
DEBUG 2025-10-29 22:51:04.239 UTC: 	 Writing CMSSW configuration to /afs/cern.ch/user/a/amalhotr/CMSSW_14_0_18_patch1/src/Run3ScoutingAnalysisTools/crab_ScoutingData_Redone_6mod10/inputs/PSet.py
DEBUG 2025-10-29 22:51:04.257 UTC: 	 The following EDM output files will be collected: []
DEBUG 2025-10-29 22:51:04.257 UTC: 	 The following TFile output files will be collected: ['ScoutingTree_Output.root']
DEBUG 2025-10-29 22:51:04.257 UTC: 	 The following user output files (not listed as PoolOuputModule or TFileService in the CMSSW PSet) will be collected: 
DEBUG 2025-10-29 22:51:04.257 UTC: 	 Loading required information from the environment
DEBUG 2025-10-29 22:51:04.257 UTC: 	 Found CMSSW_14_0_18_patch1 for el9_amd64_gcc12 with base /afs/cern.ch/user/a/amalhotr/CMSSW_14_0_18_patch1
DEBUG 2025-10-29 22:51:04.257 UTC: 	 Making tarball in /afs/cern.ch/user/a/amalhotr/CMSSW_14_0_18_patch1/src/Run3ScoutingAnalysisTools/crab_ScoutingData_Redone_6mod10/inputs/528f8a69-d7e3-4b14-9102-31dfb2b49a35default.tgz
DEBUG 2025-10-29 22:51:04.258 UTC: 	 Checking directory /afs/cern.ch/user/a/amalhotr/CMSSW_14_0_18_patch1/bin
DEBUG 2025-10-29 22:51:04.258 UTC: 	 Adding directory /afs/cern.ch/user/a/amalhotr/CMSSW_14_0_18_patch1/bin to tarball
DEBUG 2025-10-29 22:51:04.262 UTC: 	 Checking directory /afs/cern.ch/user/a/amalhotr/CMSSW_14_0_18_patch1/python
DEBUG 2025-10-29 22:51:04.262 UTC: 	 Adding directory /afs/cern.ch/user/a/amalhotr/CMSSW_14_0_18_patch1/python to tarball
DEBUG 2025-10-29 22:51:04.616 UTC: 	 Checking directory /afs/cern.ch/user/a/amalhotr/CMSSW_14_0_18_patch1/cfipython
DEBUG 2025-10-29 22:51:04.616 UTC: 	 Adding directory /afs/cern.ch/user/a/amalhotr/CMSSW_14_0_18_patch1/cfipython to tarball
DEBUG 2025-10-29 22:51:04.634 UTC: 	 Checking directory /afs/cern.ch/user/a/amalhotr/CMSSW_14_0_18_patch1/lib
DEBUG 2025-10-29 22:51:04.634 UTC: 	 Adding directory /afs/cern.ch/user/a/amalhotr/CMSSW_14_0_18_patch1/lib to tarball
DEBUG 2025-10-29 22:51:04.751 UTC: 	 Checking directory /afs/cern.ch/user/a/amalhotr/CMSSW_14_0_18_patch1/biglib
DEBUG 2025-10-29 22:51:04.751 UTC: 	 Adding directory /afs/cern.ch/user/a/amalhotr/CMSSW_14_0_18_patch1/biglib to tarball
DEBUG 2025-10-29 22:51:04.753 UTC: 	 Checking directory /afs/cern.ch/user/a/amalhotr/CMSSW_14_0_18_patch1/module
DEBUG 2025-10-29 22:51:04.753 UTC: 	 Checking directory /afs/cern.ch/user/a/amalhotr/CMSSW_14_0_18_patch1/config/SCRAM/hooks
DEBUG 2025-10-29 22:51:04.753 UTC: 	 Adding directory /afs/cern.ch/user/a/amalhotr/CMSSW_14_0_18_patch1/config/SCRAM/hooks to tarball
DEBUG 2025-10-29 22:51:04.778 UTC: 	 Adding directory /afs/cern.ch/user/a/amalhotr/CMSSW_14_0_18_patch1/src/Run3ScoutingAnalysisTools/DataFormats/Scouting/interface to tarball
DEBUG 2025-10-29 22:51:04.794 UTC: 	 Adding directory /afs/cern.ch/user/a/amalhotr/CMSSW_14_0_18_patch1/src/Run3ScoutingAnalysisTools/ScoutingTreeMakerRun3/python to tarball
DEBUG 2025-10-29 22:51:04.809 UTC: 	 Adding directory /afs/cern.ch/user/a/amalhotr/CMSSW_14_0_18_patch1/src/DataFormats/Scouting/interface to tarball
DEBUG 2025-10-29 22:51:04.826 UTC: 	 Adding directory /afs/cern.ch/user/a/amalhotr/CMSSW_14_0_18_patch1/src/Configuration/GenProduction/python to tarball
DEBUG 2025-10-29 22:51:04.897 UTC: 	 Uploading archive /afs/cern.ch/user/a/amalhotr/CMSSW_14_0_18_patch1/src/Run3ScoutingAnalysisTools/crab_ScoutingData_Redone_6mod10/inputs/528f8a69-d7e3-4b14-9102-31dfb2b49a35default.tgz (494 KB) to the CRAB cache. Using URI https://s3.cern.ch/crabcache
DEBUG 2025-10-29 22:51:05.087 UTC: 	 Encoded data for curl request: subresource=upload&objecttype=sandbox&tarballname=e487504fef0ee4d231ea0d1bad8a334d9a8f31e0bef117b50fbafea7a642ee6d.tar.gz
DEBUG 2025-10-29 22:51:05.132 UTC: 	 Will execute:
curl -f -v -X POST  -H "User-Agent: CRAB" -F "key=amalhotr/sandboxes/e487504fef0ee4d231ea0d1bad8a334d9a8f31e0bef117b50fbafea7a642ee6d.tar.gz" -F "AWSAccessKeyId=715203df6482458ba839e73e6dab634b" -F "policy=eyJleHBpcmF0aW9uIjogIjIwMjUtMTAtMjlUMjM6NTE6MDVaIiwgImNvbmRpdGlvbnMiOiBbeyJidWNrZXQiOiAiY3JhYmNhY2hlX3Byb2QifSwgeyJrZXkiOiAiYW1hbGhvdHIvc2FuZGJveGVzL2U0ODc1MDRmZWYwZWU0ZDIzMWVhMGQxYmFkOGEzMzRkOWE4ZjMxZTBiZWYxMTdiNTBmYmFmZWE3YTY0MmVlNmQudGFyLmd6In1dfQ==" -F "signature=czLVfOrzwpa4TjPzN2yJqFcBSbc=" -F "file=@/afs/cern.ch/user/a/amalhotr/CMSSW_14_0_18_patch1/src/Run3ScoutingAnalysisTools/crab_ScoutingData_Redone_6mod10/inputs/528f8a69-d7e3-4b14-9102-31dfb2b49a35default.tgz" "https://s3.cern.ch/crabcache_prod"
DEBUG 2025-10-29 22:51:05.286 UTC: 	 exitcode: 0
stdout: b''
DEBUG 2025-10-29 22:51:05.286 UTC: 	 upload to S3 of sandbox /afs/cern.ch/user/a/amalhotr/CMSSW_14_0_18_patch1/src/Run3ScoutingAnalysisTools/crab_ScoutingData_Redone_6mod10/inputs/528f8a69-d7e3-4b14-9102-31dfb2b49a35default.tgz completed
DEBUG 2025-10-29 22:51:05.286 UTC: 	 make sure that object is ready for retrieve
DEBUG 2025-10-29 22:51:06.287 UTC: 	 Encoded data for curl request: subresource=download&objecttype=sandbox&tarballname=e487504fef0ee4d231ea0d1bad8a334d9a8f31e0bef117b50fbafea7a642ee6d.tar.gz&clientmethod=head_object
DEBUG 2025-10-29 22:51:06.326 UTC: 	 PreSignedUrl to download sandbox received OK
DEBUG 2025-10-29 22:51:06.328 UTC: 	 Will execute:
 curl -v -s -f -o /dev/null --head  "https://s3.cern.ch/crabcache_prod/amalhotr/sandboxes/e487504fef0ee4d231ea0d1bad8a334d9a8f31e0bef117b50fbafea7a642ee6d.tar.gz?AWSAccessKeyId=715203df6482458ba839e73e6dab634b&Signature=goD3MXbw9HIW33BANpT0LZnPdQw%3D&Expires=1761781866"
DEBUG 2025-10-29 22:51:06.356 UTC: 	 exitcode: 0
stdout: b''
DEBUG 2025-10-29 22:51:06.356 UTC: 	 sandbox /afs/cern.ch/user/a/amalhotr/CMSSW_14_0_18_patch1/src/Run3ScoutingAnalysisTools/crab_ScoutingData_Redone_6mod10/inputs/528f8a69-d7e3-4b14-9102-31dfb2b49a35default.tgz successfully uploaded to S3
DEBUG 2025-10-29 22:51:06.356 UTC: 	 Loading required information from the environment
DEBUG 2025-10-29 22:51:06.356 UTC: 	 Found CMSSW_14_0_18_patch1 for el9_amd64_gcc12 with base /afs/cern.ch/user/a/amalhotr/CMSSW_14_0_18_patch1
DEBUG 2025-10-29 22:51:06.356 UTC: 	 Making tarball in /afs/cern.ch/user/a/amalhotr/CMSSW_14_0_18_patch1/src/Run3ScoutingAnalysisTools/crab_ScoutingData_Redone_6mod10/inputs/debugFiles.tgz
DEBUG 2025-10-29 22:51:06.364 UTC: 	 Uploading archive /afs/cern.ch/user/a/amalhotr/CMSSW_14_0_18_patch1/src/Run3ScoutingAnalysisTools/crab_ScoutingData_Redone_6mod10/inputs/debugFiles.tgz (3 KB) to the CRAB cache. Using URI https://s3.cern.ch/crabcache
DEBUG 2025-10-29 22:51:06.366 UTC: 	 Encoded data for curl request: subresource=upload&objecttype=sandbox&tarballname=06a87186e56b0205d7e7a5dbd595f890394d757f4e07f1a635f0f2a0b6051e6f.tar.gz
DEBUG 2025-10-29 22:51:06.406 UTC: 	 Will execute:
curl -f -v -X POST  -H "User-Agent: CRAB" -F "key=amalhotr/sandboxes/06a87186e56b0205d7e7a5dbd595f890394d757f4e07f1a635f0f2a0b6051e6f.tar.gz" -F "AWSAccessKeyId=715203df6482458ba839e73e6dab634b" -F "policy=eyJleHBpcmF0aW9uIjogIjIwMjUtMTAtMjlUMjM6NTE6MDZaIiwgImNvbmRpdGlvbnMiOiBbeyJidWNrZXQiOiAiY3JhYmNhY2hlX3Byb2QifSwgeyJrZXkiOiAiYW1hbGhvdHIvc2FuZGJveGVzLzA2YTg3MTg2ZTU2YjAyMDVkN2U3YTVkYmQ1OTVmODkwMzk0ZDc1N2Y0ZTA3ZjFhNjM1ZjBmMmEwYjYwNTFlNmYudGFyLmd6In1dfQ==" -F "signature=eJzNDXYEW7x49wR0G2djI3+IlBA=" -F "file=@/afs/cern.ch/user/a/amalhotr/CMSSW_14_0_18_patch1/src/Run3ScoutingAnalysisTools/crab_ScoutingData_Redone_6mod10/inputs/debugFiles.tgz" "https://s3.cern.ch/crabcache_prod"
DEBUG 2025-10-29 22:51:06.446 UTC: 	 exitcode: 0
stdout: b''
DEBUG 2025-10-29 22:51:06.446 UTC: 	 upload to S3 of sandbox /afs/cern.ch/user/a/amalhotr/CMSSW_14_0_18_patch1/src/Run3ScoutingAnalysisTools/crab_ScoutingData_Redone_6mod10/inputs/debugFiles.tgz completed
DEBUG 2025-10-29 22:51:06.446 UTC: 	 make sure that object is ready for retrieve
DEBUG 2025-10-29 22:51:07.448 UTC: 	 Encoded data for curl request: subresource=download&objecttype=sandbox&tarballname=06a87186e56b0205d7e7a5dbd595f890394d757f4e07f1a635f0f2a0b6051e6f.tar.gz&clientmethod=head_object
DEBUG 2025-10-29 22:51:07.485 UTC: 	 PreSignedUrl to download sandbox received OK
DEBUG 2025-10-29 22:51:07.489 UTC: 	 Will execute:
 curl -v -s -f -o /dev/null --head  "https://s3.cern.ch/crabcache_prod/amalhotr/sandboxes/06a87186e56b0205d7e7a5dbd595f890394d757f4e07f1a635f0f2a0b6051e6f.tar.gz?AWSAccessKeyId=715203df6482458ba839e73e6dab634b&Signature=cNxEOJ527FlsvP%2F4fkFUkyjYQow%3D&Expires=1761781867"
DEBUG 2025-10-29 22:51:07.514 UTC: 	 exitcode: 0
stdout: b''
DEBUG 2025-10-29 22:51:07.514 UTC: 	 sandbox /afs/cern.ch/user/a/amalhotr/CMSSW_14_0_18_patch1/src/Run3ScoutingAnalysisTools/crab_ScoutingData_Redone_6mod10/inputs/debugFiles.tgz successfully uploaded to S3
DEBUG 2025-10-29 22:51:07.514 UTC: 	 Result uploading input files: e487504fef0ee4d231ea0d1bad8a334d9a8f31e0bef117b50fbafea7a642ee6d.tar.gz 
DEBUG 2025-10-29 22:51:07.514 UTC: 	 submit() - self.configuration from WMCore.Configuration import Configuration
config = Configuration()
config.section_('General')
config.General.transferLogs = True
config.General.transferOutputs = True
config.General.requestName = 'ScoutingData_Redone_6mod10'
config.section_('JobType')
config.JobType.pluginName = 'Analysis'
config.JobType.outputFiles = ['ScoutingTree_Output.root']
config.JobType.maxMemoryMB = 3000
config.JobType.maxJobRuntimeMin = 2750
config.JobType.psetName = 'UnifiedScoutingVertexingTreeMaker.py'
config.section_('Data')
config.Data.unitsPerJob = 2
config.Data.inputDataset = '/ScoutingPFRun3/Run2024H-v1/HLTSCOUT'
config.Data.publication = False
config.Data.outputDatasetTag = 'ScoutingData_Redone_6mod10'
config.Data.splitting = 'FileBased'
config.Data.inputDBS = 'global'
config.Data.allowNonValidInputDataset = True
config.section_('Site')
config.Site.storageSite = 'T3_CH_CERNBOX'
config.section_('User')
config.section_('Debug')

DEBUG 2025-10-29 22:51:07.514 UTC: 	 submit() - self.configreq {'dryrun': 0, 'workflow': 'crab_ScoutingData_Redone_6mod10', 'saveoutput': 1, 'savelogsflag': 1, 'inputdata': '/ScoutingPFRun3/Run2024H-v1/HLTSCOUT', 'nonvaliddata': 1, 'userfiles': [], 'dbsurl': 'https://cmsweb.cern.ch/dbs/prod/global/DBSReader', 'useparent': 0, 'ignorelocality': 0, 'splitalgo': 'FileBased', 'algoargs': 2, 'totalunits': 0, 'publication': 0, 'publishdbsurl': 'https://cmsweb.cern.ch/dbs/prod/phys03/DBSWriter', 'publishname2': 'ScoutingData_Redone_6mod10', 'jobtype': 'Analysis', 'generator': 'pythia', 'addoutputfiles': ['ScoutingTree_Output.root'], 'maxjobruntime': 2750, 'numcores': 1, 'maxmemory': 3000, 'priority': 10, 'nonprodsw': 0, 'asyncdest': 'T3_CH_CERNBOX', 'requireaccelerator': 0, 'oneEventMode': 0, 'extrajdl': [], 'ignoreglobalblacklist': 0, 'partialdataset': 0, 'inputblocks': []}
DEBUG 2025-10-29 22:51:07.514 UTC: 	 submit() - jobconfig {'addoutputfiles': [], 'tfileoutfiles': ['ScoutingTree_Output.root'], 'edmoutfiles': [], 'jobarch': 'el9_amd64_gcc12', 'jobminuarch': 'any', 'jobsw': 'CMSSW_14_0_18_patch1', 'inputdata': '/ScoutingPFRun3/Run2024H-v1/HLTSCOUT', 'cacheurl': 'https://s3.cern.ch/crabcache', 'cachefilename': 'e487504fef0ee4d231ea0d1bad8a334d9a8f31e0bef117b50fbafea7a642ee6d.tar.gz', 'debugfilename': '06a87186e56b0205d7e7a5dbd595f890394d757f4e07f1a635f0f2a0b6051e6f.tar.gz', 'jobtype': 'Analysis'}
INFO 2025-10-29 22:51:07.514 UTC: 	 Sending the request to the server at cmsweb.cern.ch
DEBUG 2025-10-29 22:51:07.514 UTC: 	 Submitting {'dryrun': 0, 'workflow': 'crab_ScoutingData_Redone_6mod10', 'saveoutput': 1, 'savelogsflag': 1, 'inputdata': '/ScoutingPFRun3/Run2024H-v1/HLTSCOUT', 'nonvaliddata': 1, 'userfiles': [], 'dbsurl': 'https://cmsweb.cern.ch/dbs/prod/global/DBSReader', 'useparent': 0, 'ignorelocality': 0, 'splitalgo': 'FileBased', 'algoargs': 2, 'totalunits': 0, 'publication': 0, 'publishdbsurl': 'https://cmsweb.cern.ch/dbs/prod/phys03/DBSWriter', 'publishname2': 'ScoutingData_Redone_6mod10', 'jobtype': 'Analysis', 'generator': 'pythia', 'addoutputfiles': [], 'maxjobruntime': 2750, 'numcores': 1, 'maxmemory': 3000, 'priority': 10, 'nonprodsw': 0, 'asyncdest': 'T3_CH_CERNBOX', 'requireaccelerator': 0, 'oneEventMode': 0, 'extrajdl': [], 'ignoreglobalblacklist': 0, 'partialdataset': 0, 'inputblocks': [], 'tfileoutfiles': ['ScoutingTree_Output.root'], 'edmoutfiles': [], 'jobarch': 'el9_amd64_gcc12', 'jobminuarch': 'any', 'jobsw': 'CMSSW_14_0_18_patch1', 'cacheurl': 'https://s3.cern.ch/crabcache', 'cachefilename': 'e487504fef0ee4d231ea0d1bad8a334d9a8f31e0bef117b50fbafea7a642ee6d.tar.gz', 'debugfilename': '06a87186e56b0205d7e7a5dbd595f890394d757f4e07f1a635f0f2a0b6051e6f.tar.gz'} 
DEBUG 2025-10-29 22:51:07.514 UTC: 	 Encoded data for curl request: dryrun=0&workflow=crab_ScoutingData_Redone_6mod10&saveoutput=1&savelogsflag=1&inputdata=%2FScoutingPFRun3%2FRun2024H-v1%2FHLTSCOUT&nonvaliddata=1&dbsurl=https%3A%2F%2Fcmsweb.cern.ch%2Fdbs%2Fprod%2Fglobal%2FDBSReader&useparent=0&ignorelocality=0&splitalgo=FileBased&algoargs=2&totalunits=0&publication=0&publishdbsurl=https%3A%2F%2Fcmsweb.cern.ch%2Fdbs%2Fprod%2Fphys03%2FDBSWriter&publishname2=ScoutingData_Redone_6mod10&jobtype=Analysis&generator=pythia&maxjobruntime=2750&numcores=1&maxmemory=3000&priority=10&nonprodsw=0&asyncdest=T3_CH_CERNBOX&requireaccelerator=0&oneEventMode=0&ignoreglobalblacklist=0&partialdataset=0&jobarch=el9_amd64_gcc12&jobminuarch=any&jobsw=CMSSW_14_0_18_patch1&cacheurl=https%3A%2F%2Fs3.cern.ch%2Fcrabcache&cachefilename=e487504fef0ee4d231ea0d1bad8a334d9a8f31e0bef117b50fbafea7a642ee6d.tar.gz&debugfilename=06a87186e56b0205d7e7a5dbd595f890394d757f4e07f1a635f0f2a0b6051e6f.tar.gz&tfileoutfiles=ScoutingTree_Output.root
DEBUG 2025-10-29 22:51:07.565 UTC: 	 Result: {'result': [{'RequestName': '251029_225107:amalhotr_crab_ScoutingData_Redone_6mod10'}]}
INFO 2025-10-29 22:51:07.567 UTC: 	 Success: Your task has been delivered to the prod CRAB3 server.
INFO 2025-10-29 22:51:07.567 UTC: 	 Task name: 251029_225107:amalhotr_crab_ScoutingData_Redone_6mod10
INFO 2025-10-29 22:51:07.567 UTC: 	 Project dir: ./crab_ScoutingData_Redone_6mod10
INFO 2025-10-29 22:51:07.567 UTC: 	 Please use ' crab status -d ./crab_ScoutingData_Redone_6mod10 ' to check how the submission process proceeds.
DEBUG 2025-10-29 22:51:07.567 UTC: 	 About to return
INFO 2025-10-29 22:51:07.570 UTC: 	 Log file is /afs/cern.ch/user/a/amalhotr/CMSSW_14_0_18_patch1/src/Run3ScoutingAnalysisTools/crab_ScoutingData_Redone_6mod10/crab.log
DEBUG 2025-10-30 04:54:05.849 UTC: 	 CRAB Client version: v3.250820
DEBUG 2025-10-30 04:54:05.849 UTC: 	 Running on: Linux lxplus961.cern.ch 5.14.0-570.51.1.el9_6.x86_64 #1 SMP PREEMPT_DYNAMIC Sat Sep 27 01:10:11 EDT 2025 x86_64 x86_64 x86_64 GNU/Linux
DEBUG 2025-10-30 04:54:05.849 UTC: 	 Not using Singularity
DEBUG 2025-10-30 04:54:05.849 UTC: 	 Operating System: Red Hat Enterprise Linux 9.6 (Plow)
DEBUG 2025-10-30 04:54:05.849 UTC: 	 Executing command: 'kill'
DEBUG 2025-10-30 04:54:05.849 UTC: 	 Found CRAB cache file /afs/cern.ch/user/a/amalhotr/.crab3
DEBUG 2025-10-30 04:54:05.881 UTC: 	 Checking credentials
DEBUG 2025-10-30 04:54:05.881 UTC: 	 Found proxy file /tmp/x509up_u180451
DEBUG 2025-10-30 04:54:05.881 UTC: 	 Making sure it has proper VOMS extension
DEBUG 2025-10-30 04:54:05.881 UTC: 	 Executing command :
 voms-proxy-info --vo --file /tmp/x509up_u180451
DEBUG 2025-10-30 04:54:05.899 UTC: 	 output : cms

 error: 
 retcode : 0
DEBUG 2025-10-30 04:54:05.900 UTC: 	 Getting proxy life time left
DEBUG 2025-10-30 04:54:05.900 UTC: 	 Executing command :
 voms-proxy-info --actimeleft --timeleft --file /tmp/x509up_u180451
DEBUG 2025-10-30 04:54:05.917 UTC: 	 output : 688230
688230

 error: 
 retcode : 0
DEBUG 2025-10-30 04:54:05.917 UTC: 	 Proxy valid for 191:10:30 hours
DEBUG 2025-10-30 04:54:05.918 UTC: 	 Encoded data for curl request: subresource=delegatedn
DEBUG 2025-10-30 04:54:05.964 UTC: 	 Registering user credentials on myproxy for /DC=ch/DC=cern/OU=Organic Units/OU=Users/CN=cmscrab/CN=(817881|373708)/CN=Robot: cms crab|/DC=ch/DC=cern/OU=Organic Units/OU=Users/CN=crabint1/CN=373708/CN=Robot: CMS CRAB Integration 1
DEBUG 2025-10-30 04:54:05.964 UTC: 	 Executing command :
 voms-proxy-info --identity --file /tmp/x509up_u180451
DEBUG 2025-10-30 04:54:05.985 UTC: 	 output : /DC=ch/DC=cern/OU=Organic Units/OU=Users/CN=amalhotr/CN=884837/CN=Aryan Malhotra

 error: 
 retcode : 0
DEBUG 2025-10-30 04:54:05.985 UTC: 	 Getting myproxy life time left for 2382a3cf28fdeacb1de9b039908761ea517a5ed6
DEBUG 2025-10-30 04:54:05.985 UTC: 	 Executing command :
 myproxy-info -s myproxy.cern.ch -l 2382a3cf28fdeacb1de9b039908761ea517a5ed6
DEBUG 2025-10-30 04:54:06.246 UTC: 	 output : username: 2382a3cf28fdeacb1de9b039908761ea517a5ed6
owner: /DC=ch/DC=cern/OU=Organic Units/OU=Users/CN=amalhotr/CN=884837/CN=Aryan Malhotra
  renewal policy: /DC=ch/DC=cern/OU=Organic Units/OU=Users/CN=cmscrab/CN=(817881|373708)/CN=Robot: cms crab|/DC=ch/DC=cern/OU=Organic Units/OU=Users/CN=crabint1/CN=373708/CN=Robot: CMS CRAB Integration 1
  trusted retrieval policy: /DC=ch/DC=cern/OU=Organic Units/OU=Users/CN=cmscrab/CN=(817881|373708)/CN=Robot: cms crab|/DC=ch/DC=cern/OU=Organic Units/OU=Users/CN=crabint1/CN=373708/CN=Robot: CMS CRAB Integration 1
  timeleft: 713:55:09  (29.7 days)

 error: 
 retcode : 0
DEBUG 2025-10-30 04:54:06.246 UTC: 	 Myproxy is valid: 2570100
DEBUG 2025-10-30 04:54:06.247 UTC: 	 Result of myproxy credential check:
  Credential exists on myproxy: username: 2382a3cf28fdeacb1de9b039908761ea517a5ed6  - validity: 29 days, 17:55:00
DEBUG 2025-10-30 04:54:06.247 UTC: 	 Command use: kill
DEBUG 2025-10-30 04:54:06.247 UTC: 	 Options use: ['-d', 'crab_ScoutingData_Redone_6mod10']
DEBUG 2025-10-30 04:54:06.247 UTC: 	 Encoded data for curl request: subresource=version
DEBUG 2025-10-30 04:54:06.284 UTC: 	 CRABClient version: v3.250820
DEBUG 2025-10-30 04:54:06.285 UTC: 	 Instance is prod
DEBUG 2025-10-30 04:54:06.285 UTC: 	 Server base url is cmsweb.cern.ch
DEBUG 2025-10-30 04:54:06.285 UTC: 	 Command api workflow
DEBUG 2025-10-30 04:54:06.285 UTC: 	 Killing task 251029_225107:amalhotr_crab_ScoutingData_Redone_6mod10
DEBUG 2025-10-30 04:54:06.285 UTC: 	 Encoded data for curl request: workflow=251029_225107%3Aamalhotr_crab_ScoutingData_Redone_6mod10
DEBUG 2025-10-30 04:54:06.325 UTC: 	 Result: {'desc': {'columns': ['tm_taskname', 'tm_task_status', 'tm_task_command', 'tm_user_role', 'tm_user_group', 'tm_task_failure', 'tm_split_algo', 'tm_split_args', 'tm_save_logs', 'tm_username', 'tm_user_dn', 'tm_arguments', 'tm_input_dataset', 'tm_dbs_url', 'tm_task_warnings', 'tm_publication', 'tm_user_webdir', 'tm_output_dataset', 'tm_collector', 'tm_schedd', 'tm_dry_run', 'clusterid', 'tm_start_time', 'tw_name', 'tm_dagman_status', 'tm_num_jobs', 'tm_uploaded']}, 'result': [{'result': 'ok'}]}
INFO 2025-10-30 04:54:06.325 UTC: 	 Kill request successfully sent
INFO 2025-10-30 04:54:06.397 UTC: 	 Log file is /afs/cern.ch/user/a/amalhotr/CMSSW_14_0_18_patch1/src/Run3ScoutingAnalysisTools/crab_ScoutingData_Redone_6mod10/crab.log
