DEBUG 2025-03-29 05:34:52.175 UTC: 	 CRAB Client version: v3.250318
DEBUG 2025-03-29 05:34:52.175 UTC: 	 Running on: Linux lxplus940.cern.ch 5.14.0-503.22.1.el9_5.x86_64 #1 SMP PREEMPT_DYNAMIC Wed Jan 15 08:02:15 EST 2025 x86_64 x86_64 x86_64 GNU/Linux
DEBUG 2025-03-29 05:34:52.175 UTC: 	 Not using Singularity
DEBUG 2025-03-29 05:34:52.175 UTC: 	 Operating System: Red Hat Enterprise Linux 9.5 (Plow)
DEBUG 2025-03-29 05:34:52.175 UTC: 	 Executing command: 'submit'
DEBUG 2025-03-29 05:34:52.175 UTC: 	 Found CRAB cache file /afs/cern.ch/user/a/amalhotr/.crab3
INFO 2025-03-29 05:34:52.176 UTC: 	 Will use CRAB configuration file tree_CRAB.py
DEBUG 2025-03-29 05:34:52.176 UTC: 	 Loading CRAB configuration file.
DEBUG 2025-03-29 05:34:52.180 UTC: 	 Will use CRAB plugin ANALYSIS (i.e. will run an analysis job type).
DEBUG 2025-03-29 05:34:52.192 UTC: 	 Checking credentials
DEBUG 2025-03-29 05:34:52.192 UTC: 	 Found proxy file /tmp/x509up_u180451
DEBUG 2025-03-29 05:34:52.192 UTC: 	 Making sure it has proper VOMS extension
DEBUG 2025-03-29 05:34:52.192 UTC: 	 Executing command :
 voms-proxy-info --vo --file /tmp/x509up_u180451
DEBUG 2025-03-29 05:34:52.531 UTC: 	 output : cms

 error: 
 retcode : 0
DEBUG 2025-03-29 05:34:52.531 UTC: 	 Getting proxy life time left
DEBUG 2025-03-29 05:34:52.531 UTC: 	 Executing command :
 voms-proxy-info --actimeleft --timeleft --file /tmp/x509up_u180451
DEBUG 2025-03-29 05:34:52.867 UTC: 	 output : 690452
690452

 error: 
 retcode : 0
DEBUG 2025-03-29 05:34:52.867 UTC: 	 Proxy valid for 191:47:32 hours
DEBUG 2025-03-29 05:34:52.868 UTC: 	 Encoded data for curl request: subresource=delegatedn
DEBUG 2025-03-29 05:34:52.909 UTC: 	 Registering user credentials on myproxy for /DC=ch/DC=cern/OU=computers/CN=crab-(preprod|prod)-tw(01|02).cern.ch|/DC=ch/DC=cern/OU=computers/CN=crab-dev-tw(01|02|03|04).cern.ch|/DC=ch/DC=cern/OU=Organic Units/OU=Users/CN=cmscrab/CN=(817881|373708)/CN=Robot: cms crab|/DC=ch/DC=cern/OU=Organic Units/OU=Users/CN=crabint1/CN=373708/CN=Robot: CMS CRAB Integration 1
DEBUG 2025-03-29 05:34:52.909 UTC: 	 Executing command :
 voms-proxy-info --identity --file /tmp/x509up_u180451
DEBUG 2025-03-29 05:34:53.280 UTC: 	 output : /DC=ch/DC=cern/OU=Organic Units/OU=Users/CN=amalhotr/CN=884837/CN=Aryan Malhotra

 error: 
 retcode : 0
DEBUG 2025-03-29 05:34:53.280 UTC: 	 Getting myproxy life time left for 2382a3cf28fdeacb1de9b039908761ea517a5ed6
DEBUG 2025-03-29 05:34:53.280 UTC: 	 Executing command :
 myproxy-info -s myproxy.cern.ch -l 2382a3cf28fdeacb1de9b039908761ea517a5ed6
DEBUG 2025-03-29 05:34:53.566 UTC: 	 output : username: 2382a3cf28fdeacb1de9b039908761ea517a5ed6
owner: /DC=ch/DC=cern/OU=Organic Units/OU=Users/CN=amalhotr/CN=884837/CN=Aryan Malhotra
  renewal policy: /DC=ch/DC=cern/OU=computers/CN=crab-(preprod|prod)-tw(01|02).cern.ch|/DC=ch/DC=cern/OU=computers/CN=crab-dev-tw(01|02|03|04).cern.ch|/DC=ch/DC=cern/OU=Organic Units/OU=Users/CN=cmscrab/CN=(817881|373708)/CN=Robot: cms crab|/DC=ch/DC=cern/OU=Organic Units/OU=Users/CN=crabint1/CN=373708/CN=Robot: CMS CRAB Integration 1
  trusted retrieval policy: /DC=ch/DC=cern/OU=computers/CN=crab-(preprod|prod)-tw(01|02).cern.ch|/DC=ch/DC=cern/OU=computers/CN=crab-dev-tw(01|02|03|04).cern.ch|/DC=ch/DC=cern/OU=Organic Units/OU=Users/CN=cmscrab/CN=(817881|373708)/CN=Robot: cms crab|/DC=ch/DC=cern/OU=Organic Units/OU=Users/CN=crabint1/CN=373708/CN=Robot: CMS CRAB Integration 1
  timeleft: 478:45:25  (19.9 days)

 error: 
 retcode : 0
DEBUG 2025-03-29 05:34:53.566 UTC: 	 Myproxy is valid: 1723500
DEBUG 2025-03-29 05:34:53.566 UTC: 	 Result of myproxy credential check:
  Credential exists on myproxy: username: 2382a3cf28fdeacb1de9b039908761ea517a5ed6  - validity: 19 days, 22:45:00
DEBUG 2025-03-29 05:34:53.566 UTC: 	 Command use: submit
DEBUG 2025-03-29 05:34:53.566 UTC: 	 Options use: ['-c', 'tree_CRAB.py']
DEBUG 2025-03-29 05:34:53.566 UTC: 	 Encoded data for curl request: subresource=version
DEBUG 2025-03-29 05:34:53.603 UTC: 	 CRABClient version: v3.250318
DEBUG 2025-03-29 05:34:53.603 UTC: 	 Instance is prod
DEBUG 2025-03-29 05:34:53.603 UTC: 	 Server base url is cmsweb.cern.ch
DEBUG 2025-03-29 05:34:53.603 UTC: 	 Command api workflow
DEBUG 2025-03-29 05:34:53.603 UTC: 	 Started submission
DEBUG 2025-03-29 05:34:53.603 UTC: 	 Working on /afs/cern.ch/user/a/amalhotr/CMSSW_14_0_18_patch1/src/Run3ScoutingAnalysisTools/crab_projects/crab_DYto2Mu4Jets_ScoutingTree_100
DEBUG 2025-03-29 05:34:53.603 UTC: 	 Encoded data for curl request: subresource=backendurls
DEBUG 2025-03-29 05:34:53.666 UTC: 	 Loading required information from the environment
DEBUG 2025-03-29 05:34:53.666 UTC: 	 Found CMSSW_14_0_18_patch1 for el9_amd64_gcc12 with base /afs/cern.ch/user/a/amalhotr/CMSSW_14_0_18_patch1
DEBUG 2025-03-29 05:34:53.666 UTC: 	 Loading required information from the environment
DEBUG 2025-03-29 05:34:53.666 UTC: 	 Found CMSSW_14_0_18_patch1 for el9_amd64_gcc12 with base /afs/cern.ch/user/a/amalhotr/CMSSW_14_0_18_patch1
DEBUG 2025-03-29 05:34:53.666 UTC: 	 UNIQUE NAME: tarUUID 03745a4b-7413-44f1-9f84-1e4a0eda2bbb 
DEBUG 2025-03-29 05:34:53.666 UTC: 	 self.config: from WMCore.Configuration import Configuration
config = Configuration()
config.section_('General')
config.General.workArea = 'crab_projects'
config.General.requestName = 'DYto2Mu4Jets_ScoutingTree_100'
config.General.transferOutputs = True
config.General.transferLogs = True
config.section_('JobType')
config.JobType.psetName = 'tree.py'
config.JobType.pluginName = 'Analysis'
config.JobType.maxMemoryMB = 2500
config.section_('Data')
config.Data.unitsPerJob = 5
config.Data.inputDBS = 'phys03'
config.Data.outputDatasetTag = 'DYto2Mu4Jets_ScoutingTree_100'
config.Data.publication = True
config.Data.inputDataset = '/DYto2Mu-4Jets_Bin-MLL-50_TuneCP5_13p6TeV_madgraphMLM-pythia8/amalhotr-DYto2Mu4Jets_Vertexer_100_EventAwareLumiBased-8eb043b42a967140b9dd5cab43cfc767/USER'
config.Data.splitting = 'FileBased'
config.section_('Site')
config.Site.storageSite = 'T2_BR_SPRACE'
config.section_('User')
config.section_('Debug')

DEBUG 2025-03-29 05:34:53.666 UTC: 	 self.config.JobType.psetName: tree.py
INFO 2025-03-29 05:34:53.666 UTC: 	 Importing CMSSW configuration tree.py
INFO 2025-03-29 05:34:53.880 UTC: 	 Finished importing CMSSW configuration tree.py
DEBUG 2025-03-29 05:34:53.880 UTC: 	 Writing CMSSW configuration to /afs/cern.ch/user/a/amalhotr/CMSSW_14_0_18_patch1/src/Run3ScoutingAnalysisTools/crab_projects/crab_DYto2Mu4Jets_ScoutingTree_100/inputs/PSet.py
DEBUG 2025-03-29 05:34:53.898 UTC: 	 The following EDM output files will be collected: []
DEBUG 2025-03-29 05:34:53.898 UTC: 	 The following TFile output files will be collected: ['DY2M_ScoutingTree_Output.root']
DEBUG 2025-03-29 05:34:53.898 UTC: 	 The following user output files (not listed as PoolOuputModule or TFileService in the CMSSW PSet) will be collected: 
DEBUG 2025-03-29 05:34:53.898 UTC: 	 Loading required information from the environment
DEBUG 2025-03-29 05:34:53.898 UTC: 	 Found CMSSW_14_0_18_patch1 for el9_amd64_gcc12 with base /afs/cern.ch/user/a/amalhotr/CMSSW_14_0_18_patch1
DEBUG 2025-03-29 05:34:53.898 UTC: 	 Making tarball in /afs/cern.ch/user/a/amalhotr/CMSSW_14_0_18_patch1/src/Run3ScoutingAnalysisTools/crab_projects/crab_DYto2Mu4Jets_ScoutingTree_100/inputs/03745a4b-7413-44f1-9f84-1e4a0eda2bbbdefault.tgz
DEBUG 2025-03-29 05:34:53.899 UTC: 	 Checking directory /afs/cern.ch/user/a/amalhotr/CMSSW_14_0_18_patch1/bin
DEBUG 2025-03-29 05:34:53.899 UTC: 	 Adding directory /afs/cern.ch/user/a/amalhotr/CMSSW_14_0_18_patch1/bin to tarball
DEBUG 2025-03-29 05:34:53.900 UTC: 	 Checking directory /afs/cern.ch/user/a/amalhotr/CMSSW_14_0_18_patch1/python
DEBUG 2025-03-29 05:34:53.900 UTC: 	 Adding directory /afs/cern.ch/user/a/amalhotr/CMSSW_14_0_18_patch1/python to tarball
DEBUG 2025-03-29 05:34:54.135 UTC: 	 Checking directory /afs/cern.ch/user/a/amalhotr/CMSSW_14_0_18_patch1/cfipython
DEBUG 2025-03-29 05:34:54.135 UTC: 	 Adding directory /afs/cern.ch/user/a/amalhotr/CMSSW_14_0_18_patch1/cfipython to tarball
DEBUG 2025-03-29 05:34:54.221 UTC: 	 Checking directory /afs/cern.ch/user/a/amalhotr/CMSSW_14_0_18_patch1/lib
DEBUG 2025-03-29 05:34:54.221 UTC: 	 Adding directory /afs/cern.ch/user/a/amalhotr/CMSSW_14_0_18_patch1/lib to tarball
DEBUG 2025-03-29 05:34:54.344 UTC: 	 Checking directory /afs/cern.ch/user/a/amalhotr/CMSSW_14_0_18_patch1/biglib
DEBUG 2025-03-29 05:34:54.344 UTC: 	 Adding directory /afs/cern.ch/user/a/amalhotr/CMSSW_14_0_18_patch1/biglib to tarball
DEBUG 2025-03-29 05:34:54.344 UTC: 	 Checking directory /afs/cern.ch/user/a/amalhotr/CMSSW_14_0_18_patch1/module
DEBUG 2025-03-29 05:34:54.344 UTC: 	 Checking directory /afs/cern.ch/user/a/amalhotr/CMSSW_14_0_18_patch1/config/SCRAM/hooks
DEBUG 2025-03-29 05:34:54.344 UTC: 	 Adding directory /afs/cern.ch/user/a/amalhotr/CMSSW_14_0_18_patch1/config/SCRAM/hooks to tarball
DEBUG 2025-03-29 05:34:54.495 UTC: 	 Adding directory /afs/cern.ch/user/a/amalhotr/CMSSW_14_0_18_patch1/src/Run3ScoutingAnalysisTools/DataFormats/Scouting/interface to tarball
DEBUG 2025-03-29 05:34:54.629 UTC: 	 Adding directory /afs/cern.ch/user/a/amalhotr/CMSSW_14_0_18_patch1/src/Run3ScoutingAnalysisTools/ScoutingTreeMakerRun3/python to tarball
DEBUG 2025-03-29 05:34:54.632 UTC: 	 Adding directory /afs/cern.ch/user/a/amalhotr/CMSSW_14_0_18_patch1/src/DataFormats/Scouting/interface to tarball
DEBUG 2025-03-29 05:34:54.675 UTC: 	 Adding directory /afs/cern.ch/user/a/amalhotr/CMSSW_14_0_18_patch1/src/Configuration/GenProduction/python to tarball
DEBUG 2025-03-29 05:34:54.770 UTC: 	 Uploading archive /afs/cern.ch/user/a/amalhotr/CMSSW_14_0_18_patch1/src/Run3ScoutingAnalysisTools/crab_projects/crab_DYto2Mu4Jets_ScoutingTree_100/inputs/03745a4b-7413-44f1-9f84-1e4a0eda2bbbdefault.tgz (460 KB) to the CRAB cache. Using URI https://cmsweb.cern.ch/S3/crabcache_prod
DEBUG 2025-03-29 05:34:54.916 UTC: 	 Encoded data for curl request: subresource=upload&objecttype=sandbox&tarballname=2dcb3fd8a99a1a52e731b44ff523744eec5ba6f99f160bbd919196e1eed80a2d.tar.gz
DEBUG 2025-03-29 05:34:55.087 UTC: 	 Will execute:
curl -f -v -X POST  -H "User-Agent: CRAB" -F "key=amalhotr/sandboxes/2dcb3fd8a99a1a52e731b44ff523744eec5ba6f99f160bbd919196e1eed80a2d.tar.gz" -F "AWSAccessKeyId=715203df6482458ba839e73e6dab634b" -F "policy=eyJleHBpcmF0aW9uIjogIjIwMjUtMDMtMjlUMDY6MzQ6NTVaIiwgImNvbmRpdGlvbnMiOiBbeyJidWNrZXQiOiAiY3JhYmNhY2hlX3Byb2QifSwgeyJrZXkiOiAiYW1hbGhvdHIvc2FuZGJveGVzLzJkY2IzZmQ4YTk5YTFhNTJlNzMxYjQ0ZmY1MjM3NDRlZWM1YmE2Zjk5ZjE2MGJiZDkxOTE5NmUxZWVkODBhMmQudGFyLmd6In1dfQ==" -F "signature=tRCoa0l6Wi9RhKUWlS6458OuGnI=" -F "file=@/afs/cern.ch/user/a/amalhotr/CMSSW_14_0_18_patch1/src/Run3ScoutingAnalysisTools/crab_projects/crab_DYto2Mu4Jets_ScoutingTree_100/inputs/03745a4b-7413-44f1-9f84-1e4a0eda2bbbdefault.tgz" "https://s3.cern.ch/crabcache_prod"
DEBUG 2025-03-29 05:34:55.254 UTC: 	 exitcode: 0
stdout: b''
DEBUG 2025-03-29 05:34:55.254 UTC: 	 upload to S3 of sandbox /afs/cern.ch/user/a/amalhotr/CMSSW_14_0_18_patch1/src/Run3ScoutingAnalysisTools/crab_projects/crab_DYto2Mu4Jets_ScoutingTree_100/inputs/03745a4b-7413-44f1-9f84-1e4a0eda2bbbdefault.tgz completed
DEBUG 2025-03-29 05:34:55.254 UTC: 	 make sure that object is ready for retrieve
DEBUG 2025-03-29 05:34:56.256 UTC: 	 Encoded data for curl request: subresource=download&objecttype=sandbox&tarballname=2dcb3fd8a99a1a52e731b44ff523744eec5ba6f99f160bbd919196e1eed80a2d.tar.gz&clientmethod=head_object
DEBUG 2025-03-29 05:34:56.296 UTC: 	 PreSignedUrl to download sandbox received OK
DEBUG 2025-03-29 05:34:56.298 UTC: 	 Will execute:
 curl -v -s -f -o /dev/null --head  "https://s3.cern.ch/crabcache_prod/amalhotr/sandboxes/2dcb3fd8a99a1a52e731b44ff523744eec5ba6f99f160bbd919196e1eed80a2d.tar.gz?AWSAccessKeyId=715203df6482458ba839e73e6dab634b&Signature=giG1fcXD88Jq93BHSnPmjQPdPSU%3D&Expires=1743230096"
DEBUG 2025-03-29 05:34:56.325 UTC: 	 exitcode: 0
stdout: b''
DEBUG 2025-03-29 05:34:56.325 UTC: 	 sandbox /afs/cern.ch/user/a/amalhotr/CMSSW_14_0_18_patch1/src/Run3ScoutingAnalysisTools/crab_projects/crab_DYto2Mu4Jets_ScoutingTree_100/inputs/03745a4b-7413-44f1-9f84-1e4a0eda2bbbdefault.tgz successfully uploaded to S3
DEBUG 2025-03-29 05:34:56.325 UTC: 	 Loading required information from the environment
DEBUG 2025-03-29 05:34:56.325 UTC: 	 Found CMSSW_14_0_18_patch1 for el9_amd64_gcc12 with base /afs/cern.ch/user/a/amalhotr/CMSSW_14_0_18_patch1
DEBUG 2025-03-29 05:34:56.325 UTC: 	 Making tarball in /afs/cern.ch/user/a/amalhotr/CMSSW_14_0_18_patch1/src/Run3ScoutingAnalysisTools/crab_projects/crab_DYto2Mu4Jets_ScoutingTree_100/inputs/debugFiles.tgz
DEBUG 2025-03-29 05:34:56.329 UTC: 	 Uploading archive /afs/cern.ch/user/a/amalhotr/CMSSW_14_0_18_patch1/src/Run3ScoutingAnalysisTools/crab_projects/crab_DYto2Mu4Jets_ScoutingTree_100/inputs/debugFiles.tgz (2 KB) to the CRAB cache. Using URI https://cmsweb.cern.ch/S3/crabcache_prod
DEBUG 2025-03-29 05:34:56.331 UTC: 	 Encoded data for curl request: subresource=upload&objecttype=sandbox&tarballname=cf55ebbd0429a520d7b6bdbb7d4c895d945e688ad66a1e9c72eede10241f17c6.tar.gz
DEBUG 2025-03-29 05:34:56.404 UTC: 	 Will execute:
curl -f -v -X POST  -H "User-Agent: CRAB" -F "key=amalhotr/sandboxes/cf55ebbd0429a520d7b6bdbb7d4c895d945e688ad66a1e9c72eede10241f17c6.tar.gz" -F "AWSAccessKeyId=715203df6482458ba839e73e6dab634b" -F "policy=eyJleHBpcmF0aW9uIjogIjIwMjUtMDMtMjlUMDY6MzQ6NTZaIiwgImNvbmRpdGlvbnMiOiBbeyJidWNrZXQiOiAiY3JhYmNhY2hlX3Byb2QifSwgeyJrZXkiOiAiYW1hbGhvdHIvc2FuZGJveGVzL2NmNTVlYmJkMDQyOWE1MjBkN2I2YmRiYjdkNGM4OTVkOTQ1ZTY4OGFkNjZhMWU5YzcyZWVkZTEwMjQxZjE3YzYudGFyLmd6In1dfQ==" -F "signature=/X7ZzzJfFijacvH08RTtGxTQovI=" -F "file=@/afs/cern.ch/user/a/amalhotr/CMSSW_14_0_18_patch1/src/Run3ScoutingAnalysisTools/crab_projects/crab_DYto2Mu4Jets_ScoutingTree_100/inputs/debugFiles.tgz" "https://s3.cern.ch/crabcache_prod"
DEBUG 2025-03-29 05:34:56.533 UTC: 	 exitcode: 0
stdout: b''
DEBUG 2025-03-29 05:34:56.533 UTC: 	 upload to S3 of sandbox /afs/cern.ch/user/a/amalhotr/CMSSW_14_0_18_patch1/src/Run3ScoutingAnalysisTools/crab_projects/crab_DYto2Mu4Jets_ScoutingTree_100/inputs/debugFiles.tgz completed
DEBUG 2025-03-29 05:34:56.533 UTC: 	 make sure that object is ready for retrieve
DEBUG 2025-03-29 05:34:57.534 UTC: 	 Encoded data for curl request: subresource=download&objecttype=sandbox&tarballname=cf55ebbd0429a520d7b6bdbb7d4c895d945e688ad66a1e9c72eede10241f17c6.tar.gz&clientmethod=head_object
DEBUG 2025-03-29 05:34:57.587 UTC: 	 PreSignedUrl to download sandbox received OK
DEBUG 2025-03-29 05:34:57.590 UTC: 	 Will execute:
 curl -v -s -f -o /dev/null --head  "https://s3.cern.ch/crabcache_prod/amalhotr/sandboxes/cf55ebbd0429a520d7b6bdbb7d4c895d945e688ad66a1e9c72eede10241f17c6.tar.gz?AWSAccessKeyId=715203df6482458ba839e73e6dab634b&Signature=rKPzLDm9FN%2Fnt0TZvv31XE4k%2BpY%3D&Expires=1743230097"
DEBUG 2025-03-29 05:34:57.622 UTC: 	 exitcode: 0
stdout: b''
DEBUG 2025-03-29 05:34:57.622 UTC: 	 sandbox /afs/cern.ch/user/a/amalhotr/CMSSW_14_0_18_patch1/src/Run3ScoutingAnalysisTools/crab_projects/crab_DYto2Mu4Jets_ScoutingTree_100/inputs/debugFiles.tgz successfully uploaded to S3
DEBUG 2025-03-29 05:34:57.622 UTC: 	 Result uploading input files: 2dcb3fd8a99a1a52e731b44ff523744eec5ba6f99f160bbd919196e1eed80a2d.tar.gz 
WARNING 2025-03-29 05:34:57.622 UTC: 	 Warning: The following output files will not be published, as they are not EDM files: ['DY2M_ScoutingTree_Output.root']
DEBUG 2025-03-29 05:34:57.622 UTC: 	 submit() - self.configuration from WMCore.Configuration import Configuration
config = Configuration()
config.section_('General')
config.General.workArea = 'crab_projects'
config.General.requestName = 'DYto2Mu4Jets_ScoutingTree_100'
config.General.transferOutputs = True
config.General.transferLogs = True
config.section_('JobType')
config.JobType.psetName = 'tree.py'
config.JobType.pluginName = 'Analysis'
config.JobType.maxMemoryMB = 2500
config.section_('Data')
config.Data.unitsPerJob = 5
config.Data.inputDBS = 'phys03'
config.Data.outputDatasetTag = 'DYto2Mu4Jets_ScoutingTree_100'
config.Data.publication = True
config.Data.inputDataset = '/DYto2Mu-4Jets_Bin-MLL-50_TuneCP5_13p6TeV_madgraphMLM-pythia8/amalhotr-DYto2Mu4Jets_Vertexer_100_EventAwareLumiBased-8eb043b42a967140b9dd5cab43cfc767/USER'
config.Data.splitting = 'FileBased'
config.section_('Site')
config.Site.storageSite = 'T2_BR_SPRACE'
config.section_('User')
config.section_('Debug')

DEBUG 2025-03-29 05:34:57.622 UTC: 	 submit() - self.configreq {'dryrun': 0, 'workflow': 'crab_DYto2Mu4Jets_ScoutingTree_100', 'saveoutput': 1, 'savelogsflag': 1, 'inputdata': '/DYto2Mu-4Jets_Bin-MLL-50_TuneCP5_13p6TeV_madgraphMLM-pythia8/amalhotr-DYto2Mu4Jets_Vertexer_100_EventAwareLumiBased-8eb043b42a967140b9dd5cab43cfc767/USER', 'nonvaliddata': 0, 'userfiles': [], 'dbsurl': 'https://cmsweb.cern.ch/dbs/prod/phys03/DBSReader', 'useparent': 0, 'ignorelocality': 0, 'splitalgo': 'FileBased', 'algoargs': 5, 'totalunits': 0, 'publication': 1, 'publishdbsurl': 'https://cmsweb.cern.ch/dbs/prod/phys03/DBSWriter', 'publishname2': 'DYto2Mu4Jets_ScoutingTree_100', 'jobtype': 'Analysis', 'generator': 'pythia', 'addoutputfiles': [], 'maxjobruntime': 1250, 'numcores': 1, 'maxmemory': 2500, 'priority': 10, 'nonprodsw': 0, 'asyncdest': 'T2_BR_SPRACE', 'requireaccelerator': 0, 'oneEventMode': 0, 'extrajdl': [], 'ignoreglobalblacklist': 0, 'partialdataset': 0, 'inputblocks': []}
DEBUG 2025-03-29 05:34:57.622 UTC: 	 submit() - jobconfig {'addoutputfiles': [], 'tfileoutfiles': ['DY2M_ScoutingTree_Output.root'], 'edmoutfiles': [], 'jobarch': 'el9_amd64_gcc12', 'jobminuarch': 'any', 'jobsw': 'CMSSW_14_0_18_patch1', 'inputdata': '/DYto2Mu-4Jets_Bin-MLL-50_TuneCP5_13p6TeV_madgraphMLM-pythia8/amalhotr-DYto2Mu4Jets_Vertexer_100_EventAwareLumiBased-8eb043b42a967140b9dd5cab43cfc767/USER', 'cacheurl': 'https://cmsweb.cern.ch/S3/crabcache_prod', 'cachefilename': '2dcb3fd8a99a1a52e731b44ff523744eec5ba6f99f160bbd919196e1eed80a2d.tar.gz', 'debugfilename': 'cf55ebbd0429a520d7b6bdbb7d4c895d945e688ad66a1e9c72eede10241f17c6.tar.gz', 'jobtype': 'Analysis'}
INFO 2025-03-29 05:34:57.622 UTC: 	 Sending the request to the server at cmsweb.cern.ch
DEBUG 2025-03-29 05:34:57.622 UTC: 	 Submitting {'dryrun': 0, 'workflow': 'crab_DYto2Mu4Jets_ScoutingTree_100', 'saveoutput': 1, 'savelogsflag': 1, 'inputdata': '/DYto2Mu-4Jets_Bin-MLL-50_TuneCP5_13p6TeV_madgraphMLM-pythia8/amalhotr-DYto2Mu4Jets_Vertexer_100_EventAwareLumiBased-8eb043b42a967140b9dd5cab43cfc767/USER', 'nonvaliddata': 0, 'userfiles': [], 'dbsurl': 'https://cmsweb.cern.ch/dbs/prod/phys03/DBSReader', 'useparent': 0, 'ignorelocality': 0, 'splitalgo': 'FileBased', 'algoargs': 5, 'totalunits': 0, 'publication': 1, 'publishdbsurl': 'https://cmsweb.cern.ch/dbs/prod/phys03/DBSWriter', 'publishname2': 'DYto2Mu4Jets_ScoutingTree_100', 'jobtype': 'Analysis', 'generator': 'pythia', 'addoutputfiles': [], 'maxjobruntime': 1250, 'numcores': 1, 'maxmemory': 2500, 'priority': 10, 'nonprodsw': 0, 'asyncdest': 'T2_BR_SPRACE', 'requireaccelerator': 0, 'oneEventMode': 0, 'extrajdl': [], 'ignoreglobalblacklist': 0, 'partialdataset': 0, 'inputblocks': [], 'tfileoutfiles': ['DY2M_ScoutingTree_Output.root'], 'edmoutfiles': [], 'jobarch': 'el9_amd64_gcc12', 'jobminuarch': 'any', 'jobsw': 'CMSSW_14_0_18_patch1', 'cacheurl': 'https://cmsweb.cern.ch/S3/crabcache_prod', 'cachefilename': '2dcb3fd8a99a1a52e731b44ff523744eec5ba6f99f160bbd919196e1eed80a2d.tar.gz', 'debugfilename': 'cf55ebbd0429a520d7b6bdbb7d4c895d945e688ad66a1e9c72eede10241f17c6.tar.gz'} 
DEBUG 2025-03-29 05:34:57.623 UTC: 	 Encoded data for curl request: dryrun=0&workflow=crab_DYto2Mu4Jets_ScoutingTree_100&saveoutput=1&savelogsflag=1&inputdata=%2FDYto2Mu-4Jets_Bin-MLL-50_TuneCP5_13p6TeV_madgraphMLM-pythia8%2Famalhotr-DYto2Mu4Jets_Vertexer_100_EventAwareLumiBased-8eb043b42a967140b9dd5cab43cfc767%2FUSER&nonvaliddata=0&dbsurl=https%3A%2F%2Fcmsweb.cern.ch%2Fdbs%2Fprod%2Fphys03%2FDBSReader&useparent=0&ignorelocality=0&splitalgo=FileBased&algoargs=5&totalunits=0&publication=1&publishdbsurl=https%3A%2F%2Fcmsweb.cern.ch%2Fdbs%2Fprod%2Fphys03%2FDBSWriter&publishname2=DYto2Mu4Jets_ScoutingTree_100&jobtype=Analysis&generator=pythia&maxjobruntime=1250&numcores=1&maxmemory=2500&priority=10&nonprodsw=0&asyncdest=T2_BR_SPRACE&requireaccelerator=0&oneEventMode=0&ignoreglobalblacklist=0&partialdataset=0&jobarch=el9_amd64_gcc12&jobminuarch=any&jobsw=CMSSW_14_0_18_patch1&cacheurl=https%3A%2F%2Fcmsweb.cern.ch%2FS3%2Fcrabcache_prod&cachefilename=2dcb3fd8a99a1a52e731b44ff523744eec5ba6f99f160bbd919196e1eed80a2d.tar.gz&debugfilename=cf55ebbd0429a520d7b6bdbb7d4c895d945e688ad66a1e9c72eede10241f17c6.tar.gz&tfileoutfiles=DY2M_ScoutingTree_Output.root
DEBUG 2025-03-29 05:34:58.513 UTC: 	 Result: {'result': [{'RequestName': '250329_053458:amalhotr_crab_DYto2Mu4Jets_ScoutingTree_100'}]}
INFO 2025-03-29 05:34:58.517 UTC: 	 Success: Your task has been delivered to the prod CRAB3 server.
INFO 2025-03-29 05:34:58.517 UTC: 	 Task name: 250329_053458:amalhotr_crab_DYto2Mu4Jets_ScoutingTree_100
INFO 2025-03-29 05:34:58.517 UTC: 	 Project dir: crab_projects/crab_DYto2Mu4Jets_ScoutingTree_100
INFO 2025-03-29 05:34:58.517 UTC: 	 Please use ' crab status -d crab_projects/crab_DYto2Mu4Jets_ScoutingTree_100 ' to check how the submission process proceeds.
DEBUG 2025-03-29 05:34:58.517 UTC: 	 About to return
INFO 2025-03-29 05:34:58.519 UTC: 	 Log file is /afs/cern.ch/user/a/amalhotr/CMSSW_14_0_18_patch1/src/Run3ScoutingAnalysisTools/crab_projects/crab_DYto2Mu4Jets_ScoutingTree_100/crab.log
DEBUG 2025-03-29 05:39:01.184 UTC: 	 CRAB Client version: v3.250318
DEBUG 2025-03-29 05:39:01.184 UTC: 	 Running on: Linux lxplus940.cern.ch 5.14.0-503.22.1.el9_5.x86_64 #1 SMP PREEMPT_DYNAMIC Wed Jan 15 08:02:15 EST 2025 x86_64 x86_64 x86_64 GNU/Linux
DEBUG 2025-03-29 05:39:01.184 UTC: 	 Not using Singularity
DEBUG 2025-03-29 05:39:01.184 UTC: 	 Operating System: Red Hat Enterprise Linux 9.5 (Plow)
DEBUG 2025-03-29 05:39:01.184 UTC: 	 Executing command: 'status'
DEBUG 2025-03-29 05:39:01.184 UTC: 	 Found CRAB cache file /afs/cern.ch/user/a/amalhotr/.crab3
DEBUG 2025-03-29 05:39:01.188 UTC: 	 Checking credentials
DEBUG 2025-03-29 05:39:01.188 UTC: 	 Found proxy file /tmp/x509up_u180451
DEBUG 2025-03-29 05:39:01.188 UTC: 	 Making sure it has proper VOMS extension
DEBUG 2025-03-29 05:39:01.188 UTC: 	 Executing command :
 voms-proxy-info --vo --file /tmp/x509up_u180451
DEBUG 2025-03-29 05:39:01.566 UTC: 	 output : cms

 error: 
 retcode : 0
DEBUG 2025-03-29 05:39:01.566 UTC: 	 Getting proxy life time left
DEBUG 2025-03-29 05:39:01.566 UTC: 	 Executing command :
 voms-proxy-info --actimeleft --timeleft --file /tmp/x509up_u180451
DEBUG 2025-03-29 05:39:01.889 UTC: 	 output : 690203
690203

 error: 
 retcode : 0
DEBUG 2025-03-29 05:39:01.889 UTC: 	 Proxy valid for 191:43:23 hours
DEBUG 2025-03-29 05:39:01.890 UTC: 	 Encoded data for curl request: subresource=delegatedn
DEBUG 2025-03-29 05:39:02.017 UTC: 	 Registering user credentials on myproxy for /DC=ch/DC=cern/OU=computers/CN=crab-(preprod|prod)-tw(01|02).cern.ch|/DC=ch/DC=cern/OU=computers/CN=crab-dev-tw(01|02|03|04).cern.ch|/DC=ch/DC=cern/OU=Organic Units/OU=Users/CN=cmscrab/CN=(817881|373708)/CN=Robot: cms crab|/DC=ch/DC=cern/OU=Organic Units/OU=Users/CN=crabint1/CN=373708/CN=Robot: CMS CRAB Integration 1
DEBUG 2025-03-29 05:39:02.017 UTC: 	 Executing command :
 voms-proxy-info --identity --file /tmp/x509up_u180451
DEBUG 2025-03-29 05:39:02.356 UTC: 	 output : /DC=ch/DC=cern/OU=Organic Units/OU=Users/CN=amalhotr/CN=884837/CN=Aryan Malhotra

 error: 
 retcode : 0
DEBUG 2025-03-29 05:39:02.356 UTC: 	 Getting myproxy life time left for 2382a3cf28fdeacb1de9b039908761ea517a5ed6
DEBUG 2025-03-29 05:39:02.356 UTC: 	 Executing command :
 myproxy-info -s myproxy.cern.ch -l 2382a3cf28fdeacb1de9b039908761ea517a5ed6
DEBUG 2025-03-29 05:39:02.636 UTC: 	 output : username: 2382a3cf28fdeacb1de9b039908761ea517a5ed6
owner: /DC=ch/DC=cern/OU=Organic Units/OU=Users/CN=amalhotr/CN=884837/CN=Aryan Malhotra
  renewal policy: /DC=ch/DC=cern/OU=computers/CN=crab-(preprod|prod)-tw(01|02).cern.ch|/DC=ch/DC=cern/OU=computers/CN=crab-dev-tw(01|02|03|04).cern.ch|/DC=ch/DC=cern/OU=Organic Units/OU=Users/CN=cmscrab/CN=(817881|373708)/CN=Robot: cms crab|/DC=ch/DC=cern/OU=Organic Units/OU=Users/CN=crabint1/CN=373708/CN=Robot: CMS CRAB Integration 1
  trusted retrieval policy: /DC=ch/DC=cern/OU=computers/CN=crab-(preprod|prod)-tw(01|02).cern.ch|/DC=ch/DC=cern/OU=computers/CN=crab-dev-tw(01|02|03|04).cern.ch|/DC=ch/DC=cern/OU=Organic Units/OU=Users/CN=cmscrab/CN=(817881|373708)/CN=Robot: cms crab|/DC=ch/DC=cern/OU=Organic Units/OU=Users/CN=crabint1/CN=373708/CN=Robot: CMS CRAB Integration 1
  timeleft: 478:41:16  (19.9 days)

 error: 
 retcode : 0
DEBUG 2025-03-29 05:39:02.636 UTC: 	 Myproxy is valid: 1723260
DEBUG 2025-03-29 05:39:02.636 UTC: 	 Result of myproxy credential check:
  Credential exists on myproxy: username: 2382a3cf28fdeacb1de9b039908761ea517a5ed6  - validity: 19 days, 22:41:00
DEBUG 2025-03-29 05:39:02.637 UTC: 	 Retrieving username ...
DEBUG 2025-03-29 05:39:02.637 UTC: 	 Retrieving username from CRIC...
DEBUG 2025-03-29 05:39:03.402 UTC: 	 username is amalhotr
INFO 2025-03-29 05:39:03.934 UTC: 	 Rucio client intialized for account amalhotr
DEBUG 2025-03-29 05:39:03.935 UTC: 	 Command use: status
DEBUG 2025-03-29 05:39:03.935 UTC: 	 Options use: ['-d', 'crab_projects/crab_DYto2Mu4Jets_ScoutingTree_100']
DEBUG 2025-03-29 05:39:03.935 UTC: 	 Encoded data for curl request: subresource=version
DEBUG 2025-03-29 05:39:04.304 UTC: 	 CRABClient version: v3.250318
DEBUG 2025-03-29 05:39:04.304 UTC: 	 Instance is prod
DEBUG 2025-03-29 05:39:04.304 UTC: 	 Server base url is cmsweb.cern.ch
DEBUG 2025-03-29 05:39:04.304 UTC: 	 Command api workflow
DEBUG 2025-03-29 05:39:04.304 UTC: 	 Encoded data for curl request: subresource=search&workflow=250329_053458%3Aamalhotr_crab_DYto2Mu4Jets_ScoutingTree_100
DEBUG 2025-03-29 05:39:04.348 UTC: 	 Got information from server oracle database: {'desc': {'columns': ['tm_taskname', 'tm_activity', 'tm_task_status', 'tm_task_command', 'tm_start_time', 'tm_start_injection', 'tm_end_injection', 'tm_task_failure', 'tm_job_sw', 'tm_job_arch', 'tm_input_dataset', 'tm_nonvalid_input_dataset', 'tm_use_parent', 'tm_site_whitelist', 'tm_site_blacklist', 'tm_split_algo', 'tm_split_args', 'tm_user_sandbox', 'tm_cache_url', 'tm_username', 'tm_user_dn', 'tm_user_vo', 'tm_user_role', 'tm_user_group', 'tm_publish_name', 'tm_publish_groupname', 'tm_asyncdest', 'tm_dbs_url', 'tm_publish_dbs_url', 'tm_publication', 'tm_outfiles', 'tm_tfile_outfiles', 'tm_edm_outfiles', 'tm_job_type', 'tm_generator', 'tm_events_per_lumi', 'tm_arguments', 'tm_save_logs', 'tw_name', 'tm_user_infiles', 'tm_maxjobruntime', 'tm_numcores', 'tm_maxmemory', 'tm_priority', 'tm_output_dataset', 'tm_task_warnings', 'tm_user_webdir', 'tm_scriptexe', 'tm_scriptargs', 'tm_extrajdl', 'tm_collector', 'tm_schedd', 'tm_dry_run', 'tm_user_files', 'tm_transfer_outputs', 'tm_output_lfn', 'tm_ignore_locality', 'tm_fail_limit', 'tm_one_event_mode', 'tm_secondary_input_dataset', 'tm_primary_dataset', 'tm_last_publication', 'tm_debug_files', 'clusterid', 'tm_ignore_global_blacklist', 'tm_submitter_ip_addr', 'tm_totalunits', 'tm_ddm_reqid', 'tm_user_config', 'tm_transfer_container', 'tm_transfer_rule', 'tm_publish_rule', 'tm_multipub_rule', 'tm_job_min_microarch', 'tm_dagman_status', 'tm_num_jobs', 'tm_uploaded']}, 'result': ['250329_053458:amalhotr_crab_DYto2Mu4Jets_ScoutingTree_100', 'None', 'SUBMITTED', 'SUBMIT', '2025-03-29 05:34:58.506900', 'None', '2025-03-29 05:37:04.629018', 'None', 'CMSSW_14_0_18_patch1', 'el9_amd64_gcc12', '/DYto2Mu-4Jets_Bin-MLL-50_TuneCP5_13p6TeV_madgraphMLM-pythia8/amalhotr-DYto2Mu4Jets_Vertexer_100_EventAwareLumiBased-8eb043b42a967140b9dd5cab43cfc767/USER', 'F', '0', '[]', '[]', 'FileBased', "{'halt_job_on_file_boundaries': False, 'splitOnRun': False, 'files_per_job': 5, 'runs': [], 'lumis': []}", '2dcb3fd8a99a1a52e731b44ff523744eec5ba6f99f160bbd919196e1eed80a2d.tar.gz', 'https://cmsweb.cern.ch/S3/crabcache_prod', 'amalhotr', '/DC=ch/DC=cern/OU=Organic Units/OU=Users/CN=amalhotr/CN=884837/CN=Aryan Malhotra', 'cms', 'None', 'None', 'DYto2Mu4Jets_ScoutingTree_100-00000000000000000000000000000000', 'F', 'T2_BR_SPRACE', 'https://cmsweb.cern.ch/dbs/prod/phys03/DBSReader', 'https://cmsweb.cern.ch/dbs/prod/phys03/DBSWriter', 'T', '[]', "['DY2M_ScoutingTree_Output.root']", '[]', 'Analysis', 'pythia', 'None', '{}', 'T', 'crab-prod-tw02', '[]', '1250', '1', '2500', '10', 'None', '[]', 'http://vocms0155.cern.ch/mon/amalhotr/250329_053458:amalhotr_crab_DYto2Mu4Jets_ScoutingTree_100', 'None', '[]', '[]', 'cmsgwms-collector-global.cern.ch:9620,cmsgwms-collector-global.fnal.gov:9620', 'crab3@vocms0155.cern.ch', 'F', '[]', 'T', '/store/user/amalhotr/', 'F', 'None', 'F', 'None', 'DYto2Mu-4Jets_Bin-MLL-50_TuneCP5_13p6TeV_madgraphMLM-pythia8', 'None', 'cf55ebbd0429a520d7b6bdbb7d4c895d945e688ad66a1e9c72eede10241f17c6.tar.gz', '122680426', 'F', '188.184.75.82', '0.0', 'None', '{"partialdataset": false, "requireaccelerator": false, "acceleratorparams": null, "inputblocks": null}', 'None', 'None', 'None', 'None', 'any', 'NOT_READY', '0', 'F']}
INFO 2025-03-29 05:39:04.348 UTC: 	 CRAB project directory:		/afs/cern.ch/user/a/amalhotr/CMSSW_14_0_18_patch1/src/Run3ScoutingAnalysisTools/crab_projects/crab_DYto2Mu4Jets_ScoutingTree_100
INFO 2025-03-29 05:39:04.348 UTC: 	 Task name:			250329_053458:amalhotr_crab_DYto2Mu4Jets_ScoutingTree_100
INFO 2025-03-29 05:39:04.348 UTC: 	 Grid scheduler - Task Worker:	crab3@vocms0155.cern.ch - crab-prod-tw02
INFO 2025-03-29 05:39:04.348 UTC: 	 Status on the CRAB server:	SUBMITTED
INFO 2025-03-29 05:39:04.348 UTC: 	 Task URL to use for HELP:	https://cmsweb.cern.ch/crabserver/ui/task/250329_053458%3Aamalhotr_crab_DYto2Mu4Jets_ScoutingTree_100
INFO 2025-03-29 05:39:04.354 UTC: 	 Dashboard monitoring URL:	https://monit-grafana.cern.ch/d/cmsTMDetail/cms-task-monitoring-task-view?orgId=11&var-user=amalhotr&var-task=250329_053458%3Aamalhotr_crab_DYto2Mu4Jets_ScoutingTree_100&from=1743222898000&to=now
DEBUG 2025-03-29 05:39:04.354 UTC: 	 The CRAB server submitted your task to the Grid scheduler (cluster ID: 122680426)
DEBUG 2025-03-29 05:39:04.354 UTC: 	 Webdir is located at http://vocms0155.cern.ch/mon/amalhotr/250329_053458:amalhotr_crab_DYto2Mu4Jets_ScoutingTree_100
DEBUG 2025-03-29 05:39:04.355 UTC: 	 Encoded data for curl request: subresource=webdirprx&workflow=250329_053458%3Aamalhotr_crab_DYto2Mu4Jets_ScoutingTree_100
DEBUG 2025-03-29 05:39:04.448 UTC: 	 Proxied webdir is located at https://cmsweb.cern.ch:8443/scheddmon/0155/amalhotr/250329_053458:amalhotr_crab_DYto2Mu4Jets_ScoutingTree_100
DEBUG 2025-03-29 05:39:04.448 UTC: 	 Retrieving 'status_cache' file from https://cmsweb.cern.ch:8443/scheddmon/0155/amalhotr/250329_053458:amalhotr_crab_DYto2Mu4Jets_ScoutingTree_100/status_cache.pkl
DEBUG 2025-03-29 05:39:04.448 UTC: 	 Will execute:
curl -sS --capath /etc/grid-security/certificates --cert /tmp/x509up_u180451 --key /tmp/x509up_u180451 -o /tmp/crab_status-cache-b595top8.pkl -w %"{http_code}" "https://cmsweb.cern.ch:8443/scheddmon/0155/amalhotr/250329_053458:amalhotr_crab_DYto2Mu4Jets_ScoutingTree_100/status_cache.pkl"
DEBUG 2025-03-29 05:39:04.448 UTC: 	 Executing command :
 curl -sS --capath /etc/grid-security/certificates --cert /tmp/x509up_u180451 --key /tmp/x509up_u180451 -o /tmp/crab_status-cache-b595top8.pkl -w %"{http_code}" "https://cmsweb.cern.ch:8443/scheddmon/0155/amalhotr/250329_053458:amalhotr_crab_DYto2Mu4Jets_ScoutingTree_100/status_cache.pkl"
DEBUG 2025-03-29 05:39:04.484 UTC: 	 output : 200
 error: 
 retcode : 0
DEBUG 2025-03-29 05:39:04.484 UTC: 	 exitcode: 0
stdout: 200
stderr: 
error details: 
INFO 2025-03-29 05:39:04.485 UTC: 	 Task bootstrapped at 2025-03-29 05:38:06 UTC. 58 seconds ago
INFO 2025-03-29 05:39:04.485 UTC: 	 Status information will be available within a few minutes
INFO 2025-03-29 05:39:04.487 UTC: 	 Log file is /afs/cern.ch/user/a/amalhotr/CMSSW_14_0_18_patch1/src/Run3ScoutingAnalysisTools/crab_projects/crab_DYto2Mu4Jets_ScoutingTree_100/crab.log
DEBUG 2025-09-08 16:57:46.492 UTC: 	 CRAB Client version: v3.250820
DEBUG 2025-09-08 16:57:46.492 UTC: 	 Running on: Linux lxplus935.cern.ch 5.14.0-570.37.1.el9_6.x86_64 #1 SMP PREEMPT_DYNAMIC Sat Aug 16 01:10:00 EDT 2025 x86_64 x86_64 x86_64 GNU/Linux
DEBUG 2025-09-08 16:57:46.492 UTC: 	 Not using Singularity
DEBUG 2025-09-08 16:57:46.492 UTC: 	 Operating System: Red Hat Enterprise Linux 9.6 (Plow)
DEBUG 2025-09-08 16:57:46.492 UTC: 	 Executing command: 'kill'
DEBUG 2025-09-08 16:57:46.492 UTC: 	 Found CRAB cache file /afs/cern.ch/user/a/amalhotr/.crab3
DEBUG 2025-09-08 16:57:46.532 UTC: 	 Checking credentials
DEBUG 2025-09-08 16:57:46.532 UTC: 	 Found proxy file /tmp/x509up_u180451
DEBUG 2025-09-08 16:57:46.532 UTC: 	 Making sure it has proper VOMS extension
DEBUG 2025-09-08 16:57:46.532 UTC: 	 Executing command :
 voms-proxy-info --vo --file /tmp/x509up_u180451
DEBUG 2025-09-08 16:57:46.556 UTC: 	 output : cms

 error: 
 retcode : 0
DEBUG 2025-09-08 16:57:46.557 UTC: 	 Getting proxy life time left
DEBUG 2025-09-08 16:57:46.557 UTC: 	 Executing command :
 voms-proxy-info --actimeleft --timeleft --file /tmp/x509up_u180451
DEBUG 2025-09-08 16:57:46.582 UTC: 	 output : 690236
690236

 error: 
 retcode : 0
DEBUG 2025-09-08 16:57:46.582 UTC: 	 Proxy valid for 191:43:56 hours
DEBUG 2025-09-08 16:57:46.583 UTC: 	 Encoded data for curl request: subresource=delegatedn
DEBUG 2025-09-08 16:57:46.624 UTC: 	 Registering user credentials on myproxy for /DC=ch/DC=cern/OU=computers/CN=crab-(preprod|prod)-tw(01|02).cern.ch|/DC=ch/DC=cern/OU=computers/CN=crab-dev-tw(01|02|03|04).cern.ch|/DC=ch/DC=cern/OU=Organic Units/OU=Users/CN=cmscrab/CN=(817881|373708)/CN=Robot: cms crab|/DC=ch/DC=cern/OU=Organic Units/OU=Users/CN=crabint1/CN=373708/CN=Robot: CMS CRAB Integration 1
DEBUG 2025-09-08 16:57:46.625 UTC: 	 Executing command :
 voms-proxy-info --identity --file /tmp/x509up_u180451
DEBUG 2025-09-08 16:57:46.649 UTC: 	 output : /DC=ch/DC=cern/OU=Organic Units/OU=Users/CN=amalhotr/CN=884837/CN=Aryan Malhotra

 error: 
 retcode : 0
DEBUG 2025-09-08 16:57:46.649 UTC: 	 Getting myproxy life time left for 2382a3cf28fdeacb1de9b039908761ea517a5ed6
DEBUG 2025-09-08 16:57:46.649 UTC: 	 Executing command :
 myproxy-info -s myproxy.cern.ch -l 2382a3cf28fdeacb1de9b039908761ea517a5ed6
DEBUG 2025-09-08 16:57:46.990 UTC: 	 output : username: 2382a3cf28fdeacb1de9b039908761ea517a5ed6
owner: /DC=ch/DC=cern/OU=Organic Units/OU=Users/CN=amalhotr/CN=884837/CN=Aryan Malhotra
  renewal policy: /DC=ch/DC=cern/OU=computers/CN=crab-(preprod|prod)-tw(01|02).cern.ch|/DC=ch/DC=cern/OU=computers/CN=crab-dev-tw(01|02|03|04).cern.ch|/DC=ch/DC=cern/OU=Organic Units/OU=Users/CN=cmscrab/CN=(817881|373708)/CN=Robot: cms crab|/DC=ch/DC=cern/OU=Organic Units/OU=Users/CN=crabint1/CN=373708/CN=Robot: CMS CRAB Integration 1
  trusted retrieval policy: /DC=ch/DC=cern/OU=computers/CN=crab-(preprod|prod)-tw(01|02).cern.ch|/DC=ch/DC=cern/OU=computers/CN=crab-dev-tw(01|02|03|04).cern.ch|/DC=ch/DC=cern/OU=Organic Units/OU=Users/CN=cmscrab/CN=(817881|373708)/CN=Robot: cms crab|/DC=ch/DC=cern/OU=Organic Units/OU=Users/CN=crabint1/CN=373708/CN=Robot: CMS CRAB Integration 1
  timeleft: 719:46:57  (30.0 days)

 error: 
 retcode : 0
DEBUG 2025-09-08 16:57:46.990 UTC: 	 Myproxy is valid: 2591160
DEBUG 2025-09-08 16:57:46.990 UTC: 	 Result of myproxy credential check:
  Credential exists on myproxy: username: 2382a3cf28fdeacb1de9b039908761ea517a5ed6  - validity: 29 days, 23:46:00
DEBUG 2025-09-08 16:57:46.991 UTC: 	 Command use: kill
DEBUG 2025-09-08 16:57:46.991 UTC: 	 Options use: ['-d', 'crab_projects/crab_DYto2Mu4Jets_ScoutingTree_100']
DEBUG 2025-09-08 16:57:46.991 UTC: 	 Encoded data for curl request: subresource=version
DEBUG 2025-09-08 16:57:47.034 UTC: 	 CRABClient version: v3.250820
DEBUG 2025-09-08 16:57:47.034 UTC: 	 Instance is prod
DEBUG 2025-09-08 16:57:47.034 UTC: 	 Server base url is cmsweb.cern.ch
DEBUG 2025-09-08 16:57:47.034 UTC: 	 Command api workflow
DEBUG 2025-09-08 16:57:47.034 UTC: 	 Killing task 250329_053458:amalhotr_crab_DYto2Mu4Jets_ScoutingTree_100
DEBUG 2025-09-08 16:57:47.034 UTC: 	 Encoded data for curl request: workflow=250329_053458%3Aamalhotr_crab_DYto2Mu4Jets_ScoutingTree_100
DEBUG 2025-09-08 16:57:47.089 UTC: 	 Result: {'desc': {'columns': ['tm_taskname', 'tm_task_status', 'tm_task_command', 'tm_user_role', 'tm_user_group', 'tm_task_failure', 'tm_split_algo', 'tm_split_args', 'tm_save_logs', 'tm_username', 'tm_user_dn', 'tm_arguments', 'tm_input_dataset', 'tm_dbs_url', 'tm_task_warnings', 'tm_publication', 'tm_user_webdir', 'tm_output_dataset', 'tm_collector', 'tm_schedd', 'tm_dry_run', 'clusterid', 'tm_start_time', 'tw_name', 'tm_dagman_status', 'tm_num_jobs', 'tm_uploaded']}, 'result': [{'result': 'ok'}]}
INFO 2025-09-08 16:57:47.089 UTC: 	 Kill request successfully sent
INFO 2025-09-08 16:57:47.106 UTC: 	 Log file is /afs/cern.ch/user/a/amalhotr/CMSSW_14_0_18_patch1/src/Run3ScoutingAnalysisTools/crab_projects/crab_DYto2Mu4Jets_ScoutingTree_100/crab.log
