DEBUG 2025-09-11 04:23:14.341 UTC: 	 CRAB Client version: v3.250820
DEBUG 2025-09-11 04:23:14.341 UTC: 	 Running on: Linux lxplus915.cern.ch 5.14.0-570.32.1.el9_6.x86_64 #1 SMP PREEMPT_DYNAMIC Mon Jul 28 14:03:00 EDT 2025 x86_64 x86_64 x86_64 GNU/Linux
DEBUG 2025-09-11 04:23:14.341 UTC: 	 Not using Singularity
DEBUG 2025-09-11 04:23:14.341 UTC: 	 Operating System: Red Hat Enterprise Linux 9.6 (Plow)
DEBUG 2025-09-11 04:23:14.341 UTC: 	 Executing command: 'submit'
DEBUG 2025-09-11 04:23:14.341 UTC: 	 Found CRAB cache file /afs/cern.ch/user/a/amalhotr/.crab3
INFO 2025-09-11 04:23:14.341 UTC: 	 Will use CRAB configuration file chainedCrabConfig.py
DEBUG 2025-09-11 04:23:14.341 UTC: 	 Loading CRAB configuration file.
DEBUG 2025-09-11 04:23:14.349 UTC: 	 Will use CRAB plugin ANALYSIS (i.e. will run an analysis job type).
DEBUG 2025-09-11 04:23:14.355 UTC: 	 Checking credentials
DEBUG 2025-09-11 04:23:14.355 UTC: 	 Found proxy file /tmp/x509up_u180451
DEBUG 2025-09-11 04:23:14.355 UTC: 	 Making sure it has proper VOMS extension
DEBUG 2025-09-11 04:23:14.355 UTC: 	 Executing command :
 voms-proxy-info --vo --file /tmp/x509up_u180451
DEBUG 2025-09-11 04:23:14.376 UTC: 	 output : cms

 error: 
 retcode : 0
DEBUG 2025-09-11 04:23:14.376 UTC: 	 Getting proxy life time left
DEBUG 2025-09-11 04:23:14.376 UTC: 	 Executing command :
 voms-proxy-info --actimeleft --timeleft --file /tmp/x509up_u180451
DEBUG 2025-09-11 04:23:14.396 UTC: 	 output : 686936
686936

 error: 
 retcode : 0
DEBUG 2025-09-11 04:23:14.397 UTC: 	 Proxy valid for 190:48:56 hours
DEBUG 2025-09-11 04:23:14.397 UTC: 	 Encoded data for curl request: subresource=delegatedn
DEBUG 2025-09-11 04:23:14.432 UTC: 	 Registering user credentials on myproxy for /DC=ch/DC=cern/OU=computers/CN=crab-(preprod|prod)-tw(01|02).cern.ch|/DC=ch/DC=cern/OU=computers/CN=crab-dev-tw(01|02|03|04).cern.ch|/DC=ch/DC=cern/OU=Organic Units/OU=Users/CN=cmscrab/CN=(817881|373708)/CN=Robot: cms crab|/DC=ch/DC=cern/OU=Organic Units/OU=Users/CN=crabint1/CN=373708/CN=Robot: CMS CRAB Integration 1
DEBUG 2025-09-11 04:23:14.432 UTC: 	 Executing command :
 voms-proxy-info --identity --file /tmp/x509up_u180451
DEBUG 2025-09-11 04:23:14.453 UTC: 	 output : /DC=ch/DC=cern/OU=Organic Units/OU=Users/CN=amalhotr/CN=884837/CN=Aryan Malhotra

 error: 
 retcode : 0
DEBUG 2025-09-11 04:23:14.454 UTC: 	 Getting myproxy life time left for 2382a3cf28fdeacb1de9b039908761ea517a5ed6
DEBUG 2025-09-11 04:23:14.454 UTC: 	 Executing command :
 myproxy-info -s myproxy.cern.ch -l 2382a3cf28fdeacb1de9b039908761ea517a5ed6
DEBUG 2025-09-11 04:23:14.745 UTC: 	 output : username: 2382a3cf28fdeacb1de9b039908761ea517a5ed6
owner: /DC=ch/DC=cern/OU=Organic Units/OU=Users/CN=amalhotr/CN=884837/CN=Aryan Malhotra
  renewal policy: /DC=ch/DC=cern/OU=computers/CN=crab-(preprod|prod)-tw(01|02).cern.ch|/DC=ch/DC=cern/OU=computers/CN=crab-dev-tw(01|02|03|04).cern.ch|/DC=ch/DC=cern/OU=Organic Units/OU=Users/CN=cmscrab/CN=(817881|373708)/CN=Robot: cms crab|/DC=ch/DC=cern/OU=Organic Units/OU=Users/CN=crabint1/CN=373708/CN=Robot: CMS CRAB Integration 1
  trusted retrieval policy: /DC=ch/DC=cern/OU=computers/CN=crab-(preprod|prod)-tw(01|02).cern.ch|/DC=ch/DC=cern/OU=computers/CN=crab-dev-tw(01|02|03|04).cern.ch|/DC=ch/DC=cern/OU=Organic Units/OU=Users/CN=cmscrab/CN=(817881|373708)/CN=Robot: cms crab|/DC=ch/DC=cern/OU=Organic Units/OU=Users/CN=crabint1/CN=373708/CN=Robot: CMS CRAB Integration 1
  timeleft: 660:21:29  (27.5 days)

 error: 
 retcode : 0
DEBUG 2025-09-11 04:23:14.745 UTC: 	 Myproxy is valid: 2377260
DEBUG 2025-09-11 04:23:14.745 UTC: 	 Result of myproxy credential check:
  Credential exists on myproxy: username: 2382a3cf28fdeacb1de9b039908761ea517a5ed6  - validity: 27 days, 12:21:00
DEBUG 2025-09-11 04:23:14.745 UTC: 	 Command use: submit
DEBUG 2025-09-11 04:23:14.745 UTC: 	 Options use: ['-c', 'chainedCrabConfig.py']
DEBUG 2025-09-11 04:23:14.745 UTC: 	 Encoded data for curl request: subresource=version
DEBUG 2025-09-11 04:23:14.942 UTC: 	 CRABClient version: v3.250820
DEBUG 2025-09-11 04:23:14.942 UTC: 	 Instance is prod
DEBUG 2025-09-11 04:23:14.942 UTC: 	 Server base url is cmsweb.cern.ch
DEBUG 2025-09-11 04:23:14.942 UTC: 	 Command api workflow
DEBUG 2025-09-11 04:23:14.942 UTC: 	 Started submission
DEBUG 2025-09-11 04:23:14.942 UTC: 	 Working on /afs/cern.ch/user/a/amalhotr/CMSSW_14_0_18_patch1/src/Run3ScoutingAnalysisTools/crab_Data_ScoutingPFRun3_3mod10_v1
DEBUG 2025-09-11 04:23:14.943 UTC: 	 Encoded data for curl request: subresource=backendurls
DEBUG 2025-09-11 04:23:16.014 UTC: 	 Loading required information from the environment
DEBUG 2025-09-11 04:23:16.014 UTC: 	 Found CMSSW_14_0_18_patch1 for el9_amd64_gcc12 with base /afs/cern.ch/user/a/amalhotr/CMSSW_14_0_18_patch1
DEBUG 2025-09-11 04:23:16.014 UTC: 	 Loading required information from the environment
DEBUG 2025-09-11 04:23:16.014 UTC: 	 Found CMSSW_14_0_18_patch1 for el9_amd64_gcc12 with base /afs/cern.ch/user/a/amalhotr/CMSSW_14_0_18_patch1
DEBUG 2025-09-11 04:23:16.014 UTC: 	 UNIQUE NAME: tarUUID 033f0711-c614-42ff-84bc-3869a1ebaf34 
DEBUG 2025-09-11 04:23:16.014 UTC: 	 self.config: from WMCore.Configuration import Configuration
config = Configuration()
config.section_('General')
config.General.transferOutputs = True
config.General.transferLogs = True
config.General.requestName = 'Data_ScoutingPFRun3_3mod10_v1'
config.section_('JobType')
config.JobType.outputFiles = ['DY2M_ScoutingTree_Output.root']
config.JobType.psetName = 'UnifiedScoutingVertexingTreeMaker.py'
config.JobType.maxMemoryMB = 3000
config.JobType.pluginName = 'Analysis'
config.JobType.maxJobRuntimeMin = 2750
config.section_('Data')
config.Data.inputDBS = 'global'
config.Data.unitsPerJob = 2
config.Data.inputDataset = '/ScoutingPFRun3/Run2024H-v1/HLTSCOUT'
config.Data.publication = False
config.Data.allowNonValidInputDataset = True
config.Data.splitting = 'FileBased'
config.Data.outputDatasetTag = 'Data_ScoutingPFRun3_3mod10_v1'
config.section_('Site')
config.Site.storageSite = 'T3_CH_CERNBOX'
config.section_('User')
config.section_('Debug')

DEBUG 2025-09-11 04:23:16.014 UTC: 	 self.config.JobType.psetName: UnifiedScoutingVertexingTreeMaker.py
INFO 2025-09-11 04:23:16.014 UTC: 	 Importing CMSSW configuration UnifiedScoutingVertexingTreeMaker.py
INFO 2025-09-11 04:23:16.407 UTC: 	 Finished importing CMSSW configuration UnifiedScoutingVertexingTreeMaker.py
DEBUG 2025-09-11 04:23:16.407 UTC: 	 Writing CMSSW configuration to /afs/cern.ch/user/a/amalhotr/CMSSW_14_0_18_patch1/src/Run3ScoutingAnalysisTools/crab_Data_ScoutingPFRun3_3mod10_v1/inputs/PSet.py
DEBUG 2025-09-11 04:23:16.430 UTC: 	 The following EDM output files will be collected: []
DEBUG 2025-09-11 04:23:16.430 UTC: 	 The following TFile output files will be collected: ['DY2M_ScoutingTree_Output.root']
DEBUG 2025-09-11 04:23:16.430 UTC: 	 The following user output files (not listed as PoolOuputModule or TFileService in the CMSSW PSet) will be collected: 
DEBUG 2025-09-11 04:23:16.430 UTC: 	 Loading required information from the environment
DEBUG 2025-09-11 04:23:16.430 UTC: 	 Found CMSSW_14_0_18_patch1 for el9_amd64_gcc12 with base /afs/cern.ch/user/a/amalhotr/CMSSW_14_0_18_patch1
DEBUG 2025-09-11 04:23:16.430 UTC: 	 Making tarball in /afs/cern.ch/user/a/amalhotr/CMSSW_14_0_18_patch1/src/Run3ScoutingAnalysisTools/crab_Data_ScoutingPFRun3_3mod10_v1/inputs/033f0711-c614-42ff-84bc-3869a1ebaf34default.tgz
DEBUG 2025-09-11 04:23:16.431 UTC: 	 Checking directory /afs/cern.ch/user/a/amalhotr/CMSSW_14_0_18_patch1/bin
DEBUG 2025-09-11 04:23:16.431 UTC: 	 Adding directory /afs/cern.ch/user/a/amalhotr/CMSSW_14_0_18_patch1/bin to tarball
DEBUG 2025-09-11 04:23:16.436 UTC: 	 Checking directory /afs/cern.ch/user/a/amalhotr/CMSSW_14_0_18_patch1/python
DEBUG 2025-09-11 04:23:16.436 UTC: 	 Adding directory /afs/cern.ch/user/a/amalhotr/CMSSW_14_0_18_patch1/python to tarball
DEBUG 2025-09-11 04:23:16.687 UTC: 	 Checking directory /afs/cern.ch/user/a/amalhotr/CMSSW_14_0_18_patch1/cfipython
DEBUG 2025-09-11 04:23:16.687 UTC: 	 Adding directory /afs/cern.ch/user/a/amalhotr/CMSSW_14_0_18_patch1/cfipython to tarball
DEBUG 2025-09-11 04:23:16.703 UTC: 	 Checking directory /afs/cern.ch/user/a/amalhotr/CMSSW_14_0_18_patch1/lib
DEBUG 2025-09-11 04:23:16.703 UTC: 	 Adding directory /afs/cern.ch/user/a/amalhotr/CMSSW_14_0_18_patch1/lib to tarball
DEBUG 2025-09-11 04:23:16.830 UTC: 	 Checking directory /afs/cern.ch/user/a/amalhotr/CMSSW_14_0_18_patch1/biglib
DEBUG 2025-09-11 04:23:16.830 UTC: 	 Adding directory /afs/cern.ch/user/a/amalhotr/CMSSW_14_0_18_patch1/biglib to tarball
DEBUG 2025-09-11 04:23:16.832 UTC: 	 Checking directory /afs/cern.ch/user/a/amalhotr/CMSSW_14_0_18_patch1/module
DEBUG 2025-09-11 04:23:16.832 UTC: 	 Checking directory /afs/cern.ch/user/a/amalhotr/CMSSW_14_0_18_patch1/config/SCRAM/hooks
DEBUG 2025-09-11 04:23:16.832 UTC: 	 Adding directory /afs/cern.ch/user/a/amalhotr/CMSSW_14_0_18_patch1/config/SCRAM/hooks to tarball
DEBUG 2025-09-11 04:23:16.856 UTC: 	 Adding directory /afs/cern.ch/user/a/amalhotr/CMSSW_14_0_18_patch1/src/Run3ScoutingAnalysisTools/DataFormats/Scouting/interface to tarball
DEBUG 2025-09-11 04:23:16.871 UTC: 	 Adding directory /afs/cern.ch/user/a/amalhotr/CMSSW_14_0_18_patch1/src/Run3ScoutingAnalysisTools/ScoutingTreeMakerRun3/python to tarball
DEBUG 2025-09-11 04:23:16.883 UTC: 	 Adding directory /afs/cern.ch/user/a/amalhotr/CMSSW_14_0_18_patch1/src/DataFormats/Scouting/interface to tarball
DEBUG 2025-09-11 04:23:16.898 UTC: 	 Adding directory /afs/cern.ch/user/a/amalhotr/CMSSW_14_0_18_patch1/src/Configuration/GenProduction/python to tarball
DEBUG 2025-09-11 04:23:16.945 UTC: 	 Uploading archive /afs/cern.ch/user/a/amalhotr/CMSSW_14_0_18_patch1/src/Run3ScoutingAnalysisTools/crab_Data_ScoutingPFRun3_3mod10_v1/inputs/033f0711-c614-42ff-84bc-3869a1ebaf34default.tgz (451 KB) to the CRAB cache. Using URI https://cmsweb.cern.ch/S3/crabcache_prod
DEBUG 2025-09-11 04:23:17.112 UTC: 	 Encoded data for curl request: subresource=upload&objecttype=sandbox&tarballname=0f113a77335922a92c0c296a530906a7e59a82b7cb97c16d024a340d93d740be.tar.gz
DEBUG 2025-09-11 04:23:17.175 UTC: 	 Will execute:
curl -f -v -X POST  -H "User-Agent: CRAB" -F "key=amalhotr/sandboxes/0f113a77335922a92c0c296a530906a7e59a82b7cb97c16d024a340d93d740be.tar.gz" -F "AWSAccessKeyId=715203df6482458ba839e73e6dab634b" -F "policy=eyJleHBpcmF0aW9uIjogIjIwMjUtMDktMTFUMDU6MjM6MTdaIiwgImNvbmRpdGlvbnMiOiBbeyJidWNrZXQiOiAiY3JhYmNhY2hlX3Byb2QifSwgeyJrZXkiOiAiYW1hbGhvdHIvc2FuZGJveGVzLzBmMTEzYTc3MzM1OTIyYTkyYzBjMjk2YTUzMDkwNmE3ZTU5YTgyYjdjYjk3YzE2ZDAyNGEzNDBkOTNkNzQwYmUudGFyLmd6In1dfQ==" -F "signature=ZRqUNNqmaLnxwNSCoH7uqbAhWD4=" -F "file=@/afs/cern.ch/user/a/amalhotr/CMSSW_14_0_18_patch1/src/Run3ScoutingAnalysisTools/crab_Data_ScoutingPFRun3_3mod10_v1/inputs/033f0711-c614-42ff-84bc-3869a1ebaf34default.tgz" "https://s3.cern.ch/crabcache_prod"
DEBUG 2025-09-11 04:23:17.352 UTC: 	 exitcode: 0
stdout: b''
DEBUG 2025-09-11 04:23:17.352 UTC: 	 upload to S3 of sandbox /afs/cern.ch/user/a/amalhotr/CMSSW_14_0_18_patch1/src/Run3ScoutingAnalysisTools/crab_Data_ScoutingPFRun3_3mod10_v1/inputs/033f0711-c614-42ff-84bc-3869a1ebaf34default.tgz completed
DEBUG 2025-09-11 04:23:17.352 UTC: 	 make sure that object is ready for retrieve
DEBUG 2025-09-11 04:23:18.354 UTC: 	 Encoded data for curl request: subresource=download&objecttype=sandbox&tarballname=0f113a77335922a92c0c296a530906a7e59a82b7cb97c16d024a340d93d740be.tar.gz&clientmethod=head_object
DEBUG 2025-09-11 04:23:18.398 UTC: 	 PreSignedUrl to download sandbox received OK
DEBUG 2025-09-11 04:23:18.400 UTC: 	 Will execute:
 curl -v -s -f -o /dev/null --head  "https://s3.cern.ch/crabcache_prod/amalhotr/sandboxes/0f113a77335922a92c0c296a530906a7e59a82b7cb97c16d024a340d93d740be.tar.gz?AWSAccessKeyId=715203df6482458ba839e73e6dab634b&Signature=XBIwJfUEv5VRaaYYHLZr2F%2Fih0Y%3D&Expires=1757568198"
DEBUG 2025-09-11 04:23:18.426 UTC: 	 exitcode: 0
stdout: b''
DEBUG 2025-09-11 04:23:18.426 UTC: 	 sandbox /afs/cern.ch/user/a/amalhotr/CMSSW_14_0_18_patch1/src/Run3ScoutingAnalysisTools/crab_Data_ScoutingPFRun3_3mod10_v1/inputs/033f0711-c614-42ff-84bc-3869a1ebaf34default.tgz successfully uploaded to S3
DEBUG 2025-09-11 04:23:18.426 UTC: 	 Loading required information from the environment
DEBUG 2025-09-11 04:23:18.426 UTC: 	 Found CMSSW_14_0_18_patch1 for el9_amd64_gcc12 with base /afs/cern.ch/user/a/amalhotr/CMSSW_14_0_18_patch1
DEBUG 2025-09-11 04:23:18.426 UTC: 	 Making tarball in /afs/cern.ch/user/a/amalhotr/CMSSW_14_0_18_patch1/src/Run3ScoutingAnalysisTools/crab_Data_ScoutingPFRun3_3mod10_v1/inputs/debugFiles.tgz
DEBUG 2025-09-11 04:23:18.437 UTC: 	 Uploading archive /afs/cern.ch/user/a/amalhotr/CMSSW_14_0_18_patch1/src/Run3ScoutingAnalysisTools/crab_Data_ScoutingPFRun3_3mod10_v1/inputs/debugFiles.tgz (3 KB) to the CRAB cache. Using URI https://cmsweb.cern.ch/S3/crabcache_prod
DEBUG 2025-09-11 04:23:18.439 UTC: 	 Encoded data for curl request: subresource=upload&objecttype=sandbox&tarballname=2db8a6922c34c2618b3aae5ef42406ec505d9e3dffa6480481d3e4c0cf161476.tar.gz
DEBUG 2025-09-11 04:23:18.484 UTC: 	 Will execute:
curl -f -v -X POST  -H "User-Agent: CRAB" -F "key=amalhotr/sandboxes/2db8a6922c34c2618b3aae5ef42406ec505d9e3dffa6480481d3e4c0cf161476.tar.gz" -F "AWSAccessKeyId=715203df6482458ba839e73e6dab634b" -F "policy=eyJleHBpcmF0aW9uIjogIjIwMjUtMDktMTFUMDU6MjM6MThaIiwgImNvbmRpdGlvbnMiOiBbeyJidWNrZXQiOiAiY3JhYmNhY2hlX3Byb2QifSwgeyJrZXkiOiAiYW1hbGhvdHIvc2FuZGJveGVzLzJkYjhhNjkyMmMzNGMyNjE4YjNhYWU1ZWY0MjQwNmVjNTA1ZDllM2RmZmE2NDgwNDgxZDNlNGMwY2YxNjE0NzYudGFyLmd6In1dfQ==" -F "signature=mGvJ7WlxDMCRERbLnBWPKorufN0=" -F "file=@/afs/cern.ch/user/a/amalhotr/CMSSW_14_0_18_patch1/src/Run3ScoutingAnalysisTools/crab_Data_ScoutingPFRun3_3mod10_v1/inputs/debugFiles.tgz" "https://s3.cern.ch/crabcache_prod"
DEBUG 2025-09-11 04:23:18.564 UTC: 	 exitcode: 0
stdout: b''
DEBUG 2025-09-11 04:23:18.564 UTC: 	 upload to S3 of sandbox /afs/cern.ch/user/a/amalhotr/CMSSW_14_0_18_patch1/src/Run3ScoutingAnalysisTools/crab_Data_ScoutingPFRun3_3mod10_v1/inputs/debugFiles.tgz completed
DEBUG 2025-09-11 04:23:18.564 UTC: 	 make sure that object is ready for retrieve
DEBUG 2025-09-11 04:23:19.566 UTC: 	 Encoded data for curl request: subresource=download&objecttype=sandbox&tarballname=2db8a6922c34c2618b3aae5ef42406ec505d9e3dffa6480481d3e4c0cf161476.tar.gz&clientmethod=head_object
DEBUG 2025-09-11 04:23:19.608 UTC: 	 PreSignedUrl to download sandbox received OK
DEBUG 2025-09-11 04:23:19.610 UTC: 	 Will execute:
 curl -v -s -f -o /dev/null --head  "https://s3.cern.ch/crabcache_prod/amalhotr/sandboxes/2db8a6922c34c2618b3aae5ef42406ec505d9e3dffa6480481d3e4c0cf161476.tar.gz?AWSAccessKeyId=715203df6482458ba839e73e6dab634b&Signature=tctNN3aX3zxyu0JdOmu%2BR53CboY%3D&Expires=1757568199"
DEBUG 2025-09-11 04:23:19.639 UTC: 	 exitcode: 0
stdout: b''
DEBUG 2025-09-11 04:23:19.639 UTC: 	 sandbox /afs/cern.ch/user/a/amalhotr/CMSSW_14_0_18_patch1/src/Run3ScoutingAnalysisTools/crab_Data_ScoutingPFRun3_3mod10_v1/inputs/debugFiles.tgz successfully uploaded to S3
DEBUG 2025-09-11 04:23:19.639 UTC: 	 Result uploading input files: 0f113a77335922a92c0c296a530906a7e59a82b7cb97c16d024a340d93d740be.tar.gz 
DEBUG 2025-09-11 04:23:19.639 UTC: 	 submit() - self.configuration from WMCore.Configuration import Configuration
config = Configuration()
config.section_('General')
config.General.transferOutputs = True
config.General.transferLogs = True
config.General.requestName = 'Data_ScoutingPFRun3_3mod10_v1'
config.section_('JobType')
config.JobType.outputFiles = ['DY2M_ScoutingTree_Output.root']
config.JobType.psetName = 'UnifiedScoutingVertexingTreeMaker.py'
config.JobType.maxMemoryMB = 3000
config.JobType.pluginName = 'Analysis'
config.JobType.maxJobRuntimeMin = 2750
config.section_('Data')
config.Data.inputDBS = 'global'
config.Data.unitsPerJob = 2
config.Data.inputDataset = '/ScoutingPFRun3/Run2024H-v1/HLTSCOUT'
config.Data.publication = False
config.Data.allowNonValidInputDataset = True
config.Data.splitting = 'FileBased'
config.Data.outputDatasetTag = 'Data_ScoutingPFRun3_3mod10_v1'
config.section_('Site')
config.Site.storageSite = 'T3_CH_CERNBOX'
config.section_('User')
config.section_('Debug')

DEBUG 2025-09-11 04:23:19.639 UTC: 	 submit() - self.configreq {'dryrun': 0, 'workflow': 'crab_Data_ScoutingPFRun3_3mod10_v1', 'saveoutput': 1, 'savelogsflag': 1, 'inputdata': '/ScoutingPFRun3/Run2024H-v1/HLTSCOUT', 'nonvaliddata': 1, 'userfiles': [], 'dbsurl': 'https://cmsweb.cern.ch/dbs/prod/global/DBSReader', 'useparent': 0, 'ignorelocality': 0, 'splitalgo': 'FileBased', 'algoargs': 2, 'totalunits': 0, 'publication': 0, 'publishdbsurl': 'https://cmsweb.cern.ch/dbs/prod/phys03/DBSWriter', 'publishname2': 'Data_ScoutingPFRun3_3mod10_v1', 'jobtype': 'Analysis', 'generator': 'pythia', 'addoutputfiles': ['DY2M_ScoutingTree_Output.root'], 'maxjobruntime': 2750, 'numcores': 1, 'maxmemory': 3000, 'priority': 10, 'nonprodsw': 0, 'asyncdest': 'T3_CH_CERNBOX', 'requireaccelerator': 0, 'oneEventMode': 0, 'extrajdl': [], 'ignoreglobalblacklist': 0, 'partialdataset': 0, 'inputblocks': []}
DEBUG 2025-09-11 04:23:19.639 UTC: 	 submit() - jobconfig {'addoutputfiles': [], 'tfileoutfiles': ['DY2M_ScoutingTree_Output.root'], 'edmoutfiles': [], 'jobarch': 'el9_amd64_gcc12', 'jobminuarch': 'any', 'jobsw': 'CMSSW_14_0_18_patch1', 'inputdata': '/ScoutingPFRun3/Run2024H-v1/HLTSCOUT', 'cacheurl': 'https://cmsweb.cern.ch/S3/crabcache_prod', 'cachefilename': '0f113a77335922a92c0c296a530906a7e59a82b7cb97c16d024a340d93d740be.tar.gz', 'debugfilename': '2db8a6922c34c2618b3aae5ef42406ec505d9e3dffa6480481d3e4c0cf161476.tar.gz', 'jobtype': 'Analysis'}
INFO 2025-09-11 04:23:19.639 UTC: 	 Sending the request to the server at cmsweb.cern.ch
DEBUG 2025-09-11 04:23:19.639 UTC: 	 Submitting {'dryrun': 0, 'workflow': 'crab_Data_ScoutingPFRun3_3mod10_v1', 'saveoutput': 1, 'savelogsflag': 1, 'inputdata': '/ScoutingPFRun3/Run2024H-v1/HLTSCOUT', 'nonvaliddata': 1, 'userfiles': [], 'dbsurl': 'https://cmsweb.cern.ch/dbs/prod/global/DBSReader', 'useparent': 0, 'ignorelocality': 0, 'splitalgo': 'FileBased', 'algoargs': 2, 'totalunits': 0, 'publication': 0, 'publishdbsurl': 'https://cmsweb.cern.ch/dbs/prod/phys03/DBSWriter', 'publishname2': 'Data_ScoutingPFRun3_3mod10_v1', 'jobtype': 'Analysis', 'generator': 'pythia', 'addoutputfiles': [], 'maxjobruntime': 2750, 'numcores': 1, 'maxmemory': 3000, 'priority': 10, 'nonprodsw': 0, 'asyncdest': 'T3_CH_CERNBOX', 'requireaccelerator': 0, 'oneEventMode': 0, 'extrajdl': [], 'ignoreglobalblacklist': 0, 'partialdataset': 0, 'inputblocks': [], 'tfileoutfiles': ['DY2M_ScoutingTree_Output.root'], 'edmoutfiles': [], 'jobarch': 'el9_amd64_gcc12', 'jobminuarch': 'any', 'jobsw': 'CMSSW_14_0_18_patch1', 'cacheurl': 'https://cmsweb.cern.ch/S3/crabcache_prod', 'cachefilename': '0f113a77335922a92c0c296a530906a7e59a82b7cb97c16d024a340d93d740be.tar.gz', 'debugfilename': '2db8a6922c34c2618b3aae5ef42406ec505d9e3dffa6480481d3e4c0cf161476.tar.gz'} 
DEBUG 2025-09-11 04:23:19.640 UTC: 	 Encoded data for curl request: dryrun=0&workflow=crab_Data_ScoutingPFRun3_3mod10_v1&saveoutput=1&savelogsflag=1&inputdata=%2FScoutingPFRun3%2FRun2024H-v1%2FHLTSCOUT&nonvaliddata=1&dbsurl=https%3A%2F%2Fcmsweb.cern.ch%2Fdbs%2Fprod%2Fglobal%2FDBSReader&useparent=0&ignorelocality=0&splitalgo=FileBased&algoargs=2&totalunits=0&publication=0&publishdbsurl=https%3A%2F%2Fcmsweb.cern.ch%2Fdbs%2Fprod%2Fphys03%2FDBSWriter&publishname2=Data_ScoutingPFRun3_3mod10_v1&jobtype=Analysis&generator=pythia&maxjobruntime=2750&numcores=1&maxmemory=3000&priority=10&nonprodsw=0&asyncdest=T3_CH_CERNBOX&requireaccelerator=0&oneEventMode=0&ignoreglobalblacklist=0&partialdataset=0&jobarch=el9_amd64_gcc12&jobminuarch=any&jobsw=CMSSW_14_0_18_patch1&cacheurl=https%3A%2F%2Fcmsweb.cern.ch%2FS3%2Fcrabcache_prod&cachefilename=0f113a77335922a92c0c296a530906a7e59a82b7cb97c16d024a340d93d740be.tar.gz&debugfilename=2db8a6922c34c2618b3aae5ef42406ec505d9e3dffa6480481d3e4c0cf161476.tar.gz&tfileoutfiles=DY2M_ScoutingTree_Output.root
DEBUG 2025-09-11 04:23:19.835 UTC: 	 Result: {'result': [{'RequestName': '250911_042319:amalhotr_crab_Data_ScoutingPFRun3_3mod10_v1'}]}
INFO 2025-09-11 04:23:19.837 UTC: 	 Success: Your task has been delivered to the prod CRAB3 server.
INFO 2025-09-11 04:23:19.837 UTC: 	 Task name: 250911_042319:amalhotr_crab_Data_ScoutingPFRun3_3mod10_v1
INFO 2025-09-11 04:23:19.837 UTC: 	 Project dir: ./crab_Data_ScoutingPFRun3_3mod10_v1
INFO 2025-09-11 04:23:19.837 UTC: 	 Please use ' crab status -d ./crab_Data_ScoutingPFRun3_3mod10_v1 ' to check how the submission process proceeds.
DEBUG 2025-09-11 04:23:19.837 UTC: 	 About to return
INFO 2025-09-11 04:23:19.850 UTC: 	 Log file is /afs/cern.ch/user/a/amalhotr/CMSSW_14_0_18_patch1/src/Run3ScoutingAnalysisTools/crab_Data_ScoutingPFRun3_3mod10_v1/crab.log
DEBUG 2025-10-09 02:07:46.401 UTC: 	 CRAB Client version: v3.250820
DEBUG 2025-10-09 02:07:46.401 UTC: 	 Running on: Linux lxplus960.cern.ch 5.14.0-570.46.1.el9_6.x86_64 #1 SMP PREEMPT_DYNAMIC Tue Sep 16 03:28:23 EDT 2025 x86_64 x86_64 x86_64 GNU/Linux
DEBUG 2025-10-09 02:07:46.401 UTC: 	 Not using Singularity
DEBUG 2025-10-09 02:07:46.401 UTC: 	 Operating System: Red Hat Enterprise Linux 9.6 (Plow)
DEBUG 2025-10-09 02:07:46.401 UTC: 	 Executing command: 'kill'
DEBUG 2025-10-09 02:07:46.401 UTC: 	 Found CRAB cache file /afs/cern.ch/user/a/amalhotr/.crab3
DEBUG 2025-10-09 02:07:46.459 UTC: 	 Checking credentials
DEBUG 2025-10-09 02:07:46.459 UTC: 	 Found proxy file /tmp/x509up_u180451
DEBUG 2025-10-09 02:07:46.460 UTC: 	 Making sure it has proper VOMS extension
DEBUG 2025-10-09 02:07:46.460 UTC: 	 Executing command :
 voms-proxy-info --vo --file /tmp/x509up_u180451
DEBUG 2025-10-09 02:07:46.488 UTC: 	 output : cms

 error: 
 retcode : 0
DEBUG 2025-10-09 02:07:46.488 UTC: 	 Getting proxy life time left
DEBUG 2025-10-09 02:07:46.488 UTC: 	 Executing command :
 voms-proxy-info --actimeleft --timeleft --file /tmp/x509up_u180451
DEBUG 2025-10-09 02:07:46.521 UTC: 	 output : 683173
683172

 error: 
 retcode : 0
DEBUG 2025-10-09 02:07:46.521 UTC: 	 Proxy valid for 189:46:12 hours
DEBUG 2025-10-09 02:07:46.521 UTC: 	 Encoded data for curl request: subresource=delegatedn
DEBUG 2025-10-09 02:07:46.571 UTC: 	 Registering user credentials on myproxy for /DC=ch/DC=cern/OU=computers/CN=crab-(preprod|prod)-tw(01|02).cern.ch|/DC=ch/DC=cern/OU=computers/CN=crab-dev-tw(01|02|03|04).cern.ch|/DC=ch/DC=cern/OU=Organic Units/OU=Users/CN=cmscrab/CN=(817881|373708)/CN=Robot: cms crab|/DC=ch/DC=cern/OU=Organic Units/OU=Users/CN=crabint1/CN=373708/CN=Robot: CMS CRAB Integration 1
DEBUG 2025-10-09 02:07:46.571 UTC: 	 Executing command :
 voms-proxy-info --identity --file /tmp/x509up_u180451
DEBUG 2025-10-09 02:07:46.597 UTC: 	 output : /DC=ch/DC=cern/OU=Organic Units/OU=Users/CN=amalhotr/CN=884837/CN=Aryan Malhotra

 error: 
 retcode : 0
DEBUG 2025-10-09 02:07:46.598 UTC: 	 Getting myproxy life time left for 2382a3cf28fdeacb1de9b039908761ea517a5ed6
DEBUG 2025-10-09 02:07:46.598 UTC: 	 Executing command :
 myproxy-info -s myproxy.cern.ch -l 2382a3cf28fdeacb1de9b039908761ea517a5ed6
DEBUG 2025-10-09 02:07:47.021 UTC: 	 output : username: 2382a3cf28fdeacb1de9b039908761ea517a5ed6
owner: /DC=ch/DC=cern/OU=Organic Units/OU=Users/CN=amalhotr/CN=884837/CN=Aryan Malhotra
  renewal policy: /DC=ch/DC=cern/OU=computers/CN=crab-(preprod|prod)-tw(01|02).cern.ch|/DC=ch/DC=cern/OU=computers/CN=crab-dev-tw(01|02|03|04).cern.ch|/DC=ch/DC=cern/OU=Organic Units/OU=Users/CN=cmscrab/CN=(817881|373708)/CN=Robot: cms crab|/DC=ch/DC=cern/OU=Organic Units/OU=Users/CN=crabint1/CN=373708/CN=Robot: CMS CRAB Integration 1
  trusted retrieval policy: /DC=ch/DC=cern/OU=computers/CN=crab-(preprod|prod)-tw(01|02).cern.ch|/DC=ch/DC=cern/OU=computers/CN=crab-dev-tw(01|02|03|04).cern.ch|/DC=ch/DC=cern/OU=Organic Units/OU=Users/CN=cmscrab/CN=(817881|373708)/CN=Robot: cms crab|/DC=ch/DC=cern/OU=Organic Units/OU=Users/CN=crabint1/CN=373708/CN=Robot: CMS CRAB Integration 1
  timeleft: 387:01:01  (16.1 days)

 error: 
 retcode : 0
DEBUG 2025-10-09 02:07:47.021 UTC: 	 Myproxy is valid: 1393260
DEBUG 2025-10-09 02:07:47.021 UTC: 	 Result of myproxy credential check:
  Credential exists on myproxy: username: 2382a3cf28fdeacb1de9b039908761ea517a5ed6  - validity: 16 days, 3:01:00
DEBUG 2025-10-09 02:07:47.022 UTC: 	 Command use: kill
DEBUG 2025-10-09 02:07:47.022 UTC: 	 Options use: ['-d', './crab_Data_ScoutingPFRun3_3mod10_v1']
DEBUG 2025-10-09 02:07:47.022 UTC: 	 Encoded data for curl request: subresource=version
DEBUG 2025-10-09 02:07:47.064 UTC: 	 CRABClient version: v3.250820
DEBUG 2025-10-09 02:07:47.064 UTC: 	 Instance is prod
DEBUG 2025-10-09 02:07:47.064 UTC: 	 Server base url is cmsweb.cern.ch
DEBUG 2025-10-09 02:07:47.064 UTC: 	 Command api workflow
DEBUG 2025-10-09 02:07:47.064 UTC: 	 Killing task 250911_042319:amalhotr_crab_Data_ScoutingPFRun3_3mod10_v1
DEBUG 2025-10-09 02:07:47.065 UTC: 	 Encoded data for curl request: workflow=250911_042319%3Aamalhotr_crab_Data_ScoutingPFRun3_3mod10_v1
DEBUG 2025-10-09 02:07:47.275 UTC: 	 Result: {'desc': {'columns': ['tm_taskname', 'tm_task_status', 'tm_task_command', 'tm_user_role', 'tm_user_group', 'tm_task_failure', 'tm_split_algo', 'tm_split_args', 'tm_save_logs', 'tm_username', 'tm_user_dn', 'tm_arguments', 'tm_input_dataset', 'tm_dbs_url', 'tm_task_warnings', 'tm_publication', 'tm_user_webdir', 'tm_output_dataset', 'tm_collector', 'tm_schedd', 'tm_dry_run', 'clusterid', 'tm_start_time', 'tw_name', 'tm_dagman_status', 'tm_num_jobs', 'tm_uploaded']}, 'result': [{'result': 'ok'}]}
INFO 2025-10-09 02:07:47.275 UTC: 	 Kill request successfully sent
INFO 2025-10-09 02:07:47.277 UTC: 	 Log file is /afs/cern.ch/user/a/amalhotr/CMSSW_14_0_18_patch1/src/Run3ScoutingAnalysisTools/crab_Data_ScoutingPFRun3_3mod10_v1/crab.log
DEBUG 2025-10-14 05:48:07.677 UTC: 	 CRAB Client version: v3.250820
DEBUG 2025-10-14 05:48:07.678 UTC: 	 Running on: Linux lxplus9119.cern.ch 5.14.0-570.51.1.el9_6.x86_64 #1 SMP PREEMPT_DYNAMIC Sat Sep 27 01:10:11 EDT 2025 x86_64 x86_64 x86_64 GNU/Linux
DEBUG 2025-10-14 05:48:07.678 UTC: 	 Not using Singularity
DEBUG 2025-10-14 05:48:07.678 UTC: 	 Operating System: Red Hat Enterprise Linux 9.6 (Plow)
DEBUG 2025-10-14 05:48:07.678 UTC: 	 Executing command: 'kill'
DEBUG 2025-10-14 05:48:07.678 UTC: 	 Found CRAB cache file /afs/cern.ch/user/a/amalhotr/.crab3
DEBUG 2025-10-14 05:48:07.721 UTC: 	 Checking credentials
DEBUG 2025-10-14 05:48:07.722 UTC: 	 Found proxy file /tmp/x509up_u180451
DEBUG 2025-10-14 05:48:07.722 UTC: 	 Making sure it has proper VOMS extension
DEBUG 2025-10-14 05:48:07.722 UTC: 	 Executing command :
 voms-proxy-info --vo --file /tmp/x509up_u180451
DEBUG 2025-10-14 05:48:07.746 UTC: 	 output : cms

 error: 
 retcode : 0
DEBUG 2025-10-14 05:48:07.746 UTC: 	 Getting proxy life time left
DEBUG 2025-10-14 05:48:07.746 UTC: 	 Executing command :
 voms-proxy-info --actimeleft --timeleft --file /tmp/x509up_u180451
DEBUG 2025-10-14 05:48:07.774 UTC: 	 output : 691018
691018

 error: 
 retcode : 0
DEBUG 2025-10-14 05:48:07.774 UTC: 	 Proxy valid for 191:56:58 hours
DEBUG 2025-10-14 05:48:07.774 UTC: 	 Encoded data for curl request: subresource=delegatedn
DEBUG 2025-10-14 05:48:07.827 UTC: 	 Registering user credentials on myproxy for /DC=ch/DC=cern/OU=computers/CN=crab-(preprod|prod)-tw(01|02).cern.ch|/DC=ch/DC=cern/OU=computers/CN=crab-dev-tw(01|02|03|04).cern.ch|/DC=ch/DC=cern/OU=Organic Units/OU=Users/CN=cmscrab/CN=(817881|373708)/CN=Robot: cms crab|/DC=ch/DC=cern/OU=Organic Units/OU=Users/CN=crabint1/CN=373708/CN=Robot: CMS CRAB Integration 1
DEBUG 2025-10-14 05:48:07.827 UTC: 	 Executing command :
 voms-proxy-info --identity --file /tmp/x509up_u180451
DEBUG 2025-10-14 05:48:07.855 UTC: 	 output : /DC=ch/DC=cern/OU=Organic Units/OU=Users/CN=amalhotr/CN=884837/CN=Aryan Malhotra

 error: 
 retcode : 0
DEBUG 2025-10-14 05:48:07.855 UTC: 	 Getting myproxy life time left for 2382a3cf28fdeacb1de9b039908761ea517a5ed6
DEBUG 2025-10-14 05:48:07.855 UTC: 	 Executing command :
 myproxy-info -s myproxy.cern.ch -l 2382a3cf28fdeacb1de9b039908761ea517a5ed6
DEBUG 2025-10-14 05:48:08.129 UTC: 	 output : username: 2382a3cf28fdeacb1de9b039908761ea517a5ed6
owner: /DC=ch/DC=cern/OU=Organic Units/OU=Users/CN=amalhotr/CN=884837/CN=Aryan Malhotra
  renewal policy: /DC=ch/DC=cern/OU=computers/CN=crab-(preprod|prod)-tw(01|02).cern.ch|/DC=ch/DC=cern/OU=computers/CN=crab-dev-tw(01|02|03|04).cern.ch|/DC=ch/DC=cern/OU=Organic Units/OU=Users/CN=cmscrab/CN=(817881|373708)/CN=Robot: cms crab|/DC=ch/DC=cern/OU=Organic Units/OU=Users/CN=crabint1/CN=373708/CN=Robot: CMS CRAB Integration 1
  trusted retrieval policy: /DC=ch/DC=cern/OU=computers/CN=crab-(preprod|prod)-tw(01|02).cern.ch|/DC=ch/DC=cern/OU=computers/CN=crab-dev-tw(01|02|03|04).cern.ch|/DC=ch/DC=cern/OU=Organic Units/OU=Users/CN=cmscrab/CN=(817881|373708)/CN=Robot: cms crab|/DC=ch/DC=cern/OU=Organic Units/OU=Users/CN=crabint1/CN=373708/CN=Robot: CMS CRAB Integration 1
  timeleft: 695:00:33  (29.0 days)

 error: 
 retcode : 0
DEBUG 2025-10-14 05:48:08.129 UTC: 	 Myproxy is valid: 2502000
DEBUG 2025-10-14 05:48:08.129 UTC: 	 Result of myproxy credential check:
  Credential exists on myproxy: username: 2382a3cf28fdeacb1de9b039908761ea517a5ed6  - validity: 28 days, 23:00:00
DEBUG 2025-10-14 05:48:08.129 UTC: 	 Command use: kill
DEBUG 2025-10-14 05:48:08.129 UTC: 	 Options use: ['-d', 'crab_Data_ScoutingPFRun3_3mod10_v1']
DEBUG 2025-10-14 05:48:08.130 UTC: 	 Encoded data for curl request: subresource=version
DEBUG 2025-10-14 05:48:08.169 UTC: 	 CRABClient version: v3.250820
DEBUG 2025-10-14 05:48:08.170 UTC: 	 Instance is prod
DEBUG 2025-10-14 05:48:08.170 UTC: 	 Server base url is cmsweb.cern.ch
DEBUG 2025-10-14 05:48:08.170 UTC: 	 Command api workflow
DEBUG 2025-10-14 05:48:08.170 UTC: 	 Killing task 250911_042319:amalhotr_crab_Data_ScoutingPFRun3_3mod10_v1
DEBUG 2025-10-14 05:48:08.170 UTC: 	 Encoded data for curl request: workflow=250911_042319%3Aamalhotr_crab_Data_ScoutingPFRun3_3mod10_v1
DEBUG 2025-10-14 05:48:08.217 UTC: 	 Result: {'desc': {'columns': ['tm_taskname', 'tm_task_status', 'tm_task_command', 'tm_user_role', 'tm_user_group', 'tm_task_failure', 'tm_split_algo', 'tm_split_args', 'tm_save_logs', 'tm_username', 'tm_user_dn', 'tm_arguments', 'tm_input_dataset', 'tm_dbs_url', 'tm_task_warnings', 'tm_publication', 'tm_user_webdir', 'tm_output_dataset', 'tm_collector', 'tm_schedd', 'tm_dry_run', 'clusterid', 'tm_start_time', 'tw_name', 'tm_dagman_status', 'tm_num_jobs', 'tm_uploaded']}, 'result': [{'result': 'ok'}]}
INFO 2025-10-14 05:48:08.217 UTC: 	 Kill request successfully sent
INFO 2025-10-14 05:48:08.234 UTC: 	 Log file is /afs/cern.ch/user/a/amalhotr/CMSSW_14_0_18_patch1/src/Run3ScoutingAnalysisTools/crab_Data_ScoutingPFRun3_3mod10_v1/crab.log
DEBUG 2025-10-29 22:59:30.215 UTC: 	 CRAB Client version: v3.250820
DEBUG 2025-10-29 22:59:30.215 UTC: 	 Running on: Linux lxplus911.cern.ch 5.14.0-570.51.1.el9_6.x86_64 #1 SMP PREEMPT_DYNAMIC Sat Sep 27 01:10:11 EDT 2025 x86_64 x86_64 x86_64 GNU/Linux
DEBUG 2025-10-29 22:59:30.215 UTC: 	 Not using Singularity
DEBUG 2025-10-29 22:59:30.215 UTC: 	 Operating System: Red Hat Enterprise Linux 9.6 (Plow)
DEBUG 2025-10-29 22:59:30.215 UTC: 	 Executing command: 'kill'
DEBUG 2025-10-29 22:59:30.215 UTC: 	 Found CRAB cache file /afs/cern.ch/user/a/amalhotr/.crab3
DEBUG 2025-10-29 22:59:30.286 UTC: 	 Checking credentials
DEBUG 2025-10-29 22:59:30.287 UTC: 	 Found proxy file /tmp/x509up_u180451
DEBUG 2025-10-29 22:59:30.287 UTC: 	 Making sure it has proper VOMS extension
DEBUG 2025-10-29 22:59:30.287 UTC: 	 Executing command :
 voms-proxy-info --vo --file /tmp/x509up_u180451
DEBUG 2025-10-29 22:59:30.311 UTC: 	 output : cms

 error: 
 retcode : 0
DEBUG 2025-10-29 22:59:30.311 UTC: 	 Getting proxy life time left
DEBUG 2025-10-29 22:59:30.311 UTC: 	 Executing command :
 voms-proxy-info --actimeleft --timeleft --file /tmp/x509up_u180451
DEBUG 2025-10-29 22:59:30.331 UTC: 	 output : 683522
683522

 error: 
 retcode : 0
DEBUG 2025-10-29 22:59:30.331 UTC: 	 Proxy valid for 189:52:02 hours
DEBUG 2025-10-29 22:59:30.332 UTC: 	 Encoded data for curl request: subresource=delegatedn
DEBUG 2025-10-29 22:59:30.368 UTC: 	 Registering user credentials on myproxy for /DC=ch/DC=cern/OU=Organic Units/OU=Users/CN=cmscrab/CN=(817881|373708)/CN=Robot: cms crab|/DC=ch/DC=cern/OU=Organic Units/OU=Users/CN=crabint1/CN=373708/CN=Robot: CMS CRAB Integration 1
DEBUG 2025-10-29 22:59:30.368 UTC: 	 Executing command :
 voms-proxy-info --identity --file /tmp/x509up_u180451
DEBUG 2025-10-29 22:59:30.388 UTC: 	 output : /DC=ch/DC=cern/OU=Organic Units/OU=Users/CN=amalhotr/CN=884837/CN=Aryan Malhotra

 error: 
 retcode : 0
DEBUG 2025-10-29 22:59:30.389 UTC: 	 Getting myproxy life time left for 2382a3cf28fdeacb1de9b039908761ea517a5ed6
DEBUG 2025-10-29 22:59:30.389 UTC: 	 Executing command :
 myproxy-info -s myproxy.cern.ch -l 2382a3cf28fdeacb1de9b039908761ea517a5ed6
DEBUG 2025-10-29 22:59:30.663 UTC: 	 output : username: 2382a3cf28fdeacb1de9b039908761ea517a5ed6
owner: /DC=ch/DC=cern/OU=Organic Units/OU=Users/CN=amalhotr/CN=884837/CN=Aryan Malhotra
  renewal policy: /DC=ch/DC=cern/OU=Organic Units/OU=Users/CN=cmscrab/CN=(817881|373708)/CN=Robot: cms crab|/DC=ch/DC=cern/OU=Organic Units/OU=Users/CN=crabint1/CN=373708/CN=Robot: CMS CRAB Integration 1
  trusted retrieval policy: /DC=ch/DC=cern/OU=Organic Units/OU=Users/CN=cmscrab/CN=(817881|373708)/CN=Robot: cms crab|/DC=ch/DC=cern/OU=Organic Units/OU=Users/CN=crabint1/CN=373708/CN=Robot: CMS CRAB Integration 1
  timeleft: 719:49:45  (30.0 days)

 error: 
 retcode : 0
DEBUG 2025-10-29 22:59:30.663 UTC: 	 Myproxy is valid: 2591340
DEBUG 2025-10-29 22:59:30.663 UTC: 	 Result of myproxy credential check:
  Credential exists on myproxy: username: 2382a3cf28fdeacb1de9b039908761ea517a5ed6  - validity: 29 days, 23:49:00
DEBUG 2025-10-29 22:59:30.664 UTC: 	 Command use: kill
DEBUG 2025-10-29 22:59:30.664 UTC: 	 Options use: ['--dir=crab_Data_ScoutingPFRun3_3mod10_v1']
DEBUG 2025-10-29 22:59:30.664 UTC: 	 Encoded data for curl request: subresource=version
DEBUG 2025-10-29 22:59:30.698 UTC: 	 CRABClient version: v3.250820
DEBUG 2025-10-29 22:59:30.698 UTC: 	 Instance is prod
DEBUG 2025-10-29 22:59:30.698 UTC: 	 Server base url is cmsweb.cern.ch
DEBUG 2025-10-29 22:59:30.698 UTC: 	 Command api workflow
DEBUG 2025-10-29 22:59:30.698 UTC: 	 Killing task 250911_042319:amalhotr_crab_Data_ScoutingPFRun3_3mod10_v1
DEBUG 2025-10-29 22:59:30.699 UTC: 	 Encoded data for curl request: workflow=250911_042319%3Aamalhotr_crab_Data_ScoutingPFRun3_3mod10_v1
DEBUG 2025-10-29 22:59:30.745 UTC: 	 Result: {'desc': {'columns': ['tm_taskname', 'tm_task_status', 'tm_task_command', 'tm_user_role', 'tm_user_group', 'tm_task_failure', 'tm_split_algo', 'tm_split_args', 'tm_save_logs', 'tm_username', 'tm_user_dn', 'tm_arguments', 'tm_input_dataset', 'tm_dbs_url', 'tm_task_warnings', 'tm_publication', 'tm_user_webdir', 'tm_output_dataset', 'tm_collector', 'tm_schedd', 'tm_dry_run', 'clusterid', 'tm_start_time', 'tw_name', 'tm_dagman_status', 'tm_num_jobs', 'tm_uploaded']}, 'result': [{'result': 'ok'}]}
INFO 2025-10-29 22:59:30.746 UTC: 	 Kill request successfully sent
INFO 2025-10-29 22:59:30.787 UTC: 	 Log file is /afs/cern.ch/user/a/amalhotr/CMSSW_14_0_18_patch1/src/Run3ScoutingAnalysisTools/crab_Data_ScoutingPFRun3_3mod10_v1/crab.log
