25-Mar-2025 21:47:32 GMT  Initiating request to open file root://gfe02.grid.hep.ph.ic.ac.uk:1094//pnfs/hep.ph.ic.ac.uk/data/cms/store/mc/RunIII2024Summer24MiniAOD/DYto2Mu-4Jets_Bin-MLL-50_TuneCP5_13p6TeV_madgraphMLM-pythia8/MINIAODSIM/140X_mcRun3_2024_realistic_v26-v2/110000/00ec2d24-6d81-4fde-a650-892805966ea9.root
25-Mar-2025 21:47:44 GMT  Successfully opened file root://gfe02.grid.hep.ph.ic.ac.uk:1094//pnfs/hep.ph.ic.ac.uk/data/cms/store/mc/RunIII2024Summer24MiniAOD/DYto2Mu-4Jets_Bin-MLL-50_TuneCP5_13p6TeV_madgraphMLM-pythia8/MINIAODSIM/140X_mcRun3_2024_realistic_v26-v2/110000/00ec2d24-6d81-4fde-a650-892805966ea9.root
Begin processing the 1st record. Run 1, Event 2369434, LumiSection 455 on stream 0 at 25-Mar-2025 21:52:59.902 GMT
Begin processing the 2501st record. Run 1, Event 205093576, LumiSection 39298 on stream 0 at 25-Mar-2025 21:53:53.251 GMT
Begin processing the 5001st record. Run 1, Event 235643021, LumiSection 45151 on stream 0 at 25-Mar-2025 21:54:25.863 GMT
Begin processing the 7501st record. Run 1, Event 239246214, LumiSection 45842 on stream 0 at 25-Mar-2025 21:54:56.108 GMT
Begin processing the 10001st record. Run 1, Event 242798398, LumiSection 46523 on stream 0 at 25-Mar-2025 21:55:25.094 GMT
Begin processing the 12501st record. Run 1, Event 248150615, LumiSection 47548 on stream 0 at 25-Mar-2025 21:55:53.987 GMT
Begin processing the 15001st record. Run 1, Event 255496191, LumiSection 48956 on stream 0 at 25-Mar-2025 21:56:48.672 GMT
Begin processing the 17501st record. Run 1, Event 257909960, LumiSection 49418 on stream 0 at 25-Mar-2025 21:57:18.854 GMT
Begin processing the 20001st record. Run 1, Event 263277860, LumiSection 50447 on stream 0 at 25-Mar-2025 21:57:50.295 GMT
Begin processing the 22501st record. Run 1, Event 265357562, LumiSection 50845 on stream 0 at 25-Mar-2025 21:58:16.381 GMT
Begin processing the 25001st record. Run 1, Event 472538982, LumiSection 90543 on stream 0 at 25-Mar-2025 21:58:45.230 GMT
Begin processing the 27501st record. Run 1, Event 474138416, LumiSection 90849 on stream 0 at 25-Mar-2025 21:59:39.568 GMT
25-Mar-2025 22:00:11 GMT  Closed file root://gfe02.grid.hep.ph.ic.ac.uk:1094//pnfs/hep.ph.ic.ac.uk/data/cms/store/mc/RunIII2024Summer24MiniAOD/DYto2Mu-4Jets_Bin-MLL-50_TuneCP5_13p6TeV_madgraphMLM-pythia8/MINIAODSIM/140X_mcRun3_2024_realistic_v26-v2/110000/00ec2d24-6d81-4fde-a650-892805966ea9.root
25-Mar-2025 22:00:11 GMT  Initiating request to open file root://gfe02.grid.hep.ph.ic.ac.uk:1094//pnfs/hep.ph.ic.ac.uk/data/cms/store/mc/RunIII2024Summer24MiniAOD/DYto2Mu-4Jets_Bin-MLL-50_TuneCP5_13p6TeV_madgraphMLM-pythia8/MINIAODSIM/140X_mcRun3_2024_realistic_v26-v2/110000/050ea95d-2d49-4a18-bb9a-a0d272a79945.root
25-Mar-2025 22:00:16 GMT  Successfully opened file root://gfe02.grid.hep.ph.ic.ac.uk:1094//pnfs/hep.ph.ic.ac.uk/data/cms/store/mc/RunIII2024Summer24MiniAOD/DYto2Mu-4Jets_Bin-MLL-50_TuneCP5_13p6TeV_madgraphMLM-pythia8/MINIAODSIM/140X_mcRun3_2024_realistic_v26-v2/110000/050ea95d-2d49-4a18-bb9a-a0d272a79945.root
[2025-03-25 22:05:26.613703 +0000][Error  ][PostMaster        ] [sedsk23.grid.hep.ph.ic.ac.uk:20378] Forcing error on disconnect: [ERROR] Operation interrupted.
Begin processing the 30001st record. Run 1, Event 2057262366, LumiSection 394188 on stream 0 at 25-Mar-2025 22:08:11.494 GMT
Begin processing the 32501st record. Run 1, Event 2068240541, LumiSection 396291 on stream 0 at 25-Mar-2025 22:08:33.948 GMT
Begin processing the 35001st record. Run 1, Event 2086404852, LumiSection 399772 on stream 0 at 25-Mar-2025 22:08:56.671 GMT
Begin processing the 37501st record. Run 1, Event 2092691222, LumiSection 400976 on stream 0 at 25-Mar-2025 22:09:19.387 GMT
Begin processing the 40001st record. Run 1, Event 2219839314, LumiSection 425339 on stream 0 at 25-Mar-2025 22:09:42.070 GMT
Begin processing the 42501st record. Run 1, Event 2220489019, LumiSection 425463 on stream 0 at 25-Mar-2025 22:10:04.463 GMT
Begin processing the 45001st record. Run 1, Event 2221608821, LumiSection 425678 on stream 0 at 25-Mar-2025 22:10:27.235 GMT
Begin processing the 47501st record. Run 1, Event 2221987451, LumiSection 425750 on stream 0 at 25-Mar-2025 22:10:49.601 GMT
Begin processing the 50001st record. Run 1, Event 2223049877, LumiSection 425954 on stream 0 at 25-Mar-2025 22:11:26.373 GMT
Begin processing the 52501st record. Run 1, Event 2225265735, LumiSection 426378 on stream 0 at 25-Mar-2025 22:11:48.586 GMT
Begin processing the 55001st record. Run 1, Event 2227768755, LumiSection 426858 on stream 0 at 25-Mar-2025 22:12:10.252 GMT
Begin processing the 57501st record. Run 1, Event 2359963610, LumiSection 452187 on stream 0 at 25-Mar-2025 22:12:31.994 GMT
Begin processing the 60001st record. Run 1, Event 2364663304, LumiSection 453088 on stream 0 at 25-Mar-2025 22:12:54.094 GMT
Begin processing the 62501st record. Run 1, Event 2431621013, LumiSection 465918 on stream 0 at 25-Mar-2025 22:13:16.659 GMT
Begin processing the 65001st record. Run 1, Event 2466236069, LumiSection 472550 on stream 0 at 25-Mar-2025 22:13:38.930 GMT
25-Mar-2025 22:14:16 GMT  Closed file root://gfe02.grid.hep.ph.ic.ac.uk:1094//pnfs/hep.ph.ic.ac.uk/data/cms/store/mc/RunIII2024Summer24MiniAOD/DYto2Mu-4Jets_Bin-MLL-50_TuneCP5_13p6TeV_madgraphMLM-pythia8/MINIAODSIM/140X_mcRun3_2024_realistic_v26-v2/110000/050ea95d-2d49-4a18-bb9a-a0d272a79945.root
25-Mar-2025 22:14:16 GMT  Initiating request to open file root://gfe02.grid.hep.ph.ic.ac.uk:1094//pnfs/hep.ph.ic.ac.uk/data/cms/store/mc/RunIII2024Summer24MiniAOD/DYto2Mu-4Jets_Bin-MLL-50_TuneCP5_13p6TeV_madgraphMLM-pythia8/MINIAODSIM/140X_mcRun3_2024_realistic_v26-v2/110000/06ec8a57-3007-4c85-b9e7-383aaa1464a1.root
25-Mar-2025 22:14:19 GMT  Successfully opened file root://gfe02.grid.hep.ph.ic.ac.uk:1094//pnfs/hep.ph.ic.ac.uk/data/cms/store/mc/RunIII2024Summer24MiniAOD/DYto2Mu-4Jets_Bin-MLL-50_TuneCP5_13p6TeV_madgraphMLM-pythia8/MINIAODSIM/140X_mcRun3_2024_realistic_v26-v2/110000/06ec8a57-3007-4c85-b9e7-383aaa1464a1.root
[2025-03-25 22:19:31.857515 +0000][Error  ][PostMaster        ] [sedsk45.grid.hep.ph.ic.ac.uk:21542] Forcing error on disconnect: [ERROR] Operation interrupted.
Begin processing the 67501st record. Run 1, Event 1073626831, LumiSection 205716 on stream 0 at 25-Mar-2025 22:21:09.592 GMT
Begin processing the 70001st record. Run 1, Event 1543923941, LumiSection 295828 on stream 0 at 25-Mar-2025 22:21:40.388 GMT
Begin processing the 72501st record. Run 1, Event 1632790659, LumiSection 312856 on stream 0 at 25-Mar-2025 22:22:08.555 GMT
Begin processing the 75001st record. Run 1, Event 1871552262, LumiSection 358604 on stream 0 at 25-Mar-2025 22:22:38.226 GMT
Begin processing the 77501st record. Run 1, Event 1880135452, LumiSection 360249 on stream 0 at 25-Mar-2025 22:23:09.416 GMT
Begin processing the 80001st record. Run 1, Event 1884276744, LumiSection 361042 on stream 0 at 25-Mar-2025 22:23:37.952 GMT
Begin processing the 82501st record. Run 1, Event 1888152171, LumiSection 361785 on stream 0 at 25-Mar-2025 22:24:29.647 GMT
Begin processing the 85001st record. Run 1, Event 1889585305, LumiSection 362059 on stream 0 at 25-Mar-2025 22:24:56.268 GMT
Begin processing the 87501st record. Run 1, Event 1894060695, LumiSection 362917 on stream 0 at 25-Mar-2025 22:25:23.790 GMT
Begin processing the 90001st record. Run 1, Event 1897163158, LumiSection 363511 on stream 0 at 25-Mar-2025 22:25:59.641 GMT
Begin processing the 92501st record. Run 1, Event 2061674642, LumiSection 395033 on stream 0 at 25-Mar-2025 22:26:25.927 GMT
Begin processing the 95001st record. Run 1, Event 2063556064, LumiSection 395393 on stream 0 at 25-Mar-2025 22:27:18.558 GMT
Begin processing the 97501st record. Run 1, Event 2064566205, LumiSection 395587 on stream 0 at 25-Mar-2025 22:27:46.491 GMT
25-Mar-2025 22:28:12 GMT  Closed file root://gfe02.grid.hep.ph.ic.ac.uk:1094//pnfs/hep.ph.ic.ac.uk/data/cms/store/mc/RunIII2024Summer24MiniAOD/DYto2Mu-4Jets_Bin-MLL-50_TuneCP5_13p6TeV_madgraphMLM-pythia8/MINIAODSIM/140X_mcRun3_2024_realistic_v26-v2/110000/06ec8a57-3007-4c85-b9e7-383aaa1464a1.root
25-Mar-2025 22:28:12 GMT  Initiating request to open file root://gfe02.grid.hep.ph.ic.ac.uk:1094//pnfs/hep.ph.ic.ac.uk/data/cms/store/mc/RunIII2024Summer24MiniAOD/DYto2Mu-4Jets_Bin-MLL-50_TuneCP5_13p6TeV_madgraphMLM-pythia8/MINIAODSIM/140X_mcRun3_2024_realistic_v26-v2/110000/16198f96-cbf3-4809-95f8-c77574e534ec.root
25-Mar-2025 22:28:17 GMT  Successfully opened file root://gfe02.grid.hep.ph.ic.ac.uk:1094//pnfs/hep.ph.ic.ac.uk/data/cms/store/mc/RunIII2024Summer24MiniAOD/DYto2Mu-4Jets_Bin-MLL-50_TuneCP5_13p6TeV_madgraphMLM-pythia8/MINIAODSIM/140X_mcRun3_2024_realistic_v26-v2/110000/16198f96-cbf3-4809-95f8-c77574e534ec.root
[2025-03-25 22:33:13.229530 +0000][Error  ][PostMaster        ] [sedsk46.grid.hep.ph.ic.ac.uk:23768] Forcing error on disconnect: [ERROR] Operation interrupted.
Begin processing the 100001st record. Run 1, Event 1541823789, LumiSection 295426 on stream 0 at 25-Mar-2025 22:34:45.365 GMT
Begin processing the 102501st record. Run 1, Event 1869757178, LumiSection 358260 on stream 0 at 25-Mar-2025 22:35:10.713 GMT
Begin processing the 105001st record. Run 1, Event 1871539492, LumiSection 358602 on stream 0 at 25-Mar-2025 22:35:36.777 GMT
Begin processing the 107501st record. Run 1, Event 1875049155, LumiSection 359274 on stream 0 at 25-Mar-2025 22:36:01.774 GMT
Begin processing the 110001st record. Run 1, Event 1883073498, LumiSection 360812 on stream 0 at 25-Mar-2025 22:36:28.244 GMT
Begin processing the 112501st record. Run 1, Event 1894463791, LumiSection 362994 on stream 0 at 25-Mar-2025 22:36:50.666 GMT
Begin processing the 115001st record. Run 1, Event 1902059991, LumiSection 364450 on stream 0 at 25-Mar-2025 22:37:12.776 GMT
Begin processing the 117501st record. Run 1, Event 2058257486, LumiSection 394378 on stream 0 at 25-Mar-2025 22:37:51.647 GMT
Begin processing the 120001st record. Run 1, Event 2060311236, LumiSection 394772 on stream 0 at 25-Mar-2025 22:38:12.548 GMT
Begin processing the 122501st record. Run 1, Event 2061258429, LumiSection 394953 on stream 0 at 25-Mar-2025 22:38:33.617 GMT
Begin processing the 125001st record. Run 1, Event 2069001052, LumiSection 396437 on stream 0 at 25-Mar-2025 22:38:54.746 GMT
Begin processing the 127501st record. Run 1, Event 2071248152, LumiSection 396867 on stream 0 at 25-Mar-2025 22:39:15.150 GMT
Begin processing the 130001st record. Run 1, Event 2071887224, LumiSection 396990 on stream 0 at 25-Mar-2025 22:39:35.168 GMT
Begin processing the 132501st record. Run 1, Event 2083033175, LumiSection 399125 on stream 0 at 25-Mar-2025 22:39:55.862 GMT
Begin processing the 135001st record. Run 1, Event 2088463633, LumiSection 400166 on stream 0 at 25-Mar-2025 22:40:17.626 GMT
Begin processing the 137501st record. Run 1, Event 2089928258, LumiSection 400447 on stream 0 at 25-Mar-2025 22:40:54.467 GMT
Begin processing the 140001st record. Run 1, Event 2091016845, LumiSection 400655 on stream 0 at 25-Mar-2025 22:41:15.218 GMT
Begin processing the 142501st record. Run 1, Event 2092365626, LumiSection 400914 on stream 0 at 25-Mar-2025 22:41:36.141 GMT
25-Mar-2025 22:41:41 GMT  Closed file root://gfe02.grid.hep.ph.ic.ac.uk:1094//pnfs/hep.ph.ic.ac.uk/data/cms/store/mc/RunIII2024Summer24MiniAOD/DYto2Mu-4Jets_Bin-MLL-50_TuneCP5_13p6TeV_madgraphMLM-pythia8/MINIAODSIM/140X_mcRun3_2024_realistic_v26-v2/110000/16198f96-cbf3-4809-95f8-c77574e534ec.root
25-Mar-2025 22:41:41 GMT  Initiating request to open file root://gfe02.grid.hep.ph.ic.ac.uk:1094//pnfs/hep.ph.ic.ac.uk/data/cms/store/mc/RunIII2024Summer24MiniAOD/DYto2Mu-4Jets_Bin-MLL-50_TuneCP5_13p6TeV_madgraphMLM-pythia8/MINIAODSIM/140X_mcRun3_2024_realistic_v26-v2/110000/1d4ec7c3-cf3e-42af-8a13-1dd4b99540d6.root
25-Mar-2025 22:41:46 GMT  Successfully opened file root://gfe02.grid.hep.ph.ic.ac.uk:1094//pnfs/hep.ph.ic.ac.uk/data/cms/store/mc/RunIII2024Summer24MiniAOD/DYto2Mu-4Jets_Bin-MLL-50_TuneCP5_13p6TeV_madgraphMLM-pythia8/MINIAODSIM/140X_mcRun3_2024_realistic_v26-v2/110000/1d4ec7c3-cf3e-42af-8a13-1dd4b99540d6.root
Begin processing the 145001st record. Run 1, Event 71284604, LumiSection 13659 on stream 0 at 25-Mar-2025 22:45:13.326 GMT
Begin processing the 147501st record. Run 1, Event 72779934, LumiSection 13946 on stream 0 at 25-Mar-2025 22:45:38.911 GMT
Begin processing the 150001st record. Run 1, Event 240161417, LumiSection 46017 on stream 0 at 25-Mar-2025 22:46:06.879 GMT
Begin processing the 152501st record. Run 1, Event 242277651, LumiSection 46423 on stream 0 at 25-Mar-2025 22:46:33.940 GMT
[2025-03-25 22:46:56.395566 +0000][Error  ][PostMaster        ] [sedsk81.grid.hep.ph.ic.ac.uk:20453] Forcing error on disconnect: [ERROR] Operation interrupted.
Begin processing the 155001st record. Run 1, Event 244759330, LumiSection 46898 on stream 0 at 25-Mar-2025 22:47:00.748 GMT
Begin processing the 157501st record. Run 1, Event 248002686, LumiSection 47520 on stream 0 at 25-Mar-2025 22:47:27.352 GMT
Begin processing the 160001st record. Run 1, Event 249654311, LumiSection 47836 on stream 0 at 25-Mar-2025 22:48:19.690 GMT
Begin processing the 162501st record. Run 1, Event 250909459, LumiSection 48077 on stream 0 at 25-Mar-2025 22:48:47.675 GMT
Begin processing the 165001st record. Run 1, Event 256809524, LumiSection 49207 on stream 0 at 25-Mar-2025 22:49:15.206 GMT
Begin processing the 167501st record. Run 1, Event 265162200, LumiSection 50808 on stream 0 at 25-Mar-2025 22:49:43.196 GMT
25-Mar-2025 22:50:00 GMT  Closed file root://gfe02.grid.hep.ph.ic.ac.uk:1094//pnfs/hep.ph.ic.ac.uk/data/cms/store/mc/RunIII2024Summer24MiniAOD/DYto2Mu-4Jets_Bin-MLL-50_TuneCP5_13p6TeV_madgraphMLM-pythia8/MINIAODSIM/140X_mcRun3_2024_realistic_v26-v2/110000/1d4ec7c3-cf3e-42af-8a13-1dd4b99540d6.root

TimeReport> Time report complete in 3833.56 seconds
 Time Summary: 
 - Min event:   0.00125117
 - Max event:   26.8632
 - Avg event:   0.0112609
 - Total loop:  3703.47
 - Total init:  102.971
 - Total job:   3833.56
 - Total EventSetup: 0
 - Total non-module: 2001.3
 Event Throughput: 45.6005 ev/s
 CPU Summary: 
 - Total loop:     2387.24
 - Total init:     38.796
 - Total extra:    0
 - Total children: 184.608
 - Total job:      2437.72
 Processing Summary: 
 - Number of Events:  168880
 - Number of Global Begin Lumi Calls:  238
 - Number of Global Begin Run Calls: 1

