DEBUG 2025-05-22 18:57:26.474 UTC: 	 CRAB Client version: v3.250409
DEBUG 2025-05-22 18:57:26.475 UTC: 	 Running on: Linux lxplus978.cern.ch 5.14.0-503.34.1.el9_5.x86_64 #1 SMP PREEMPT_DYNAMIC Mon Mar 17 21:49:47 EDT 2025 x86_64 x86_64 x86_64 GNU/Linux
DEBUG 2025-05-22 18:57:26.475 UTC: 	 Not using Singularity
DEBUG 2025-05-22 18:57:26.475 UTC: 	 Operating System: Red Hat Enterprise Linux 9.6 (Plow)
DEBUG 2025-05-22 18:57:26.475 UTC: 	 Executing command: 'submit'
DEBUG 2025-05-22 18:57:26.475 UTC: 	 Found CRAB cache file /afs/cern.ch/user/a/amalhotr/.crab3
INFO 2025-05-22 18:57:26.529 UTC: 	 Will use CRAB configuration file chainedCrabConfig.py
DEBUG 2025-05-22 18:57:26.529 UTC: 	 Loading CRAB configuration file.
DEBUG 2025-05-22 18:57:26.591 UTC: 	 Will use CRAB plugin ANALYSIS (i.e. will run an analysis job type).
DEBUG 2025-05-22 18:57:26.740 UTC: 	 Checking credentials
DEBUG 2025-05-22 18:57:26.740 UTC: 	 Found proxy file /tmp/x509up_u180451
DEBUG 2025-05-22 18:57:26.740 UTC: 	 Making sure it has proper VOMS extension
DEBUG 2025-05-22 18:57:26.740 UTC: 	 Executing command :
 voms-proxy-info --vo --file /tmp/x509up_u180451
DEBUG 2025-05-22 18:57:27.306 UTC: 	 output : cms

 error: 
 retcode : 0
DEBUG 2025-05-22 18:57:27.306 UTC: 	 Getting proxy life time left
DEBUG 2025-05-22 18:57:27.306 UTC: 	 Executing command :
 voms-proxy-info --actimeleft --timeleft --file /tmp/x509up_u180451
DEBUG 2025-05-22 18:57:27.647 UTC: 	 output : 689480
689479

 error: 
 retcode : 0
DEBUG 2025-05-22 18:57:27.647 UTC: 	 Proxy valid for 191:31:19 hours
DEBUG 2025-05-22 18:57:27.647 UTC: 	 Encoded data for curl request: subresource=delegatedn
DEBUG 2025-05-22 18:57:27.693 UTC: 	 Registering user credentials on myproxy for /DC=ch/DC=cern/OU=computers/CN=crab-(preprod|prod)-tw(01|02).cern.ch|/DC=ch/DC=cern/OU=computers/CN=crab-dev-tw(01|02|03|04).cern.ch|/DC=ch/DC=cern/OU=Organic Units/OU=Users/CN=cmscrab/CN=(817881|373708)/CN=Robot: cms crab|/DC=ch/DC=cern/OU=Organic Units/OU=Users/CN=crabint1/CN=373708/CN=Robot: CMS CRAB Integration 1
DEBUG 2025-05-22 18:57:27.693 UTC: 	 Executing command :
 voms-proxy-info --identity --file /tmp/x509up_u180451
DEBUG 2025-05-22 18:57:28.033 UTC: 	 output : /DC=ch/DC=cern/OU=Organic Units/OU=Users/CN=amalhotr/CN=884837/CN=Aryan Malhotra

 error: 
 retcode : 0
DEBUG 2025-05-22 18:57:28.034 UTC: 	 Getting myproxy life time left for 2382a3cf28fdeacb1de9b039908761ea517a5ed6
DEBUG 2025-05-22 18:57:28.034 UTC: 	 Executing command :
 myproxy-info -s myproxy.cern.ch -l 2382a3cf28fdeacb1de9b039908761ea517a5ed6
DEBUG 2025-05-22 18:57:28.388 UTC: 	 output : username: 2382a3cf28fdeacb1de9b039908761ea517a5ed6
owner: /DC=ch/DC=cern/OU=Organic Units/OU=Users/CN=amalhotr/CN=884837/CN=Aryan Malhotra
  renewal policy: /DC=ch/DC=cern/OU=computers/CN=crab-(preprod|prod)-tw(01|02).cern.ch|/DC=ch/DC=cern/OU=computers/CN=crab-dev-tw(01|02|03|04).cern.ch|/DC=ch/DC=cern/OU=Organic Units/OU=Users/CN=cmscrab/CN=(817881|373708)/CN=Robot: cms crab|/DC=ch/DC=cern/OU=Organic Units/OU=Users/CN=crabint1/CN=373708/CN=Robot: CMS CRAB Integration 1
  trusted retrieval policy: /DC=ch/DC=cern/OU=computers/CN=crab-(preprod|prod)-tw(01|02).cern.ch|/DC=ch/DC=cern/OU=computers/CN=crab-dev-tw(01|02|03|04).cern.ch|/DC=ch/DC=cern/OU=Organic Units/OU=Users/CN=cmscrab/CN=(817881|373708)/CN=Robot: cms crab|/DC=ch/DC=cern/OU=Organic Units/OU=Users/CN=crabint1/CN=373708/CN=Robot: CMS CRAB Integration 1
  timeleft: 539:56:05  (22.5 days)

 error: 
 retcode : 0
DEBUG 2025-05-22 18:57:28.389 UTC: 	 Myproxy is valid: 1943760
DEBUG 2025-05-22 18:57:28.389 UTC: 	 Result of myproxy credential check:
  Credential exists on myproxy: username: 2382a3cf28fdeacb1de9b039908761ea517a5ed6  - validity: 22 days, 11:56:00
DEBUG 2025-05-22 18:57:28.389 UTC: 	 Command use: submit
DEBUG 2025-05-22 18:57:28.389 UTC: 	 Options use: ['-c', 'chainedCrabConfig.py']
DEBUG 2025-05-22 18:57:28.389 UTC: 	 Encoded data for curl request: subresource=version
DEBUG 2025-05-22 18:57:28.425 UTC: 	 CRABClient version: v3.250409
DEBUG 2025-05-22 18:57:28.425 UTC: 	 Instance is prod
DEBUG 2025-05-22 18:57:28.425 UTC: 	 Server base url is cmsweb.cern.ch
DEBUG 2025-05-22 18:57:28.425 UTC: 	 Command api workflow
DEBUG 2025-05-22 18:57:28.425 UTC: 	 Started submission
DEBUG 2025-05-22 18:57:28.425 UTC: 	 Working on /afs/cern.ch/user/a/amalhotr/CMSSW_14_0_18_patch1/src/Run3ScoutingAnalysisTools/crab_RealData_noLFNDirectory_All_EventAwareLumiBased_10k_50M
DEBUG 2025-05-22 18:57:28.425 UTC: 	 Encoded data for curl request: subresource=backendurls
DEBUG 2025-05-22 18:57:28.488 UTC: 	 Loading required information from the environment
DEBUG 2025-05-22 18:57:28.489 UTC: 	 Found CMSSW_14_0_18_patch1 for el9_amd64_gcc12 with base /afs/cern.ch/user/a/amalhotr/CMSSW_14_0_18_patch1
DEBUG 2025-05-22 18:57:28.489 UTC: 	 Loading required information from the environment
DEBUG 2025-05-22 18:57:28.489 UTC: 	 Found CMSSW_14_0_18_patch1 for el9_amd64_gcc12 with base /afs/cern.ch/user/a/amalhotr/CMSSW_14_0_18_patch1
DEBUG 2025-05-22 18:57:28.489 UTC: 	 UNIQUE NAME: tarUUID fcab525e-6f10-46a4-9e56-26e4d5ef1cb2 
DEBUG 2025-05-22 18:57:28.489 UTC: 	 self.config: from WMCore.Configuration import Configuration
config = Configuration()
config.section_('General')
config.General.requestName = 'RealData_noLFNDirectory_All_EventAwareLumiBased_10k_50M'
config.General.transferOutputs = True
config.General.transferLogs = True
config.section_('JobType')
config.JobType.psetName = 'UnifiedScoutingVertexingTreeMaker.py'
config.JobType.pluginName = 'Analysis'
config.section_('Data')
config.Data.unitsPerJob = 10000
config.Data.inputDataset = '/ScoutingPFRun3/Run2024H-v1/HLTSCOUT'
config.Data.publication = False
config.Data.outputDatasetTag = 'RealData_noLFNDirectory_All_EventAwareLumiBased_10k_50M'
config.Data.inputDBS = 'global'
config.Data.totalUnits = 50000000
config.Data.allowNonValidInputDataset = True
config.Data.splitting = 'EventAwareLumiBased'
config.section_('Site')
config.Site.storageSite = 'T3_CH_CERNBOX'
config.section_('User')
config.section_('Debug')

DEBUG 2025-05-22 18:57:28.489 UTC: 	 self.config.JobType.psetName: UnifiedScoutingVertexingTreeMaker.py
INFO 2025-05-22 18:57:28.489 UTC: 	 Importing CMSSW configuration UnifiedScoutingVertexingTreeMaker.py
INFO 2025-05-22 18:57:28.989 UTC: 	 Finished importing CMSSW configuration UnifiedScoutingVertexingTreeMaker.py
DEBUG 2025-05-22 18:57:28.989 UTC: 	 Writing CMSSW configuration to /afs/cern.ch/user/a/amalhotr/CMSSW_14_0_18_patch1/src/Run3ScoutingAnalysisTools/crab_RealData_noLFNDirectory_All_EventAwareLumiBased_10k_50M/inputs/PSet.py
DEBUG 2025-05-22 18:57:29.011 UTC: 	 The following EDM output files will be collected: []
DEBUG 2025-05-22 18:57:29.011 UTC: 	 The following TFile output files will be collected: ['DY2M_ScoutingTree_Output.root']
DEBUG 2025-05-22 18:57:29.011 UTC: 	 The following user output files (not listed as PoolOuputModule or TFileService in the CMSSW PSet) will be collected: 
DEBUG 2025-05-22 18:57:29.011 UTC: 	 Loading required information from the environment
DEBUG 2025-05-22 18:57:29.011 UTC: 	 Found CMSSW_14_0_18_patch1 for el9_amd64_gcc12 with base /afs/cern.ch/user/a/amalhotr/CMSSW_14_0_18_patch1
DEBUG 2025-05-22 18:57:29.011 UTC: 	 Making tarball in /afs/cern.ch/user/a/amalhotr/CMSSW_14_0_18_patch1/src/Run3ScoutingAnalysisTools/crab_RealData_noLFNDirectory_All_EventAwareLumiBased_10k_50M/inputs/fcab525e-6f10-46a4-9e56-26e4d5ef1cb2default.tgz
DEBUG 2025-05-22 18:57:29.021 UTC: 	 Checking directory /afs/cern.ch/user/a/amalhotr/CMSSW_14_0_18_patch1/bin
DEBUG 2025-05-22 18:57:29.021 UTC: 	 Adding directory /afs/cern.ch/user/a/amalhotr/CMSSW_14_0_18_patch1/bin to tarball
DEBUG 2025-05-22 18:57:29.031 UTC: 	 Checking directory /afs/cern.ch/user/a/amalhotr/CMSSW_14_0_18_patch1/python
DEBUG 2025-05-22 18:57:29.031 UTC: 	 Adding directory /afs/cern.ch/user/a/amalhotr/CMSSW_14_0_18_patch1/python to tarball
DEBUG 2025-05-22 18:57:31.377 UTC: 	 Checking directory /afs/cern.ch/user/a/amalhotr/CMSSW_14_0_18_patch1/cfipython
DEBUG 2025-05-22 18:57:31.377 UTC: 	 Adding directory /afs/cern.ch/user/a/amalhotr/CMSSW_14_0_18_patch1/cfipython to tarball
DEBUG 2025-05-22 18:57:31.941 UTC: 	 Checking directory /afs/cern.ch/user/a/amalhotr/CMSSW_14_0_18_patch1/lib
DEBUG 2025-05-22 18:57:31.941 UTC: 	 Adding directory /afs/cern.ch/user/a/amalhotr/CMSSW_14_0_18_patch1/lib to tarball
DEBUG 2025-05-22 18:57:32.671 UTC: 	 Checking directory /afs/cern.ch/user/a/amalhotr/CMSSW_14_0_18_patch1/biglib
DEBUG 2025-05-22 18:57:32.671 UTC: 	 Adding directory /afs/cern.ch/user/a/amalhotr/CMSSW_14_0_18_patch1/biglib to tarball
DEBUG 2025-05-22 18:57:32.675 UTC: 	 Checking directory /afs/cern.ch/user/a/amalhotr/CMSSW_14_0_18_patch1/module
DEBUG 2025-05-22 18:57:32.675 UTC: 	 Checking directory /afs/cern.ch/user/a/amalhotr/CMSSW_14_0_18_patch1/config/SCRAM/hooks
DEBUG 2025-05-22 18:57:32.675 UTC: 	 Adding directory /afs/cern.ch/user/a/amalhotr/CMSSW_14_0_18_patch1/config/SCRAM/hooks to tarball
DEBUG 2025-05-22 18:57:33.442 UTC: 	 Adding directory /afs/cern.ch/user/a/amalhotr/CMSSW_14_0_18_patch1/src/Run3ScoutingAnalysisTools/DataFormats/Scouting/interface to tarball
DEBUG 2025-05-22 18:57:33.902 UTC: 	 Adding directory /afs/cern.ch/user/a/amalhotr/CMSSW_14_0_18_patch1/src/Run3ScoutingAnalysisTools/ScoutingTreeMakerRun3/python to tarball
DEBUG 2025-05-22 18:57:34.418 UTC: 	 Adding directory /afs/cern.ch/user/a/amalhotr/CMSSW_14_0_18_patch1/src/DataFormats/Scouting/interface to tarball
DEBUG 2025-05-22 18:57:35.798 UTC: 	 Adding directory /afs/cern.ch/user/a/amalhotr/CMSSW_14_0_18_patch1/src/Configuration/GenProduction/python to tarball
DEBUG 2025-05-22 18:57:35.888 UTC: 	 Uploading archive /afs/cern.ch/user/a/amalhotr/CMSSW_14_0_18_patch1/src/Run3ScoutingAnalysisTools/crab_RealData_noLFNDirectory_All_EventAwareLumiBased_10k_50M/inputs/fcab525e-6f10-46a4-9e56-26e4d5ef1cb2default.tgz (441 KB) to the CRAB cache. Using URI https://cmsweb.cern.ch/S3/crabcache_prod
DEBUG 2025-05-22 18:57:36.219 UTC: 	 Encoded data for curl request: subresource=upload&objecttype=sandbox&tarballname=d21f38256e1fe46602fc5ab345ac679fe51bb1d6f3238f49bc29f5d2ba4ab61e.tar.gz
DEBUG 2025-05-22 18:57:36.278 UTC: 	 Will execute:
curl -f -v -X POST  -H "User-Agent: CRAB" -F "key=amalhotr/sandboxes/d21f38256e1fe46602fc5ab345ac679fe51bb1d6f3238f49bc29f5d2ba4ab61e.tar.gz" -F "AWSAccessKeyId=715203df6482458ba839e73e6dab634b" -F "policy=eyJleHBpcmF0aW9uIjogIjIwMjUtMDUtMjJUMTk6NTc6MzZaIiwgImNvbmRpdGlvbnMiOiBbeyJidWNrZXQiOiAiY3JhYmNhY2hlX3Byb2QifSwgeyJrZXkiOiAiYW1hbGhvdHIvc2FuZGJveGVzL2QyMWYzODI1NmUxZmU0NjYwMmZjNWFiMzQ1YWM2NzlmZTUxYmIxZDZmMzIzOGY0OWJjMjlmNWQyYmE0YWI2MWUudGFyLmd6In1dfQ==" -F "signature=C4VqzqSyvnBABSm4TQVfXM5ses0=" -F "file=@/afs/cern.ch/user/a/amalhotr/CMSSW_14_0_18_patch1/src/Run3ScoutingAnalysisTools/crab_RealData_noLFNDirectory_All_EventAwareLumiBased_10k_50M/inputs/fcab525e-6f10-46a4-9e56-26e4d5ef1cb2default.tgz" "https://s3.cern.ch/crabcache_prod"
DEBUG 2025-05-22 18:57:36.331 UTC: 	 exitcode: 0
stdout: b''
DEBUG 2025-05-22 18:57:36.331 UTC: 	 upload to S3 of sandbox /afs/cern.ch/user/a/amalhotr/CMSSW_14_0_18_patch1/src/Run3ScoutingAnalysisTools/crab_RealData_noLFNDirectory_All_EventAwareLumiBased_10k_50M/inputs/fcab525e-6f10-46a4-9e56-26e4d5ef1cb2default.tgz completed
DEBUG 2025-05-22 18:57:36.331 UTC: 	 make sure that object is ready for retrieve
DEBUG 2025-05-22 18:57:37.332 UTC: 	 Encoded data for curl request: subresource=download&objecttype=sandbox&tarballname=d21f38256e1fe46602fc5ab345ac679fe51bb1d6f3238f49bc29f5d2ba4ab61e.tar.gz&clientmethod=head_object
DEBUG 2025-05-22 18:57:37.368 UTC: 	 PreSignedUrl to download sandbox received OK
DEBUG 2025-05-22 18:57:37.370 UTC: 	 Will execute:
 curl -v -s -f -o /dev/null --head  "https://s3.cern.ch/crabcache_prod/amalhotr/sandboxes/d21f38256e1fe46602fc5ab345ac679fe51bb1d6f3238f49bc29f5d2ba4ab61e.tar.gz?AWSAccessKeyId=715203df6482458ba839e73e6dab634b&Signature=wcWws0quKwVrYf%2BzmbhfNvSroHg%3D&Expires=1747943857"
DEBUG 2025-05-22 18:57:37.402 UTC: 	 exitcode: 0
stdout: b''
DEBUG 2025-05-22 18:57:37.402 UTC: 	 sandbox /afs/cern.ch/user/a/amalhotr/CMSSW_14_0_18_patch1/src/Run3ScoutingAnalysisTools/crab_RealData_noLFNDirectory_All_EventAwareLumiBased_10k_50M/inputs/fcab525e-6f10-46a4-9e56-26e4d5ef1cb2default.tgz successfully uploaded to S3
DEBUG 2025-05-22 18:57:37.403 UTC: 	 Loading required information from the environment
DEBUG 2025-05-22 18:57:37.403 UTC: 	 Found CMSSW_14_0_18_patch1 for el9_amd64_gcc12 with base /afs/cern.ch/user/a/amalhotr/CMSSW_14_0_18_patch1
DEBUG 2025-05-22 18:57:37.403 UTC: 	 Making tarball in /afs/cern.ch/user/a/amalhotr/CMSSW_14_0_18_patch1/src/Run3ScoutingAnalysisTools/crab_RealData_noLFNDirectory_All_EventAwareLumiBased_10k_50M/inputs/debugFiles.tgz
DEBUG 2025-05-22 18:57:37.410 UTC: 	 Uploading archive /afs/cern.ch/user/a/amalhotr/CMSSW_14_0_18_patch1/src/Run3ScoutingAnalysisTools/crab_RealData_noLFNDirectory_All_EventAwareLumiBased_10k_50M/inputs/debugFiles.tgz (3 KB) to the CRAB cache. Using URI https://cmsweb.cern.ch/S3/crabcache_prod
DEBUG 2025-05-22 18:57:37.412 UTC: 	 Encoded data for curl request: subresource=upload&objecttype=sandbox&tarballname=c742d24e41b39e6d5013c51f89186ec40394f94d4ee88f6413f56292fcd72ad5.tar.gz
DEBUG 2025-05-22 18:57:37.521 UTC: 	 Will execute:
curl -f -v -X POST  -H "User-Agent: CRAB" -F "key=amalhotr/sandboxes/c742d24e41b39e6d5013c51f89186ec40394f94d4ee88f6413f56292fcd72ad5.tar.gz" -F "AWSAccessKeyId=715203df6482458ba839e73e6dab634b" -F "policy=eyJleHBpcmF0aW9uIjogIjIwMjUtMDUtMjJUMTk6NTc6MzdaIiwgImNvbmRpdGlvbnMiOiBbeyJidWNrZXQiOiAiY3JhYmNhY2hlX3Byb2QifSwgeyJrZXkiOiAiYW1hbGhvdHIvc2FuZGJveGVzL2M3NDJkMjRlNDFiMzllNmQ1MDEzYzUxZjg5MTg2ZWM0MDM5NGY5NGQ0ZWU4OGY2NDEzZjU2MjkyZmNkNzJhZDUudGFyLmd6In1dfQ==" -F "signature=MHZzfRN7h5Gi1ptEg5VYtPe4Juk=" -F "file=@/afs/cern.ch/user/a/amalhotr/CMSSW_14_0_18_patch1/src/Run3ScoutingAnalysisTools/crab_RealData_noLFNDirectory_All_EventAwareLumiBased_10k_50M/inputs/debugFiles.tgz" "https://s3.cern.ch/crabcache_prod"
DEBUG 2025-05-22 18:57:37.559 UTC: 	 exitcode: 0
stdout: b''
DEBUG 2025-05-22 18:57:37.559 UTC: 	 upload to S3 of sandbox /afs/cern.ch/user/a/amalhotr/CMSSW_14_0_18_patch1/src/Run3ScoutingAnalysisTools/crab_RealData_noLFNDirectory_All_EventAwareLumiBased_10k_50M/inputs/debugFiles.tgz completed
DEBUG 2025-05-22 18:57:37.559 UTC: 	 make sure that object is ready for retrieve
DEBUG 2025-05-22 18:57:38.560 UTC: 	 Encoded data for curl request: subresource=download&objecttype=sandbox&tarballname=c742d24e41b39e6d5013c51f89186ec40394f94d4ee88f6413f56292fcd72ad5.tar.gz&clientmethod=head_object
DEBUG 2025-05-22 18:57:38.599 UTC: 	 PreSignedUrl to download sandbox received OK
DEBUG 2025-05-22 18:57:38.601 UTC: 	 Will execute:
 curl -v -s -f -o /dev/null --head  "https://s3.cern.ch/crabcache_prod/amalhotr/sandboxes/c742d24e41b39e6d5013c51f89186ec40394f94d4ee88f6413f56292fcd72ad5.tar.gz?AWSAccessKeyId=715203df6482458ba839e73e6dab634b&Signature=Opsubh5FJ4SmcGttOJGp6LHKIBs%3D&Expires=1747943858"
DEBUG 2025-05-22 18:57:38.630 UTC: 	 exitcode: 0
stdout: b''
DEBUG 2025-05-22 18:57:38.631 UTC: 	 sandbox /afs/cern.ch/user/a/amalhotr/CMSSW_14_0_18_patch1/src/Run3ScoutingAnalysisTools/crab_RealData_noLFNDirectory_All_EventAwareLumiBased_10k_50M/inputs/debugFiles.tgz successfully uploaded to S3
DEBUG 2025-05-22 18:57:38.631 UTC: 	 Result uploading input files: d21f38256e1fe46602fc5ab345ac679fe51bb1d6f3238f49bc29f5d2ba4ab61e.tar.gz 
DEBUG 2025-05-22 18:57:38.631 UTC: 	 submit() - self.configuration from WMCore.Configuration import Configuration
config = Configuration()
config.section_('General')
config.General.requestName = 'RealData_noLFNDirectory_All_EventAwareLumiBased_10k_50M'
config.General.transferOutputs = True
config.General.transferLogs = True
config.section_('JobType')
config.JobType.psetName = 'UnifiedScoutingVertexingTreeMaker.py'
config.JobType.pluginName = 'Analysis'
config.section_('Data')
config.Data.unitsPerJob = 10000
config.Data.inputDataset = '/ScoutingPFRun3/Run2024H-v1/HLTSCOUT'
config.Data.publication = False
config.Data.outputDatasetTag = 'RealData_noLFNDirectory_All_EventAwareLumiBased_10k_50M'
config.Data.inputDBS = 'global'
config.Data.totalUnits = 50000000
config.Data.allowNonValidInputDataset = True
config.Data.splitting = 'EventAwareLumiBased'
config.section_('Site')
config.Site.storageSite = 'T3_CH_CERNBOX'
config.section_('User')
config.section_('Debug')

DEBUG 2025-05-22 18:57:38.631 UTC: 	 submit() - self.configreq {'dryrun': 0, 'workflow': 'crab_RealData_noLFNDirectory_All_EventAwareLumiBased_10k_50M', 'saveoutput': 1, 'savelogsflag': 1, 'inputdata': '/ScoutingPFRun3/Run2024H-v1/HLTSCOUT', 'nonvaliddata': 1, 'userfiles': [], 'dbsurl': 'https://cmsweb.cern.ch/dbs/prod/global/DBSReader', 'useparent': 0, 'ignorelocality': 0, 'splitalgo': 'EventAwareLumiBased', 'algoargs': 10000, 'totalunits': 50000000, 'publication': 0, 'publishdbsurl': 'https://cmsweb.cern.ch/dbs/prod/phys03/DBSWriter', 'publishname2': 'RealData_noLFNDirectory_All_EventAwareLumiBased_10k_50M', 'jobtype': 'Analysis', 'generator': 'pythia', 'addoutputfiles': [], 'maxjobruntime': 1250, 'numcores': 1, 'maxmemory': 2000, 'priority': 10, 'nonprodsw': 0, 'asyncdest': 'T3_CH_CERNBOX', 'requireaccelerator': 0, 'oneEventMode': 0, 'extrajdl': [], 'ignoreglobalblacklist': 0, 'partialdataset': 0, 'inputblocks': []}
DEBUG 2025-05-22 18:57:38.631 UTC: 	 submit() - jobconfig {'addoutputfiles': [], 'tfileoutfiles': ['DY2M_ScoutingTree_Output.root'], 'edmoutfiles': [], 'jobarch': 'el9_amd64_gcc12', 'jobminuarch': 'any', 'jobsw': 'CMSSW_14_0_18_patch1', 'inputdata': '/ScoutingPFRun3/Run2024H-v1/HLTSCOUT', 'cacheurl': 'https://cmsweb.cern.ch/S3/crabcache_prod', 'cachefilename': 'd21f38256e1fe46602fc5ab345ac679fe51bb1d6f3238f49bc29f5d2ba4ab61e.tar.gz', 'debugfilename': 'c742d24e41b39e6d5013c51f89186ec40394f94d4ee88f6413f56292fcd72ad5.tar.gz', 'jobtype': 'Analysis'}
INFO 2025-05-22 18:57:38.631 UTC: 	 Sending the request to the server at cmsweb.cern.ch
DEBUG 2025-05-22 18:57:38.631 UTC: 	 Submitting {'dryrun': 0, 'workflow': 'crab_RealData_noLFNDirectory_All_EventAwareLumiBased_10k_50M', 'saveoutput': 1, 'savelogsflag': 1, 'inputdata': '/ScoutingPFRun3/Run2024H-v1/HLTSCOUT', 'nonvaliddata': 1, 'userfiles': [], 'dbsurl': 'https://cmsweb.cern.ch/dbs/prod/global/DBSReader', 'useparent': 0, 'ignorelocality': 0, 'splitalgo': 'EventAwareLumiBased', 'algoargs': 10000, 'totalunits': 50000000, 'publication': 0, 'publishdbsurl': 'https://cmsweb.cern.ch/dbs/prod/phys03/DBSWriter', 'publishname2': 'RealData_noLFNDirectory_All_EventAwareLumiBased_10k_50M', 'jobtype': 'Analysis', 'generator': 'pythia', 'addoutputfiles': [], 'maxjobruntime': 1250, 'numcores': 1, 'maxmemory': 2000, 'priority': 10, 'nonprodsw': 0, 'asyncdest': 'T3_CH_CERNBOX', 'requireaccelerator': 0, 'oneEventMode': 0, 'extrajdl': [], 'ignoreglobalblacklist': 0, 'partialdataset': 0, 'inputblocks': [], 'tfileoutfiles': ['DY2M_ScoutingTree_Output.root'], 'edmoutfiles': [], 'jobarch': 'el9_amd64_gcc12', 'jobminuarch': 'any', 'jobsw': 'CMSSW_14_0_18_patch1', 'cacheurl': 'https://cmsweb.cern.ch/S3/crabcache_prod', 'cachefilename': 'd21f38256e1fe46602fc5ab345ac679fe51bb1d6f3238f49bc29f5d2ba4ab61e.tar.gz', 'debugfilename': 'c742d24e41b39e6d5013c51f89186ec40394f94d4ee88f6413f56292fcd72ad5.tar.gz'} 
DEBUG 2025-05-22 18:57:38.631 UTC: 	 Encoded data for curl request: dryrun=0&workflow=crab_RealData_noLFNDirectory_All_EventAwareLumiBased_10k_50M&saveoutput=1&savelogsflag=1&inputdata=%2FScoutingPFRun3%2FRun2024H-v1%2FHLTSCOUT&nonvaliddata=1&dbsurl=https%3A%2F%2Fcmsweb.cern.ch%2Fdbs%2Fprod%2Fglobal%2FDBSReader&useparent=0&ignorelocality=0&splitalgo=EventAwareLumiBased&algoargs=10000&totalunits=50000000&publication=0&publishdbsurl=https%3A%2F%2Fcmsweb.cern.ch%2Fdbs%2Fprod%2Fphys03%2FDBSWriter&publishname2=RealData_noLFNDirectory_All_EventAwareLumiBased_10k_50M&jobtype=Analysis&generator=pythia&maxjobruntime=1250&numcores=1&maxmemory=2000&priority=10&nonprodsw=0&asyncdest=T3_CH_CERNBOX&requireaccelerator=0&oneEventMode=0&ignoreglobalblacklist=0&partialdataset=0&jobarch=el9_amd64_gcc12&jobminuarch=any&jobsw=CMSSW_14_0_18_patch1&cacheurl=https%3A%2F%2Fcmsweb.cern.ch%2FS3%2Fcrabcache_prod&cachefilename=d21f38256e1fe46602fc5ab345ac679fe51bb1d6f3238f49bc29f5d2ba4ab61e.tar.gz&debugfilename=c742d24e41b39e6d5013c51f89186ec40394f94d4ee88f6413f56292fcd72ad5.tar.gz&tfileoutfiles=DY2M_ScoutingTree_Output.root
DEBUG 2025-05-22 18:57:39.163 UTC: 	 Result: {'result': [{'RequestName': '250522_185738:amalhotr_crab_RealData_noLFNDirectory_All_EventAwareLumiBased_10k_50M'}]}
INFO 2025-05-22 18:57:39.165 UTC: 	 Success: Your task has been delivered to the prod CRAB3 server.
INFO 2025-05-22 18:57:39.165 UTC: 	 Task name: 250522_185738:amalhotr_crab_RealData_noLFNDirectory_All_EventAwareLumiBased_10k_50M
INFO 2025-05-22 18:57:39.165 UTC: 	 Project dir: ./crab_RealData_noLFNDirectory_All_EventAwareLumiBased_10k_50M
INFO 2025-05-22 18:57:39.165 UTC: 	 Please use ' crab status -d ./crab_RealData_noLFNDirectory_All_EventAwareLumiBased_10k_50M ' to check how the submission process proceeds.
DEBUG 2025-05-22 18:57:39.165 UTC: 	 About to return
INFO 2025-05-22 18:57:39.167 UTC: 	 Log file is /afs/cern.ch/user/a/amalhotr/CMSSW_14_0_18_patch1/src/Run3ScoutingAnalysisTools/crab_RealData_noLFNDirectory_All_EventAwareLumiBased_10k_50M/crab.log
DEBUG 2025-05-22 18:57:50.133 UTC: 	 CRAB Client version: v3.250409
DEBUG 2025-05-22 18:57:50.133 UTC: 	 Running on: Linux lxplus978.cern.ch 5.14.0-503.34.1.el9_5.x86_64 #1 SMP PREEMPT_DYNAMIC Mon Mar 17 21:49:47 EDT 2025 x86_64 x86_64 x86_64 GNU/Linux
DEBUG 2025-05-22 18:57:50.133 UTC: 	 Not using Singularity
DEBUG 2025-05-22 18:57:50.133 UTC: 	 Operating System: Red Hat Enterprise Linux 9.6 (Plow)
DEBUG 2025-05-22 18:57:50.133 UTC: 	 Executing command: 'status'
DEBUG 2025-05-22 18:57:50.133 UTC: 	 Found CRAB cache file /afs/cern.ch/user/a/amalhotr/.crab3
DEBUG 2025-05-22 18:57:50.184 UTC: 	 Checking credentials
DEBUG 2025-05-22 18:57:50.185 UTC: 	 Found proxy file /tmp/x509up_u180451
DEBUG 2025-05-22 18:57:50.185 UTC: 	 Making sure it has proper VOMS extension
DEBUG 2025-05-22 18:57:50.185 UTC: 	 Executing command :
 voms-proxy-info --vo --file /tmp/x509up_u180451
DEBUG 2025-05-22 18:57:50.521 UTC: 	 output : cms

 error: 
 retcode : 0
DEBUG 2025-05-22 18:57:50.521 UTC: 	 Getting proxy life time left
DEBUG 2025-05-22 18:57:50.521 UTC: 	 Executing command :
 voms-proxy-info --actimeleft --timeleft --file /tmp/x509up_u180451
DEBUG 2025-05-22 18:57:50.861 UTC: 	 output : 689457
689456

 error: 
 retcode : 0
DEBUG 2025-05-22 18:57:50.861 UTC: 	 Proxy valid for 191:30:56 hours
DEBUG 2025-05-22 18:57:50.861 UTC: 	 Encoded data for curl request: subresource=delegatedn
DEBUG 2025-05-22 18:57:50.932 UTC: 	 Registering user credentials on myproxy for /DC=ch/DC=cern/OU=computers/CN=crab-(preprod|prod)-tw(01|02).cern.ch|/DC=ch/DC=cern/OU=computers/CN=crab-dev-tw(01|02|03|04).cern.ch|/DC=ch/DC=cern/OU=Organic Units/OU=Users/CN=cmscrab/CN=(817881|373708)/CN=Robot: cms crab|/DC=ch/DC=cern/OU=Organic Units/OU=Users/CN=crabint1/CN=373708/CN=Robot: CMS CRAB Integration 1
DEBUG 2025-05-22 18:57:50.933 UTC: 	 Executing command :
 voms-proxy-info --identity --file /tmp/x509up_u180451
DEBUG 2025-05-22 18:57:51.261 UTC: 	 output : /DC=ch/DC=cern/OU=Organic Units/OU=Users/CN=amalhotr/CN=884837/CN=Aryan Malhotra

 error: 
 retcode : 0
DEBUG 2025-05-22 18:57:51.262 UTC: 	 Getting myproxy life time left for 2382a3cf28fdeacb1de9b039908761ea517a5ed6
DEBUG 2025-05-22 18:57:51.262 UTC: 	 Executing command :
 myproxy-info -s myproxy.cern.ch -l 2382a3cf28fdeacb1de9b039908761ea517a5ed6
DEBUG 2025-05-22 18:57:51.548 UTC: 	 output : username: 2382a3cf28fdeacb1de9b039908761ea517a5ed6
owner: /DC=ch/DC=cern/OU=Organic Units/OU=Users/CN=amalhotr/CN=884837/CN=Aryan Malhotra
  renewal policy: /DC=ch/DC=cern/OU=computers/CN=crab-(preprod|prod)-tw(01|02).cern.ch|/DC=ch/DC=cern/OU=computers/CN=crab-dev-tw(01|02|03|04).cern.ch|/DC=ch/DC=cern/OU=Organic Units/OU=Users/CN=cmscrab/CN=(817881|373708)/CN=Robot: cms crab|/DC=ch/DC=cern/OU=Organic Units/OU=Users/CN=crabint1/CN=373708/CN=Robot: CMS CRAB Integration 1
  trusted retrieval policy: /DC=ch/DC=cern/OU=computers/CN=crab-(preprod|prod)-tw(01|02).cern.ch|/DC=ch/DC=cern/OU=computers/CN=crab-dev-tw(01|02|03|04).cern.ch|/DC=ch/DC=cern/OU=Organic Units/OU=Users/CN=cmscrab/CN=(817881|373708)/CN=Robot: cms crab|/DC=ch/DC=cern/OU=Organic Units/OU=Users/CN=crabint1/CN=373708/CN=Robot: CMS CRAB Integration 1
  timeleft: 539:55:42  (22.5 days)

 error: 
 retcode : 0
DEBUG 2025-05-22 18:57:51.549 UTC: 	 Myproxy is valid: 1943700
DEBUG 2025-05-22 18:57:51.549 UTC: 	 Result of myproxy credential check:
  Credential exists on myproxy: username: 2382a3cf28fdeacb1de9b039908761ea517a5ed6  - validity: 22 days, 11:55:00
DEBUG 2025-05-22 18:57:51.549 UTC: 	 Retrieving username ...
DEBUG 2025-05-22 18:57:51.549 UTC: 	 Retrieving username from CRIC...
DEBUG 2025-05-22 18:57:52.370 UTC: 	 username is amalhotr
INFO 2025-05-22 18:57:52.962 UTC: 	 Rucio client intialized for account amalhotr
DEBUG 2025-05-22 18:57:52.963 UTC: 	 Command use: status
DEBUG 2025-05-22 18:57:52.963 UTC: 	 Options use: ['-d', './crab_RealData_noLFNDirectory_All_EventAwareLumiBased_10k_50M']
DEBUG 2025-05-22 18:57:52.963 UTC: 	 Encoded data for curl request: subresource=version
DEBUG 2025-05-22 18:57:53.003 UTC: 	 CRABClient version: v3.250409
DEBUG 2025-05-22 18:57:53.003 UTC: 	 Instance is prod
DEBUG 2025-05-22 18:57:53.003 UTC: 	 Server base url is cmsweb.cern.ch
DEBUG 2025-05-22 18:57:53.003 UTC: 	 Command api workflow
DEBUG 2025-05-22 18:57:53.003 UTC: 	 Encoded data for curl request: subresource=search&workflow=250522_185738%3Aamalhotr_crab_RealData_noLFNDirectory_All_EventAwareLumiBased_10k_50M
DEBUG 2025-05-22 18:57:53.045 UTC: 	 Got information from server oracle database: {'desc': {'columns': ['tm_taskname', 'tm_activity', 'tm_task_status', 'tm_task_command', 'tm_start_time', 'tm_start_injection', 'tm_end_injection', 'tm_task_failure', 'tm_job_sw', 'tm_job_arch', 'tm_input_dataset', 'tm_nonvalid_input_dataset', 'tm_use_parent', 'tm_site_whitelist', 'tm_site_blacklist', 'tm_split_algo', 'tm_split_args', 'tm_user_sandbox', 'tm_cache_url', 'tm_username', 'tm_user_dn', 'tm_user_vo', 'tm_user_role', 'tm_user_group', 'tm_publish_name', 'tm_publish_groupname', 'tm_asyncdest', 'tm_dbs_url', 'tm_publish_dbs_url', 'tm_publication', 'tm_outfiles', 'tm_tfile_outfiles', 'tm_edm_outfiles', 'tm_job_type', 'tm_generator', 'tm_events_per_lumi', 'tm_arguments', 'tm_save_logs', 'tw_name', 'tm_user_infiles', 'tm_maxjobruntime', 'tm_numcores', 'tm_maxmemory', 'tm_priority', 'tm_output_dataset', 'tm_task_warnings', 'tm_user_webdir', 'tm_scriptexe', 'tm_scriptargs', 'tm_extrajdl', 'tm_collector', 'tm_schedd', 'tm_dry_run', 'tm_user_files', 'tm_transfer_outputs', 'tm_output_lfn', 'tm_ignore_locality', 'tm_fail_limit', 'tm_one_event_mode', 'tm_secondary_input_dataset', 'tm_primary_dataset', 'tm_last_publication', 'tm_debug_files', 'clusterid', 'tm_ignore_global_blacklist', 'tm_submitter_ip_addr', 'tm_totalunits', 'tm_ddm_reqid', 'tm_user_config', 'tm_transfer_container', 'tm_transfer_rule', 'tm_publish_rule', 'tm_multipub_rule', 'tm_job_min_microarch', 'tm_dagman_status', 'tm_num_jobs', 'tm_uploaded']}, 'result': ['250522_185738:amalhotr_crab_RealData_noLFNDirectory_All_EventAwareLumiBased_10k_50M', 'None', 'WAITING', 'SUBMIT', '2025-05-22 18:57:39.156626', 'None', 'None', 'None', 'CMSSW_14_0_18_patch1', 'el9_amd64_gcc12', '/ScoutingPFRun3/Run2024H-v1/HLTSCOUT', 'T', '0', '[]', '[]', 'EventAwareLumiBased', "{'halt_job_on_file_boundaries': False, 'splitOnRun': False, 'events_per_job': 10000, 'runs': [], 'lumis': []}", 'd21f38256e1fe46602fc5ab345ac679fe51bb1d6f3238f49bc29f5d2ba4ab61e.tar.gz', 'https://cmsweb.cern.ch/S3/crabcache_prod', 'amalhotr', '/DC=ch/DC=cern/OU=Organic Units/OU=Users/CN=amalhotr/CN=884837/CN=Aryan Malhotra', 'cms', 'None', 'None', 'RealData_noLFNDirectory_All_EventAwareLumiBased_10k_50M-00000000000000000000000000000000', 'F', 'T3_CH_CERNBOX', 'https://cmsweb.cern.ch/dbs/prod/global/DBSReader', 'https://cmsweb.cern.ch/dbs/prod/phys03/DBSWriter', 'F', '[]', "['DY2M_ScoutingTree_Output.root']", '[]', 'Analysis', 'pythia', 'None', '{}', 'T', 'NotKnownYet', '[]', '1250', '1', '2000', '10', 'None', '[]', 'None', 'None', '[]', '[]', 'cmsgwms-collector-global.cern.ch:9620,cmsgwms-collector-global.fnal.gov:9620', 'None', 'F', '[]', 'T', '/store/user/amalhotr/', 'F', 'None', 'F', 'None', 'ScoutingPFRun3', 'None', 'c742d24e41b39e6d5013c51f89186ec40394f94d4ee88f6413f56292fcd72ad5.tar.gz', 'None', 'F', '188.185.89.194', '50000000.0', 'None', '{"partialdataset": false, "requireaccelerator": false, "acceleratorparams": null, "inputblocks": null}', 'None', 'None', 'None', 'None', 'any', 'NOT_READY', '0', 'F']}
INFO 2025-05-22 18:57:53.045 UTC: 	 CRAB project directory:		/afs/cern.ch/user/a/amalhotr/CMSSW_14_0_18_patch1/src/Run3ScoutingAnalysisTools/crab_RealData_noLFNDirectory_All_EventAwareLumiBased_10k_50M
INFO 2025-05-22 18:57:53.046 UTC: 	 Task name:			250522_185738:amalhotr_crab_RealData_noLFNDirectory_All_EventAwareLumiBased_10k_50M
INFO 2025-05-22 18:57:53.046 UTC: 	 Grid scheduler - Task Worker:	N/A yet - NotKnownYet
INFO 2025-05-22 18:57:53.046 UTC: 	 Status on the CRAB server:	WAITING on command SUBMIT
INFO 2025-05-22 18:57:53.046 UTC: 	 Task URL to use for HELP:	https://cmsweb.cern.ch/crabserver/ui/task/250522_185738%3Aamalhotr_crab_RealData_noLFNDirectory_All_EventAwareLumiBased_10k_50M
INFO 2025-05-22 18:57:53.052 UTC: 	 Dashboard monitoring URL:	https://monit-grafana.cern.ch/d/cmsTMDetail/cms-task-monitoring-task-view?orgId=11&var-user=amalhotr&var-task=250522_185738%3Aamalhotr_crab_RealData_noLFNDirectory_All_EventAwareLumiBased_10k_50M&from=1747936659000&to=now
DEBUG 2025-05-22 18:57:53.052 UTC: 	 The task has not been submitted to the Grid scheduler yet. Not printing job information.
INFO 2025-05-22 18:57:53.053 UTC: 	 Log file is /afs/cern.ch/user/a/amalhotr/CMSSW_14_0_18_patch1/src/Run3ScoutingAnalysisTools/crab_RealData_noLFNDirectory_All_EventAwareLumiBased_10k_50M/crab.log
DEBUG 2025-09-08 16:49:14.129 UTC: 	 CRAB Client version: v3.250820
DEBUG 2025-09-08 16:49:14.130 UTC: 	 Running on: Linux lxplus935.cern.ch 5.14.0-570.37.1.el9_6.x86_64 #1 SMP PREEMPT_DYNAMIC Sat Aug 16 01:10:00 EDT 2025 x86_64 x86_64 x86_64 GNU/Linux
DEBUG 2025-09-08 16:49:14.130 UTC: 	 Not using Singularity
DEBUG 2025-09-08 16:49:14.130 UTC: 	 Operating System: Red Hat Enterprise Linux 9.6 (Plow)
DEBUG 2025-09-08 16:49:14.130 UTC: 	 Executing command: 'kill'
DEBUG 2025-09-08 16:49:14.130 UTC: 	 Found CRAB cache file /afs/cern.ch/user/a/amalhotr/.crab3
DEBUG 2025-09-08 16:49:14.143 UTC: 	 Checking credentials
DEBUG 2025-09-08 16:49:14.144 UTC: 	 Found proxy file /tmp/x509up_u180451
DEBUG 2025-09-08 16:49:14.144 UTC: 	 Making sure it has proper VOMS extension
DEBUG 2025-09-08 16:49:14.144 UTC: 	 Executing command :
 voms-proxy-info --vo --file /tmp/x509up_u180451
DEBUG 2025-09-08 16:49:14.202 UTC: 	 output : cms

 error: 
 retcode : 0
DEBUG 2025-09-08 16:49:14.202 UTC: 	 Getting proxy life time left
DEBUG 2025-09-08 16:49:14.202 UTC: 	 Executing command :
 voms-proxy-info --actimeleft --timeleft --file /tmp/x509up_u180451
DEBUG 2025-09-08 16:49:14.260 UTC: 	 output : 690748
690748

 error: 
 retcode : 0
DEBUG 2025-09-08 16:49:14.261 UTC: 	 Proxy valid for 191:52:28 hours
DEBUG 2025-09-08 16:49:14.261 UTC: 	 Encoded data for curl request: subresource=delegatedn
DEBUG 2025-09-08 16:49:14.339 UTC: 	 Registering user credentials on myproxy for /DC=ch/DC=cern/OU=computers/CN=crab-(preprod|prod)-tw(01|02).cern.ch|/DC=ch/DC=cern/OU=computers/CN=crab-dev-tw(01|02|03|04).cern.ch|/DC=ch/DC=cern/OU=Organic Units/OU=Users/CN=cmscrab/CN=(817881|373708)/CN=Robot: cms crab|/DC=ch/DC=cern/OU=Organic Units/OU=Users/CN=crabint1/CN=373708/CN=Robot: CMS CRAB Integration 1
DEBUG 2025-09-08 16:49:14.339 UTC: 	 Executing command :
 voms-proxy-info --identity --file /tmp/x509up_u180451
DEBUG 2025-09-08 16:49:14.393 UTC: 	 output : /DC=ch/DC=cern/OU=Organic Units/OU=Users/CN=amalhotr/CN=884837/CN=Aryan Malhotra

 error: 
 retcode : 0
DEBUG 2025-09-08 16:49:14.393 UTC: 	 Getting myproxy life time left for 2382a3cf28fdeacb1de9b039908761ea517a5ed6
DEBUG 2025-09-08 16:49:14.393 UTC: 	 Executing command :
 myproxy-info -s myproxy.cern.ch -l 2382a3cf28fdeacb1de9b039908761ea517a5ed6
DEBUG 2025-09-08 16:49:14.716 UTC: 	 output : username: 2382a3cf28fdeacb1de9b039908761ea517a5ed6
owner: /DC=ch/DC=cern/OU=Organic Units/OU=Users/CN=amalhotr/CN=884837/CN=Aryan Malhotra
  renewal policy: /DC=ch/DC=cern/OU=computers/CN=crab-(preprod|prod)-tw(01|02).cern.ch|/DC=ch/DC=cern/OU=computers/CN=crab-dev-tw(01|02|03|04).cern.ch|/DC=ch/DC=cern/OU=Organic Units/OU=Users/CN=cmscrab/CN=(817881|373708)/CN=Robot: cms crab|/DC=ch/DC=cern/OU=Organic Units/OU=Users/CN=crabint1/CN=373708/CN=Robot: CMS CRAB Integration 1
  trusted retrieval policy: /DC=ch/DC=cern/OU=computers/CN=crab-(preprod|prod)-tw(01|02).cern.ch|/DC=ch/DC=cern/OU=computers/CN=crab-dev-tw(01|02|03|04).cern.ch|/DC=ch/DC=cern/OU=Organic Units/OU=Users/CN=cmscrab/CN=(817881|373708)/CN=Robot: cms crab|/DC=ch/DC=cern/OU=Organic Units/OU=Users/CN=crabint1/CN=373708/CN=Robot: CMS CRAB Integration 1
  timeleft: 719:55:29  (30.0 days)

 error: 
 retcode : 0
DEBUG 2025-09-08 16:49:14.716 UTC: 	 Myproxy is valid: 2591700
DEBUG 2025-09-08 16:49:14.717 UTC: 	 Result of myproxy credential check:
  Credential exists on myproxy: username: 2382a3cf28fdeacb1de9b039908761ea517a5ed6  - validity: 29 days, 23:55:00
DEBUG 2025-09-08 16:49:14.719 UTC: 	 Command use: kill
DEBUG 2025-09-08 16:49:14.719 UTC: 	 Options use: ['-d', 'crab_RealData_noLFNDirectory_All_EventAwareLumiBased_10k_50M']
DEBUG 2025-09-08 16:49:14.719 UTC: 	 Encoded data for curl request: subresource=version
DEBUG 2025-09-08 16:49:14.796 UTC: 	 CRABClient version: v3.250820
DEBUG 2025-09-08 16:49:14.796 UTC: 	 Instance is prod
DEBUG 2025-09-08 16:49:14.796 UTC: 	 Server base url is cmsweb.cern.ch
DEBUG 2025-09-08 16:49:14.796 UTC: 	 Command api workflow
DEBUG 2025-09-08 16:49:14.796 UTC: 	 Killing task 250522_185738:amalhotr_crab_RealData_noLFNDirectory_All_EventAwareLumiBased_10k_50M
DEBUG 2025-09-08 16:49:14.797 UTC: 	 Encoded data for curl request: workflow=250522_185738%3Aamalhotr_crab_RealData_noLFNDirectory_All_EventAwareLumiBased_10k_50M
DEBUG 2025-09-08 16:49:14.868 UTC: 	 Result: {'desc': {'columns': ['tm_taskname', 'tm_task_status', 'tm_task_command', 'tm_user_role', 'tm_user_group', 'tm_task_failure', 'tm_split_algo', 'tm_split_args', 'tm_save_logs', 'tm_username', 'tm_user_dn', 'tm_arguments', 'tm_input_dataset', 'tm_dbs_url', 'tm_task_warnings', 'tm_publication', 'tm_user_webdir', 'tm_output_dataset', 'tm_collector', 'tm_schedd', 'tm_dry_run', 'clusterid', 'tm_start_time', 'tw_name', 'tm_dagman_status', 'tm_num_jobs', 'tm_uploaded']}, 'result': [{'result': 'ok'}]}
INFO 2025-09-08 16:49:14.869 UTC: 	 Kill request successfully sent
INFO 2025-09-08 16:49:14.904 UTC: 	 Log file is /afs/cern.ch/user/a/amalhotr/CMSSW_14_0_18_patch1/src/Run3ScoutingAnalysisTools/crab_RealData_noLFNDirectory_All_EventAwareLumiBased_10k_50M/crab.log
DEBUG 2025-09-08 16:56:44.844 UTC: 	 CRAB Client version: v3.250820
DEBUG 2025-09-08 16:56:44.844 UTC: 	 Running on: Linux lxplus935.cern.ch 5.14.0-570.37.1.el9_6.x86_64 #1 SMP PREEMPT_DYNAMIC Sat Aug 16 01:10:00 EDT 2025 x86_64 x86_64 x86_64 GNU/Linux
DEBUG 2025-09-08 16:56:44.844 UTC: 	 Not using Singularity
DEBUG 2025-09-08 16:56:44.844 UTC: 	 Operating System: Red Hat Enterprise Linux 9.6 (Plow)
DEBUG 2025-09-08 16:56:44.844 UTC: 	 Executing command: 'kill'
DEBUG 2025-09-08 16:56:44.844 UTC: 	 Found CRAB cache file /afs/cern.ch/user/a/amalhotr/.crab3
DEBUG 2025-09-08 16:56:44.997 UTC: 	 Checking credentials
DEBUG 2025-09-08 16:56:44.997 UTC: 	 Found proxy file /tmp/x509up_u180451
DEBUG 2025-09-08 16:56:44.997 UTC: 	 Making sure it has proper VOMS extension
DEBUG 2025-09-08 16:56:44.997 UTC: 	 Executing command :
 voms-proxy-info --vo --file /tmp/x509up_u180451
DEBUG 2025-09-08 16:56:45.021 UTC: 	 output : cms

 error: 
 retcode : 0
DEBUG 2025-09-08 16:56:45.022 UTC: 	 Getting proxy life time left
DEBUG 2025-09-08 16:56:45.022 UTC: 	 Executing command :
 voms-proxy-info --actimeleft --timeleft --file /tmp/x509up_u180451
DEBUG 2025-09-08 16:56:45.047 UTC: 	 output : 690297
690297

 error: 
 retcode : 0
DEBUG 2025-09-08 16:56:45.047 UTC: 	 Proxy valid for 191:44:57 hours
DEBUG 2025-09-08 16:56:45.047 UTC: 	 Encoded data for curl request: subresource=delegatedn
DEBUG 2025-09-08 16:56:45.096 UTC: 	 Registering user credentials on myproxy for /DC=ch/DC=cern/OU=computers/CN=crab-(preprod|prod)-tw(01|02).cern.ch|/DC=ch/DC=cern/OU=computers/CN=crab-dev-tw(01|02|03|04).cern.ch|/DC=ch/DC=cern/OU=Organic Units/OU=Users/CN=cmscrab/CN=(817881|373708)/CN=Robot: cms crab|/DC=ch/DC=cern/OU=Organic Units/OU=Users/CN=crabint1/CN=373708/CN=Robot: CMS CRAB Integration 1
DEBUG 2025-09-08 16:56:45.096 UTC: 	 Executing command :
 voms-proxy-info --identity --file /tmp/x509up_u180451
DEBUG 2025-09-08 16:56:45.120 UTC: 	 output : /DC=ch/DC=cern/OU=Organic Units/OU=Users/CN=amalhotr/CN=884837/CN=Aryan Malhotra

 error: 
 retcode : 0
DEBUG 2025-09-08 16:56:45.120 UTC: 	 Getting myproxy life time left for 2382a3cf28fdeacb1de9b039908761ea517a5ed6
DEBUG 2025-09-08 16:56:45.120 UTC: 	 Executing command :
 myproxy-info -s myproxy.cern.ch -l 2382a3cf28fdeacb1de9b039908761ea517a5ed6
DEBUG 2025-09-08 16:56:45.432 UTC: 	 output : username: 2382a3cf28fdeacb1de9b039908761ea517a5ed6
owner: /DC=ch/DC=cern/OU=Organic Units/OU=Users/CN=amalhotr/CN=884837/CN=Aryan Malhotra
  renewal policy: /DC=ch/DC=cern/OU=computers/CN=crab-(preprod|prod)-tw(01|02).cern.ch|/DC=ch/DC=cern/OU=computers/CN=crab-dev-tw(01|02|03|04).cern.ch|/DC=ch/DC=cern/OU=Organic Units/OU=Users/CN=cmscrab/CN=(817881|373708)/CN=Robot: cms crab|/DC=ch/DC=cern/OU=Organic Units/OU=Users/CN=crabint1/CN=373708/CN=Robot: CMS CRAB Integration 1
  trusted retrieval policy: /DC=ch/DC=cern/OU=computers/CN=crab-(preprod|prod)-tw(01|02).cern.ch|/DC=ch/DC=cern/OU=computers/CN=crab-dev-tw(01|02|03|04).cern.ch|/DC=ch/DC=cern/OU=Organic Units/OU=Users/CN=cmscrab/CN=(817881|373708)/CN=Robot: cms crab|/DC=ch/DC=cern/OU=Organic Units/OU=Users/CN=crabint1/CN=373708/CN=Robot: CMS CRAB Integration 1
  timeleft: 719:47:58  (30.0 days)

 error: 
 retcode : 0
DEBUG 2025-09-08 16:56:45.432 UTC: 	 Myproxy is valid: 2591220
DEBUG 2025-09-08 16:56:45.432 UTC: 	 Result of myproxy credential check:
  Credential exists on myproxy: username: 2382a3cf28fdeacb1de9b039908761ea517a5ed6  - validity: 29 days, 23:47:00
DEBUG 2025-09-08 16:56:45.433 UTC: 	 Command use: kill
DEBUG 2025-09-08 16:56:45.433 UTC: 	 Options use: ['-d', 'crab_RealData_noLFNDirectory_All_EventAwareLumiBased_10k_50M']
DEBUG 2025-09-08 16:56:45.433 UTC: 	 Encoded data for curl request: subresource=version
DEBUG 2025-09-08 16:56:48.813 UTC: 	 CRABClient version: v3.250820
DEBUG 2025-09-08 16:56:48.813 UTC: 	 Instance is prod
DEBUG 2025-09-08 16:56:48.813 UTC: 	 Server base url is cmsweb.cern.ch
DEBUG 2025-09-08 16:56:48.813 UTC: 	 Command api workflow
DEBUG 2025-09-08 16:56:48.813 UTC: 	 Killing task 250522_185738:amalhotr_crab_RealData_noLFNDirectory_All_EventAwareLumiBased_10k_50M
DEBUG 2025-09-08 16:56:48.813 UTC: 	 Encoded data for curl request: workflow=250522_185738%3Aamalhotr_crab_RealData_noLFNDirectory_All_EventAwareLumiBased_10k_50M
DEBUG 2025-09-08 16:56:48.873 UTC: 	 Result: {'desc': {'columns': ['tm_taskname', 'tm_task_status', 'tm_task_command', 'tm_user_role', 'tm_user_group', 'tm_task_failure', 'tm_split_algo', 'tm_split_args', 'tm_save_logs', 'tm_username', 'tm_user_dn', 'tm_arguments', 'tm_input_dataset', 'tm_dbs_url', 'tm_task_warnings', 'tm_publication', 'tm_user_webdir', 'tm_output_dataset', 'tm_collector', 'tm_schedd', 'tm_dry_run', 'clusterid', 'tm_start_time', 'tw_name', 'tm_dagman_status', 'tm_num_jobs', 'tm_uploaded']}, 'result': [{'result': 'ok'}]}
INFO 2025-09-08 16:56:48.873 UTC: 	 Kill request successfully sent
INFO 2025-09-08 16:56:48.874 UTC: 	 Log file is /afs/cern.ch/user/a/amalhotr/CMSSW_14_0_18_patch1/src/Run3ScoutingAnalysisTools/crab_RealData_noLFNDirectory_All_EventAwareLumiBased_10k_50M/crab.log
