DEBUG 2025-03-29 05:36:11.925 UTC: 	 CRAB Client version: v3.250318
DEBUG 2025-03-29 05:36:11.925 UTC: 	 Running on: Linux lxplus940.cern.ch 5.14.0-503.22.1.el9_5.x86_64 #1 SMP PREEMPT_DYNAMIC Wed Jan 15 08:02:15 EST 2025 x86_64 x86_64 x86_64 GNU/Linux
DEBUG 2025-03-29 05:36:11.925 UTC: 	 Not using Singularity
DEBUG 2025-03-29 05:36:11.925 UTC: 	 Operating System: Red Hat Enterprise Linux 9.5 (Plow)
DEBUG 2025-03-29 05:36:11.925 UTC: 	 Executing command: 'submit'
DEBUG 2025-03-29 05:36:11.925 UTC: 	 Found CRAB cache file /afs/cern.ch/user/a/amalhotr/.crab3
INFO 2025-03-29 05:36:11.925 UTC: 	 Will use CRAB configuration file tree_CRAB.py
DEBUG 2025-03-29 05:36:11.926 UTC: 	 Loading CRAB configuration file.
DEBUG 2025-03-29 05:36:11.929 UTC: 	 Will use CRAB plugin ANALYSIS (i.e. will run an analysis job type).
DEBUG 2025-03-29 05:36:11.944 UTC: 	 Checking credentials
DEBUG 2025-03-29 05:36:11.944 UTC: 	 Found proxy file /tmp/x509up_u180451
DEBUG 2025-03-29 05:36:11.944 UTC: 	 Making sure it has proper VOMS extension
DEBUG 2025-03-29 05:36:11.944 UTC: 	 Executing command :
 voms-proxy-info --vo --file /tmp/x509up_u180451
DEBUG 2025-03-29 05:36:12.327 UTC: 	 output : cms

 error: 
 retcode : 0
DEBUG 2025-03-29 05:36:12.327 UTC: 	 Getting proxy life time left
DEBUG 2025-03-29 05:36:12.327 UTC: 	 Executing command :
 voms-proxy-info --actimeleft --timeleft --file /tmp/x509up_u180451
DEBUG 2025-03-29 05:36:12.674 UTC: 	 output : 690372
690372

 error: 
 retcode : 0
DEBUG 2025-03-29 05:36:12.674 UTC: 	 Proxy valid for 191:46:12 hours
DEBUG 2025-03-29 05:36:12.674 UTC: 	 Encoded data for curl request: subresource=delegatedn
DEBUG 2025-03-29 05:36:12.715 UTC: 	 Registering user credentials on myproxy for /DC=ch/DC=cern/OU=computers/CN=crab-(preprod|prod)-tw(01|02).cern.ch|/DC=ch/DC=cern/OU=computers/CN=crab-dev-tw(01|02|03|04).cern.ch|/DC=ch/DC=cern/OU=Organic Units/OU=Users/CN=cmscrab/CN=(817881|373708)/CN=Robot: cms crab|/DC=ch/DC=cern/OU=Organic Units/OU=Users/CN=crabint1/CN=373708/CN=Robot: CMS CRAB Integration 1
DEBUG 2025-03-29 05:36:12.715 UTC: 	 Executing command :
 voms-proxy-info --identity --file /tmp/x509up_u180451
DEBUG 2025-03-29 05:36:13.045 UTC: 	 output : /DC=ch/DC=cern/OU=Organic Units/OU=Users/CN=amalhotr/CN=884837/CN=Aryan Malhotra

 error: 
 retcode : 0
DEBUG 2025-03-29 05:36:13.045 UTC: 	 Getting myproxy life time left for 2382a3cf28fdeacb1de9b039908761ea517a5ed6
DEBUG 2025-03-29 05:36:13.045 UTC: 	 Executing command :
 myproxy-info -s myproxy.cern.ch -l 2382a3cf28fdeacb1de9b039908761ea517a5ed6
DEBUG 2025-03-29 05:36:13.333 UTC: 	 output : username: 2382a3cf28fdeacb1de9b039908761ea517a5ed6
owner: /DC=ch/DC=cern/OU=Organic Units/OU=Users/CN=amalhotr/CN=884837/CN=Aryan Malhotra
  renewal policy: /DC=ch/DC=cern/OU=computers/CN=crab-(preprod|prod)-tw(01|02).cern.ch|/DC=ch/DC=cern/OU=computers/CN=crab-dev-tw(01|02|03|04).cern.ch|/DC=ch/DC=cern/OU=Organic Units/OU=Users/CN=cmscrab/CN=(817881|373708)/CN=Robot: cms crab|/DC=ch/DC=cern/OU=Organic Units/OU=Users/CN=crabint1/CN=373708/CN=Robot: CMS CRAB Integration 1
  trusted retrieval policy: /DC=ch/DC=cern/OU=computers/CN=crab-(preprod|prod)-tw(01|02).cern.ch|/DC=ch/DC=cern/OU=computers/CN=crab-dev-tw(01|02|03|04).cern.ch|/DC=ch/DC=cern/OU=Organic Units/OU=Users/CN=cmscrab/CN=(817881|373708)/CN=Robot: cms crab|/DC=ch/DC=cern/OU=Organic Units/OU=Users/CN=crabint1/CN=373708/CN=Robot: CMS CRAB Integration 1
  timeleft: 478:44:05  (19.9 days)

 error: 
 retcode : 0
DEBUG 2025-03-29 05:36:13.334 UTC: 	 Myproxy is valid: 1723440
DEBUG 2025-03-29 05:36:13.334 UTC: 	 Result of myproxy credential check:
  Credential exists on myproxy: username: 2382a3cf28fdeacb1de9b039908761ea517a5ed6  - validity: 19 days, 22:44:00
DEBUG 2025-03-29 05:36:13.334 UTC: 	 Command use: submit
DEBUG 2025-03-29 05:36:13.334 UTC: 	 Options use: ['-c', 'tree_CRAB.py']
DEBUG 2025-03-29 05:36:13.334 UTC: 	 Encoded data for curl request: subresource=version
DEBUG 2025-03-29 05:36:13.370 UTC: 	 CRABClient version: v3.250318
DEBUG 2025-03-29 05:36:13.371 UTC: 	 Instance is prod
DEBUG 2025-03-29 05:36:13.371 UTC: 	 Server base url is cmsweb.cern.ch
DEBUG 2025-03-29 05:36:13.371 UTC: 	 Command api workflow
DEBUG 2025-03-29 05:36:13.371 UTC: 	 Started submission
DEBUG 2025-03-29 05:36:13.371 UTC: 	 Working on /afs/cern.ch/user/a/amalhotr/CMSSW_14_0_18_patch1/src/Run3ScoutingAnalysisTools/crab_projects/crab_DYto2Mu4Jets_ScoutingTree_100_Local
DEBUG 2025-03-29 05:36:13.371 UTC: 	 Encoded data for curl request: subresource=backendurls
DEBUG 2025-03-29 05:36:13.434 UTC: 	 Loading required information from the environment
DEBUG 2025-03-29 05:36:13.434 UTC: 	 Found CMSSW_14_0_18_patch1 for el9_amd64_gcc12 with base /afs/cern.ch/user/a/amalhotr/CMSSW_14_0_18_patch1
DEBUG 2025-03-29 05:36:13.434 UTC: 	 Loading required information from the environment
DEBUG 2025-03-29 05:36:13.434 UTC: 	 Found CMSSW_14_0_18_patch1 for el9_amd64_gcc12 with base /afs/cern.ch/user/a/amalhotr/CMSSW_14_0_18_patch1
DEBUG 2025-03-29 05:36:13.434 UTC: 	 UNIQUE NAME: tarUUID 6f1aaa88-7e47-4829-9afa-4c6dd8648793 
DEBUG 2025-03-29 05:36:13.434 UTC: 	 self.config: from WMCore.Configuration import Configuration
config = Configuration()
config.section_('General')
config.General.requestName = 'DYto2Mu4Jets_ScoutingTree_100_Local'
config.General.workArea = 'crab_projects'
config.General.transferLogs = True
config.General.transferOutputs = True
config.section_('JobType')
config.JobType.maxMemoryMB = 2500
config.JobType.pluginName = 'Analysis'
config.JobType.psetName = 'tree.py'
config.section_('Data')
config.Data.inputDataset = '/DYto2Mu-4Jets_Bin-MLL-50_TuneCP5_13p6TeV_madgraphMLM-pythia8/amalhotr-DYto2Mu4Jets_Vertexer_100_EventAwareLumiBased-8eb043b42a967140b9dd5cab43cfc767/USER'
config.Data.unitsPerJob = 5
config.Data.splitting = 'FileBased'
config.Data.outputDatasetTag = 'DYto2Mu4Jets_ScoutingTree_100_Local'
config.Data.inputDBS = 'phys03'
config.section_('Site')
config.Site.storageSite = 'T3_CH_CERNBOX'
config.section_('User')
config.section_('Debug')

DEBUG 2025-03-29 05:36:13.434 UTC: 	 self.config.JobType.psetName: tree.py
INFO 2025-03-29 05:36:13.434 UTC: 	 Importing CMSSW configuration tree.py
INFO 2025-03-29 05:36:13.629 UTC: 	 Finished importing CMSSW configuration tree.py
DEBUG 2025-03-29 05:36:13.629 UTC: 	 Writing CMSSW configuration to /afs/cern.ch/user/a/amalhotr/CMSSW_14_0_18_patch1/src/Run3ScoutingAnalysisTools/crab_projects/crab_DYto2Mu4Jets_ScoutingTree_100_Local/inputs/PSet.py
DEBUG 2025-03-29 05:36:13.643 UTC: 	 The following EDM output files will be collected: []
DEBUG 2025-03-29 05:36:13.643 UTC: 	 The following TFile output files will be collected: ['DY2M_ScoutingTree_Output.root']
DEBUG 2025-03-29 05:36:13.643 UTC: 	 The following user output files (not listed as PoolOuputModule or TFileService in the CMSSW PSet) will be collected: 
DEBUG 2025-03-29 05:36:13.643 UTC: 	 Loading required information from the environment
DEBUG 2025-03-29 05:36:13.643 UTC: 	 Found CMSSW_14_0_18_patch1 for el9_amd64_gcc12 with base /afs/cern.ch/user/a/amalhotr/CMSSW_14_0_18_patch1
DEBUG 2025-03-29 05:36:13.643 UTC: 	 Making tarball in /afs/cern.ch/user/a/amalhotr/CMSSW_14_0_18_patch1/src/Run3ScoutingAnalysisTools/crab_projects/crab_DYto2Mu4Jets_ScoutingTree_100_Local/inputs/6f1aaa88-7e47-4829-9afa-4c6dd8648793default.tgz
DEBUG 2025-03-29 05:36:13.644 UTC: 	 Checking directory /afs/cern.ch/user/a/amalhotr/CMSSW_14_0_18_patch1/bin
DEBUG 2025-03-29 05:36:13.644 UTC: 	 Adding directory /afs/cern.ch/user/a/amalhotr/CMSSW_14_0_18_patch1/bin to tarball
DEBUG 2025-03-29 05:36:13.645 UTC: 	 Checking directory /afs/cern.ch/user/a/amalhotr/CMSSW_14_0_18_patch1/python
DEBUG 2025-03-29 05:36:13.645 UTC: 	 Adding directory /afs/cern.ch/user/a/amalhotr/CMSSW_14_0_18_patch1/python to tarball
DEBUG 2025-03-29 05:36:13.664 UTC: 	 Checking directory /afs/cern.ch/user/a/amalhotr/CMSSW_14_0_18_patch1/cfipython
DEBUG 2025-03-29 05:36:13.664 UTC: 	 Adding directory /afs/cern.ch/user/a/amalhotr/CMSSW_14_0_18_patch1/cfipython to tarball
DEBUG 2025-03-29 05:36:13.670 UTC: 	 Checking directory /afs/cern.ch/user/a/amalhotr/CMSSW_14_0_18_patch1/lib
DEBUG 2025-03-29 05:36:13.670 UTC: 	 Adding directory /afs/cern.ch/user/a/amalhotr/CMSSW_14_0_18_patch1/lib to tarball
DEBUG 2025-03-29 05:36:13.729 UTC: 	 Checking directory /afs/cern.ch/user/a/amalhotr/CMSSW_14_0_18_patch1/biglib
DEBUG 2025-03-29 05:36:13.729 UTC: 	 Adding directory /afs/cern.ch/user/a/amalhotr/CMSSW_14_0_18_patch1/biglib to tarball
DEBUG 2025-03-29 05:36:13.729 UTC: 	 Checking directory /afs/cern.ch/user/a/amalhotr/CMSSW_14_0_18_patch1/module
DEBUG 2025-03-29 05:36:13.729 UTC: 	 Checking directory /afs/cern.ch/user/a/amalhotr/CMSSW_14_0_18_patch1/config/SCRAM/hooks
DEBUG 2025-03-29 05:36:13.729 UTC: 	 Adding directory /afs/cern.ch/user/a/amalhotr/CMSSW_14_0_18_patch1/config/SCRAM/hooks to tarball
DEBUG 2025-03-29 05:36:13.735 UTC: 	 Adding directory /afs/cern.ch/user/a/amalhotr/CMSSW_14_0_18_patch1/src/Run3ScoutingAnalysisTools/DataFormats/Scouting/interface to tarball
DEBUG 2025-03-29 05:36:13.787 UTC: 	 Adding directory /afs/cern.ch/user/a/amalhotr/CMSSW_14_0_18_patch1/src/Run3ScoutingAnalysisTools/ScoutingTreeMakerRun3/python to tarball
DEBUG 2025-03-29 05:36:13.790 UTC: 	 Adding directory /afs/cern.ch/user/a/amalhotr/CMSSW_14_0_18_patch1/src/DataFormats/Scouting/interface to tarball
DEBUG 2025-03-29 05:36:13.794 UTC: 	 Adding directory /afs/cern.ch/user/a/amalhotr/CMSSW_14_0_18_patch1/src/Configuration/GenProduction/python to tarball
DEBUG 2025-03-29 05:36:13.834 UTC: 	 Uploading archive /afs/cern.ch/user/a/amalhotr/CMSSW_14_0_18_patch1/src/Run3ScoutingAnalysisTools/crab_projects/crab_DYto2Mu4Jets_ScoutingTree_100_Local/inputs/6f1aaa88-7e47-4829-9afa-4c6dd8648793default.tgz (460 KB) to the CRAB cache. Using URI https://cmsweb.cern.ch/S3/crabcache_prod
DEBUG 2025-03-29 05:36:13.964 UTC: 	 Encoded data for curl request: subresource=upload&objecttype=sandbox&tarballname=2dcb3fd8a99a1a52e731b44ff523744eec5ba6f99f160bbd919196e1eed80a2d.tar.gz
DEBUG 2025-03-29 05:36:14.039 UTC: 	 sandbox 2dcb3fd8a99a1a52e731b44ff523744eec5ba6f99f160bbd919196e1eed80a2d.tar.gz is already in the S3 store, will not upload again
DEBUG 2025-03-29 05:36:14.039 UTC: 	 Loading required information from the environment
DEBUG 2025-03-29 05:36:14.039 UTC: 	 Found CMSSW_14_0_18_patch1 for el9_amd64_gcc12 with base /afs/cern.ch/user/a/amalhotr/CMSSW_14_0_18_patch1
DEBUG 2025-03-29 05:36:14.039 UTC: 	 Making tarball in /afs/cern.ch/user/a/amalhotr/CMSSW_14_0_18_patch1/src/Run3ScoutingAnalysisTools/crab_projects/crab_DYto2Mu4Jets_ScoutingTree_100_Local/inputs/debugFiles.tgz
DEBUG 2025-03-29 05:36:14.055 UTC: 	 Uploading archive /afs/cern.ch/user/a/amalhotr/CMSSW_14_0_18_patch1/src/Run3ScoutingAnalysisTools/crab_projects/crab_DYto2Mu4Jets_ScoutingTree_100_Local/inputs/debugFiles.tgz (2 KB) to the CRAB cache. Using URI https://cmsweb.cern.ch/S3/crabcache_prod
DEBUG 2025-03-29 05:36:14.056 UTC: 	 Encoded data for curl request: subresource=upload&objecttype=sandbox&tarballname=70cd1275c67181dbda57f87d4a9072b2122d9182ce053344c2184cd180c22fe5.tar.gz
DEBUG 2025-03-29 05:36:14.245 UTC: 	 Will execute:
curl -f -v -X POST  -H "User-Agent: CRAB" -F "key=amalhotr/sandboxes/70cd1275c67181dbda57f87d4a9072b2122d9182ce053344c2184cd180c22fe5.tar.gz" -F "AWSAccessKeyId=715203df6482458ba839e73e6dab634b" -F "policy=eyJleHBpcmF0aW9uIjogIjIwMjUtMDMtMjlUMDY6MzY6MTRaIiwgImNvbmRpdGlvbnMiOiBbeyJidWNrZXQiOiAiY3JhYmNhY2hlX3Byb2QifSwgeyJrZXkiOiAiYW1hbGhvdHIvc2FuZGJveGVzLzcwY2QxMjc1YzY3MTgxZGJkYTU3Zjg3ZDRhOTA3MmIyMTIyZDkxODJjZTA1MzM0NGMyMTg0Y2QxODBjMjJmZTUudGFyLmd6In1dfQ==" -F "signature=22/9WTsBUbDSNi35eM6uBD5wOsU=" -F "file=@/afs/cern.ch/user/a/amalhotr/CMSSW_14_0_18_patch1/src/Run3ScoutingAnalysisTools/crab_projects/crab_DYto2Mu4Jets_ScoutingTree_100_Local/inputs/debugFiles.tgz" "https://s3.cern.ch/crabcache_prod"
DEBUG 2025-03-29 05:36:14.339 UTC: 	 exitcode: 0
stdout: b''
DEBUG 2025-03-29 05:36:14.339 UTC: 	 upload to S3 of sandbox /afs/cern.ch/user/a/amalhotr/CMSSW_14_0_18_patch1/src/Run3ScoutingAnalysisTools/crab_projects/crab_DYto2Mu4Jets_ScoutingTree_100_Local/inputs/debugFiles.tgz completed
DEBUG 2025-03-29 05:36:14.339 UTC: 	 make sure that object is ready for retrieve
DEBUG 2025-03-29 05:36:15.341 UTC: 	 Encoded data for curl request: subresource=download&objecttype=sandbox&tarballname=70cd1275c67181dbda57f87d4a9072b2122d9182ce053344c2184cd180c22fe5.tar.gz&clientmethod=head_object
DEBUG 2025-03-29 05:36:15.378 UTC: 	 PreSignedUrl to download sandbox received OK
DEBUG 2025-03-29 05:36:15.380 UTC: 	 Will execute:
 curl -v -s -f -o /dev/null --head  "https://s3.cern.ch/crabcache_prod/amalhotr/sandboxes/70cd1275c67181dbda57f87d4a9072b2122d9182ce053344c2184cd180c22fe5.tar.gz?AWSAccessKeyId=715203df6482458ba839e73e6dab634b&Signature=P8%2B6MmSGpiUfdfjnxOBklJZi51M%3D&Expires=1743230175"
DEBUG 2025-03-29 05:36:15.409 UTC: 	 exitcode: 0
stdout: b''
DEBUG 2025-03-29 05:36:15.410 UTC: 	 sandbox /afs/cern.ch/user/a/amalhotr/CMSSW_14_0_18_patch1/src/Run3ScoutingAnalysisTools/crab_projects/crab_DYto2Mu4Jets_ScoutingTree_100_Local/inputs/debugFiles.tgz successfully uploaded to S3
DEBUG 2025-03-29 05:36:15.410 UTC: 	 Result uploading input files: 2dcb3fd8a99a1a52e731b44ff523744eec5ba6f99f160bbd919196e1eed80a2d.tar.gz 
WARNING 2025-03-29 05:36:15.410 UTC: 	 Warning: The following output files will not be published, as they are not EDM files: ['DY2M_ScoutingTree_Output.root']
DEBUG 2025-03-29 05:36:15.410 UTC: 	 submit() - self.configuration from WMCore.Configuration import Configuration
config = Configuration()
config.section_('General')
config.General.requestName = 'DYto2Mu4Jets_ScoutingTree_100_Local'
config.General.workArea = 'crab_projects'
config.General.transferLogs = True
config.General.transferOutputs = True
config.section_('JobType')
config.JobType.maxMemoryMB = 2500
config.JobType.pluginName = 'Analysis'
config.JobType.psetName = 'tree.py'
config.section_('Data')
config.Data.inputDataset = '/DYto2Mu-4Jets_Bin-MLL-50_TuneCP5_13p6TeV_madgraphMLM-pythia8/amalhotr-DYto2Mu4Jets_Vertexer_100_EventAwareLumiBased-8eb043b42a967140b9dd5cab43cfc767/USER'
config.Data.unitsPerJob = 5
config.Data.splitting = 'FileBased'
config.Data.outputDatasetTag = 'DYto2Mu4Jets_ScoutingTree_100_Local'
config.Data.inputDBS = 'phys03'
config.section_('Site')
config.Site.storageSite = 'T3_CH_CERNBOX'
config.section_('User')
config.section_('Debug')

DEBUG 2025-03-29 05:36:15.410 UTC: 	 submit() - self.configreq {'dryrun': 0, 'workflow': 'crab_DYto2Mu4Jets_ScoutingTree_100_Local', 'saveoutput': 1, 'savelogsflag': 1, 'inputdata': '/DYto2Mu-4Jets_Bin-MLL-50_TuneCP5_13p6TeV_madgraphMLM-pythia8/amalhotr-DYto2Mu4Jets_Vertexer_100_EventAwareLumiBased-8eb043b42a967140b9dd5cab43cfc767/USER', 'nonvaliddata': 0, 'userfiles': [], 'dbsurl': 'https://cmsweb.cern.ch/dbs/prod/phys03/DBSReader', 'useparent': 0, 'ignorelocality': 0, 'splitalgo': 'FileBased', 'algoargs': 5, 'totalunits': 0, 'publication': 1, 'publishdbsurl': 'https://cmsweb.cern.ch/dbs/prod/phys03/DBSWriter', 'publishname2': 'DYto2Mu4Jets_ScoutingTree_100_Local', 'jobtype': 'Analysis', 'generator': 'pythia', 'addoutputfiles': [], 'maxjobruntime': 1250, 'numcores': 1, 'maxmemory': 2500, 'priority': 10, 'nonprodsw': 0, 'asyncdest': 'T3_CH_CERNBOX', 'requireaccelerator': 0, 'oneEventMode': 0, 'extrajdl': [], 'ignoreglobalblacklist': 0, 'partialdataset': 0, 'inputblocks': []}
DEBUG 2025-03-29 05:36:15.410 UTC: 	 submit() - jobconfig {'addoutputfiles': [], 'tfileoutfiles': ['DY2M_ScoutingTree_Output.root'], 'edmoutfiles': [], 'jobarch': 'el9_amd64_gcc12', 'jobminuarch': 'any', 'jobsw': 'CMSSW_14_0_18_patch1', 'inputdata': '/DYto2Mu-4Jets_Bin-MLL-50_TuneCP5_13p6TeV_madgraphMLM-pythia8/amalhotr-DYto2Mu4Jets_Vertexer_100_EventAwareLumiBased-8eb043b42a967140b9dd5cab43cfc767/USER', 'cacheurl': 'https://cmsweb.cern.ch/S3/crabcache_prod', 'cachefilename': '2dcb3fd8a99a1a52e731b44ff523744eec5ba6f99f160bbd919196e1eed80a2d.tar.gz', 'debugfilename': '70cd1275c67181dbda57f87d4a9072b2122d9182ce053344c2184cd180c22fe5.tar.gz', 'jobtype': 'Analysis'}
INFO 2025-03-29 05:36:15.410 UTC: 	 Sending the request to the server at cmsweb.cern.ch
DEBUG 2025-03-29 05:36:15.410 UTC: 	 Submitting {'dryrun': 0, 'workflow': 'crab_DYto2Mu4Jets_ScoutingTree_100_Local', 'saveoutput': 1, 'savelogsflag': 1, 'inputdata': '/DYto2Mu-4Jets_Bin-MLL-50_TuneCP5_13p6TeV_madgraphMLM-pythia8/amalhotr-DYto2Mu4Jets_Vertexer_100_EventAwareLumiBased-8eb043b42a967140b9dd5cab43cfc767/USER', 'nonvaliddata': 0, 'userfiles': [], 'dbsurl': 'https://cmsweb.cern.ch/dbs/prod/phys03/DBSReader', 'useparent': 0, 'ignorelocality': 0, 'splitalgo': 'FileBased', 'algoargs': 5, 'totalunits': 0, 'publication': 1, 'publishdbsurl': 'https://cmsweb.cern.ch/dbs/prod/phys03/DBSWriter', 'publishname2': 'DYto2Mu4Jets_ScoutingTree_100_Local', 'jobtype': 'Analysis', 'generator': 'pythia', 'addoutputfiles': [], 'maxjobruntime': 1250, 'numcores': 1, 'maxmemory': 2500, 'priority': 10, 'nonprodsw': 0, 'asyncdest': 'T3_CH_CERNBOX', 'requireaccelerator': 0, 'oneEventMode': 0, 'extrajdl': [], 'ignoreglobalblacklist': 0, 'partialdataset': 0, 'inputblocks': [], 'tfileoutfiles': ['DY2M_ScoutingTree_Output.root'], 'edmoutfiles': [], 'jobarch': 'el9_amd64_gcc12', 'jobminuarch': 'any', 'jobsw': 'CMSSW_14_0_18_patch1', 'cacheurl': 'https://cmsweb.cern.ch/S3/crabcache_prod', 'cachefilename': '2dcb3fd8a99a1a52e731b44ff523744eec5ba6f99f160bbd919196e1eed80a2d.tar.gz', 'debugfilename': '70cd1275c67181dbda57f87d4a9072b2122d9182ce053344c2184cd180c22fe5.tar.gz'} 
DEBUG 2025-03-29 05:36:15.410 UTC: 	 Encoded data for curl request: dryrun=0&workflow=crab_DYto2Mu4Jets_ScoutingTree_100_Local&saveoutput=1&savelogsflag=1&inputdata=%2FDYto2Mu-4Jets_Bin-MLL-50_TuneCP5_13p6TeV_madgraphMLM-pythia8%2Famalhotr-DYto2Mu4Jets_Vertexer_100_EventAwareLumiBased-8eb043b42a967140b9dd5cab43cfc767%2FUSER&nonvaliddata=0&dbsurl=https%3A%2F%2Fcmsweb.cern.ch%2Fdbs%2Fprod%2Fphys03%2FDBSReader&useparent=0&ignorelocality=0&splitalgo=FileBased&algoargs=5&totalunits=0&publication=1&publishdbsurl=https%3A%2F%2Fcmsweb.cern.ch%2Fdbs%2Fprod%2Fphys03%2FDBSWriter&publishname2=DYto2Mu4Jets_ScoutingTree_100_Local&jobtype=Analysis&generator=pythia&maxjobruntime=1250&numcores=1&maxmemory=2500&priority=10&nonprodsw=0&asyncdest=T3_CH_CERNBOX&requireaccelerator=0&oneEventMode=0&ignoreglobalblacklist=0&partialdataset=0&jobarch=el9_amd64_gcc12&jobminuarch=any&jobsw=CMSSW_14_0_18_patch1&cacheurl=https%3A%2F%2Fcmsweb.cern.ch%2FS3%2Fcrabcache_prod&cachefilename=2dcb3fd8a99a1a52e731b44ff523744eec5ba6f99f160bbd919196e1eed80a2d.tar.gz&debugfilename=70cd1275c67181dbda57f87d4a9072b2122d9182ce053344c2184cd180c22fe5.tar.gz&tfileoutfiles=DY2M_ScoutingTree_Output.root
DEBUG 2025-03-29 05:36:16.317 UTC: 	 Result: {'result': [{'RequestName': '250329_053615:amalhotr_crab_DYto2Mu4Jets_ScoutingTree_100_Local'}]}
INFO 2025-03-29 05:36:16.324 UTC: 	 Success: Your task has been delivered to the prod CRAB3 server.
INFO 2025-03-29 05:36:16.324 UTC: 	 Task name: 250329_053615:amalhotr_crab_DYto2Mu4Jets_ScoutingTree_100_Local
INFO 2025-03-29 05:36:16.324 UTC: 	 Project dir: crab_projects/crab_DYto2Mu4Jets_ScoutingTree_100_Local
INFO 2025-03-29 05:36:16.325 UTC: 	 Please use ' crab status -d crab_projects/crab_DYto2Mu4Jets_ScoutingTree_100_Local ' to check how the submission process proceeds.
DEBUG 2025-03-29 05:36:16.325 UTC: 	 About to return
INFO 2025-03-29 05:36:16.326 UTC: 	 Log file is /afs/cern.ch/user/a/amalhotr/CMSSW_14_0_18_patch1/src/Run3ScoutingAnalysisTools/crab_projects/crab_DYto2Mu4Jets_ScoutingTree_100_Local/crab.log
DEBUG 2025-03-29 05:39:19.342 UTC: 	 CRAB Client version: v3.250318
DEBUG 2025-03-29 05:39:19.342 UTC: 	 Running on: Linux lxplus940.cern.ch 5.14.0-503.22.1.el9_5.x86_64 #1 SMP PREEMPT_DYNAMIC Wed Jan 15 08:02:15 EST 2025 x86_64 x86_64 x86_64 GNU/Linux
DEBUG 2025-03-29 05:39:19.342 UTC: 	 Not using Singularity
DEBUG 2025-03-29 05:39:19.342 UTC: 	 Operating System: Red Hat Enterprise Linux 9.5 (Plow)
DEBUG 2025-03-29 05:39:19.342 UTC: 	 Executing command: 'status'
DEBUG 2025-03-29 05:39:19.342 UTC: 	 Found CRAB cache file /afs/cern.ch/user/a/amalhotr/.crab3
DEBUG 2025-03-29 05:39:19.348 UTC: 	 Checking credentials
DEBUG 2025-03-29 05:39:19.348 UTC: 	 Found proxy file /tmp/x509up_u180451
DEBUG 2025-03-29 05:39:19.348 UTC: 	 Making sure it has proper VOMS extension
DEBUG 2025-03-29 05:39:19.348 UTC: 	 Executing command :
 voms-proxy-info --vo --file /tmp/x509up_u180451
DEBUG 2025-03-29 05:39:19.669 UTC: 	 output : cms

 error: 
 retcode : 0
DEBUG 2025-03-29 05:39:19.669 UTC: 	 Getting proxy life time left
DEBUG 2025-03-29 05:39:19.669 UTC: 	 Executing command :
 voms-proxy-info --actimeleft --timeleft --file /tmp/x509up_u180451
DEBUG 2025-03-29 05:39:19.983 UTC: 	 output : 690185
690185

 error: 
 retcode : 0
DEBUG 2025-03-29 05:39:19.983 UTC: 	 Proxy valid for 191:43:05 hours
DEBUG 2025-03-29 05:39:19.983 UTC: 	 Encoded data for curl request: subresource=delegatedn
DEBUG 2025-03-29 05:39:20.020 UTC: 	 Registering user credentials on myproxy for /DC=ch/DC=cern/OU=computers/CN=crab-(preprod|prod)-tw(01|02).cern.ch|/DC=ch/DC=cern/OU=computers/CN=crab-dev-tw(01|02|03|04).cern.ch|/DC=ch/DC=cern/OU=Organic Units/OU=Users/CN=cmscrab/CN=(817881|373708)/CN=Robot: cms crab|/DC=ch/DC=cern/OU=Organic Units/OU=Users/CN=crabint1/CN=373708/CN=Robot: CMS CRAB Integration 1
DEBUG 2025-03-29 05:39:20.021 UTC: 	 Executing command :
 voms-proxy-info --identity --file /tmp/x509up_u180451
DEBUG 2025-03-29 05:39:20.344 UTC: 	 output : /DC=ch/DC=cern/OU=Organic Units/OU=Users/CN=amalhotr/CN=884837/CN=Aryan Malhotra

 error: 
 retcode : 0
DEBUG 2025-03-29 05:39:20.345 UTC: 	 Getting myproxy life time left for 2382a3cf28fdeacb1de9b039908761ea517a5ed6
DEBUG 2025-03-29 05:39:20.345 UTC: 	 Executing command :
 myproxy-info -s myproxy.cern.ch -l 2382a3cf28fdeacb1de9b039908761ea517a5ed6
DEBUG 2025-03-29 05:39:20.598 UTC: 	 output : username: 2382a3cf28fdeacb1de9b039908761ea517a5ed6
owner: /DC=ch/DC=cern/OU=Organic Units/OU=Users/CN=amalhotr/CN=884837/CN=Aryan Malhotra
  renewal policy: /DC=ch/DC=cern/OU=computers/CN=crab-(preprod|prod)-tw(01|02).cern.ch|/DC=ch/DC=cern/OU=computers/CN=crab-dev-tw(01|02|03|04).cern.ch|/DC=ch/DC=cern/OU=Organic Units/OU=Users/CN=cmscrab/CN=(817881|373708)/CN=Robot: cms crab|/DC=ch/DC=cern/OU=Organic Units/OU=Users/CN=crabint1/CN=373708/CN=Robot: CMS CRAB Integration 1
  trusted retrieval policy: /DC=ch/DC=cern/OU=computers/CN=crab-(preprod|prod)-tw(01|02).cern.ch|/DC=ch/DC=cern/OU=computers/CN=crab-dev-tw(01|02|03|04).cern.ch|/DC=ch/DC=cern/OU=Organic Units/OU=Users/CN=cmscrab/CN=(817881|373708)/CN=Robot: cms crab|/DC=ch/DC=cern/OU=Organic Units/OU=Users/CN=crabint1/CN=373708/CN=Robot: CMS CRAB Integration 1
  timeleft: 478:40:58  (19.9 days)

 error: 
 retcode : 0
DEBUG 2025-03-29 05:39:20.599 UTC: 	 Myproxy is valid: 1723200
DEBUG 2025-03-29 05:39:20.599 UTC: 	 Result of myproxy credential check:
  Credential exists on myproxy: username: 2382a3cf28fdeacb1de9b039908761ea517a5ed6  - validity: 19 days, 22:40:00
DEBUG 2025-03-29 05:39:20.599 UTC: 	 Retrieving username ...
DEBUG 2025-03-29 05:39:20.599 UTC: 	 Retrieving username from CRIC...
DEBUG 2025-03-29 05:39:21.350 UTC: 	 username is amalhotr
INFO 2025-03-29 05:39:21.791 UTC: 	 Rucio client intialized for account amalhotr
DEBUG 2025-03-29 05:39:21.791 UTC: 	 Command use: status
DEBUG 2025-03-29 05:39:21.791 UTC: 	 Options use: ['-d', 'crab_projects/crab_DYto2Mu4Jets_ScoutingTree_100_Local']
DEBUG 2025-03-29 05:39:21.791 UTC: 	 Encoded data for curl request: subresource=version
DEBUG 2025-03-29 05:39:21.828 UTC: 	 CRABClient version: v3.250318
DEBUG 2025-03-29 05:39:21.829 UTC: 	 Instance is prod
DEBUG 2025-03-29 05:39:21.829 UTC: 	 Server base url is cmsweb.cern.ch
DEBUG 2025-03-29 05:39:21.829 UTC: 	 Command api workflow
DEBUG 2025-03-29 05:39:21.829 UTC: 	 Encoded data for curl request: subresource=search&workflow=250329_053615%3Aamalhotr_crab_DYto2Mu4Jets_ScoutingTree_100_Local
DEBUG 2025-03-29 05:39:21.872 UTC: 	 Got information from server oracle database: {'desc': {'columns': ['tm_taskname', 'tm_activity', 'tm_task_status', 'tm_task_command', 'tm_start_time', 'tm_start_injection', 'tm_end_injection', 'tm_task_failure', 'tm_job_sw', 'tm_job_arch', 'tm_input_dataset', 'tm_nonvalid_input_dataset', 'tm_use_parent', 'tm_site_whitelist', 'tm_site_blacklist', 'tm_split_algo', 'tm_split_args', 'tm_user_sandbox', 'tm_cache_url', 'tm_username', 'tm_user_dn', 'tm_user_vo', 'tm_user_role', 'tm_user_group', 'tm_publish_name', 'tm_publish_groupname', 'tm_asyncdest', 'tm_dbs_url', 'tm_publish_dbs_url', 'tm_publication', 'tm_outfiles', 'tm_tfile_outfiles', 'tm_edm_outfiles', 'tm_job_type', 'tm_generator', 'tm_events_per_lumi', 'tm_arguments', 'tm_save_logs', 'tw_name', 'tm_user_infiles', 'tm_maxjobruntime', 'tm_numcores', 'tm_maxmemory', 'tm_priority', 'tm_output_dataset', 'tm_task_warnings', 'tm_user_webdir', 'tm_scriptexe', 'tm_scriptargs', 'tm_extrajdl', 'tm_collector', 'tm_schedd', 'tm_dry_run', 'tm_user_files', 'tm_transfer_outputs', 'tm_output_lfn', 'tm_ignore_locality', 'tm_fail_limit', 'tm_one_event_mode', 'tm_secondary_input_dataset', 'tm_primary_dataset', 'tm_last_publication', 'tm_debug_files', 'clusterid', 'tm_ignore_global_blacklist', 'tm_submitter_ip_addr', 'tm_totalunits', 'tm_ddm_reqid', 'tm_user_config', 'tm_transfer_container', 'tm_transfer_rule', 'tm_publish_rule', 'tm_multipub_rule', 'tm_job_min_microarch', 'tm_dagman_status', 'tm_num_jobs', 'tm_uploaded']}, 'result': ['250329_053615:amalhotr_crab_DYto2Mu4Jets_ScoutingTree_100_Local', 'None', 'SUBMITTED', 'SUBMIT', '2025-03-29 05:36:16.309400', 'None', '2025-03-29 05:37:07.505487', 'None', 'CMSSW_14_0_18_patch1', 'el9_amd64_gcc12', '/DYto2Mu-4Jets_Bin-MLL-50_TuneCP5_13p6TeV_madgraphMLM-pythia8/amalhotr-DYto2Mu4Jets_Vertexer_100_EventAwareLumiBased-8eb043b42a967140b9dd5cab43cfc767/USER', 'F', '0', '[]', '[]', 'FileBased', "{'halt_job_on_file_boundaries': False, 'splitOnRun': False, 'files_per_job': 5, 'runs': [], 'lumis': []}", '2dcb3fd8a99a1a52e731b44ff523744eec5ba6f99f160bbd919196e1eed80a2d.tar.gz', 'https://cmsweb.cern.ch/S3/crabcache_prod', 'amalhotr', '/DC=ch/DC=cern/OU=Organic Units/OU=Users/CN=amalhotr/CN=884837/CN=Aryan Malhotra', 'cms', 'None', 'None', 'DYto2Mu4Jets_ScoutingTree_100_Local-00000000000000000000000000000000', 'F', 'T3_CH_CERNBOX', 'https://cmsweb.cern.ch/dbs/prod/phys03/DBSReader', 'https://cmsweb.cern.ch/dbs/prod/phys03/DBSWriter', 'T', '[]', "['DY2M_ScoutingTree_Output.root']", '[]', 'Analysis', 'pythia', 'None', '{}', 'T', 'crab-prod-tw01', '[]', '1250', '1', '2500', '10', 'None', '[]', 'http://vocms0197.cern.ch/mon/amalhotr/250329_053615:amalhotr_crab_DYto2Mu4Jets_ScoutingTree_100_Local', 'None', '[]', '[]', 'cmsgwms-collector-global.cern.ch:9620,cmsgwms-collector-global.fnal.gov:9620', 'crab3@vocms0197.cern.ch', 'F', '[]', 'T', '/store/user/amalhotr/', 'F', 'None', 'F', 'None', 'DYto2Mu-4Jets_Bin-MLL-50_TuneCP5_13p6TeV_madgraphMLM-pythia8', 'None', '70cd1275c67181dbda57f87d4a9072b2122d9182ce053344c2184cd180c22fe5.tar.gz', '120103878', 'F', '188.185.101.116', '0.0', 'None', '{"partialdataset": false, "requireaccelerator": false, "acceleratorparams": null, "inputblocks": null}', 'None', 'None', 'None', 'None', 'any', 'NOT_READY', '0', 'F']}
INFO 2025-03-29 05:39:21.872 UTC: 	 CRAB project directory:		/afs/cern.ch/user/a/amalhotr/CMSSW_14_0_18_patch1/src/Run3ScoutingAnalysisTools/crab_projects/crab_DYto2Mu4Jets_ScoutingTree_100_Local
INFO 2025-03-29 05:39:21.872 UTC: 	 Task name:			250329_053615:amalhotr_crab_DYto2Mu4Jets_ScoutingTree_100_Local
INFO 2025-03-29 05:39:21.872 UTC: 	 Grid scheduler - Task Worker:	crab3@vocms0197.cern.ch - crab-prod-tw01
INFO 2025-03-29 05:39:21.872 UTC: 	 Status on the CRAB server:	SUBMITTED
INFO 2025-03-29 05:39:21.873 UTC: 	 Task URL to use for HELP:	https://cmsweb.cern.ch/crabserver/ui/task/250329_053615%3Aamalhotr_crab_DYto2Mu4Jets_ScoutingTree_100_Local
INFO 2025-03-29 05:39:21.878 UTC: 	 Dashboard monitoring URL:	https://monit-grafana.cern.ch/d/cmsTMDetail/cms-task-monitoring-task-view?orgId=11&var-user=amalhotr&var-task=250329_053615%3Aamalhotr_crab_DYto2Mu4Jets_ScoutingTree_100_Local&from=1743222976000&to=now
DEBUG 2025-03-29 05:39:21.878 UTC: 	 The CRAB server submitted your task to the Grid scheduler (cluster ID: 120103878)
DEBUG 2025-03-29 05:39:21.878 UTC: 	 Webdir is located at http://vocms0197.cern.ch/mon/amalhotr/250329_053615:amalhotr_crab_DYto2Mu4Jets_ScoutingTree_100_Local
DEBUG 2025-03-29 05:39:21.878 UTC: 	 Encoded data for curl request: subresource=webdirprx&workflow=250329_053615%3Aamalhotr_crab_DYto2Mu4Jets_ScoutingTree_100_Local
DEBUG 2025-03-29 05:39:21.917 UTC: 	 Proxied webdir is located at https://cmsweb.cern.ch:8443/scheddmon/0197/amalhotr/250329_053615:amalhotr_crab_DYto2Mu4Jets_ScoutingTree_100_Local
DEBUG 2025-03-29 05:39:21.917 UTC: 	 Retrieving 'status_cache' file from https://cmsweb.cern.ch:8443/scheddmon/0197/amalhotr/250329_053615:amalhotr_crab_DYto2Mu4Jets_ScoutingTree_100_Local/status_cache.pkl
DEBUG 2025-03-29 05:39:21.917 UTC: 	 Will execute:
curl -sS --capath /etc/grid-security/certificates --cert /tmp/x509up_u180451 --key /tmp/x509up_u180451 -o /tmp/crab_status-cache-10pg72ol.pkl -w %"{http_code}" "https://cmsweb.cern.ch:8443/scheddmon/0197/amalhotr/250329_053615:amalhotr_crab_DYto2Mu4Jets_ScoutingTree_100_Local/status_cache.pkl"
DEBUG 2025-03-29 05:39:21.917 UTC: 	 Executing command :
 curl -sS --capath /etc/grid-security/certificates --cert /tmp/x509up_u180451 --key /tmp/x509up_u180451 -o /tmp/crab_status-cache-10pg72ol.pkl -w %"{http_code}" "https://cmsweb.cern.ch:8443/scheddmon/0197/amalhotr/250329_053615:amalhotr_crab_DYto2Mu4Jets_ScoutingTree_100_Local/status_cache.pkl"
DEBUG 2025-03-29 05:39:21.953 UTC: 	 output : 200
 error: 
 retcode : 0
DEBUG 2025-03-29 05:39:21.954 UTC: 	 exitcode: 0
stdout: 200
stderr: 
error details: 
DEBUG 2025-03-29 05:39:21.954 UTC: 	 Got information from status cache file: {'9': {'Retries': 0, 'Restarts': 0, 'SiteHistory': ['Unknown'], 'ResidentSetSize': [0], 'SubmitTimes': [1743226697.0], 'StartTimes': [], 'EndTimes': [], 'TotalUserCpuTimeHistory': [0.0], 'TotalSysCpuTimeHistory': [0.0], 'WallDurations': [0], 'JobIds': ['120103884.0'], 'State': 'idle', 'RecordedSite': False}, '5': {'Retries': 0, 'Restarts': 0, 'SiteHistory': ['Unknown'], 'ResidentSetSize': [0], 'SubmitTimes': [1743226697.0], 'StartTimes': [], 'EndTimes': [], 'TotalUserCpuTimeHistory': [0.0], 'TotalSysCpuTimeHistory': [0.0], 'WallDurations': [0], 'JobIds': ['120103886.0'], 'State': 'idle', 'RecordedSite': False}, '20': {'Retries': 0, 'Restarts': 0, 'SiteHistory': ['Unknown'], 'ResidentSetSize': [0], 'SubmitTimes': [1743226697.0], 'StartTimes': [], 'EndTimes': [], 'TotalUserCpuTimeHistory': [0.0], 'TotalSysCpuTimeHistory': [0.0], 'WallDurations': [0], 'JobIds': ['120103887.0'], 'State': 'idle', 'RecordedSite': False}, '8': {'Retries': 0, 'Restarts': 0, 'SiteHistory': ['Unknown'], 'ResidentSetSize': [0], 'SubmitTimes': [1743226697.0], 'StartTimes': [], 'EndTimes': [], 'TotalUserCpuTimeHistory': [0.0], 'TotalSysCpuTimeHistory': [0.0], 'WallDurations': [0], 'JobIds': ['120103888.0'], 'State': 'idle', 'RecordedSite': False}, '10': {'Retries': 0, 'Restarts': 0, 'SiteHistory': ['Unknown'], 'ResidentSetSize': [0], 'SubmitTimes': [1743226697.0], 'StartTimes': [], 'EndTimes': [], 'TotalUserCpuTimeHistory': [0.0], 'TotalSysCpuTimeHistory': [0.0], 'WallDurations': [0], 'JobIds': ['120103889.0'], 'State': 'idle', 'RecordedSite': False}, '15': {'Retries': 0, 'Restarts': 0, 'SiteHistory': ['Unknown'], 'ResidentSetSize': [0], 'SubmitTimes': [1743226697.0], 'StartTimes': [], 'EndTimes': [], 'TotalUserCpuTimeHistory': [0.0], 'TotalSysCpuTimeHistory': [0.0], 'WallDurations': [0], 'JobIds': ['120103890.0'], 'State': 'idle', 'RecordedSite': False}, '2': {'Retries': 0, 'Restarts': 0, 'SiteHistory': ['Unknown'], 'ResidentSetSize': [0], 'SubmitTimes': [1743226697.0], 'StartTimes': [], 'EndTimes': [], 'TotalUserCpuTimeHistory': [0.0], 'TotalSysCpuTimeHistory': [0.0], 'WallDurations': [0], 'JobIds': ['120103891.0'], 'State': 'idle', 'RecordedSite': False}, '4': {'Retries': 0, 'Restarts': 0, 'SiteHistory': ['Unknown'], 'ResidentSetSize': [0], 'SubmitTimes': [1743226697.0], 'StartTimes': [], 'EndTimes': [], 'TotalUserCpuTimeHistory': [0.0], 'TotalSysCpuTimeHistory': [0.0], 'WallDurations': [0], 'JobIds': ['120103892.0'], 'State': 'idle', 'RecordedSite': False}, '3': {'Retries': 0, 'Restarts': 0, 'SiteHistory': ['Unknown'], 'ResidentSetSize': [0], 'SubmitTimes': [1743226697.0], 'StartTimes': [], 'EndTimes': [], 'TotalUserCpuTimeHistory': [0.0], 'TotalSysCpuTimeHistory': [0.0], 'WallDurations': [0], 'JobIds': ['120103893.0'], 'State': 'idle', 'RecordedSite': False}, '1': {'Retries': 0, 'Restarts': 0, 'SiteHistory': ['Unknown'], 'ResidentSetSize': [0], 'SubmitTimes': [1743226697.0], 'StartTimes': [], 'EndTimes': [], 'TotalUserCpuTimeHistory': [0.0], 'TotalSysCpuTimeHistory': [0.0], 'WallDurations': [0], 'JobIds': ['120103894.0'], 'State': 'idle', 'RecordedSite': False}, '13': {'Retries': 0, 'Restarts': 0, 'SiteHistory': ['Unknown'], 'ResidentSetSize': [0], 'SubmitTimes': [1743226697.0], 'StartTimes': [], 'EndTimes': [], 'TotalUserCpuTimeHistory': [0.0], 'TotalSysCpuTimeHistory': [0.0], 'WallDurations': [0], 'JobIds': ['120103895.0'], 'State': 'idle', 'RecordedSite': False}, '7': {'Retries': 0, 'Restarts': 0, 'SiteHistory': ['Unknown'], 'ResidentSetSize': [0], 'SubmitTimes': [1743226697.0], 'StartTimes': [], 'EndTimes': [], 'TotalUserCpuTimeHistory': [0.0], 'TotalSysCpuTimeHistory': [0.0], 'WallDurations': [0], 'JobIds': ['120103896.0'], 'State': 'idle', 'RecordedSite': False}, '11': {'Retries': 0, 'Restarts': 0, 'SiteHistory': ['Unknown'], 'ResidentSetSize': [0], 'SubmitTimes': [1743226697.0], 'StartTimes': [], 'EndTimes': [], 'TotalUserCpuTimeHistory': [0.0], 'TotalSysCpuTimeHistory': [0.0], 'WallDurations': [0], 'JobIds': ['120103897.0'], 'State': 'idle', 'RecordedSite': False}, '12': {'Retries': 0, 'Restarts': 0, 'SiteHistory': ['Unknown'], 'ResidentSetSize': [0], 'SubmitTimes': [1743226697.0], 'StartTimes': [], 'EndTimes': [], 'TotalUserCpuTimeHistory': [0.0], 'TotalSysCpuTimeHistory': [0.0], 'WallDurations': [0], 'JobIds': ['120103898.0'], 'State': 'idle', 'RecordedSite': False}, '14': {'Retries': 0, 'Restarts': 0, 'SiteHistory': ['Unknown'], 'ResidentSetSize': [0], 'SubmitTimes': [1743226697.0], 'StartTimes': [], 'EndTimes': [], 'TotalUserCpuTimeHistory': [0.0], 'TotalSysCpuTimeHistory': [0.0], 'WallDurations': [0], 'JobIds': ['120103899.0'], 'State': 'idle', 'RecordedSite': False}, '17': {'Retries': 0, 'Restarts': 0, 'SiteHistory': ['Unknown'], 'ResidentSetSize': [0], 'SubmitTimes': [1743226698.0], 'StartTimes': [], 'EndTimes': [], 'TotalUserCpuTimeHistory': [0.0], 'TotalSysCpuTimeHistory': [0.0], 'WallDurations': [0], 'JobIds': ['120103900.0'], 'State': 'idle', 'RecordedSite': False}, '6': {'Retries': 0, 'Restarts': 0, 'SiteHistory': ['Unknown'], 'ResidentSetSize': [0], 'SubmitTimes': [1743226698.0], 'StartTimes': [], 'EndTimes': [], 'TotalUserCpuTimeHistory': [0.0], 'TotalSysCpuTimeHistory': [0.0], 'WallDurations': [0], 'JobIds': ['120103901.0'], 'State': 'idle', 'RecordedSite': False}, '16': {'Retries': 0, 'Restarts': 0, 'SiteHistory': ['Unknown'], 'ResidentSetSize': [0], 'SubmitTimes': [1743226698.0], 'StartTimes': [], 'EndTimes': [], 'TotalUserCpuTimeHistory': [0.0], 'TotalSysCpuTimeHistory': [0.0], 'WallDurations': [0], 'JobIds': ['120103902.0'], 'State': 'idle', 'RecordedSite': False}, '18': {'Retries': 0, 'Restarts': 0, 'SiteHistory': ['Unknown'], 'ResidentSetSize': [0], 'SubmitTimes': [1743226698.0], 'StartTimes': [], 'EndTimes': [], 'TotalUserCpuTimeHistory': [0.0], 'TotalSysCpuTimeHistory': [0.0], 'WallDurations': [0], 'JobIds': ['120103903.0'], 'State': 'idle', 'RecordedSite': False}, '19': {'Retries': 0, 'Restarts': 0, 'SiteHistory': ['Unknown'], 'ResidentSetSize': [0], 'SubmitTimes': [1743226698.0], 'StartTimes': [], 'EndTimes': [], 'TotalUserCpuTimeHistory': [0.0], 'TotalSysCpuTimeHistory': [0.0], 'WallDurations': [0], 'JobIds': ['120103904.0'], 'State': 'idle', 'RecordedSite': False}, '22': {'Retries': 0, 'Restarts': 0, 'SiteHistory': ['Unknown'], 'ResidentSetSize': [0], 'SubmitTimes': [1743226698.0], 'StartTimes': [], 'EndTimes': [], 'TotalUserCpuTimeHistory': [0.0], 'TotalSysCpuTimeHistory': [0.0], 'WallDurations': [0], 'JobIds': ['120103905.0'], 'State': 'idle', 'RecordedSite': False}, '29': {'Retries': 0, 'Restarts': 0, 'SiteHistory': ['Unknown'], 'ResidentSetSize': [0], 'SubmitTimes': [1743226698.0], 'StartTimes': [], 'EndTimes': [], 'TotalUserCpuTimeHistory': [0.0], 'TotalSysCpuTimeHistory': [0.0], 'WallDurations': [0], 'JobIds': ['120103906.0'], 'State': 'idle', 'RecordedSite': False}, '36': {'Retries': 0, 'Restarts': 0, 'SiteHistory': ['Unknown'], 'ResidentSetSize': [0], 'SubmitTimes': [1743226698.0], 'StartTimes': [], 'EndTimes': [], 'TotalUserCpuTimeHistory': [0.0], 'TotalSysCpuTimeHistory': [0.0], 'WallDurations': [0], 'JobIds': ['120103907.0'], 'State': 'idle', 'RecordedSite': False}, '33': {'Retries': 0, 'Restarts': 0, 'SiteHistory': ['Unknown'], 'ResidentSetSize': [0], 'SubmitTimes': [1743226698.0], 'StartTimes': [], 'EndTimes': [], 'TotalUserCpuTimeHistory': [0.0], 'TotalSysCpuTimeHistory': [0.0], 'WallDurations': [0], 'JobIds': ['120103908.0'], 'State': 'idle', 'RecordedSite': False}, '23': {'Retries': 0, 'Restarts': 0, 'SiteHistory': ['Unknown'], 'ResidentSetSize': [0], 'SubmitTimes': [1743226698.0], 'StartTimes': [], 'EndTimes': [], 'TotalUserCpuTimeHistory': [0.0], 'TotalSysCpuTimeHistory': [0.0], 'WallDurations': [0], 'JobIds': ['120103909.0'], 'State': 'idle', 'RecordedSite': False}, '37': {'Retries': 0, 'Restarts': 0, 'SiteHistory': ['Unknown'], 'ResidentSetSize': [0], 'SubmitTimes': [1743226698.0], 'StartTimes': [], 'EndTimes': [], 'TotalUserCpuTimeHistory': [0.0], 'TotalSysCpuTimeHistory': [0.0], 'WallDurations': [0], 'JobIds': ['120103910.0'], 'State': 'idle', 'RecordedSite': False}, '35': {'Retries': 0, 'Restarts': 0, 'SiteHistory': ['Unknown'], 'ResidentSetSize': [0], 'SubmitTimes': [1743226698.0], 'StartTimes': [], 'EndTimes': [], 'TotalUserCpuTimeHistory': [0.0], 'TotalSysCpuTimeHistory': [0.0], 'WallDurations': [0], 'JobIds': ['120103911.0'], 'State': 'idle', 'RecordedSite': False}, '25': {'Retries': 0, 'Restarts': 0, 'SiteHistory': ['Unknown'], 'ResidentSetSize': [0], 'SubmitTimes': [1743226698.0], 'StartTimes': [], 'EndTimes': [], 'TotalUserCpuTimeHistory': [0.0], 'TotalSysCpuTimeHistory': [0.0], 'WallDurations': [0], 'JobIds': ['120103912.0'], 'State': 'idle', 'RecordedSite': False}, '27': {'Retries': 0, 'Restarts': 0, 'SiteHistory': ['Unknown'], 'ResidentSetSize': [0], 'SubmitTimes': [1743226698.0], 'StartTimes': [], 'EndTimes': [], 'TotalUserCpuTimeHistory': [0.0], 'TotalSysCpuTimeHistory': [0.0], 'WallDurations': [0], 'JobIds': ['120103913.0'], 'State': 'idle', 'RecordedSite': False}, '24': {'Retries': 0, 'Restarts': 0, 'SiteHistory': ['Unknown'], 'ResidentSetSize': [0], 'SubmitTimes': [1743226698.0], 'StartTimes': [], 'EndTimes': [], 'TotalUserCpuTimeHistory': [0.0], 'TotalSysCpuTimeHistory': [0.0], 'WallDurations': [0], 'JobIds': ['120103914.0'], 'State': 'idle', 'RecordedSite': False}, '39': {'Retries': 0, 'Restarts': 0, 'SiteHistory': ['Unknown'], 'ResidentSetSize': [0], 'SubmitTimes': [1743226698.0], 'StartTimes': [], 'EndTimes': [], 'TotalUserCpuTimeHistory': [0.0], 'TotalSysCpuTimeHistory': [0.0], 'WallDurations': [0], 'JobIds': ['120103915.0'], 'State': 'idle', 'RecordedSite': False}, '32': {'Retries': 0, 'Restarts': 0, 'SiteHistory': ['Unknown'], 'ResidentSetSize': [0], 'SubmitTimes': [1743226699.0], 'StartTimes': [], 'EndTimes': [], 'TotalUserCpuTimeHistory': [0.0], 'TotalSysCpuTimeHistory': [0.0], 'WallDurations': [0], 'JobIds': ['120103916.0'], 'State': 'idle', 'RecordedSite': False}, '34': {'Retries': 0, 'Restarts': 0, 'SiteHistory': ['Unknown'], 'ResidentSetSize': [0], 'SubmitTimes': [1743226699.0], 'StartTimes': [], 'EndTimes': [], 'TotalUserCpuTimeHistory': [0.0], 'TotalSysCpuTimeHistory': [0.0], 'WallDurations': [0], 'JobIds': ['120103917.0'], 'State': 'idle', 'RecordedSite': False}, '26': {'Retries': 0, 'Restarts': 0, 'SiteHistory': ['Unknown'], 'ResidentSetSize': [0], 'SubmitTimes': [1743226699.0], 'StartTimes': [], 'EndTimes': [], 'TotalUserCpuTimeHistory': [0.0], 'TotalSysCpuTimeHistory': [0.0], 'WallDurations': [0], 'JobIds': ['120103918.0'], 'State': 'idle', 'RecordedSite': False}, '31': {'Retries': 0, 'Restarts': 0, 'SiteHistory': ['Unknown'], 'ResidentSetSize': [0], 'SubmitTimes': [1743226699.0], 'StartTimes': [], 'EndTimes': [], 'TotalUserCpuTimeHistory': [0.0], 'TotalSysCpuTimeHistory': [0.0], 'WallDurations': [0], 'JobIds': ['120103919.0'], 'State': 'idle', 'RecordedSite': False}, '30': {'Retries': 0, 'Restarts': 0, 'SiteHistory': ['Unknown'], 'ResidentSetSize': [0], 'SubmitTimes': [1743226699.0], 'StartTimes': [], 'EndTimes': [], 'TotalUserCpuTimeHistory': [0.0], 'TotalSysCpuTimeHistory': [0.0], 'WallDurations': [0], 'JobIds': ['120103920.0'], 'State': 'idle', 'RecordedSite': False}, '40': {'Retries': 0, 'Restarts': 0, 'SiteHistory': ['Unknown'], 'ResidentSetSize': [0], 'SubmitTimes': [1743226699.0], 'StartTimes': [], 'EndTimes': [], 'TotalUserCpuTimeHistory': [0.0], 'TotalSysCpuTimeHistory': [0.0], 'WallDurations': [0], 'JobIds': ['120103921.0'], 'State': 'idle', 'RecordedSite': False}, '28': {'Retries': 0, 'Restarts': 0, 'SiteHistory': ['Unknown'], 'ResidentSetSize': [0], 'SubmitTimes': [1743226699.0], 'StartTimes': [], 'EndTimes': [], 'TotalUserCpuTimeHistory': [0.0], 'TotalSysCpuTimeHistory': [0.0], 'WallDurations': [0], 'JobIds': ['120103922.0'], 'State': 'idle', 'RecordedSite': False}, '42': {'Retries': 0, 'Restarts': 0, 'SiteHistory': ['Unknown'], 'ResidentSetSize': [0], 'SubmitTimes': [1743226699.0], 'StartTimes': [], 'EndTimes': [], 'TotalUserCpuTimeHistory': [0.0], 'TotalSysCpuTimeHistory': [0.0], 'WallDurations': [0], 'JobIds': ['120103923.0'], 'State': 'idle', 'RecordedSite': False}, '43': {'Retries': 0, 'Restarts': 0, 'SiteHistory': ['Unknown'], 'ResidentSetSize': [0], 'SubmitTimes': [1743226699.0], 'StartTimes': [], 'EndTimes': [], 'TotalUserCpuTimeHistory': [0.0], 'TotalSysCpuTimeHistory': [0.0], 'WallDurations': [0], 'JobIds': ['120103924.0'], 'State': 'idle', 'RecordedSite': False}, '38': {'Retries': 0, 'Restarts': 0, 'SiteHistory': ['Unknown'], 'ResidentSetSize': [0], 'SubmitTimes': [1743226699.0], 'StartTimes': [], 'EndTimes': [], 'TotalUserCpuTimeHistory': [0.0], 'TotalSysCpuTimeHistory': [0.0], 'WallDurations': [0], 'JobIds': ['120103925.0'], 'State': 'idle', 'RecordedSite': False}, '41': {'Retries': 0, 'Restarts': 0, 'SiteHistory': ['Unknown'], 'ResidentSetSize': [0], 'SubmitTimes': [1743226699.0], 'StartTimes': [], 'EndTimes': [], 'TotalUserCpuTimeHistory': [0.0], 'TotalSysCpuTimeHistory': [0.0], 'WallDurations': [0], 'JobIds': ['120103926.0'], 'State': 'idle', 'RecordedSite': False}, '21': {'Retries': 0, 'Restarts': 0, 'SiteHistory': ['Unknown'], 'ResidentSetSize': [0], 'SubmitTimes': [1743226699.0], 'StartTimes': [], 'EndTimes': [], 'TotalUserCpuTimeHistory': [0.0], 'TotalSysCpuTimeHistory': [0.0], 'WallDurations': [0], 'JobIds': ['120103927.0'], 'State': 'idle', 'RecordedSite': False}}
INFO 2025-03-29 05:39:21.954 UTC: 	 Status on the scheduler:	SUBMITTED
INFO 2025-03-29 05:39:21.954 UTC: 	 
Jobs status:                    idle         		100.0% (43/43)
INFO 2025-03-29 05:39:21.955 UTC: 	 
No publication information available yet
INFO 2025-03-29 05:39:21.956 UTC: 	 Log file is /afs/cern.ch/user/a/amalhotr/CMSSW_14_0_18_patch1/src/Run3ScoutingAnalysisTools/crab_projects/crab_DYto2Mu4Jets_ScoutingTree_100_Local/crab.log
DEBUG 2025-09-08 16:57:49.447 UTC: 	 CRAB Client version: v3.250820
DEBUG 2025-09-08 16:57:49.447 UTC: 	 Running on: Linux lxplus935.cern.ch 5.14.0-570.37.1.el9_6.x86_64 #1 SMP PREEMPT_DYNAMIC Sat Aug 16 01:10:00 EDT 2025 x86_64 x86_64 x86_64 GNU/Linux
DEBUG 2025-09-08 16:57:49.447 UTC: 	 Not using Singularity
DEBUG 2025-09-08 16:57:49.447 UTC: 	 Operating System: Red Hat Enterprise Linux 9.6 (Plow)
DEBUG 2025-09-08 16:57:49.447 UTC: 	 Executing command: 'kill'
DEBUG 2025-09-08 16:57:49.448 UTC: 	 Found CRAB cache file /afs/cern.ch/user/a/amalhotr/.crab3
DEBUG 2025-09-08 16:57:49.603 UTC: 	 Checking credentials
DEBUG 2025-09-08 16:57:49.603 UTC: 	 Found proxy file /tmp/x509up_u180451
DEBUG 2025-09-08 16:57:49.603 UTC: 	 Making sure it has proper VOMS extension
DEBUG 2025-09-08 16:57:49.603 UTC: 	 Executing command :
 voms-proxy-info --vo --file /tmp/x509up_u180451
DEBUG 2025-09-08 16:57:49.630 UTC: 	 output : cms

 error: 
 retcode : 0
DEBUG 2025-09-08 16:57:49.631 UTC: 	 Getting proxy life time left
DEBUG 2025-09-08 16:57:49.631 UTC: 	 Executing command :
 voms-proxy-info --actimeleft --timeleft --file /tmp/x509up_u180451
DEBUG 2025-09-08 16:57:49.668 UTC: 	 output : 690233
690233

 error: 
 retcode : 0
DEBUG 2025-09-08 16:57:49.668 UTC: 	 Proxy valid for 191:43:53 hours
DEBUG 2025-09-08 16:57:49.668 UTC: 	 Encoded data for curl request: subresource=delegatedn
DEBUG 2025-09-08 16:57:49.717 UTC: 	 Registering user credentials on myproxy for /DC=ch/DC=cern/OU=computers/CN=crab-(preprod|prod)-tw(01|02).cern.ch|/DC=ch/DC=cern/OU=computers/CN=crab-dev-tw(01|02|03|04).cern.ch|/DC=ch/DC=cern/OU=Organic Units/OU=Users/CN=cmscrab/CN=(817881|373708)/CN=Robot: cms crab|/DC=ch/DC=cern/OU=Organic Units/OU=Users/CN=crabint1/CN=373708/CN=Robot: CMS CRAB Integration 1
DEBUG 2025-09-08 16:57:49.717 UTC: 	 Executing command :
 voms-proxy-info --identity --file /tmp/x509up_u180451
DEBUG 2025-09-08 16:57:49.741 UTC: 	 output : /DC=ch/DC=cern/OU=Organic Units/OU=Users/CN=amalhotr/CN=884837/CN=Aryan Malhotra

 error: 
 retcode : 0
DEBUG 2025-09-08 16:57:49.742 UTC: 	 Getting myproxy life time left for 2382a3cf28fdeacb1de9b039908761ea517a5ed6
DEBUG 2025-09-08 16:57:49.742 UTC: 	 Executing command :
 myproxy-info -s myproxy.cern.ch -l 2382a3cf28fdeacb1de9b039908761ea517a5ed6
DEBUG 2025-09-08 16:57:50.412 UTC: 	 output : username: 2382a3cf28fdeacb1de9b039908761ea517a5ed6
owner: /DC=ch/DC=cern/OU=Organic Units/OU=Users/CN=amalhotr/CN=884837/CN=Aryan Malhotra
  renewal policy: /DC=ch/DC=cern/OU=computers/CN=crab-(preprod|prod)-tw(01|02).cern.ch|/DC=ch/DC=cern/OU=computers/CN=crab-dev-tw(01|02|03|04).cern.ch|/DC=ch/DC=cern/OU=Organic Units/OU=Users/CN=cmscrab/CN=(817881|373708)/CN=Robot: cms crab|/DC=ch/DC=cern/OU=Organic Units/OU=Users/CN=crabint1/CN=373708/CN=Robot: CMS CRAB Integration 1
  trusted retrieval policy: /DC=ch/DC=cern/OU=computers/CN=crab-(preprod|prod)-tw(01|02).cern.ch|/DC=ch/DC=cern/OU=computers/CN=crab-dev-tw(01|02|03|04).cern.ch|/DC=ch/DC=cern/OU=Organic Units/OU=Users/CN=cmscrab/CN=(817881|373708)/CN=Robot: cms crab|/DC=ch/DC=cern/OU=Organic Units/OU=Users/CN=crabint1/CN=373708/CN=Robot: CMS CRAB Integration 1
  timeleft: 719:46:53  (30.0 days)

 error: 
 retcode : 0
DEBUG 2025-09-08 16:57:50.412 UTC: 	 Myproxy is valid: 2591160
DEBUG 2025-09-08 16:57:50.412 UTC: 	 Result of myproxy credential check:
  Credential exists on myproxy: username: 2382a3cf28fdeacb1de9b039908761ea517a5ed6  - validity: 29 days, 23:46:00
DEBUG 2025-09-08 16:57:50.413 UTC: 	 Command use: kill
DEBUG 2025-09-08 16:57:50.413 UTC: 	 Options use: ['-d', 'crab_projects/crab_DYto2Mu4Jets_ScoutingTree_100_Local']
DEBUG 2025-09-08 16:57:50.413 UTC: 	 Encoded data for curl request: subresource=version
DEBUG 2025-09-08 16:57:50.458 UTC: 	 CRABClient version: v3.250820
DEBUG 2025-09-08 16:57:50.458 UTC: 	 Instance is prod
DEBUG 2025-09-08 16:57:50.458 UTC: 	 Server base url is cmsweb.cern.ch
DEBUG 2025-09-08 16:57:50.458 UTC: 	 Command api workflow
DEBUG 2025-09-08 16:57:50.458 UTC: 	 Killing task 250329_053615:amalhotr_crab_DYto2Mu4Jets_ScoutingTree_100_Local
DEBUG 2025-09-08 16:57:50.458 UTC: 	 Encoded data for curl request: workflow=250329_053615%3Aamalhotr_crab_DYto2Mu4Jets_ScoutingTree_100_Local
DEBUG 2025-09-08 16:57:50.510 UTC: 	 Result: {'desc': {'columns': ['tm_taskname', 'tm_task_status', 'tm_task_command', 'tm_user_role', 'tm_user_group', 'tm_task_failure', 'tm_split_algo', 'tm_split_args', 'tm_save_logs', 'tm_username', 'tm_user_dn', 'tm_arguments', 'tm_input_dataset', 'tm_dbs_url', 'tm_task_warnings', 'tm_publication', 'tm_user_webdir', 'tm_output_dataset', 'tm_collector', 'tm_schedd', 'tm_dry_run', 'clusterid', 'tm_start_time', 'tw_name', 'tm_dagman_status', 'tm_num_jobs', 'tm_uploaded']}, 'result': [{'result': 'ok'}]}
INFO 2025-09-08 16:57:50.511 UTC: 	 Kill request successfully sent
INFO 2025-09-08 16:57:50.538 UTC: 	 Log file is /afs/cern.ch/user/a/amalhotr/CMSSW_14_0_18_patch1/src/Run3ScoutingAnalysisTools/crab_projects/crab_DYto2Mu4Jets_ScoutingTree_100_Local/crab.log
