DEBUG 2025-05-21 19:53:41.318 UTC: 	 CRAB Client version: v3.250409
DEBUG 2025-05-21 19:53:41.319 UTC: 	 Running on: Linux lxplus978.cern.ch 5.14.0-503.34.1.el9_5.x86_64 #1 SMP PREEMPT_DYNAMIC Mon Mar 17 21:49:47 EDT 2025 x86_64 x86_64 x86_64 GNU/Linux
DEBUG 2025-05-21 19:53:41.319 UTC: 	 Not using Singularity
DEBUG 2025-05-21 19:53:41.319 UTC: 	 Operating System: Red Hat Enterprise Linux 9.5 (Plow)
DEBUG 2025-05-21 19:53:41.319 UTC: 	 Executing command: 'submit'
DEBUG 2025-05-21 19:53:41.319 UTC: 	 Found CRAB cache file /afs/cern.ch/user/a/amalhotr/.crab3
INFO 2025-05-21 19:53:41.319 UTC: 	 Will use CRAB configuration file chainedCrabConfig.py
DEBUG 2025-05-21 19:53:41.319 UTC: 	 Loading CRAB configuration file.
DEBUG 2025-05-21 19:53:41.343 UTC: 	 Will use CRAB plugin ANALYSIS (i.e. will run an analysis job type).
DEBUG 2025-05-21 19:53:41.358 UTC: 	 Checking credentials
DEBUG 2025-05-21 19:53:41.358 UTC: 	 Found proxy file /tmp/x509up_u180451
DEBUG 2025-05-21 19:53:41.358 UTC: 	 Making sure it has proper VOMS extension
DEBUG 2025-05-21 19:53:41.358 UTC: 	 Executing command :
 voms-proxy-info --vo --file /tmp/x509up_u180451
DEBUG 2025-05-21 19:53:41.776 UTC: 	 output : cms

 error: 
 retcode : 0
DEBUG 2025-05-21 19:53:41.776 UTC: 	 Getting proxy life time left
DEBUG 2025-05-21 19:53:41.776 UTC: 	 Executing command :
 voms-proxy-info --actimeleft --timeleft --file /tmp/x509up_u180451
DEBUG 2025-05-21 19:53:42.126 UTC: 	 output : 690897
690897

 error: 
 retcode : 0
DEBUG 2025-05-21 19:53:42.126 UTC: 	 Proxy valid for 191:54:57 hours
DEBUG 2025-05-21 19:53:42.126 UTC: 	 Encoded data for curl request: subresource=delegatedn
DEBUG 2025-05-21 19:53:42.189 UTC: 	 Registering user credentials on myproxy for /DC=ch/DC=cern/OU=computers/CN=crab-(preprod|prod)-tw(01|02).cern.ch|/DC=ch/DC=cern/OU=computers/CN=crab-dev-tw(01|02|03|04).cern.ch|/DC=ch/DC=cern/OU=Organic Units/OU=Users/CN=cmscrab/CN=(817881|373708)/CN=Robot: cms crab|/DC=ch/DC=cern/OU=Organic Units/OU=Users/CN=crabint1/CN=373708/CN=Robot: CMS CRAB Integration 1
DEBUG 2025-05-21 19:53:42.189 UTC: 	 Executing command :
 voms-proxy-info --identity --file /tmp/x509up_u180451
DEBUG 2025-05-21 19:53:42.563 UTC: 	 output : /DC=ch/DC=cern/OU=Organic Units/OU=Users/CN=amalhotr/CN=884837/CN=Aryan Malhotra

 error: 
 retcode : 0
DEBUG 2025-05-21 19:53:42.564 UTC: 	 Getting myproxy life time left for 2382a3cf28fdeacb1de9b039908761ea517a5ed6
DEBUG 2025-05-21 19:53:42.564 UTC: 	 Executing command :
 myproxy-info -s myproxy.cern.ch -l 2382a3cf28fdeacb1de9b039908761ea517a5ed6
DEBUG 2025-05-21 19:53:42.825 UTC: 	 output : username: 2382a3cf28fdeacb1de9b039908761ea517a5ed6
owner: /DC=ch/DC=cern/OU=Organic Units/OU=Users/CN=amalhotr/CN=884837/CN=Aryan Malhotra
  renewal policy: /DC=ch/DC=cern/OU=computers/CN=crab-(preprod|prod)-tw(01|02).cern.ch|/DC=ch/DC=cern/OU=computers/CN=crab-dev-tw(01|02|03|04).cern.ch|/DC=ch/DC=cern/OU=Organic Units/OU=Users/CN=cmscrab/CN=(817881|373708)/CN=Robot: cms crab|/DC=ch/DC=cern/OU=Organic Units/OU=Users/CN=crabint1/CN=373708/CN=Robot: CMS CRAB Integration 1
  trusted retrieval policy: /DC=ch/DC=cern/OU=computers/CN=crab-(preprod|prod)-tw(01|02).cern.ch|/DC=ch/DC=cern/OU=computers/CN=crab-dev-tw(01|02|03|04).cern.ch|/DC=ch/DC=cern/OU=Organic Units/OU=Users/CN=cmscrab/CN=(817881|373708)/CN=Robot: cms crab|/DC=ch/DC=cern/OU=Organic Units/OU=Users/CN=crabint1/CN=373708/CN=Robot: CMS CRAB Integration 1
  timeleft: 562:59:51  (23.5 days)

 error: 
 retcode : 0
DEBUG 2025-05-21 19:53:42.826 UTC: 	 Myproxy is valid: 2026740
DEBUG 2025-05-21 19:53:42.826 UTC: 	 Result of myproxy credential check:
  Credential exists on myproxy: username: 2382a3cf28fdeacb1de9b039908761ea517a5ed6  - validity: 23 days, 10:59:00
DEBUG 2025-05-21 19:53:42.826 UTC: 	 Command use: submit
DEBUG 2025-05-21 19:53:42.826 UTC: 	 Options use: ['-c', 'chainedCrabConfig.py']
DEBUG 2025-05-21 19:53:42.826 UTC: 	 Encoded data for curl request: subresource=version
DEBUG 2025-05-21 19:53:42.869 UTC: 	 CRABClient version: v3.250409
DEBUG 2025-05-21 19:53:42.869 UTC: 	 Instance is prod
DEBUG 2025-05-21 19:53:42.869 UTC: 	 Server base url is cmsweb.cern.ch
DEBUG 2025-05-21 19:53:42.869 UTC: 	 Command api workflow
DEBUG 2025-05-21 19:53:42.869 UTC: 	 Started submission
DEBUG 2025-05-21 19:53:42.869 UTC: 	 Working on /afs/cern.ch/user/a/amalhotr/CMSSW_14_0_18_patch1/src/Run3ScoutingAnalysisTools/crab_RealData_noLFNDirectory_All_1750EventLumi_v1
DEBUG 2025-05-21 19:53:42.870 UTC: 	 Encoded data for curl request: subresource=backendurls
DEBUG 2025-05-21 19:53:42.952 UTC: 	 Loading required information from the environment
DEBUG 2025-05-21 19:53:42.952 UTC: 	 Found CMSSW_14_0_18_patch1 for el9_amd64_gcc12 with base /afs/cern.ch/user/a/amalhotr/CMSSW_14_0_18_patch1
DEBUG 2025-05-21 19:53:42.952 UTC: 	 Loading required information from the environment
DEBUG 2025-05-21 19:53:42.952 UTC: 	 Found CMSSW_14_0_18_patch1 for el9_amd64_gcc12 with base /afs/cern.ch/user/a/amalhotr/CMSSW_14_0_18_patch1
DEBUG 2025-05-21 19:53:42.952 UTC: 	 UNIQUE NAME: tarUUID e94cfa99-9194-49c4-93b2-48411d180f06 
DEBUG 2025-05-21 19:53:42.952 UTC: 	 self.config: from WMCore.Configuration import Configuration
config = Configuration()
config.section_('General')
config.General.requestName = 'RealData_noLFNDirectory_All_1750EventLumi_v1'
config.General.transferOutputs = True
config.General.transferLogs = True
config.section_('JobType')
config.JobType.psetName = 'UnifiedScoutingVertexingTreeMaker.py'
config.JobType.pluginName = 'Analysis'
config.JobType.maxJobRuntimeMin = 2000
config.section_('Data')
config.Data.inputDataset = '/ScoutingPFRun3/Run2024H-v1/HLTSCOUT'
config.Data.publication = False
config.Data.splitting = 'EventAwareLumiBased'
config.Data.allowNonValidInputDataset = True
config.Data.unitsPerJob = 1750
config.Data.inputDBS = 'global'
config.Data.outputDatasetTag = 'RealData_noLFNDirectory_All_1750EventLumi_v1'
config.section_('Site')
config.Site.storageSite = 'T3_CH_CERNBOX'
config.section_('User')
config.section_('Debug')

DEBUG 2025-05-21 19:53:42.952 UTC: 	 self.config.JobType.psetName: UnifiedScoutingVertexingTreeMaker.py
INFO 2025-05-21 19:53:42.952 UTC: 	 Importing CMSSW configuration UnifiedScoutingVertexingTreeMaker.py
INFO 2025-05-21 19:53:43.343 UTC: 	 Finished importing CMSSW configuration UnifiedScoutingVertexingTreeMaker.py
DEBUG 2025-05-21 19:53:43.343 UTC: 	 Writing CMSSW configuration to /afs/cern.ch/user/a/amalhotr/CMSSW_14_0_18_patch1/src/Run3ScoutingAnalysisTools/crab_RealData_noLFNDirectory_All_1750EventLumi_v1/inputs/PSet.py
DEBUG 2025-05-21 19:53:43.379 UTC: 	 The following EDM output files will be collected: []
DEBUG 2025-05-21 19:53:43.379 UTC: 	 The following TFile output files will be collected: ['DY2M_ScoutingTree_Output.root']
DEBUG 2025-05-21 19:53:43.379 UTC: 	 The following user output files (not listed as PoolOuputModule or TFileService in the CMSSW PSet) will be collected: 
DEBUG 2025-05-21 19:53:43.379 UTC: 	 Loading required information from the environment
DEBUG 2025-05-21 19:53:43.379 UTC: 	 Found CMSSW_14_0_18_patch1 for el9_amd64_gcc12 with base /afs/cern.ch/user/a/amalhotr/CMSSW_14_0_18_patch1
DEBUG 2025-05-21 19:53:43.379 UTC: 	 Making tarball in /afs/cern.ch/user/a/amalhotr/CMSSW_14_0_18_patch1/src/Run3ScoutingAnalysisTools/crab_RealData_noLFNDirectory_All_1750EventLumi_v1/inputs/e94cfa99-9194-49c4-93b2-48411d180f06default.tgz
DEBUG 2025-05-21 19:53:43.380 UTC: 	 Checking directory /afs/cern.ch/user/a/amalhotr/CMSSW_14_0_18_patch1/bin
DEBUG 2025-05-21 19:53:43.380 UTC: 	 Adding directory /afs/cern.ch/user/a/amalhotr/CMSSW_14_0_18_patch1/bin to tarball
DEBUG 2025-05-21 19:53:43.381 UTC: 	 Checking directory /afs/cern.ch/user/a/amalhotr/CMSSW_14_0_18_patch1/python
DEBUG 2025-05-21 19:53:43.381 UTC: 	 Adding directory /afs/cern.ch/user/a/amalhotr/CMSSW_14_0_18_patch1/python to tarball
DEBUG 2025-05-21 19:53:43.412 UTC: 	 Checking directory /afs/cern.ch/user/a/amalhotr/CMSSW_14_0_18_patch1/cfipython
DEBUG 2025-05-21 19:53:43.412 UTC: 	 Adding directory /afs/cern.ch/user/a/amalhotr/CMSSW_14_0_18_patch1/cfipython to tarball
DEBUG 2025-05-21 19:53:43.416 UTC: 	 Checking directory /afs/cern.ch/user/a/amalhotr/CMSSW_14_0_18_patch1/lib
DEBUG 2025-05-21 19:53:43.416 UTC: 	 Adding directory /afs/cern.ch/user/a/amalhotr/CMSSW_14_0_18_patch1/lib to tarball
DEBUG 2025-05-21 19:53:43.478 UTC: 	 Checking directory /afs/cern.ch/user/a/amalhotr/CMSSW_14_0_18_patch1/biglib
DEBUG 2025-05-21 19:53:43.478 UTC: 	 Adding directory /afs/cern.ch/user/a/amalhotr/CMSSW_14_0_18_patch1/biglib to tarball
DEBUG 2025-05-21 19:53:43.479 UTC: 	 Checking directory /afs/cern.ch/user/a/amalhotr/CMSSW_14_0_18_patch1/module
DEBUG 2025-05-21 19:53:43.479 UTC: 	 Checking directory /afs/cern.ch/user/a/amalhotr/CMSSW_14_0_18_patch1/config/SCRAM/hooks
DEBUG 2025-05-21 19:53:43.479 UTC: 	 Adding directory /afs/cern.ch/user/a/amalhotr/CMSSW_14_0_18_patch1/config/SCRAM/hooks to tarball
DEBUG 2025-05-21 19:53:43.484 UTC: 	 Adding directory /afs/cern.ch/user/a/amalhotr/CMSSW_14_0_18_patch1/src/Run3ScoutingAnalysisTools/DataFormats/Scouting/interface to tarball
DEBUG 2025-05-21 19:53:43.532 UTC: 	 Adding directory /afs/cern.ch/user/a/amalhotr/CMSSW_14_0_18_patch1/src/Run3ScoutingAnalysisTools/ScoutingTreeMakerRun3/python to tarball
DEBUG 2025-05-21 19:53:43.539 UTC: 	 Adding directory /afs/cern.ch/user/a/amalhotr/CMSSW_14_0_18_patch1/src/DataFormats/Scouting/interface to tarball
DEBUG 2025-05-21 19:53:43.543 UTC: 	 Adding directory /afs/cern.ch/user/a/amalhotr/CMSSW_14_0_18_patch1/src/Configuration/GenProduction/python to tarball
DEBUG 2025-05-21 19:53:43.578 UTC: 	 Uploading archive /afs/cern.ch/user/a/amalhotr/CMSSW_14_0_18_patch1/src/Run3ScoutingAnalysisTools/crab_RealData_noLFNDirectory_All_1750EventLumi_v1/inputs/e94cfa99-9194-49c4-93b2-48411d180f06default.tgz (441 KB) to the CRAB cache. Using URI https://cmsweb.cern.ch/S3/crabcache_prod
DEBUG 2025-05-21 19:53:43.720 UTC: 	 Encoded data for curl request: subresource=upload&objecttype=sandbox&tarballname=149aeb288c8e15d883a9b4e5f26f7e7a087780c40c66e337ffe04f370d00d347.tar.gz
DEBUG 2025-05-21 19:53:43.785 UTC: 	 sandbox 149aeb288c8e15d883a9b4e5f26f7e7a087780c40c66e337ffe04f370d00d347.tar.gz is already in the S3 store, will not upload again
DEBUG 2025-05-21 19:53:43.785 UTC: 	 Loading required information from the environment
DEBUG 2025-05-21 19:53:43.785 UTC: 	 Found CMSSW_14_0_18_patch1 for el9_amd64_gcc12 with base /afs/cern.ch/user/a/amalhotr/CMSSW_14_0_18_patch1
DEBUG 2025-05-21 19:53:43.785 UTC: 	 Making tarball in /afs/cern.ch/user/a/amalhotr/CMSSW_14_0_18_patch1/src/Run3ScoutingAnalysisTools/crab_RealData_noLFNDirectory_All_1750EventLumi_v1/inputs/debugFiles.tgz
DEBUG 2025-05-21 19:53:43.795 UTC: 	 Uploading archive /afs/cern.ch/user/a/amalhotr/CMSSW_14_0_18_patch1/src/Run3ScoutingAnalysisTools/crab_RealData_noLFNDirectory_All_1750EventLumi_v1/inputs/debugFiles.tgz (3 KB) to the CRAB cache. Using URI https://cmsweb.cern.ch/S3/crabcache_prod
DEBUG 2025-05-21 19:53:43.797 UTC: 	 Encoded data for curl request: subresource=upload&objecttype=sandbox&tarballname=89965f1fe73ecccacbcb2925dbd9196f86448cac9b4517d6f5c729838e49ea1b.tar.gz
DEBUG 2025-05-21 19:53:43.868 UTC: 	 Will execute:
curl -f -v -X POST  -H "User-Agent: CRAB" -F "key=amalhotr/sandboxes/89965f1fe73ecccacbcb2925dbd9196f86448cac9b4517d6f5c729838e49ea1b.tar.gz" -F "AWSAccessKeyId=715203df6482458ba839e73e6dab634b" -F "policy=eyJleHBpcmF0aW9uIjogIjIwMjUtMDUtMjFUMjA6NTM6NDNaIiwgImNvbmRpdGlvbnMiOiBbeyJidWNrZXQiOiAiY3JhYmNhY2hlX3Byb2QifSwgeyJrZXkiOiAiYW1hbGhvdHIvc2FuZGJveGVzLzg5OTY1ZjFmZTczZWNjY2FjYmNiMjkyNWRiZDkxOTZmODY0NDhjYWM5YjQ1MTdkNmY1YzcyOTgzOGU0OWVhMWIudGFyLmd6In1dfQ==" -F "signature=C8FchMV04Fxm0N4MMbjwrEjvf8o=" -F "file=@/afs/cern.ch/user/a/amalhotr/CMSSW_14_0_18_patch1/src/Run3ScoutingAnalysisTools/crab_RealData_noLFNDirectory_All_1750EventLumi_v1/inputs/debugFiles.tgz" "https://s3.cern.ch/crabcache_prod"
DEBUG 2025-05-21 19:53:43.909 UTC: 	 exitcode: 0
stdout: b''
DEBUG 2025-05-21 19:53:43.909 UTC: 	 upload to S3 of sandbox /afs/cern.ch/user/a/amalhotr/CMSSW_14_0_18_patch1/src/Run3ScoutingAnalysisTools/crab_RealData_noLFNDirectory_All_1750EventLumi_v1/inputs/debugFiles.tgz completed
DEBUG 2025-05-21 19:53:43.909 UTC: 	 make sure that object is ready for retrieve
DEBUG 2025-05-21 19:53:44.911 UTC: 	 Encoded data for curl request: subresource=download&objecttype=sandbox&tarballname=89965f1fe73ecccacbcb2925dbd9196f86448cac9b4517d6f5c729838e49ea1b.tar.gz&clientmethod=head_object
DEBUG 2025-05-21 19:53:44.951 UTC: 	 PreSignedUrl to download sandbox received OK
DEBUG 2025-05-21 19:53:44.953 UTC: 	 Will execute:
 curl -v -s -f -o /dev/null --head  "https://s3.cern.ch/crabcache_prod/amalhotr/sandboxes/89965f1fe73ecccacbcb2925dbd9196f86448cac9b4517d6f5c729838e49ea1b.tar.gz?AWSAccessKeyId=715203df6482458ba839e73e6dab634b&Signature=%2Fby4CCs84buz5vO%2BsdtQE%2FlLms8%3D&Expires=1747860824"
DEBUG 2025-05-21 19:53:44.982 UTC: 	 exitcode: 0
stdout: b''
DEBUG 2025-05-21 19:53:44.982 UTC: 	 sandbox /afs/cern.ch/user/a/amalhotr/CMSSW_14_0_18_patch1/src/Run3ScoutingAnalysisTools/crab_RealData_noLFNDirectory_All_1750EventLumi_v1/inputs/debugFiles.tgz successfully uploaded to S3
DEBUG 2025-05-21 19:53:44.982 UTC: 	 Result uploading input files: 149aeb288c8e15d883a9b4e5f26f7e7a087780c40c66e337ffe04f370d00d347.tar.gz 
DEBUG 2025-05-21 19:53:44.982 UTC: 	 submit() - self.configuration from WMCore.Configuration import Configuration
config = Configuration()
config.section_('General')
config.General.requestName = 'RealData_noLFNDirectory_All_1750EventLumi_v1'
config.General.transferOutputs = True
config.General.transferLogs = True
config.section_('JobType')
config.JobType.psetName = 'UnifiedScoutingVertexingTreeMaker.py'
config.JobType.pluginName = 'Analysis'
config.JobType.maxJobRuntimeMin = 2000
config.section_('Data')
config.Data.inputDataset = '/ScoutingPFRun3/Run2024H-v1/HLTSCOUT'
config.Data.publication = False
config.Data.splitting = 'EventAwareLumiBased'
config.Data.allowNonValidInputDataset = True
config.Data.unitsPerJob = 1750
config.Data.inputDBS = 'global'
config.Data.outputDatasetTag = 'RealData_noLFNDirectory_All_1750EventLumi_v1'
config.section_('Site')
config.Site.storageSite = 'T3_CH_CERNBOX'
config.section_('User')
config.section_('Debug')

DEBUG 2025-05-21 19:53:44.982 UTC: 	 submit() - self.configreq {'dryrun': 0, 'workflow': 'crab_RealData_noLFNDirectory_All_1750EventLumi_v1', 'saveoutput': 1, 'savelogsflag': 1, 'inputdata': '/ScoutingPFRun3/Run2024H-v1/HLTSCOUT', 'nonvaliddata': 1, 'userfiles': [], 'dbsurl': 'https://cmsweb.cern.ch/dbs/prod/global/DBSReader', 'useparent': 0, 'ignorelocality': 0, 'splitalgo': 'EventAwareLumiBased', 'algoargs': 1750, 'totalunits': 0, 'publication': 0, 'publishdbsurl': 'https://cmsweb.cern.ch/dbs/prod/phys03/DBSWriter', 'publishname2': 'RealData_noLFNDirectory_All_1750EventLumi_v1', 'jobtype': 'Analysis', 'generator': 'pythia', 'addoutputfiles': [], 'maxjobruntime': 2000, 'numcores': 1, 'maxmemory': 2000, 'priority': 10, 'nonprodsw': 0, 'asyncdest': 'T3_CH_CERNBOX', 'requireaccelerator': 0, 'oneEventMode': 0, 'extrajdl': [], 'ignoreglobalblacklist': 0, 'partialdataset': 0, 'inputblocks': []}
DEBUG 2025-05-21 19:53:44.982 UTC: 	 submit() - jobconfig {'addoutputfiles': [], 'tfileoutfiles': ['DY2M_ScoutingTree_Output.root'], 'edmoutfiles': [], 'jobarch': 'el9_amd64_gcc12', 'jobminuarch': 'any', 'jobsw': 'CMSSW_14_0_18_patch1', 'inputdata': '/ScoutingPFRun3/Run2024H-v1/HLTSCOUT', 'cacheurl': 'https://cmsweb.cern.ch/S3/crabcache_prod', 'cachefilename': '149aeb288c8e15d883a9b4e5f26f7e7a087780c40c66e337ffe04f370d00d347.tar.gz', 'debugfilename': '89965f1fe73ecccacbcb2925dbd9196f86448cac9b4517d6f5c729838e49ea1b.tar.gz', 'jobtype': 'Analysis'}
INFO 2025-05-21 19:53:44.982 UTC: 	 Sending the request to the server at cmsweb.cern.ch
DEBUG 2025-05-21 19:53:44.982 UTC: 	 Submitting {'dryrun': 0, 'workflow': 'crab_RealData_noLFNDirectory_All_1750EventLumi_v1', 'saveoutput': 1, 'savelogsflag': 1, 'inputdata': '/ScoutingPFRun3/Run2024H-v1/HLTSCOUT', 'nonvaliddata': 1, 'userfiles': [], 'dbsurl': 'https://cmsweb.cern.ch/dbs/prod/global/DBSReader', 'useparent': 0, 'ignorelocality': 0, 'splitalgo': 'EventAwareLumiBased', 'algoargs': 1750, 'totalunits': 0, 'publication': 0, 'publishdbsurl': 'https://cmsweb.cern.ch/dbs/prod/phys03/DBSWriter', 'publishname2': 'RealData_noLFNDirectory_All_1750EventLumi_v1', 'jobtype': 'Analysis', 'generator': 'pythia', 'addoutputfiles': [], 'maxjobruntime': 2000, 'numcores': 1, 'maxmemory': 2000, 'priority': 10, 'nonprodsw': 0, 'asyncdest': 'T3_CH_CERNBOX', 'requireaccelerator': 0, 'oneEventMode': 0, 'extrajdl': [], 'ignoreglobalblacklist': 0, 'partialdataset': 0, 'inputblocks': [], 'tfileoutfiles': ['DY2M_ScoutingTree_Output.root'], 'edmoutfiles': [], 'jobarch': 'el9_amd64_gcc12', 'jobminuarch': 'any', 'jobsw': 'CMSSW_14_0_18_patch1', 'cacheurl': 'https://cmsweb.cern.ch/S3/crabcache_prod', 'cachefilename': '149aeb288c8e15d883a9b4e5f26f7e7a087780c40c66e337ffe04f370d00d347.tar.gz', 'debugfilename': '89965f1fe73ecccacbcb2925dbd9196f86448cac9b4517d6f5c729838e49ea1b.tar.gz'} 
DEBUG 2025-05-21 19:53:44.983 UTC: 	 Encoded data for curl request: dryrun=0&workflow=crab_RealData_noLFNDirectory_All_1750EventLumi_v1&saveoutput=1&savelogsflag=1&inputdata=%2FScoutingPFRun3%2FRun2024H-v1%2FHLTSCOUT&nonvaliddata=1&dbsurl=https%3A%2F%2Fcmsweb.cern.ch%2Fdbs%2Fprod%2Fglobal%2FDBSReader&useparent=0&ignorelocality=0&splitalgo=EventAwareLumiBased&algoargs=1750&totalunits=0&publication=0&publishdbsurl=https%3A%2F%2Fcmsweb.cern.ch%2Fdbs%2Fprod%2Fphys03%2FDBSWriter&publishname2=RealData_noLFNDirectory_All_1750EventLumi_v1&jobtype=Analysis&generator=pythia&maxjobruntime=2000&numcores=1&maxmemory=2000&priority=10&nonprodsw=0&asyncdest=T3_CH_CERNBOX&requireaccelerator=0&oneEventMode=0&ignoreglobalblacklist=0&partialdataset=0&jobarch=el9_amd64_gcc12&jobminuarch=any&jobsw=CMSSW_14_0_18_patch1&cacheurl=https%3A%2F%2Fcmsweb.cern.ch%2FS3%2Fcrabcache_prod&cachefilename=149aeb288c8e15d883a9b4e5f26f7e7a087780c40c66e337ffe04f370d00d347.tar.gz&debugfilename=89965f1fe73ecccacbcb2925dbd9196f86448cac9b4517d6f5c729838e49ea1b.tar.gz&tfileoutfiles=DY2M_ScoutingTree_Output.root
DEBUG 2025-05-21 19:53:45.323 UTC: 	 Result: {'result': [{'RequestName': '250521_195345:amalhotr_crab_RealData_noLFNDirectory_All_1750EventLumi_v1'}]}
INFO 2025-05-21 19:53:45.330 UTC: 	 Success: Your task has been delivered to the prod CRAB3 server.
INFO 2025-05-21 19:53:45.330 UTC: 	 Task name: 250521_195345:amalhotr_crab_RealData_noLFNDirectory_All_1750EventLumi_v1
INFO 2025-05-21 19:53:45.330 UTC: 	 Project dir: ./crab_RealData_noLFNDirectory_All_1750EventLumi_v1
INFO 2025-05-21 19:53:45.330 UTC: 	 Please use ' crab status -d ./crab_RealData_noLFNDirectory_All_1750EventLumi_v1 ' to check how the submission process proceeds.
DEBUG 2025-05-21 19:53:45.330 UTC: 	 About to return
INFO 2025-05-21 19:53:45.332 UTC: 	 Log file is /afs/cern.ch/user/a/amalhotr/CMSSW_14_0_18_patch1/src/Run3ScoutingAnalysisTools/crab_RealData_noLFNDirectory_All_1750EventLumi_v1/crab.log
DEBUG 2025-05-21 19:54:18.731 UTC: 	 CRAB Client version: v3.250409
DEBUG 2025-05-21 19:54:18.731 UTC: 	 Running on: Linux lxplus978.cern.ch 5.14.0-503.34.1.el9_5.x86_64 #1 SMP PREEMPT_DYNAMIC Mon Mar 17 21:49:47 EDT 2025 x86_64 x86_64 x86_64 GNU/Linux
DEBUG 2025-05-21 19:54:18.731 UTC: 	 Not using Singularity
DEBUG 2025-05-21 19:54:18.732 UTC: 	 Operating System: Red Hat Enterprise Linux 9.5 (Plow)
DEBUG 2025-05-21 19:54:18.732 UTC: 	 Executing command: 'status'
DEBUG 2025-05-21 19:54:18.732 UTC: 	 Found CRAB cache file /afs/cern.ch/user/a/amalhotr/.crab3
DEBUG 2025-05-21 19:54:18.736 UTC: 	 Checking credentials
DEBUG 2025-05-21 19:54:18.736 UTC: 	 Found proxy file /tmp/x509up_u180451
DEBUG 2025-05-21 19:54:18.736 UTC: 	 Making sure it has proper VOMS extension
DEBUG 2025-05-21 19:54:18.736 UTC: 	 Executing command :
 voms-proxy-info --vo --file /tmp/x509up_u180451
DEBUG 2025-05-21 19:54:19.126 UTC: 	 output : cms

 error: 
 retcode : 0
DEBUG 2025-05-21 19:54:19.126 UTC: 	 Getting proxy life time left
DEBUG 2025-05-21 19:54:19.126 UTC: 	 Executing command :
 voms-proxy-info --actimeleft --timeleft --file /tmp/x509up_u180451
DEBUG 2025-05-21 19:54:19.538 UTC: 	 output : 690860
690860

 error: 
 retcode : 0
DEBUG 2025-05-21 19:54:19.539 UTC: 	 Proxy valid for 191:54:20 hours
DEBUG 2025-05-21 19:54:19.539 UTC: 	 Encoded data for curl request: subresource=delegatedn
DEBUG 2025-05-21 19:54:19.588 UTC: 	 Registering user credentials on myproxy for /DC=ch/DC=cern/OU=computers/CN=crab-(preprod|prod)-tw(01|02).cern.ch|/DC=ch/DC=cern/OU=computers/CN=crab-dev-tw(01|02|03|04).cern.ch|/DC=ch/DC=cern/OU=Organic Units/OU=Users/CN=cmscrab/CN=(817881|373708)/CN=Robot: cms crab|/DC=ch/DC=cern/OU=Organic Units/OU=Users/CN=crabint1/CN=373708/CN=Robot: CMS CRAB Integration 1
DEBUG 2025-05-21 19:54:19.588 UTC: 	 Executing command :
 voms-proxy-info --identity --file /tmp/x509up_u180451
DEBUG 2025-05-21 19:54:20.003 UTC: 	 output : /DC=ch/DC=cern/OU=Organic Units/OU=Users/CN=amalhotr/CN=884837/CN=Aryan Malhotra

 error: 
 retcode : 0
DEBUG 2025-05-21 19:54:20.003 UTC: 	 Getting myproxy life time left for 2382a3cf28fdeacb1de9b039908761ea517a5ed6
DEBUG 2025-05-21 19:54:20.003 UTC: 	 Executing command :
 myproxy-info -s myproxy.cern.ch -l 2382a3cf28fdeacb1de9b039908761ea517a5ed6
DEBUG 2025-05-21 19:54:20.274 UTC: 	 output : username: 2382a3cf28fdeacb1de9b039908761ea517a5ed6
owner: /DC=ch/DC=cern/OU=Organic Units/OU=Users/CN=amalhotr/CN=884837/CN=Aryan Malhotra
  renewal policy: /DC=ch/DC=cern/OU=computers/CN=crab-(preprod|prod)-tw(01|02).cern.ch|/DC=ch/DC=cern/OU=computers/CN=crab-dev-tw(01|02|03|04).cern.ch|/DC=ch/DC=cern/OU=Organic Units/OU=Users/CN=cmscrab/CN=(817881|373708)/CN=Robot: cms crab|/DC=ch/DC=cern/OU=Organic Units/OU=Users/CN=crabint1/CN=373708/CN=Robot: CMS CRAB Integration 1
  trusted retrieval policy: /DC=ch/DC=cern/OU=computers/CN=crab-(preprod|prod)-tw(01|02).cern.ch|/DC=ch/DC=cern/OU=computers/CN=crab-dev-tw(01|02|03|04).cern.ch|/DC=ch/DC=cern/OU=Organic Units/OU=Users/CN=cmscrab/CN=(817881|373708)/CN=Robot: cms crab|/DC=ch/DC=cern/OU=Organic Units/OU=Users/CN=crabint1/CN=373708/CN=Robot: CMS CRAB Integration 1
  timeleft: 562:59:13  (23.5 days)

 error: 
 retcode : 0
DEBUG 2025-05-21 19:54:20.274 UTC: 	 Myproxy is valid: 2026740
DEBUG 2025-05-21 19:54:20.274 UTC: 	 Result of myproxy credential check:
  Credential exists on myproxy: username: 2382a3cf28fdeacb1de9b039908761ea517a5ed6  - validity: 23 days, 10:59:00
DEBUG 2025-05-21 19:54:20.274 UTC: 	 Retrieving username ...
DEBUG 2025-05-21 19:54:20.274 UTC: 	 Retrieving username from CRIC...
DEBUG 2025-05-21 19:54:20.984 UTC: 	 username is amalhotr
INFO 2025-05-21 19:54:21.558 UTC: 	 Rucio client intialized for account amalhotr
DEBUG 2025-05-21 19:54:21.559 UTC: 	 Command use: status
DEBUG 2025-05-21 19:54:21.559 UTC: 	 Options use: ['-d', './crab_RealData_noLFNDirectory_All_1750EventLumi_v1']
DEBUG 2025-05-21 19:54:21.559 UTC: 	 Encoded data for curl request: subresource=version
DEBUG 2025-05-21 19:54:21.606 UTC: 	 CRABClient version: v3.250409
DEBUG 2025-05-21 19:54:21.607 UTC: 	 Instance is prod
DEBUG 2025-05-21 19:54:21.607 UTC: 	 Server base url is cmsweb.cern.ch
DEBUG 2025-05-21 19:54:21.607 UTC: 	 Command api workflow
DEBUG 2025-05-21 19:54:21.607 UTC: 	 Encoded data for curl request: subresource=search&workflow=250521_195345%3Aamalhotr_crab_RealData_noLFNDirectory_All_1750EventLumi_v1
DEBUG 2025-05-21 19:54:21.658 UTC: 	 Got information from server oracle database: {'desc': {'columns': ['tm_taskname', 'tm_activity', 'tm_task_status', 'tm_task_command', 'tm_start_time', 'tm_start_injection', 'tm_end_injection', 'tm_task_failure', 'tm_job_sw', 'tm_job_arch', 'tm_input_dataset', 'tm_nonvalid_input_dataset', 'tm_use_parent', 'tm_site_whitelist', 'tm_site_blacklist', 'tm_split_algo', 'tm_split_args', 'tm_user_sandbox', 'tm_cache_url', 'tm_username', 'tm_user_dn', 'tm_user_vo', 'tm_user_role', 'tm_user_group', 'tm_publish_name', 'tm_publish_groupname', 'tm_asyncdest', 'tm_dbs_url', 'tm_publish_dbs_url', 'tm_publication', 'tm_outfiles', 'tm_tfile_outfiles', 'tm_edm_outfiles', 'tm_job_type', 'tm_generator', 'tm_events_per_lumi', 'tm_arguments', 'tm_save_logs', 'tw_name', 'tm_user_infiles', 'tm_maxjobruntime', 'tm_numcores', 'tm_maxmemory', 'tm_priority', 'tm_output_dataset', 'tm_task_warnings', 'tm_user_webdir', 'tm_scriptexe', 'tm_scriptargs', 'tm_extrajdl', 'tm_collector', 'tm_schedd', 'tm_dry_run', 'tm_user_files', 'tm_transfer_outputs', 'tm_output_lfn', 'tm_ignore_locality', 'tm_fail_limit', 'tm_one_event_mode', 'tm_secondary_input_dataset', 'tm_primary_dataset', 'tm_last_publication', 'tm_debug_files', 'clusterid', 'tm_ignore_global_blacklist', 'tm_submitter_ip_addr', 'tm_totalunits', 'tm_ddm_reqid', 'tm_user_config', 'tm_transfer_container', 'tm_transfer_rule', 'tm_publish_rule', 'tm_multipub_rule', 'tm_job_min_microarch', 'tm_dagman_status', 'tm_num_jobs', 'tm_uploaded']}, 'result': ['250521_195345:amalhotr_crab_RealData_noLFNDirectory_All_1750EventLumi_v1', 'None', 'QUEUED', 'SUBMIT', '2025-05-21 19:53:45.317126', 'None', 'None', 'None', 'CMSSW_14_0_18_patch1', 'el9_amd64_gcc12', '/ScoutingPFRun3/Run2024H-v1/HLTSCOUT', 'T', '0', '[]', '[]', 'EventAwareLumiBased', "{'halt_job_on_file_boundaries': False, 'splitOnRun': False, 'events_per_job': 1750, 'runs': [], 'lumis': []}", '149aeb288c8e15d883a9b4e5f26f7e7a087780c40c66e337ffe04f370d00d347.tar.gz', 'https://cmsweb.cern.ch/S3/crabcache_prod', 'amalhotr', '/DC=ch/DC=cern/OU=Organic Units/OU=Users/CN=amalhotr/CN=884837/CN=Aryan Malhotra', 'cms', 'None', 'None', 'RealData_noLFNDirectory_All_1750EventLumi_v1-00000000000000000000000000000000', 'F', 'T3_CH_CERNBOX', 'https://cmsweb.cern.ch/dbs/prod/global/DBSReader', 'https://cmsweb.cern.ch/dbs/prod/phys03/DBSWriter', 'F', '[]', "['DY2M_ScoutingTree_Output.root']", '[]', 'Analysis', 'pythia', 'None', '{}', 'T', 'crab-prod-tw01', '[]', '2000', '1', '2000', '10', 'None', '[]', 'None', 'None', '[]', '[]', 'cmsgwms-collector-global.cern.ch:9620,cmsgwms-collector-global.fnal.gov:9620', 'None', 'F', '[]', 'T', '/store/user/amalhotr/', 'F', 'None', 'F', 'None', 'ScoutingPFRun3', 'None', '89965f1fe73ecccacbcb2925dbd9196f86448cac9b4517d6f5c729838e49ea1b.tar.gz', 'None', 'F', '188.184.75.82', '0.0', 'None', '{"partialdataset": false, "requireaccelerator": false, "acceleratorparams": null, "inputblocks": null}', 'None', 'None', 'None', 'None', 'any', 'NOT_READY', '0', 'F']}
INFO 2025-05-21 19:54:21.658 UTC: 	 CRAB project directory:		/afs/cern.ch/user/a/amalhotr/CMSSW_14_0_18_patch1/src/Run3ScoutingAnalysisTools/crab_RealData_noLFNDirectory_All_1750EventLumi_v1
INFO 2025-05-21 19:54:21.658 UTC: 	 Task name:			250521_195345:amalhotr_crab_RealData_noLFNDirectory_All_1750EventLumi_v1
INFO 2025-05-21 19:54:21.658 UTC: 	 Grid scheduler - Task Worker:	N/A yet - crab-prod-tw01
INFO 2025-05-21 19:54:21.658 UTC: 	 Status on the CRAB server:	QUEUED on command SUBMIT
INFO 2025-05-21 19:54:21.658 UTC: 	 Task URL to use for HELP:	https://cmsweb.cern.ch/crabserver/ui/task/250521_195345%3Aamalhotr_crab_RealData_noLFNDirectory_All_1750EventLumi_v1
INFO 2025-05-21 19:54:21.664 UTC: 	 Dashboard monitoring URL:	https://monit-grafana.cern.ch/d/cmsTMDetail/cms-task-monitoring-task-view?orgId=11&var-user=amalhotr&var-task=250521_195345%3Aamalhotr_crab_RealData_noLFNDirectory_All_1750EventLumi_v1&from=1747853625000&to=now
DEBUG 2025-05-21 19:54:21.664 UTC: 	 The task has not been submitted to the Grid scheduler yet. Not printing job information.
INFO 2025-05-21 19:54:21.665 UTC: 	 Log file is /afs/cern.ch/user/a/amalhotr/CMSSW_14_0_18_patch1/src/Run3ScoutingAnalysisTools/crab_RealData_noLFNDirectory_All_1750EventLumi_v1/crab.log
DEBUG 2025-05-21 20:15:08.217 UTC: 	 CRAB Client version: v3.250409
DEBUG 2025-05-21 20:15:08.217 UTC: 	 Running on: Linux lxplus978.cern.ch 5.14.0-503.34.1.el9_5.x86_64 #1 SMP PREEMPT_DYNAMIC Mon Mar 17 21:49:47 EDT 2025 x86_64 x86_64 x86_64 GNU/Linux
DEBUG 2025-05-21 20:15:08.217 UTC: 	 Not using Singularity
DEBUG 2025-05-21 20:15:08.217 UTC: 	 Operating System: Red Hat Enterprise Linux 9.5 (Plow)
DEBUG 2025-05-21 20:15:08.217 UTC: 	 Executing command: 'status'
DEBUG 2025-05-21 20:15:08.217 UTC: 	 Found CRAB cache file /afs/cern.ch/user/a/amalhotr/.crab3
DEBUG 2025-05-21 20:15:08.539 UTC: 	 Checking credentials
DEBUG 2025-05-21 20:15:08.539 UTC: 	 Found proxy file /tmp/x509up_u180451
DEBUG 2025-05-21 20:15:08.539 UTC: 	 Making sure it has proper VOMS extension
DEBUG 2025-05-21 20:15:08.539 UTC: 	 Executing command :
 voms-proxy-info --vo --file /tmp/x509up_u180451
DEBUG 2025-05-21 20:15:08.951 UTC: 	 output : cms

 error: 
 retcode : 0
DEBUG 2025-05-21 20:15:08.951 UTC: 	 Getting proxy life time left
DEBUG 2025-05-21 20:15:08.951 UTC: 	 Executing command :
 voms-proxy-info --actimeleft --timeleft --file /tmp/x509up_u180451
DEBUG 2025-05-21 20:15:09.332 UTC: 	 output : 689610
689610

 error: 
 retcode : 0
DEBUG 2025-05-21 20:15:09.332 UTC: 	 Proxy valid for 191:33:30 hours
DEBUG 2025-05-21 20:15:09.333 UTC: 	 Encoded data for curl request: subresource=delegatedn
DEBUG 2025-05-21 20:15:09.384 UTC: 	 Registering user credentials on myproxy for /DC=ch/DC=cern/OU=computers/CN=crab-(preprod|prod)-tw(01|02).cern.ch|/DC=ch/DC=cern/OU=computers/CN=crab-dev-tw(01|02|03|04).cern.ch|/DC=ch/DC=cern/OU=Organic Units/OU=Users/CN=cmscrab/CN=(817881|373708)/CN=Robot: cms crab|/DC=ch/DC=cern/OU=Organic Units/OU=Users/CN=crabint1/CN=373708/CN=Robot: CMS CRAB Integration 1
DEBUG 2025-05-21 20:15:09.384 UTC: 	 Executing command :
 voms-proxy-info --identity --file /tmp/x509up_u180451
DEBUG 2025-05-21 20:15:09.775 UTC: 	 output : /DC=ch/DC=cern/OU=Organic Units/OU=Users/CN=amalhotr/CN=884837/CN=Aryan Malhotra

 error: 
 retcode : 0
DEBUG 2025-05-21 20:15:09.775 UTC: 	 Getting myproxy life time left for 2382a3cf28fdeacb1de9b039908761ea517a5ed6
DEBUG 2025-05-21 20:15:09.775 UTC: 	 Executing command :
 myproxy-info -s myproxy.cern.ch -l 2382a3cf28fdeacb1de9b039908761ea517a5ed6
DEBUG 2025-05-21 20:15:10.129 UTC: 	 output : username: 2382a3cf28fdeacb1de9b039908761ea517a5ed6
owner: /DC=ch/DC=cern/OU=Organic Units/OU=Users/CN=amalhotr/CN=884837/CN=Aryan Malhotra
  renewal policy: /DC=ch/DC=cern/OU=computers/CN=crab-(preprod|prod)-tw(01|02).cern.ch|/DC=ch/DC=cern/OU=computers/CN=crab-dev-tw(01|02|03|04).cern.ch|/DC=ch/DC=cern/OU=Organic Units/OU=Users/CN=cmscrab/CN=(817881|373708)/CN=Robot: cms crab|/DC=ch/DC=cern/OU=Organic Units/OU=Users/CN=crabint1/CN=373708/CN=Robot: CMS CRAB Integration 1
  trusted retrieval policy: /DC=ch/DC=cern/OU=computers/CN=crab-(preprod|prod)-tw(01|02).cern.ch|/DC=ch/DC=cern/OU=computers/CN=crab-dev-tw(01|02|03|04).cern.ch|/DC=ch/DC=cern/OU=Organic Units/OU=Users/CN=cmscrab/CN=(817881|373708)/CN=Robot: cms crab|/DC=ch/DC=cern/OU=Organic Units/OU=Users/CN=crabint1/CN=373708/CN=Robot: CMS CRAB Integration 1
  timeleft: 562:38:23  (23.4 days)

 error: 
 retcode : 0
DEBUG 2025-05-21 20:15:10.129 UTC: 	 Myproxy is valid: 2025480
DEBUG 2025-05-21 20:15:10.129 UTC: 	 Result of myproxy credential check:
  Credential exists on myproxy: username: 2382a3cf28fdeacb1de9b039908761ea517a5ed6  - validity: 23 days, 10:38:00
DEBUG 2025-05-21 20:15:10.129 UTC: 	 Retrieving username ...
DEBUG 2025-05-21 20:15:10.129 UTC: 	 Retrieving username from CRIC...
DEBUG 2025-05-21 20:15:10.845 UTC: 	 username is amalhotr
INFO 2025-05-21 20:15:11.451 UTC: 	 Rucio client intialized for account amalhotr
DEBUG 2025-05-21 20:15:11.451 UTC: 	 Command use: status
DEBUG 2025-05-21 20:15:11.451 UTC: 	 Options use: ['-d', './crab_RealData_noLFNDirectory_All_1750EventLumi_v1']
DEBUG 2025-05-21 20:15:11.451 UTC: 	 Encoded data for curl request: subresource=version
DEBUG 2025-05-21 20:15:11.506 UTC: 	 CRABClient version: v3.250409
DEBUG 2025-05-21 20:15:11.507 UTC: 	 Instance is prod
DEBUG 2025-05-21 20:15:11.507 UTC: 	 Server base url is cmsweb.cern.ch
DEBUG 2025-05-21 20:15:11.507 UTC: 	 Command api workflow
DEBUG 2025-05-21 20:15:11.507 UTC: 	 Encoded data for curl request: subresource=search&workflow=250521_195345%3Aamalhotr_crab_RealData_noLFNDirectory_All_1750EventLumi_v1
DEBUG 2025-05-21 20:15:11.560 UTC: 	 Got information from server oracle database: {'desc': {'columns': ['tm_taskname', 'tm_activity', 'tm_task_status', 'tm_task_command', 'tm_start_time', 'tm_start_injection', 'tm_end_injection', 'tm_task_failure', 'tm_job_sw', 'tm_job_arch', 'tm_input_dataset', 'tm_nonvalid_input_dataset', 'tm_use_parent', 'tm_site_whitelist', 'tm_site_blacklist', 'tm_split_algo', 'tm_split_args', 'tm_user_sandbox', 'tm_cache_url', 'tm_username', 'tm_user_dn', 'tm_user_vo', 'tm_user_role', 'tm_user_group', 'tm_publish_name', 'tm_publish_groupname', 'tm_asyncdest', 'tm_dbs_url', 'tm_publish_dbs_url', 'tm_publication', 'tm_outfiles', 'tm_tfile_outfiles', 'tm_edm_outfiles', 'tm_job_type', 'tm_generator', 'tm_events_per_lumi', 'tm_arguments', 'tm_save_logs', 'tw_name', 'tm_user_infiles', 'tm_maxjobruntime', 'tm_numcores', 'tm_maxmemory', 'tm_priority', 'tm_output_dataset', 'tm_task_warnings', 'tm_user_webdir', 'tm_scriptexe', 'tm_scriptargs', 'tm_extrajdl', 'tm_collector', 'tm_schedd', 'tm_dry_run', 'tm_user_files', 'tm_transfer_outputs', 'tm_output_lfn', 'tm_ignore_locality', 'tm_fail_limit', 'tm_one_event_mode', 'tm_secondary_input_dataset', 'tm_primary_dataset', 'tm_last_publication', 'tm_debug_files', 'clusterid', 'tm_ignore_global_blacklist', 'tm_submitter_ip_addr', 'tm_totalunits', 'tm_ddm_reqid', 'tm_user_config', 'tm_transfer_container', 'tm_transfer_rule', 'tm_publish_rule', 'tm_multipub_rule', 'tm_job_min_microarch', 'tm_dagman_status', 'tm_num_jobs', 'tm_uploaded']}, 'result': ['250521_195345:amalhotr_crab_RealData_noLFNDirectory_All_1750EventLumi_v1', 'None', 'SUBMITREFUSED', 'SUBMIT', '2025-05-21 19:53:45.317126', 'None', 'None', 'None', 'CMSSW_14_0_18_patch1', 'el9_amd64_gcc12', '/ScoutingPFRun3/Run2024H-v1/HLTSCOUT', 'T', '0', '[]', '[]', 'EventAwareLumiBased', "{'halt_job_on_file_boundaries': False, 'splitOnRun': False, 'events_per_job': 1750, 'runs': [], 'lumis': []}", '149aeb288c8e15d883a9b4e5f26f7e7a087780c40c66e337ffe04f370d00d347.tar.gz', 'https://cmsweb.cern.ch/S3/crabcache_prod', 'amalhotr', '/DC=ch/DC=cern/OU=Organic Units/OU=Users/CN=amalhotr/CN=884837/CN=Aryan Malhotra', 'cms', 'None', 'None', 'RealData_noLFNDirectory_All_1750EventLumi_v1-00000000000000000000000000000000', 'F', 'T3_CH_CERNBOX', 'https://cmsweb.cern.ch/dbs/prod/global/DBSReader', 'https://cmsweb.cern.ch/dbs/prod/phys03/DBSWriter', 'F', '[]', "['DY2M_ScoutingTree_Output.root']", '[]', 'Analysis', 'pythia', 'None', '{}', 'T', 'crab-prod-tw01', '[]', '2000', '1', '2000', '10', 'None', "['The splitting on your task generated 15281 jobs. The maximum number of jobs in each task is 10000']", 'None', 'None', '[]', '[]', 'cmsgwms-collector-global.cern.ch:9620,cmsgwms-collector-global.fnal.gov:9620', 'None', 'F', '[]', 'T', '/store/user/amalhotr/', 'F', 'None', 'F', 'None', 'ScoutingPFRun3', 'None', '89965f1fe73ecccacbcb2925dbd9196f86448cac9b4517d6f5c729838e49ea1b.tar.gz', 'None', 'F', '188.184.75.82', '0.0', 'None', '{"partialdataset": false, "requireaccelerator": false, "acceleratorparams": null, "inputblocks": null}', 'None', 'None', 'None', 'None', 'any', 'NOT_READY', '0', 'F']}
INFO 2025-05-21 20:15:11.560 UTC: 	 CRAB project directory:		/afs/cern.ch/user/a/amalhotr/CMSSW_14_0_18_patch1/src/Run3ScoutingAnalysisTools/crab_RealData_noLFNDirectory_All_1750EventLumi_v1
INFO 2025-05-21 20:15:11.561 UTC: 	 Task name:			250521_195345:amalhotr_crab_RealData_noLFNDirectory_All_1750EventLumi_v1
INFO 2025-05-21 20:15:11.561 UTC: 	 Grid scheduler - Task Worker:	N/A yet - crab-prod-tw01
INFO 2025-05-21 20:15:11.561 UTC: 	 Status on the CRAB server:	SUBMITREFUSED
INFO 2025-05-21 20:15:11.561 UTC: 	 Task URL to use for HELP:	https://cmsweb.cern.ch/crabserver/ui/task/250521_195345%3Aamalhotr_crab_RealData_noLFNDirectory_All_1750EventLumi_v1
INFO 2025-05-21 20:15:11.569 UTC: 	 Dashboard monitoring URL:	https://monit-grafana.cern.ch/d/cmsTMDetail/cms-task-monitoring-task-view?orgId=11&var-user=amalhotr&var-task=250521_195345%3Aamalhotr_crab_RealData_noLFNDirectory_All_1750EventLumi_v1&from=1747853625000&to=now
WARNING 2025-05-21 20:15:11.569 UTC: 	 Warning:			The splitting on your task generated 15281 jobs. The maximum number of jobs in each task is 10000
DEBUG 2025-05-21 20:15:11.569 UTC: 	 The task has not been submitted to the Grid scheduler yet. Not printing job information.
INFO 2025-05-21 20:15:11.570 UTC: 	 Log file is /afs/cern.ch/user/a/amalhotr/CMSSW_14_0_18_patch1/src/Run3ScoutingAnalysisTools/crab_RealData_noLFNDirectory_All_1750EventLumi_v1/crab.log
