DEBUG 2025-10-30 05:10:40.208 UTC: 	 CRAB Client version: v3.250820
DEBUG 2025-10-30 05:10:40.208 UTC: 	 Running on: Linux lxplus948.cern.ch 5.14.0-570.49.1.el9_6.x86_64 #1 SMP PREEMPT_DYNAMIC Tue Sep 23 01:11:18 EDT 2025 x86_64 x86_64 x86_64 GNU/Linux
DEBUG 2025-10-30 05:10:40.208 UTC: 	 Not using Singularity
DEBUG 2025-10-30 05:10:40.208 UTC: 	 Operating System: Red Hat Enterprise Linux 9.6 (Plow)
DEBUG 2025-10-30 05:10:40.208 UTC: 	 Executing command: 'submit'
DEBUG 2025-10-30 05:10:40.208 UTC: 	 Found CRAB cache file /afs/cern.ch/user/a/amalhotr/.crab3
INFO 2025-10-30 05:10:40.209 UTC: 	 Will use CRAB configuration file chainedCrabConfig.py
DEBUG 2025-10-30 05:10:40.209 UTC: 	 Loading CRAB configuration file.
DEBUG 2025-10-30 05:10:40.215 UTC: 	 Will use CRAB plugin ANALYSIS (i.e. will run an analysis job type).
DEBUG 2025-10-30 05:10:40.224 UTC: 	 Checking credentials
DEBUG 2025-10-30 05:10:40.225 UTC: 	 Found proxy file /tmp/x509up_u180451
DEBUG 2025-10-30 05:10:40.225 UTC: 	 Making sure it has proper VOMS extension
DEBUG 2025-10-30 05:10:40.225 UTC: 	 Executing command :
 voms-proxy-info --vo --file /tmp/x509up_u180451
DEBUG 2025-10-30 05:10:40.246 UTC: 	 output : cms

 error: 
 retcode : 0
DEBUG 2025-10-30 05:10:40.246 UTC: 	 Getting proxy life time left
DEBUG 2025-10-30 05:10:40.246 UTC: 	 Executing command :
 voms-proxy-info --actimeleft --timeleft --file /tmp/x509up_u180451
DEBUG 2025-10-30 05:10:40.267 UTC: 	 output : 690768
690768

 error: 
 retcode : 0
DEBUG 2025-10-30 05:10:40.267 UTC: 	 Proxy valid for 191:52:48 hours
DEBUG 2025-10-30 05:10:40.267 UTC: 	 Encoded data for curl request: subresource=delegatedn
DEBUG 2025-10-30 05:10:40.309 UTC: 	 Registering user credentials on myproxy for /DC=ch/DC=cern/OU=Organic Units/OU=Users/CN=cmscrab/CN=(817881|373708)/CN=Robot: cms crab|/DC=ch/DC=cern/OU=Organic Units/OU=Users/CN=crabint1/CN=373708/CN=Robot: CMS CRAB Integration 1
DEBUG 2025-10-30 05:10:40.309 UTC: 	 Executing command :
 voms-proxy-info --identity --file /tmp/x509up_u180451
DEBUG 2025-10-30 05:10:40.334 UTC: 	 output : /DC=ch/DC=cern/OU=Organic Units/OU=Users/CN=amalhotr/CN=884837/CN=Aryan Malhotra

 error: 
 retcode : 0
DEBUG 2025-10-30 05:10:40.334 UTC: 	 Getting myproxy life time left for 2382a3cf28fdeacb1de9b039908761ea517a5ed6
DEBUG 2025-10-30 05:10:40.334 UTC: 	 Executing command :
 myproxy-info -s myproxy.cern.ch -l 2382a3cf28fdeacb1de9b039908761ea517a5ed6
DEBUG 2025-10-30 05:10:40.598 UTC: 	 output : username: 2382a3cf28fdeacb1de9b039908761ea517a5ed6
owner: /DC=ch/DC=cern/OU=Organic Units/OU=Users/CN=amalhotr/CN=884837/CN=Aryan Malhotra
  renewal policy: /DC=ch/DC=cern/OU=Organic Units/OU=Users/CN=cmscrab/CN=(817881|373708)/CN=Robot: cms crab|/DC=ch/DC=cern/OU=Organic Units/OU=Users/CN=crabint1/CN=373708/CN=Robot: CMS CRAB Integration 1
  trusted retrieval policy: /DC=ch/DC=cern/OU=Organic Units/OU=Users/CN=cmscrab/CN=(817881|373708)/CN=Robot: cms crab|/DC=ch/DC=cern/OU=Organic Units/OU=Users/CN=crabint1/CN=373708/CN=Robot: CMS CRAB Integration 1
  timeleft: 713:38:35  (29.7 days)

 error: 
 retcode : 0
DEBUG 2025-10-30 05:10:40.598 UTC: 	 Myproxy is valid: 2569080
DEBUG 2025-10-30 05:10:40.598 UTC: 	 Result of myproxy credential check:
  Credential exists on myproxy: username: 2382a3cf28fdeacb1de9b039908761ea517a5ed6  - validity: 29 days, 17:38:00
DEBUG 2025-10-30 05:10:40.598 UTC: 	 Command use: submit
DEBUG 2025-10-30 05:10:40.598 UTC: 	 Options use: ['-c', 'chainedCrabConfig.py']
DEBUG 2025-10-30 05:10:40.599 UTC: 	 Encoded data for curl request: subresource=version
DEBUG 2025-10-30 05:10:40.636 UTC: 	 CRABClient version: v3.250820
DEBUG 2025-10-30 05:10:40.636 UTC: 	 Instance is prod
DEBUG 2025-10-30 05:10:40.636 UTC: 	 Server base url is cmsweb.cern.ch
DEBUG 2025-10-30 05:10:40.636 UTC: 	 Command api workflow
DEBUG 2025-10-30 05:10:40.636 UTC: 	 Started submission
DEBUG 2025-10-30 05:10:40.636 UTC: 	 Working on /afs/cern.ch/user/a/amalhotr/CMSSW_14_0_18_patch1/src/Run3ScoutingAnalysisTools/crab_ScoutingData_Redone_5mod10_v3
DEBUG 2025-10-30 05:10:40.637 UTC: 	 Encoded data for curl request: subresource=backendurls
DEBUG 2025-10-30 05:10:40.876 UTC: 	 Loading required information from the environment
DEBUG 2025-10-30 05:10:40.876 UTC: 	 Found CMSSW_14_0_18_patch1 for el9_amd64_gcc12 with base /afs/cern.ch/user/a/amalhotr/CMSSW_14_0_18_patch1
DEBUG 2025-10-30 05:10:40.876 UTC: 	 Loading required information from the environment
DEBUG 2025-10-30 05:10:40.876 UTC: 	 Found CMSSW_14_0_18_patch1 for el9_amd64_gcc12 with base /afs/cern.ch/user/a/amalhotr/CMSSW_14_0_18_patch1
DEBUG 2025-10-30 05:10:40.876 UTC: 	 UNIQUE NAME: tarUUID 96c64c07-bf2e-45c0-be10-88a460c9ed72 
DEBUG 2025-10-30 05:10:40.877 UTC: 	 self.config: from WMCore.Configuration import Configuration
config = Configuration()
config.section_('General')
config.General.requestName = 'ScoutingData_Redone_5mod10_v3'
config.General.transferLogs = True
config.General.transferOutputs = True
config.section_('JobType')
config.JobType.outputFiles = ['ScoutingTree_Output.root']
config.JobType.maxJobRuntimeMin = 2750
config.JobType.maxMemoryMB = 3000
config.JobType.pluginName = 'Analysis'
config.JobType.psetName = 'UnifiedScoutingVertexingTreeMaker.py'
config.section_('Data')
config.Data.inputDataset = '/ScoutingPFRun3/Run2024H-v1/HLTSCOUT'
config.Data.unitsPerJob = 2
config.Data.inputDBS = 'global'
config.Data.publication = False
config.Data.allowNonValidInputDataset = True
config.Data.outputDatasetTag = 'ScoutingData_Redone_5mod10_v3'
config.Data.splitting = 'FileBased'
config.section_('Site')
config.Site.storageSite = 'T3_CH_CERNBOX'
config.section_('User')
config.section_('Debug')

DEBUG 2025-10-30 05:10:40.877 UTC: 	 self.config.JobType.psetName: UnifiedScoutingVertexingTreeMaker.py
INFO 2025-10-30 05:10:40.877 UTC: 	 Importing CMSSW configuration UnifiedScoutingVertexingTreeMaker.py
INFO 2025-10-30 05:10:41.276 UTC: 	 Finished importing CMSSW configuration UnifiedScoutingVertexingTreeMaker.py
DEBUG 2025-10-30 05:10:41.276 UTC: 	 Writing CMSSW configuration to /afs/cern.ch/user/a/amalhotr/CMSSW_14_0_18_patch1/src/Run3ScoutingAnalysisTools/crab_ScoutingData_Redone_5mod10_v3/inputs/PSet.py
DEBUG 2025-10-30 05:10:41.293 UTC: 	 The following EDM output files will be collected: []
DEBUG 2025-10-30 05:10:41.293 UTC: 	 The following TFile output files will be collected: ['ScoutingTree_Output.root']
DEBUG 2025-10-30 05:10:41.293 UTC: 	 The following user output files (not listed as PoolOuputModule or TFileService in the CMSSW PSet) will be collected: 
DEBUG 2025-10-30 05:10:41.293 UTC: 	 Loading required information from the environment
DEBUG 2025-10-30 05:10:41.293 UTC: 	 Found CMSSW_14_0_18_patch1 for el9_amd64_gcc12 with base /afs/cern.ch/user/a/amalhotr/CMSSW_14_0_18_patch1
DEBUG 2025-10-30 05:10:41.293 UTC: 	 Making tarball in /afs/cern.ch/user/a/amalhotr/CMSSW_14_0_18_patch1/src/Run3ScoutingAnalysisTools/crab_ScoutingData_Redone_5mod10_v3/inputs/96c64c07-bf2e-45c0-be10-88a460c9ed72default.tgz
DEBUG 2025-10-30 05:10:41.294 UTC: 	 Checking directory /afs/cern.ch/user/a/amalhotr/CMSSW_14_0_18_patch1/bin
DEBUG 2025-10-30 05:10:41.294 UTC: 	 Adding directory /afs/cern.ch/user/a/amalhotr/CMSSW_14_0_18_patch1/bin to tarball
DEBUG 2025-10-30 05:10:41.299 UTC: 	 Checking directory /afs/cern.ch/user/a/amalhotr/CMSSW_14_0_18_patch1/python
DEBUG 2025-10-30 05:10:41.300 UTC: 	 Adding directory /afs/cern.ch/user/a/amalhotr/CMSSW_14_0_18_patch1/python to tarball
DEBUG 2025-10-30 05:10:41.679 UTC: 	 Checking directory /afs/cern.ch/user/a/amalhotr/CMSSW_14_0_18_patch1/cfipython
DEBUG 2025-10-30 05:10:41.679 UTC: 	 Adding directory /afs/cern.ch/user/a/amalhotr/CMSSW_14_0_18_patch1/cfipython to tarball
DEBUG 2025-10-30 05:10:41.700 UTC: 	 Checking directory /afs/cern.ch/user/a/amalhotr/CMSSW_14_0_18_patch1/lib
DEBUG 2025-10-30 05:10:41.700 UTC: 	 Adding directory /afs/cern.ch/user/a/amalhotr/CMSSW_14_0_18_patch1/lib to tarball
DEBUG 2025-10-30 05:10:41.826 UTC: 	 Checking directory /afs/cern.ch/user/a/amalhotr/CMSSW_14_0_18_patch1/biglib
DEBUG 2025-10-30 05:10:41.826 UTC: 	 Adding directory /afs/cern.ch/user/a/amalhotr/CMSSW_14_0_18_patch1/biglib to tarball
DEBUG 2025-10-30 05:10:41.828 UTC: 	 Checking directory /afs/cern.ch/user/a/amalhotr/CMSSW_14_0_18_patch1/module
DEBUG 2025-10-30 05:10:41.828 UTC: 	 Checking directory /afs/cern.ch/user/a/amalhotr/CMSSW_14_0_18_patch1/config/SCRAM/hooks
DEBUG 2025-10-30 05:10:41.828 UTC: 	 Adding directory /afs/cern.ch/user/a/amalhotr/CMSSW_14_0_18_patch1/config/SCRAM/hooks to tarball
DEBUG 2025-10-30 05:10:41.859 UTC: 	 Adding directory /afs/cern.ch/user/a/amalhotr/CMSSW_14_0_18_patch1/src/Run3ScoutingAnalysisTools/DataFormats/Scouting/interface to tarball
DEBUG 2025-10-30 05:10:41.878 UTC: 	 Adding directory /afs/cern.ch/user/a/amalhotr/CMSSW_14_0_18_patch1/src/Run3ScoutingAnalysisTools/ScoutingTreeMakerRun3/python to tarball
DEBUG 2025-10-30 05:10:41.896 UTC: 	 Adding directory /afs/cern.ch/user/a/amalhotr/CMSSW_14_0_18_patch1/src/DataFormats/Scouting/interface to tarball
DEBUG 2025-10-30 05:10:41.912 UTC: 	 Adding directory /afs/cern.ch/user/a/amalhotr/CMSSW_14_0_18_patch1/src/Configuration/GenProduction/python to tarball
DEBUG 2025-10-30 05:10:41.978 UTC: 	 Uploading archive /afs/cern.ch/user/a/amalhotr/CMSSW_14_0_18_patch1/src/Run3ScoutingAnalysisTools/crab_ScoutingData_Redone_5mod10_v3/inputs/96c64c07-bf2e-45c0-be10-88a460c9ed72default.tgz (490 KB) to the CRAB cache. Using URI https://s3.cern.ch/crabcache
DEBUG 2025-10-30 05:10:42.185 UTC: 	 Encoded data for curl request: subresource=upload&objecttype=sandbox&tarballname=fc33aa92693bf8b8311fcc6c524f4d74ae0e1c717a8be34d21e2e6ace054f29a.tar.gz
DEBUG 2025-10-30 05:10:42.238 UTC: 	 sandbox fc33aa92693bf8b8311fcc6c524f4d74ae0e1c717a8be34d21e2e6ace054f29a.tar.gz is already in the S3 store, will not upload again
DEBUG 2025-10-30 05:10:42.238 UTC: 	 Loading required information from the environment
DEBUG 2025-10-30 05:10:42.238 UTC: 	 Found CMSSW_14_0_18_patch1 for el9_amd64_gcc12 with base /afs/cern.ch/user/a/amalhotr/CMSSW_14_0_18_patch1
DEBUG 2025-10-30 05:10:42.238 UTC: 	 Making tarball in /afs/cern.ch/user/a/amalhotr/CMSSW_14_0_18_patch1/src/Run3ScoutingAnalysisTools/crab_ScoutingData_Redone_5mod10_v3/inputs/debugFiles.tgz
DEBUG 2025-10-30 05:10:42.244 UTC: 	 Uploading archive /afs/cern.ch/user/a/amalhotr/CMSSW_14_0_18_patch1/src/Run3ScoutingAnalysisTools/crab_ScoutingData_Redone_5mod10_v3/inputs/debugFiles.tgz (3 KB) to the CRAB cache. Using URI https://s3.cern.ch/crabcache
DEBUG 2025-10-30 05:10:42.247 UTC: 	 Encoded data for curl request: subresource=upload&objecttype=sandbox&tarballname=24e23f7339aac996866c7d84896610b785864b132dd4ba527597525b61a3baa7.tar.gz
DEBUG 2025-10-30 05:10:42.289 UTC: 	 Will execute:
curl -f -v -X POST  -H "User-Agent: CRAB" -F "key=amalhotr/sandboxes/24e23f7339aac996866c7d84896610b785864b132dd4ba527597525b61a3baa7.tar.gz" -F "AWSAccessKeyId=715203df6482458ba839e73e6dab634b" -F "policy=eyJleHBpcmF0aW9uIjogIjIwMjUtMTAtMzBUMDY6MTA6NDJaIiwgImNvbmRpdGlvbnMiOiBbeyJidWNrZXQiOiAiY3JhYmNhY2hlX3Byb2QifSwgeyJrZXkiOiAiYW1hbGhvdHIvc2FuZGJveGVzLzI0ZTIzZjczMzlhYWM5OTY4NjZjN2Q4NDg5NjYxMGI3ODU4NjRiMTMyZGQ0YmE1Mjc1OTc1MjViNjFhM2JhYTcudGFyLmd6In1dfQ==" -F "signature=MQlc3NqcCg1/7Win/UiGMsJPRfA=" -F "file=@/afs/cern.ch/user/a/amalhotr/CMSSW_14_0_18_patch1/src/Run3ScoutingAnalysisTools/crab_ScoutingData_Redone_5mod10_v3/inputs/debugFiles.tgz" "https://s3.cern.ch/crabcache_prod"
DEBUG 2025-10-30 05:10:42.410 UTC: 	 exitcode: 0
stdout: b''
DEBUG 2025-10-30 05:10:42.411 UTC: 	 upload to S3 of sandbox /afs/cern.ch/user/a/amalhotr/CMSSW_14_0_18_patch1/src/Run3ScoutingAnalysisTools/crab_ScoutingData_Redone_5mod10_v3/inputs/debugFiles.tgz completed
DEBUG 2025-10-30 05:10:42.411 UTC: 	 make sure that object is ready for retrieve
DEBUG 2025-10-30 05:10:43.411 UTC: 	 Encoded data for curl request: subresource=download&objecttype=sandbox&tarballname=24e23f7339aac996866c7d84896610b785864b132dd4ba527597525b61a3baa7.tar.gz&clientmethod=head_object
DEBUG 2025-10-30 05:10:43.461 UTC: 	 PreSignedUrl to download sandbox received OK
DEBUG 2025-10-30 05:10:43.463 UTC: 	 Will execute:
 curl -v -s -f -o /dev/null --head  "https://s3.cern.ch/crabcache_prod/amalhotr/sandboxes/24e23f7339aac996866c7d84896610b785864b132dd4ba527597525b61a3baa7.tar.gz?AWSAccessKeyId=715203df6482458ba839e73e6dab634b&Signature=uJ9xtV0bG5CcLCYdoovSl0jN6ps%3D&Expires=1761804643"
DEBUG 2025-10-30 05:10:43.489 UTC: 	 exitcode: 0
stdout: b''
DEBUG 2025-10-30 05:10:43.489 UTC: 	 sandbox /afs/cern.ch/user/a/amalhotr/CMSSW_14_0_18_patch1/src/Run3ScoutingAnalysisTools/crab_ScoutingData_Redone_5mod10_v3/inputs/debugFiles.tgz successfully uploaded to S3
DEBUG 2025-10-30 05:10:43.489 UTC: 	 Result uploading input files: fc33aa92693bf8b8311fcc6c524f4d74ae0e1c717a8be34d21e2e6ace054f29a.tar.gz 
DEBUG 2025-10-30 05:10:43.489 UTC: 	 submit() - self.configuration from WMCore.Configuration import Configuration
config = Configuration()
config.section_('General')
config.General.requestName = 'ScoutingData_Redone_5mod10_v3'
config.General.transferLogs = True
config.General.transferOutputs = True
config.section_('JobType')
config.JobType.outputFiles = ['ScoutingTree_Output.root']
config.JobType.maxJobRuntimeMin = 2750
config.JobType.maxMemoryMB = 3000
config.JobType.pluginName = 'Analysis'
config.JobType.psetName = 'UnifiedScoutingVertexingTreeMaker.py'
config.section_('Data')
config.Data.inputDataset = '/ScoutingPFRun3/Run2024H-v1/HLTSCOUT'
config.Data.unitsPerJob = 2
config.Data.inputDBS = 'global'
config.Data.publication = False
config.Data.allowNonValidInputDataset = True
config.Data.outputDatasetTag = 'ScoutingData_Redone_5mod10_v3'
config.Data.splitting = 'FileBased'
config.section_('Site')
config.Site.storageSite = 'T3_CH_CERNBOX'
config.section_('User')
config.section_('Debug')

DEBUG 2025-10-30 05:10:43.489 UTC: 	 submit() - self.configreq {'dryrun': 0, 'workflow': 'crab_ScoutingData_Redone_5mod10_v3', 'saveoutput': 1, 'savelogsflag': 1, 'inputdata': '/ScoutingPFRun3/Run2024H-v1/HLTSCOUT', 'nonvaliddata': 1, 'userfiles': [], 'dbsurl': 'https://cmsweb.cern.ch/dbs/prod/global/DBSReader', 'useparent': 0, 'ignorelocality': 0, 'splitalgo': 'FileBased', 'algoargs': 2, 'totalunits': 0, 'publication': 0, 'publishdbsurl': 'https://cmsweb.cern.ch/dbs/prod/phys03/DBSWriter', 'publishname2': 'ScoutingData_Redone_5mod10_v3', 'jobtype': 'Analysis', 'generator': 'pythia', 'addoutputfiles': ['ScoutingTree_Output.root'], 'maxjobruntime': 2750, 'numcores': 1, 'maxmemory': 3000, 'priority': 10, 'nonprodsw': 0, 'asyncdest': 'T3_CH_CERNBOX', 'requireaccelerator': 0, 'oneEventMode': 0, 'extrajdl': [], 'ignoreglobalblacklist': 0, 'partialdataset': 0, 'inputblocks': []}
DEBUG 2025-10-30 05:10:43.489 UTC: 	 submit() - jobconfig {'addoutputfiles': [], 'tfileoutfiles': ['ScoutingTree_Output.root'], 'edmoutfiles': [], 'jobarch': 'el9_amd64_gcc12', 'jobminuarch': 'any', 'jobsw': 'CMSSW_14_0_18_patch1', 'inputdata': '/ScoutingPFRun3/Run2024H-v1/HLTSCOUT', 'cacheurl': 'https://s3.cern.ch/crabcache', 'cachefilename': 'fc33aa92693bf8b8311fcc6c524f4d74ae0e1c717a8be34d21e2e6ace054f29a.tar.gz', 'debugfilename': '24e23f7339aac996866c7d84896610b785864b132dd4ba527597525b61a3baa7.tar.gz', 'jobtype': 'Analysis'}
INFO 2025-10-30 05:10:43.489 UTC: 	 Sending the request to the server at cmsweb.cern.ch
DEBUG 2025-10-30 05:10:43.490 UTC: 	 Submitting {'dryrun': 0, 'workflow': 'crab_ScoutingData_Redone_5mod10_v3', 'saveoutput': 1, 'savelogsflag': 1, 'inputdata': '/ScoutingPFRun3/Run2024H-v1/HLTSCOUT', 'nonvaliddata': 1, 'userfiles': [], 'dbsurl': 'https://cmsweb.cern.ch/dbs/prod/global/DBSReader', 'useparent': 0, 'ignorelocality': 0, 'splitalgo': 'FileBased', 'algoargs': 2, 'totalunits': 0, 'publication': 0, 'publishdbsurl': 'https://cmsweb.cern.ch/dbs/prod/phys03/DBSWriter', 'publishname2': 'ScoutingData_Redone_5mod10_v3', 'jobtype': 'Analysis', 'generator': 'pythia', 'addoutputfiles': [], 'maxjobruntime': 2750, 'numcores': 1, 'maxmemory': 3000, 'priority': 10, 'nonprodsw': 0, 'asyncdest': 'T3_CH_CERNBOX', 'requireaccelerator': 0, 'oneEventMode': 0, 'extrajdl': [], 'ignoreglobalblacklist': 0, 'partialdataset': 0, 'inputblocks': [], 'tfileoutfiles': ['ScoutingTree_Output.root'], 'edmoutfiles': [], 'jobarch': 'el9_amd64_gcc12', 'jobminuarch': 'any', 'jobsw': 'CMSSW_14_0_18_patch1', 'cacheurl': 'https://s3.cern.ch/crabcache', 'cachefilename': 'fc33aa92693bf8b8311fcc6c524f4d74ae0e1c717a8be34d21e2e6ace054f29a.tar.gz', 'debugfilename': '24e23f7339aac996866c7d84896610b785864b132dd4ba527597525b61a3baa7.tar.gz'} 
DEBUG 2025-10-30 05:10:43.490 UTC: 	 Encoded data for curl request: dryrun=0&workflow=crab_ScoutingData_Redone_5mod10_v3&saveoutput=1&savelogsflag=1&inputdata=%2FScoutingPFRun3%2FRun2024H-v1%2FHLTSCOUT&nonvaliddata=1&dbsurl=https%3A%2F%2Fcmsweb.cern.ch%2Fdbs%2Fprod%2Fglobal%2FDBSReader&useparent=0&ignorelocality=0&splitalgo=FileBased&algoargs=2&totalunits=0&publication=0&publishdbsurl=https%3A%2F%2Fcmsweb.cern.ch%2Fdbs%2Fprod%2Fphys03%2FDBSWriter&publishname2=ScoutingData_Redone_5mod10_v3&jobtype=Analysis&generator=pythia&maxjobruntime=2750&numcores=1&maxmemory=3000&priority=10&nonprodsw=0&asyncdest=T3_CH_CERNBOX&requireaccelerator=0&oneEventMode=0&ignoreglobalblacklist=0&partialdataset=0&jobarch=el9_amd64_gcc12&jobminuarch=any&jobsw=CMSSW_14_0_18_patch1&cacheurl=https%3A%2F%2Fs3.cern.ch%2Fcrabcache&cachefilename=fc33aa92693bf8b8311fcc6c524f4d74ae0e1c717a8be34d21e2e6ace054f29a.tar.gz&debugfilename=24e23f7339aac996866c7d84896610b785864b132dd4ba527597525b61a3baa7.tar.gz&tfileoutfiles=ScoutingTree_Output.root
DEBUG 2025-10-30 05:10:43.807 UTC: 	 Result: {'result': [{'RequestName': '251030_051043:amalhotr_crab_ScoutingData_Redone_5mod10_v3'}]}
INFO 2025-10-30 05:10:43.809 UTC: 	 Success: Your task has been delivered to the prod CRAB3 server.
INFO 2025-10-30 05:10:43.809 UTC: 	 Task name: 251030_051043:amalhotr_crab_ScoutingData_Redone_5mod10_v3
INFO 2025-10-30 05:10:43.809 UTC: 	 Project dir: ./crab_ScoutingData_Redone_5mod10_v3
INFO 2025-10-30 05:10:43.809 UTC: 	 Please use ' crab status -d ./crab_ScoutingData_Redone_5mod10_v3 ' to check how the submission process proceeds.
DEBUG 2025-10-30 05:10:43.809 UTC: 	 About to return
INFO 2025-10-30 05:10:43.811 UTC: 	 Log file is /afs/cern.ch/user/a/amalhotr/CMSSW_14_0_18_patch1/src/Run3ScoutingAnalysisTools/crab_ScoutingData_Redone_5mod10_v3/crab.log
DEBUG 2025-11-04 05:45:33.530 UTC: 	 CRAB Client version: v3.251020
DEBUG 2025-11-04 05:45:33.530 UTC: 	 Running on: Linux lxplus912.cern.ch 5.14.0-570.51.1.el9_6.x86_64 #1 SMP PREEMPT_DYNAMIC Sat Sep 27 01:10:11 EDT 2025 x86_64 x86_64 x86_64 GNU/Linux
DEBUG 2025-11-04 05:45:33.530 UTC: 	 Not using Singularity
DEBUG 2025-11-04 05:45:33.530 UTC: 	 Operating System: Red Hat Enterprise Linux 9.6 (Plow)
DEBUG 2025-11-04 05:45:33.530 UTC: 	 Executing command: 'kill'
DEBUG 2025-11-04 05:45:33.530 UTC: 	 Found CRAB cache file /afs/cern.ch/user/a/amalhotr/.crab3
DEBUG 2025-11-04 05:45:33.619 UTC: 	 Checking credentials
DEBUG 2025-11-04 05:45:33.619 UTC: 	 Found proxy file /tmp/x509up_u180451
DEBUG 2025-11-04 05:45:33.619 UTC: 	 Making sure it has proper VOMS extension
DEBUG 2025-11-04 05:45:33.619 UTC: 	 Executing command :
 voms-proxy-info --vo --file /tmp/x509up_u180451
DEBUG 2025-11-04 05:45:33.645 UTC: 	 output : cms

 error: 
 retcode : 0
DEBUG 2025-11-04 05:45:33.645 UTC: 	 Getting proxy life time left
DEBUG 2025-11-04 05:45:33.645 UTC: 	 Executing command :
 voms-proxy-info --actimeleft --timeleft --file /tmp/x509up_u180451
DEBUG 2025-11-04 05:45:33.669 UTC: 	 output : 691148
691148

 error: 
 retcode : 0
DEBUG 2025-11-04 05:45:33.669 UTC: 	 Proxy valid for 191:59:08 hours
DEBUG 2025-11-04 05:45:33.670 UTC: 	 Encoded data for curl request: subresource=delegatedn
DEBUG 2025-11-04 05:45:33.711 UTC: 	 Registering user credentials on myproxy for /DC=ch/DC=cern/OU=Organic Units/OU=Users/CN=cmscrab/CN=(817881|373708)/CN=Robot: cms crab|/DC=ch/DC=cern/OU=Organic Units/OU=Users/CN=crabint1/CN=373708/CN=Robot: CMS CRAB Integration 1
DEBUG 2025-11-04 05:45:33.712 UTC: 	 Executing command :
 voms-proxy-info --identity --file /tmp/x509up_u180451
DEBUG 2025-11-04 05:45:33.733 UTC: 	 output : /DC=ch/DC=cern/OU=Organic Units/OU=Users/CN=amalhotr/CN=884837/CN=Aryan Malhotra

 error: 
 retcode : 0
DEBUG 2025-11-04 05:45:33.733 UTC: 	 Getting myproxy life time left for 2382a3cf28fdeacb1de9b039908761ea517a5ed6
DEBUG 2025-11-04 05:45:33.733 UTC: 	 Executing command :
 myproxy-info -s myproxy.cern.ch -l 2382a3cf28fdeacb1de9b039908761ea517a5ed6
DEBUG 2025-11-04 05:45:33.998 UTC: 	 output : username: 2382a3cf28fdeacb1de9b039908761ea517a5ed6
owner: /DC=ch/DC=cern/OU=Organic Units/OU=Users/CN=amalhotr/CN=884837/CN=Aryan Malhotra
  renewal policy: /DC=ch/DC=cern/OU=Organic Units/OU=Users/CN=cmscrab/CN=(817881|373708)/CN=Robot: cms crab|/DC=ch/DC=cern/OU=Organic Units/OU=Users/CN=crabint1/CN=373708/CN=Robot: CMS CRAB Integration 1
  trusted retrieval policy: /DC=ch/DC=cern/OU=Organic Units/OU=Users/CN=cmscrab/CN=(817881|373708)/CN=Robot: cms crab|/DC=ch/DC=cern/OU=Organic Units/OU=Users/CN=crabint1/CN=373708/CN=Robot: CMS CRAB Integration 1
  timeleft: 593:03:42  (24.7 days)

 error: 
 retcode : 0
DEBUG 2025-11-04 05:45:33.998 UTC: 	 Myproxy is valid: 2134980
DEBUG 2025-11-04 05:45:33.998 UTC: 	 Result of myproxy credential check:
  Credential exists on myproxy: username: 2382a3cf28fdeacb1de9b039908761ea517a5ed6  - validity: 24 days, 17:03:00
DEBUG 2025-11-04 05:45:33.999 UTC: 	 Command use: kill
DEBUG 2025-11-04 05:45:33.999 UTC: 	 Options use: ['-d', 'crab_ScoutingData_Redone_5mod10_v3']
DEBUG 2025-11-04 05:45:33.999 UTC: 	 Encoded data for curl request: subresource=version
DEBUG 2025-11-04 05:45:34.045 UTC: 	 CRABClient version: v3.251020
DEBUG 2025-11-04 05:45:34.046 UTC: 	 Instance is prod
DEBUG 2025-11-04 05:45:34.046 UTC: 	 Server base url is cmsweb.cern.ch
DEBUG 2025-11-04 05:45:34.046 UTC: 	 Command api workflow
DEBUG 2025-11-04 05:45:34.046 UTC: 	 Killing task 251030_051043:amalhotr_crab_ScoutingData_Redone_5mod10_v3
DEBUG 2025-11-04 05:45:34.046 UTC: 	 Encoded data for curl request: workflow=251030_051043%3Aamalhotr_crab_ScoutingData_Redone_5mod10_v3
DEBUG 2025-11-04 05:45:34.090 UTC: 	 Result: {'desc': {'columns': ['tm_taskname', 'tm_task_status', 'tm_task_command', 'tm_user_role', 'tm_user_group', 'tm_task_failure', 'tm_split_algo', 'tm_split_args', 'tm_save_logs', 'tm_username', 'tm_user_dn', 'tm_arguments', 'tm_input_dataset', 'tm_dbs_url', 'tm_task_warnings', 'tm_publication', 'tm_user_webdir', 'tm_output_dataset', 'tm_collector', 'tm_schedd', 'tm_dry_run', 'clusterid', 'tm_start_time', 'tw_name', 'tm_dagman_status', 'tm_num_jobs', 'tm_uploaded']}, 'result': [{'result': 'ok'}]}
INFO 2025-11-04 05:45:34.091 UTC: 	 Kill request successfully sent
INFO 2025-11-04 05:45:34.095 UTC: 	 Log file is /afs/cern.ch/user/a/amalhotr/CMSSW_14_0_18_patch1/src/Run3ScoutingAnalysisTools/crab_ScoutingData_Redone_5mod10_v3/crab.log
