DEBUG 2025-10-30 04:59:25.490 UTC: 	 CRAB Client version: v3.250820
DEBUG 2025-10-30 04:59:25.490 UTC: 	 Running on: Linux lxplus948.cern.ch 5.14.0-570.49.1.el9_6.x86_64 #1 SMP PREEMPT_DYNAMIC Tue Sep 23 01:11:18 EDT 2025 x86_64 x86_64 x86_64 GNU/Linux
DEBUG 2025-10-30 04:59:25.490 UTC: 	 Not using Singularity
DEBUG 2025-10-30 04:59:25.490 UTC: 	 Operating System: Red Hat Enterprise Linux 9.6 (Plow)
DEBUG 2025-10-30 04:59:25.490 UTC: 	 Executing command: 'submit'
DEBUG 2025-10-30 04:59:25.490 UTC: 	 Found CRAB cache file /afs/cern.ch/user/a/amalhotr/.crab3
INFO 2025-10-30 04:59:25.490 UTC: 	 Will use CRAB configuration file chainedCrabConfig.py
DEBUG 2025-10-30 04:59:25.491 UTC: 	 Loading CRAB configuration file.
DEBUG 2025-10-30 04:59:25.493 UTC: 	 Will use CRAB plugin ANALYSIS (i.e. will run an analysis job type).
DEBUG 2025-10-30 04:59:25.499 UTC: 	 Checking credentials
DEBUG 2025-10-30 04:59:25.499 UTC: 	 Found proxy file /tmp/x509up_u180451
DEBUG 2025-10-30 04:59:25.499 UTC: 	 Making sure it has proper VOMS extension
DEBUG 2025-10-30 04:59:25.499 UTC: 	 Executing command :
 voms-proxy-info --vo --file /tmp/x509up_u180451
DEBUG 2025-10-30 04:59:25.519 UTC: 	 output : cms

 error: 
 retcode : 0
DEBUG 2025-10-30 04:59:25.519 UTC: 	 Getting proxy life time left
DEBUG 2025-10-30 04:59:25.519 UTC: 	 Executing command :
 voms-proxy-info --actimeleft --timeleft --file /tmp/x509up_u180451
DEBUG 2025-10-30 04:59:25.539 UTC: 	 output : 688360
688360

 error: 
 retcode : 0
DEBUG 2025-10-30 04:59:25.539 UTC: 	 Proxy valid for 191:12:40 hours
DEBUG 2025-10-30 04:59:25.539 UTC: 	 Encoded data for curl request: subresource=delegatedn
DEBUG 2025-10-30 04:59:25.577 UTC: 	 Registering user credentials on myproxy for /DC=ch/DC=cern/OU=Organic Units/OU=Users/CN=cmscrab/CN=(817881|373708)/CN=Robot: cms crab|/DC=ch/DC=cern/OU=Organic Units/OU=Users/CN=crabint1/CN=373708/CN=Robot: CMS CRAB Integration 1
DEBUG 2025-10-30 04:59:25.577 UTC: 	 Executing command :
 voms-proxy-info --identity --file /tmp/x509up_u180451
DEBUG 2025-10-30 04:59:25.596 UTC: 	 output : /DC=ch/DC=cern/OU=Organic Units/OU=Users/CN=amalhotr/CN=884837/CN=Aryan Malhotra

 error: 
 retcode : 0
DEBUG 2025-10-30 04:59:25.597 UTC: 	 Getting myproxy life time left for 2382a3cf28fdeacb1de9b039908761ea517a5ed6
DEBUG 2025-10-30 04:59:25.597 UTC: 	 Executing command :
 myproxy-info -s myproxy.cern.ch -l 2382a3cf28fdeacb1de9b039908761ea517a5ed6
DEBUG 2025-10-30 04:59:25.872 UTC: 	 output : username: 2382a3cf28fdeacb1de9b039908761ea517a5ed6
owner: /DC=ch/DC=cern/OU=Organic Units/OU=Users/CN=amalhotr/CN=884837/CN=Aryan Malhotra
  renewal policy: /DC=ch/DC=cern/OU=Organic Units/OU=Users/CN=cmscrab/CN=(817881|373708)/CN=Robot: cms crab|/DC=ch/DC=cern/OU=Organic Units/OU=Users/CN=crabint1/CN=373708/CN=Robot: CMS CRAB Integration 1
  trusted retrieval policy: /DC=ch/DC=cern/OU=Organic Units/OU=Users/CN=cmscrab/CN=(817881|373708)/CN=Robot: cms crab|/DC=ch/DC=cern/OU=Organic Units/OU=Users/CN=crabint1/CN=373708/CN=Robot: CMS CRAB Integration 1
  timeleft: 713:49:50  (29.7 days)

 error: 
 retcode : 0
DEBUG 2025-10-30 04:59:25.872 UTC: 	 Myproxy is valid: 2569740
DEBUG 2025-10-30 04:59:25.872 UTC: 	 Result of myproxy credential check:
  Credential exists on myproxy: username: 2382a3cf28fdeacb1de9b039908761ea517a5ed6  - validity: 29 days, 17:49:00
DEBUG 2025-10-30 04:59:25.872 UTC: 	 Command use: submit
DEBUG 2025-10-30 04:59:25.872 UTC: 	 Options use: ['-c', 'chainedCrabConfig.py']
DEBUG 2025-10-30 04:59:25.873 UTC: 	 Encoded data for curl request: subresource=version
DEBUG 2025-10-30 04:59:25.910 UTC: 	 CRABClient version: v3.250820
DEBUG 2025-10-30 04:59:25.910 UTC: 	 Instance is prod
DEBUG 2025-10-30 04:59:25.910 UTC: 	 Server base url is cmsweb.cern.ch
DEBUG 2025-10-30 04:59:25.910 UTC: 	 Command api workflow
DEBUG 2025-10-30 04:59:25.910 UTC: 	 Started submission
DEBUG 2025-10-30 04:59:25.910 UTC: 	 Working on /afs/cern.ch/user/a/amalhotr/CMSSW_14_0_18_patch1/src/Run3ScoutingAnalysisTools/crab_ScoutingData_Redone_6mod10_v2
DEBUG 2025-10-30 04:59:25.910 UTC: 	 Encoded data for curl request: subresource=backendurls
DEBUG 2025-10-30 04:59:25.967 UTC: 	 Loading required information from the environment
DEBUG 2025-10-30 04:59:25.967 UTC: 	 Found CMSSW_14_0_18_patch1 for el9_amd64_gcc12 with base /afs/cern.ch/user/a/amalhotr/CMSSW_14_0_18_patch1
DEBUG 2025-10-30 04:59:25.967 UTC: 	 Loading required information from the environment
DEBUG 2025-10-30 04:59:25.967 UTC: 	 Found CMSSW_14_0_18_patch1 for el9_amd64_gcc12 with base /afs/cern.ch/user/a/amalhotr/CMSSW_14_0_18_patch1
DEBUG 2025-10-30 04:59:25.967 UTC: 	 UNIQUE NAME: tarUUID 7f6cec06-33d0-4c69-a93c-0b8ecddc5e2c 
DEBUG 2025-10-30 04:59:25.967 UTC: 	 self.config: from WMCore.Configuration import Configuration
config = Configuration()
config.section_('General')
config.General.requestName = 'ScoutingData_Redone_6mod10_v2'
config.General.transferOutputs = True
config.General.transferLogs = True
config.section_('JobType')
config.JobType.maxMemoryMB = 3500
config.JobType.psetName = 'UnifiedScoutingVertexingTreeMaker.py'
config.JobType.maxJobRuntimeMin = 2750
config.JobType.outputFiles = ['ScoutingTree_Output.root']
config.JobType.pluginName = 'Analysis'
config.section_('Data')
config.Data.outputDatasetTag = 'ScoutingData_Redone_6mod10_v2'
config.Data.publication = False
config.Data.inputDataset = '/ScoutingPFRun3/Run2024H-v1/HLTSCOUT'
config.Data.unitsPerJob = 2
config.Data.inputDBS = 'global'
config.Data.allowNonValidInputDataset = True
config.Data.splitting = 'FileBased'
config.section_('Site')
config.Site.storageSite = 'T3_CH_CERNBOX'
config.section_('User')
config.section_('Debug')

DEBUG 2025-10-30 04:59:25.967 UTC: 	 self.config.JobType.psetName: UnifiedScoutingVertexingTreeMaker.py
INFO 2025-10-30 04:59:25.967 UTC: 	 Importing CMSSW configuration UnifiedScoutingVertexingTreeMaker.py
INFO 2025-10-30 04:59:26.261 UTC: 	 Finished importing CMSSW configuration UnifiedScoutingVertexingTreeMaker.py
DEBUG 2025-10-30 04:59:26.261 UTC: 	 Writing CMSSW configuration to /afs/cern.ch/user/a/amalhotr/CMSSW_14_0_18_patch1/src/Run3ScoutingAnalysisTools/crab_ScoutingData_Redone_6mod10_v2/inputs/PSet.py
DEBUG 2025-10-30 04:59:26.281 UTC: 	 The following EDM output files will be collected: []
DEBUG 2025-10-30 04:59:26.281 UTC: 	 The following TFile output files will be collected: ['ScoutingTree_Output.root']
DEBUG 2025-10-30 04:59:26.281 UTC: 	 The following user output files (not listed as PoolOuputModule or TFileService in the CMSSW PSet) will be collected: 
DEBUG 2025-10-30 04:59:26.281 UTC: 	 Loading required information from the environment
DEBUG 2025-10-30 04:59:26.281 UTC: 	 Found CMSSW_14_0_18_patch1 for el9_amd64_gcc12 with base /afs/cern.ch/user/a/amalhotr/CMSSW_14_0_18_patch1
DEBUG 2025-10-30 04:59:26.281 UTC: 	 Making tarball in /afs/cern.ch/user/a/amalhotr/CMSSW_14_0_18_patch1/src/Run3ScoutingAnalysisTools/crab_ScoutingData_Redone_6mod10_v2/inputs/7f6cec06-33d0-4c69-a93c-0b8ecddc5e2cdefault.tgz
DEBUG 2025-10-30 04:59:26.282 UTC: 	 Checking directory /afs/cern.ch/user/a/amalhotr/CMSSW_14_0_18_patch1/bin
DEBUG 2025-10-30 04:59:26.282 UTC: 	 Adding directory /afs/cern.ch/user/a/amalhotr/CMSSW_14_0_18_patch1/bin to tarball
DEBUG 2025-10-30 04:59:26.287 UTC: 	 Checking directory /afs/cern.ch/user/a/amalhotr/CMSSW_14_0_18_patch1/python
DEBUG 2025-10-30 04:59:26.287 UTC: 	 Adding directory /afs/cern.ch/user/a/amalhotr/CMSSW_14_0_18_patch1/python to tarball
DEBUG 2025-10-30 04:59:26.633 UTC: 	 Checking directory /afs/cern.ch/user/a/amalhotr/CMSSW_14_0_18_patch1/cfipython
DEBUG 2025-10-30 04:59:26.633 UTC: 	 Adding directory /afs/cern.ch/user/a/amalhotr/CMSSW_14_0_18_patch1/cfipython to tarball
DEBUG 2025-10-30 04:59:26.650 UTC: 	 Checking directory /afs/cern.ch/user/a/amalhotr/CMSSW_14_0_18_patch1/lib
DEBUG 2025-10-30 04:59:26.650 UTC: 	 Adding directory /afs/cern.ch/user/a/amalhotr/CMSSW_14_0_18_patch1/lib to tarball
DEBUG 2025-10-30 04:59:26.771 UTC: 	 Checking directory /afs/cern.ch/user/a/amalhotr/CMSSW_14_0_18_patch1/biglib
DEBUG 2025-10-30 04:59:26.771 UTC: 	 Adding directory /afs/cern.ch/user/a/amalhotr/CMSSW_14_0_18_patch1/biglib to tarball
DEBUG 2025-10-30 04:59:26.774 UTC: 	 Checking directory /afs/cern.ch/user/a/amalhotr/CMSSW_14_0_18_patch1/module
DEBUG 2025-10-30 04:59:26.774 UTC: 	 Checking directory /afs/cern.ch/user/a/amalhotr/CMSSW_14_0_18_patch1/config/SCRAM/hooks
DEBUG 2025-10-30 04:59:26.774 UTC: 	 Adding directory /afs/cern.ch/user/a/amalhotr/CMSSW_14_0_18_patch1/config/SCRAM/hooks to tarball
DEBUG 2025-10-30 04:59:26.805 UTC: 	 Adding directory /afs/cern.ch/user/a/amalhotr/CMSSW_14_0_18_patch1/src/Run3ScoutingAnalysisTools/DataFormats/Scouting/interface to tarball
DEBUG 2025-10-30 04:59:26.823 UTC: 	 Adding directory /afs/cern.ch/user/a/amalhotr/CMSSW_14_0_18_patch1/src/Run3ScoutingAnalysisTools/ScoutingTreeMakerRun3/python to tarball
DEBUG 2025-10-30 04:59:26.839 UTC: 	 Adding directory /afs/cern.ch/user/a/amalhotr/CMSSW_14_0_18_patch1/src/DataFormats/Scouting/interface to tarball
DEBUG 2025-10-30 04:59:26.860 UTC: 	 Adding directory /afs/cern.ch/user/a/amalhotr/CMSSW_14_0_18_patch1/src/Configuration/GenProduction/python to tarball
DEBUG 2025-10-30 04:59:26.932 UTC: 	 Uploading archive /afs/cern.ch/user/a/amalhotr/CMSSW_14_0_18_patch1/src/Run3ScoutingAnalysisTools/crab_ScoutingData_Redone_6mod10_v2/inputs/7f6cec06-33d0-4c69-a93c-0b8ecddc5e2cdefault.tgz (490 KB) to the CRAB cache. Using URI https://s3.cern.ch/crabcache
DEBUG 2025-10-30 04:59:27.140 UTC: 	 Encoded data for curl request: subresource=upload&objecttype=sandbox&tarballname=49ba0b6781445e2e400f011119d991bb8ffaa689a18bb7fd49e9ddc38e3de7f8.tar.gz
DEBUG 2025-10-30 04:59:27.199 UTC: 	 Will execute:
curl -f -v -X POST  -H "User-Agent: CRAB" -F "key=amalhotr/sandboxes/49ba0b6781445e2e400f011119d991bb8ffaa689a18bb7fd49e9ddc38e3de7f8.tar.gz" -F "AWSAccessKeyId=715203df6482458ba839e73e6dab634b" -F "policy=eyJleHBpcmF0aW9uIjogIjIwMjUtMTAtMzBUMDU6NTk6MjdaIiwgImNvbmRpdGlvbnMiOiBbeyJidWNrZXQiOiAiY3JhYmNhY2hlX3Byb2QifSwgeyJrZXkiOiAiYW1hbGhvdHIvc2FuZGJveGVzLzQ5YmEwYjY3ODE0NDVlMmU0MDBmMDExMTE5ZDk5MWJiOGZmYWE2ODlhMThiYjdmZDQ5ZTlkZGMzOGUzZGU3ZjgudGFyLmd6In1dfQ==" -F "signature=+jVJiIr4XIQHQCcKbYepAwcqZes=" -F "file=@/afs/cern.ch/user/a/amalhotr/CMSSW_14_0_18_patch1/src/Run3ScoutingAnalysisTools/crab_ScoutingData_Redone_6mod10_v2/inputs/7f6cec06-33d0-4c69-a93c-0b8ecddc5e2cdefault.tgz" "https://s3.cern.ch/crabcache_prod"
DEBUG 2025-10-30 04:59:27.290 UTC: 	 exitcode: 0
stdout: b''
DEBUG 2025-10-30 04:59:27.290 UTC: 	 upload to S3 of sandbox /afs/cern.ch/user/a/amalhotr/CMSSW_14_0_18_patch1/src/Run3ScoutingAnalysisTools/crab_ScoutingData_Redone_6mod10_v2/inputs/7f6cec06-33d0-4c69-a93c-0b8ecddc5e2cdefault.tgz completed
DEBUG 2025-10-30 04:59:27.290 UTC: 	 make sure that object is ready for retrieve
DEBUG 2025-10-30 04:59:28.291 UTC: 	 Encoded data for curl request: subresource=download&objecttype=sandbox&tarballname=49ba0b6781445e2e400f011119d991bb8ffaa689a18bb7fd49e9ddc38e3de7f8.tar.gz&clientmethod=head_object
DEBUG 2025-10-30 04:59:28.328 UTC: 	 PreSignedUrl to download sandbox received OK
DEBUG 2025-10-30 04:59:28.331 UTC: 	 Will execute:
 curl -v -s -f -o /dev/null --head  "https://s3.cern.ch/crabcache_prod/amalhotr/sandboxes/49ba0b6781445e2e400f011119d991bb8ffaa689a18bb7fd49e9ddc38e3de7f8.tar.gz?AWSAccessKeyId=715203df6482458ba839e73e6dab634b&Signature=L1J3OglnCqHpBvYvXSPTPk%2BSLgw%3D&Expires=1761803968"
DEBUG 2025-10-30 04:59:28.357 UTC: 	 exitcode: 0
stdout: b''
DEBUG 2025-10-30 04:59:28.357 UTC: 	 sandbox /afs/cern.ch/user/a/amalhotr/CMSSW_14_0_18_patch1/src/Run3ScoutingAnalysisTools/crab_ScoutingData_Redone_6mod10_v2/inputs/7f6cec06-33d0-4c69-a93c-0b8ecddc5e2cdefault.tgz successfully uploaded to S3
DEBUG 2025-10-30 04:59:28.357 UTC: 	 Loading required information from the environment
DEBUG 2025-10-30 04:59:28.357 UTC: 	 Found CMSSW_14_0_18_patch1 for el9_amd64_gcc12 with base /afs/cern.ch/user/a/amalhotr/CMSSW_14_0_18_patch1
DEBUG 2025-10-30 04:59:28.357 UTC: 	 Making tarball in /afs/cern.ch/user/a/amalhotr/CMSSW_14_0_18_patch1/src/Run3ScoutingAnalysisTools/crab_ScoutingData_Redone_6mod10_v2/inputs/debugFiles.tgz
DEBUG 2025-10-30 04:59:28.364 UTC: 	 Uploading archive /afs/cern.ch/user/a/amalhotr/CMSSW_14_0_18_patch1/src/Run3ScoutingAnalysisTools/crab_ScoutingData_Redone_6mod10_v2/inputs/debugFiles.tgz (3 KB) to the CRAB cache. Using URI https://s3.cern.ch/crabcache
DEBUG 2025-10-30 04:59:28.365 UTC: 	 Encoded data for curl request: subresource=upload&objecttype=sandbox&tarballname=b81ff557d6318e53507802f294e921f2338abc51467d3e406f2f3157896b1129.tar.gz
DEBUG 2025-10-30 04:59:28.415 UTC: 	 Will execute:
curl -f -v -X POST  -H "User-Agent: CRAB" -F "key=amalhotr/sandboxes/b81ff557d6318e53507802f294e921f2338abc51467d3e406f2f3157896b1129.tar.gz" -F "AWSAccessKeyId=715203df6482458ba839e73e6dab634b" -F "policy=eyJleHBpcmF0aW9uIjogIjIwMjUtMTAtMzBUMDU6NTk6MjhaIiwgImNvbmRpdGlvbnMiOiBbeyJidWNrZXQiOiAiY3JhYmNhY2hlX3Byb2QifSwgeyJrZXkiOiAiYW1hbGhvdHIvc2FuZGJveGVzL2I4MWZmNTU3ZDYzMThlNTM1MDc4MDJmMjk0ZTkyMWYyMzM4YWJjNTE0NjdkM2U0MDZmMmYzMTU3ODk2YjExMjkudGFyLmd6In1dfQ==" -F "signature=OKnoDt3rZp0y7VEnLqz1FQ6YUJg=" -F "file=@/afs/cern.ch/user/a/amalhotr/CMSSW_14_0_18_patch1/src/Run3ScoutingAnalysisTools/crab_ScoutingData_Redone_6mod10_v2/inputs/debugFiles.tgz" "https://s3.cern.ch/crabcache_prod"
DEBUG 2025-10-30 04:59:28.450 UTC: 	 exitcode: 0
stdout: b''
DEBUG 2025-10-30 04:59:28.450 UTC: 	 upload to S3 of sandbox /afs/cern.ch/user/a/amalhotr/CMSSW_14_0_18_patch1/src/Run3ScoutingAnalysisTools/crab_ScoutingData_Redone_6mod10_v2/inputs/debugFiles.tgz completed
DEBUG 2025-10-30 04:59:28.450 UTC: 	 make sure that object is ready for retrieve
DEBUG 2025-10-30 04:59:29.451 UTC: 	 Encoded data for curl request: subresource=download&objecttype=sandbox&tarballname=b81ff557d6318e53507802f294e921f2338abc51467d3e406f2f3157896b1129.tar.gz&clientmethod=head_object
DEBUG 2025-10-30 04:59:29.488 UTC: 	 PreSignedUrl to download sandbox received OK
DEBUG 2025-10-30 04:59:29.490 UTC: 	 Will execute:
 curl -v -s -f -o /dev/null --head  "https://s3.cern.ch/crabcache_prod/amalhotr/sandboxes/b81ff557d6318e53507802f294e921f2338abc51467d3e406f2f3157896b1129.tar.gz?AWSAccessKeyId=715203df6482458ba839e73e6dab634b&Signature=MIUlvr4xId%2FZNBz6h62HRxelDF4%3D&Expires=1761803969"
DEBUG 2025-10-30 04:59:29.515 UTC: 	 exitcode: 0
stdout: b''
DEBUG 2025-10-30 04:59:29.515 UTC: 	 sandbox /afs/cern.ch/user/a/amalhotr/CMSSW_14_0_18_patch1/src/Run3ScoutingAnalysisTools/crab_ScoutingData_Redone_6mod10_v2/inputs/debugFiles.tgz successfully uploaded to S3
DEBUG 2025-10-30 04:59:29.515 UTC: 	 Result uploading input files: 49ba0b6781445e2e400f011119d991bb8ffaa689a18bb7fd49e9ddc38e3de7f8.tar.gz 
DEBUG 2025-10-30 04:59:29.516 UTC: 	 submit() - self.configuration from WMCore.Configuration import Configuration
config = Configuration()
config.section_('General')
config.General.requestName = 'ScoutingData_Redone_6mod10_v2'
config.General.transferOutputs = True
config.General.transferLogs = True
config.section_('JobType')
config.JobType.maxMemoryMB = 3500
config.JobType.psetName = 'UnifiedScoutingVertexingTreeMaker.py'
config.JobType.maxJobRuntimeMin = 2750
config.JobType.outputFiles = ['ScoutingTree_Output.root']
config.JobType.pluginName = 'Analysis'
config.section_('Data')
config.Data.outputDatasetTag = 'ScoutingData_Redone_6mod10_v2'
config.Data.publication = False
config.Data.inputDataset = '/ScoutingPFRun3/Run2024H-v1/HLTSCOUT'
config.Data.unitsPerJob = 2
config.Data.inputDBS = 'global'
config.Data.allowNonValidInputDataset = True
config.Data.splitting = 'FileBased'
config.section_('Site')
config.Site.storageSite = 'T3_CH_CERNBOX'
config.section_('User')
config.section_('Debug')

DEBUG 2025-10-30 04:59:29.516 UTC: 	 submit() - self.configreq {'dryrun': 0, 'workflow': 'crab_ScoutingData_Redone_6mod10_v2', 'saveoutput': 1, 'savelogsflag': 1, 'inputdata': '/ScoutingPFRun3/Run2024H-v1/HLTSCOUT', 'nonvaliddata': 1, 'userfiles': [], 'dbsurl': 'https://cmsweb.cern.ch/dbs/prod/global/DBSReader', 'useparent': 0, 'ignorelocality': 0, 'splitalgo': 'FileBased', 'algoargs': 2, 'totalunits': 0, 'publication': 0, 'publishdbsurl': 'https://cmsweb.cern.ch/dbs/prod/phys03/DBSWriter', 'publishname2': 'ScoutingData_Redone_6mod10_v2', 'jobtype': 'Analysis', 'generator': 'pythia', 'addoutputfiles': ['ScoutingTree_Output.root'], 'maxjobruntime': 2750, 'numcores': 1, 'maxmemory': 3500, 'priority': 10, 'nonprodsw': 0, 'asyncdest': 'T3_CH_CERNBOX', 'requireaccelerator': 0, 'oneEventMode': 0, 'extrajdl': [], 'ignoreglobalblacklist': 0, 'partialdataset': 0, 'inputblocks': []}
DEBUG 2025-10-30 04:59:29.516 UTC: 	 submit() - jobconfig {'addoutputfiles': [], 'tfileoutfiles': ['ScoutingTree_Output.root'], 'edmoutfiles': [], 'jobarch': 'el9_amd64_gcc12', 'jobminuarch': 'any', 'jobsw': 'CMSSW_14_0_18_patch1', 'inputdata': '/ScoutingPFRun3/Run2024H-v1/HLTSCOUT', 'cacheurl': 'https://s3.cern.ch/crabcache', 'cachefilename': '49ba0b6781445e2e400f011119d991bb8ffaa689a18bb7fd49e9ddc38e3de7f8.tar.gz', 'debugfilename': 'b81ff557d6318e53507802f294e921f2338abc51467d3e406f2f3157896b1129.tar.gz', 'jobtype': 'Analysis'}
INFO 2025-10-30 04:59:29.516 UTC: 	 Sending the request to the server at cmsweb.cern.ch
DEBUG 2025-10-30 04:59:29.516 UTC: 	 Submitting {'dryrun': 0, 'workflow': 'crab_ScoutingData_Redone_6mod10_v2', 'saveoutput': 1, 'savelogsflag': 1, 'inputdata': '/ScoutingPFRun3/Run2024H-v1/HLTSCOUT', 'nonvaliddata': 1, 'userfiles': [], 'dbsurl': 'https://cmsweb.cern.ch/dbs/prod/global/DBSReader', 'useparent': 0, 'ignorelocality': 0, 'splitalgo': 'FileBased', 'algoargs': 2, 'totalunits': 0, 'publication': 0, 'publishdbsurl': 'https://cmsweb.cern.ch/dbs/prod/phys03/DBSWriter', 'publishname2': 'ScoutingData_Redone_6mod10_v2', 'jobtype': 'Analysis', 'generator': 'pythia', 'addoutputfiles': [], 'maxjobruntime': 2750, 'numcores': 1, 'maxmemory': 3500, 'priority': 10, 'nonprodsw': 0, 'asyncdest': 'T3_CH_CERNBOX', 'requireaccelerator': 0, 'oneEventMode': 0, 'extrajdl': [], 'ignoreglobalblacklist': 0, 'partialdataset': 0, 'inputblocks': [], 'tfileoutfiles': ['ScoutingTree_Output.root'], 'edmoutfiles': [], 'jobarch': 'el9_amd64_gcc12', 'jobminuarch': 'any', 'jobsw': 'CMSSW_14_0_18_patch1', 'cacheurl': 'https://s3.cern.ch/crabcache', 'cachefilename': '49ba0b6781445e2e400f011119d991bb8ffaa689a18bb7fd49e9ddc38e3de7f8.tar.gz', 'debugfilename': 'b81ff557d6318e53507802f294e921f2338abc51467d3e406f2f3157896b1129.tar.gz'} 
DEBUG 2025-10-30 04:59:29.516 UTC: 	 Encoded data for curl request: dryrun=0&workflow=crab_ScoutingData_Redone_6mod10_v2&saveoutput=1&savelogsflag=1&inputdata=%2FScoutingPFRun3%2FRun2024H-v1%2FHLTSCOUT&nonvaliddata=1&dbsurl=https%3A%2F%2Fcmsweb.cern.ch%2Fdbs%2Fprod%2Fglobal%2FDBSReader&useparent=0&ignorelocality=0&splitalgo=FileBased&algoargs=2&totalunits=0&publication=0&publishdbsurl=https%3A%2F%2Fcmsweb.cern.ch%2Fdbs%2Fprod%2Fphys03%2FDBSWriter&publishname2=ScoutingData_Redone_6mod10_v2&jobtype=Analysis&generator=pythia&maxjobruntime=2750&numcores=1&maxmemory=3500&priority=10&nonprodsw=0&asyncdest=T3_CH_CERNBOX&requireaccelerator=0&oneEventMode=0&ignoreglobalblacklist=0&partialdataset=0&jobarch=el9_amd64_gcc12&jobminuarch=any&jobsw=CMSSW_14_0_18_patch1&cacheurl=https%3A%2F%2Fs3.cern.ch%2Fcrabcache&cachefilename=49ba0b6781445e2e400f011119d991bb8ffaa689a18bb7fd49e9ddc38e3de7f8.tar.gz&debugfilename=b81ff557d6318e53507802f294e921f2338abc51467d3e406f2f3157896b1129.tar.gz&tfileoutfiles=ScoutingTree_Output.root
DEBUG 2025-10-30 04:59:29.667 UTC: 	 Result: {'result': [{'RequestName': '251030_045929:amalhotr_crab_ScoutingData_Redone_6mod10_v2'}]}
INFO 2025-10-30 04:59:29.669 UTC: 	 Success: Your task has been delivered to the prod CRAB3 server.
INFO 2025-10-30 04:59:29.669 UTC: 	 Task name: 251030_045929:amalhotr_crab_ScoutingData_Redone_6mod10_v2
INFO 2025-10-30 04:59:29.669 UTC: 	 Project dir: ./crab_ScoutingData_Redone_6mod10_v2
INFO 2025-10-30 04:59:29.669 UTC: 	 Please use ' crab status -d ./crab_ScoutingData_Redone_6mod10_v2 ' to check how the submission process proceeds.
DEBUG 2025-10-30 04:59:29.669 UTC: 	 About to return
INFO 2025-10-30 04:59:29.672 UTC: 	 Log file is /afs/cern.ch/user/a/amalhotr/CMSSW_14_0_18_patch1/src/Run3ScoutingAnalysisTools/crab_ScoutingData_Redone_6mod10_v2/crab.log
