DEBUG 2025-03-23 16:46:06.790 UTC: 	 CRAB Client version: v3.250318
DEBUG 2025-03-23 16:46:06.790 UTC: 	 Running on: Linux lxplus940.cern.ch 5.14.0-503.22.1.el9_5.x86_64 #1 SMP PREEMPT_DYNAMIC Wed Jan 15 08:02:15 EST 2025 x86_64 x86_64 x86_64 GNU/Linux
DEBUG 2025-03-23 16:46:06.791 UTC: 	 Not using Singularity
DEBUG 2025-03-23 16:46:06.791 UTC: 	 Operating System: Red Hat Enterprise Linux 9.5 (Plow)
DEBUG 2025-03-23 16:46:06.791 UTC: 	 Executing command: 'submit'
DEBUG 2025-03-23 16:46:06.791 UTC: 	 Found CRAB cache file /afs/cern.ch/user/a/amalhotr/.crab3
INFO 2025-03-23 16:46:06.791 UTC: 	 Will use CRAB configuration file Vertexer_CRAB.py
DEBUG 2025-03-23 16:46:06.791 UTC: 	 Loading CRAB configuration file.
DEBUG 2025-03-23 16:46:06.854 UTC: 	 Will use CRAB plugin ANALYSIS (i.e. will run an analysis job type).
DEBUG 2025-03-23 16:46:06.899 UTC: 	 Checking credentials
DEBUG 2025-03-23 16:46:06.900 UTC: 	 Found proxy file /tmp/x509up_u180451
DEBUG 2025-03-23 16:46:06.900 UTC: 	 Making sure it has proper VOMS extension
DEBUG 2025-03-23 16:46:06.900 UTC: 	 Executing command :
 voms-proxy-info --vo --file /tmp/x509up_u180451
DEBUG 2025-03-23 16:46:07.285 UTC: 	 output : cms

 error: 
 retcode : 0
DEBUG 2025-03-23 16:46:07.285 UTC: 	 Getting proxy life time left
DEBUG 2025-03-23 16:46:07.285 UTC: 	 Executing command :
 voms-proxy-info --actimeleft --timeleft --file /tmp/x509up_u180451
DEBUG 2025-03-23 16:46:07.683 UTC: 	 output : 691048
691048

 error: 
 retcode : 0
DEBUG 2025-03-23 16:46:07.683 UTC: 	 Proxy valid for 191:57:28 hours
DEBUG 2025-03-23 16:46:07.683 UTC: 	 Encoded data for curl request: subresource=delegatedn
DEBUG 2025-03-23 16:46:07.739 UTC: 	 Registering user credentials on myproxy for /DC=ch/DC=cern/OU=computers/CN=crab-(preprod|prod)-tw(01|02).cern.ch|/DC=ch/DC=cern/OU=computers/CN=crab-dev-tw(01|02|03|04).cern.ch|/DC=ch/DC=cern/OU=Organic Units/OU=Users/CN=cmscrab/CN=(817881|373708)/CN=Robot: cms crab|/DC=ch/DC=cern/OU=Organic Units/OU=Users/CN=crabint1/CN=373708/CN=Robot: CMS CRAB Integration 1
DEBUG 2025-03-23 16:46:07.739 UTC: 	 Executing command :
 voms-proxy-info --identity --file /tmp/x509up_u180451
DEBUG 2025-03-23 16:46:08.089 UTC: 	 output : /DC=ch/DC=cern/OU=Organic Units/OU=Users/CN=amalhotr/CN=884837/CN=Aryan Malhotra

 error: 
 retcode : 0
DEBUG 2025-03-23 16:46:08.089 UTC: 	 Getting myproxy life time left for 2382a3cf28fdeacb1de9b039908761ea517a5ed6
DEBUG 2025-03-23 16:46:08.089 UTC: 	 Executing command :
 myproxy-info -s myproxy.cern.ch -l 2382a3cf28fdeacb1de9b039908761ea517a5ed6
DEBUG 2025-03-23 16:46:08.391 UTC: 	 output : username: 2382a3cf28fdeacb1de9b039908761ea517a5ed6
owner: /DC=ch/DC=cern/OU=Organic Units/OU=Users/CN=amalhotr/CN=884837/CN=Aryan Malhotra
  renewal policy: /DC=ch/DC=cern/OU=computers/CN=crab-(preprod|prod)-tw(01|02).cern.ch|/DC=ch/DC=cern/OU=computers/CN=crab-dev-tw(01|02|03|04).cern.ch|/DC=ch/DC=cern/OU=Organic Units/OU=Users/CN=cmscrab/CN=(817881|373708)/CN=Robot: cms crab|/DC=ch/DC=cern/OU=Organic Units/OU=Users/CN=crabint1/CN=373708/CN=Robot: CMS CRAB Integration 1
  trusted retrieval policy: /DC=ch/DC=cern/OU=computers/CN=crab-(preprod|prod)-tw(01|02).cern.ch|/DC=ch/DC=cern/OU=computers/CN=crab-dev-tw(01|02|03|04).cern.ch|/DC=ch/DC=cern/OU=Organic Units/OU=Users/CN=cmscrab/CN=(817881|373708)/CN=Robot: cms crab|/DC=ch/DC=cern/OU=Organic Units/OU=Users/CN=crabint1/CN=373708/CN=Robot: CMS CRAB Integration 1
  timeleft: 611:34:10  (25.5 days)

 error: 
 retcode : 0
DEBUG 2025-03-23 16:46:08.391 UTC: 	 Myproxy is valid: 2201640
DEBUG 2025-03-23 16:46:08.391 UTC: 	 Result of myproxy credential check:
  Credential exists on myproxy: username: 2382a3cf28fdeacb1de9b039908761ea517a5ed6  - validity: 25 days, 11:34:00
DEBUG 2025-03-23 16:46:08.391 UTC: 	 Command use: submit
DEBUG 2025-03-23 16:46:08.391 UTC: 	 Options use: ['-c', 'Vertexer_CRAB.py']
DEBUG 2025-03-23 16:46:08.391 UTC: 	 Encoded data for curl request: subresource=version
DEBUG 2025-03-23 16:46:08.433 UTC: 	 CRABClient version: v3.250318
DEBUG 2025-03-23 16:46:08.434 UTC: 	 Instance is prod
DEBUG 2025-03-23 16:46:08.434 UTC: 	 Server base url is cmsweb.cern.ch
DEBUG 2025-03-23 16:46:08.434 UTC: 	 Command api workflow
DEBUG 2025-03-23 16:46:08.434 UTC: 	 Started submission
DEBUG 2025-03-23 16:46:08.434 UTC: 	 Working on /afs/cern.ch/user/a/amalhotr/CMSSW_14_0_18_patch1/src/Run3ScoutingAnalysisTools/crab_projects/crab_DYto2Mu4Jets_Vertexer_Large
DEBUG 2025-03-23 16:46:08.434 UTC: 	 Encoded data for curl request: subresource=backendurls
DEBUG 2025-03-23 16:46:08.503 UTC: 	 Loading required information from the environment
DEBUG 2025-03-23 16:46:08.503 UTC: 	 Found CMSSW_14_0_18_patch1 for el9_amd64_gcc12 with base /afs/cern.ch/user/a/amalhotr/CMSSW_14_0_18_patch1
DEBUG 2025-03-23 16:46:08.503 UTC: 	 Loading required information from the environment
DEBUG 2025-03-23 16:46:08.503 UTC: 	 Found CMSSW_14_0_18_patch1 for el9_amd64_gcc12 with base /afs/cern.ch/user/a/amalhotr/CMSSW_14_0_18_patch1
DEBUG 2025-03-23 16:46:08.503 UTC: 	 UNIQUE NAME: tarUUID ff6440bc-37ef-4a2b-94f3-a6880e00ceb7 
DEBUG 2025-03-23 16:46:08.503 UTC: 	 self.config: from WMCore.Configuration import Configuration
config = Configuration()
config.section_('General')
config.General.transferOutputs = True
config.General.requestName = 'DYto2Mu4Jets_Vertexer_Large'
config.General.transferLogs = True
config.General.workArea = 'crab_projects'
config.section_('JobType')
config.JobType.pluginName = 'Analysis'
config.JobType.maxMemoryMB = 2500
config.JobType.psetName = 'Vertexer.py'
config.section_('Data')
config.Data.splitting = 'FileBased'
config.Data.outputDatasetTag = 'DYto2Mu4Jets_Vertexer_Large'
config.Data.inputDBS = 'phys03'
config.Data.unitsPerJob = 1
config.Data.publication = True
config.Data.inputDataset = '/DYto2Mu-4Jets_Bin-MLL-50_TuneCP5_13p6TeV_madgraphMLM-pythia8/amalhotr-DYto2Mu4Jets_Unpacker_Large-49feb6938084587a06052f9676570a55/USER'
config.section_('Site')
config.Site.storageSite = 'T3_CH_CERNBOX'
config.section_('User')
config.section_('Debug')

DEBUG 2025-03-23 16:46:08.503 UTC: 	 self.config.JobType.psetName: Vertexer.py
INFO 2025-03-23 16:46:08.503 UTC: 	 Importing CMSSW configuration Vertexer.py
INFO 2025-03-23 16:46:09.330 UTC: 	 Finished importing CMSSW configuration Vertexer.py
DEBUG 2025-03-23 16:46:09.331 UTC: 	 Writing CMSSW configuration to /afs/cern.ch/user/a/amalhotr/CMSSW_14_0_18_patch1/src/Run3ScoutingAnalysisTools/crab_projects/crab_DYto2Mu4Jets_Vertexer_Large/inputs/PSet.py
DEBUG 2025-03-23 16:46:09.349 UTC: 	 The following EDM output files will be collected: ['DY2M_VertexerOutput.root']
DEBUG 2025-03-23 16:46:09.349 UTC: 	 The following TFile output files will be collected: []
DEBUG 2025-03-23 16:46:09.349 UTC: 	 The following user output files (not listed as PoolOuputModule or TFileService in the CMSSW PSet) will be collected: 
DEBUG 2025-03-23 16:46:09.350 UTC: 	 Loading required information from the environment
DEBUG 2025-03-23 16:46:09.350 UTC: 	 Found CMSSW_14_0_18_patch1 for el9_amd64_gcc12 with base /afs/cern.ch/user/a/amalhotr/CMSSW_14_0_18_patch1
DEBUG 2025-03-23 16:46:09.350 UTC: 	 Making tarball in /afs/cern.ch/user/a/amalhotr/CMSSW_14_0_18_patch1/src/Run3ScoutingAnalysisTools/crab_projects/crab_DYto2Mu4Jets_Vertexer_Large/inputs/ff6440bc-37ef-4a2b-94f3-a6880e00ceb7default.tgz
DEBUG 2025-03-23 16:46:09.354 UTC: 	 Checking directory /afs/cern.ch/user/a/amalhotr/CMSSW_14_0_18_patch1/bin
DEBUG 2025-03-23 16:46:09.354 UTC: 	 Adding directory /afs/cern.ch/user/a/amalhotr/CMSSW_14_0_18_patch1/bin to tarball
DEBUG 2025-03-23 16:46:09.357 UTC: 	 Checking directory /afs/cern.ch/user/a/amalhotr/CMSSW_14_0_18_patch1/python
DEBUG 2025-03-23 16:46:09.357 UTC: 	 Adding directory /afs/cern.ch/user/a/amalhotr/CMSSW_14_0_18_patch1/python to tarball
DEBUG 2025-03-23 16:46:10.364 UTC: 	 Checking directory /afs/cern.ch/user/a/amalhotr/CMSSW_14_0_18_patch1/cfipython
DEBUG 2025-03-23 16:46:10.364 UTC: 	 Adding directory /afs/cern.ch/user/a/amalhotr/CMSSW_14_0_18_patch1/cfipython to tarball
DEBUG 2025-03-23 16:46:10.494 UTC: 	 Checking directory /afs/cern.ch/user/a/amalhotr/CMSSW_14_0_18_patch1/lib
DEBUG 2025-03-23 16:46:10.494 UTC: 	 Adding directory /afs/cern.ch/user/a/amalhotr/CMSSW_14_0_18_patch1/lib to tarball
DEBUG 2025-03-23 16:46:11.101 UTC: 	 Checking directory /afs/cern.ch/user/a/amalhotr/CMSSW_14_0_18_patch1/biglib
DEBUG 2025-03-23 16:46:11.101 UTC: 	 Adding directory /afs/cern.ch/user/a/amalhotr/CMSSW_14_0_18_patch1/biglib to tarball
DEBUG 2025-03-23 16:46:11.118 UTC: 	 Checking directory /afs/cern.ch/user/a/amalhotr/CMSSW_14_0_18_patch1/module
DEBUG 2025-03-23 16:46:11.118 UTC: 	 Checking directory /afs/cern.ch/user/a/amalhotr/CMSSW_14_0_18_patch1/config/SCRAM/hooks
DEBUG 2025-03-23 16:46:11.118 UTC: 	 Adding directory /afs/cern.ch/user/a/amalhotr/CMSSW_14_0_18_patch1/config/SCRAM/hooks to tarball
DEBUG 2025-03-23 16:46:11.316 UTC: 	 Adding directory /afs/cern.ch/user/a/amalhotr/CMSSW_14_0_18_patch1/src/Run3ScoutingAnalysisTools/DataFormats/Scouting/interface to tarball
DEBUG 2025-03-23 16:46:11.426 UTC: 	 Adding directory /afs/cern.ch/user/a/amalhotr/CMSSW_14_0_18_patch1/src/Run3ScoutingAnalysisTools/ScoutingTreeMakerRun3/python to tarball
DEBUG 2025-03-23 16:46:11.438 UTC: 	 Adding directory /afs/cern.ch/user/a/amalhotr/CMSSW_14_0_18_patch1/src/DataFormats/Scouting/interface to tarball
DEBUG 2025-03-23 16:46:11.515 UTC: 	 Adding directory /afs/cern.ch/user/a/amalhotr/CMSSW_14_0_18_patch1/src/Configuration/GenProduction/python to tarball
DEBUG 2025-03-23 16:46:11.590 UTC: 	 Uploading archive /afs/cern.ch/user/a/amalhotr/CMSSW_14_0_18_patch1/src/Run3ScoutingAnalysisTools/crab_projects/crab_DYto2Mu4Jets_Vertexer_Large/inputs/ff6440bc-37ef-4a2b-94f3-a6880e00ceb7default.tgz (465 KB) to the CRAB cache. Using URI https://cmsweb.cern.ch/S3/crabcache_prod
DEBUG 2025-03-23 16:46:11.736 UTC: 	 Encoded data for curl request: subresource=upload&objecttype=sandbox&tarballname=c69e9220b4b67efce6c3d4ab97902bd8138835f4ff2c08c8112469e7d0015c74.tar.gz
DEBUG 2025-03-23 16:46:11.829 UTC: 	 Will execute:
curl -f -v -X POST  -H "User-Agent: CRAB" -F "key=amalhotr/sandboxes/c69e9220b4b67efce6c3d4ab97902bd8138835f4ff2c08c8112469e7d0015c74.tar.gz" -F "AWSAccessKeyId=715203df6482458ba839e73e6dab634b" -F "policy=eyJleHBpcmF0aW9uIjogIjIwMjUtMDMtMjNUMTc6NDY6MTFaIiwgImNvbmRpdGlvbnMiOiBbeyJidWNrZXQiOiAiY3JhYmNhY2hlX3Byb2QifSwgeyJrZXkiOiAiYW1hbGhvdHIvc2FuZGJveGVzL2M2OWU5MjIwYjRiNjdlZmNlNmMzZDRhYjk3OTAyYmQ4MTM4ODM1ZjRmZjJjMDhjODExMjQ2OWU3ZDAwMTVjNzQudGFyLmd6In1dfQ==" -F "signature=4NwKuqHR+a0VQ3yXglkT4md3Mbs=" -F "file=@/afs/cern.ch/user/a/amalhotr/CMSSW_14_0_18_patch1/src/Run3ScoutingAnalysisTools/crab_projects/crab_DYto2Mu4Jets_Vertexer_Large/inputs/ff6440bc-37ef-4a2b-94f3-a6880e00ceb7default.tgz" "https://s3.cern.ch/crabcache_prod"
DEBUG 2025-03-23 16:46:11.882 UTC: 	 exitcode: 0
stdout: b''
DEBUG 2025-03-23 16:46:11.882 UTC: 	 upload to S3 of sandbox /afs/cern.ch/user/a/amalhotr/CMSSW_14_0_18_patch1/src/Run3ScoutingAnalysisTools/crab_projects/crab_DYto2Mu4Jets_Vertexer_Large/inputs/ff6440bc-37ef-4a2b-94f3-a6880e00ceb7default.tgz completed
DEBUG 2025-03-23 16:46:11.882 UTC: 	 make sure that object is ready for retrieve
DEBUG 2025-03-23 16:46:12.883 UTC: 	 Encoded data for curl request: subresource=download&objecttype=sandbox&tarballname=c69e9220b4b67efce6c3d4ab97902bd8138835f4ff2c08c8112469e7d0015c74.tar.gz&clientmethod=head_object
DEBUG 2025-03-23 16:46:12.926 UTC: 	 PreSignedUrl to download sandbox received OK
DEBUG 2025-03-23 16:46:12.928 UTC: 	 Will execute:
 curl -v -s -f -o /dev/null --head  "https://s3.cern.ch/crabcache_prod/amalhotr/sandboxes/c69e9220b4b67efce6c3d4ab97902bd8138835f4ff2c08c8112469e7d0015c74.tar.gz?AWSAccessKeyId=715203df6482458ba839e73e6dab634b&Signature=V3hURWXncyseieDkmEr6BVXVU0Q%3D&Expires=1742751972"
DEBUG 2025-03-23 16:46:12.957 UTC: 	 exitcode: 0
stdout: b''
DEBUG 2025-03-23 16:46:12.957 UTC: 	 sandbox /afs/cern.ch/user/a/amalhotr/CMSSW_14_0_18_patch1/src/Run3ScoutingAnalysisTools/crab_projects/crab_DYto2Mu4Jets_Vertexer_Large/inputs/ff6440bc-37ef-4a2b-94f3-a6880e00ceb7default.tgz successfully uploaded to S3
DEBUG 2025-03-23 16:46:12.957 UTC: 	 Loading required information from the environment
DEBUG 2025-03-23 16:46:12.957 UTC: 	 Found CMSSW_14_0_18_patch1 for el9_amd64_gcc12 with base /afs/cern.ch/user/a/amalhotr/CMSSW_14_0_18_patch1
DEBUG 2025-03-23 16:46:12.957 UTC: 	 Making tarball in /afs/cern.ch/user/a/amalhotr/CMSSW_14_0_18_patch1/src/Run3ScoutingAnalysisTools/crab_projects/crab_DYto2Mu4Jets_Vertexer_Large/inputs/debugFiles.tgz
DEBUG 2025-03-23 16:46:12.963 UTC: 	 Uploading archive /afs/cern.ch/user/a/amalhotr/CMSSW_14_0_18_patch1/src/Run3ScoutingAnalysisTools/crab_projects/crab_DYto2Mu4Jets_Vertexer_Large/inputs/debugFiles.tgz (3 KB) to the CRAB cache. Using URI https://cmsweb.cern.ch/S3/crabcache_prod
DEBUG 2025-03-23 16:46:12.965 UTC: 	 Encoded data for curl request: subresource=upload&objecttype=sandbox&tarballname=70337ce9312cdb54b843aac3d56844f3cddce31d23b7f5c51b3d87c7dbd84e61.tar.gz
DEBUG 2025-03-23 16:46:13.041 UTC: 	 Will execute:
curl -f -v -X POST  -H "User-Agent: CRAB" -F "key=amalhotr/sandboxes/70337ce9312cdb54b843aac3d56844f3cddce31d23b7f5c51b3d87c7dbd84e61.tar.gz" -F "AWSAccessKeyId=715203df6482458ba839e73e6dab634b" -F "policy=eyJleHBpcmF0aW9uIjogIjIwMjUtMDMtMjNUMTc6NDY6MTNaIiwgImNvbmRpdGlvbnMiOiBbeyJidWNrZXQiOiAiY3JhYmNhY2hlX3Byb2QifSwgeyJrZXkiOiAiYW1hbGhvdHIvc2FuZGJveGVzLzcwMzM3Y2U5MzEyY2RiNTRiODQzYWFjM2Q1Njg0NGYzY2RkY2UzMWQyM2I3ZjVjNTFiM2Q4N2M3ZGJkODRlNjEudGFyLmd6In1dfQ==" -F "signature=nxmYk5cFsF18n+jOOL5gy69RyUs=" -F "file=@/afs/cern.ch/user/a/amalhotr/CMSSW_14_0_18_patch1/src/Run3ScoutingAnalysisTools/crab_projects/crab_DYto2Mu4Jets_Vertexer_Large/inputs/debugFiles.tgz" "https://s3.cern.ch/crabcache_prod"
DEBUG 2025-03-23 16:46:13.080 UTC: 	 exitcode: 0
stdout: b''
DEBUG 2025-03-23 16:46:13.080 UTC: 	 upload to S3 of sandbox /afs/cern.ch/user/a/amalhotr/CMSSW_14_0_18_patch1/src/Run3ScoutingAnalysisTools/crab_projects/crab_DYto2Mu4Jets_Vertexer_Large/inputs/debugFiles.tgz completed
DEBUG 2025-03-23 16:46:13.080 UTC: 	 make sure that object is ready for retrieve
DEBUG 2025-03-23 16:46:14.081 UTC: 	 Encoded data for curl request: subresource=download&objecttype=sandbox&tarballname=70337ce9312cdb54b843aac3d56844f3cddce31d23b7f5c51b3d87c7dbd84e61.tar.gz&clientmethod=head_object
DEBUG 2025-03-23 16:46:14.129 UTC: 	 PreSignedUrl to download sandbox received OK
DEBUG 2025-03-23 16:46:14.132 UTC: 	 Will execute:
 curl -v -s -f -o /dev/null --head  "https://s3.cern.ch/crabcache_prod/amalhotr/sandboxes/70337ce9312cdb54b843aac3d56844f3cddce31d23b7f5c51b3d87c7dbd84e61.tar.gz?AWSAccessKeyId=715203df6482458ba839e73e6dab634b&Signature=73ieqVsIaefvyi2w2w0oc8QDh64%3D&Expires=1742751974"
DEBUG 2025-03-23 16:46:14.166 UTC: 	 exitcode: 0
stdout: b''
DEBUG 2025-03-23 16:46:14.166 UTC: 	 sandbox /afs/cern.ch/user/a/amalhotr/CMSSW_14_0_18_patch1/src/Run3ScoutingAnalysisTools/crab_projects/crab_DYto2Mu4Jets_Vertexer_Large/inputs/debugFiles.tgz successfully uploaded to S3
DEBUG 2025-03-23 16:46:14.166 UTC: 	 Result uploading input files: c69e9220b4b67efce6c3d4ab97902bd8138835f4ff2c08c8112469e7d0015c74.tar.gz 
DEBUG 2025-03-23 16:46:14.167 UTC: 	 submit() - self.configuration from WMCore.Configuration import Configuration
config = Configuration()
config.section_('General')
config.General.transferOutputs = True
config.General.requestName = 'DYto2Mu4Jets_Vertexer_Large'
config.General.transferLogs = True
config.General.workArea = 'crab_projects'
config.section_('JobType')
config.JobType.pluginName = 'Analysis'
config.JobType.maxMemoryMB = 2500
config.JobType.psetName = 'Vertexer.py'
config.section_('Data')
config.Data.splitting = 'FileBased'
config.Data.outputDatasetTag = 'DYto2Mu4Jets_Vertexer_Large'
config.Data.inputDBS = 'phys03'
config.Data.unitsPerJob = 1
config.Data.publication = True
config.Data.inputDataset = '/DYto2Mu-4Jets_Bin-MLL-50_TuneCP5_13p6TeV_madgraphMLM-pythia8/amalhotr-DYto2Mu4Jets_Unpacker_Large-49feb6938084587a06052f9676570a55/USER'
config.section_('Site')
config.Site.storageSite = 'T3_CH_CERNBOX'
config.section_('User')
config.section_('Debug')

DEBUG 2025-03-23 16:46:14.167 UTC: 	 submit() - self.configreq {'dryrun': 0, 'workflow': 'crab_DYto2Mu4Jets_Vertexer_Large', 'saveoutput': 1, 'savelogsflag': 1, 'inputdata': '/DYto2Mu-4Jets_Bin-MLL-50_TuneCP5_13p6TeV_madgraphMLM-pythia8/amalhotr-DYto2Mu4Jets_Unpacker_Large-49feb6938084587a06052f9676570a55/USER', 'nonvaliddata': 0, 'userfiles': [], 'dbsurl': 'https://cmsweb.cern.ch/dbs/prod/phys03/DBSReader', 'useparent': 0, 'ignorelocality': 0, 'splitalgo': 'FileBased', 'algoargs': 1, 'totalunits': 0, 'publication': 1, 'publishdbsurl': 'https://cmsweb.cern.ch/dbs/prod/phys03/DBSWriter', 'publishname2': 'DYto2Mu4Jets_Vertexer_Large', 'jobtype': 'Analysis', 'generator': 'pythia', 'addoutputfiles': [], 'maxjobruntime': 1250, 'numcores': 1, 'maxmemory': 2500, 'priority': 10, 'nonprodsw': 0, 'asyncdest': 'T3_CH_CERNBOX', 'requireaccelerator': 0, 'oneEventMode': 0, 'extrajdl': [], 'ignoreglobalblacklist': 0, 'partialdataset': 0, 'inputblocks': []}
DEBUG 2025-03-23 16:46:14.167 UTC: 	 submit() - jobconfig {'addoutputfiles': [], 'tfileoutfiles': [], 'edmoutfiles': ['DY2M_VertexerOutput.root'], 'jobarch': 'el9_amd64_gcc12', 'jobminuarch': 'any', 'jobsw': 'CMSSW_14_0_18_patch1', 'inputdata': '/DYto2Mu-4Jets_Bin-MLL-50_TuneCP5_13p6TeV_madgraphMLM-pythia8/amalhotr-DYto2Mu4Jets_Unpacker_Large-49feb6938084587a06052f9676570a55/USER', 'cacheurl': 'https://cmsweb.cern.ch/S3/crabcache_prod', 'cachefilename': 'c69e9220b4b67efce6c3d4ab97902bd8138835f4ff2c08c8112469e7d0015c74.tar.gz', 'debugfilename': '70337ce9312cdb54b843aac3d56844f3cddce31d23b7f5c51b3d87c7dbd84e61.tar.gz', 'jobtype': 'Analysis'}
INFO 2025-03-23 16:46:14.167 UTC: 	 Sending the request to the server at cmsweb.cern.ch
DEBUG 2025-03-23 16:46:14.167 UTC: 	 Submitting {'dryrun': 0, 'workflow': 'crab_DYto2Mu4Jets_Vertexer_Large', 'saveoutput': 1, 'savelogsflag': 1, 'inputdata': '/DYto2Mu-4Jets_Bin-MLL-50_TuneCP5_13p6TeV_madgraphMLM-pythia8/amalhotr-DYto2Mu4Jets_Unpacker_Large-49feb6938084587a06052f9676570a55/USER', 'nonvaliddata': 0, 'userfiles': [], 'dbsurl': 'https://cmsweb.cern.ch/dbs/prod/phys03/DBSReader', 'useparent': 0, 'ignorelocality': 0, 'splitalgo': 'FileBased', 'algoargs': 1, 'totalunits': 0, 'publication': 1, 'publishdbsurl': 'https://cmsweb.cern.ch/dbs/prod/phys03/DBSWriter', 'publishname2': 'DYto2Mu4Jets_Vertexer_Large', 'jobtype': 'Analysis', 'generator': 'pythia', 'addoutputfiles': [], 'maxjobruntime': 1250, 'numcores': 1, 'maxmemory': 2500, 'priority': 10, 'nonprodsw': 0, 'asyncdest': 'T3_CH_CERNBOX', 'requireaccelerator': 0, 'oneEventMode': 0, 'extrajdl': [], 'ignoreglobalblacklist': 0, 'partialdataset': 0, 'inputblocks': [], 'tfileoutfiles': [], 'edmoutfiles': ['DY2M_VertexerOutput.root'], 'jobarch': 'el9_amd64_gcc12', 'jobminuarch': 'any', 'jobsw': 'CMSSW_14_0_18_patch1', 'cacheurl': 'https://cmsweb.cern.ch/S3/crabcache_prod', 'cachefilename': 'c69e9220b4b67efce6c3d4ab97902bd8138835f4ff2c08c8112469e7d0015c74.tar.gz', 'debugfilename': '70337ce9312cdb54b843aac3d56844f3cddce31d23b7f5c51b3d87c7dbd84e61.tar.gz'} 
DEBUG 2025-03-23 16:46:14.167 UTC: 	 Encoded data for curl request: dryrun=0&workflow=crab_DYto2Mu4Jets_Vertexer_Large&saveoutput=1&savelogsflag=1&inputdata=%2FDYto2Mu-4Jets_Bin-MLL-50_TuneCP5_13p6TeV_madgraphMLM-pythia8%2Famalhotr-DYto2Mu4Jets_Unpacker_Large-49feb6938084587a06052f9676570a55%2FUSER&nonvaliddata=0&dbsurl=https%3A%2F%2Fcmsweb.cern.ch%2Fdbs%2Fprod%2Fphys03%2FDBSReader&useparent=0&ignorelocality=0&splitalgo=FileBased&algoargs=1&totalunits=0&publication=1&publishdbsurl=https%3A%2F%2Fcmsweb.cern.ch%2Fdbs%2Fprod%2Fphys03%2FDBSWriter&publishname2=DYto2Mu4Jets_Vertexer_Large&jobtype=Analysis&generator=pythia&maxjobruntime=1250&numcores=1&maxmemory=2500&priority=10&nonprodsw=0&asyncdest=T3_CH_CERNBOX&requireaccelerator=0&oneEventMode=0&ignoreglobalblacklist=0&partialdataset=0&jobarch=el9_amd64_gcc12&jobminuarch=any&jobsw=CMSSW_14_0_18_patch1&cacheurl=https%3A%2F%2Fcmsweb.cern.ch%2FS3%2Fcrabcache_prod&cachefilename=c69e9220b4b67efce6c3d4ab97902bd8138835f4ff2c08c8112469e7d0015c74.tar.gz&debugfilename=70337ce9312cdb54b843aac3d56844f3cddce31d23b7f5c51b3d87c7dbd84e61.tar.gz&edmoutfiles=DY2M_VertexerOutput.root
DEBUG 2025-03-23 16:46:14.377 UTC: 	 Result: {'result': [{'RequestName': '250323_164614:amalhotr_crab_DYto2Mu4Jets_Vertexer_Large'}]}
INFO 2025-03-23 16:46:14.381 UTC: 	 Success: Your task has been delivered to the prod CRAB3 server.
INFO 2025-03-23 16:46:14.381 UTC: 	 Task name: 250323_164614:amalhotr_crab_DYto2Mu4Jets_Vertexer_Large
INFO 2025-03-23 16:46:14.381 UTC: 	 Project dir: crab_projects/crab_DYto2Mu4Jets_Vertexer_Large
INFO 2025-03-23 16:46:14.381 UTC: 	 Please use ' crab status -d crab_projects/crab_DYto2Mu4Jets_Vertexer_Large ' to check how the submission process proceeds.
DEBUG 2025-03-23 16:46:14.381 UTC: 	 About to return
INFO 2025-03-23 16:46:14.383 UTC: 	 Log file is /afs/cern.ch/user/a/amalhotr/CMSSW_14_0_18_patch1/src/Run3ScoutingAnalysisTools/crab_projects/crab_DYto2Mu4Jets_Vertexer_Large/crab.log
DEBUG 2025-03-23 16:49:05.621 UTC: 	 CRAB Client version: v3.250318
DEBUG 2025-03-23 16:49:05.622 UTC: 	 Running on: Linux lxplus940.cern.ch 5.14.0-503.22.1.el9_5.x86_64 #1 SMP PREEMPT_DYNAMIC Wed Jan 15 08:02:15 EST 2025 x86_64 x86_64 x86_64 GNU/Linux
DEBUG 2025-03-23 16:49:05.622 UTC: 	 Not using Singularity
DEBUG 2025-03-23 16:49:05.622 UTC: 	 Operating System: Red Hat Enterprise Linux 9.5 (Plow)
DEBUG 2025-03-23 16:49:05.622 UTC: 	 Executing command: 'status'
DEBUG 2025-03-23 16:49:05.622 UTC: 	 Found CRAB cache file /afs/cern.ch/user/a/amalhotr/.crab3
DEBUG 2025-03-23 16:49:05.626 UTC: 	 Checking credentials
DEBUG 2025-03-23 16:49:05.626 UTC: 	 Found proxy file /tmp/x509up_u180451
DEBUG 2025-03-23 16:49:05.626 UTC: 	 Making sure it has proper VOMS extension
DEBUG 2025-03-23 16:49:05.626 UTC: 	 Executing command :
 voms-proxy-info --vo --file /tmp/x509up_u180451
DEBUG 2025-03-23 16:49:06.016 UTC: 	 output : cms

 error: 
 retcode : 0
DEBUG 2025-03-23 16:49:06.016 UTC: 	 Getting proxy life time left
DEBUG 2025-03-23 16:49:06.016 UTC: 	 Executing command :
 voms-proxy-info --actimeleft --timeleft --file /tmp/x509up_u180451
DEBUG 2025-03-23 16:49:06.366 UTC: 	 output : 690869
690869

 error: 
 retcode : 0
DEBUG 2025-03-23 16:49:06.367 UTC: 	 Proxy valid for 191:54:29 hours
DEBUG 2025-03-23 16:49:06.367 UTC: 	 Encoded data for curl request: subresource=delegatedn
DEBUG 2025-03-23 16:49:06.412 UTC: 	 Registering user credentials on myproxy for /DC=ch/DC=cern/OU=computers/CN=crab-(preprod|prod)-tw(01|02).cern.ch|/DC=ch/DC=cern/OU=computers/CN=crab-dev-tw(01|02|03|04).cern.ch|/DC=ch/DC=cern/OU=Organic Units/OU=Users/CN=cmscrab/CN=(817881|373708)/CN=Robot: cms crab|/DC=ch/DC=cern/OU=Organic Units/OU=Users/CN=crabint1/CN=373708/CN=Robot: CMS CRAB Integration 1
DEBUG 2025-03-23 16:49:06.412 UTC: 	 Executing command :
 voms-proxy-info --identity --file /tmp/x509up_u180451
DEBUG 2025-03-23 16:49:06.833 UTC: 	 output : /DC=ch/DC=cern/OU=Organic Units/OU=Users/CN=amalhotr/CN=884837/CN=Aryan Malhotra

 error: 
 retcode : 0
DEBUG 2025-03-23 16:49:06.833 UTC: 	 Getting myproxy life time left for 2382a3cf28fdeacb1de9b039908761ea517a5ed6
DEBUG 2025-03-23 16:49:06.833 UTC: 	 Executing command :
 myproxy-info -s myproxy.cern.ch -l 2382a3cf28fdeacb1de9b039908761ea517a5ed6
DEBUG 2025-03-23 16:49:07.118 UTC: 	 output : username: 2382a3cf28fdeacb1de9b039908761ea517a5ed6
owner: /DC=ch/DC=cern/OU=Organic Units/OU=Users/CN=amalhotr/CN=884837/CN=Aryan Malhotra
  renewal policy: /DC=ch/DC=cern/OU=computers/CN=crab-(preprod|prod)-tw(01|02).cern.ch|/DC=ch/DC=cern/OU=computers/CN=crab-dev-tw(01|02|03|04).cern.ch|/DC=ch/DC=cern/OU=Organic Units/OU=Users/CN=cmscrab/CN=(817881|373708)/CN=Robot: cms crab|/DC=ch/DC=cern/OU=Organic Units/OU=Users/CN=crabint1/CN=373708/CN=Robot: CMS CRAB Integration 1
  trusted retrieval policy: /DC=ch/DC=cern/OU=computers/CN=crab-(preprod|prod)-tw(01|02).cern.ch|/DC=ch/DC=cern/OU=computers/CN=crab-dev-tw(01|02|03|04).cern.ch|/DC=ch/DC=cern/OU=Organic Units/OU=Users/CN=cmscrab/CN=(817881|373708)/CN=Robot: cms crab|/DC=ch/DC=cern/OU=Organic Units/OU=Users/CN=crabint1/CN=373708/CN=Robot: CMS CRAB Integration 1
  timeleft: 611:31:11  (25.5 days)

 error: 
 retcode : 0
DEBUG 2025-03-23 16:49:07.118 UTC: 	 Myproxy is valid: 2201460
DEBUG 2025-03-23 16:49:07.118 UTC: 	 Result of myproxy credential check:
  Credential exists on myproxy: username: 2382a3cf28fdeacb1de9b039908761ea517a5ed6  - validity: 25 days, 11:31:00
DEBUG 2025-03-23 16:49:07.119 UTC: 	 Retrieving username ...
DEBUG 2025-03-23 16:49:07.119 UTC: 	 Retrieving username from CRIC...
DEBUG 2025-03-23 16:49:07.780 UTC: 	 username is amalhotr
INFO 2025-03-23 16:49:08.239 UTC: 	 Rucio client intialized for account amalhotr
DEBUG 2025-03-23 16:49:08.239 UTC: 	 Command use: status
DEBUG 2025-03-23 16:49:08.239 UTC: 	 Options use: ['-d', 'crab_projects/crab_DYto2Mu4Jets_Vertexer_Large']
DEBUG 2025-03-23 16:49:08.239 UTC: 	 Encoded data for curl request: subresource=version
DEBUG 2025-03-23 16:49:08.276 UTC: 	 CRABClient version: v3.250318
DEBUG 2025-03-23 16:49:08.276 UTC: 	 Instance is prod
DEBUG 2025-03-23 16:49:08.276 UTC: 	 Server base url is cmsweb.cern.ch
DEBUG 2025-03-23 16:49:08.276 UTC: 	 Command api workflow
DEBUG 2025-03-23 16:49:08.276 UTC: 	 Encoded data for curl request: subresource=search&workflow=250323_164614%3Aamalhotr_crab_DYto2Mu4Jets_Vertexer_Large
DEBUG 2025-03-23 16:49:08.335 UTC: 	 Got information from server oracle database: {'desc': {'columns': ['tm_taskname', 'tm_activity', 'tm_task_status', 'tm_task_command', 'tm_start_time', 'tm_start_injection', 'tm_end_injection', 'tm_task_failure', 'tm_job_sw', 'tm_job_arch', 'tm_input_dataset', 'tm_nonvalid_input_dataset', 'tm_use_parent', 'tm_site_whitelist', 'tm_site_blacklist', 'tm_split_algo', 'tm_split_args', 'tm_user_sandbox', 'tm_cache_url', 'tm_username', 'tm_user_dn', 'tm_user_vo', 'tm_user_role', 'tm_user_group', 'tm_publish_name', 'tm_publish_groupname', 'tm_asyncdest', 'tm_dbs_url', 'tm_publish_dbs_url', 'tm_publication', 'tm_outfiles', 'tm_tfile_outfiles', 'tm_edm_outfiles', 'tm_job_type', 'tm_generator', 'tm_events_per_lumi', 'tm_arguments', 'tm_save_logs', 'tw_name', 'tm_user_infiles', 'tm_maxjobruntime', 'tm_numcores', 'tm_maxmemory', 'tm_priority', 'tm_output_dataset', 'tm_task_warnings', 'tm_user_webdir', 'tm_scriptexe', 'tm_scriptargs', 'tm_extrajdl', 'tm_collector', 'tm_schedd', 'tm_dry_run', 'tm_user_files', 'tm_transfer_outputs', 'tm_output_lfn', 'tm_ignore_locality', 'tm_fail_limit', 'tm_one_event_mode', 'tm_secondary_input_dataset', 'tm_primary_dataset', 'tm_last_publication', 'tm_debug_files', 'clusterid', 'tm_ignore_global_blacklist', 'tm_submitter_ip_addr', 'tm_totalunits', 'tm_ddm_reqid', 'tm_user_config', 'tm_transfer_container', 'tm_transfer_rule', 'tm_publish_rule', 'tm_multipub_rule', 'tm_job_min_microarch']}, 'result': ['250323_164614:amalhotr_crab_DYto2Mu4Jets_Vertexer_Large', 'None', 'SUBMITREFUSED', 'SUBMIT', '2025-03-23 16:46:14.369885', 'None', 'None', 'None', 'CMSSW_14_0_18_patch1', 'el9_amd64_gcc12', '/DYto2Mu-4Jets_Bin-MLL-50_TuneCP5_13p6TeV_madgraphMLM-pythia8/amalhotr-DYto2Mu4Jets_Unpacker_Large-49feb6938084587a06052f9676570a55/USER', 'F', '0', '[]', '[]', 'FileBased', "{'halt_job_on_file_boundaries': False, 'splitOnRun': False, 'files_per_job': 1, 'runs': [], 'lumis': []}", 'c69e9220b4b67efce6c3d4ab97902bd8138835f4ff2c08c8112469e7d0015c74.tar.gz', 'https://cmsweb.cern.ch/S3/crabcache_prod', 'amalhotr', '/DC=ch/DC=cern/OU=Organic Units/OU=Users/CN=amalhotr/CN=884837/CN=Aryan Malhotra', 'cms', 'None', 'None', 'DYto2Mu4Jets_Vertexer_Large-00000000000000000000000000000000', 'F', 'T3_CH_CERNBOX', 'https://cmsweb.cern.ch/dbs/prod/phys03/DBSReader', 'https://cmsweb.cern.ch/dbs/prod/phys03/DBSWriter', 'T', '[]', '[]', "['DY2M_VertexerOutput.root']", 'Analysis', 'pythia', 'None', '{}', 'T', 'crab-prod-tw01', '[]', '1250', '1', '2500', '10', 'None', "['USER dataset is located at T3_CH_CERNBOX, but this location \\nis not available to CRAB jobs.']", 'None', 'None', '[]', '[]', 'cmsgwms-collector-global.cern.ch:9620,cmsgwms-collector-global.fnal.gov:9620', 'None', 'F', '[]', 'T', '/store/user/amalhotr/', 'F', 'None', 'F', 'None', 'DYto2Mu-4Jets_Bin-MLL-50_TuneCP5_13p6TeV_madgraphMLM-pythia8', 'None', '70337ce9312cdb54b843aac3d56844f3cddce31d23b7f5c51b3d87c7dbd84e61.tar.gz', 'None', 'F', '137.138.154.184', '0.0', 'None', '{"partialdataset": false, "requireaccelerator": false, "acceleratorparams": null, "inputblocks": null}', 'None', 'None', 'None', 'None', 'any']}
INFO 2025-03-23 16:49:08.336 UTC: 	 CRAB project directory:		/afs/cern.ch/user/a/amalhotr/CMSSW_14_0_18_patch1/src/Run3ScoutingAnalysisTools/crab_projects/crab_DYto2Mu4Jets_Vertexer_Large
INFO 2025-03-23 16:49:08.336 UTC: 	 Task name:			250323_164614:amalhotr_crab_DYto2Mu4Jets_Vertexer_Large
INFO 2025-03-23 16:49:08.336 UTC: 	 Grid scheduler - Task Worker:	N/A yet - crab-prod-tw01
INFO 2025-03-23 16:49:08.336 UTC: 	 Status on the CRAB server:	SUBMITREFUSED
INFO 2025-03-23 16:49:08.336 UTC: 	 Task URL to use for HELP:	https://cmsweb.cern.ch/crabserver/ui/task/250323_164614%3Aamalhotr_crab_DYto2Mu4Jets_Vertexer_Large
INFO 2025-03-23 16:49:08.342 UTC: 	 Dashboard monitoring URL:	https://monit-grafana.cern.ch/d/cmsTMDetail/cms-task-monitoring-task-view?orgId=11&var-user=amalhotr&var-task=250323_164614%3Aamalhotr_crab_DYto2Mu4Jets_Vertexer_Large&from=1742744774000&to=now
WARNING 2025-03-23 16:49:08.342 UTC: 	 Warning:			USER dataset is located at T3_CH_CERNBOX, but this location 
				is not available to CRAB jobs.
DEBUG 2025-03-23 16:49:08.342 UTC: 	 The task has not been submitted to the Grid scheduler yet. Not printing job information.
INFO 2025-03-23 16:49:08.343 UTC: 	 Log file is /afs/cern.ch/user/a/amalhotr/CMSSW_14_0_18_patch1/src/Run3ScoutingAnalysisTools/crab_projects/crab_DYto2Mu4Jets_Vertexer_Large/crab.log
