DEBUG 2025-05-23 21:32:22.569 UTC: 	 CRAB Client version: v3.250409
DEBUG 2025-05-23 21:32:22.569 UTC: 	 Running on: Linux lxplus978.cern.ch 5.14.0-503.34.1.el9_5.x86_64 #1 SMP PREEMPT_DYNAMIC Mon Mar 17 21:49:47 EDT 2025 x86_64 x86_64 x86_64 GNU/Linux
DEBUG 2025-05-23 21:32:22.569 UTC: 	 Not using Singularity
DEBUG 2025-05-23 21:32:22.569 UTC: 	 Operating System: Red Hat Enterprise Linux 9.6 (Plow)
DEBUG 2025-05-23 21:32:22.569 UTC: 	 Executing command: 'submit'
DEBUG 2025-05-23 21:32:22.570 UTC: 	 Found CRAB cache file /afs/cern.ch/user/a/amalhotr/.crab3
INFO 2025-05-23 21:32:22.570 UTC: 	 Will use CRAB configuration file chainedCrabConfig.py
DEBUG 2025-05-23 21:32:22.570 UTC: 	 Loading CRAB configuration file.
DEBUG 2025-05-23 21:32:22.574 UTC: 	 Will use CRAB plugin ANALYSIS (i.e. will run an analysis job type).
DEBUG 2025-05-23 21:32:22.580 UTC: 	 Checking credentials
DEBUG 2025-05-23 21:32:22.580 UTC: 	 Found proxy file /tmp/x509up_u180451
DEBUG 2025-05-23 21:32:22.580 UTC: 	 Making sure it has proper VOMS extension
DEBUG 2025-05-23 21:32:22.580 UTC: 	 Executing command :
 voms-proxy-info --vo --file /tmp/x509up_u180451
DEBUG 2025-05-23 21:32:22.914 UTC: 	 output : cms

 error: 
 retcode : 0
DEBUG 2025-05-23 21:32:22.914 UTC: 	 Getting proxy life time left
DEBUG 2025-05-23 21:32:22.914 UTC: 	 Executing command :
 voms-proxy-info --actimeleft --timeleft --file /tmp/x509up_u180451
DEBUG 2025-05-23 21:32:23.268 UTC: 	 output : 690510
690510

 error: 
 retcode : 0
DEBUG 2025-05-23 21:32:23.268 UTC: 	 Proxy valid for 191:48:30 hours
DEBUG 2025-05-23 21:32:23.268 UTC: 	 Encoded data for curl request: subresource=delegatedn
DEBUG 2025-05-23 21:32:23.315 UTC: 	 Registering user credentials on myproxy for /DC=ch/DC=cern/OU=computers/CN=crab-(preprod|prod)-tw(01|02).cern.ch|/DC=ch/DC=cern/OU=computers/CN=crab-dev-tw(01|02|03|04).cern.ch|/DC=ch/DC=cern/OU=Organic Units/OU=Users/CN=cmscrab/CN=(817881|373708)/CN=Robot: cms crab|/DC=ch/DC=cern/OU=Organic Units/OU=Users/CN=crabint1/CN=373708/CN=Robot: CMS CRAB Integration 1
DEBUG 2025-05-23 21:32:23.315 UTC: 	 Executing command :
 voms-proxy-info --identity --file /tmp/x509up_u180451
DEBUG 2025-05-23 21:32:23.639 UTC: 	 output : /DC=ch/DC=cern/OU=Organic Units/OU=Users/CN=amalhotr/CN=884837/CN=Aryan Malhotra

 error: 
 retcode : 0
DEBUG 2025-05-23 21:32:23.639 UTC: 	 Getting myproxy life time left for 2382a3cf28fdeacb1de9b039908761ea517a5ed6
DEBUG 2025-05-23 21:32:23.639 UTC: 	 Executing command :
 myproxy-info -s myproxy.cern.ch -l 2382a3cf28fdeacb1de9b039908761ea517a5ed6
DEBUG 2025-05-23 21:32:23.899 UTC: 	 output : username: 2382a3cf28fdeacb1de9b039908761ea517a5ed6
owner: /DC=ch/DC=cern/OU=Organic Units/OU=Users/CN=amalhotr/CN=884837/CN=Aryan Malhotra
  renewal policy: /DC=ch/DC=cern/OU=computers/CN=crab-(preprod|prod)-tw(01|02).cern.ch|/DC=ch/DC=cern/OU=computers/CN=crab-dev-tw(01|02|03|04).cern.ch|/DC=ch/DC=cern/OU=Organic Units/OU=Users/CN=cmscrab/CN=(817881|373708)/CN=Robot: cms crab|/DC=ch/DC=cern/OU=Organic Units/OU=Users/CN=crabint1/CN=373708/CN=Robot: CMS CRAB Integration 1
  trusted retrieval policy: /DC=ch/DC=cern/OU=computers/CN=crab-(preprod|prod)-tw(01|02).cern.ch|/DC=ch/DC=cern/OU=computers/CN=crab-dev-tw(01|02|03|04).cern.ch|/DC=ch/DC=cern/OU=Organic Units/OU=Users/CN=cmscrab/CN=(817881|373708)/CN=Robot: cms crab|/DC=ch/DC=cern/OU=Organic Units/OU=Users/CN=crabint1/CN=373708/CN=Robot: CMS CRAB Integration 1
  timeleft: 513:21:10  (21.4 days)

 error: 
 retcode : 0
DEBUG 2025-05-23 21:32:23.899 UTC: 	 Myproxy is valid: 1848060
DEBUG 2025-05-23 21:32:23.899 UTC: 	 Result of myproxy credential check:
  Credential exists on myproxy: username: 2382a3cf28fdeacb1de9b039908761ea517a5ed6  - validity: 21 days, 9:21:00
DEBUG 2025-05-23 21:32:23.899 UTC: 	 Command use: submit
DEBUG 2025-05-23 21:32:23.899 UTC: 	 Options use: ['-c', 'chainedCrabConfig.py']
DEBUG 2025-05-23 21:32:23.899 UTC: 	 Encoded data for curl request: subresource=version
DEBUG 2025-05-23 21:32:23.939 UTC: 	 CRABClient version: v3.250409
DEBUG 2025-05-23 21:32:23.939 UTC: 	 Instance is prod
DEBUG 2025-05-23 21:32:23.939 UTC: 	 Server base url is cmsweb.cern.ch
DEBUG 2025-05-23 21:32:23.939 UTC: 	 Command api workflow
DEBUG 2025-05-23 21:32:23.939 UTC: 	 Started submission
DEBUG 2025-05-23 21:32:23.939 UTC: 	 Working on /afs/cern.ch/user/a/amalhotr/CMSSW_14_0_18_patch1/src/Run3ScoutingAnalysisTools/crab_RealData_noLFNDirectory_All_LumiBased_2_boost_v2
DEBUG 2025-05-23 21:32:23.939 UTC: 	 Encoded data for curl request: subresource=backendurls
DEBUG 2025-05-23 21:32:24.008 UTC: 	 Loading required information from the environment
DEBUG 2025-05-23 21:32:24.008 UTC: 	 Found CMSSW_14_0_18_patch1 for el9_amd64_gcc12 with base /afs/cern.ch/user/a/amalhotr/CMSSW_14_0_18_patch1
DEBUG 2025-05-23 21:32:24.008 UTC: 	 Loading required information from the environment
DEBUG 2025-05-23 21:32:24.008 UTC: 	 Found CMSSW_14_0_18_patch1 for el9_amd64_gcc12 with base /afs/cern.ch/user/a/amalhotr/CMSSW_14_0_18_patch1
DEBUG 2025-05-23 21:32:24.008 UTC: 	 UNIQUE NAME: tarUUID 3cbc5a88-47e4-42cc-b2b6-c2a9b4478980 
DEBUG 2025-05-23 21:32:24.008 UTC: 	 self.config: from WMCore.Configuration import Configuration
config = Configuration()
config.section_('General')
config.General.transferOutputs = True
config.General.requestName = 'RealData_noLFNDirectory_All_LumiBased_2_boost_v2'
config.General.transferLogs = True
config.section_('JobType')
config.JobType.maxMemoryMB = 2500
config.JobType.maxJobRuntimeMin = 2000
config.JobType.pluginName = 'Analysis'
config.JobType.psetName = 'UnifiedScoutingVertexingTreeMaker.py'
config.section_('Data')
config.Data.splitting = 'LumiBased'
config.Data.publication = False
config.Data.outputDatasetTag = 'RealData_noLFNDirectory_All_LumiBased_2_boost_v2'
config.Data.allowNonValidInputDataset = True
config.Data.inputDataset = '/ScoutingPFRun3/Run2024H-v1/HLTSCOUT'
config.Data.inputDBS = 'global'
config.Data.unitsPerJob = 2
config.section_('Site')
config.Site.storageSite = 'T3_CH_CERNBOX'
config.section_('User')
config.section_('Debug')

DEBUG 2025-05-23 21:32:24.008 UTC: 	 self.config.JobType.psetName: UnifiedScoutingVertexingTreeMaker.py
INFO 2025-05-23 21:32:24.008 UTC: 	 Importing CMSSW configuration UnifiedScoutingVertexingTreeMaker.py
INFO 2025-05-23 21:32:24.347 UTC: 	 Finished importing CMSSW configuration UnifiedScoutingVertexingTreeMaker.py
DEBUG 2025-05-23 21:32:24.347 UTC: 	 Writing CMSSW configuration to /afs/cern.ch/user/a/amalhotr/CMSSW_14_0_18_patch1/src/Run3ScoutingAnalysisTools/crab_RealData_noLFNDirectory_All_LumiBased_2_boost_v2/inputs/PSet.py
DEBUG 2025-05-23 21:32:24.367 UTC: 	 The following EDM output files will be collected: []
DEBUG 2025-05-23 21:32:24.367 UTC: 	 The following TFile output files will be collected: ['DY2M_ScoutingTree_Output_Renewed.root']
DEBUG 2025-05-23 21:32:24.367 UTC: 	 The following user output files (not listed as PoolOuputModule or TFileService in the CMSSW PSet) will be collected: 
DEBUG 2025-05-23 21:32:24.367 UTC: 	 Loading required information from the environment
DEBUG 2025-05-23 21:32:24.367 UTC: 	 Found CMSSW_14_0_18_patch1 for el9_amd64_gcc12 with base /afs/cern.ch/user/a/amalhotr/CMSSW_14_0_18_patch1
DEBUG 2025-05-23 21:32:24.367 UTC: 	 Making tarball in /afs/cern.ch/user/a/amalhotr/CMSSW_14_0_18_patch1/src/Run3ScoutingAnalysisTools/crab_RealData_noLFNDirectory_All_LumiBased_2_boost_v2/inputs/3cbc5a88-47e4-42cc-b2b6-c2a9b4478980default.tgz
DEBUG 2025-05-23 21:32:24.368 UTC: 	 Checking directory /afs/cern.ch/user/a/amalhotr/CMSSW_14_0_18_patch1/bin
DEBUG 2025-05-23 21:32:24.368 UTC: 	 Adding directory /afs/cern.ch/user/a/amalhotr/CMSSW_14_0_18_patch1/bin to tarball
DEBUG 2025-05-23 21:32:24.374 UTC: 	 Checking directory /afs/cern.ch/user/a/amalhotr/CMSSW_14_0_18_patch1/python
DEBUG 2025-05-23 21:32:24.374 UTC: 	 Adding directory /afs/cern.ch/user/a/amalhotr/CMSSW_14_0_18_patch1/python to tarball
DEBUG 2025-05-23 21:32:24.577 UTC: 	 Checking directory /afs/cern.ch/user/a/amalhotr/CMSSW_14_0_18_patch1/cfipython
DEBUG 2025-05-23 21:32:24.577 UTC: 	 Adding directory /afs/cern.ch/user/a/amalhotr/CMSSW_14_0_18_patch1/cfipython to tarball
DEBUG 2025-05-23 21:32:24.593 UTC: 	 Checking directory /afs/cern.ch/user/a/amalhotr/CMSSW_14_0_18_patch1/lib
DEBUG 2025-05-23 21:32:24.593 UTC: 	 Adding directory /afs/cern.ch/user/a/amalhotr/CMSSW_14_0_18_patch1/lib to tarball
DEBUG 2025-05-23 21:32:24.664 UTC: 	 Checking directory /afs/cern.ch/user/a/amalhotr/CMSSW_14_0_18_patch1/biglib
DEBUG 2025-05-23 21:32:24.665 UTC: 	 Adding directory /afs/cern.ch/user/a/amalhotr/CMSSW_14_0_18_patch1/biglib to tarball
DEBUG 2025-05-23 21:32:24.666 UTC: 	 Checking directory /afs/cern.ch/user/a/amalhotr/CMSSW_14_0_18_patch1/module
DEBUG 2025-05-23 21:32:24.666 UTC: 	 Checking directory /afs/cern.ch/user/a/amalhotr/CMSSW_14_0_18_patch1/config/SCRAM/hooks
DEBUG 2025-05-23 21:32:24.666 UTC: 	 Adding directory /afs/cern.ch/user/a/amalhotr/CMSSW_14_0_18_patch1/config/SCRAM/hooks to tarball
DEBUG 2025-05-23 21:32:24.680 UTC: 	 Adding directory /afs/cern.ch/user/a/amalhotr/CMSSW_14_0_18_patch1/src/Run3ScoutingAnalysisTools/DataFormats/Scouting/interface to tarball
DEBUG 2025-05-23 21:32:24.741 UTC: 	 Adding directory /afs/cern.ch/user/a/amalhotr/CMSSW_14_0_18_patch1/src/Run3ScoutingAnalysisTools/ScoutingTreeMakerRun3/python to tarball
DEBUG 2025-05-23 21:32:24.750 UTC: 	 Adding directory /afs/cern.ch/user/a/amalhotr/CMSSW_14_0_18_patch1/src/DataFormats/Scouting/interface to tarball
DEBUG 2025-05-23 21:32:24.765 UTC: 	 Adding directory /afs/cern.ch/user/a/amalhotr/CMSSW_14_0_18_patch1/src/Configuration/GenProduction/python to tarball
DEBUG 2025-05-23 21:32:24.809 UTC: 	 Uploading archive /afs/cern.ch/user/a/amalhotr/CMSSW_14_0_18_patch1/src/Run3ScoutingAnalysisTools/crab_RealData_noLFNDirectory_All_LumiBased_2_boost_v2/inputs/3cbc5a88-47e4-42cc-b2b6-c2a9b4478980default.tgz (432 KB) to the CRAB cache. Using URI https://cmsweb.cern.ch/S3/crabcache_prod
DEBUG 2025-05-23 21:32:24.958 UTC: 	 Encoded data for curl request: subresource=upload&objecttype=sandbox&tarballname=da0c6ed05f4f5acd581d00cf1336857c4dd975fca8ad3fd0ac7ac4cdf965270b.tar.gz
DEBUG 2025-05-23 21:32:25.016 UTC: 	 sandbox da0c6ed05f4f5acd581d00cf1336857c4dd975fca8ad3fd0ac7ac4cdf965270b.tar.gz is already in the S3 store, will not upload again
DEBUG 2025-05-23 21:32:25.017 UTC: 	 Loading required information from the environment
DEBUG 2025-05-23 21:32:25.017 UTC: 	 Found CMSSW_14_0_18_patch1 for el9_amd64_gcc12 with base /afs/cern.ch/user/a/amalhotr/CMSSW_14_0_18_patch1
DEBUG 2025-05-23 21:32:25.017 UTC: 	 Making tarball in /afs/cern.ch/user/a/amalhotr/CMSSW_14_0_18_patch1/src/Run3ScoutingAnalysisTools/crab_RealData_noLFNDirectory_All_LumiBased_2_boost_v2/inputs/debugFiles.tgz
DEBUG 2025-05-23 21:32:25.023 UTC: 	 Uploading archive /afs/cern.ch/user/a/amalhotr/CMSSW_14_0_18_patch1/src/Run3ScoutingAnalysisTools/crab_RealData_noLFNDirectory_All_LumiBased_2_boost_v2/inputs/debugFiles.tgz (3 KB) to the CRAB cache. Using URI https://cmsweb.cern.ch/S3/crabcache_prod
DEBUG 2025-05-23 21:32:25.025 UTC: 	 Encoded data for curl request: subresource=upload&objecttype=sandbox&tarballname=a7f3dc3ebce4044a0bb6de6ee87aea6082ce26fdd29a37f3ffa547c2ddf00064.tar.gz
DEBUG 2025-05-23 21:32:25.076 UTC: 	 Will execute:
curl -f -v -X POST  -H "User-Agent: CRAB" -F "key=amalhotr/sandboxes/a7f3dc3ebce4044a0bb6de6ee87aea6082ce26fdd29a37f3ffa547c2ddf00064.tar.gz" -F "AWSAccessKeyId=715203df6482458ba839e73e6dab634b" -F "policy=eyJleHBpcmF0aW9uIjogIjIwMjUtMDUtMjNUMjI6MzI6MjVaIiwgImNvbmRpdGlvbnMiOiBbeyJidWNrZXQiOiAiY3JhYmNhY2hlX3Byb2QifSwgeyJrZXkiOiAiYW1hbGhvdHIvc2FuZGJveGVzL2E3ZjNkYzNlYmNlNDA0NGEwYmI2ZGU2ZWU4N2FlYTYwODJjZTI2ZmRkMjlhMzdmM2ZmYTU0N2MyZGRmMDAwNjQudGFyLmd6In1dfQ==" -F "signature=RccetLyPvvsuSFrReLu7BmJO7xY=" -F "file=@/afs/cern.ch/user/a/amalhotr/CMSSW_14_0_18_patch1/src/Run3ScoutingAnalysisTools/crab_RealData_noLFNDirectory_All_LumiBased_2_boost_v2/inputs/debugFiles.tgz" "https://s3.cern.ch/crabcache_prod"
DEBUG 2025-05-23 21:32:25.223 UTC: 	 exitcode: 0
stdout: b''
DEBUG 2025-05-23 21:32:25.223 UTC: 	 upload to S3 of sandbox /afs/cern.ch/user/a/amalhotr/CMSSW_14_0_18_patch1/src/Run3ScoutingAnalysisTools/crab_RealData_noLFNDirectory_All_LumiBased_2_boost_v2/inputs/debugFiles.tgz completed
DEBUG 2025-05-23 21:32:25.223 UTC: 	 make sure that object is ready for retrieve
DEBUG 2025-05-23 21:32:26.224 UTC: 	 Encoded data for curl request: subresource=download&objecttype=sandbox&tarballname=a7f3dc3ebce4044a0bb6de6ee87aea6082ce26fdd29a37f3ffa547c2ddf00064.tar.gz&clientmethod=head_object
DEBUG 2025-05-23 21:32:26.261 UTC: 	 PreSignedUrl to download sandbox received OK
DEBUG 2025-05-23 21:32:26.264 UTC: 	 Will execute:
 curl -v -s -f -o /dev/null --head  "https://s3.cern.ch/crabcache_prod/amalhotr/sandboxes/a7f3dc3ebce4044a0bb6de6ee87aea6082ce26fdd29a37f3ffa547c2ddf00064.tar.gz?AWSAccessKeyId=715203df6482458ba839e73e6dab634b&Signature=OmMUkgV1W%2BxgOFFZBtQwz4hdFOI%3D&Expires=1748039546"
DEBUG 2025-05-23 21:32:26.324 UTC: 	 exitcode: 0
stdout: b''
DEBUG 2025-05-23 21:32:26.324 UTC: 	 sandbox /afs/cern.ch/user/a/amalhotr/CMSSW_14_0_18_patch1/src/Run3ScoutingAnalysisTools/crab_RealData_noLFNDirectory_All_LumiBased_2_boost_v2/inputs/debugFiles.tgz successfully uploaded to S3
DEBUG 2025-05-23 21:32:26.324 UTC: 	 Result uploading input files: da0c6ed05f4f5acd581d00cf1336857c4dd975fca8ad3fd0ac7ac4cdf965270b.tar.gz 
DEBUG 2025-05-23 21:32:26.324 UTC: 	 submit() - self.configuration from WMCore.Configuration import Configuration
config = Configuration()
config.section_('General')
config.General.transferOutputs = True
config.General.requestName = 'RealData_noLFNDirectory_All_LumiBased_2_boost_v2'
config.General.transferLogs = True
config.section_('JobType')
config.JobType.maxMemoryMB = 2500
config.JobType.maxJobRuntimeMin = 2000
config.JobType.pluginName = 'Analysis'
config.JobType.psetName = 'UnifiedScoutingVertexingTreeMaker.py'
config.section_('Data')
config.Data.splitting = 'LumiBased'
config.Data.publication = False
config.Data.outputDatasetTag = 'RealData_noLFNDirectory_All_LumiBased_2_boost_v2'
config.Data.allowNonValidInputDataset = True
config.Data.inputDataset = '/ScoutingPFRun3/Run2024H-v1/HLTSCOUT'
config.Data.inputDBS = 'global'
config.Data.unitsPerJob = 2
config.section_('Site')
config.Site.storageSite = 'T3_CH_CERNBOX'
config.section_('User')
config.section_('Debug')

DEBUG 2025-05-23 21:32:26.324 UTC: 	 submit() - self.configreq {'dryrun': 0, 'workflow': 'crab_RealData_noLFNDirectory_All_LumiBased_2_boost_v2', 'saveoutput': 1, 'savelogsflag': 1, 'inputdata': '/ScoutingPFRun3/Run2024H-v1/HLTSCOUT', 'nonvaliddata': 1, 'userfiles': [], 'dbsurl': 'https://cmsweb.cern.ch/dbs/prod/global/DBSReader', 'useparent': 0, 'ignorelocality': 0, 'splitalgo': 'LumiBased', 'algoargs': 2, 'totalunits': 0, 'publication': 0, 'publishdbsurl': 'https://cmsweb.cern.ch/dbs/prod/phys03/DBSWriter', 'publishname2': 'RealData_noLFNDirectory_All_LumiBased_2_boost_v2', 'jobtype': 'Analysis', 'generator': 'pythia', 'addoutputfiles': [], 'maxjobruntime': 2000, 'numcores': 1, 'maxmemory': 2500, 'priority': 10, 'nonprodsw': 0, 'asyncdest': 'T3_CH_CERNBOX', 'requireaccelerator': 0, 'oneEventMode': 0, 'extrajdl': [], 'ignoreglobalblacklist': 0, 'partialdataset': 0, 'inputblocks': []}
DEBUG 2025-05-23 21:32:26.324 UTC: 	 submit() - jobconfig {'addoutputfiles': [], 'tfileoutfiles': ['DY2M_ScoutingTree_Output_Renewed.root'], 'edmoutfiles': [], 'jobarch': 'el9_amd64_gcc12', 'jobminuarch': 'any', 'jobsw': 'CMSSW_14_0_18_patch1', 'inputdata': '/ScoutingPFRun3/Run2024H-v1/HLTSCOUT', 'cacheurl': 'https://cmsweb.cern.ch/S3/crabcache_prod', 'cachefilename': 'da0c6ed05f4f5acd581d00cf1336857c4dd975fca8ad3fd0ac7ac4cdf965270b.tar.gz', 'debugfilename': 'a7f3dc3ebce4044a0bb6de6ee87aea6082ce26fdd29a37f3ffa547c2ddf00064.tar.gz', 'jobtype': 'Analysis'}
INFO 2025-05-23 21:32:26.324 UTC: 	 Sending the request to the server at cmsweb.cern.ch
DEBUG 2025-05-23 21:32:26.324 UTC: 	 Submitting {'dryrun': 0, 'workflow': 'crab_RealData_noLFNDirectory_All_LumiBased_2_boost_v2', 'saveoutput': 1, 'savelogsflag': 1, 'inputdata': '/ScoutingPFRun3/Run2024H-v1/HLTSCOUT', 'nonvaliddata': 1, 'userfiles': [], 'dbsurl': 'https://cmsweb.cern.ch/dbs/prod/global/DBSReader', 'useparent': 0, 'ignorelocality': 0, 'splitalgo': 'LumiBased', 'algoargs': 2, 'totalunits': 0, 'publication': 0, 'publishdbsurl': 'https://cmsweb.cern.ch/dbs/prod/phys03/DBSWriter', 'publishname2': 'RealData_noLFNDirectory_All_LumiBased_2_boost_v2', 'jobtype': 'Analysis', 'generator': 'pythia', 'addoutputfiles': [], 'maxjobruntime': 2000, 'numcores': 1, 'maxmemory': 2500, 'priority': 10, 'nonprodsw': 0, 'asyncdest': 'T3_CH_CERNBOX', 'requireaccelerator': 0, 'oneEventMode': 0, 'extrajdl': [], 'ignoreglobalblacklist': 0, 'partialdataset': 0, 'inputblocks': [], 'tfileoutfiles': ['DY2M_ScoutingTree_Output_Renewed.root'], 'edmoutfiles': [], 'jobarch': 'el9_amd64_gcc12', 'jobminuarch': 'any', 'jobsw': 'CMSSW_14_0_18_patch1', 'cacheurl': 'https://cmsweb.cern.ch/S3/crabcache_prod', 'cachefilename': 'da0c6ed05f4f5acd581d00cf1336857c4dd975fca8ad3fd0ac7ac4cdf965270b.tar.gz', 'debugfilename': 'a7f3dc3ebce4044a0bb6de6ee87aea6082ce26fdd29a37f3ffa547c2ddf00064.tar.gz'} 
DEBUG 2025-05-23 21:32:26.325 UTC: 	 Encoded data for curl request: dryrun=0&workflow=crab_RealData_noLFNDirectory_All_LumiBased_2_boost_v2&saveoutput=1&savelogsflag=1&inputdata=%2FScoutingPFRun3%2FRun2024H-v1%2FHLTSCOUT&nonvaliddata=1&dbsurl=https%3A%2F%2Fcmsweb.cern.ch%2Fdbs%2Fprod%2Fglobal%2FDBSReader&useparent=0&ignorelocality=0&splitalgo=LumiBased&algoargs=2&totalunits=0&publication=0&publishdbsurl=https%3A%2F%2Fcmsweb.cern.ch%2Fdbs%2Fprod%2Fphys03%2FDBSWriter&publishname2=RealData_noLFNDirectory_All_LumiBased_2_boost_v2&jobtype=Analysis&generator=pythia&maxjobruntime=2000&numcores=1&maxmemory=2500&priority=10&nonprodsw=0&asyncdest=T3_CH_CERNBOX&requireaccelerator=0&oneEventMode=0&ignoreglobalblacklist=0&partialdataset=0&jobarch=el9_amd64_gcc12&jobminuarch=any&jobsw=CMSSW_14_0_18_patch1&cacheurl=https%3A%2F%2Fcmsweb.cern.ch%2FS3%2Fcrabcache_prod&cachefilename=da0c6ed05f4f5acd581d00cf1336857c4dd975fca8ad3fd0ac7ac4cdf965270b.tar.gz&debugfilename=a7f3dc3ebce4044a0bb6de6ee87aea6082ce26fdd29a37f3ffa547c2ddf00064.tar.gz&tfileoutfiles=DY2M_ScoutingTree_Output_Renewed.root
DEBUG 2025-05-23 21:32:26.456 UTC: 	 Result: {'result': [{'RequestName': '250523_213226:amalhotr_crab_RealData_noLFNDirectory_All_LumiBased_2_boost_v2'}]}
INFO 2025-05-23 21:32:26.460 UTC: 	 Success: Your task has been delivered to the prod CRAB3 server.
INFO 2025-05-23 21:32:26.460 UTC: 	 Task name: 250523_213226:amalhotr_crab_RealData_noLFNDirectory_All_LumiBased_2_boost_v2
INFO 2025-05-23 21:32:26.460 UTC: 	 Project dir: ./crab_RealData_noLFNDirectory_All_LumiBased_2_boost_v2
INFO 2025-05-23 21:32:26.460 UTC: 	 Please use ' crab status -d ./crab_RealData_noLFNDirectory_All_LumiBased_2_boost_v2 ' to check how the submission process proceeds.
DEBUG 2025-05-23 21:32:26.461 UTC: 	 About to return
INFO 2025-05-23 21:32:26.462 UTC: 	 Log file is /afs/cern.ch/user/a/amalhotr/CMSSW_14_0_18_patch1/src/Run3ScoutingAnalysisTools/crab_RealData_noLFNDirectory_All_LumiBased_2_boost_v2/crab.log
DEBUG 2025-09-08 16:49:38.683 UTC: 	 CRAB Client version: v3.250820
DEBUG 2025-09-08 16:49:38.683 UTC: 	 Running on: Linux lxplus935.cern.ch 5.14.0-570.37.1.el9_6.x86_64 #1 SMP PREEMPT_DYNAMIC Sat Aug 16 01:10:00 EDT 2025 x86_64 x86_64 x86_64 GNU/Linux
DEBUG 2025-09-08 16:49:38.683 UTC: 	 Not using Singularity
DEBUG 2025-09-08 16:49:38.683 UTC: 	 Operating System: Red Hat Enterprise Linux 9.6 (Plow)
DEBUG 2025-09-08 16:49:38.683 UTC: 	 Executing command: 'kill'
DEBUG 2025-09-08 16:49:38.683 UTC: 	 Found CRAB cache file /afs/cern.ch/user/a/amalhotr/.crab3
DEBUG 2025-09-08 16:49:39.001 UTC: 	 Checking credentials
DEBUG 2025-09-08 16:49:39.002 UTC: 	 Found proxy file /tmp/x509up_u180451
DEBUG 2025-09-08 16:49:39.002 UTC: 	 Making sure it has proper VOMS extension
DEBUG 2025-09-08 16:49:39.002 UTC: 	 Executing command :
 voms-proxy-info --vo --file /tmp/x509up_u180451
DEBUG 2025-09-08 16:49:39.027 UTC: 	 output : cms

 error: 
 retcode : 0
DEBUG 2025-09-08 16:49:39.028 UTC: 	 Getting proxy life time left
DEBUG 2025-09-08 16:49:39.028 UTC: 	 Executing command :
 voms-proxy-info --actimeleft --timeleft --file /tmp/x509up_u180451
DEBUG 2025-09-08 16:49:39.056 UTC: 	 output : 690723
690723

 error: 
 retcode : 0
DEBUG 2025-09-08 16:49:39.056 UTC: 	 Proxy valid for 191:52:03 hours
DEBUG 2025-09-08 16:49:39.057 UTC: 	 Encoded data for curl request: subresource=delegatedn
DEBUG 2025-09-08 16:49:39.103 UTC: 	 Registering user credentials on myproxy for /DC=ch/DC=cern/OU=computers/CN=crab-(preprod|prod)-tw(01|02).cern.ch|/DC=ch/DC=cern/OU=computers/CN=crab-dev-tw(01|02|03|04).cern.ch|/DC=ch/DC=cern/OU=Organic Units/OU=Users/CN=cmscrab/CN=(817881|373708)/CN=Robot: cms crab|/DC=ch/DC=cern/OU=Organic Units/OU=Users/CN=crabint1/CN=373708/CN=Robot: CMS CRAB Integration 1
DEBUG 2025-09-08 16:49:39.104 UTC: 	 Executing command :
 voms-proxy-info --identity --file /tmp/x509up_u180451
DEBUG 2025-09-08 16:49:39.130 UTC: 	 output : /DC=ch/DC=cern/OU=Organic Units/OU=Users/CN=amalhotr/CN=884837/CN=Aryan Malhotra

 error: 
 retcode : 0
DEBUG 2025-09-08 16:49:39.130 UTC: 	 Getting myproxy life time left for 2382a3cf28fdeacb1de9b039908761ea517a5ed6
DEBUG 2025-09-08 16:49:39.130 UTC: 	 Executing command :
 myproxy-info -s myproxy.cern.ch -l 2382a3cf28fdeacb1de9b039908761ea517a5ed6
DEBUG 2025-09-08 16:49:39.384 UTC: 	 output : username: 2382a3cf28fdeacb1de9b039908761ea517a5ed6
owner: /DC=ch/DC=cern/OU=Organic Units/OU=Users/CN=amalhotr/CN=884837/CN=Aryan Malhotra
  renewal policy: /DC=ch/DC=cern/OU=computers/CN=crab-(preprod|prod)-tw(01|02).cern.ch|/DC=ch/DC=cern/OU=computers/CN=crab-dev-tw(01|02|03|04).cern.ch|/DC=ch/DC=cern/OU=Organic Units/OU=Users/CN=cmscrab/CN=(817881|373708)/CN=Robot: cms crab|/DC=ch/DC=cern/OU=Organic Units/OU=Users/CN=crabint1/CN=373708/CN=Robot: CMS CRAB Integration 1
  trusted retrieval policy: /DC=ch/DC=cern/OU=computers/CN=crab-(preprod|prod)-tw(01|02).cern.ch|/DC=ch/DC=cern/OU=computers/CN=crab-dev-tw(01|02|03|04).cern.ch|/DC=ch/DC=cern/OU=Organic Units/OU=Users/CN=cmscrab/CN=(817881|373708)/CN=Robot: cms crab|/DC=ch/DC=cern/OU=Organic Units/OU=Users/CN=crabint1/CN=373708/CN=Robot: CMS CRAB Integration 1
  timeleft: 719:55:04  (30.0 days)

 error: 
 retcode : 0
DEBUG 2025-09-08 16:49:39.384 UTC: 	 Myproxy is valid: 2591700
DEBUG 2025-09-08 16:49:39.384 UTC: 	 Result of myproxy credential check:
  Credential exists on myproxy: username: 2382a3cf28fdeacb1de9b039908761ea517a5ed6  - validity: 29 days, 23:55:00
DEBUG 2025-09-08 16:49:39.384 UTC: 	 Command use: kill
DEBUG 2025-09-08 16:49:39.384 UTC: 	 Options use: ['-d', 'crab_RealData_noLFNDirectory_All_LumiBased_2_boost_v2']
DEBUG 2025-09-08 16:49:39.385 UTC: 	 Encoded data for curl request: subresource=version
DEBUG 2025-09-08 16:49:39.432 UTC: 	 CRABClient version: v3.250820
DEBUG 2025-09-08 16:49:39.432 UTC: 	 Instance is prod
DEBUG 2025-09-08 16:49:39.433 UTC: 	 Server base url is cmsweb.cern.ch
DEBUG 2025-09-08 16:49:39.433 UTC: 	 Command api workflow
DEBUG 2025-09-08 16:49:39.433 UTC: 	 Killing task 250523_213226:amalhotr_crab_RealData_noLFNDirectory_All_LumiBased_2_boost_v2
DEBUG 2025-09-08 16:49:39.433 UTC: 	 Encoded data for curl request: workflow=250523_213226%3Aamalhotr_crab_RealData_noLFNDirectory_All_LumiBased_2_boost_v2
DEBUG 2025-09-08 16:49:39.490 UTC: 	 Result: {'desc': {'columns': ['tm_taskname', 'tm_task_status', 'tm_task_command', 'tm_user_role', 'tm_user_group', 'tm_task_failure', 'tm_split_algo', 'tm_split_args', 'tm_save_logs', 'tm_username', 'tm_user_dn', 'tm_arguments', 'tm_input_dataset', 'tm_dbs_url', 'tm_task_warnings', 'tm_publication', 'tm_user_webdir', 'tm_output_dataset', 'tm_collector', 'tm_schedd', 'tm_dry_run', 'clusterid', 'tm_start_time', 'tw_name', 'tm_dagman_status', 'tm_num_jobs', 'tm_uploaded']}, 'result': [{'result': 'ok'}]}
INFO 2025-09-08 16:49:39.490 UTC: 	 Kill request successfully sent
INFO 2025-09-08 16:49:39.644 UTC: 	 Log file is /afs/cern.ch/user/a/amalhotr/CMSSW_14_0_18_patch1/src/Run3ScoutingAnalysisTools/crab_RealData_noLFNDirectory_All_LumiBased_2_boost_v2/crab.log
DEBUG 2025-09-08 16:57:09.859 UTC: 	 CRAB Client version: v3.250820
DEBUG 2025-09-08 16:57:09.859 UTC: 	 Running on: Linux lxplus935.cern.ch 5.14.0-570.37.1.el9_6.x86_64 #1 SMP PREEMPT_DYNAMIC Sat Aug 16 01:10:00 EDT 2025 x86_64 x86_64 x86_64 GNU/Linux
DEBUG 2025-09-08 16:57:09.859 UTC: 	 Not using Singularity
DEBUG 2025-09-08 16:57:09.859 UTC: 	 Operating System: Red Hat Enterprise Linux 9.6 (Plow)
DEBUG 2025-09-08 16:57:09.859 UTC: 	 Executing command: 'kill'
DEBUG 2025-09-08 16:57:09.859 UTC: 	 Found CRAB cache file /afs/cern.ch/user/a/amalhotr/.crab3
DEBUG 2025-09-08 16:57:09.936 UTC: 	 Checking credentials
DEBUG 2025-09-08 16:57:09.936 UTC: 	 Found proxy file /tmp/x509up_u180451
DEBUG 2025-09-08 16:57:09.936 UTC: 	 Making sure it has proper VOMS extension
DEBUG 2025-09-08 16:57:09.936 UTC: 	 Executing command :
 voms-proxy-info --vo --file /tmp/x509up_u180451
DEBUG 2025-09-08 16:57:09.961 UTC: 	 output : cms

 error: 
 retcode : 0
DEBUG 2025-09-08 16:57:09.961 UTC: 	 Getting proxy life time left
DEBUG 2025-09-08 16:57:09.961 UTC: 	 Executing command :
 voms-proxy-info --actimeleft --timeleft --file /tmp/x509up_u180451
DEBUG 2025-09-08 16:57:09.983 UTC: 	 output : 690273
690273

 error: 
 retcode : 0
DEBUG 2025-09-08 16:57:09.983 UTC: 	 Proxy valid for 191:44:33 hours
DEBUG 2025-09-08 16:57:09.984 UTC: 	 Encoded data for curl request: subresource=delegatedn
DEBUG 2025-09-08 16:57:10.033 UTC: 	 Registering user credentials on myproxy for /DC=ch/DC=cern/OU=computers/CN=crab-(preprod|prod)-tw(01|02).cern.ch|/DC=ch/DC=cern/OU=computers/CN=crab-dev-tw(01|02|03|04).cern.ch|/DC=ch/DC=cern/OU=Organic Units/OU=Users/CN=cmscrab/CN=(817881|373708)/CN=Robot: cms crab|/DC=ch/DC=cern/OU=Organic Units/OU=Users/CN=crabint1/CN=373708/CN=Robot: CMS CRAB Integration 1
DEBUG 2025-09-08 16:57:10.033 UTC: 	 Executing command :
 voms-proxy-info --identity --file /tmp/x509up_u180451
DEBUG 2025-09-08 16:57:10.058 UTC: 	 output : /DC=ch/DC=cern/OU=Organic Units/OU=Users/CN=amalhotr/CN=884837/CN=Aryan Malhotra

 error: 
 retcode : 0
DEBUG 2025-09-08 16:57:10.058 UTC: 	 Getting myproxy life time left for 2382a3cf28fdeacb1de9b039908761ea517a5ed6
DEBUG 2025-09-08 16:57:10.058 UTC: 	 Executing command :
 myproxy-info -s myproxy.cern.ch -l 2382a3cf28fdeacb1de9b039908761ea517a5ed6
DEBUG 2025-09-08 16:57:10.318 UTC: 	 output : username: 2382a3cf28fdeacb1de9b039908761ea517a5ed6
owner: /DC=ch/DC=cern/OU=Organic Units/OU=Users/CN=amalhotr/CN=884837/CN=Aryan Malhotra
  renewal policy: /DC=ch/DC=cern/OU=computers/CN=crab-(preprod|prod)-tw(01|02).cern.ch|/DC=ch/DC=cern/OU=computers/CN=crab-dev-tw(01|02|03|04).cern.ch|/DC=ch/DC=cern/OU=Organic Units/OU=Users/CN=cmscrab/CN=(817881|373708)/CN=Robot: cms crab|/DC=ch/DC=cern/OU=Organic Units/OU=Users/CN=crabint1/CN=373708/CN=Robot: CMS CRAB Integration 1
  trusted retrieval policy: /DC=ch/DC=cern/OU=computers/CN=crab-(preprod|prod)-tw(01|02).cern.ch|/DC=ch/DC=cern/OU=computers/CN=crab-dev-tw(01|02|03|04).cern.ch|/DC=ch/DC=cern/OU=Organic Units/OU=Users/CN=cmscrab/CN=(817881|373708)/CN=Robot: cms crab|/DC=ch/DC=cern/OU=Organic Units/OU=Users/CN=crabint1/CN=373708/CN=Robot: CMS CRAB Integration 1
  timeleft: 719:47:33  (30.0 days)

 error: 
 retcode : 0
DEBUG 2025-09-08 16:57:10.318 UTC: 	 Myproxy is valid: 2591220
DEBUG 2025-09-08 16:57:10.318 UTC: 	 Result of myproxy credential check:
  Credential exists on myproxy: username: 2382a3cf28fdeacb1de9b039908761ea517a5ed6  - validity: 29 days, 23:47:00
DEBUG 2025-09-08 16:57:10.319 UTC: 	 Command use: kill
DEBUG 2025-09-08 16:57:10.319 UTC: 	 Options use: ['-d', 'crab_RealData_noLFNDirectory_All_LumiBased_2_boost_v2']
DEBUG 2025-09-08 16:57:10.319 UTC: 	 Encoded data for curl request: subresource=version
DEBUG 2025-09-08 16:57:10.360 UTC: 	 CRABClient version: v3.250820
DEBUG 2025-09-08 16:57:10.360 UTC: 	 Instance is prod
DEBUG 2025-09-08 16:57:10.360 UTC: 	 Server base url is cmsweb.cern.ch
DEBUG 2025-09-08 16:57:10.360 UTC: 	 Command api workflow
DEBUG 2025-09-08 16:57:10.360 UTC: 	 Killing task 250523_213226:amalhotr_crab_RealData_noLFNDirectory_All_LumiBased_2_boost_v2
DEBUG 2025-09-08 16:57:10.360 UTC: 	 Encoded data for curl request: workflow=250523_213226%3Aamalhotr_crab_RealData_noLFNDirectory_All_LumiBased_2_boost_v2
DEBUG 2025-09-08 16:57:10.413 UTC: 	 Result: {'desc': {'columns': ['tm_taskname', 'tm_task_status', 'tm_task_command', 'tm_user_role', 'tm_user_group', 'tm_task_failure', 'tm_split_algo', 'tm_split_args', 'tm_save_logs', 'tm_username', 'tm_user_dn', 'tm_arguments', 'tm_input_dataset', 'tm_dbs_url', 'tm_task_warnings', 'tm_publication', 'tm_user_webdir', 'tm_output_dataset', 'tm_collector', 'tm_schedd', 'tm_dry_run', 'clusterid', 'tm_start_time', 'tw_name', 'tm_dagman_status', 'tm_num_jobs', 'tm_uploaded']}, 'result': [{'result': 'ok'}]}
INFO 2025-09-08 16:57:10.413 UTC: 	 Kill request successfully sent
INFO 2025-09-08 16:57:10.414 UTC: 	 Log file is /afs/cern.ch/user/a/amalhotr/CMSSW_14_0_18_patch1/src/Run3ScoutingAnalysisTools/crab_RealData_noLFNDirectory_All_LumiBased_2_boost_v2/crab.log
