DEBUG 2025-10-09 05:38:08.358 UTC: 	 CRAB Client version: v3.250820
DEBUG 2025-10-09 05:38:08.359 UTC: 	 Running on: Linux lxplus9107.cern.ch 5.14.0-570.46.1.el9_6.x86_64 #1 SMP PREEMPT_DYNAMIC Tue Sep 16 03:28:23 EDT 2025 x86_64 x86_64 x86_64 GNU/Linux
DEBUG 2025-10-09 05:38:08.359 UTC: 	 Not using Singularity
DEBUG 2025-10-09 05:38:08.359 UTC: 	 Operating System: Red Hat Enterprise Linux 9.6 (Plow)
DEBUG 2025-10-09 05:38:08.359 UTC: 	 Executing command: 'submit'
DEBUG 2025-10-09 05:38:08.359 UTC: 	 Found CRAB cache file /afs/cern.ch/user/a/amalhotr/.crab3
INFO 2025-10-09 05:38:08.359 UTC: 	 Will use CRAB configuration file chainedCrabConfig.py
DEBUG 2025-10-09 05:38:08.359 UTC: 	 Loading CRAB configuration file.
DEBUG 2025-10-09 05:38:08.362 UTC: 	 Will use CRAB plugin ANALYSIS (i.e. will run an analysis job type).
DEBUG 2025-10-09 05:38:08.368 UTC: 	 Checking credentials
DEBUG 2025-10-09 05:38:08.368 UTC: 	 Found proxy file /tmp/x509up_u180451
DEBUG 2025-10-09 05:38:08.368 UTC: 	 Making sure it has proper VOMS extension
DEBUG 2025-10-09 05:38:08.368 UTC: 	 Executing command :
 voms-proxy-info --vo --file /tmp/x509up_u180451
DEBUG 2025-10-09 05:38:08.388 UTC: 	 output : cms

 error: 
 retcode : 0
DEBUG 2025-10-09 05:38:08.388 UTC: 	 Getting proxy life time left
DEBUG 2025-10-09 05:38:08.388 UTC: 	 Executing command :
 voms-proxy-info --actimeleft --timeleft --file /tmp/x509up_u180451
DEBUG 2025-10-09 05:38:08.407 UTC: 	 output : 690057
690057

 error: 
 retcode : 0
DEBUG 2025-10-09 05:38:08.407 UTC: 	 Proxy valid for 191:40:57 hours
DEBUG 2025-10-09 05:38:08.407 UTC: 	 Encoded data for curl request: subresource=delegatedn
DEBUG 2025-10-09 05:38:08.443 UTC: 	 Registering user credentials on myproxy for /DC=ch/DC=cern/OU=computers/CN=crab-(preprod|prod)-tw(01|02).cern.ch|/DC=ch/DC=cern/OU=computers/CN=crab-dev-tw(01|02|03|04).cern.ch|/DC=ch/DC=cern/OU=Organic Units/OU=Users/CN=cmscrab/CN=(817881|373708)/CN=Robot: cms crab|/DC=ch/DC=cern/OU=Organic Units/OU=Users/CN=crabint1/CN=373708/CN=Robot: CMS CRAB Integration 1
DEBUG 2025-10-09 05:38:08.443 UTC: 	 Executing command :
 voms-proxy-info --identity --file /tmp/x509up_u180451
DEBUG 2025-10-09 05:38:08.461 UTC: 	 output : /DC=ch/DC=cern/OU=Organic Units/OU=Users/CN=amalhotr/CN=884837/CN=Aryan Malhotra

 error: 
 retcode : 0
DEBUG 2025-10-09 05:38:08.461 UTC: 	 Getting myproxy life time left for 2382a3cf28fdeacb1de9b039908761ea517a5ed6
DEBUG 2025-10-09 05:38:08.461 UTC: 	 Executing command :
 myproxy-info -s myproxy.cern.ch -l 2382a3cf28fdeacb1de9b039908761ea517a5ed6
DEBUG 2025-10-09 05:38:08.753 UTC: 	 output : username: 2382a3cf28fdeacb1de9b039908761ea517a5ed6
owner: /DC=ch/DC=cern/OU=Organic Units/OU=Users/CN=amalhotr/CN=884837/CN=Aryan Malhotra
  renewal policy: /DC=ch/DC=cern/OU=computers/CN=crab-(preprod|prod)-tw(01|02).cern.ch|/DC=ch/DC=cern/OU=computers/CN=crab-dev-tw(01|02|03|04).cern.ch|/DC=ch/DC=cern/OU=Organic Units/OU=Users/CN=cmscrab/CN=(817881|373708)/CN=Robot: cms crab|/DC=ch/DC=cern/OU=Organic Units/OU=Users/CN=crabint1/CN=373708/CN=Robot: CMS CRAB Integration 1
  trusted retrieval policy: /DC=ch/DC=cern/OU=computers/CN=crab-(preprod|prod)-tw(01|02).cern.ch|/DC=ch/DC=cern/OU=computers/CN=crab-dev-tw(01|02|03|04).cern.ch|/DC=ch/DC=cern/OU=Organic Units/OU=Users/CN=cmscrab/CN=(817881|373708)/CN=Robot: cms crab|/DC=ch/DC=cern/OU=Organic Units/OU=Users/CN=crabint1/CN=373708/CN=Robot: CMS CRAB Integration 1
  timeleft: 383:30:40  (16.0 days)

 error: 
 retcode : 0
DEBUG 2025-10-09 05:38:08.753 UTC: 	 Myproxy is valid: 1380600
DEBUG 2025-10-09 05:38:08.753 UTC: 	 Result of myproxy credential check:
  Credential exists on myproxy: username: 2382a3cf28fdeacb1de9b039908761ea517a5ed6  - validity: 15 days, 23:30:00
DEBUG 2025-10-09 05:38:08.753 UTC: 	 Command use: submit
DEBUG 2025-10-09 05:38:08.753 UTC: 	 Options use: ['-c', 'chainedCrabConfig.py']
DEBUG 2025-10-09 05:38:08.753 UTC: 	 Encoded data for curl request: subresource=version
DEBUG 2025-10-09 05:38:08.789 UTC: 	 CRABClient version: v3.250820
DEBUG 2025-10-09 05:38:08.789 UTC: 	 Instance is prod
DEBUG 2025-10-09 05:38:08.789 UTC: 	 Server base url is cmsweb.cern.ch
DEBUG 2025-10-09 05:38:08.789 UTC: 	 Command api workflow
DEBUG 2025-10-09 05:38:08.789 UTC: 	 Started submission
DEBUG 2025-10-09 05:38:08.789 UTC: 	 Working on /afs/cern.ch/user/a/amalhotr/CMSSW_14_0_18_patch1/src/Run3ScoutingAnalysisTools/crab_MC_DYto2Mu_FullPV_0mod3_v1
DEBUG 2025-10-09 05:38:08.789 UTC: 	 Encoded data for curl request: subresource=backendurls
DEBUG 2025-10-09 05:38:08.843 UTC: 	 Loading required information from the environment
DEBUG 2025-10-09 05:38:08.843 UTC: 	 Found CMSSW_14_0_18_patch1 for el9_amd64_gcc12 with base /afs/cern.ch/user/a/amalhotr/CMSSW_14_0_18_patch1
DEBUG 2025-10-09 05:38:08.844 UTC: 	 Loading required information from the environment
DEBUG 2025-10-09 05:38:08.844 UTC: 	 Found CMSSW_14_0_18_patch1 for el9_amd64_gcc12 with base /afs/cern.ch/user/a/amalhotr/CMSSW_14_0_18_patch1
DEBUG 2025-10-09 05:38:08.844 UTC: 	 UNIQUE NAME: tarUUID 4a5b1635-949a-4c05-b2aa-4d2d8aebcdb8 
DEBUG 2025-10-09 05:38:08.844 UTC: 	 self.config: from WMCore.Configuration import Configuration
config = Configuration()
config.section_('General')
config.General.transferLogs = True
config.General.transferOutputs = True
config.General.requestName = 'MC_DYto2Mu_FullPV_0mod3_v1'
config.section_('JobType')
config.JobType.maxMemoryMB = 3000
config.JobType.outputFiles = ['DY2M_ScoutingTree_Output_PV.root']
config.JobType.psetName = 'UnifiedScoutingVertexingTreeMaker.py'
config.JobType.pluginName = 'Analysis'
config.JobType.maxJobRuntimeMin = 2750
config.section_('Data')
config.Data.inputDataset = '/DYto2Mu-4Jets_Bin-MLL-50_TuneCP5_13p6TeV_madgraphMLM-pythia8/RunIII2024Summer24MiniAOD-140X_mcRun3_2024_realistic_v26-v3/MINIAODSIM'
config.Data.inputDBS = 'global'
config.Data.allowNonValidInputDataset = True
config.Data.publication = False
config.Data.unitsPerJob = 1
config.Data.outputDatasetTag = 'MC_DYto2Mu_FullPV_0mod3_v1'
config.Data.splitting = 'FileBased'
config.Data.totalUnits = 1000
config.section_('Site')
config.Site.storageSite = 'T3_CH_CERNBOX'
config.section_('User')
config.section_('Debug')

DEBUG 2025-10-09 05:38:08.844 UTC: 	 self.config.JobType.psetName: UnifiedScoutingVertexingTreeMaker.py
INFO 2025-10-09 05:38:08.844 UTC: 	 Importing CMSSW configuration UnifiedScoutingVertexingTreeMaker.py
INFO 2025-10-09 05:38:09.156 UTC: 	 Finished importing CMSSW configuration UnifiedScoutingVertexingTreeMaker.py
DEBUG 2025-10-09 05:38:09.156 UTC: 	 Writing CMSSW configuration to /afs/cern.ch/user/a/amalhotr/CMSSW_14_0_18_patch1/src/Run3ScoutingAnalysisTools/crab_MC_DYto2Mu_FullPV_0mod3_v1/inputs/PSet.py
DEBUG 2025-10-09 05:38:09.178 UTC: 	 The following EDM output files will be collected: []
DEBUG 2025-10-09 05:38:09.178 UTC: 	 The following TFile output files will be collected: ['DY2M_ScoutingTree_Output_PV.root']
DEBUG 2025-10-09 05:38:09.178 UTC: 	 The following user output files (not listed as PoolOuputModule or TFileService in the CMSSW PSet) will be collected: 
DEBUG 2025-10-09 05:38:09.178 UTC: 	 Loading required information from the environment
DEBUG 2025-10-09 05:38:09.178 UTC: 	 Found CMSSW_14_0_18_patch1 for el9_amd64_gcc12 with base /afs/cern.ch/user/a/amalhotr/CMSSW_14_0_18_patch1
DEBUG 2025-10-09 05:38:09.178 UTC: 	 Making tarball in /afs/cern.ch/user/a/amalhotr/CMSSW_14_0_18_patch1/src/Run3ScoutingAnalysisTools/crab_MC_DYto2Mu_FullPV_0mod3_v1/inputs/4a5b1635-949a-4c05-b2aa-4d2d8aebcdb8default.tgz
DEBUG 2025-10-09 05:38:09.245 UTC: 	 Checking directory /afs/cern.ch/user/a/amalhotr/CMSSW_14_0_18_patch1/bin
DEBUG 2025-10-09 05:38:09.245 UTC: 	 Adding directory /afs/cern.ch/user/a/amalhotr/CMSSW_14_0_18_patch1/bin to tarball
DEBUG 2025-10-09 05:38:09.251 UTC: 	 Checking directory /afs/cern.ch/user/a/amalhotr/CMSSW_14_0_18_patch1/python
DEBUG 2025-10-09 05:38:09.251 UTC: 	 Adding directory /afs/cern.ch/user/a/amalhotr/CMSSW_14_0_18_patch1/python to tarball
DEBUG 2025-10-09 05:38:09.639 UTC: 	 Checking directory /afs/cern.ch/user/a/amalhotr/CMSSW_14_0_18_patch1/cfipython
DEBUG 2025-10-09 05:38:09.639 UTC: 	 Adding directory /afs/cern.ch/user/a/amalhotr/CMSSW_14_0_18_patch1/cfipython to tarball
DEBUG 2025-10-09 05:38:09.666 UTC: 	 Checking directory /afs/cern.ch/user/a/amalhotr/CMSSW_14_0_18_patch1/lib
DEBUG 2025-10-09 05:38:09.666 UTC: 	 Adding directory /afs/cern.ch/user/a/amalhotr/CMSSW_14_0_18_patch1/lib to tarball
DEBUG 2025-10-09 05:38:09.779 UTC: 	 Checking directory /afs/cern.ch/user/a/amalhotr/CMSSW_14_0_18_patch1/biglib
DEBUG 2025-10-09 05:38:09.779 UTC: 	 Adding directory /afs/cern.ch/user/a/amalhotr/CMSSW_14_0_18_patch1/biglib to tarball
DEBUG 2025-10-09 05:38:09.782 UTC: 	 Checking directory /afs/cern.ch/user/a/amalhotr/CMSSW_14_0_18_patch1/module
DEBUG 2025-10-09 05:38:09.782 UTC: 	 Checking directory /afs/cern.ch/user/a/amalhotr/CMSSW_14_0_18_patch1/config/SCRAM/hooks
DEBUG 2025-10-09 05:38:09.782 UTC: 	 Adding directory /afs/cern.ch/user/a/amalhotr/CMSSW_14_0_18_patch1/config/SCRAM/hooks to tarball
DEBUG 2025-10-09 05:38:09.980 UTC: 	 Adding directory /afs/cern.ch/user/a/amalhotr/CMSSW_14_0_18_patch1/src/Run3ScoutingAnalysisTools/DataFormats/Scouting/interface to tarball
DEBUG 2025-10-09 05:38:09.996 UTC: 	 Adding directory /afs/cern.ch/user/a/amalhotr/CMSSW_14_0_18_patch1/src/Run3ScoutingAnalysisTools/ScoutingTreeMakerRun3/python to tarball
DEBUG 2025-10-09 05:38:10.012 UTC: 	 Adding directory /afs/cern.ch/user/a/amalhotr/CMSSW_14_0_18_patch1/src/DataFormats/Scouting/interface to tarball
DEBUG 2025-10-09 05:38:10.032 UTC: 	 Adding directory /afs/cern.ch/user/a/amalhotr/CMSSW_14_0_18_patch1/src/Configuration/GenProduction/python to tarball
DEBUG 2025-10-09 05:38:10.086 UTC: 	 Uploading archive /afs/cern.ch/user/a/amalhotr/CMSSW_14_0_18_patch1/src/Run3ScoutingAnalysisTools/crab_MC_DYto2Mu_FullPV_0mod3_v1/inputs/4a5b1635-949a-4c05-b2aa-4d2d8aebcdb8default.tgz (457 KB) to the CRAB cache. Using URI https://s3.cern.ch/crabcache
DEBUG 2025-10-09 05:38:10.248 UTC: 	 Encoded data for curl request: subresource=upload&objecttype=sandbox&tarballname=4c8ae6ab1291e6425562b0b62301ab725376bec555dafec02a197dba87cc0f76.tar.gz
DEBUG 2025-10-09 05:38:10.304 UTC: 	 Will execute:
curl -f -v -X POST  -H "User-Agent: CRAB" -F "key=amalhotr/sandboxes/4c8ae6ab1291e6425562b0b62301ab725376bec555dafec02a197dba87cc0f76.tar.gz" -F "AWSAccessKeyId=715203df6482458ba839e73e6dab634b" -F "policy=eyJleHBpcmF0aW9uIjogIjIwMjUtMTAtMDlUMDY6Mzg6MTBaIiwgImNvbmRpdGlvbnMiOiBbeyJidWNrZXQiOiAiY3JhYmNhY2hlX3Byb2QifSwgeyJrZXkiOiAiYW1hbGhvdHIvc2FuZGJveGVzLzRjOGFlNmFiMTI5MWU2NDI1NTYyYjBiNjIzMDFhYjcyNTM3NmJlYzU1NWRhZmVjMDJhMTk3ZGJhODdjYzBmNzYudGFyLmd6In1dfQ==" -F "signature=hTBSigGAFWk5xenrv0YklvNeexQ=" -F "file=@/afs/cern.ch/user/a/amalhotr/CMSSW_14_0_18_patch1/src/Run3ScoutingAnalysisTools/crab_MC_DYto2Mu_FullPV_0mod3_v1/inputs/4a5b1635-949a-4c05-b2aa-4d2d8aebcdb8default.tgz" "https://s3.cern.ch/crabcache_prod"
DEBUG 2025-10-09 05:38:10.393 UTC: 	 exitcode: 0
stdout: b''
DEBUG 2025-10-09 05:38:10.393 UTC: 	 upload to S3 of sandbox /afs/cern.ch/user/a/amalhotr/CMSSW_14_0_18_patch1/src/Run3ScoutingAnalysisTools/crab_MC_DYto2Mu_FullPV_0mod3_v1/inputs/4a5b1635-949a-4c05-b2aa-4d2d8aebcdb8default.tgz completed
DEBUG 2025-10-09 05:38:10.393 UTC: 	 make sure that object is ready for retrieve
DEBUG 2025-10-09 05:38:11.393 UTC: 	 Encoded data for curl request: subresource=download&objecttype=sandbox&tarballname=4c8ae6ab1291e6425562b0b62301ab725376bec555dafec02a197dba87cc0f76.tar.gz&clientmethod=head_object
DEBUG 2025-10-09 05:38:11.427 UTC: 	 PreSignedUrl to download sandbox received OK
DEBUG 2025-10-09 05:38:11.430 UTC: 	 Will execute:
 curl -v -s -f -o /dev/null --head  "https://s3.cern.ch/crabcache_prod/amalhotr/sandboxes/4c8ae6ab1291e6425562b0b62301ab725376bec555dafec02a197dba87cc0f76.tar.gz?AWSAccessKeyId=715203df6482458ba839e73e6dab634b&Signature=1jWXJWQwJpoDyir7H9y%2F97gotV8%3D&Expires=1759991891"
DEBUG 2025-10-09 05:38:11.454 UTC: 	 exitcode: 0
stdout: b''
DEBUG 2025-10-09 05:38:11.454 UTC: 	 sandbox /afs/cern.ch/user/a/amalhotr/CMSSW_14_0_18_patch1/src/Run3ScoutingAnalysisTools/crab_MC_DYto2Mu_FullPV_0mod3_v1/inputs/4a5b1635-949a-4c05-b2aa-4d2d8aebcdb8default.tgz successfully uploaded to S3
DEBUG 2025-10-09 05:38:11.454 UTC: 	 Loading required information from the environment
DEBUG 2025-10-09 05:38:11.454 UTC: 	 Found CMSSW_14_0_18_patch1 for el9_amd64_gcc12 with base /afs/cern.ch/user/a/amalhotr/CMSSW_14_0_18_patch1
DEBUG 2025-10-09 05:38:11.454 UTC: 	 Making tarball in /afs/cern.ch/user/a/amalhotr/CMSSW_14_0_18_patch1/src/Run3ScoutingAnalysisTools/crab_MC_DYto2Mu_FullPV_0mod3_v1/inputs/debugFiles.tgz
DEBUG 2025-10-09 05:38:11.464 UTC: 	 Uploading archive /afs/cern.ch/user/a/amalhotr/CMSSW_14_0_18_patch1/src/Run3ScoutingAnalysisTools/crab_MC_DYto2Mu_FullPV_0mod3_v1/inputs/debugFiles.tgz (4 KB) to the CRAB cache. Using URI https://s3.cern.ch/crabcache
DEBUG 2025-10-09 05:38:11.466 UTC: 	 Encoded data for curl request: subresource=upload&objecttype=sandbox&tarballname=8ea221a7ba7f8c53846cef764c8ff8f768d40d11e75fba4854e9b7ca4316e164.tar.gz
DEBUG 2025-10-09 05:38:11.526 UTC: 	 Will execute:
curl -f -v -X POST  -H "User-Agent: CRAB" -F "key=amalhotr/sandboxes/8ea221a7ba7f8c53846cef764c8ff8f768d40d11e75fba4854e9b7ca4316e164.tar.gz" -F "AWSAccessKeyId=715203df6482458ba839e73e6dab634b" -F "policy=eyJleHBpcmF0aW9uIjogIjIwMjUtMTAtMDlUMDY6Mzg6MTFaIiwgImNvbmRpdGlvbnMiOiBbeyJidWNrZXQiOiAiY3JhYmNhY2hlX3Byb2QifSwgeyJrZXkiOiAiYW1hbGhvdHIvc2FuZGJveGVzLzhlYTIyMWE3YmE3ZjhjNTM4NDZjZWY3NjRjOGZmOGY3NjhkNDBkMTFlNzVmYmE0ODU0ZTliN2NhNDMxNmUxNjQudGFyLmd6In1dfQ==" -F "signature=W7f1Ov1cFrztepgpwTqkS3z+cJA=" -F "file=@/afs/cern.ch/user/a/amalhotr/CMSSW_14_0_18_patch1/src/Run3ScoutingAnalysisTools/crab_MC_DYto2Mu_FullPV_0mod3_v1/inputs/debugFiles.tgz" "https://s3.cern.ch/crabcache_prod"
DEBUG 2025-10-09 05:38:11.628 UTC: 	 exitcode: 0
stdout: b''
DEBUG 2025-10-09 05:38:11.628 UTC: 	 upload to S3 of sandbox /afs/cern.ch/user/a/amalhotr/CMSSW_14_0_18_patch1/src/Run3ScoutingAnalysisTools/crab_MC_DYto2Mu_FullPV_0mod3_v1/inputs/debugFiles.tgz completed
DEBUG 2025-10-09 05:38:11.628 UTC: 	 make sure that object is ready for retrieve
DEBUG 2025-10-09 05:38:12.630 UTC: 	 Encoded data for curl request: subresource=download&objecttype=sandbox&tarballname=8ea221a7ba7f8c53846cef764c8ff8f768d40d11e75fba4854e9b7ca4316e164.tar.gz&clientmethod=head_object
DEBUG 2025-10-09 05:38:12.667 UTC: 	 PreSignedUrl to download sandbox received OK
DEBUG 2025-10-09 05:38:12.669 UTC: 	 Will execute:
 curl -v -s -f -o /dev/null --head  "https://s3.cern.ch/crabcache_prod/amalhotr/sandboxes/8ea221a7ba7f8c53846cef764c8ff8f768d40d11e75fba4854e9b7ca4316e164.tar.gz?AWSAccessKeyId=715203df6482458ba839e73e6dab634b&Signature=mw8OpiEtX3ixKRAdv3IUlAC%2BtJo%3D&Expires=1759991892"
DEBUG 2025-10-09 05:38:12.697 UTC: 	 exitcode: 0
stdout: b''
DEBUG 2025-10-09 05:38:12.697 UTC: 	 sandbox /afs/cern.ch/user/a/amalhotr/CMSSW_14_0_18_patch1/src/Run3ScoutingAnalysisTools/crab_MC_DYto2Mu_FullPV_0mod3_v1/inputs/debugFiles.tgz successfully uploaded to S3
DEBUG 2025-10-09 05:38:12.697 UTC: 	 Result uploading input files: 4c8ae6ab1291e6425562b0b62301ab725376bec555dafec02a197dba87cc0f76.tar.gz 
DEBUG 2025-10-09 05:38:12.698 UTC: 	 submit() - self.configuration from WMCore.Configuration import Configuration
config = Configuration()
config.section_('General')
config.General.transferLogs = True
config.General.transferOutputs = True
config.General.requestName = 'MC_DYto2Mu_FullPV_0mod3_v1'
config.section_('JobType')
config.JobType.maxMemoryMB = 3000
config.JobType.outputFiles = ['DY2M_ScoutingTree_Output_PV.root']
config.JobType.psetName = 'UnifiedScoutingVertexingTreeMaker.py'
config.JobType.pluginName = 'Analysis'
config.JobType.maxJobRuntimeMin = 2750
config.section_('Data')
config.Data.inputDataset = '/DYto2Mu-4Jets_Bin-MLL-50_TuneCP5_13p6TeV_madgraphMLM-pythia8/RunIII2024Summer24MiniAOD-140X_mcRun3_2024_realistic_v26-v3/MINIAODSIM'
config.Data.inputDBS = 'global'
config.Data.allowNonValidInputDataset = True
config.Data.publication = False
config.Data.unitsPerJob = 1
config.Data.outputDatasetTag = 'MC_DYto2Mu_FullPV_0mod3_v1'
config.Data.splitting = 'FileBased'
config.Data.totalUnits = 1000
config.section_('Site')
config.Site.storageSite = 'T3_CH_CERNBOX'
config.section_('User')
config.section_('Debug')

DEBUG 2025-10-09 05:38:12.698 UTC: 	 submit() - self.configreq {'dryrun': 0, 'workflow': 'crab_MC_DYto2Mu_FullPV_0mod3_v1', 'saveoutput': 1, 'savelogsflag': 1, 'inputdata': '/DYto2Mu-4Jets_Bin-MLL-50_TuneCP5_13p6TeV_madgraphMLM-pythia8/RunIII2024Summer24MiniAOD-140X_mcRun3_2024_realistic_v26-v3/MINIAODSIM', 'nonvaliddata': 1, 'userfiles': [], 'dbsurl': 'https://cmsweb.cern.ch/dbs/prod/global/DBSReader', 'useparent': 0, 'ignorelocality': 0, 'splitalgo': 'FileBased', 'algoargs': 1, 'totalunits': 1000, 'publication': 0, 'publishdbsurl': 'https://cmsweb.cern.ch/dbs/prod/phys03/DBSWriter', 'publishname2': 'MC_DYto2Mu_FullPV_0mod3_v1', 'jobtype': 'Analysis', 'generator': 'pythia', 'addoutputfiles': ['DY2M_ScoutingTree_Output_PV.root'], 'maxjobruntime': 2750, 'numcores': 1, 'maxmemory': 3000, 'priority': 10, 'nonprodsw': 0, 'asyncdest': 'T3_CH_CERNBOX', 'requireaccelerator': 0, 'oneEventMode': 0, 'extrajdl': [], 'ignoreglobalblacklist': 0, 'partialdataset': 0, 'inputblocks': []}
DEBUG 2025-10-09 05:38:12.698 UTC: 	 submit() - jobconfig {'addoutputfiles': [], 'tfileoutfiles': ['DY2M_ScoutingTree_Output_PV.root'], 'edmoutfiles': [], 'jobarch': 'el9_amd64_gcc12', 'jobminuarch': 'any', 'jobsw': 'CMSSW_14_0_18_patch1', 'inputdata': '/DYto2Mu-4Jets_Bin-MLL-50_TuneCP5_13p6TeV_madgraphMLM-pythia8/RunIII2024Summer24MiniAOD-140X_mcRun3_2024_realistic_v26-v3/MINIAODSIM', 'cacheurl': 'https://s3.cern.ch/crabcache', 'cachefilename': '4c8ae6ab1291e6425562b0b62301ab725376bec555dafec02a197dba87cc0f76.tar.gz', 'debugfilename': '8ea221a7ba7f8c53846cef764c8ff8f768d40d11e75fba4854e9b7ca4316e164.tar.gz', 'jobtype': 'Analysis'}
INFO 2025-10-09 05:38:12.698 UTC: 	 Sending the request to the server at cmsweb.cern.ch
DEBUG 2025-10-09 05:38:12.698 UTC: 	 Submitting {'dryrun': 0, 'workflow': 'crab_MC_DYto2Mu_FullPV_0mod3_v1', 'saveoutput': 1, 'savelogsflag': 1, 'inputdata': '/DYto2Mu-4Jets_Bin-MLL-50_TuneCP5_13p6TeV_madgraphMLM-pythia8/RunIII2024Summer24MiniAOD-140X_mcRun3_2024_realistic_v26-v3/MINIAODSIM', 'nonvaliddata': 1, 'userfiles': [], 'dbsurl': 'https://cmsweb.cern.ch/dbs/prod/global/DBSReader', 'useparent': 0, 'ignorelocality': 0, 'splitalgo': 'FileBased', 'algoargs': 1, 'totalunits': 1000, 'publication': 0, 'publishdbsurl': 'https://cmsweb.cern.ch/dbs/prod/phys03/DBSWriter', 'publishname2': 'MC_DYto2Mu_FullPV_0mod3_v1', 'jobtype': 'Analysis', 'generator': 'pythia', 'addoutputfiles': [], 'maxjobruntime': 2750, 'numcores': 1, 'maxmemory': 3000, 'priority': 10, 'nonprodsw': 0, 'asyncdest': 'T3_CH_CERNBOX', 'requireaccelerator': 0, 'oneEventMode': 0, 'extrajdl': [], 'ignoreglobalblacklist': 0, 'partialdataset': 0, 'inputblocks': [], 'tfileoutfiles': ['DY2M_ScoutingTree_Output_PV.root'], 'edmoutfiles': [], 'jobarch': 'el9_amd64_gcc12', 'jobminuarch': 'any', 'jobsw': 'CMSSW_14_0_18_patch1', 'cacheurl': 'https://s3.cern.ch/crabcache', 'cachefilename': '4c8ae6ab1291e6425562b0b62301ab725376bec555dafec02a197dba87cc0f76.tar.gz', 'debugfilename': '8ea221a7ba7f8c53846cef764c8ff8f768d40d11e75fba4854e9b7ca4316e164.tar.gz'} 
DEBUG 2025-10-09 05:38:12.698 UTC: 	 Encoded data for curl request: dryrun=0&workflow=crab_MC_DYto2Mu_FullPV_0mod3_v1&saveoutput=1&savelogsflag=1&inputdata=%2FDYto2Mu-4Jets_Bin-MLL-50_TuneCP5_13p6TeV_madgraphMLM-pythia8%2FRunIII2024Summer24MiniAOD-140X_mcRun3_2024_realistic_v26-v3%2FMINIAODSIM&nonvaliddata=1&dbsurl=https%3A%2F%2Fcmsweb.cern.ch%2Fdbs%2Fprod%2Fglobal%2FDBSReader&useparent=0&ignorelocality=0&splitalgo=FileBased&algoargs=1&totalunits=1000&publication=0&publishdbsurl=https%3A%2F%2Fcmsweb.cern.ch%2Fdbs%2Fprod%2Fphys03%2FDBSWriter&publishname2=MC_DYto2Mu_FullPV_0mod3_v1&jobtype=Analysis&generator=pythia&maxjobruntime=2750&numcores=1&maxmemory=3000&priority=10&nonprodsw=0&asyncdest=T3_CH_CERNBOX&requireaccelerator=0&oneEventMode=0&ignoreglobalblacklist=0&partialdataset=0&jobarch=el9_amd64_gcc12&jobminuarch=any&jobsw=CMSSW_14_0_18_patch1&cacheurl=https%3A%2F%2Fs3.cern.ch%2Fcrabcache&cachefilename=4c8ae6ab1291e6425562b0b62301ab725376bec555dafec02a197dba87cc0f76.tar.gz&debugfilename=8ea221a7ba7f8c53846cef764c8ff8f768d40d11e75fba4854e9b7ca4316e164.tar.gz&tfileoutfiles=DY2M_ScoutingTree_Output_PV.root
DEBUG 2025-10-09 05:38:12.746 UTC: 	 Result: {'result': [{'RequestName': '251009_053812:amalhotr_crab_MC_DYto2Mu_FullPV_0mod3_v1'}]}
INFO 2025-10-09 05:38:12.748 UTC: 	 Success: Your task has been delivered to the prod CRAB3 server.
INFO 2025-10-09 05:38:12.748 UTC: 	 Task name: 251009_053812:amalhotr_crab_MC_DYto2Mu_FullPV_0mod3_v1
INFO 2025-10-09 05:38:12.749 UTC: 	 Project dir: ./crab_MC_DYto2Mu_FullPV_0mod3_v1
INFO 2025-10-09 05:38:12.749 UTC: 	 Please use ' crab status -d ./crab_MC_DYto2Mu_FullPV_0mod3_v1 ' to check how the submission process proceeds.
DEBUG 2025-10-09 05:38:12.749 UTC: 	 About to return
INFO 2025-10-09 05:38:12.752 UTC: 	 Log file is /afs/cern.ch/user/a/amalhotr/CMSSW_14_0_18_patch1/src/Run3ScoutingAnalysisTools/crab_MC_DYto2Mu_FullPV_0mod3_v1/crab.log
DEBUG 2025-10-09 05:40:38.696 UTC: 	 CRAB Client version: v3.250820
DEBUG 2025-10-09 05:40:38.696 UTC: 	 Running on: Linux lxplus9107.cern.ch 5.14.0-570.46.1.el9_6.x86_64 #1 SMP PREEMPT_DYNAMIC Tue Sep 16 03:28:23 EDT 2025 x86_64 x86_64 x86_64 GNU/Linux
DEBUG 2025-10-09 05:40:38.696 UTC: 	 Not using Singularity
DEBUG 2025-10-09 05:40:38.696 UTC: 	 Operating System: Red Hat Enterprise Linux 9.6 (Plow)
DEBUG 2025-10-09 05:40:38.696 UTC: 	 Executing command: 'status'
DEBUG 2025-10-09 05:40:38.697 UTC: 	 Found CRAB cache file /afs/cern.ch/user/a/amalhotr/.crab3
DEBUG 2025-10-09 05:40:38.702 UTC: 	 Checking credentials
DEBUG 2025-10-09 05:40:38.702 UTC: 	 Found proxy file /tmp/x509up_u180451
DEBUG 2025-10-09 05:40:38.702 UTC: 	 Making sure it has proper VOMS extension
DEBUG 2025-10-09 05:40:38.702 UTC: 	 Executing command :
 voms-proxy-info --vo --file /tmp/x509up_u180451
DEBUG 2025-10-09 05:40:38.726 UTC: 	 output : cms

 error: 
 retcode : 0
DEBUG 2025-10-09 05:40:38.726 UTC: 	 Getting proxy life time left
DEBUG 2025-10-09 05:40:38.726 UTC: 	 Executing command :
 voms-proxy-info --actimeleft --timeleft --file /tmp/x509up_u180451
DEBUG 2025-10-09 05:40:38.746 UTC: 	 output : 689907
689907

 error: 
 retcode : 0
DEBUG 2025-10-09 05:40:38.747 UTC: 	 Proxy valid for 191:38:27 hours
DEBUG 2025-10-09 05:40:38.747 UTC: 	 Encoded data for curl request: subresource=delegatedn
DEBUG 2025-10-09 05:40:38.783 UTC: 	 Registering user credentials on myproxy for /DC=ch/DC=cern/OU=computers/CN=crab-(preprod|prod)-tw(01|02).cern.ch|/DC=ch/DC=cern/OU=computers/CN=crab-dev-tw(01|02|03|04).cern.ch|/DC=ch/DC=cern/OU=Organic Units/OU=Users/CN=cmscrab/CN=(817881|373708)/CN=Robot: cms crab|/DC=ch/DC=cern/OU=Organic Units/OU=Users/CN=crabint1/CN=373708/CN=Robot: CMS CRAB Integration 1
DEBUG 2025-10-09 05:40:38.783 UTC: 	 Executing command :
 voms-proxy-info --identity --file /tmp/x509up_u180451
DEBUG 2025-10-09 05:40:38.803 UTC: 	 output : /DC=ch/DC=cern/OU=Organic Units/OU=Users/CN=amalhotr/CN=884837/CN=Aryan Malhotra

 error: 
 retcode : 0
DEBUG 2025-10-09 05:40:38.803 UTC: 	 Getting myproxy life time left for 2382a3cf28fdeacb1de9b039908761ea517a5ed6
DEBUG 2025-10-09 05:40:38.803 UTC: 	 Executing command :
 myproxy-info -s myproxy.cern.ch -l 2382a3cf28fdeacb1de9b039908761ea517a5ed6
DEBUG 2025-10-09 05:40:39.118 UTC: 	 output : username: 2382a3cf28fdeacb1de9b039908761ea517a5ed6
owner: /DC=ch/DC=cern/OU=Organic Units/OU=Users/CN=amalhotr/CN=884837/CN=Aryan Malhotra
  renewal policy: /DC=ch/DC=cern/OU=computers/CN=crab-(preprod|prod)-tw(01|02).cern.ch|/DC=ch/DC=cern/OU=computers/CN=crab-dev-tw(01|02|03|04).cern.ch|/DC=ch/DC=cern/OU=Organic Units/OU=Users/CN=cmscrab/CN=(817881|373708)/CN=Robot: cms crab|/DC=ch/DC=cern/OU=Organic Units/OU=Users/CN=crabint1/CN=373708/CN=Robot: CMS CRAB Integration 1
  trusted retrieval policy: /DC=ch/DC=cern/OU=computers/CN=crab-(preprod|prod)-tw(01|02).cern.ch|/DC=ch/DC=cern/OU=computers/CN=crab-dev-tw(01|02|03|04).cern.ch|/DC=ch/DC=cern/OU=Organic Units/OU=Users/CN=cmscrab/CN=(817881|373708)/CN=Robot: cms crab|/DC=ch/DC=cern/OU=Organic Units/OU=Users/CN=crabint1/CN=373708/CN=Robot: CMS CRAB Integration 1
  timeleft: 383:28:09  (16.0 days)

 error: 
 retcode : 0
DEBUG 2025-10-09 05:40:39.119 UTC: 	 Myproxy is valid: 1380480
DEBUG 2025-10-09 05:40:39.119 UTC: 	 Result of myproxy credential check:
  Credential exists on myproxy: username: 2382a3cf28fdeacb1de9b039908761ea517a5ed6  - validity: 15 days, 23:28:00
DEBUG 2025-10-09 05:40:39.119 UTC: 	 Retrieving username ...
DEBUG 2025-10-09 05:40:39.119 UTC: 	 Retrieving username from CRIC...
DEBUG 2025-10-09 05:40:39.880 UTC: 	 username is amalhotr
INFO 2025-10-09 05:40:40.353 UTC: 	 Rucio client intialized for account amalhotr
DEBUG 2025-10-09 05:40:40.353 UTC: 	 Command use: status
DEBUG 2025-10-09 05:40:40.353 UTC: 	 Options use: ['-d', './crab_MC_DYto2Mu_FullPV_0mod3_v1']
DEBUG 2025-10-09 05:40:40.353 UTC: 	 Encoded data for curl request: subresource=version
DEBUG 2025-10-09 05:40:40.387 UTC: 	 CRABClient version: v3.250820
DEBUG 2025-10-09 05:40:40.387 UTC: 	 Instance is prod
DEBUG 2025-10-09 05:40:40.387 UTC: 	 Server base url is cmsweb.cern.ch
DEBUG 2025-10-09 05:40:40.387 UTC: 	 Command api workflow
DEBUG 2025-10-09 05:40:40.387 UTC: 	 Encoded data for curl request: subresource=search&workflow=251009_053812%3Aamalhotr_crab_MC_DYto2Mu_FullPV_0mod3_v1
DEBUG 2025-10-09 05:40:40.424 UTC: 	 Got information from server oracle database: {'desc': {'columns': ['tm_taskname', 'tm_activity', 'tm_task_status', 'tm_task_command', 'tm_start_time', 'tm_start_injection', 'tm_end_injection', 'tm_task_failure', 'tm_job_sw', 'tm_job_arch', 'tm_input_dataset', 'tm_nonvalid_input_dataset', 'tm_use_parent', 'tm_site_whitelist', 'tm_site_blacklist', 'tm_split_algo', 'tm_split_args', 'tm_user_sandbox', 'tm_cache_url', 'tm_username', 'tm_user_dn', 'tm_user_vo', 'tm_user_role', 'tm_user_group', 'tm_publish_name', 'tm_publish_groupname', 'tm_asyncdest', 'tm_dbs_url', 'tm_publish_dbs_url', 'tm_publication', 'tm_outfiles', 'tm_tfile_outfiles', 'tm_edm_outfiles', 'tm_job_type', 'tm_generator', 'tm_events_per_lumi', 'tm_arguments', 'tm_save_logs', 'tw_name', 'tm_user_infiles', 'tm_maxjobruntime', 'tm_numcores', 'tm_maxmemory', 'tm_priority', 'tm_output_dataset', 'tm_task_warnings', 'tm_user_webdir', 'tm_scriptexe', 'tm_scriptargs', 'tm_extrajdl', 'tm_collector', 'tm_schedd', 'tm_dry_run', 'tm_user_files', 'tm_transfer_outputs', 'tm_output_lfn', 'tm_ignore_locality', 'tm_fail_limit', 'tm_one_event_mode', 'tm_secondary_input_dataset', 'tm_primary_dataset', 'tm_last_publication', 'tm_debug_files', 'clusterid', 'tm_ignore_global_blacklist', 'tm_submitter_ip_addr', 'tm_totalunits', 'tm_ddm_reqid', 'tm_user_config', 'tm_transfer_container', 'tm_transfer_rule', 'tm_publish_rule', 'tm_multipub_rule', 'tm_job_min_microarch', 'tm_dagman_status', 'tm_num_jobs', 'tm_uploaded']}, 'result': ['251009_053812:amalhotr_crab_MC_DYto2Mu_FullPV_0mod3_v1', 'None', 'SUBMITTED', 'SUBMIT', '2025-10-09 05:38:12.741341', 'None', '2025-10-09 05:39:54.358167', 'None', 'CMSSW_14_0_18_patch1', 'el9_amd64_gcc12', '/DYto2Mu-4Jets_Bin-MLL-50_TuneCP5_13p6TeV_madgraphMLM-pythia8/RunIII2024Summer24MiniAOD-140X_mcRun3_2024_realistic_v26-v3/MINIAODSIM', 'T', '0', '[]', '[]', 'FileBased', "{'halt_job_on_file_boundaries': False, 'splitOnRun': False, 'files_per_job': 1, 'runs': [], 'lumis': []}", '4c8ae6ab1291e6425562b0b62301ab725376bec555dafec02a197dba87cc0f76.tar.gz', 'S3/crabcache_prod', 'amalhotr', '/DC=ch/DC=cern/OU=Organic Units/OU=Users/CN=amalhotr/CN=884837/CN=Aryan Malhotra', 'cms', 'None', 'None', 'MC_DYto2Mu_FullPV_0mod3_v1-00000000000000000000000000000000', 'F', 'T3_CH_CERNBOX', 'https://cmsweb.cern.ch/dbs/prod/global/DBSReader', 'https://cmsweb.cern.ch/dbs/prod/phys03/DBSWriter', 'F', '[]', "['DY2M_ScoutingTree_Output_PV.root']", '[]', 'Analysis', 'pythia', 'None', '{}', 'T', 'crab-prod-tw01', '[]', '2750', '1', '3000', '10', 'None', "['Task requests 3000 MB of memory, but only 2500 are guaranteed to be available. Jobs may not find a site where to run and stay idle forever.']", 'None', 'None', '[]', '[]', 'cmsgwms-collector-global.cern.ch:9620,cmsgwms-collector-global.fnal.gov:9620', 'crab3@vocms0199.cern.ch', 'F', '[]', 'T', '/store/user/amalhotr/', 'F', 'None', 'F', 'None', 'DYto2Mu-4Jets_Bin-MLL-50_TuneCP5_13p6TeV_madgraphMLM-pythia8', 'None', '8ea221a7ba7f8c53846cef764c8ff8f768d40d11e75fba4854e9b7ca4316e164.tar.gz', '92832684', 'F', '188.185.89.194', '1000.0', 'None', '{"partialdataset": false, "requireaccelerator": false, "acceleratorparams": null, "inputblocks": null}', 'None', 'None', 'None', 'None', 'any', 'NOT_READY', '1000', 'T']}
INFO 2025-10-09 05:40:40.424 UTC: 	 CRAB project directory:		/afs/cern.ch/user/a/amalhotr/CMSSW_14_0_18_patch1/src/Run3ScoutingAnalysisTools/crab_MC_DYto2Mu_FullPV_0mod3_v1
INFO 2025-10-09 05:40:40.424 UTC: 	 Task name:			251009_053812:amalhotr_crab_MC_DYto2Mu_FullPV_0mod3_v1
INFO 2025-10-09 05:40:40.424 UTC: 	 Grid scheduler - Task Worker:	crab3@vocms0199.cern.ch - crab-prod-tw01
INFO 2025-10-09 05:40:40.424 UTC: 	 Status on the CRAB server:	SUBMITTED
INFO 2025-10-09 05:40:40.425 UTC: 	 Task URL to use for HELP:	https://cmsweb.cern.ch/crabserver/ui/task/251009_053812%3Aamalhotr_crab_MC_DYto2Mu_FullPV_0mod3_v1
INFO 2025-10-09 05:40:40.431 UTC: 	 Dashboard monitoring URL:	https://monit-grafana.cern.ch/d/cmsTMDetail/cms-task-monitoring-task-view?orgId=11&var-user=amalhotr&var-task=251009_053812%3Aamalhotr_crab_MC_DYto2Mu_FullPV_0mod3_v1&from=1759984692000&to=now
WARNING 2025-10-09 05:40:40.432 UTC: 	 Warning:			Task requests 3000 MB of memory, but only 2500 are guaranteed to be available. Jobs may not find a site where to run and stay idle forever.
DEBUG 2025-10-09 05:40:40.432 UTC: 	 The CRAB server submitted your task to the Grid scheduler (cluster ID: 92832684)
INFO 2025-10-09 05:40:40.432 UTC: 	 Waiting for the Grid scheduler to bootstrap your task
DEBUG 2025-10-09 05:40:40.432 UTC: 	 Schedd has not reported back the webdir (yet)
INFO 2025-10-09 05:40:40.433 UTC: 	 Log file is /afs/cern.ch/user/a/amalhotr/CMSSW_14_0_18_patch1/src/Run3ScoutingAnalysisTools/crab_MC_DYto2Mu_FullPV_0mod3_v1/crab.log
DEBUG 2025-10-29 22:59:53.129 UTC: 	 CRAB Client version: v3.250820
DEBUG 2025-10-29 22:59:53.129 UTC: 	 Running on: Linux lxplus911.cern.ch 5.14.0-570.51.1.el9_6.x86_64 #1 SMP PREEMPT_DYNAMIC Sat Sep 27 01:10:11 EDT 2025 x86_64 x86_64 x86_64 GNU/Linux
DEBUG 2025-10-29 22:59:53.129 UTC: 	 Not using Singularity
DEBUG 2025-10-29 22:59:53.129 UTC: 	 Operating System: Red Hat Enterprise Linux 9.6 (Plow)
DEBUG 2025-10-29 22:59:53.129 UTC: 	 Executing command: 'kill'
DEBUG 2025-10-29 22:59:53.129 UTC: 	 Found CRAB cache file /afs/cern.ch/user/a/amalhotr/.crab3
DEBUG 2025-10-29 22:59:53.227 UTC: 	 Checking credentials
DEBUG 2025-10-29 22:59:53.227 UTC: 	 Found proxy file /tmp/x509up_u180451
DEBUG 2025-10-29 22:59:53.227 UTC: 	 Making sure it has proper VOMS extension
DEBUG 2025-10-29 22:59:53.227 UTC: 	 Executing command :
 voms-proxy-info --vo --file /tmp/x509up_u180451
DEBUG 2025-10-29 22:59:53.248 UTC: 	 output : cms

 error: 
 retcode : 0
DEBUG 2025-10-29 22:59:53.248 UTC: 	 Getting proxy life time left
DEBUG 2025-10-29 22:59:53.248 UTC: 	 Executing command :
 voms-proxy-info --actimeleft --timeleft --file /tmp/x509up_u180451
DEBUG 2025-10-29 22:59:53.269 UTC: 	 output : 683499
683499

 error: 
 retcode : 0
DEBUG 2025-10-29 22:59:53.269 UTC: 	 Proxy valid for 189:51:39 hours
DEBUG 2025-10-29 22:59:53.270 UTC: 	 Encoded data for curl request: subresource=delegatedn
DEBUG 2025-10-29 22:59:53.305 UTC: 	 Registering user credentials on myproxy for /DC=ch/DC=cern/OU=Organic Units/OU=Users/CN=cmscrab/CN=(817881|373708)/CN=Robot: cms crab|/DC=ch/DC=cern/OU=Organic Units/OU=Users/CN=crabint1/CN=373708/CN=Robot: CMS CRAB Integration 1
DEBUG 2025-10-29 22:59:53.305 UTC: 	 Executing command :
 voms-proxy-info --identity --file /tmp/x509up_u180451
DEBUG 2025-10-29 22:59:53.335 UTC: 	 output : /DC=ch/DC=cern/OU=Organic Units/OU=Users/CN=amalhotr/CN=884837/CN=Aryan Malhotra

 error: 
 retcode : 0
DEBUG 2025-10-29 22:59:53.335 UTC: 	 Getting myproxy life time left for 2382a3cf28fdeacb1de9b039908761ea517a5ed6
DEBUG 2025-10-29 22:59:53.335 UTC: 	 Executing command :
 myproxy-info -s myproxy.cern.ch -l 2382a3cf28fdeacb1de9b039908761ea517a5ed6
DEBUG 2025-10-29 22:59:53.629 UTC: 	 output : username: 2382a3cf28fdeacb1de9b039908761ea517a5ed6
owner: /DC=ch/DC=cern/OU=Organic Units/OU=Users/CN=amalhotr/CN=884837/CN=Aryan Malhotra
  renewal policy: /DC=ch/DC=cern/OU=Organic Units/OU=Users/CN=cmscrab/CN=(817881|373708)/CN=Robot: cms crab|/DC=ch/DC=cern/OU=Organic Units/OU=Users/CN=crabint1/CN=373708/CN=Robot: CMS CRAB Integration 1
  trusted retrieval policy: /DC=ch/DC=cern/OU=Organic Units/OU=Users/CN=cmscrab/CN=(817881|373708)/CN=Robot: cms crab|/DC=ch/DC=cern/OU=Organic Units/OU=Users/CN=crabint1/CN=373708/CN=Robot: CMS CRAB Integration 1
  timeleft: 719:49:22  (30.0 days)

 error: 
 retcode : 0
DEBUG 2025-10-29 22:59:53.629 UTC: 	 Myproxy is valid: 2591340
DEBUG 2025-10-29 22:59:53.629 UTC: 	 Result of myproxy credential check:
  Credential exists on myproxy: username: 2382a3cf28fdeacb1de9b039908761ea517a5ed6  - validity: 29 days, 23:49:00
DEBUG 2025-10-29 22:59:53.629 UTC: 	 Command use: kill
DEBUG 2025-10-29 22:59:53.629 UTC: 	 Options use: ['--dir=crab_MC_DYto2Mu_FullPV_0mod3_v1']
DEBUG 2025-10-29 22:59:53.630 UTC: 	 Encoded data for curl request: subresource=version
DEBUG 2025-10-29 22:59:53.669 UTC: 	 CRABClient version: v3.250820
DEBUG 2025-10-29 22:59:53.669 UTC: 	 Instance is prod
DEBUG 2025-10-29 22:59:53.669 UTC: 	 Server base url is cmsweb.cern.ch
DEBUG 2025-10-29 22:59:53.669 UTC: 	 Command api workflow
DEBUG 2025-10-29 22:59:53.669 UTC: 	 Killing task 251009_053812:amalhotr_crab_MC_DYto2Mu_FullPV_0mod3_v1
DEBUG 2025-10-29 22:59:53.669 UTC: 	 Encoded data for curl request: workflow=251009_053812%3Aamalhotr_crab_MC_DYto2Mu_FullPV_0mod3_v1
DEBUG 2025-10-29 22:59:53.707 UTC: 	 Result: {'desc': {'columns': ['tm_taskname', 'tm_task_status', 'tm_task_command', 'tm_user_role', 'tm_user_group', 'tm_task_failure', 'tm_split_algo', 'tm_split_args', 'tm_save_logs', 'tm_username', 'tm_user_dn', 'tm_arguments', 'tm_input_dataset', 'tm_dbs_url', 'tm_task_warnings', 'tm_publication', 'tm_user_webdir', 'tm_output_dataset', 'tm_collector', 'tm_schedd', 'tm_dry_run', 'clusterid', 'tm_start_time', 'tw_name', 'tm_dagman_status', 'tm_num_jobs', 'tm_uploaded']}, 'result': [{'result': 'ok'}]}
INFO 2025-10-29 22:59:53.707 UTC: 	 Kill request successfully sent
INFO 2025-10-29 22:59:53.726 UTC: 	 Log file is /afs/cern.ch/user/a/amalhotr/CMSSW_14_0_18_patch1/src/Run3ScoutingAnalysisTools/crab_MC_DYto2Mu_FullPV_0mod3_v1/crab.log
