DEBUG 2025-11-03 19:06:13.329 UTC: 	 CRAB Client version: v3.251020
DEBUG 2025-11-03 19:06:13.329 UTC: 	 Running on: Linux lxplus924.cern.ch 5.14.0-570.55.1.el9_6.x86_64 #1 SMP PREEMPT_DYNAMIC Tue Oct 14 01:03:55 EDT 2025 x86_64 x86_64 x86_64 GNU/Linux
DEBUG 2025-11-03 19:06:13.329 UTC: 	 Not using Singularity
DEBUG 2025-11-03 19:06:13.329 UTC: 	 Operating System: Red Hat Enterprise Linux 9.6 (Plow)
DEBUG 2025-11-03 19:06:13.329 UTC: 	 Executing command: 'submit'
DEBUG 2025-11-03 19:06:13.329 UTC: 	 Found CRAB cache file /afs/cern.ch/user/a/amalhotr/.crab3
INFO 2025-11-03 19:06:13.330 UTC: 	 Will use CRAB configuration file chainedCrabConfig.py
DEBUG 2025-11-03 19:06:13.331 UTC: 	 Loading CRAB configuration file.
DEBUG 2025-11-03 19:06:13.336 UTC: 	 Will use CRAB plugin ANALYSIS (i.e. will run an analysis job type).
DEBUG 2025-11-03 19:06:13.343 UTC: 	 Checking credentials
DEBUG 2025-11-03 19:06:13.343 UTC: 	 Found proxy file /tmp/x509up_u180451
DEBUG 2025-11-03 19:06:13.343 UTC: 	 Making sure it has proper VOMS extension
DEBUG 2025-11-03 19:06:13.343 UTC: 	 Executing command :
 voms-proxy-info --vo --file /tmp/x509up_u180451
DEBUG 2025-11-03 19:06:13.370 UTC: 	 output : cms

 error: 
 retcode : 0
DEBUG 2025-11-03 19:06:13.370 UTC: 	 Getting proxy life time left
DEBUG 2025-11-03 19:06:13.371 UTC: 	 Executing command :
 voms-proxy-info --actimeleft --timeleft --file /tmp/x509up_u180451
DEBUG 2025-11-03 19:06:13.404 UTC: 	 output : 687421
687421

 error: 
 retcode : 0
DEBUG 2025-11-03 19:06:13.404 UTC: 	 Proxy valid for 190:57:01 hours
DEBUG 2025-11-03 19:06:13.405 UTC: 	 Encoded data for curl request: subresource=delegatedn
DEBUG 2025-11-03 19:06:13.457 UTC: 	 Registering user credentials on myproxy for /DC=ch/DC=cern/OU=Organic Units/OU=Users/CN=cmscrab/CN=(817881|373708)/CN=Robot: cms crab|/DC=ch/DC=cern/OU=Organic Units/OU=Users/CN=crabint1/CN=373708/CN=Robot: CMS CRAB Integration 1
DEBUG 2025-11-03 19:06:13.457 UTC: 	 Executing command :
 voms-proxy-info --identity --file /tmp/x509up_u180451
DEBUG 2025-11-03 19:06:13.484 UTC: 	 output : /DC=ch/DC=cern/OU=Organic Units/OU=Users/CN=amalhotr/CN=884837/CN=Aryan Malhotra

 error: 
 retcode : 0
DEBUG 2025-11-03 19:06:13.485 UTC: 	 Getting myproxy life time left for 2382a3cf28fdeacb1de9b039908761ea517a5ed6
DEBUG 2025-11-03 19:06:13.485 UTC: 	 Executing command :
 myproxy-info -s myproxy.cern.ch -l 2382a3cf28fdeacb1de9b039908761ea517a5ed6
DEBUG 2025-11-03 19:06:13.821 UTC: 	 output : username: 2382a3cf28fdeacb1de9b039908761ea517a5ed6
owner: /DC=ch/DC=cern/OU=Organic Units/OU=Users/CN=amalhotr/CN=884837/CN=Aryan Malhotra
  renewal policy: /DC=ch/DC=cern/OU=Organic Units/OU=Users/CN=cmscrab/CN=(817881|373708)/CN=Robot: cms crab|/DC=ch/DC=cern/OU=Organic Units/OU=Users/CN=crabint1/CN=373708/CN=Robot: CMS CRAB Integration 1
  trusted retrieval policy: /DC=ch/DC=cern/OU=Organic Units/OU=Users/CN=cmscrab/CN=(817881|373708)/CN=Robot: cms crab|/DC=ch/DC=cern/OU=Organic Units/OU=Users/CN=crabint1/CN=373708/CN=Robot: CMS CRAB Integration 1
  timeleft: 603:43:02  (25.2 days)

 error: 
 retcode : 0
DEBUG 2025-11-03 19:06:13.821 UTC: 	 Myproxy is valid: 2173380
DEBUG 2025-11-03 19:06:13.821 UTC: 	 Result of myproxy credential check:
  Credential exists on myproxy: username: 2382a3cf28fdeacb1de9b039908761ea517a5ed6  - validity: 25 days, 3:43:00
DEBUG 2025-11-03 19:06:13.821 UTC: 	 Command use: submit
DEBUG 2025-11-03 19:06:13.821 UTC: 	 Options use: ['-c', 'chainedCrabConfig.py']
DEBUG 2025-11-03 19:06:13.822 UTC: 	 Encoded data for curl request: subresource=version
DEBUG 2025-11-03 19:06:13.878 UTC: 	 CRABClient version: v3.251020
DEBUG 2025-11-03 19:06:13.878 UTC: 	 Instance is prod
DEBUG 2025-11-03 19:06:13.878 UTC: 	 Server base url is cmsweb.cern.ch
DEBUG 2025-11-03 19:06:13.878 UTC: 	 Command api workflow
DEBUG 2025-11-03 19:06:13.878 UTC: 	 Started submission
DEBUG 2025-11-03 19:06:13.878 UTC: 	 Working on /afs/cern.ch/user/a/amalhotr/CMSSW_14_0_18_patch1/src/Run3ScoutingAnalysisTools/crab_ScoutingData_Redone_5mod10_v4
DEBUG 2025-11-03 19:06:13.904 UTC: 	 Loading required information from the environment
DEBUG 2025-11-03 19:06:13.904 UTC: 	 Found CMSSW_14_0_18_patch1 for el9_amd64_gcc12 with base /afs/cern.ch/user/a/amalhotr/CMSSW_14_0_18_patch1
DEBUG 2025-11-03 19:06:13.904 UTC: 	 Loading required information from the environment
DEBUG 2025-11-03 19:06:13.904 UTC: 	 Found CMSSW_14_0_18_patch1 for el9_amd64_gcc12 with base /afs/cern.ch/user/a/amalhotr/CMSSW_14_0_18_patch1
DEBUG 2025-11-03 19:06:13.904 UTC: 	 UNIQUE NAME: tarUUID b18d0e49-18e8-41ba-a532-f5088528621a 
DEBUG 2025-11-03 19:06:13.904 UTC: 	 self.config: from WMCore.Configuration import Configuration
config = Configuration()
config.section_('General')
config.General.requestName = 'ScoutingData_Redone_5mod10_v4'
config.General.transferLogs = True
config.General.transferOutputs = True
config.section_('JobType')
config.JobType.psetName = 'UnifiedScoutingVertexingTreeMaker.py'
config.JobType.maxMemoryMB = 3000
config.JobType.outputFiles = ['ScoutingTree_Output.root']
config.JobType.maxJobRuntimeMin = 2750
config.JobType.pluginName = 'Analysis'
config.section_('Data')
config.Data.outputDatasetTag = 'ScoutingData_Redone_5mod10_v4'
config.Data.publication = False
config.Data.splitting = 'FileBased'
config.Data.inputDBS = 'global'
config.Data.allowNonValidInputDataset = True
config.Data.inputDataset = '/ScoutingPFRun3/Run2024H-v1/HLTSCOUT'
config.Data.unitsPerJob = 2
config.section_('Site')
config.Site.storageSite = 'T3_CH_CERNBOX'
config.section_('User')
config.section_('Debug')

DEBUG 2025-11-03 19:06:13.904 UTC: 	 self.config.JobType.psetName: UnifiedScoutingVertexingTreeMaker.py
INFO 2025-11-03 19:06:13.904 UTC: 	 Importing CMSSW configuration UnifiedScoutingVertexingTreeMaker.py
INFO 2025-11-03 19:06:14.345 UTC: 	 Finished importing CMSSW configuration UnifiedScoutingVertexingTreeMaker.py
DEBUG 2025-11-03 19:06:14.345 UTC: 	 Writing CMSSW configuration to /afs/cern.ch/user/a/amalhotr/CMSSW_14_0_18_patch1/src/Run3ScoutingAnalysisTools/crab_ScoutingData_Redone_5mod10_v4/inputs/PSet.py
DEBUG 2025-11-03 19:06:14.366 UTC: 	 The following EDM output files will be collected: []
DEBUG 2025-11-03 19:06:14.366 UTC: 	 The following TFile output files will be collected: ['ScoutingTree_Output.root']
DEBUG 2025-11-03 19:06:14.366 UTC: 	 The following user output files (not listed as PoolOuputModule or TFileService in the CMSSW PSet) will be collected: 
DEBUG 2025-11-03 19:06:14.366 UTC: 	 Loading required information from the environment
DEBUG 2025-11-03 19:06:14.366 UTC: 	 Found CMSSW_14_0_18_patch1 for el9_amd64_gcc12 with base /afs/cern.ch/user/a/amalhotr/CMSSW_14_0_18_patch1
DEBUG 2025-11-03 19:06:14.366 UTC: 	 Making tarball in /afs/cern.ch/user/a/amalhotr/CMSSW_14_0_18_patch1/src/Run3ScoutingAnalysisTools/crab_ScoutingData_Redone_5mod10_v4/inputs/b18d0e49-18e8-41ba-a532-f5088528621adefault.tgz
DEBUG 2025-11-03 19:06:14.367 UTC: 	 Checking directory /afs/cern.ch/user/a/amalhotr/CMSSW_14_0_18_patch1/bin
DEBUG 2025-11-03 19:06:14.367 UTC: 	 Adding directory /afs/cern.ch/user/a/amalhotr/CMSSW_14_0_18_patch1/bin to tarball
DEBUG 2025-11-03 19:06:14.372 UTC: 	 Checking directory /afs/cern.ch/user/a/amalhotr/CMSSW_14_0_18_patch1/python
DEBUG 2025-11-03 19:06:14.372 UTC: 	 Adding directory /afs/cern.ch/user/a/amalhotr/CMSSW_14_0_18_patch1/python to tarball
DEBUG 2025-11-03 19:06:14.990 UTC: 	 Checking directory /afs/cern.ch/user/a/amalhotr/CMSSW_14_0_18_patch1/cfipython
DEBUG 2025-11-03 19:06:14.990 UTC: 	 Adding directory /afs/cern.ch/user/a/amalhotr/CMSSW_14_0_18_patch1/cfipython to tarball
DEBUG 2025-11-03 19:06:15.014 UTC: 	 Checking directory /afs/cern.ch/user/a/amalhotr/CMSSW_14_0_18_patch1/lib
DEBUG 2025-11-03 19:06:15.014 UTC: 	 Adding directory /afs/cern.ch/user/a/amalhotr/CMSSW_14_0_18_patch1/lib to tarball
DEBUG 2025-11-03 19:06:15.157 UTC: 	 Checking directory /afs/cern.ch/user/a/amalhotr/CMSSW_14_0_18_patch1/biglib
DEBUG 2025-11-03 19:06:15.158 UTC: 	 Adding directory /afs/cern.ch/user/a/amalhotr/CMSSW_14_0_18_patch1/biglib to tarball
DEBUG 2025-11-03 19:06:15.160 UTC: 	 Checking directory /afs/cern.ch/user/a/amalhotr/CMSSW_14_0_18_patch1/module
DEBUG 2025-11-03 19:06:15.160 UTC: 	 Checking directory /afs/cern.ch/user/a/amalhotr/CMSSW_14_0_18_patch1/config/SCRAM/hooks
DEBUG 2025-11-03 19:06:15.160 UTC: 	 Adding directory /afs/cern.ch/user/a/amalhotr/CMSSW_14_0_18_patch1/config/SCRAM/hooks to tarball
DEBUG 2025-11-03 19:06:15.193 UTC: 	 Adding directory /afs/cern.ch/user/a/amalhotr/CMSSW_14_0_18_patch1/src/Run3ScoutingAnalysisTools/DataFormats/Scouting/interface to tarball
DEBUG 2025-11-03 19:06:15.218 UTC: 	 Adding directory /afs/cern.ch/user/a/amalhotr/CMSSW_14_0_18_patch1/src/Run3ScoutingAnalysisTools/ScoutingTreeMakerRun3/python to tarball
DEBUG 2025-11-03 19:06:15.244 UTC: 	 Adding directory /afs/cern.ch/user/a/amalhotr/CMSSW_14_0_18_patch1/src/DataFormats/Scouting/interface to tarball
DEBUG 2025-11-03 19:06:15.264 UTC: 	 Adding directory /afs/cern.ch/user/a/amalhotr/CMSSW_14_0_18_patch1/src/Configuration/GenProduction/python to tarball
DEBUG 2025-11-03 19:06:15.350 UTC: 	 Uploading archive /afs/cern.ch/user/a/amalhotr/CMSSW_14_0_18_patch1/src/Run3ScoutingAnalysisTools/crab_ScoutingData_Redone_5mod10_v4/inputs/b18d0e49-18e8-41ba-a532-f5088528621adefault.tgz (489 KB) to the CRAB cache.
DEBUG 2025-11-03 19:06:15.626 UTC: 	 Encoded data for curl request: subresource=upload&objecttype=sandbox&tarballname=f0cf994117b5716fca6fdefdd9cb4c2bbf34c6eb2792591603908a8394af8e3f.tar.gz
DEBUG 2025-11-03 19:06:15.681 UTC: 	 Will execute:
curl -f -v -X POST  -H "User-Agent: CRAB" -F "key=amalhotr/sandboxes/f0cf994117b5716fca6fdefdd9cb4c2bbf34c6eb2792591603908a8394af8e3f.tar.gz" -F "AWSAccessKeyId=715203df6482458ba839e73e6dab634b" -F "policy=eyJleHBpcmF0aW9uIjogIjIwMjUtMTEtMDNUMjA6MDY6MTVaIiwgImNvbmRpdGlvbnMiOiBbeyJidWNrZXQiOiAiY3JhYmNhY2hlX3Byb2QifSwgeyJrZXkiOiAiYW1hbGhvdHIvc2FuZGJveGVzL2YwY2Y5OTQxMTdiNTcxNmZjYTZmZGVmZGQ5Y2I0YzJiYmYzNGM2ZWIyNzkyNTkxNjAzOTA4YTgzOTRhZjhlM2YudGFyLmd6In1dfQ==" -F "signature=9sFxVskvlzk0nJlhubNA3nKr1cc=" -F "file=@/afs/cern.ch/user/a/amalhotr/CMSSW_14_0_18_patch1/src/Run3ScoutingAnalysisTools/crab_ScoutingData_Redone_5mod10_v4/inputs/b18d0e49-18e8-41ba-a532-f5088528621adefault.tgz" "https://s3.cern.ch/crabcache_prod"
DEBUG 2025-11-03 19:06:15.813 UTC: 	 exitcode: 0
stdout: b''
DEBUG 2025-11-03 19:06:15.813 UTC: 	 upload to S3 of sandbox /afs/cern.ch/user/a/amalhotr/CMSSW_14_0_18_patch1/src/Run3ScoutingAnalysisTools/crab_ScoutingData_Redone_5mod10_v4/inputs/b18d0e49-18e8-41ba-a532-f5088528621adefault.tgz completed
DEBUG 2025-11-03 19:06:15.813 UTC: 	 make sure that object is ready for retrieve
DEBUG 2025-11-03 19:06:16.814 UTC: 	 Encoded data for curl request: subresource=download&objecttype=sandbox&tarballname=f0cf994117b5716fca6fdefdd9cb4c2bbf34c6eb2792591603908a8394af8e3f.tar.gz&clientmethod=head_object
DEBUG 2025-11-03 19:06:16.862 UTC: 	 PreSignedUrl to download sandbox received OK
DEBUG 2025-11-03 19:06:16.866 UTC: 	 Will execute:
 curl -v -s -f -o /dev/null --head  "https://s3.cern.ch/crabcache_prod/amalhotr/sandboxes/f0cf994117b5716fca6fdefdd9cb4c2bbf34c6eb2792591603908a8394af8e3f.tar.gz?AWSAccessKeyId=715203df6482458ba839e73e6dab634b&Signature=PLgiQ73JWme0nuc0YXRPv7YszW8%3D&Expires=1762200376"
DEBUG 2025-11-03 19:06:16.898 UTC: 	 exitcode: 0
stdout: b''
DEBUG 2025-11-03 19:06:16.898 UTC: 	 sandbox /afs/cern.ch/user/a/amalhotr/CMSSW_14_0_18_patch1/src/Run3ScoutingAnalysisTools/crab_ScoutingData_Redone_5mod10_v4/inputs/b18d0e49-18e8-41ba-a532-f5088528621adefault.tgz successfully uploaded to S3
DEBUG 2025-11-03 19:06:16.898 UTC: 	 Loading required information from the environment
DEBUG 2025-11-03 19:06:16.898 UTC: 	 Found CMSSW_14_0_18_patch1 for el9_amd64_gcc12 with base /afs/cern.ch/user/a/amalhotr/CMSSW_14_0_18_patch1
DEBUG 2025-11-03 19:06:16.898 UTC: 	 Making tarball in /afs/cern.ch/user/a/amalhotr/CMSSW_14_0_18_patch1/src/Run3ScoutingAnalysisTools/crab_ScoutingData_Redone_5mod10_v4/inputs/debugFiles.tgz
DEBUG 2025-11-03 19:06:16.907 UTC: 	 Uploading archive /afs/cern.ch/user/a/amalhotr/CMSSW_14_0_18_patch1/src/Run3ScoutingAnalysisTools/crab_ScoutingData_Redone_5mod10_v4/inputs/debugFiles.tgz (4 KB) to the CRAB cache.
DEBUG 2025-11-03 19:06:16.909 UTC: 	 Encoded data for curl request: subresource=upload&objecttype=sandbox&tarballname=6fee5733ebbb8f36cc6454d7421bc1b8d29377a825dd9b91e5031ec3dbfc197a.tar.gz
DEBUG 2025-11-03 19:06:16.976 UTC: 	 Will execute:
curl -f -v -X POST  -H "User-Agent: CRAB" -F "key=amalhotr/sandboxes/6fee5733ebbb8f36cc6454d7421bc1b8d29377a825dd9b91e5031ec3dbfc197a.tar.gz" -F "AWSAccessKeyId=715203df6482458ba839e73e6dab634b" -F "policy=eyJleHBpcmF0aW9uIjogIjIwMjUtMTEtMDNUMjA6MDY6MTZaIiwgImNvbmRpdGlvbnMiOiBbeyJidWNrZXQiOiAiY3JhYmNhY2hlX3Byb2QifSwgeyJrZXkiOiAiYW1hbGhvdHIvc2FuZGJveGVzLzZmZWU1NzMzZWJiYjhmMzZjYzY0NTRkNzQyMWJjMWI4ZDI5Mzc3YTgyNWRkOWI5MWU1MDMxZWMzZGJmYzE5N2EudGFyLmd6In1dfQ==" -F "signature=JccGEGkch152DT8MXNSlolpf8HE=" -F "file=@/afs/cern.ch/user/a/amalhotr/CMSSW_14_0_18_patch1/src/Run3ScoutingAnalysisTools/crab_ScoutingData_Redone_5mod10_v4/inputs/debugFiles.tgz" "https://s3.cern.ch/crabcache_prod"
DEBUG 2025-11-03 19:06:17.155 UTC: 	 exitcode: 0
stdout: b''
DEBUG 2025-11-03 19:06:17.155 UTC: 	 upload to S3 of sandbox /afs/cern.ch/user/a/amalhotr/CMSSW_14_0_18_patch1/src/Run3ScoutingAnalysisTools/crab_ScoutingData_Redone_5mod10_v4/inputs/debugFiles.tgz completed
DEBUG 2025-11-03 19:06:17.156 UTC: 	 make sure that object is ready for retrieve
DEBUG 2025-11-03 19:06:18.157 UTC: 	 Encoded data for curl request: subresource=download&objecttype=sandbox&tarballname=6fee5733ebbb8f36cc6454d7421bc1b8d29377a825dd9b91e5031ec3dbfc197a.tar.gz&clientmethod=head_object
DEBUG 2025-11-03 19:06:18.223 UTC: 	 PreSignedUrl to download sandbox received OK
DEBUG 2025-11-03 19:06:18.225 UTC: 	 Will execute:
 curl -v -s -f -o /dev/null --head  "https://s3.cern.ch/crabcache_prod/amalhotr/sandboxes/6fee5733ebbb8f36cc6454d7421bc1b8d29377a825dd9b91e5031ec3dbfc197a.tar.gz?AWSAccessKeyId=715203df6482458ba839e73e6dab634b&Signature=q7ChBtESFSMRIxxZyHYvvvSiXsU%3D&Expires=1762200378"
DEBUG 2025-11-03 19:06:18.255 UTC: 	 exitcode: 0
stdout: b''
DEBUG 2025-11-03 19:06:18.255 UTC: 	 sandbox /afs/cern.ch/user/a/amalhotr/CMSSW_14_0_18_patch1/src/Run3ScoutingAnalysisTools/crab_ScoutingData_Redone_5mod10_v4/inputs/debugFiles.tgz successfully uploaded to S3
DEBUG 2025-11-03 19:06:18.255 UTC: 	 Result uploading input files: f0cf994117b5716fca6fdefdd9cb4c2bbf34c6eb2792591603908a8394af8e3f.tar.gz 
DEBUG 2025-11-03 19:06:18.255 UTC: 	 submit() - self.configuration from WMCore.Configuration import Configuration
config = Configuration()
config.section_('General')
config.General.requestName = 'ScoutingData_Redone_5mod10_v4'
config.General.transferLogs = True
config.General.transferOutputs = True
config.section_('JobType')
config.JobType.psetName = 'UnifiedScoutingVertexingTreeMaker.py'
config.JobType.maxMemoryMB = 3000
config.JobType.outputFiles = ['ScoutingTree_Output.root']
config.JobType.maxJobRuntimeMin = 2750
config.JobType.pluginName = 'Analysis'
config.section_('Data')
config.Data.outputDatasetTag = 'ScoutingData_Redone_5mod10_v4'
config.Data.publication = False
config.Data.splitting = 'FileBased'
config.Data.inputDBS = 'global'
config.Data.allowNonValidInputDataset = True
config.Data.inputDataset = '/ScoutingPFRun3/Run2024H-v1/HLTSCOUT'
config.Data.unitsPerJob = 2
config.section_('Site')
config.Site.storageSite = 'T3_CH_CERNBOX'
config.section_('User')
config.section_('Debug')

DEBUG 2025-11-03 19:06:18.255 UTC: 	 submit() - self.configreq {'dryrun': 0, 'workflow': 'crab_ScoutingData_Redone_5mod10_v4', 'saveoutput': 1, 'savelogsflag': 1, 'inputdata': '/ScoutingPFRun3/Run2024H-v1/HLTSCOUT', 'nonvaliddata': 1, 'userfiles': [], 'dbsurl': 'https://cmsweb.cern.ch/dbs/prod/global/DBSReader', 'useparent': 0, 'ignorelocality': 0, 'splitalgo': 'FileBased', 'algoargs': 2, 'totalunits': 0, 'publication': 0, 'publishdbsurl': 'https://cmsweb.cern.ch/dbs/prod/phys03/DBSWriter', 'publishname2': 'ScoutingData_Redone_5mod10_v4', 'jobtype': 'Analysis', 'generator': 'pythia', 'addoutputfiles': ['ScoutingTree_Output.root'], 'maxjobruntime': 2750, 'numcores': 1, 'maxmemory': 3000, 'priority': 10, 'nonprodsw': 0, 'asyncdest': 'T3_CH_CERNBOX', 'requireaccelerator': 0, 'oneEventMode': 0, 'extrajdl': [], 'ignoreglobalblacklist': 0, 'partialdataset': 0, 'inputblocks': []}
DEBUG 2025-11-03 19:06:18.255 UTC: 	 submit() - jobconfig {'addoutputfiles': [], 'tfileoutfiles': ['ScoutingTree_Output.root'], 'edmoutfiles': [], 'jobarch': 'el9_amd64_gcc12', 'jobminuarch': 'any', 'jobsw': 'CMSSW_14_0_18_patch1', 'inputdata': '/ScoutingPFRun3/Run2024H-v1/HLTSCOUT', 'cachefilename': 'f0cf994117b5716fca6fdefdd9cb4c2bbf34c6eb2792591603908a8394af8e3f.tar.gz', 'debugfilename': '6fee5733ebbb8f36cc6454d7421bc1b8d29377a825dd9b91e5031ec3dbfc197a.tar.gz', 'jobtype': 'Analysis'}
INFO 2025-11-03 19:06:18.255 UTC: 	 Sending the request to the server at cmsweb.cern.ch
DEBUG 2025-11-03 19:06:18.255 UTC: 	 Submitting {'dryrun': 0, 'workflow': 'crab_ScoutingData_Redone_5mod10_v4', 'saveoutput': 1, 'savelogsflag': 1, 'inputdata': '/ScoutingPFRun3/Run2024H-v1/HLTSCOUT', 'nonvaliddata': 1, 'userfiles': [], 'dbsurl': 'https://cmsweb.cern.ch/dbs/prod/global/DBSReader', 'useparent': 0, 'ignorelocality': 0, 'splitalgo': 'FileBased', 'algoargs': 2, 'totalunits': 0, 'publication': 0, 'publishdbsurl': 'https://cmsweb.cern.ch/dbs/prod/phys03/DBSWriter', 'publishname2': 'ScoutingData_Redone_5mod10_v4', 'jobtype': 'Analysis', 'generator': 'pythia', 'addoutputfiles': [], 'maxjobruntime': 2750, 'numcores': 1, 'maxmemory': 3000, 'priority': 10, 'nonprodsw': 0, 'asyncdest': 'T3_CH_CERNBOX', 'requireaccelerator': 0, 'oneEventMode': 0, 'extrajdl': [], 'ignoreglobalblacklist': 0, 'partialdataset': 0, 'inputblocks': [], 'tfileoutfiles': ['ScoutingTree_Output.root'], 'edmoutfiles': [], 'jobarch': 'el9_amd64_gcc12', 'jobminuarch': 'any', 'jobsw': 'CMSSW_14_0_18_patch1', 'cachefilename': 'f0cf994117b5716fca6fdefdd9cb4c2bbf34c6eb2792591603908a8394af8e3f.tar.gz', 'debugfilename': '6fee5733ebbb8f36cc6454d7421bc1b8d29377a825dd9b91e5031ec3dbfc197a.tar.gz'} 
DEBUG 2025-11-03 19:06:18.256 UTC: 	 Encoded data for curl request: dryrun=0&workflow=crab_ScoutingData_Redone_5mod10_v4&saveoutput=1&savelogsflag=1&inputdata=%2FScoutingPFRun3%2FRun2024H-v1%2FHLTSCOUT&nonvaliddata=1&dbsurl=https%3A%2F%2Fcmsweb.cern.ch%2Fdbs%2Fprod%2Fglobal%2FDBSReader&useparent=0&ignorelocality=0&splitalgo=FileBased&algoargs=2&totalunits=0&publication=0&publishdbsurl=https%3A%2F%2Fcmsweb.cern.ch%2Fdbs%2Fprod%2Fphys03%2FDBSWriter&publishname2=ScoutingData_Redone_5mod10_v4&jobtype=Analysis&generator=pythia&maxjobruntime=2750&numcores=1&maxmemory=3000&priority=10&nonprodsw=0&asyncdest=T3_CH_CERNBOX&requireaccelerator=0&oneEventMode=0&ignoreglobalblacklist=0&partialdataset=0&jobarch=el9_amd64_gcc12&jobminuarch=any&jobsw=CMSSW_14_0_18_patch1&cachefilename=f0cf994117b5716fca6fdefdd9cb4c2bbf34c6eb2792591603908a8394af8e3f.tar.gz&debugfilename=6fee5733ebbb8f36cc6454d7421bc1b8d29377a825dd9b91e5031ec3dbfc197a.tar.gz&tfileoutfiles=ScoutingTree_Output.root
DEBUG 2025-11-03 19:06:18.752 UTC: 	 Result: {'result': [{'RequestName': '251103_190618:amalhotr_crab_ScoutingData_Redone_5mod10_v4'}]}
INFO 2025-11-03 19:06:18.756 UTC: 	 Success: Your task has been delivered to the prod CRAB3 server.
INFO 2025-11-03 19:06:18.756 UTC: 	 Task name: 251103_190618:amalhotr_crab_ScoutingData_Redone_5mod10_v4
INFO 2025-11-03 19:06:18.756 UTC: 	 Project dir: ./crab_ScoutingData_Redone_5mod10_v4
INFO 2025-11-03 19:06:18.756 UTC: 	 Please use ' crab status -d ./crab_ScoutingData_Redone_5mod10_v4 ' to check how the submission process proceeds.
DEBUG 2025-11-03 19:06:18.756 UTC: 	 About to return
INFO 2025-11-03 19:06:18.759 UTC: 	 Log file is /afs/cern.ch/user/a/amalhotr/CMSSW_14_0_18_patch1/src/Run3ScoutingAnalysisTools/crab_ScoutingData_Redone_5mod10_v4/crab.log
DEBUG 2025-11-04 18:12:05.646 UTC: 	 CRAB Client version: v3.251020
DEBUG 2025-11-04 18:12:05.646 UTC: 	 Running on: Linux lxplus969.cern.ch 5.14.0-570.49.1.el9_6.x86_64 #1 SMP PREEMPT_DYNAMIC Tue Sep 23 01:11:18 EDT 2025 x86_64 x86_64 x86_64 GNU/Linux
DEBUG 2025-11-04 18:12:05.646 UTC: 	 Not using Singularity
DEBUG 2025-11-04 18:12:05.646 UTC: 	 Operating System: Red Hat Enterprise Linux 9.6 (Plow)
DEBUG 2025-11-04 18:12:05.646 UTC: 	 Executing command: 'kill'
DEBUG 2025-11-04 18:12:05.646 UTC: 	 Found CRAB cache file /afs/cern.ch/user/a/amalhotr/.crab3
DEBUG 2025-11-04 18:12:07.483 UTC: 	 Checking credentials
DEBUG 2025-11-04 18:12:07.483 UTC: 	 Found proxy file /tmp/x509up_u180451
DEBUG 2025-11-04 18:12:07.483 UTC: 	 Making sure it has proper VOMS extension
DEBUG 2025-11-04 18:12:07.483 UTC: 	 Executing command :
 voms-proxy-info --vo --file /tmp/x509up_u180451
DEBUG 2025-11-04 18:12:07.518 UTC: 	 output : cms

 error: 
 retcode : 0
DEBUG 2025-11-04 18:12:07.518 UTC: 	 Getting proxy life time left
DEBUG 2025-11-04 18:12:07.518 UTC: 	 Executing command :
 voms-proxy-info --actimeleft --timeleft --file /tmp/x509up_u180451
DEBUG 2025-11-04 18:12:07.547 UTC: 	 output : 689734
689734

 error: 
 retcode : 0
DEBUG 2025-11-04 18:12:07.547 UTC: 	 Proxy valid for 191:35:34 hours
DEBUG 2025-11-04 18:12:07.547 UTC: 	 Encoded data for curl request: subresource=delegatedn
DEBUG 2025-11-04 18:12:07.591 UTC: 	 Registering user credentials on myproxy for /DC=ch/DC=cern/OU=Organic Units/OU=Users/CN=cmscrab/CN=(817881|373708)/CN=Robot: cms crab|/DC=ch/DC=cern/OU=Organic Units/OU=Users/CN=crabint1/CN=373708/CN=Robot: CMS CRAB Integration 1
DEBUG 2025-11-04 18:12:07.592 UTC: 	 Executing command :
 voms-proxy-info --identity --file /tmp/x509up_u180451
DEBUG 2025-11-04 18:12:07.620 UTC: 	 output : /DC=ch/DC=cern/OU=Organic Units/OU=Users/CN=amalhotr/CN=884837/CN=Aryan Malhotra

 error: 
 retcode : 0
DEBUG 2025-11-04 18:12:07.621 UTC: 	 Getting myproxy life time left for 2382a3cf28fdeacb1de9b039908761ea517a5ed6
DEBUG 2025-11-04 18:12:07.621 UTC: 	 Executing command :
 myproxy-info -s myproxy.cern.ch -l 2382a3cf28fdeacb1de9b039908761ea517a5ed6
DEBUG 2025-11-04 18:12:07.898 UTC: 	 output : username: 2382a3cf28fdeacb1de9b039908761ea517a5ed6
owner: /DC=ch/DC=cern/OU=Organic Units/OU=Users/CN=amalhotr/CN=884837/CN=Aryan Malhotra
  renewal policy: /DC=ch/DC=cern/OU=Organic Units/OU=Users/CN=cmscrab/CN=(817881|373708)/CN=Robot: cms crab|/DC=ch/DC=cern/OU=Organic Units/OU=Users/CN=crabint1/CN=373708/CN=Robot: CMS CRAB Integration 1
  trusted retrieval policy: /DC=ch/DC=cern/OU=Organic Units/OU=Users/CN=cmscrab/CN=(817881|373708)/CN=Robot: cms crab|/DC=ch/DC=cern/OU=Organic Units/OU=Users/CN=crabint1/CN=373708/CN=Robot: CMS CRAB Integration 1
  timeleft: 580:37:08  (24.2 days)

 error: 
 retcode : 0
DEBUG 2025-11-04 18:12:07.898 UTC: 	 Myproxy is valid: 2090220
DEBUG 2025-11-04 18:12:07.898 UTC: 	 Result of myproxy credential check:
  Credential exists on myproxy: username: 2382a3cf28fdeacb1de9b039908761ea517a5ed6  - validity: 24 days, 4:37:00
DEBUG 2025-11-04 18:12:07.899 UTC: 	 Command use: kill
DEBUG 2025-11-04 18:12:07.899 UTC: 	 Options use: ['-d', 'crab_ScoutingData_Redone_5mod10_v4']
DEBUG 2025-11-04 18:12:07.899 UTC: 	 Encoded data for curl request: subresource=version
DEBUG 2025-11-04 18:12:07.951 UTC: 	 CRABClient version: v3.251020
DEBUG 2025-11-04 18:12:07.951 UTC: 	 Instance is prod
DEBUG 2025-11-04 18:12:07.951 UTC: 	 Server base url is cmsweb.cern.ch
DEBUG 2025-11-04 18:12:07.951 UTC: 	 Command api workflow
DEBUG 2025-11-04 18:12:07.951 UTC: 	 Killing task 251103_190618:amalhotr_crab_ScoutingData_Redone_5mod10_v4
DEBUG 2025-11-04 18:12:07.952 UTC: 	 Encoded data for curl request: workflow=251103_190618%3Aamalhotr_crab_ScoutingData_Redone_5mod10_v4
DEBUG 2025-11-04 18:12:08.165 UTC: 	 Result: {'desc': {'columns': ['tm_taskname', 'tm_task_status', 'tm_task_command', 'tm_user_role', 'tm_user_group', 'tm_task_failure', 'tm_split_algo', 'tm_split_args', 'tm_save_logs', 'tm_username', 'tm_user_dn', 'tm_arguments', 'tm_input_dataset', 'tm_dbs_url', 'tm_task_warnings', 'tm_publication', 'tm_user_webdir', 'tm_output_dataset', 'tm_collector', 'tm_schedd', 'tm_dry_run', 'clusterid', 'tm_start_time', 'tw_name', 'tm_dagman_status', 'tm_num_jobs', 'tm_uploaded']}, 'result': [{'result': 'ok'}]}
INFO 2025-11-04 18:12:08.165 UTC: 	 Kill request successfully sent
INFO 2025-11-04 18:12:08.172 UTC: 	 Log file is /afs/cern.ch/user/a/amalhotr/CMSSW_14_0_18_patch1/src/Run3ScoutingAnalysisTools/crab_ScoutingData_Redone_5mod10_v4/crab.log
