DEBUG 2025-05-22 19:20:06.887 UTC: 	 CRAB Client version: v3.250409
DEBUG 2025-05-22 19:20:06.887 UTC: 	 Running on: Linux lxplus978.cern.ch 5.14.0-503.34.1.el9_5.x86_64 #1 SMP PREEMPT_DYNAMIC Mon Mar 17 21:49:47 EDT 2025 x86_64 x86_64 x86_64 GNU/Linux
DEBUG 2025-05-22 19:20:06.888 UTC: 	 Not using Singularity
DEBUG 2025-05-22 19:20:06.888 UTC: 	 Operating System: Red Hat Enterprise Linux 9.6 (Plow)
DEBUG 2025-05-22 19:20:06.888 UTC: 	 Executing command: 'submit'
DEBUG 2025-05-22 19:20:06.888 UTC: 	 Found CRAB cache file /afs/cern.ch/user/a/amalhotr/.crab3
INFO 2025-05-22 19:20:06.888 UTC: 	 Will use CRAB configuration file chainedCrabConfig.py
DEBUG 2025-05-22 19:20:06.888 UTC: 	 Loading CRAB configuration file.
DEBUG 2025-05-22 19:20:06.913 UTC: 	 Will use CRAB plugin ANALYSIS (i.e. will run an analysis job type).
DEBUG 2025-05-22 19:20:07.062 UTC: 	 Checking credentials
DEBUG 2025-05-22 19:20:07.062 UTC: 	 Found proxy file /tmp/x509up_u180451
DEBUG 2025-05-22 19:20:07.063 UTC: 	 Making sure it has proper VOMS extension
DEBUG 2025-05-22 19:20:07.063 UTC: 	 Executing command :
 voms-proxy-info --vo --file /tmp/x509up_u180451
DEBUG 2025-05-22 19:20:07.383 UTC: 	 output : cms

 error: 
 retcode : 0
DEBUG 2025-05-22 19:20:07.383 UTC: 	 Getting proxy life time left
DEBUG 2025-05-22 19:20:07.383 UTC: 	 Executing command :
 voms-proxy-info --actimeleft --timeleft --file /tmp/x509up_u180451
DEBUG 2025-05-22 19:20:07.729 UTC: 	 output : 688120
688119

 error: 
 retcode : 0
DEBUG 2025-05-22 19:20:07.730 UTC: 	 Proxy valid for 191:08:39 hours
DEBUG 2025-05-22 19:20:07.730 UTC: 	 Encoded data for curl request: subresource=delegatedn
DEBUG 2025-05-22 19:20:07.771 UTC: 	 Registering user credentials on myproxy for /DC=ch/DC=cern/OU=computers/CN=crab-(preprod|prod)-tw(01|02).cern.ch|/DC=ch/DC=cern/OU=computers/CN=crab-dev-tw(01|02|03|04).cern.ch|/DC=ch/DC=cern/OU=Organic Units/OU=Users/CN=cmscrab/CN=(817881|373708)/CN=Robot: cms crab|/DC=ch/DC=cern/OU=Organic Units/OU=Users/CN=crabint1/CN=373708/CN=Robot: CMS CRAB Integration 1
DEBUG 2025-05-22 19:20:07.771 UTC: 	 Executing command :
 voms-proxy-info --identity --file /tmp/x509up_u180451
DEBUG 2025-05-22 19:20:08.131 UTC: 	 output : /DC=ch/DC=cern/OU=Organic Units/OU=Users/CN=amalhotr/CN=884837/CN=Aryan Malhotra

 error: 
 retcode : 0
DEBUG 2025-05-22 19:20:08.131 UTC: 	 Getting myproxy life time left for 2382a3cf28fdeacb1de9b039908761ea517a5ed6
DEBUG 2025-05-22 19:20:08.131 UTC: 	 Executing command :
 myproxy-info -s myproxy.cern.ch -l 2382a3cf28fdeacb1de9b039908761ea517a5ed6
DEBUG 2025-05-22 19:20:08.444 UTC: 	 output : username: 2382a3cf28fdeacb1de9b039908761ea517a5ed6
owner: /DC=ch/DC=cern/OU=Organic Units/OU=Users/CN=amalhotr/CN=884837/CN=Aryan Malhotra
  renewal policy: /DC=ch/DC=cern/OU=computers/CN=crab-(preprod|prod)-tw(01|02).cern.ch|/DC=ch/DC=cern/OU=computers/CN=crab-dev-tw(01|02|03|04).cern.ch|/DC=ch/DC=cern/OU=Organic Units/OU=Users/CN=cmscrab/CN=(817881|373708)/CN=Robot: cms crab|/DC=ch/DC=cern/OU=Organic Units/OU=Users/CN=crabint1/CN=373708/CN=Robot: CMS CRAB Integration 1
  trusted retrieval policy: /DC=ch/DC=cern/OU=computers/CN=crab-(preprod|prod)-tw(01|02).cern.ch|/DC=ch/DC=cern/OU=computers/CN=crab-dev-tw(01|02|03|04).cern.ch|/DC=ch/DC=cern/OU=Organic Units/OU=Users/CN=cmscrab/CN=(817881|373708)/CN=Robot: cms crab|/DC=ch/DC=cern/OU=Organic Units/OU=Users/CN=crabint1/CN=373708/CN=Robot: CMS CRAB Integration 1
  timeleft: 539:33:25  (22.5 days)

 error: 
 retcode : 0
DEBUG 2025-05-22 19:20:08.444 UTC: 	 Myproxy is valid: 1942380
DEBUG 2025-05-22 19:20:08.444 UTC: 	 Result of myproxy credential check:
  Credential exists on myproxy: username: 2382a3cf28fdeacb1de9b039908761ea517a5ed6  - validity: 22 days, 11:33:00
DEBUG 2025-05-22 19:20:08.445 UTC: 	 Command use: submit
DEBUG 2025-05-22 19:20:08.445 UTC: 	 Options use: ['-c', 'chainedCrabConfig.py']
DEBUG 2025-05-22 19:20:08.445 UTC: 	 Encoded data for curl request: subresource=version
DEBUG 2025-05-22 19:20:08.482 UTC: 	 CRABClient version: v3.250409
DEBUG 2025-05-22 19:20:08.482 UTC: 	 Instance is prod
DEBUG 2025-05-22 19:20:08.482 UTC: 	 Server base url is cmsweb.cern.ch
DEBUG 2025-05-22 19:20:08.482 UTC: 	 Command api workflow
DEBUG 2025-05-22 19:20:08.482 UTC: 	 Started submission
DEBUG 2025-05-22 19:20:08.482 UTC: 	 Working on /afs/cern.ch/user/a/amalhotr/CMSSW_14_0_18_patch1/src/Run3ScoutingAnalysisTools/crab_RealData_noLFNDirectory_All_EventAwareLumiBased_1k_1M
DEBUG 2025-05-22 19:20:08.483 UTC: 	 Encoded data for curl request: subresource=backendurls
DEBUG 2025-05-22 19:20:08.559 UTC: 	 Loading required information from the environment
DEBUG 2025-05-22 19:20:08.559 UTC: 	 Found CMSSW_14_0_18_patch1 for el9_amd64_gcc12 with base /afs/cern.ch/user/a/amalhotr/CMSSW_14_0_18_patch1
DEBUG 2025-05-22 19:20:08.559 UTC: 	 Loading required information from the environment
DEBUG 2025-05-22 19:20:08.559 UTC: 	 Found CMSSW_14_0_18_patch1 for el9_amd64_gcc12 with base /afs/cern.ch/user/a/amalhotr/CMSSW_14_0_18_patch1
DEBUG 2025-05-22 19:20:08.559 UTC: 	 UNIQUE NAME: tarUUID 4a57d037-741b-417d-933c-6e07a1956f54 
DEBUG 2025-05-22 19:20:08.559 UTC: 	 self.config: from WMCore.Configuration import Configuration
config = Configuration()
config.section_('General')
config.General.requestName = 'RealData_noLFNDirectory_All_EventAwareLumiBased_1k_1M'
config.General.transferOutputs = True
config.General.transferLogs = True
config.section_('JobType')
config.JobType.psetName = 'UnifiedScoutingVertexingTreeMaker.py'
config.JobType.pluginName = 'Analysis'
config.section_('Data')
config.Data.inputDBS = 'global'
config.Data.allowNonValidInputDataset = True
config.Data.totalUnits = 1000000
config.Data.unitsPerJob = 1000
config.Data.publication = False
config.Data.splitting = 'EventAwareLumiBased'
config.Data.inputDataset = '/ScoutingPFRun3/Run2024H-v1/HLTSCOUT'
config.Data.outputDatasetTag = 'RealData_noLFNDirectory_All_EventAwareLumiBased_1k_1M'
config.section_('Site')
config.Site.storageSite = 'T3_CH_CERNBOX'
config.section_('User')
config.section_('Debug')

DEBUG 2025-05-22 19:20:08.559 UTC: 	 self.config.JobType.psetName: UnifiedScoutingVertexingTreeMaker.py
INFO 2025-05-22 19:20:08.560 UTC: 	 Importing CMSSW configuration UnifiedScoutingVertexingTreeMaker.py
INFO 2025-05-22 19:20:08.849 UTC: 	 Finished importing CMSSW configuration UnifiedScoutingVertexingTreeMaker.py
DEBUG 2025-05-22 19:20:08.849 UTC: 	 Writing CMSSW configuration to /afs/cern.ch/user/a/amalhotr/CMSSW_14_0_18_patch1/src/Run3ScoutingAnalysisTools/crab_RealData_noLFNDirectory_All_EventAwareLumiBased_1k_1M/inputs/PSet.py
DEBUG 2025-05-22 19:20:08.872 UTC: 	 The following EDM output files will be collected: []
DEBUG 2025-05-22 19:20:08.872 UTC: 	 The following TFile output files will be collected: ['DY2M_ScoutingTree_Output.root']
DEBUG 2025-05-22 19:20:08.872 UTC: 	 The following user output files (not listed as PoolOuputModule or TFileService in the CMSSW PSet) will be collected: 
DEBUG 2025-05-22 19:20:08.872 UTC: 	 Loading required information from the environment
DEBUG 2025-05-22 19:20:08.872 UTC: 	 Found CMSSW_14_0_18_patch1 for el9_amd64_gcc12 with base /afs/cern.ch/user/a/amalhotr/CMSSW_14_0_18_patch1
DEBUG 2025-05-22 19:20:08.872 UTC: 	 Making tarball in /afs/cern.ch/user/a/amalhotr/CMSSW_14_0_18_patch1/src/Run3ScoutingAnalysisTools/crab_RealData_noLFNDirectory_All_EventAwareLumiBased_1k_1M/inputs/4a57d037-741b-417d-933c-6e07a1956f54default.tgz
DEBUG 2025-05-22 19:20:08.873 UTC: 	 Checking directory /afs/cern.ch/user/a/amalhotr/CMSSW_14_0_18_patch1/bin
DEBUG 2025-05-22 19:20:08.873 UTC: 	 Adding directory /afs/cern.ch/user/a/amalhotr/CMSSW_14_0_18_patch1/bin to tarball
DEBUG 2025-05-22 19:20:08.877 UTC: 	 Checking directory /afs/cern.ch/user/a/amalhotr/CMSSW_14_0_18_patch1/python
DEBUG 2025-05-22 19:20:08.878 UTC: 	 Adding directory /afs/cern.ch/user/a/amalhotr/CMSSW_14_0_18_patch1/python to tarball
DEBUG 2025-05-22 19:20:09.053 UTC: 	 Checking directory /afs/cern.ch/user/a/amalhotr/CMSSW_14_0_18_patch1/cfipython
DEBUG 2025-05-22 19:20:09.053 UTC: 	 Adding directory /afs/cern.ch/user/a/amalhotr/CMSSW_14_0_18_patch1/cfipython to tarball
DEBUG 2025-05-22 19:20:09.068 UTC: 	 Checking directory /afs/cern.ch/user/a/amalhotr/CMSSW_14_0_18_patch1/lib
DEBUG 2025-05-22 19:20:09.068 UTC: 	 Adding directory /afs/cern.ch/user/a/amalhotr/CMSSW_14_0_18_patch1/lib to tarball
DEBUG 2025-05-22 19:20:09.141 UTC: 	 Checking directory /afs/cern.ch/user/a/amalhotr/CMSSW_14_0_18_patch1/biglib
DEBUG 2025-05-22 19:20:09.141 UTC: 	 Adding directory /afs/cern.ch/user/a/amalhotr/CMSSW_14_0_18_patch1/biglib to tarball
DEBUG 2025-05-22 19:20:09.143 UTC: 	 Checking directory /afs/cern.ch/user/a/amalhotr/CMSSW_14_0_18_patch1/module
DEBUG 2025-05-22 19:20:09.143 UTC: 	 Checking directory /afs/cern.ch/user/a/amalhotr/CMSSW_14_0_18_patch1/config/SCRAM/hooks
DEBUG 2025-05-22 19:20:09.143 UTC: 	 Adding directory /afs/cern.ch/user/a/amalhotr/CMSSW_14_0_18_patch1/config/SCRAM/hooks to tarball
DEBUG 2025-05-22 19:20:09.158 UTC: 	 Adding directory /afs/cern.ch/user/a/amalhotr/CMSSW_14_0_18_patch1/src/Run3ScoutingAnalysisTools/DataFormats/Scouting/interface to tarball
DEBUG 2025-05-22 19:20:09.220 UTC: 	 Adding directory /afs/cern.ch/user/a/amalhotr/CMSSW_14_0_18_patch1/src/Run3ScoutingAnalysisTools/ScoutingTreeMakerRun3/python to tarball
DEBUG 2025-05-22 19:20:09.229 UTC: 	 Adding directory /afs/cern.ch/user/a/amalhotr/CMSSW_14_0_18_patch1/src/DataFormats/Scouting/interface to tarball
DEBUG 2025-05-22 19:20:09.244 UTC: 	 Adding directory /afs/cern.ch/user/a/amalhotr/CMSSW_14_0_18_patch1/src/Configuration/GenProduction/python to tarball
DEBUG 2025-05-22 19:20:09.284 UTC: 	 Uploading archive /afs/cern.ch/user/a/amalhotr/CMSSW_14_0_18_patch1/src/Run3ScoutingAnalysisTools/crab_RealData_noLFNDirectory_All_EventAwareLumiBased_1k_1M/inputs/4a57d037-741b-417d-933c-6e07a1956f54default.tgz (441 KB) to the CRAB cache. Using URI https://cmsweb.cern.ch/S3/crabcache_prod
DEBUG 2025-05-22 19:20:09.418 UTC: 	 Encoded data for curl request: subresource=upload&objecttype=sandbox&tarballname=d21f38256e1fe46602fc5ab345ac679fe51bb1d6f3238f49bc29f5d2ba4ab61e.tar.gz
DEBUG 2025-05-22 19:20:09.472 UTC: 	 sandbox d21f38256e1fe46602fc5ab345ac679fe51bb1d6f3238f49bc29f5d2ba4ab61e.tar.gz is already in the S3 store, will not upload again
DEBUG 2025-05-22 19:20:09.472 UTC: 	 Loading required information from the environment
DEBUG 2025-05-22 19:20:09.472 UTC: 	 Found CMSSW_14_0_18_patch1 for el9_amd64_gcc12 with base /afs/cern.ch/user/a/amalhotr/CMSSW_14_0_18_patch1
DEBUG 2025-05-22 19:20:09.472 UTC: 	 Making tarball in /afs/cern.ch/user/a/amalhotr/CMSSW_14_0_18_patch1/src/Run3ScoutingAnalysisTools/crab_RealData_noLFNDirectory_All_EventAwareLumiBased_1k_1M/inputs/debugFiles.tgz
DEBUG 2025-05-22 19:20:09.484 UTC: 	 Uploading archive /afs/cern.ch/user/a/amalhotr/CMSSW_14_0_18_patch1/src/Run3ScoutingAnalysisTools/crab_RealData_noLFNDirectory_All_EventAwareLumiBased_1k_1M/inputs/debugFiles.tgz (3 KB) to the CRAB cache. Using URI https://cmsweb.cern.ch/S3/crabcache_prod
DEBUG 2025-05-22 19:20:09.486 UTC: 	 Encoded data for curl request: subresource=upload&objecttype=sandbox&tarballname=fbf813026b25b884d857b9e16208e6a4802ab2558df7b85650dfb7ed90f9c90d.tar.gz
DEBUG 2025-05-22 19:20:09.538 UTC: 	 Will execute:
curl -f -v -X POST  -H "User-Agent: CRAB" -F "key=amalhotr/sandboxes/fbf813026b25b884d857b9e16208e6a4802ab2558df7b85650dfb7ed90f9c90d.tar.gz" -F "AWSAccessKeyId=715203df6482458ba839e73e6dab634b" -F "policy=eyJleHBpcmF0aW9uIjogIjIwMjUtMDUtMjJUMjA6MjA6MDlaIiwgImNvbmRpdGlvbnMiOiBbeyJidWNrZXQiOiAiY3JhYmNhY2hlX3Byb2QifSwgeyJrZXkiOiAiYW1hbGhvdHIvc2FuZGJveGVzL2ZiZjgxMzAyNmIyNWI4ODRkODU3YjllMTYyMDhlNmE0ODAyYWIyNTU4ZGY3Yjg1NjUwZGZiN2VkOTBmOWM5MGQudGFyLmd6In1dfQ==" -F "signature=F8ffiC/aoAjpFITM1EQPmAfClIA=" -F "file=@/afs/cern.ch/user/a/amalhotr/CMSSW_14_0_18_patch1/src/Run3ScoutingAnalysisTools/crab_RealData_noLFNDirectory_All_EventAwareLumiBased_1k_1M/inputs/debugFiles.tgz" "https://s3.cern.ch/crabcache_prod"
DEBUG 2025-05-22 19:20:09.570 UTC: 	 exitcode: 0
stdout: b''
DEBUG 2025-05-22 19:20:09.570 UTC: 	 upload to S3 of sandbox /afs/cern.ch/user/a/amalhotr/CMSSW_14_0_18_patch1/src/Run3ScoutingAnalysisTools/crab_RealData_noLFNDirectory_All_EventAwareLumiBased_1k_1M/inputs/debugFiles.tgz completed
DEBUG 2025-05-22 19:20:09.570 UTC: 	 make sure that object is ready for retrieve
DEBUG 2025-05-22 19:20:10.571 UTC: 	 Encoded data for curl request: subresource=download&objecttype=sandbox&tarballname=fbf813026b25b884d857b9e16208e6a4802ab2558df7b85650dfb7ed90f9c90d.tar.gz&clientmethod=head_object
DEBUG 2025-05-22 19:20:10.610 UTC: 	 PreSignedUrl to download sandbox received OK
DEBUG 2025-05-22 19:20:10.612 UTC: 	 Will execute:
 curl -v -s -f -o /dev/null --head  "https://s3.cern.ch/crabcache_prod/amalhotr/sandboxes/fbf813026b25b884d857b9e16208e6a4802ab2558df7b85650dfb7ed90f9c90d.tar.gz?AWSAccessKeyId=715203df6482458ba839e73e6dab634b&Signature=VGnoHm%2FAr18K%2FoPPnHPqKJuMbqI%3D&Expires=1747945210"
DEBUG 2025-05-22 19:20:10.638 UTC: 	 exitcode: 0
stdout: b''
DEBUG 2025-05-22 19:20:10.638 UTC: 	 sandbox /afs/cern.ch/user/a/amalhotr/CMSSW_14_0_18_patch1/src/Run3ScoutingAnalysisTools/crab_RealData_noLFNDirectory_All_EventAwareLumiBased_1k_1M/inputs/debugFiles.tgz successfully uploaded to S3
DEBUG 2025-05-22 19:20:10.638 UTC: 	 Result uploading input files: d21f38256e1fe46602fc5ab345ac679fe51bb1d6f3238f49bc29f5d2ba4ab61e.tar.gz 
DEBUG 2025-05-22 19:20:10.639 UTC: 	 submit() - self.configuration from WMCore.Configuration import Configuration
config = Configuration()
config.section_('General')
config.General.requestName = 'RealData_noLFNDirectory_All_EventAwareLumiBased_1k_1M'
config.General.transferOutputs = True
config.General.transferLogs = True
config.section_('JobType')
config.JobType.psetName = 'UnifiedScoutingVertexingTreeMaker.py'
config.JobType.pluginName = 'Analysis'
config.section_('Data')
config.Data.inputDBS = 'global'
config.Data.allowNonValidInputDataset = True
config.Data.totalUnits = 1000000
config.Data.unitsPerJob = 1000
config.Data.publication = False
config.Data.splitting = 'EventAwareLumiBased'
config.Data.inputDataset = '/ScoutingPFRun3/Run2024H-v1/HLTSCOUT'
config.Data.outputDatasetTag = 'RealData_noLFNDirectory_All_EventAwareLumiBased_1k_1M'
config.section_('Site')
config.Site.storageSite = 'T3_CH_CERNBOX'
config.section_('User')
config.section_('Debug')

DEBUG 2025-05-22 19:20:10.639 UTC: 	 submit() - self.configreq {'dryrun': 0, 'workflow': 'crab_RealData_noLFNDirectory_All_EventAwareLumiBased_1k_1M', 'saveoutput': 1, 'savelogsflag': 1, 'inputdata': '/ScoutingPFRun3/Run2024H-v1/HLTSCOUT', 'nonvaliddata': 1, 'userfiles': [], 'dbsurl': 'https://cmsweb.cern.ch/dbs/prod/global/DBSReader', 'useparent': 0, 'ignorelocality': 0, 'splitalgo': 'EventAwareLumiBased', 'algoargs': 1000, 'totalunits': 1000000, 'publication': 0, 'publishdbsurl': 'https://cmsweb.cern.ch/dbs/prod/phys03/DBSWriter', 'publishname2': 'RealData_noLFNDirectory_All_EventAwareLumiBased_1k_1M', 'jobtype': 'Analysis', 'generator': 'pythia', 'addoutputfiles': [], 'maxjobruntime': 1250, 'numcores': 1, 'maxmemory': 2000, 'priority': 10, 'nonprodsw': 0, 'asyncdest': 'T3_CH_CERNBOX', 'requireaccelerator': 0, 'oneEventMode': 0, 'extrajdl': [], 'ignoreglobalblacklist': 0, 'partialdataset': 0, 'inputblocks': []}
DEBUG 2025-05-22 19:20:10.639 UTC: 	 submit() - jobconfig {'addoutputfiles': [], 'tfileoutfiles': ['DY2M_ScoutingTree_Output.root'], 'edmoutfiles': [], 'jobarch': 'el9_amd64_gcc12', 'jobminuarch': 'any', 'jobsw': 'CMSSW_14_0_18_patch1', 'inputdata': '/ScoutingPFRun3/Run2024H-v1/HLTSCOUT', 'cacheurl': 'https://cmsweb.cern.ch/S3/crabcache_prod', 'cachefilename': 'd21f38256e1fe46602fc5ab345ac679fe51bb1d6f3238f49bc29f5d2ba4ab61e.tar.gz', 'debugfilename': 'fbf813026b25b884d857b9e16208e6a4802ab2558df7b85650dfb7ed90f9c90d.tar.gz', 'jobtype': 'Analysis'}
INFO 2025-05-22 19:20:10.639 UTC: 	 Sending the request to the server at cmsweb.cern.ch
DEBUG 2025-05-22 19:20:10.639 UTC: 	 Submitting {'dryrun': 0, 'workflow': 'crab_RealData_noLFNDirectory_All_EventAwareLumiBased_1k_1M', 'saveoutput': 1, 'savelogsflag': 1, 'inputdata': '/ScoutingPFRun3/Run2024H-v1/HLTSCOUT', 'nonvaliddata': 1, 'userfiles': [], 'dbsurl': 'https://cmsweb.cern.ch/dbs/prod/global/DBSReader', 'useparent': 0, 'ignorelocality': 0, 'splitalgo': 'EventAwareLumiBased', 'algoargs': 1000, 'totalunits': 1000000, 'publication': 0, 'publishdbsurl': 'https://cmsweb.cern.ch/dbs/prod/phys03/DBSWriter', 'publishname2': 'RealData_noLFNDirectory_All_EventAwareLumiBased_1k_1M', 'jobtype': 'Analysis', 'generator': 'pythia', 'addoutputfiles': [], 'maxjobruntime': 1250, 'numcores': 1, 'maxmemory': 2000, 'priority': 10, 'nonprodsw': 0, 'asyncdest': 'T3_CH_CERNBOX', 'requireaccelerator': 0, 'oneEventMode': 0, 'extrajdl': [], 'ignoreglobalblacklist': 0, 'partialdataset': 0, 'inputblocks': [], 'tfileoutfiles': ['DY2M_ScoutingTree_Output.root'], 'edmoutfiles': [], 'jobarch': 'el9_amd64_gcc12', 'jobminuarch': 'any', 'jobsw': 'CMSSW_14_0_18_patch1', 'cacheurl': 'https://cmsweb.cern.ch/S3/crabcache_prod', 'cachefilename': 'd21f38256e1fe46602fc5ab345ac679fe51bb1d6f3238f49bc29f5d2ba4ab61e.tar.gz', 'debugfilename': 'fbf813026b25b884d857b9e16208e6a4802ab2558df7b85650dfb7ed90f9c90d.tar.gz'} 
DEBUG 2025-05-22 19:20:10.639 UTC: 	 Encoded data for curl request: dryrun=0&workflow=crab_RealData_noLFNDirectory_All_EventAwareLumiBased_1k_1M&saveoutput=1&savelogsflag=1&inputdata=%2FScoutingPFRun3%2FRun2024H-v1%2FHLTSCOUT&nonvaliddata=1&dbsurl=https%3A%2F%2Fcmsweb.cern.ch%2Fdbs%2Fprod%2Fglobal%2FDBSReader&useparent=0&ignorelocality=0&splitalgo=EventAwareLumiBased&algoargs=1000&totalunits=1000000&publication=0&publishdbsurl=https%3A%2F%2Fcmsweb.cern.ch%2Fdbs%2Fprod%2Fphys03%2FDBSWriter&publishname2=RealData_noLFNDirectory_All_EventAwareLumiBased_1k_1M&jobtype=Analysis&generator=pythia&maxjobruntime=1250&numcores=1&maxmemory=2000&priority=10&nonprodsw=0&asyncdest=T3_CH_CERNBOX&requireaccelerator=0&oneEventMode=0&ignoreglobalblacklist=0&partialdataset=0&jobarch=el9_amd64_gcc12&jobminuarch=any&jobsw=CMSSW_14_0_18_patch1&cacheurl=https%3A%2F%2Fcmsweb.cern.ch%2FS3%2Fcrabcache_prod&cachefilename=d21f38256e1fe46602fc5ab345ac679fe51bb1d6f3238f49bc29f5d2ba4ab61e.tar.gz&debugfilename=fbf813026b25b884d857b9e16208e6a4802ab2558df7b85650dfb7ed90f9c90d.tar.gz&tfileoutfiles=DY2M_ScoutingTree_Output.root
DEBUG 2025-05-22 19:20:11.161 UTC: 	 Result: {'result': [{'RequestName': '250522_192010:amalhotr_crab_RealData_noLFNDirectory_All_EventAwareLumiBased_1k_1M'}]}
INFO 2025-05-22 19:20:11.168 UTC: 	 Success: Your task has been delivered to the prod CRAB3 server.
INFO 2025-05-22 19:20:11.168 UTC: 	 Task name: 250522_192010:amalhotr_crab_RealData_noLFNDirectory_All_EventAwareLumiBased_1k_1M
INFO 2025-05-22 19:20:11.168 UTC: 	 Project dir: ./crab_RealData_noLFNDirectory_All_EventAwareLumiBased_1k_1M
INFO 2025-05-22 19:20:11.168 UTC: 	 Please use ' crab status -d ./crab_RealData_noLFNDirectory_All_EventAwareLumiBased_1k_1M ' to check how the submission process proceeds.
DEBUG 2025-05-22 19:20:11.168 UTC: 	 About to return
INFO 2025-05-22 19:20:11.171 UTC: 	 Log file is /afs/cern.ch/user/a/amalhotr/CMSSW_14_0_18_patch1/src/Run3ScoutingAnalysisTools/crab_RealData_noLFNDirectory_All_EventAwareLumiBased_1k_1M/crab.log
DEBUG 2025-05-22 19:31:18.325 UTC: 	 CRAB Client version: v3.250409
DEBUG 2025-05-22 19:31:18.326 UTC: 	 Running on: Linux lxplus978.cern.ch 5.14.0-503.34.1.el9_5.x86_64 #1 SMP PREEMPT_DYNAMIC Mon Mar 17 21:49:47 EDT 2025 x86_64 x86_64 x86_64 GNU/Linux
DEBUG 2025-05-22 19:31:18.326 UTC: 	 Not using Singularity
DEBUG 2025-05-22 19:31:18.326 UTC: 	 Operating System: Red Hat Enterprise Linux 9.6 (Plow)
DEBUG 2025-05-22 19:31:18.326 UTC: 	 Executing command: 'status'
DEBUG 2025-05-22 19:31:18.326 UTC: 	 Found CRAB cache file /afs/cern.ch/user/a/amalhotr/.crab3
DEBUG 2025-05-22 19:31:18.794 UTC: 	 Checking credentials
DEBUG 2025-05-22 19:31:18.794 UTC: 	 Found proxy file /tmp/x509up_u180451
DEBUG 2025-05-22 19:31:18.794 UTC: 	 Making sure it has proper VOMS extension
DEBUG 2025-05-22 19:31:18.794 UTC: 	 Executing command :
 voms-proxy-info --vo --file /tmp/x509up_u180451
DEBUG 2025-05-22 19:31:19.219 UTC: 	 output : cms

 error: 
 retcode : 0
DEBUG 2025-05-22 19:31:19.219 UTC: 	 Getting proxy life time left
DEBUG 2025-05-22 19:31:19.219 UTC: 	 Executing command :
 voms-proxy-info --actimeleft --timeleft --file /tmp/x509up_u180451
DEBUG 2025-05-22 19:31:19.616 UTC: 	 output : 687448
687447

 error: 
 retcode : 0
DEBUG 2025-05-22 19:31:19.616 UTC: 	 Proxy valid for 190:57:27 hours
DEBUG 2025-05-22 19:31:19.617 UTC: 	 Encoded data for curl request: subresource=delegatedn
DEBUG 2025-05-22 19:31:19.661 UTC: 	 Registering user credentials on myproxy for /DC=ch/DC=cern/OU=computers/CN=crab-(preprod|prod)-tw(01|02).cern.ch|/DC=ch/DC=cern/OU=computers/CN=crab-dev-tw(01|02|03|04).cern.ch|/DC=ch/DC=cern/OU=Organic Units/OU=Users/CN=cmscrab/CN=(817881|373708)/CN=Robot: cms crab|/DC=ch/DC=cern/OU=Organic Units/OU=Users/CN=crabint1/CN=373708/CN=Robot: CMS CRAB Integration 1
DEBUG 2025-05-22 19:31:19.661 UTC: 	 Executing command :
 voms-proxy-info --identity --file /tmp/x509up_u180451
DEBUG 2025-05-22 19:31:20.068 UTC: 	 output : /DC=ch/DC=cern/OU=Organic Units/OU=Users/CN=amalhotr/CN=884837/CN=Aryan Malhotra

 error: 
 retcode : 0
DEBUG 2025-05-22 19:31:20.068 UTC: 	 Getting myproxy life time left for 2382a3cf28fdeacb1de9b039908761ea517a5ed6
DEBUG 2025-05-22 19:31:20.068 UTC: 	 Executing command :
 myproxy-info -s myproxy.cern.ch -l 2382a3cf28fdeacb1de9b039908761ea517a5ed6
DEBUG 2025-05-22 19:31:20.367 UTC: 	 output : username: 2382a3cf28fdeacb1de9b039908761ea517a5ed6
owner: /DC=ch/DC=cern/OU=Organic Units/OU=Users/CN=amalhotr/CN=884837/CN=Aryan Malhotra
  renewal policy: /DC=ch/DC=cern/OU=computers/CN=crab-(preprod|prod)-tw(01|02).cern.ch|/DC=ch/DC=cern/OU=computers/CN=crab-dev-tw(01|02|03|04).cern.ch|/DC=ch/DC=cern/OU=Organic Units/OU=Users/CN=cmscrab/CN=(817881|373708)/CN=Robot: cms crab|/DC=ch/DC=cern/OU=Organic Units/OU=Users/CN=crabint1/CN=373708/CN=Robot: CMS CRAB Integration 1
  trusted retrieval policy: /DC=ch/DC=cern/OU=computers/CN=crab-(preprod|prod)-tw(01|02).cern.ch|/DC=ch/DC=cern/OU=computers/CN=crab-dev-tw(01|02|03|04).cern.ch|/DC=ch/DC=cern/OU=Organic Units/OU=Users/CN=cmscrab/CN=(817881|373708)/CN=Robot: cms crab|/DC=ch/DC=cern/OU=Organic Units/OU=Users/CN=crabint1/CN=373708/CN=Robot: CMS CRAB Integration 1
  timeleft: 539:22:13  (22.5 days)

 error: 
 retcode : 0
DEBUG 2025-05-22 19:31:20.367 UTC: 	 Myproxy is valid: 1941720
DEBUG 2025-05-22 19:31:20.367 UTC: 	 Result of myproxy credential check:
  Credential exists on myproxy: username: 2382a3cf28fdeacb1de9b039908761ea517a5ed6  - validity: 22 days, 11:22:00
DEBUG 2025-05-22 19:31:20.367 UTC: 	 Retrieving username ...
DEBUG 2025-05-22 19:31:20.367 UTC: 	 Retrieving username from CRIC...
DEBUG 2025-05-22 19:31:21.116 UTC: 	 username is amalhotr
INFO 2025-05-22 19:31:21.762 UTC: 	 Rucio client intialized for account amalhotr
DEBUG 2025-05-22 19:31:21.762 UTC: 	 Command use: status
DEBUG 2025-05-22 19:31:21.762 UTC: 	 Options use: ['-d', './crab_RealData_noLFNDirectory_All_EventAwareLumiBased_1k_1M']
DEBUG 2025-05-22 19:31:21.762 UTC: 	 Encoded data for curl request: subresource=version
DEBUG 2025-05-22 19:31:21.811 UTC: 	 CRABClient version: v3.250409
DEBUG 2025-05-22 19:31:21.811 UTC: 	 Instance is prod
DEBUG 2025-05-22 19:31:21.811 UTC: 	 Server base url is cmsweb.cern.ch
DEBUG 2025-05-22 19:31:21.811 UTC: 	 Command api workflow
DEBUG 2025-05-22 19:31:21.811 UTC: 	 Encoded data for curl request: subresource=search&workflow=250522_192010%3Aamalhotr_crab_RealData_noLFNDirectory_All_EventAwareLumiBased_1k_1M
DEBUG 2025-05-22 19:31:21.873 UTC: 	 Got information from server oracle database: {'desc': {'columns': ['tm_taskname', 'tm_activity', 'tm_task_status', 'tm_task_command', 'tm_start_time', 'tm_start_injection', 'tm_end_injection', 'tm_task_failure', 'tm_job_sw', 'tm_job_arch', 'tm_input_dataset', 'tm_nonvalid_input_dataset', 'tm_use_parent', 'tm_site_whitelist', 'tm_site_blacklist', 'tm_split_algo', 'tm_split_args', 'tm_user_sandbox', 'tm_cache_url', 'tm_username', 'tm_user_dn', 'tm_user_vo', 'tm_user_role', 'tm_user_group', 'tm_publish_name', 'tm_publish_groupname', 'tm_asyncdest', 'tm_dbs_url', 'tm_publish_dbs_url', 'tm_publication', 'tm_outfiles', 'tm_tfile_outfiles', 'tm_edm_outfiles', 'tm_job_type', 'tm_generator', 'tm_events_per_lumi', 'tm_arguments', 'tm_save_logs', 'tw_name', 'tm_user_infiles', 'tm_maxjobruntime', 'tm_numcores', 'tm_maxmemory', 'tm_priority', 'tm_output_dataset', 'tm_task_warnings', 'tm_user_webdir', 'tm_scriptexe', 'tm_scriptargs', 'tm_extrajdl', 'tm_collector', 'tm_schedd', 'tm_dry_run', 'tm_user_files', 'tm_transfer_outputs', 'tm_output_lfn', 'tm_ignore_locality', 'tm_fail_limit', 'tm_one_event_mode', 'tm_secondary_input_dataset', 'tm_primary_dataset', 'tm_last_publication', 'tm_debug_files', 'clusterid', 'tm_ignore_global_blacklist', 'tm_submitter_ip_addr', 'tm_totalunits', 'tm_ddm_reqid', 'tm_user_config', 'tm_transfer_container', 'tm_transfer_rule', 'tm_publish_rule', 'tm_multipub_rule', 'tm_job_min_microarch', 'tm_dagman_status', 'tm_num_jobs', 'tm_uploaded']}, 'result': ['250522_192010:amalhotr_crab_RealData_noLFNDirectory_All_EventAwareLumiBased_1k_1M', 'None', 'UPLOADED', 'SUBMIT', '2025-05-22 19:20:11.150304', 'None', 'None', 'None', 'CMSSW_14_0_18_patch1', 'el9_amd64_gcc12', '/ScoutingPFRun3/Run2024H-v1/HLTSCOUT', 'T', '0', '[]', '[]', 'EventAwareLumiBased', "{'halt_job_on_file_boundaries': False, 'splitOnRun': False, 'events_per_job': 1000, 'runs': [], 'lumis': []}", 'd21f38256e1fe46602fc5ab345ac679fe51bb1d6f3238f49bc29f5d2ba4ab61e.tar.gz', 'https://cmsweb.cern.ch/S3/crabcache_prod', 'amalhotr', '/DC=ch/DC=cern/OU=Organic Units/OU=Users/CN=amalhotr/CN=884837/CN=Aryan Malhotra', 'cms', 'None', 'None', 'RealData_noLFNDirectory_All_EventAwareLumiBased_1k_1M-00000000000000000000000000000000', 'F', 'T3_CH_CERNBOX', 'https://cmsweb.cern.ch/dbs/prod/global/DBSReader', 'https://cmsweb.cern.ch/dbs/prod/phys03/DBSWriter', 'F', '[]', "['DY2M_ScoutingTree_Output.root']", '[]', 'Analysis', 'pythia', 'None', '{}', 'T', 'crab-prod-tw01', '[]', '1250', '1', '2000', '10', 'None', '[]', 'None', 'None', '[]', '[]', 'cmsgwms-collector-global.cern.ch:9620,cmsgwms-collector-global.fnal.gov:9620', 'crab3@vocms0196.cern.ch', 'F', '[]', 'T', '/store/user/amalhotr/', 'F', 'None', 'F', 'None', 'ScoutingPFRun3', 'None', 'fbf813026b25b884d857b9e16208e6a4802ab2558df7b85650dfb7ed90f9c90d.tar.gz', 'None', 'F', '188.184.75.82', '1000000.0', 'None', '{"partialdataset": false, "requireaccelerator": false, "acceleratorparams": null, "inputblocks": null}', 'None', 'None', 'None', 'None', 'any', 'NOT_READY', '2', 'F']}
INFO 2025-05-22 19:31:21.874 UTC: 	 CRAB project directory:		/afs/cern.ch/user/a/amalhotr/CMSSW_14_0_18_patch1/src/Run3ScoutingAnalysisTools/crab_RealData_noLFNDirectory_All_EventAwareLumiBased_1k_1M
INFO 2025-05-22 19:31:21.874 UTC: 	 Task name:			250522_192010:amalhotr_crab_RealData_noLFNDirectory_All_EventAwareLumiBased_1k_1M
INFO 2025-05-22 19:31:21.874 UTC: 	 Grid scheduler - Task Worker:	crab3@vocms0196.cern.ch - crab-prod-tw01
INFO 2025-05-22 19:31:21.874 UTC: 	 Status on the CRAB server:	UPLOADED
INFO 2025-05-22 19:31:21.874 UTC: 	 Task URL to use for HELP:	https://cmsweb.cern.ch/crabserver/ui/task/250522_192010%3Aamalhotr_crab_RealData_noLFNDirectory_All_EventAwareLumiBased_1k_1M
INFO 2025-05-22 19:31:21.887 UTC: 	 Dashboard monitoring URL:	https://monit-grafana.cern.ch/d/cmsTMDetail/cms-task-monitoring-task-view?orgId=11&var-user=amalhotr&var-task=250522_192010%3Aamalhotr_crab_RealData_noLFNDirectory_All_EventAwareLumiBased_1k_1M&from=1747938011000&to=now
DEBUG 2025-05-22 19:31:21.888 UTC: 	 The task has not been submitted to the Grid scheduler yet. Not printing job information.
INFO 2025-05-22 19:31:21.895 UTC: 	 Log file is /afs/cern.ch/user/a/amalhotr/CMSSW_14_0_18_patch1/src/Run3ScoutingAnalysisTools/crab_RealData_noLFNDirectory_All_EventAwareLumiBased_1k_1M/crab.log
DEBUG 2025-05-22 20:06:06.572 UTC: 	 CRAB Client version: v3.250409
DEBUG 2025-05-22 20:06:06.572 UTC: 	 Running on: Linux lxplus978.cern.ch 5.14.0-503.34.1.el9_5.x86_64 #1 SMP PREEMPT_DYNAMIC Mon Mar 17 21:49:47 EDT 2025 x86_64 x86_64 x86_64 GNU/Linux
DEBUG 2025-05-22 20:06:06.572 UTC: 	 Not using Singularity
DEBUG 2025-05-22 20:06:06.572 UTC: 	 Operating System: Red Hat Enterprise Linux 9.6 (Plow)
DEBUG 2025-05-22 20:06:06.572 UTC: 	 Executing command: 'status'
DEBUG 2025-05-22 20:06:06.572 UTC: 	 Found CRAB cache file /afs/cern.ch/user/a/amalhotr/.crab3
DEBUG 2025-05-22 20:06:06.633 UTC: 	 Checking credentials
DEBUG 2025-05-22 20:06:06.633 UTC: 	 Found proxy file /tmp/x509up_u180451
DEBUG 2025-05-22 20:06:06.633 UTC: 	 Making sure it has proper VOMS extension
DEBUG 2025-05-22 20:06:06.633 UTC: 	 Executing command :
 voms-proxy-info --vo --file /tmp/x509up_u180451
DEBUG 2025-05-22 20:06:07.050 UTC: 	 output : cms

 error: 
 retcode : 0
DEBUG 2025-05-22 20:06:07.050 UTC: 	 Getting proxy life time left
DEBUG 2025-05-22 20:06:07.050 UTC: 	 Executing command :
 voms-proxy-info --actimeleft --timeleft --file /tmp/x509up_u180451
DEBUG 2025-05-22 20:06:07.404 UTC: 	 output : 685360
685359

 error: 
 retcode : 0
DEBUG 2025-05-22 20:06:07.404 UTC: 	 Proxy valid for 190:22:39 hours
DEBUG 2025-05-22 20:06:07.404 UTC: 	 Encoded data for curl request: subresource=delegatedn
DEBUG 2025-05-22 20:06:07.485 UTC: 	 Registering user credentials on myproxy for /DC=ch/DC=cern/OU=computers/CN=crab-(preprod|prod)-tw(01|02).cern.ch|/DC=ch/DC=cern/OU=computers/CN=crab-dev-tw(01|02|03|04).cern.ch|/DC=ch/DC=cern/OU=Organic Units/OU=Users/CN=cmscrab/CN=(817881|373708)/CN=Robot: cms crab|/DC=ch/DC=cern/OU=Organic Units/OU=Users/CN=crabint1/CN=373708/CN=Robot: CMS CRAB Integration 1
DEBUG 2025-05-22 20:06:07.485 UTC: 	 Executing command :
 voms-proxy-info --identity --file /tmp/x509up_u180451
DEBUG 2025-05-22 20:06:07.847 UTC: 	 output : /DC=ch/DC=cern/OU=Organic Units/OU=Users/CN=amalhotr/CN=884837/CN=Aryan Malhotra

 error: 
 retcode : 0
DEBUG 2025-05-22 20:06:07.847 UTC: 	 Getting myproxy life time left for 2382a3cf28fdeacb1de9b039908761ea517a5ed6
DEBUG 2025-05-22 20:06:07.847 UTC: 	 Executing command :
 myproxy-info -s myproxy.cern.ch -l 2382a3cf28fdeacb1de9b039908761ea517a5ed6
DEBUG 2025-05-22 20:06:08.138 UTC: 	 output : username: 2382a3cf28fdeacb1de9b039908761ea517a5ed6
owner: /DC=ch/DC=cern/OU=Organic Units/OU=Users/CN=amalhotr/CN=884837/CN=Aryan Malhotra
  renewal policy: /DC=ch/DC=cern/OU=computers/CN=crab-(preprod|prod)-tw(01|02).cern.ch|/DC=ch/DC=cern/OU=computers/CN=crab-dev-tw(01|02|03|04).cern.ch|/DC=ch/DC=cern/OU=Organic Units/OU=Users/CN=cmscrab/CN=(817881|373708)/CN=Robot: cms crab|/DC=ch/DC=cern/OU=Organic Units/OU=Users/CN=crabint1/CN=373708/CN=Robot: CMS CRAB Integration 1
  trusted retrieval policy: /DC=ch/DC=cern/OU=computers/CN=crab-(preprod|prod)-tw(01|02).cern.ch|/DC=ch/DC=cern/OU=computers/CN=crab-dev-tw(01|02|03|04).cern.ch|/DC=ch/DC=cern/OU=Organic Units/OU=Users/CN=cmscrab/CN=(817881|373708)/CN=Robot: cms crab|/DC=ch/DC=cern/OU=Organic Units/OU=Users/CN=crabint1/CN=373708/CN=Robot: CMS CRAB Integration 1
  timeleft: 538:47:25  (22.4 days)

 error: 
 retcode : 0
DEBUG 2025-05-22 20:06:08.138 UTC: 	 Myproxy is valid: 1939620
DEBUG 2025-05-22 20:06:08.138 UTC: 	 Result of myproxy credential check:
  Credential exists on myproxy: username: 2382a3cf28fdeacb1de9b039908761ea517a5ed6  - validity: 22 days, 10:47:00
DEBUG 2025-05-22 20:06:08.138 UTC: 	 Retrieving username ...
DEBUG 2025-05-22 20:06:08.138 UTC: 	 Retrieving username from CRIC...
DEBUG 2025-05-22 20:06:08.876 UTC: 	 username is amalhotr
INFO 2025-05-22 20:06:09.447 UTC: 	 Rucio client intialized for account amalhotr
DEBUG 2025-05-22 20:06:09.448 UTC: 	 Command use: status
DEBUG 2025-05-22 20:06:09.448 UTC: 	 Options use: ['-d', './crab_RealData_noLFNDirectory_All_EventAwareLumiBased_1k_1M']
DEBUG 2025-05-22 20:06:09.448 UTC: 	 Encoded data for curl request: subresource=version
DEBUG 2025-05-22 20:06:09.493 UTC: 	 CRABClient version: v3.250409
DEBUG 2025-05-22 20:06:09.493 UTC: 	 Instance is prod
DEBUG 2025-05-22 20:06:09.493 UTC: 	 Server base url is cmsweb.cern.ch
DEBUG 2025-05-22 20:06:09.493 UTC: 	 Command api workflow
DEBUG 2025-05-22 20:06:09.493 UTC: 	 Encoded data for curl request: subresource=search&workflow=250522_192010%3Aamalhotr_crab_RealData_noLFNDirectory_All_EventAwareLumiBased_1k_1M
DEBUG 2025-05-22 20:06:09.538 UTC: 	 Got information from server oracle database: {'desc': {'columns': ['tm_taskname', 'tm_activity', 'tm_task_status', 'tm_task_command', 'tm_start_time', 'tm_start_injection', 'tm_end_injection', 'tm_task_failure', 'tm_job_sw', 'tm_job_arch', 'tm_input_dataset', 'tm_nonvalid_input_dataset', 'tm_use_parent', 'tm_site_whitelist', 'tm_site_blacklist', 'tm_split_algo', 'tm_split_args', 'tm_user_sandbox', 'tm_cache_url', 'tm_username', 'tm_user_dn', 'tm_user_vo', 'tm_user_role', 'tm_user_group', 'tm_publish_name', 'tm_publish_groupname', 'tm_asyncdest', 'tm_dbs_url', 'tm_publish_dbs_url', 'tm_publication', 'tm_outfiles', 'tm_tfile_outfiles', 'tm_edm_outfiles', 'tm_job_type', 'tm_generator', 'tm_events_per_lumi', 'tm_arguments', 'tm_save_logs', 'tw_name', 'tm_user_infiles', 'tm_maxjobruntime', 'tm_numcores', 'tm_maxmemory', 'tm_priority', 'tm_output_dataset', 'tm_task_warnings', 'tm_user_webdir', 'tm_scriptexe', 'tm_scriptargs', 'tm_extrajdl', 'tm_collector', 'tm_schedd', 'tm_dry_run', 'tm_user_files', 'tm_transfer_outputs', 'tm_output_lfn', 'tm_ignore_locality', 'tm_fail_limit', 'tm_one_event_mode', 'tm_secondary_input_dataset', 'tm_primary_dataset', 'tm_last_publication', 'tm_debug_files', 'clusterid', 'tm_ignore_global_blacklist', 'tm_submitter_ip_addr', 'tm_totalunits', 'tm_ddm_reqid', 'tm_user_config', 'tm_transfer_container', 'tm_transfer_rule', 'tm_publish_rule', 'tm_multipub_rule', 'tm_job_min_microarch', 'tm_dagman_status', 'tm_num_jobs', 'tm_uploaded']}, 'result': ['250522_192010:amalhotr_crab_RealData_noLFNDirectory_All_EventAwareLumiBased_1k_1M', 'None', 'SUBMITTED', 'SUBMIT', '2025-05-22 19:20:11.150304', 'None', '2025-05-22 19:40:16.442488', 'None', 'CMSSW_14_0_18_patch1', 'el9_amd64_gcc12', '/ScoutingPFRun3/Run2024H-v1/HLTSCOUT', 'T', '0', '[]', '[]', 'EventAwareLumiBased', "{'halt_job_on_file_boundaries': False, 'splitOnRun': False, 'events_per_job': 1000, 'runs': [], 'lumis': []}", 'd21f38256e1fe46602fc5ab345ac679fe51bb1d6f3238f49bc29f5d2ba4ab61e.tar.gz', 'https://cmsweb.cern.ch/S3/crabcache_prod', 'amalhotr', '/DC=ch/DC=cern/OU=Organic Units/OU=Users/CN=amalhotr/CN=884837/CN=Aryan Malhotra', 'cms', 'None', 'None', 'RealData_noLFNDirectory_All_EventAwareLumiBased_1k_1M-00000000000000000000000000000000', 'F', 'T3_CH_CERNBOX', 'https://cmsweb.cern.ch/dbs/prod/global/DBSReader', 'https://cmsweb.cern.ch/dbs/prod/phys03/DBSWriter', 'F', '[]', "['DY2M_ScoutingTree_Output.root']", '[]', 'Analysis', 'pythia', 'None', '{}', 'T', 'crab-prod-tw01', '[]', '1250', '1', '2000', '10', 'None', '[]', 'http://vocms0198.cern.ch/mon/amalhotr/250522_192010:amalhotr_crab_RealData_noLFNDirectory_All_EventAwareLumiBased_1k_1M', 'None', '[]', '[]', 'cmsgwms-collector-global.cern.ch:9620,cmsgwms-collector-global.fnal.gov:9620', 'crab3@vocms0198.cern.ch', 'F', '[]', 'T', '/store/user/amalhotr/', 'F', 'None', 'F', 'None', 'ScoutingPFRun3', 'None', 'fbf813026b25b884d857b9e16208e6a4802ab2558df7b85650dfb7ed90f9c90d.tar.gz', '117974726', 'F', '188.184.75.82', '1000000.0', 'None', '{"partialdataset": false, "requireaccelerator": false, "acceleratorparams": null, "inputblocks": null}', 'None', 'None', 'None', 'None', 'any', 'NOT_READY', '2', 'F']}
INFO 2025-05-22 20:06:09.538 UTC: 	 CRAB project directory:		/afs/cern.ch/user/a/amalhotr/CMSSW_14_0_18_patch1/src/Run3ScoutingAnalysisTools/crab_RealData_noLFNDirectory_All_EventAwareLumiBased_1k_1M
INFO 2025-05-22 20:06:09.538 UTC: 	 Task name:			250522_192010:amalhotr_crab_RealData_noLFNDirectory_All_EventAwareLumiBased_1k_1M
INFO 2025-05-22 20:06:09.538 UTC: 	 Grid scheduler - Task Worker:	crab3@vocms0198.cern.ch - crab-prod-tw01
INFO 2025-05-22 20:06:09.538 UTC: 	 Status on the CRAB server:	SUBMITTED
INFO 2025-05-22 20:06:09.538 UTC: 	 Task URL to use for HELP:	https://cmsweb.cern.ch/crabserver/ui/task/250522_192010%3Aamalhotr_crab_RealData_noLFNDirectory_All_EventAwareLumiBased_1k_1M
INFO 2025-05-22 20:06:09.548 UTC: 	 Dashboard monitoring URL:	https://monit-grafana.cern.ch/d/cmsTMDetail/cms-task-monitoring-task-view?orgId=11&var-user=amalhotr&var-task=250522_192010%3Aamalhotr_crab_RealData_noLFNDirectory_All_EventAwareLumiBased_1k_1M&from=1747938011000&to=now
DEBUG 2025-05-22 20:06:09.548 UTC: 	 The CRAB server submitted your task to the Grid scheduler (cluster ID: 117974726)
DEBUG 2025-05-22 20:06:09.548 UTC: 	 Webdir is located at http://vocms0198.cern.ch/mon/amalhotr/250522_192010:amalhotr_crab_RealData_noLFNDirectory_All_EventAwareLumiBased_1k_1M
DEBUG 2025-05-22 20:06:09.548 UTC: 	 Encoded data for curl request: subresource=webdirprx&workflow=250522_192010%3Aamalhotr_crab_RealData_noLFNDirectory_All_EventAwareLumiBased_1k_1M
DEBUG 2025-05-22 20:06:09.619 UTC: 	 Proxied webdir is located at https://cmsweb.cern.ch/scheddmon/0198/amalhotr/250522_192010:amalhotr_crab_RealData_noLFNDirectory_All_EventAwareLumiBased_1k_1M
DEBUG 2025-05-22 20:06:09.619 UTC: 	 Retrieving 'status_cache' file from https://cmsweb.cern.ch/scheddmon/0198/amalhotr/250522_192010:amalhotr_crab_RealData_noLFNDirectory_All_EventAwareLumiBased_1k_1M/status_cache.pkl
DEBUG 2025-05-22 20:06:09.619 UTC: 	 Will execute:
curl -sS --capath /etc/grid-security/certificates --cert /tmp/x509up_u180451 --key /tmp/x509up_u180451 -o /tmp/crab_status-cache-54hhs0lh.pkl -w %"{http_code}" "https://cmsweb.cern.ch/scheddmon/0198/amalhotr/250522_192010:amalhotr_crab_RealData_noLFNDirectory_All_EventAwareLumiBased_1k_1M/status_cache.pkl"
DEBUG 2025-05-22 20:06:09.619 UTC: 	 Executing command :
 curl -sS --capath /etc/grid-security/certificates --cert /tmp/x509up_u180451 --key /tmp/x509up_u180451 -o /tmp/crab_status-cache-54hhs0lh.pkl -w %"{http_code}" "https://cmsweb.cern.ch/scheddmon/0198/amalhotr/250522_192010:amalhotr_crab_RealData_noLFNDirectory_All_EventAwareLumiBased_1k_1M/status_cache.pkl"
DEBUG 2025-05-22 20:06:09.665 UTC: 	 output : 200
 error: 
 retcode : 0
DEBUG 2025-05-22 20:06:09.665 UTC: 	 exitcode: 0
stdout: 200
stderr: 
error details: 
INFO 2025-05-22 20:06:09.666 UTC: 	 Task bootstrapped at 2025-05-22 19:41:19 UTC. 1490 seconds ago
ERROR 2025-05-22 20:06:09.666 UTC: 	 Task bootstrapped on schedd more than 24 minutes ago
But no status info is available yet. If this persists report it to cmstalk+computing-tools@dovecotmta.cern.ch 
INFO 2025-05-22 20:06:09.668 UTC: 	 Log file is /afs/cern.ch/user/a/amalhotr/CMSSW_14_0_18_patch1/src/Run3ScoutingAnalysisTools/crab_RealData_noLFNDirectory_All_EventAwareLumiBased_1k_1M/crab.log
DEBUG 2025-05-22 20:06:27.935 UTC: 	 CRAB Client version: v3.250409
DEBUG 2025-05-22 20:06:27.935 UTC: 	 Running on: Linux lxplus978.cern.ch 5.14.0-503.34.1.el9_5.x86_64 #1 SMP PREEMPT_DYNAMIC Mon Mar 17 21:49:47 EDT 2025 x86_64 x86_64 x86_64 GNU/Linux
DEBUG 2025-05-22 20:06:27.935 UTC: 	 Not using Singularity
DEBUG 2025-05-22 20:06:27.935 UTC: 	 Operating System: Red Hat Enterprise Linux 9.6 (Plow)
DEBUG 2025-05-22 20:06:27.935 UTC: 	 Executing command: 'status'
DEBUG 2025-05-22 20:06:27.935 UTC: 	 Found CRAB cache file /afs/cern.ch/user/a/amalhotr/.crab3
DEBUG 2025-05-22 20:06:27.957 UTC: 	 Checking credentials
DEBUG 2025-05-22 20:06:27.957 UTC: 	 Found proxy file /tmp/x509up_u180451
DEBUG 2025-05-22 20:06:27.957 UTC: 	 Making sure it has proper VOMS extension
DEBUG 2025-05-22 20:06:27.957 UTC: 	 Executing command :
 voms-proxy-info --vo --file /tmp/x509up_u180451
DEBUG 2025-05-22 20:06:28.314 UTC: 	 output : cms

 error: 
 retcode : 0
DEBUG 2025-05-22 20:06:28.314 UTC: 	 Getting proxy life time left
DEBUG 2025-05-22 20:06:28.314 UTC: 	 Executing command :
 voms-proxy-info --actimeleft --timeleft --file /tmp/x509up_u180451
DEBUG 2025-05-22 20:06:28.809 UTC: 	 output : 685339
685338

 error: 
 retcode : 0
DEBUG 2025-05-22 20:06:28.809 UTC: 	 Proxy valid for 190:22:18 hours
DEBUG 2025-05-22 20:06:28.809 UTC: 	 Encoded data for curl request: subresource=delegatedn
DEBUG 2025-05-22 20:06:28.850 UTC: 	 Registering user credentials on myproxy for /DC=ch/DC=cern/OU=computers/CN=crab-(preprod|prod)-tw(01|02).cern.ch|/DC=ch/DC=cern/OU=computers/CN=crab-dev-tw(01|02|03|04).cern.ch|/DC=ch/DC=cern/OU=Organic Units/OU=Users/CN=cmscrab/CN=(817881|373708)/CN=Robot: cms crab|/DC=ch/DC=cern/OU=Organic Units/OU=Users/CN=crabint1/CN=373708/CN=Robot: CMS CRAB Integration 1
DEBUG 2025-05-22 20:06:28.850 UTC: 	 Executing command :
 voms-proxy-info --identity --file /tmp/x509up_u180451
DEBUG 2025-05-22 20:06:29.245 UTC: 	 output : /DC=ch/DC=cern/OU=Organic Units/OU=Users/CN=amalhotr/CN=884837/CN=Aryan Malhotra

 error: 
 retcode : 0
DEBUG 2025-05-22 20:06:29.245 UTC: 	 Getting myproxy life time left for 2382a3cf28fdeacb1de9b039908761ea517a5ed6
DEBUG 2025-05-22 20:06:29.245 UTC: 	 Executing command :
 myproxy-info -s myproxy.cern.ch -l 2382a3cf28fdeacb1de9b039908761ea517a5ed6
DEBUG 2025-05-22 20:06:29.520 UTC: 	 output : username: 2382a3cf28fdeacb1de9b039908761ea517a5ed6
owner: /DC=ch/DC=cern/OU=Organic Units/OU=Users/CN=amalhotr/CN=884837/CN=Aryan Malhotra
  renewal policy: /DC=ch/DC=cern/OU=computers/CN=crab-(preprod|prod)-tw(01|02).cern.ch|/DC=ch/DC=cern/OU=computers/CN=crab-dev-tw(01|02|03|04).cern.ch|/DC=ch/DC=cern/OU=Organic Units/OU=Users/CN=cmscrab/CN=(817881|373708)/CN=Robot: cms crab|/DC=ch/DC=cern/OU=Organic Units/OU=Users/CN=crabint1/CN=373708/CN=Robot: CMS CRAB Integration 1
  trusted retrieval policy: /DC=ch/DC=cern/OU=computers/CN=crab-(preprod|prod)-tw(01|02).cern.ch|/DC=ch/DC=cern/OU=computers/CN=crab-dev-tw(01|02|03|04).cern.ch|/DC=ch/DC=cern/OU=Organic Units/OU=Users/CN=cmscrab/CN=(817881|373708)/CN=Robot: cms crab|/DC=ch/DC=cern/OU=Organic Units/OU=Users/CN=crabint1/CN=373708/CN=Robot: CMS CRAB Integration 1
  timeleft: 538:47:04  (22.4 days)

 error: 
 retcode : 0
DEBUG 2025-05-22 20:06:29.520 UTC: 	 Myproxy is valid: 1939620
DEBUG 2025-05-22 20:06:29.520 UTC: 	 Result of myproxy credential check:
  Credential exists on myproxy: username: 2382a3cf28fdeacb1de9b039908761ea517a5ed6  - validity: 22 days, 10:47:00
DEBUG 2025-05-22 20:06:29.520 UTC: 	 Retrieving username ...
DEBUG 2025-05-22 20:06:29.520 UTC: 	 Retrieving username from CRIC...
DEBUG 2025-05-22 20:06:30.301 UTC: 	 username is amalhotr
INFO 2025-05-22 20:06:30.832 UTC: 	 Rucio client intialized for account amalhotr
DEBUG 2025-05-22 20:06:30.832 UTC: 	 Command use: status
DEBUG 2025-05-22 20:06:30.832 UTC: 	 Options use: ['-d', './crab_RealData_noLFNDirectory_All_EventAwareLumiBased_1k_1M']
DEBUG 2025-05-22 20:06:30.833 UTC: 	 Encoded data for curl request: subresource=version
DEBUG 2025-05-22 20:06:30.881 UTC: 	 CRABClient version: v3.250409
DEBUG 2025-05-22 20:06:30.881 UTC: 	 Instance is prod
DEBUG 2025-05-22 20:06:30.881 UTC: 	 Server base url is cmsweb.cern.ch
DEBUG 2025-05-22 20:06:30.881 UTC: 	 Command api workflow
DEBUG 2025-05-22 20:06:30.881 UTC: 	 Encoded data for curl request: subresource=search&workflow=250522_192010%3Aamalhotr_crab_RealData_noLFNDirectory_All_EventAwareLumiBased_1k_1M
DEBUG 2025-05-22 20:06:30.928 UTC: 	 Got information from server oracle database: {'desc': {'columns': ['tm_taskname', 'tm_activity', 'tm_task_status', 'tm_task_command', 'tm_start_time', 'tm_start_injection', 'tm_end_injection', 'tm_task_failure', 'tm_job_sw', 'tm_job_arch', 'tm_input_dataset', 'tm_nonvalid_input_dataset', 'tm_use_parent', 'tm_site_whitelist', 'tm_site_blacklist', 'tm_split_algo', 'tm_split_args', 'tm_user_sandbox', 'tm_cache_url', 'tm_username', 'tm_user_dn', 'tm_user_vo', 'tm_user_role', 'tm_user_group', 'tm_publish_name', 'tm_publish_groupname', 'tm_asyncdest', 'tm_dbs_url', 'tm_publish_dbs_url', 'tm_publication', 'tm_outfiles', 'tm_tfile_outfiles', 'tm_edm_outfiles', 'tm_job_type', 'tm_generator', 'tm_events_per_lumi', 'tm_arguments', 'tm_save_logs', 'tw_name', 'tm_user_infiles', 'tm_maxjobruntime', 'tm_numcores', 'tm_maxmemory', 'tm_priority', 'tm_output_dataset', 'tm_task_warnings', 'tm_user_webdir', 'tm_scriptexe', 'tm_scriptargs', 'tm_extrajdl', 'tm_collector', 'tm_schedd', 'tm_dry_run', 'tm_user_files', 'tm_transfer_outputs', 'tm_output_lfn', 'tm_ignore_locality', 'tm_fail_limit', 'tm_one_event_mode', 'tm_secondary_input_dataset', 'tm_primary_dataset', 'tm_last_publication', 'tm_debug_files', 'clusterid', 'tm_ignore_global_blacklist', 'tm_submitter_ip_addr', 'tm_totalunits', 'tm_ddm_reqid', 'tm_user_config', 'tm_transfer_container', 'tm_transfer_rule', 'tm_publish_rule', 'tm_multipub_rule', 'tm_job_min_microarch', 'tm_dagman_status', 'tm_num_jobs', 'tm_uploaded']}, 'result': ['250522_192010:amalhotr_crab_RealData_noLFNDirectory_All_EventAwareLumiBased_1k_1M', 'None', 'SUBMITTED', 'SUBMIT', '2025-05-22 19:20:11.150304', 'None', '2025-05-22 19:40:16.442488', 'None', 'CMSSW_14_0_18_patch1', 'el9_amd64_gcc12', '/ScoutingPFRun3/Run2024H-v1/HLTSCOUT', 'T', '0', '[]', '[]', 'EventAwareLumiBased', "{'halt_job_on_file_boundaries': False, 'splitOnRun': False, 'events_per_job': 1000, 'runs': [], 'lumis': []}", 'd21f38256e1fe46602fc5ab345ac679fe51bb1d6f3238f49bc29f5d2ba4ab61e.tar.gz', 'https://cmsweb.cern.ch/S3/crabcache_prod', 'amalhotr', '/DC=ch/DC=cern/OU=Organic Units/OU=Users/CN=amalhotr/CN=884837/CN=Aryan Malhotra', 'cms', 'None', 'None', 'RealData_noLFNDirectory_All_EventAwareLumiBased_1k_1M-00000000000000000000000000000000', 'F', 'T3_CH_CERNBOX', 'https://cmsweb.cern.ch/dbs/prod/global/DBSReader', 'https://cmsweb.cern.ch/dbs/prod/phys03/DBSWriter', 'F', '[]', "['DY2M_ScoutingTree_Output.root']", '[]', 'Analysis', 'pythia', 'None', '{}', 'T', 'crab-prod-tw01', '[]', '1250', '1', '2000', '10', 'None', '[]', 'http://vocms0198.cern.ch/mon/amalhotr/250522_192010:amalhotr_crab_RealData_noLFNDirectory_All_EventAwareLumiBased_1k_1M', 'None', '[]', '[]', 'cmsgwms-collector-global.cern.ch:9620,cmsgwms-collector-global.fnal.gov:9620', 'crab3@vocms0198.cern.ch', 'F', '[]', 'T', '/store/user/amalhotr/', 'F', 'None', 'F', 'None', 'ScoutingPFRun3', 'None', 'fbf813026b25b884d857b9e16208e6a4802ab2558df7b85650dfb7ed90f9c90d.tar.gz', '117974726', 'F', '188.184.75.82', '1000000.0', 'None', '{"partialdataset": false, "requireaccelerator": false, "acceleratorparams": null, "inputblocks": null}', 'None', 'None', 'None', 'None', 'any', 'NOT_READY', '2', 'F']}
INFO 2025-05-22 20:06:30.929 UTC: 	 CRAB project directory:		/afs/cern.ch/user/a/amalhotr/CMSSW_14_0_18_patch1/src/Run3ScoutingAnalysisTools/crab_RealData_noLFNDirectory_All_EventAwareLumiBased_1k_1M
INFO 2025-05-22 20:06:30.929 UTC: 	 Task name:			250522_192010:amalhotr_crab_RealData_noLFNDirectory_All_EventAwareLumiBased_1k_1M
INFO 2025-05-22 20:06:30.929 UTC: 	 Grid scheduler - Task Worker:	crab3@vocms0198.cern.ch - crab-prod-tw01
INFO 2025-05-22 20:06:30.929 UTC: 	 Status on the CRAB server:	SUBMITTED
INFO 2025-05-22 20:06:30.929 UTC: 	 Task URL to use for HELP:	https://cmsweb.cern.ch/crabserver/ui/task/250522_192010%3Aamalhotr_crab_RealData_noLFNDirectory_All_EventAwareLumiBased_1k_1M
INFO 2025-05-22 20:06:30.938 UTC: 	 Dashboard monitoring URL:	https://monit-grafana.cern.ch/d/cmsTMDetail/cms-task-monitoring-task-view?orgId=11&var-user=amalhotr&var-task=250522_192010%3Aamalhotr_crab_RealData_noLFNDirectory_All_EventAwareLumiBased_1k_1M&from=1747938011000&to=now
DEBUG 2025-05-22 20:06:30.938 UTC: 	 The CRAB server submitted your task to the Grid scheduler (cluster ID: 117974726)
DEBUG 2025-05-22 20:06:30.938 UTC: 	 Webdir is located at http://vocms0198.cern.ch/mon/amalhotr/250522_192010:amalhotr_crab_RealData_noLFNDirectory_All_EventAwareLumiBased_1k_1M
DEBUG 2025-05-22 20:06:30.938 UTC: 	 Encoded data for curl request: subresource=webdirprx&workflow=250522_192010%3Aamalhotr_crab_RealData_noLFNDirectory_All_EventAwareLumiBased_1k_1M
DEBUG 2025-05-22 20:06:30.996 UTC: 	 Proxied webdir is located at https://cmsweb.cern.ch/scheddmon/0198/amalhotr/250522_192010:amalhotr_crab_RealData_noLFNDirectory_All_EventAwareLumiBased_1k_1M
DEBUG 2025-05-22 20:06:30.996 UTC: 	 Retrieving 'status_cache' file from https://cmsweb.cern.ch/scheddmon/0198/amalhotr/250522_192010:amalhotr_crab_RealData_noLFNDirectory_All_EventAwareLumiBased_1k_1M/status_cache.pkl
DEBUG 2025-05-22 20:06:30.996 UTC: 	 Will execute:
curl -sS --capath /etc/grid-security/certificates --cert /tmp/x509up_u180451 --key /tmp/x509up_u180451 -o /tmp/crab_status-cache-4pk10wca.pkl -w %"{http_code}" "https://cmsweb.cern.ch/scheddmon/0198/amalhotr/250522_192010:amalhotr_crab_RealData_noLFNDirectory_All_EventAwareLumiBased_1k_1M/status_cache.pkl"
DEBUG 2025-05-22 20:06:30.996 UTC: 	 Executing command :
 curl -sS --capath /etc/grid-security/certificates --cert /tmp/x509up_u180451 --key /tmp/x509up_u180451 -o /tmp/crab_status-cache-4pk10wca.pkl -w %"{http_code}" "https://cmsweb.cern.ch/scheddmon/0198/amalhotr/250522_192010:amalhotr_crab_RealData_noLFNDirectory_All_EventAwareLumiBased_1k_1M/status_cache.pkl"
DEBUG 2025-05-22 20:06:31.033 UTC: 	 output : 200
 error: 
 retcode : 0
DEBUG 2025-05-22 20:06:31.033 UTC: 	 exitcode: 0
stdout: 200
stderr: 
error details: 
INFO 2025-05-22 20:06:31.033 UTC: 	 Task bootstrapped at 2025-05-22 19:41:19 UTC. 1512 seconds ago
ERROR 2025-05-22 20:06:31.033 UTC: 	 Task bootstrapped on schedd more than 25 minutes ago
But no status info is available yet. If this persists report it to cmstalk+computing-tools@dovecotmta.cern.ch 
INFO 2025-05-22 20:06:31.035 UTC: 	 Log file is /afs/cern.ch/user/a/amalhotr/CMSSW_14_0_18_patch1/src/Run3ScoutingAnalysisTools/crab_RealData_noLFNDirectory_All_EventAwareLumiBased_1k_1M/crab.log
DEBUG 2025-05-22 20:48:49.226 UTC: 	 CRAB Client version: v3.250409
DEBUG 2025-05-22 20:48:49.226 UTC: 	 Running on: Linux lxplus978.cern.ch 5.14.0-503.34.1.el9_5.x86_64 #1 SMP PREEMPT_DYNAMIC Mon Mar 17 21:49:47 EDT 2025 x86_64 x86_64 x86_64 GNU/Linux
DEBUG 2025-05-22 20:48:49.226 UTC: 	 Not using Singularity
DEBUG 2025-05-22 20:48:49.226 UTC: 	 Operating System: Red Hat Enterprise Linux 9.6 (Plow)
DEBUG 2025-05-22 20:48:49.226 UTC: 	 Executing command: 'status'
DEBUG 2025-05-22 20:48:49.226 UTC: 	 Found CRAB cache file /afs/cern.ch/user/a/amalhotr/.crab3
DEBUG 2025-05-22 20:48:49.272 UTC: 	 Checking credentials
DEBUG 2025-05-22 20:48:49.272 UTC: 	 Found proxy file /tmp/x509up_u180451
DEBUG 2025-05-22 20:48:49.272 UTC: 	 Making sure it has proper VOMS extension
DEBUG 2025-05-22 20:48:49.272 UTC: 	 Executing command :
 voms-proxy-info --vo --file /tmp/x509up_u180451
DEBUG 2025-05-22 20:48:49.642 UTC: 	 output : cms

 error: 
 retcode : 0
DEBUG 2025-05-22 20:48:49.642 UTC: 	 Getting proxy life time left
DEBUG 2025-05-22 20:48:49.642 UTC: 	 Executing command :
 voms-proxy-info --actimeleft --timeleft --file /tmp/x509up_u180451
DEBUG 2025-05-22 20:48:49.991 UTC: 	 output : 682798
682797

 error: 
 retcode : 0
DEBUG 2025-05-22 20:48:49.992 UTC: 	 Proxy valid for 189:39:57 hours
DEBUG 2025-05-22 20:48:49.992 UTC: 	 Encoded data for curl request: subresource=delegatedn
DEBUG 2025-05-22 20:48:50.034 UTC: 	 Registering user credentials on myproxy for /DC=ch/DC=cern/OU=computers/CN=crab-(preprod|prod)-tw(01|02).cern.ch|/DC=ch/DC=cern/OU=computers/CN=crab-dev-tw(01|02|03|04).cern.ch|/DC=ch/DC=cern/OU=Organic Units/OU=Users/CN=cmscrab/CN=(817881|373708)/CN=Robot: cms crab|/DC=ch/DC=cern/OU=Organic Units/OU=Users/CN=crabint1/CN=373708/CN=Robot: CMS CRAB Integration 1
DEBUG 2025-05-22 20:48:50.034 UTC: 	 Executing command :
 voms-proxy-info --identity --file /tmp/x509up_u180451
DEBUG 2025-05-22 20:48:50.387 UTC: 	 output : /DC=ch/DC=cern/OU=Organic Units/OU=Users/CN=amalhotr/CN=884837/CN=Aryan Malhotra

 error: 
 retcode : 0
DEBUG 2025-05-22 20:48:50.387 UTC: 	 Getting myproxy life time left for 2382a3cf28fdeacb1de9b039908761ea517a5ed6
DEBUG 2025-05-22 20:48:50.388 UTC: 	 Executing command :
 myproxy-info -s myproxy.cern.ch -l 2382a3cf28fdeacb1de9b039908761ea517a5ed6
DEBUG 2025-05-22 20:48:50.697 UTC: 	 output : username: 2382a3cf28fdeacb1de9b039908761ea517a5ed6
owner: /DC=ch/DC=cern/OU=Organic Units/OU=Users/CN=amalhotr/CN=884837/CN=Aryan Malhotra
  renewal policy: /DC=ch/DC=cern/OU=computers/CN=crab-(preprod|prod)-tw(01|02).cern.ch|/DC=ch/DC=cern/OU=computers/CN=crab-dev-tw(01|02|03|04).cern.ch|/DC=ch/DC=cern/OU=Organic Units/OU=Users/CN=cmscrab/CN=(817881|373708)/CN=Robot: cms crab|/DC=ch/DC=cern/OU=Organic Units/OU=Users/CN=crabint1/CN=373708/CN=Robot: CMS CRAB Integration 1
  trusted retrieval policy: /DC=ch/DC=cern/OU=computers/CN=crab-(preprod|prod)-tw(01|02).cern.ch|/DC=ch/DC=cern/OU=computers/CN=crab-dev-tw(01|02|03|04).cern.ch|/DC=ch/DC=cern/OU=Organic Units/OU=Users/CN=cmscrab/CN=(817881|373708)/CN=Robot: cms crab|/DC=ch/DC=cern/OU=Organic Units/OU=Users/CN=crabint1/CN=373708/CN=Robot: CMS CRAB Integration 1
  timeleft: 538:04:43  (22.4 days)

 error: 
 retcode : 0
DEBUG 2025-05-22 20:48:50.697 UTC: 	 Myproxy is valid: 1937040
DEBUG 2025-05-22 20:48:50.697 UTC: 	 Result of myproxy credential check:
  Credential exists on myproxy: username: 2382a3cf28fdeacb1de9b039908761ea517a5ed6  - validity: 22 days, 10:04:00
DEBUG 2025-05-22 20:48:50.697 UTC: 	 Retrieving username ...
DEBUG 2025-05-22 20:48:50.697 UTC: 	 Retrieving username from CRIC...
DEBUG 2025-05-22 20:48:51.545 UTC: 	 username is amalhotr
INFO 2025-05-22 20:48:52.302 UTC: 	 Rucio client intialized for account amalhotr
DEBUG 2025-05-22 20:48:52.303 UTC: 	 Command use: status
DEBUG 2025-05-22 20:48:52.303 UTC: 	 Options use: ['-d', './crab_RealData_noLFNDirectory_All_EventAwareLumiBased_1k_1M']
DEBUG 2025-05-22 20:48:52.303 UTC: 	 Encoded data for curl request: subresource=version
DEBUG 2025-05-22 20:48:52.356 UTC: 	 CRABClient version: v3.250409
DEBUG 2025-05-22 20:48:52.356 UTC: 	 Instance is prod
DEBUG 2025-05-22 20:48:52.356 UTC: 	 Server base url is cmsweb.cern.ch
DEBUG 2025-05-22 20:48:52.356 UTC: 	 Command api workflow
DEBUG 2025-05-22 20:48:52.357 UTC: 	 Encoded data for curl request: subresource=search&workflow=250522_192010%3Aamalhotr_crab_RealData_noLFNDirectory_All_EventAwareLumiBased_1k_1M
DEBUG 2025-05-22 20:48:52.413 UTC: 	 Got information from server oracle database: {'desc': {'columns': ['tm_taskname', 'tm_activity', 'tm_task_status', 'tm_task_command', 'tm_start_time', 'tm_start_injection', 'tm_end_injection', 'tm_task_failure', 'tm_job_sw', 'tm_job_arch', 'tm_input_dataset', 'tm_nonvalid_input_dataset', 'tm_use_parent', 'tm_site_whitelist', 'tm_site_blacklist', 'tm_split_algo', 'tm_split_args', 'tm_user_sandbox', 'tm_cache_url', 'tm_username', 'tm_user_dn', 'tm_user_vo', 'tm_user_role', 'tm_user_group', 'tm_publish_name', 'tm_publish_groupname', 'tm_asyncdest', 'tm_dbs_url', 'tm_publish_dbs_url', 'tm_publication', 'tm_outfiles', 'tm_tfile_outfiles', 'tm_edm_outfiles', 'tm_job_type', 'tm_generator', 'tm_events_per_lumi', 'tm_arguments', 'tm_save_logs', 'tw_name', 'tm_user_infiles', 'tm_maxjobruntime', 'tm_numcores', 'tm_maxmemory', 'tm_priority', 'tm_output_dataset', 'tm_task_warnings', 'tm_user_webdir', 'tm_scriptexe', 'tm_scriptargs', 'tm_extrajdl', 'tm_collector', 'tm_schedd', 'tm_dry_run', 'tm_user_files', 'tm_transfer_outputs', 'tm_output_lfn', 'tm_ignore_locality', 'tm_fail_limit', 'tm_one_event_mode', 'tm_secondary_input_dataset', 'tm_primary_dataset', 'tm_last_publication', 'tm_debug_files', 'clusterid', 'tm_ignore_global_blacklist', 'tm_submitter_ip_addr', 'tm_totalunits', 'tm_ddm_reqid', 'tm_user_config', 'tm_transfer_container', 'tm_transfer_rule', 'tm_publish_rule', 'tm_multipub_rule', 'tm_job_min_microarch', 'tm_dagman_status', 'tm_num_jobs', 'tm_uploaded']}, 'result': ['250522_192010:amalhotr_crab_RealData_noLFNDirectory_All_EventAwareLumiBased_1k_1M', 'None', 'SUBMITTED', 'SUBMIT', '2025-05-22 19:20:11.150304', 'None', '2025-05-22 19:40:16.442488', 'None', 'CMSSW_14_0_18_patch1', 'el9_amd64_gcc12', '/ScoutingPFRun3/Run2024H-v1/HLTSCOUT', 'T', '0', '[]', '[]', 'EventAwareLumiBased', "{'halt_job_on_file_boundaries': False, 'splitOnRun': False, 'events_per_job': 1000, 'runs': [], 'lumis': []}", 'd21f38256e1fe46602fc5ab345ac679fe51bb1d6f3238f49bc29f5d2ba4ab61e.tar.gz', 'https://cmsweb.cern.ch/S3/crabcache_prod', 'amalhotr', '/DC=ch/DC=cern/OU=Organic Units/OU=Users/CN=amalhotr/CN=884837/CN=Aryan Malhotra', 'cms', 'None', 'None', 'RealData_noLFNDirectory_All_EventAwareLumiBased_1k_1M-00000000000000000000000000000000', 'F', 'T3_CH_CERNBOX', 'https://cmsweb.cern.ch/dbs/prod/global/DBSReader', 'https://cmsweb.cern.ch/dbs/prod/phys03/DBSWriter', 'F', '[]', "['DY2M_ScoutingTree_Output.root']", '[]', 'Analysis', 'pythia', 'None', '{}', 'T', 'crab-prod-tw01', '[]', '1250', '1', '2000', '10', 'None', '[]', 'http://vocms0198.cern.ch/mon/amalhotr/250522_192010:amalhotr_crab_RealData_noLFNDirectory_All_EventAwareLumiBased_1k_1M', 'None', '[]', '[]', 'cmsgwms-collector-global.cern.ch:9620,cmsgwms-collector-global.fnal.gov:9620', 'crab3@vocms0198.cern.ch', 'F', '[]', 'T', '/store/user/amalhotr/', 'F', 'None', 'F', 'None', 'ScoutingPFRun3', 'None', 'fbf813026b25b884d857b9e16208e6a4802ab2558df7b85650dfb7ed90f9c90d.tar.gz', '117974726', 'F', '188.184.75.82', '1000000.0', 'None', '{"partialdataset": false, "requireaccelerator": false, "acceleratorparams": null, "inputblocks": null}', 'None', 'None', 'None', 'None', 'any', 'NOT_READY', '2', 'F']}
INFO 2025-05-22 20:48:52.413 UTC: 	 CRAB project directory:		/afs/cern.ch/user/a/amalhotr/CMSSW_14_0_18_patch1/src/Run3ScoutingAnalysisTools/crab_RealData_noLFNDirectory_All_EventAwareLumiBased_1k_1M
INFO 2025-05-22 20:48:52.413 UTC: 	 Task name:			250522_192010:amalhotr_crab_RealData_noLFNDirectory_All_EventAwareLumiBased_1k_1M
INFO 2025-05-22 20:48:52.413 UTC: 	 Grid scheduler - Task Worker:	crab3@vocms0198.cern.ch - crab-prod-tw01
INFO 2025-05-22 20:48:52.413 UTC: 	 Status on the CRAB server:	SUBMITTED
INFO 2025-05-22 20:48:52.414 UTC: 	 Task URL to use for HELP:	https://cmsweb.cern.ch/crabserver/ui/task/250522_192010%3Aamalhotr_crab_RealData_noLFNDirectory_All_EventAwareLumiBased_1k_1M
INFO 2025-05-22 20:48:52.420 UTC: 	 Dashboard monitoring URL:	https://monit-grafana.cern.ch/d/cmsTMDetail/cms-task-monitoring-task-view?orgId=11&var-user=amalhotr&var-task=250522_192010%3Aamalhotr_crab_RealData_noLFNDirectory_All_EventAwareLumiBased_1k_1M&from=1747938011000&to=now
DEBUG 2025-05-22 20:48:52.420 UTC: 	 The CRAB server submitted your task to the Grid scheduler (cluster ID: 117974726)
DEBUG 2025-05-22 20:48:52.420 UTC: 	 Webdir is located at http://vocms0198.cern.ch/mon/amalhotr/250522_192010:amalhotr_crab_RealData_noLFNDirectory_All_EventAwareLumiBased_1k_1M
DEBUG 2025-05-22 20:48:52.420 UTC: 	 Encoded data for curl request: subresource=webdirprx&workflow=250522_192010%3Aamalhotr_crab_RealData_noLFNDirectory_All_EventAwareLumiBased_1k_1M
DEBUG 2025-05-22 20:48:52.465 UTC: 	 Proxied webdir is located at https://cmsweb.cern.ch/scheddmon/0198/amalhotr/250522_192010:amalhotr_crab_RealData_noLFNDirectory_All_EventAwareLumiBased_1k_1M
DEBUG 2025-05-22 20:48:52.486 UTC: 	 Retrieving 'status_cache' file from https://cmsweb.cern.ch/scheddmon/0198/amalhotr/250522_192010:amalhotr_crab_RealData_noLFNDirectory_All_EventAwareLumiBased_1k_1M/status_cache.pkl
DEBUG 2025-05-22 20:48:52.486 UTC: 	 Will execute:
curl -sS --capath /etc/grid-security/certificates --cert /tmp/x509up_u180451 --key /tmp/x509up_u180451 -o /tmp/crab_status-cache-_j0tkxfl.pkl -w %"{http_code}" "https://cmsweb.cern.ch/scheddmon/0198/amalhotr/250522_192010:amalhotr_crab_RealData_noLFNDirectory_All_EventAwareLumiBased_1k_1M/status_cache.pkl"
DEBUG 2025-05-22 20:48:52.486 UTC: 	 Executing command :
 curl -sS --capath /etc/grid-security/certificates --cert /tmp/x509up_u180451 --key /tmp/x509up_u180451 -o /tmp/crab_status-cache-_j0tkxfl.pkl -w %"{http_code}" "https://cmsweb.cern.ch/scheddmon/0198/amalhotr/250522_192010:amalhotr_crab_RealData_noLFNDirectory_All_EventAwareLumiBased_1k_1M/status_cache.pkl"
DEBUG 2025-05-22 20:48:52.522 UTC: 	 output : 200
 error: 
 retcode : 0
DEBUG 2025-05-22 20:48:52.523 UTC: 	 exitcode: 0
stdout: 200
stderr: 
error details: 
INFO 2025-05-22 20:48:52.523 UTC: 	 Task bootstrapped at 2025-05-22 19:41:19 UTC. 4053 seconds ago
ERROR 2025-05-22 20:48:52.523 UTC: 	 Task bootstrapped on schedd more than 67 minutes ago
But no status info is available yet. If this persists report it to cmstalk+computing-tools@dovecotmta.cern.ch 
INFO 2025-05-22 20:48:52.524 UTC: 	 Log file is /afs/cern.ch/user/a/amalhotr/CMSSW_14_0_18_patch1/src/Run3ScoutingAnalysisTools/crab_RealData_noLFNDirectory_All_EventAwareLumiBased_1k_1M/crab.log
