DEBUG 2025-10-13 05:01:46.155 UTC: 	 CRAB Client version: v3.250820
DEBUG 2025-10-13 05:01:46.155 UTC: 	 Running on: Linux lxplus912.cern.ch 5.14.0-570.44.1.el9_6.x86_64 #1 SMP PREEMPT_DYNAMIC Tue Sep 9 05:17:30 EDT 2025 x86_64 x86_64 x86_64 GNU/Linux
DEBUG 2025-10-13 05:01:46.155 UTC: 	 Not using Singularity
DEBUG 2025-10-13 05:01:46.155 UTC: 	 Operating System: Red Hat Enterprise Linux 9.6 (Plow)
DEBUG 2025-10-13 05:01:46.155 UTC: 	 Executing command: 'submit'
DEBUG 2025-10-13 05:01:46.155 UTC: 	 Found CRAB cache file /afs/cern.ch/user/a/amalhotr/.crab3
INFO 2025-10-13 05:01:46.156 UTC: 	 Will use CRAB configuration file chainedCrabConfig.py
DEBUG 2025-10-13 05:01:46.156 UTC: 	 Loading CRAB configuration file.
DEBUG 2025-10-13 05:01:46.160 UTC: 	 Will use CRAB plugin ANALYSIS (i.e. will run an analysis job type).
DEBUG 2025-10-13 05:01:46.168 UTC: 	 Checking credentials
DEBUG 2025-10-13 05:01:46.168 UTC: 	 Found proxy file /tmp/x509up_u180451
DEBUG 2025-10-13 05:01:46.168 UTC: 	 Making sure it has proper VOMS extension
DEBUG 2025-10-13 05:01:46.168 UTC: 	 Executing command :
 voms-proxy-info --vo --file /tmp/x509up_u180451
DEBUG 2025-10-13 05:01:46.205 UTC: 	 output : cms

 error: 
 retcode : 0
DEBUG 2025-10-13 05:01:46.205 UTC: 	 Getting proxy life time left
DEBUG 2025-10-13 05:01:46.205 UTC: 	 Executing command :
 voms-proxy-info --actimeleft --timeleft --file /tmp/x509up_u180451
DEBUG 2025-10-13 05:01:46.233 UTC: 	 output : 690387
690387

 error: 
 retcode : 0
DEBUG 2025-10-13 05:01:46.233 UTC: 	 Proxy valid for 191:46:27 hours
DEBUG 2025-10-13 05:01:46.233 UTC: 	 Encoded data for curl request: subresource=delegatedn
DEBUG 2025-10-13 05:01:46.318 UTC: 	 Registering user credentials on myproxy for /DC=ch/DC=cern/OU=computers/CN=crab-(preprod|prod)-tw(01|02).cern.ch|/DC=ch/DC=cern/OU=computers/CN=crab-dev-tw(01|02|03|04).cern.ch|/DC=ch/DC=cern/OU=Organic Units/OU=Users/CN=cmscrab/CN=(817881|373708)/CN=Robot: cms crab|/DC=ch/DC=cern/OU=Organic Units/OU=Users/CN=crabint1/CN=373708/CN=Robot: CMS CRAB Integration 1
DEBUG 2025-10-13 05:01:46.319 UTC: 	 Executing command :
 voms-proxy-info --identity --file /tmp/x509up_u180451
DEBUG 2025-10-13 05:01:46.345 UTC: 	 output : /DC=ch/DC=cern/OU=Organic Units/OU=Users/CN=amalhotr/CN=884837/CN=Aryan Malhotra

 error: 
 retcode : 0
DEBUG 2025-10-13 05:01:46.346 UTC: 	 Getting myproxy life time left for 2382a3cf28fdeacb1de9b039908761ea517a5ed6
DEBUG 2025-10-13 05:01:46.346 UTC: 	 Executing command :
 myproxy-info -s myproxy.cern.ch -l 2382a3cf28fdeacb1de9b039908761ea517a5ed6
DEBUG 2025-10-13 05:01:46.657 UTC: 	 output : username: 2382a3cf28fdeacb1de9b039908761ea517a5ed6
owner: /DC=ch/DC=cern/OU=Organic Units/OU=Users/CN=amalhotr/CN=884837/CN=Aryan Malhotra
  renewal policy: /DC=ch/DC=cern/OU=computers/CN=crab-(preprod|prod)-tw(01|02).cern.ch|/DC=ch/DC=cern/OU=computers/CN=crab-dev-tw(01|02|03|04).cern.ch|/DC=ch/DC=cern/OU=Organic Units/OU=Users/CN=cmscrab/CN=(817881|373708)/CN=Robot: cms crab|/DC=ch/DC=cern/OU=Organic Units/OU=Users/CN=crabint1/CN=373708/CN=Robot: CMS CRAB Integration 1
  trusted retrieval policy: /DC=ch/DC=cern/OU=computers/CN=crab-(preprod|prod)-tw(01|02).cern.ch|/DC=ch/DC=cern/OU=computers/CN=crab-dev-tw(01|02|03|04).cern.ch|/DC=ch/DC=cern/OU=Organic Units/OU=Users/CN=cmscrab/CN=(817881|373708)/CN=Robot: cms crab|/DC=ch/DC=cern/OU=Organic Units/OU=Users/CN=crabint1/CN=373708/CN=Robot: CMS CRAB Integration 1
  timeleft: 719:46:55  (30.0 days)

 error: 
 retcode : 0
DEBUG 2025-10-13 05:01:46.657 UTC: 	 Myproxy is valid: 2591160
DEBUG 2025-10-13 05:01:46.657 UTC: 	 Result of myproxy credential check:
  Credential exists on myproxy: username: 2382a3cf28fdeacb1de9b039908761ea517a5ed6  - validity: 29 days, 23:46:00
DEBUG 2025-10-13 05:01:46.657 UTC: 	 Command use: submit
DEBUG 2025-10-13 05:01:46.657 UTC: 	 Options use: ['-c', 'chainedCrabConfig.py']
DEBUG 2025-10-13 05:01:46.658 UTC: 	 Encoded data for curl request: subresource=version
DEBUG 2025-10-13 05:01:46.711 UTC: 	 CRABClient version: v3.250820
DEBUG 2025-10-13 05:01:46.711 UTC: 	 Instance is prod
DEBUG 2025-10-13 05:01:46.711 UTC: 	 Server base url is cmsweb.cern.ch
DEBUG 2025-10-13 05:01:46.711 UTC: 	 Command api workflow
DEBUG 2025-10-13 05:01:46.711 UTC: 	 Started submission
DEBUG 2025-10-13 05:01:46.712 UTC: 	 Working on /afs/cern.ch/user/a/amalhotr/CMSSW_14_0_18_patch1/src/Run3ScoutingAnalysisTools/crab_ScoutingMC_FullPV_1mod2_v1
DEBUG 2025-10-13 05:01:46.712 UTC: 	 Encoded data for curl request: subresource=backendurls
DEBUG 2025-10-13 05:01:46.792 UTC: 	 Loading required information from the environment
DEBUG 2025-10-13 05:01:46.792 UTC: 	 Found CMSSW_14_0_18_patch1 for el9_amd64_gcc12 with base /afs/cern.ch/user/a/amalhotr/CMSSW_14_0_18_patch1
DEBUG 2025-10-13 05:01:46.792 UTC: 	 Loading required information from the environment
DEBUG 2025-10-13 05:01:46.792 UTC: 	 Found CMSSW_14_0_18_patch1 for el9_amd64_gcc12 with base /afs/cern.ch/user/a/amalhotr/CMSSW_14_0_18_patch1
DEBUG 2025-10-13 05:01:46.792 UTC: 	 UNIQUE NAME: tarUUID 3da20628-c8e8-4a5d-9d9e-7cb6f163dd56 
DEBUG 2025-10-13 05:01:46.792 UTC: 	 self.config: from WMCore.Configuration import Configuration
config = Configuration()
config.section_('General')
config.General.transferLogs = True
config.General.requestName = 'ScoutingMC_FullPV_1mod2_v1'
config.General.transferOutputs = True
config.section_('JobType')
config.JobType.pluginName = 'Analysis'
config.JobType.psetName = 'UnifiedScoutingVertexingTreeMaker.py'
config.JobType.maxMemoryMB = 3000
config.JobType.outputFiles = ['ScoutingTree_Output_PV.root']
config.JobType.maxJobRuntimeMin = 2750
config.section_('Data')
config.Data.unitsPerJob = 2
config.Data.inputDataset = '/DYto2Mu-4Jets_Bin-MLL-50_TuneCP5_13p6TeV_madgraphMLM-pythia8/RunIII2024Summer24MiniAOD-140X_mcRun3_2024_realistic_v26-v3/MINIAODSIM'
config.Data.inputDBS = 'global'
config.Data.outputDatasetTag = 'ScoutingMC_FullPV_1mod2_v1'
config.Data.splitting = 'FileBased'
config.Data.allowNonValidInputDataset = True
config.Data.publication = False
config.section_('Site')
config.Site.storageSite = 'T3_CH_CERNBOX'
config.section_('User')
config.section_('Debug')

DEBUG 2025-10-13 05:01:46.792 UTC: 	 self.config.JobType.psetName: UnifiedScoutingVertexingTreeMaker.py
INFO 2025-10-13 05:01:46.793 UTC: 	 Importing CMSSW configuration UnifiedScoutingVertexingTreeMaker.py
INFO 2025-10-13 05:01:47.389 UTC: 	 Finished importing CMSSW configuration UnifiedScoutingVertexingTreeMaker.py
DEBUG 2025-10-13 05:01:47.389 UTC: 	 Writing CMSSW configuration to /afs/cern.ch/user/a/amalhotr/CMSSW_14_0_18_patch1/src/Run3ScoutingAnalysisTools/crab_ScoutingMC_FullPV_1mod2_v1/inputs/PSet.py
DEBUG 2025-10-13 05:01:47.423 UTC: 	 The following EDM output files will be collected: []
DEBUG 2025-10-13 05:01:47.423 UTC: 	 The following TFile output files will be collected: ['ScoutingTree_Output_PV.root']
DEBUG 2025-10-13 05:01:47.423 UTC: 	 The following user output files (not listed as PoolOuputModule or TFileService in the CMSSW PSet) will be collected: 
DEBUG 2025-10-13 05:01:47.423 UTC: 	 Loading required information from the environment
DEBUG 2025-10-13 05:01:47.423 UTC: 	 Found CMSSW_14_0_18_patch1 for el9_amd64_gcc12 with base /afs/cern.ch/user/a/amalhotr/CMSSW_14_0_18_patch1
DEBUG 2025-10-13 05:01:47.424 UTC: 	 Making tarball in /afs/cern.ch/user/a/amalhotr/CMSSW_14_0_18_patch1/src/Run3ScoutingAnalysisTools/crab_ScoutingMC_FullPV_1mod2_v1/inputs/3da20628-c8e8-4a5d-9d9e-7cb6f163dd56default.tgz
DEBUG 2025-10-13 05:01:47.424 UTC: 	 Checking directory /afs/cern.ch/user/a/amalhotr/CMSSW_14_0_18_patch1/bin
DEBUG 2025-10-13 05:01:47.424 UTC: 	 Adding directory /afs/cern.ch/user/a/amalhotr/CMSSW_14_0_18_patch1/bin to tarball
DEBUG 2025-10-13 05:01:47.434 UTC: 	 Checking directory /afs/cern.ch/user/a/amalhotr/CMSSW_14_0_18_patch1/python
DEBUG 2025-10-13 05:01:47.434 UTC: 	 Adding directory /afs/cern.ch/user/a/amalhotr/CMSSW_14_0_18_patch1/python to tarball
DEBUG 2025-10-13 05:01:47.880 UTC: 	 Checking directory /afs/cern.ch/user/a/amalhotr/CMSSW_14_0_18_patch1/cfipython
DEBUG 2025-10-13 05:01:47.880 UTC: 	 Adding directory /afs/cern.ch/user/a/amalhotr/CMSSW_14_0_18_patch1/cfipython to tarball
DEBUG 2025-10-13 05:01:47.911 UTC: 	 Checking directory /afs/cern.ch/user/a/amalhotr/CMSSW_14_0_18_patch1/lib
DEBUG 2025-10-13 05:01:47.911 UTC: 	 Adding directory /afs/cern.ch/user/a/amalhotr/CMSSW_14_0_18_patch1/lib to tarball
DEBUG 2025-10-13 05:01:48.059 UTC: 	 Checking directory /afs/cern.ch/user/a/amalhotr/CMSSW_14_0_18_patch1/biglib
DEBUG 2025-10-13 05:01:48.059 UTC: 	 Adding directory /afs/cern.ch/user/a/amalhotr/CMSSW_14_0_18_patch1/biglib to tarball
DEBUG 2025-10-13 05:01:48.062 UTC: 	 Checking directory /afs/cern.ch/user/a/amalhotr/CMSSW_14_0_18_patch1/module
DEBUG 2025-10-13 05:01:48.062 UTC: 	 Checking directory /afs/cern.ch/user/a/amalhotr/CMSSW_14_0_18_patch1/config/SCRAM/hooks
DEBUG 2025-10-13 05:01:48.062 UTC: 	 Adding directory /afs/cern.ch/user/a/amalhotr/CMSSW_14_0_18_patch1/config/SCRAM/hooks to tarball
DEBUG 2025-10-13 05:01:48.446 UTC: 	 Adding directory /afs/cern.ch/user/a/amalhotr/CMSSW_14_0_18_patch1/src/Run3ScoutingAnalysisTools/DataFormats/Scouting/interface to tarball
DEBUG 2025-10-13 05:01:48.466 UTC: 	 Adding directory /afs/cern.ch/user/a/amalhotr/CMSSW_14_0_18_patch1/src/Run3ScoutingAnalysisTools/ScoutingTreeMakerRun3/python to tarball
DEBUG 2025-10-13 05:01:48.489 UTC: 	 Adding directory /afs/cern.ch/user/a/amalhotr/CMSSW_14_0_18_patch1/src/DataFormats/Scouting/interface to tarball
DEBUG 2025-10-13 05:01:48.511 UTC: 	 Adding directory /afs/cern.ch/user/a/amalhotr/CMSSW_14_0_18_patch1/src/Configuration/GenProduction/python to tarball
DEBUG 2025-10-13 05:01:48.577 UTC: 	 Uploading archive /afs/cern.ch/user/a/amalhotr/CMSSW_14_0_18_patch1/src/Run3ScoutingAnalysisTools/crab_ScoutingMC_FullPV_1mod2_v1/inputs/3da20628-c8e8-4a5d-9d9e-7cb6f163dd56default.tgz (480 KB) to the CRAB cache. Using URI https://s3.cern.ch/crabcache
DEBUG 2025-10-13 05:01:48.820 UTC: 	 Encoded data for curl request: subresource=upload&objecttype=sandbox&tarballname=4928034c28f5abdd940d03a5eaae775307f6f4de8f64a43d6803c00e1b826a5b.tar.gz
DEBUG 2025-10-13 05:01:48.938 UTC: 	 Will execute:
curl -f -v -X POST  -H "User-Agent: CRAB" -F "key=amalhotr/sandboxes/4928034c28f5abdd940d03a5eaae775307f6f4de8f64a43d6803c00e1b826a5b.tar.gz" -F "AWSAccessKeyId=715203df6482458ba839e73e6dab634b" -F "policy=eyJleHBpcmF0aW9uIjogIjIwMjUtMTAtMTNUMDY6MDE6NDhaIiwgImNvbmRpdGlvbnMiOiBbeyJidWNrZXQiOiAiY3JhYmNhY2hlX3Byb2QifSwgeyJrZXkiOiAiYW1hbGhvdHIvc2FuZGJveGVzLzQ5MjgwMzRjMjhmNWFiZGQ5NDBkMDNhNWVhYWU3NzUzMDdmNmY0ZGU4ZjY0YTQzZDY4MDNjMDBlMWI4MjZhNWIudGFyLmd6In1dfQ==" -F "signature=UkApaBLdIKsv8tLjLgz9n8rsnzc=" -F "file=@/afs/cern.ch/user/a/amalhotr/CMSSW_14_0_18_patch1/src/Run3ScoutingAnalysisTools/crab_ScoutingMC_FullPV_1mod2_v1/inputs/3da20628-c8e8-4a5d-9d9e-7cb6f163dd56default.tgz" "https://s3.cern.ch/crabcache_prod"
DEBUG 2025-10-13 05:01:48.987 UTC: 	 exitcode: 0
stdout: b''
DEBUG 2025-10-13 05:01:48.987 UTC: 	 upload to S3 of sandbox /afs/cern.ch/user/a/amalhotr/CMSSW_14_0_18_patch1/src/Run3ScoutingAnalysisTools/crab_ScoutingMC_FullPV_1mod2_v1/inputs/3da20628-c8e8-4a5d-9d9e-7cb6f163dd56default.tgz completed
DEBUG 2025-10-13 05:01:48.987 UTC: 	 make sure that object is ready for retrieve
DEBUG 2025-10-13 05:01:49.989 UTC: 	 Encoded data for curl request: subresource=download&objecttype=sandbox&tarballname=4928034c28f5abdd940d03a5eaae775307f6f4de8f64a43d6803c00e1b826a5b.tar.gz&clientmethod=head_object
DEBUG 2025-10-13 05:01:50.035 UTC: 	 PreSignedUrl to download sandbox received OK
DEBUG 2025-10-13 05:01:50.038 UTC: 	 Will execute:
 curl -v -s -f -o /dev/null --head  "https://s3.cern.ch/crabcache_prod/amalhotr/sandboxes/4928034c28f5abdd940d03a5eaae775307f6f4de8f64a43d6803c00e1b826a5b.tar.gz?AWSAccessKeyId=715203df6482458ba839e73e6dab634b&Signature=fgMRO184AXlu2RGYLv1cVmaOf8k%3D&Expires=1760335310"
DEBUG 2025-10-13 05:01:50.068 UTC: 	 exitcode: 0
stdout: b''
DEBUG 2025-10-13 05:01:50.068 UTC: 	 sandbox /afs/cern.ch/user/a/amalhotr/CMSSW_14_0_18_patch1/src/Run3ScoutingAnalysisTools/crab_ScoutingMC_FullPV_1mod2_v1/inputs/3da20628-c8e8-4a5d-9d9e-7cb6f163dd56default.tgz successfully uploaded to S3
DEBUG 2025-10-13 05:01:50.068 UTC: 	 Loading required information from the environment
DEBUG 2025-10-13 05:01:50.068 UTC: 	 Found CMSSW_14_0_18_patch1 for el9_amd64_gcc12 with base /afs/cern.ch/user/a/amalhotr/CMSSW_14_0_18_patch1
DEBUG 2025-10-13 05:01:50.068 UTC: 	 Making tarball in /afs/cern.ch/user/a/amalhotr/CMSSW_14_0_18_patch1/src/Run3ScoutingAnalysisTools/crab_ScoutingMC_FullPV_1mod2_v1/inputs/debugFiles.tgz
DEBUG 2025-10-13 05:01:50.076 UTC: 	 Uploading archive /afs/cern.ch/user/a/amalhotr/CMSSW_14_0_18_patch1/src/Run3ScoutingAnalysisTools/crab_ScoutingMC_FullPV_1mod2_v1/inputs/debugFiles.tgz (3 KB) to the CRAB cache. Using URI https://s3.cern.ch/crabcache
DEBUG 2025-10-13 05:01:50.079 UTC: 	 Encoded data for curl request: subresource=upload&objecttype=sandbox&tarballname=0f66140ed1862e3c2932c2c42353c29fad124a838b233d3cd17390a70617a50b.tar.gz
DEBUG 2025-10-13 05:01:50.142 UTC: 	 Will execute:
curl -f -v -X POST  -H "User-Agent: CRAB" -F "key=amalhotr/sandboxes/0f66140ed1862e3c2932c2c42353c29fad124a838b233d3cd17390a70617a50b.tar.gz" -F "AWSAccessKeyId=715203df6482458ba839e73e6dab634b" -F "policy=eyJleHBpcmF0aW9uIjogIjIwMjUtMTAtMTNUMDY6MDE6NTBaIiwgImNvbmRpdGlvbnMiOiBbeyJidWNrZXQiOiAiY3JhYmNhY2hlX3Byb2QifSwgeyJrZXkiOiAiYW1hbGhvdHIvc2FuZGJveGVzLzBmNjYxNDBlZDE4NjJlM2MyOTMyYzJjNDIzNTNjMjlmYWQxMjRhODM4YjIzM2QzY2QxNzM5MGE3MDYxN2E1MGIudGFyLmd6In1dfQ==" -F "signature=YwtT8O+b+wMZpLWsQjdHqnJx5BQ=" -F "file=@/afs/cern.ch/user/a/amalhotr/CMSSW_14_0_18_patch1/src/Run3ScoutingAnalysisTools/crab_ScoutingMC_FullPV_1mod2_v1/inputs/debugFiles.tgz" "https://s3.cern.ch/crabcache_prod"
DEBUG 2025-10-13 05:01:50.180 UTC: 	 exitcode: 0
stdout: b''
DEBUG 2025-10-13 05:01:50.181 UTC: 	 upload to S3 of sandbox /afs/cern.ch/user/a/amalhotr/CMSSW_14_0_18_patch1/src/Run3ScoutingAnalysisTools/crab_ScoutingMC_FullPV_1mod2_v1/inputs/debugFiles.tgz completed
DEBUG 2025-10-13 05:01:50.181 UTC: 	 make sure that object is ready for retrieve
DEBUG 2025-10-13 05:01:51.182 UTC: 	 Encoded data for curl request: subresource=download&objecttype=sandbox&tarballname=0f66140ed1862e3c2932c2c42353c29fad124a838b233d3cd17390a70617a50b.tar.gz&clientmethod=head_object
DEBUG 2025-10-13 05:01:51.229 UTC: 	 PreSignedUrl to download sandbox received OK
DEBUG 2025-10-13 05:01:51.232 UTC: 	 Will execute:
 curl -v -s -f -o /dev/null --head  "https://s3.cern.ch/crabcache_prod/amalhotr/sandboxes/0f66140ed1862e3c2932c2c42353c29fad124a838b233d3cd17390a70617a50b.tar.gz?AWSAccessKeyId=715203df6482458ba839e73e6dab634b&Signature=rD1Ryjj4vdipywfu0g1j93TbWQM%3D&Expires=1760335311"
DEBUG 2025-10-13 05:01:51.276 UTC: 	 exitcode: 0
stdout: b''
DEBUG 2025-10-13 05:01:51.277 UTC: 	 sandbox /afs/cern.ch/user/a/amalhotr/CMSSW_14_0_18_patch1/src/Run3ScoutingAnalysisTools/crab_ScoutingMC_FullPV_1mod2_v1/inputs/debugFiles.tgz successfully uploaded to S3
DEBUG 2025-10-13 05:01:51.277 UTC: 	 Result uploading input files: 4928034c28f5abdd940d03a5eaae775307f6f4de8f64a43d6803c00e1b826a5b.tar.gz 
DEBUG 2025-10-13 05:01:51.277 UTC: 	 submit() - self.configuration from WMCore.Configuration import Configuration
config = Configuration()
config.section_('General')
config.General.transferLogs = True
config.General.requestName = 'ScoutingMC_FullPV_1mod2_v1'
config.General.transferOutputs = True
config.section_('JobType')
config.JobType.pluginName = 'Analysis'
config.JobType.psetName = 'UnifiedScoutingVertexingTreeMaker.py'
config.JobType.maxMemoryMB = 3000
config.JobType.outputFiles = ['ScoutingTree_Output_PV.root']
config.JobType.maxJobRuntimeMin = 2750
config.section_('Data')
config.Data.unitsPerJob = 2
config.Data.inputDataset = '/DYto2Mu-4Jets_Bin-MLL-50_TuneCP5_13p6TeV_madgraphMLM-pythia8/RunIII2024Summer24MiniAOD-140X_mcRun3_2024_realistic_v26-v3/MINIAODSIM'
config.Data.inputDBS = 'global'
config.Data.outputDatasetTag = 'ScoutingMC_FullPV_1mod2_v1'
config.Data.splitting = 'FileBased'
config.Data.allowNonValidInputDataset = True
config.Data.publication = False
config.section_('Site')
config.Site.storageSite = 'T3_CH_CERNBOX'
config.section_('User')
config.section_('Debug')

DEBUG 2025-10-13 05:01:51.277 UTC: 	 submit() - self.configreq {'dryrun': 0, 'workflow': 'crab_ScoutingMC_FullPV_1mod2_v1', 'saveoutput': 1, 'savelogsflag': 1, 'inputdata': '/DYto2Mu-4Jets_Bin-MLL-50_TuneCP5_13p6TeV_madgraphMLM-pythia8/RunIII2024Summer24MiniAOD-140X_mcRun3_2024_realistic_v26-v3/MINIAODSIM', 'nonvaliddata': 1, 'userfiles': [], 'dbsurl': 'https://cmsweb.cern.ch/dbs/prod/global/DBSReader', 'useparent': 0, 'ignorelocality': 0, 'splitalgo': 'FileBased', 'algoargs': 2, 'totalunits': 0, 'publication': 0, 'publishdbsurl': 'https://cmsweb.cern.ch/dbs/prod/phys03/DBSWriter', 'publishname2': 'ScoutingMC_FullPV_1mod2_v1', 'jobtype': 'Analysis', 'generator': 'pythia', 'addoutputfiles': ['ScoutingTree_Output_PV.root'], 'maxjobruntime': 2750, 'numcores': 1, 'maxmemory': 3000, 'priority': 10, 'nonprodsw': 0, 'asyncdest': 'T3_CH_CERNBOX', 'requireaccelerator': 0, 'oneEventMode': 0, 'extrajdl': [], 'ignoreglobalblacklist': 0, 'partialdataset': 0, 'inputblocks': []}
DEBUG 2025-10-13 05:01:51.277 UTC: 	 submit() - jobconfig {'addoutputfiles': [], 'tfileoutfiles': ['ScoutingTree_Output_PV.root'], 'edmoutfiles': [], 'jobarch': 'el9_amd64_gcc12', 'jobminuarch': 'any', 'jobsw': 'CMSSW_14_0_18_patch1', 'inputdata': '/DYto2Mu-4Jets_Bin-MLL-50_TuneCP5_13p6TeV_madgraphMLM-pythia8/RunIII2024Summer24MiniAOD-140X_mcRun3_2024_realistic_v26-v3/MINIAODSIM', 'cacheurl': 'https://s3.cern.ch/crabcache', 'cachefilename': '4928034c28f5abdd940d03a5eaae775307f6f4de8f64a43d6803c00e1b826a5b.tar.gz', 'debugfilename': '0f66140ed1862e3c2932c2c42353c29fad124a838b233d3cd17390a70617a50b.tar.gz', 'jobtype': 'Analysis'}
INFO 2025-10-13 05:01:51.277 UTC: 	 Sending the request to the server at cmsweb.cern.ch
DEBUG 2025-10-13 05:01:51.277 UTC: 	 Submitting {'dryrun': 0, 'workflow': 'crab_ScoutingMC_FullPV_1mod2_v1', 'saveoutput': 1, 'savelogsflag': 1, 'inputdata': '/DYto2Mu-4Jets_Bin-MLL-50_TuneCP5_13p6TeV_madgraphMLM-pythia8/RunIII2024Summer24MiniAOD-140X_mcRun3_2024_realistic_v26-v3/MINIAODSIM', 'nonvaliddata': 1, 'userfiles': [], 'dbsurl': 'https://cmsweb.cern.ch/dbs/prod/global/DBSReader', 'useparent': 0, 'ignorelocality': 0, 'splitalgo': 'FileBased', 'algoargs': 2, 'totalunits': 0, 'publication': 0, 'publishdbsurl': 'https://cmsweb.cern.ch/dbs/prod/phys03/DBSWriter', 'publishname2': 'ScoutingMC_FullPV_1mod2_v1', 'jobtype': 'Analysis', 'generator': 'pythia', 'addoutputfiles': [], 'maxjobruntime': 2750, 'numcores': 1, 'maxmemory': 3000, 'priority': 10, 'nonprodsw': 0, 'asyncdest': 'T3_CH_CERNBOX', 'requireaccelerator': 0, 'oneEventMode': 0, 'extrajdl': [], 'ignoreglobalblacklist': 0, 'partialdataset': 0, 'inputblocks': [], 'tfileoutfiles': ['ScoutingTree_Output_PV.root'], 'edmoutfiles': [], 'jobarch': 'el9_amd64_gcc12', 'jobminuarch': 'any', 'jobsw': 'CMSSW_14_0_18_patch1', 'cacheurl': 'https://s3.cern.ch/crabcache', 'cachefilename': '4928034c28f5abdd940d03a5eaae775307f6f4de8f64a43d6803c00e1b826a5b.tar.gz', 'debugfilename': '0f66140ed1862e3c2932c2c42353c29fad124a838b233d3cd17390a70617a50b.tar.gz'} 
DEBUG 2025-10-13 05:01:51.278 UTC: 	 Encoded data for curl request: dryrun=0&workflow=crab_ScoutingMC_FullPV_1mod2_v1&saveoutput=1&savelogsflag=1&inputdata=%2FDYto2Mu-4Jets_Bin-MLL-50_TuneCP5_13p6TeV_madgraphMLM-pythia8%2FRunIII2024Summer24MiniAOD-140X_mcRun3_2024_realistic_v26-v3%2FMINIAODSIM&nonvaliddata=1&dbsurl=https%3A%2F%2Fcmsweb.cern.ch%2Fdbs%2Fprod%2Fglobal%2FDBSReader&useparent=0&ignorelocality=0&splitalgo=FileBased&algoargs=2&totalunits=0&publication=0&publishdbsurl=https%3A%2F%2Fcmsweb.cern.ch%2Fdbs%2Fprod%2Fphys03%2FDBSWriter&publishname2=ScoutingMC_FullPV_1mod2_v1&jobtype=Analysis&generator=pythia&maxjobruntime=2750&numcores=1&maxmemory=3000&priority=10&nonprodsw=0&asyncdest=T3_CH_CERNBOX&requireaccelerator=0&oneEventMode=0&ignoreglobalblacklist=0&partialdataset=0&jobarch=el9_amd64_gcc12&jobminuarch=any&jobsw=CMSSW_14_0_18_patch1&cacheurl=https%3A%2F%2Fs3.cern.ch%2Fcrabcache&cachefilename=4928034c28f5abdd940d03a5eaae775307f6f4de8f64a43d6803c00e1b826a5b.tar.gz&debugfilename=0f66140ed1862e3c2932c2c42353c29fad124a838b233d3cd17390a70617a50b.tar.gz&tfileoutfiles=ScoutingTree_Output_PV.root
DEBUG 2025-10-13 05:01:51.798 UTC: 	 Result: {'result': [{'RequestName': '251013_050151:amalhotr_crab_ScoutingMC_FullPV_1mod2_v1'}]}
INFO 2025-10-13 05:01:51.806 UTC: 	 Success: Your task has been delivered to the prod CRAB3 server.
INFO 2025-10-13 05:01:51.806 UTC: 	 Task name: 251013_050151:amalhotr_crab_ScoutingMC_FullPV_1mod2_v1
INFO 2025-10-13 05:01:51.806 UTC: 	 Project dir: ./crab_ScoutingMC_FullPV_1mod2_v1
INFO 2025-10-13 05:01:51.806 UTC: 	 Please use ' crab status -d ./crab_ScoutingMC_FullPV_1mod2_v1 ' to check how the submission process proceeds.
DEBUG 2025-10-13 05:01:51.806 UTC: 	 About to return
INFO 2025-10-13 05:01:51.810 UTC: 	 Log file is /afs/cern.ch/user/a/amalhotr/CMSSW_14_0_18_patch1/src/Run3ScoutingAnalysisTools/crab_ScoutingMC_FullPV_1mod2_v1/crab.log
DEBUG 2025-10-13 05:03:54.500 UTC: 	 CRAB Client version: v3.250820
DEBUG 2025-10-13 05:03:54.501 UTC: 	 Running on: Linux lxplus912.cern.ch 5.14.0-570.44.1.el9_6.x86_64 #1 SMP PREEMPT_DYNAMIC Tue Sep 9 05:17:30 EDT 2025 x86_64 x86_64 x86_64 GNU/Linux
DEBUG 2025-10-13 05:03:54.501 UTC: 	 Not using Singularity
DEBUG 2025-10-13 05:03:54.501 UTC: 	 Operating System: Red Hat Enterprise Linux 9.6 (Plow)
DEBUG 2025-10-13 05:03:54.501 UTC: 	 Executing command: 'status'
DEBUG 2025-10-13 05:03:54.501 UTC: 	 Found CRAB cache file /afs/cern.ch/user/a/amalhotr/.crab3
DEBUG 2025-10-13 05:03:54.506 UTC: 	 Checking credentials
DEBUG 2025-10-13 05:03:54.506 UTC: 	 Found proxy file /tmp/x509up_u180451
DEBUG 2025-10-13 05:03:54.506 UTC: 	 Making sure it has proper VOMS extension
DEBUG 2025-10-13 05:03:54.506 UTC: 	 Executing command :
 voms-proxy-info --vo --file /tmp/x509up_u180451
DEBUG 2025-10-13 05:03:54.535 UTC: 	 output : cms

 error: 
 retcode : 0
DEBUG 2025-10-13 05:03:54.535 UTC: 	 Getting proxy life time left
DEBUG 2025-10-13 05:03:54.536 UTC: 	 Executing command :
 voms-proxy-info --actimeleft --timeleft --file /tmp/x509up_u180451
DEBUG 2025-10-13 05:03:54.571 UTC: 	 output : 690259
690259

 error: 
 retcode : 0
DEBUG 2025-10-13 05:03:54.572 UTC: 	 Proxy valid for 191:44:19 hours
DEBUG 2025-10-13 05:03:54.572 UTC: 	 Encoded data for curl request: subresource=delegatedn
DEBUG 2025-10-13 05:03:54.634 UTC: 	 Registering user credentials on myproxy for /DC=ch/DC=cern/OU=computers/CN=crab-(preprod|prod)-tw(01|02).cern.ch|/DC=ch/DC=cern/OU=computers/CN=crab-dev-tw(01|02|03|04).cern.ch|/DC=ch/DC=cern/OU=Organic Units/OU=Users/CN=cmscrab/CN=(817881|373708)/CN=Robot: cms crab|/DC=ch/DC=cern/OU=Organic Units/OU=Users/CN=crabint1/CN=373708/CN=Robot: CMS CRAB Integration 1
DEBUG 2025-10-13 05:03:54.635 UTC: 	 Executing command :
 voms-proxy-info --identity --file /tmp/x509up_u180451
DEBUG 2025-10-13 05:03:54.663 UTC: 	 output : /DC=ch/DC=cern/OU=Organic Units/OU=Users/CN=amalhotr/CN=884837/CN=Aryan Malhotra

 error: 
 retcode : 0
DEBUG 2025-10-13 05:03:54.664 UTC: 	 Getting myproxy life time left for 2382a3cf28fdeacb1de9b039908761ea517a5ed6
DEBUG 2025-10-13 05:03:54.664 UTC: 	 Executing command :
 myproxy-info -s myproxy.cern.ch -l 2382a3cf28fdeacb1de9b039908761ea517a5ed6
DEBUG 2025-10-13 05:03:54.943 UTC: 	 output : username: 2382a3cf28fdeacb1de9b039908761ea517a5ed6
owner: /DC=ch/DC=cern/OU=Organic Units/OU=Users/CN=amalhotr/CN=884837/CN=Aryan Malhotra
  renewal policy: /DC=ch/DC=cern/OU=computers/CN=crab-(preprod|prod)-tw(01|02).cern.ch|/DC=ch/DC=cern/OU=computers/CN=crab-dev-tw(01|02|03|04).cern.ch|/DC=ch/DC=cern/OU=Organic Units/OU=Users/CN=cmscrab/CN=(817881|373708)/CN=Robot: cms crab|/DC=ch/DC=cern/OU=Organic Units/OU=Users/CN=crabint1/CN=373708/CN=Robot: CMS CRAB Integration 1
  trusted retrieval policy: /DC=ch/DC=cern/OU=computers/CN=crab-(preprod|prod)-tw(01|02).cern.ch|/DC=ch/DC=cern/OU=computers/CN=crab-dev-tw(01|02|03|04).cern.ch|/DC=ch/DC=cern/OU=Organic Units/OU=Users/CN=cmscrab/CN=(817881|373708)/CN=Robot: cms crab|/DC=ch/DC=cern/OU=Organic Units/OU=Users/CN=crabint1/CN=373708/CN=Robot: CMS CRAB Integration 1
  timeleft: 719:44:47  (30.0 days)

 error: 
 retcode : 0
DEBUG 2025-10-13 05:03:54.944 UTC: 	 Myproxy is valid: 2591040
DEBUG 2025-10-13 05:03:54.944 UTC: 	 Result of myproxy credential check:
  Credential exists on myproxy: username: 2382a3cf28fdeacb1de9b039908761ea517a5ed6  - validity: 29 days, 23:44:00
DEBUG 2025-10-13 05:03:54.944 UTC: 	 Retrieving username ...
DEBUG 2025-10-13 05:03:54.944 UTC: 	 Retrieving username from CRIC...
DEBUG 2025-10-13 05:03:56.348 UTC: 	 username is amalhotr
INFO 2025-10-13 05:03:57.039 UTC: 	 Rucio client intialized for account amalhotr
DEBUG 2025-10-13 05:03:57.040 UTC: 	 Command use: status
DEBUG 2025-10-13 05:03:57.040 UTC: 	 Options use: ['-d', './crab_ScoutingMC_FullPV_1mod2_v1']
DEBUG 2025-10-13 05:03:57.040 UTC: 	 Encoded data for curl request: subresource=version
DEBUG 2025-10-13 05:03:57.089 UTC: 	 CRABClient version: v3.250820
DEBUG 2025-10-13 05:03:57.089 UTC: 	 Instance is prod
DEBUG 2025-10-13 05:03:57.089 UTC: 	 Server base url is cmsweb.cern.ch
DEBUG 2025-10-13 05:03:57.089 UTC: 	 Command api workflow
DEBUG 2025-10-13 05:03:57.089 UTC: 	 Encoded data for curl request: subresource=search&workflow=251013_050151%3Aamalhotr_crab_ScoutingMC_FullPV_1mod2_v1
DEBUG 2025-10-13 05:03:57.156 UTC: 	 Got information from server oracle database: {'desc': {'columns': ['tm_taskname', 'tm_activity', 'tm_task_status', 'tm_task_command', 'tm_start_time', 'tm_start_injection', 'tm_end_injection', 'tm_task_failure', 'tm_job_sw', 'tm_job_arch', 'tm_input_dataset', 'tm_nonvalid_input_dataset', 'tm_use_parent', 'tm_site_whitelist', 'tm_site_blacklist', 'tm_split_algo', 'tm_split_args', 'tm_user_sandbox', 'tm_cache_url', 'tm_username', 'tm_user_dn', 'tm_user_vo', 'tm_user_role', 'tm_user_group', 'tm_publish_name', 'tm_publish_groupname', 'tm_asyncdest', 'tm_dbs_url', 'tm_publish_dbs_url', 'tm_publication', 'tm_outfiles', 'tm_tfile_outfiles', 'tm_edm_outfiles', 'tm_job_type', 'tm_generator', 'tm_events_per_lumi', 'tm_arguments', 'tm_save_logs', 'tw_name', 'tm_user_infiles', 'tm_maxjobruntime', 'tm_numcores', 'tm_maxmemory', 'tm_priority', 'tm_output_dataset', 'tm_task_warnings', 'tm_user_webdir', 'tm_scriptexe', 'tm_scriptargs', 'tm_extrajdl', 'tm_collector', 'tm_schedd', 'tm_dry_run', 'tm_user_files', 'tm_transfer_outputs', 'tm_output_lfn', 'tm_ignore_locality', 'tm_fail_limit', 'tm_one_event_mode', 'tm_secondary_input_dataset', 'tm_primary_dataset', 'tm_last_publication', 'tm_debug_files', 'clusterid', 'tm_ignore_global_blacklist', 'tm_submitter_ip_addr', 'tm_totalunits', 'tm_ddm_reqid', 'tm_user_config', 'tm_transfer_container', 'tm_transfer_rule', 'tm_publish_rule', 'tm_multipub_rule', 'tm_job_min_microarch', 'tm_dagman_status', 'tm_num_jobs', 'tm_uploaded']}, 'result': ['251013_050151:amalhotr_crab_ScoutingMC_FullPV_1mod2_v1', 'None', 'SUBMITTED', 'SUBMIT', '2025-10-13 05:01:51.790170', 'None', '2025-10-13 05:03:40.695269', 'None', 'CMSSW_14_0_18_patch1', 'el9_amd64_gcc12', '/DYto2Mu-4Jets_Bin-MLL-50_TuneCP5_13p6TeV_madgraphMLM-pythia8/RunIII2024Summer24MiniAOD-140X_mcRun3_2024_realistic_v26-v3/MINIAODSIM', 'T', '0', '[]', '[]', 'FileBased', "{'halt_job_on_file_boundaries': False, 'splitOnRun': False, 'files_per_job': 2, 'runs': [], 'lumis': []}", '4928034c28f5abdd940d03a5eaae775307f6f4de8f64a43d6803c00e1b826a5b.tar.gz', 'S3/crabcache_prod', 'amalhotr', '/DC=ch/DC=cern/OU=Organic Units/OU=Users/CN=amalhotr/CN=884837/CN=Aryan Malhotra', 'cms', 'None', 'None', 'ScoutingMC_FullPV_1mod2_v1-00000000000000000000000000000000', 'F', 'T3_CH_CERNBOX', 'https://cmsweb.cern.ch/dbs/prod/global/DBSReader', 'https://cmsweb.cern.ch/dbs/prod/phys03/DBSWriter', 'F', '[]', "['ScoutingTree_Output_PV.root']", '[]', 'Analysis', 'pythia', 'None', '{}', 'T', 'crab-prod-tw01', '[]', '2750', '1', '3000', '10', 'None', "['Task requests 3000 MB of memory, but only 2500 are guaranteed to be available. Jobs may not find a site where to run and stay idle forever.']", 'None', 'None', '[]', '[]', 'cmsgwms-collector-global.cern.ch:9620,cmsgwms-collector-global.fnal.gov:9620', 'crab3@vocms0194.cern.ch', 'F', '[]', 'T', '/store/user/amalhotr/', 'F', 'None', 'F', 'None', 'DYto2Mu-4Jets_Bin-MLL-50_TuneCP5_13p6TeV_madgraphMLM-pythia8', 'None', '0f66140ed1862e3c2932c2c42353c29fad124a838b233d3cd17390a70617a50b.tar.gz', '131894451', 'F', '188.184.75.82', '0.0', 'None', '{"partialdataset": false, "requireaccelerator": false, "acceleratorparams": null, "inputblocks": null}', 'None', 'None', 'None', 'None', 'any', 'NOT_READY', '6844', 'T']}
INFO 2025-10-13 05:03:57.156 UTC: 	 CRAB project directory:		/afs/cern.ch/user/a/amalhotr/CMSSW_14_0_18_patch1/src/Run3ScoutingAnalysisTools/crab_ScoutingMC_FullPV_1mod2_v1
INFO 2025-10-13 05:03:57.156 UTC: 	 Task name:			251013_050151:amalhotr_crab_ScoutingMC_FullPV_1mod2_v1
INFO 2025-10-13 05:03:57.156 UTC: 	 Grid scheduler - Task Worker:	crab3@vocms0194.cern.ch - crab-prod-tw01
INFO 2025-10-13 05:03:57.156 UTC: 	 Status on the CRAB server:	SUBMITTED
INFO 2025-10-13 05:03:57.157 UTC: 	 Task URL to use for HELP:	https://cmsweb.cern.ch/crabserver/ui/task/251013_050151%3Aamalhotr_crab_ScoutingMC_FullPV_1mod2_v1
INFO 2025-10-13 05:03:57.164 UTC: 	 Dashboard monitoring URL:	https://monit-grafana.cern.ch/d/cmsTMDetail/cms-task-monitoring-task-view?orgId=11&var-user=amalhotr&var-task=251013_050151%3Aamalhotr_crab_ScoutingMC_FullPV_1mod2_v1&from=1760328111000&to=now
WARNING 2025-10-13 05:03:57.164 UTC: 	 Warning:			Task requests 3000 MB of memory, but only 2500 are guaranteed to be available. Jobs may not find a site where to run and stay idle forever.
DEBUG 2025-10-13 05:03:57.164 UTC: 	 The CRAB server submitted your task to the Grid scheduler (cluster ID: 131894451)
INFO 2025-10-13 05:03:57.165 UTC: 	 Waiting for the Grid scheduler to bootstrap your task
DEBUG 2025-10-13 05:03:57.165 UTC: 	 Schedd has not reported back the webdir (yet)
INFO 2025-10-13 05:03:57.166 UTC: 	 Log file is /afs/cern.ch/user/a/amalhotr/CMSSW_14_0_18_patch1/src/Run3ScoutingAnalysisTools/crab_ScoutingMC_FullPV_1mod2_v1/crab.log
DEBUG 2025-10-29 23:00:35.156 UTC: 	 CRAB Client version: v3.250820
DEBUG 2025-10-29 23:00:35.157 UTC: 	 Running on: Linux lxplus911.cern.ch 5.14.0-570.51.1.el9_6.x86_64 #1 SMP PREEMPT_DYNAMIC Sat Sep 27 01:10:11 EDT 2025 x86_64 x86_64 x86_64 GNU/Linux
DEBUG 2025-10-29 23:00:35.157 UTC: 	 Not using Singularity
DEBUG 2025-10-29 23:00:35.157 UTC: 	 Operating System: Red Hat Enterprise Linux 9.6 (Plow)
DEBUG 2025-10-29 23:00:35.157 UTC: 	 Executing command: 'kill'
DEBUG 2025-10-29 23:00:35.157 UTC: 	 Found CRAB cache file /afs/cern.ch/user/a/amalhotr/.crab3
DEBUG 2025-10-29 23:00:35.184 UTC: 	 Checking credentials
DEBUG 2025-10-29 23:00:35.184 UTC: 	 Found proxy file /tmp/x509up_u180451
DEBUG 2025-10-29 23:00:35.184 UTC: 	 Making sure it has proper VOMS extension
DEBUG 2025-10-29 23:00:35.184 UTC: 	 Executing command :
 voms-proxy-info --vo --file /tmp/x509up_u180451
DEBUG 2025-10-29 23:00:35.207 UTC: 	 output : cms

 error: 
 retcode : 0
DEBUG 2025-10-29 23:00:35.207 UTC: 	 Getting proxy life time left
DEBUG 2025-10-29 23:00:35.207 UTC: 	 Executing command :
 voms-proxy-info --actimeleft --timeleft --file /tmp/x509up_u180451
DEBUG 2025-10-29 23:00:35.228 UTC: 	 output : 683457
683457

 error: 
 retcode : 0
DEBUG 2025-10-29 23:00:35.228 UTC: 	 Proxy valid for 189:50:57 hours
DEBUG 2025-10-29 23:00:35.229 UTC: 	 Encoded data for curl request: subresource=delegatedn
DEBUG 2025-10-29 23:00:35.264 UTC: 	 Registering user credentials on myproxy for /DC=ch/DC=cern/OU=Organic Units/OU=Users/CN=cmscrab/CN=(817881|373708)/CN=Robot: cms crab|/DC=ch/DC=cern/OU=Organic Units/OU=Users/CN=crabint1/CN=373708/CN=Robot: CMS CRAB Integration 1
DEBUG 2025-10-29 23:00:35.264 UTC: 	 Executing command :
 voms-proxy-info --identity --file /tmp/x509up_u180451
DEBUG 2025-10-29 23:00:35.291 UTC: 	 output : /DC=ch/DC=cern/OU=Organic Units/OU=Users/CN=amalhotr/CN=884837/CN=Aryan Malhotra

 error: 
 retcode : 0
DEBUG 2025-10-29 23:00:35.291 UTC: 	 Getting myproxy life time left for 2382a3cf28fdeacb1de9b039908761ea517a5ed6
DEBUG 2025-10-29 23:00:35.291 UTC: 	 Executing command :
 myproxy-info -s myproxy.cern.ch -l 2382a3cf28fdeacb1de9b039908761ea517a5ed6
DEBUG 2025-10-29 23:00:35.569 UTC: 	 output : username: 2382a3cf28fdeacb1de9b039908761ea517a5ed6
owner: /DC=ch/DC=cern/OU=Organic Units/OU=Users/CN=amalhotr/CN=884837/CN=Aryan Malhotra
  renewal policy: /DC=ch/DC=cern/OU=Organic Units/OU=Users/CN=cmscrab/CN=(817881|373708)/CN=Robot: cms crab|/DC=ch/DC=cern/OU=Organic Units/OU=Users/CN=crabint1/CN=373708/CN=Robot: CMS CRAB Integration 1
  trusted retrieval policy: /DC=ch/DC=cern/OU=Organic Units/OU=Users/CN=cmscrab/CN=(817881|373708)/CN=Robot: cms crab|/DC=ch/DC=cern/OU=Organic Units/OU=Users/CN=crabint1/CN=373708/CN=Robot: CMS CRAB Integration 1
  timeleft: 719:48:40  (30.0 days)

 error: 
 retcode : 0
DEBUG 2025-10-29 23:00:35.569 UTC: 	 Myproxy is valid: 2591280
DEBUG 2025-10-29 23:00:35.569 UTC: 	 Result of myproxy credential check:
  Credential exists on myproxy: username: 2382a3cf28fdeacb1de9b039908761ea517a5ed6  - validity: 29 days, 23:48:00
DEBUG 2025-10-29 23:00:35.570 UTC: 	 Command use: kill
DEBUG 2025-10-29 23:00:35.570 UTC: 	 Options use: ['--dir=crab_ScoutingMC_FullPV_1mod2_v1']
DEBUG 2025-10-29 23:00:35.570 UTC: 	 Encoded data for curl request: subresource=version
DEBUG 2025-10-29 23:00:35.609 UTC: 	 CRABClient version: v3.250820
DEBUG 2025-10-29 23:00:35.609 UTC: 	 Instance is prod
DEBUG 2025-10-29 23:00:35.609 UTC: 	 Server base url is cmsweb.cern.ch
DEBUG 2025-10-29 23:00:35.609 UTC: 	 Command api workflow
DEBUG 2025-10-29 23:00:35.609 UTC: 	 Killing task 251013_050151:amalhotr_crab_ScoutingMC_FullPV_1mod2_v1
DEBUG 2025-10-29 23:00:35.609 UTC: 	 Encoded data for curl request: workflow=251013_050151%3Aamalhotr_crab_ScoutingMC_FullPV_1mod2_v1
DEBUG 2025-10-29 23:00:35.654 UTC: 	 Result: {'desc': {'columns': ['tm_taskname', 'tm_task_status', 'tm_task_command', 'tm_user_role', 'tm_user_group', 'tm_task_failure', 'tm_split_algo', 'tm_split_args', 'tm_save_logs', 'tm_username', 'tm_user_dn', 'tm_arguments', 'tm_input_dataset', 'tm_dbs_url', 'tm_task_warnings', 'tm_publication', 'tm_user_webdir', 'tm_output_dataset', 'tm_collector', 'tm_schedd', 'tm_dry_run', 'clusterid', 'tm_start_time', 'tw_name', 'tm_dagman_status', 'tm_num_jobs', 'tm_uploaded']}, 'result': [{'result': 'ok'}]}
INFO 2025-10-29 23:00:35.654 UTC: 	 Kill request successfully sent
INFO 2025-10-29 23:00:35.718 UTC: 	 Log file is /afs/cern.ch/user/a/amalhotr/CMSSW_14_0_18_patch1/src/Run3ScoutingAnalysisTools/crab_ScoutingMC_FullPV_1mod2_v1/crab.log
