DEBUG 2025-05-21 02:57:19.344 UTC: 	 CRAB Client version: v3.250409
DEBUG 2025-05-21 02:57:19.344 UTC: 	 Running on: Linux lxplus978.cern.ch 5.14.0-503.34.1.el9_5.x86_64 #1 SMP PREEMPT_DYNAMIC Mon Mar 17 21:49:47 EDT 2025 x86_64 x86_64 x86_64 GNU/Linux
DEBUG 2025-05-21 02:57:19.344 UTC: 	 Not using Singularity
DEBUG 2025-05-21 02:57:19.344 UTC: 	 Operating System: Red Hat Enterprise Linux 9.5 (Plow)
DEBUG 2025-05-21 02:57:19.344 UTC: 	 Executing command: 'submit'
DEBUG 2025-05-21 02:57:19.345 UTC: 	 Found CRAB cache file /afs/cern.ch/user/a/amalhotr/.crab3
INFO 2025-05-21 02:57:19.345 UTC: 	 Will use CRAB configuration file chainedCrabConfig.py
DEBUG 2025-05-21 02:57:19.345 UTC: 	 Loading CRAB configuration file.
DEBUG 2025-05-21 02:57:19.387 UTC: 	 Will use CRAB plugin ANALYSIS (i.e. will run an analysis job type).
DEBUG 2025-05-21 02:57:19.533 UTC: 	 Checking credentials
DEBUG 2025-05-21 02:57:19.533 UTC: 	 Found proxy file /tmp/x509up_u180451
DEBUG 2025-05-21 02:57:19.533 UTC: 	 Making sure it has proper VOMS extension
DEBUG 2025-05-21 02:57:19.533 UTC: 	 Executing command :
 voms-proxy-info --vo --file /tmp/x509up_u180451
DEBUG 2025-05-21 02:57:19.959 UTC: 	 output : cms

 error: 
 retcode : 0
DEBUG 2025-05-21 02:57:19.959 UTC: 	 Getting proxy life time left
DEBUG 2025-05-21 02:57:19.959 UTC: 	 Executing command :
 voms-proxy-info --actimeleft --timeleft --file /tmp/x509up_u180451
DEBUG 2025-05-21 02:57:20.317 UTC: 	 output : 688865
688865

 error: 
 retcode : 0
DEBUG 2025-05-21 02:57:20.318 UTC: 	 Proxy valid for 191:21:05 hours
DEBUG 2025-05-21 02:57:20.318 UTC: 	 Encoded data for curl request: subresource=delegatedn
DEBUG 2025-05-21 02:57:20.362 UTC: 	 Registering user credentials on myproxy for /DC=ch/DC=cern/OU=computers/CN=crab-(preprod|prod)-tw(01|02).cern.ch|/DC=ch/DC=cern/OU=computers/CN=crab-dev-tw(01|02|03|04).cern.ch|/DC=ch/DC=cern/OU=Organic Units/OU=Users/CN=cmscrab/CN=(817881|373708)/CN=Robot: cms crab|/DC=ch/DC=cern/OU=Organic Units/OU=Users/CN=crabint1/CN=373708/CN=Robot: CMS CRAB Integration 1
DEBUG 2025-05-21 02:57:20.362 UTC: 	 Executing command :
 voms-proxy-info --identity --file /tmp/x509up_u180451
DEBUG 2025-05-21 02:57:20.731 UTC: 	 output : /DC=ch/DC=cern/OU=Organic Units/OU=Users/CN=amalhotr/CN=884837/CN=Aryan Malhotra

 error: 
 retcode : 0
DEBUG 2025-05-21 02:57:20.732 UTC: 	 Getting myproxy life time left for 2382a3cf28fdeacb1de9b039908761ea517a5ed6
DEBUG 2025-05-21 02:57:20.732 UTC: 	 Executing command :
 myproxy-info -s myproxy.cern.ch -l 2382a3cf28fdeacb1de9b039908761ea517a5ed6
DEBUG 2025-05-21 02:57:20.999 UTC: 	 output : username: 2382a3cf28fdeacb1de9b039908761ea517a5ed6
owner: /DC=ch/DC=cern/OU=Organic Units/OU=Users/CN=amalhotr/CN=884837/CN=Aryan Malhotra
  renewal policy: /DC=ch/DC=cern/OU=computers/CN=crab-(preprod|prod)-tw(01|02).cern.ch|/DC=ch/DC=cern/OU=computers/CN=crab-dev-tw(01|02|03|04).cern.ch|/DC=ch/DC=cern/OU=Organic Units/OU=Users/CN=cmscrab/CN=(817881|373708)/CN=Robot: cms crab|/DC=ch/DC=cern/OU=Organic Units/OU=Users/CN=crabint1/CN=373708/CN=Robot: CMS CRAB Integration 1
  trusted retrieval policy: /DC=ch/DC=cern/OU=computers/CN=crab-(preprod|prod)-tw(01|02).cern.ch|/DC=ch/DC=cern/OU=computers/CN=crab-dev-tw(01|02|03|04).cern.ch|/DC=ch/DC=cern/OU=Organic Units/OU=Users/CN=cmscrab/CN=(817881|373708)/CN=Robot: cms crab|/DC=ch/DC=cern/OU=Organic Units/OU=Users/CN=crabint1/CN=373708/CN=Robot: CMS CRAB Integration 1
  timeleft: 579:56:13  (24.2 days)

 error: 
 retcode : 0
DEBUG 2025-05-21 02:57:20.999 UTC: 	 Myproxy is valid: 2087760
DEBUG 2025-05-21 02:57:20.999 UTC: 	 Result of myproxy credential check:
  Credential exists on myproxy: username: 2382a3cf28fdeacb1de9b039908761ea517a5ed6  - validity: 24 days, 3:56:00
DEBUG 2025-05-21 02:57:20.999 UTC: 	 Command use: submit
DEBUG 2025-05-21 02:57:20.999 UTC: 	 Options use: ['-c', 'chainedCrabConfig.py']
DEBUG 2025-05-21 02:57:20.999 UTC: 	 Encoded data for curl request: subresource=version
DEBUG 2025-05-21 02:57:21.039 UTC: 	 CRABClient version: v3.250409
DEBUG 2025-05-21 02:57:21.039 UTC: 	 Instance is prod
DEBUG 2025-05-21 02:57:21.039 UTC: 	 Server base url is cmsweb.cern.ch
DEBUG 2025-05-21 02:57:21.039 UTC: 	 Command api workflow
DEBUG 2025-05-21 02:57:21.039 UTC: 	 Started submission
DEBUG 2025-05-21 02:57:21.039 UTC: 	 Working on /afs/cern.ch/user/a/amalhotr/CMSSW_14_0_18_patch1/src/Run3ScoutingAnalysisTools/crab_RealData_noLFNDirectory_v2
DEBUG 2025-05-21 02:57:21.039 UTC: 	 Encoded data for curl request: subresource=backendurls
DEBUG 2025-05-21 02:57:21.111 UTC: 	 Loading required information from the environment
DEBUG 2025-05-21 02:57:21.111 UTC: 	 Found CMSSW_14_0_18_patch1 for el9_amd64_gcc12 with base /afs/cern.ch/user/a/amalhotr/CMSSW_14_0_18_patch1
DEBUG 2025-05-21 02:57:21.111 UTC: 	 Loading required information from the environment
DEBUG 2025-05-21 02:57:21.111 UTC: 	 Found CMSSW_14_0_18_patch1 for el9_amd64_gcc12 with base /afs/cern.ch/user/a/amalhotr/CMSSW_14_0_18_patch1
DEBUG 2025-05-21 02:57:21.111 UTC: 	 UNIQUE NAME: tarUUID f9c38be4-99ee-4b80-b310-09d3854e58b1 
DEBUG 2025-05-21 02:57:21.111 UTC: 	 self.config: from WMCore.Configuration import Configuration
config = Configuration()
config.section_('General')
config.General.transferOutputs = True
config.General.transferLogs = True
config.General.requestName = 'RealData_noLFNDirectory_v2'
config.section_('JobType')
config.JobType.pluginName = 'Analysis'
config.JobType.maxJobRuntimeMin = 2000
config.JobType.psetName = 'UnifiedScoutingVertexingTreeMaker.py'
config.section_('Data')
config.Data.inputDataset = '/ScoutingPFRun3/Run2024H-v1/HLTSCOUT'
config.Data.unitsPerJob = 100
config.Data.splitting = 'EventAwareLumiBased'
config.Data.allowNonValidInputDataset = True
config.Data.inputDBS = 'global'
config.Data.totalUnits = 1000
config.Data.publication = False
config.Data.outputDatasetTag = 'RealData_noLFNDirectory_v2'
config.section_('Site')
config.Site.storageSite = 'T3_CH_CERNBOX'
config.section_('User')
config.section_('Debug')

DEBUG 2025-05-21 02:57:21.111 UTC: 	 self.config.JobType.psetName: UnifiedScoutingVertexingTreeMaker.py
INFO 2025-05-21 02:57:21.111 UTC: 	 Importing CMSSW configuration UnifiedScoutingVertexingTreeMaker.py
INFO 2025-05-21 02:57:21.576 UTC: 	 Finished importing CMSSW configuration UnifiedScoutingVertexingTreeMaker.py
DEBUG 2025-05-21 02:57:21.576 UTC: 	 Writing CMSSW configuration to /afs/cern.ch/user/a/amalhotr/CMSSW_14_0_18_patch1/src/Run3ScoutingAnalysisTools/crab_RealData_noLFNDirectory_v2/inputs/PSet.py
DEBUG 2025-05-21 02:57:21.597 UTC: 	 The following EDM output files will be collected: []
DEBUG 2025-05-21 02:57:21.597 UTC: 	 The following TFile output files will be collected: ['DY2M_ScoutingTree_Output.root']
DEBUG 2025-05-21 02:57:21.597 UTC: 	 The following user output files (not listed as PoolOuputModule or TFileService in the CMSSW PSet) will be collected: 
DEBUG 2025-05-21 02:57:21.597 UTC: 	 Loading required information from the environment
DEBUG 2025-05-21 02:57:21.597 UTC: 	 Found CMSSW_14_0_18_patch1 for el9_amd64_gcc12 with base /afs/cern.ch/user/a/amalhotr/CMSSW_14_0_18_patch1
DEBUG 2025-05-21 02:57:21.597 UTC: 	 Making tarball in /afs/cern.ch/user/a/amalhotr/CMSSW_14_0_18_patch1/src/Run3ScoutingAnalysisTools/crab_RealData_noLFNDirectory_v2/inputs/f9c38be4-99ee-4b80-b310-09d3854e58b1default.tgz
DEBUG 2025-05-21 02:57:21.602 UTC: 	 Checking directory /afs/cern.ch/user/a/amalhotr/CMSSW_14_0_18_patch1/bin
DEBUG 2025-05-21 02:57:21.602 UTC: 	 Adding directory /afs/cern.ch/user/a/amalhotr/CMSSW_14_0_18_patch1/bin to tarball
DEBUG 2025-05-21 02:57:21.603 UTC: 	 Checking directory /afs/cern.ch/user/a/amalhotr/CMSSW_14_0_18_patch1/python
DEBUG 2025-05-21 02:57:21.603 UTC: 	 Adding directory /afs/cern.ch/user/a/amalhotr/CMSSW_14_0_18_patch1/python to tarball
DEBUG 2025-05-21 02:57:22.440 UTC: 	 Checking directory /afs/cern.ch/user/a/amalhotr/CMSSW_14_0_18_patch1/cfipython
DEBUG 2025-05-21 02:57:22.440 UTC: 	 Adding directory /afs/cern.ch/user/a/amalhotr/CMSSW_14_0_18_patch1/cfipython to tarball
DEBUG 2025-05-21 02:57:23.833 UTC: 	 Checking directory /afs/cern.ch/user/a/amalhotr/CMSSW_14_0_18_patch1/lib
DEBUG 2025-05-21 02:57:23.833 UTC: 	 Adding directory /afs/cern.ch/user/a/amalhotr/CMSSW_14_0_18_patch1/lib to tarball
DEBUG 2025-05-21 02:57:24.452 UTC: 	 Checking directory /afs/cern.ch/user/a/amalhotr/CMSSW_14_0_18_patch1/biglib
DEBUG 2025-05-21 02:57:24.452 UTC: 	 Adding directory /afs/cern.ch/user/a/amalhotr/CMSSW_14_0_18_patch1/biglib to tarball
DEBUG 2025-05-21 02:57:24.453 UTC: 	 Checking directory /afs/cern.ch/user/a/amalhotr/CMSSW_14_0_18_patch1/module
DEBUG 2025-05-21 02:57:24.453 UTC: 	 Checking directory /afs/cern.ch/user/a/amalhotr/CMSSW_14_0_18_patch1/config/SCRAM/hooks
DEBUG 2025-05-21 02:57:24.453 UTC: 	 Adding directory /afs/cern.ch/user/a/amalhotr/CMSSW_14_0_18_patch1/config/SCRAM/hooks to tarball
DEBUG 2025-05-21 02:57:24.485 UTC: 	 Adding directory /afs/cern.ch/user/a/amalhotr/CMSSW_14_0_18_patch1/src/Run3ScoutingAnalysisTools/DataFormats/Scouting/interface to tarball
DEBUG 2025-05-21 02:57:24.587 UTC: 	 Adding directory /afs/cern.ch/user/a/amalhotr/CMSSW_14_0_18_patch1/src/Run3ScoutingAnalysisTools/ScoutingTreeMakerRun3/python to tarball
DEBUG 2025-05-21 02:57:24.594 UTC: 	 Adding directory /afs/cern.ch/user/a/amalhotr/CMSSW_14_0_18_patch1/src/DataFormats/Scouting/interface to tarball
DEBUG 2025-05-21 02:57:24.661 UTC: 	 Adding directory /afs/cern.ch/user/a/amalhotr/CMSSW_14_0_18_patch1/src/Configuration/GenProduction/python to tarball
DEBUG 2025-05-21 02:57:24.745 UTC: 	 Uploading archive /afs/cern.ch/user/a/amalhotr/CMSSW_14_0_18_patch1/src/Run3ScoutingAnalysisTools/crab_RealData_noLFNDirectory_v2/inputs/f9c38be4-99ee-4b80-b310-09d3854e58b1default.tgz (441 KB) to the CRAB cache. Using URI https://cmsweb.cern.ch/S3/crabcache_prod
DEBUG 2025-05-21 02:57:24.919 UTC: 	 Encoded data for curl request: subresource=upload&objecttype=sandbox&tarballname=a0f6cd583235f6dd2f29b789d13287b8410fef519df7798178c1d4133ad182dd.tar.gz
DEBUG 2025-05-21 02:57:25.000 UTC: 	 sandbox a0f6cd583235f6dd2f29b789d13287b8410fef519df7798178c1d4133ad182dd.tar.gz is already in the S3 store, will not upload again
DEBUG 2025-05-21 02:57:25.000 UTC: 	 Loading required information from the environment
DEBUG 2025-05-21 02:57:25.000 UTC: 	 Found CMSSW_14_0_18_patch1 for el9_amd64_gcc12 with base /afs/cern.ch/user/a/amalhotr/CMSSW_14_0_18_patch1
DEBUG 2025-05-21 02:57:25.000 UTC: 	 Making tarball in /afs/cern.ch/user/a/amalhotr/CMSSW_14_0_18_patch1/src/Run3ScoutingAnalysisTools/crab_RealData_noLFNDirectory_v2/inputs/debugFiles.tgz
DEBUG 2025-05-21 02:57:25.010 UTC: 	 Uploading archive /afs/cern.ch/user/a/amalhotr/CMSSW_14_0_18_patch1/src/Run3ScoutingAnalysisTools/crab_RealData_noLFNDirectory_v2/inputs/debugFiles.tgz (3 KB) to the CRAB cache. Using URI https://cmsweb.cern.ch/S3/crabcache_prod
DEBUG 2025-05-21 02:57:25.012 UTC: 	 Encoded data for curl request: subresource=upload&objecttype=sandbox&tarballname=376fd0a4284672283627e9fddbb9ef41117db838d0333f1af38a72117eec5a3f.tar.gz
DEBUG 2025-05-21 02:57:25.070 UTC: 	 Will execute:
curl -f -v -X POST  -H "User-Agent: CRAB" -F "key=amalhotr/sandboxes/376fd0a4284672283627e9fddbb9ef41117db838d0333f1af38a72117eec5a3f.tar.gz" -F "AWSAccessKeyId=715203df6482458ba839e73e6dab634b" -F "policy=eyJleHBpcmF0aW9uIjogIjIwMjUtMDUtMjFUMDM6NTc6MjVaIiwgImNvbmRpdGlvbnMiOiBbeyJidWNrZXQiOiAiY3JhYmNhY2hlX3Byb2QifSwgeyJrZXkiOiAiYW1hbGhvdHIvc2FuZGJveGVzLzM3NmZkMGE0Mjg0NjcyMjgzNjI3ZTlmZGRiYjllZjQxMTE3ZGI4MzhkMDMzM2YxYWYzOGE3MjExN2VlYzVhM2YudGFyLmd6In1dfQ==" -F "signature=VbpKSfVbly8j5qMJLaNM5zHclzg=" -F "file=@/afs/cern.ch/user/a/amalhotr/CMSSW_14_0_18_patch1/src/Run3ScoutingAnalysisTools/crab_RealData_noLFNDirectory_v2/inputs/debugFiles.tgz" "https://s3.cern.ch/crabcache_prod"
DEBUG 2025-05-21 02:57:25.124 UTC: 	 exitcode: 0
stdout: b''
DEBUG 2025-05-21 02:57:25.124 UTC: 	 upload to S3 of sandbox /afs/cern.ch/user/a/amalhotr/CMSSW_14_0_18_patch1/src/Run3ScoutingAnalysisTools/crab_RealData_noLFNDirectory_v2/inputs/debugFiles.tgz completed
DEBUG 2025-05-21 02:57:25.124 UTC: 	 make sure that object is ready for retrieve
DEBUG 2025-05-21 02:57:26.125 UTC: 	 Encoded data for curl request: subresource=download&objecttype=sandbox&tarballname=376fd0a4284672283627e9fddbb9ef41117db838d0333f1af38a72117eec5a3f.tar.gz&clientmethod=head_object
DEBUG 2025-05-21 02:57:26.166 UTC: 	 PreSignedUrl to download sandbox received OK
DEBUG 2025-05-21 02:57:26.169 UTC: 	 Will execute:
 curl -v -s -f -o /dev/null --head  "https://s3.cern.ch/crabcache_prod/amalhotr/sandboxes/376fd0a4284672283627e9fddbb9ef41117db838d0333f1af38a72117eec5a3f.tar.gz?AWSAccessKeyId=715203df6482458ba839e73e6dab634b&Signature=qdCQUoAq8otZSxXQrI133ViNwxc%3D&Expires=1747799846"
DEBUG 2025-05-21 02:57:26.208 UTC: 	 exitcode: 0
stdout: b''
DEBUG 2025-05-21 02:57:26.208 UTC: 	 sandbox /afs/cern.ch/user/a/amalhotr/CMSSW_14_0_18_patch1/src/Run3ScoutingAnalysisTools/crab_RealData_noLFNDirectory_v2/inputs/debugFiles.tgz successfully uploaded to S3
DEBUG 2025-05-21 02:57:26.208 UTC: 	 Result uploading input files: a0f6cd583235f6dd2f29b789d13287b8410fef519df7798178c1d4133ad182dd.tar.gz 
DEBUG 2025-05-21 02:57:26.209 UTC: 	 submit() - self.configuration from WMCore.Configuration import Configuration
config = Configuration()
config.section_('General')
config.General.transferOutputs = True
config.General.transferLogs = True
config.General.requestName = 'RealData_noLFNDirectory_v2'
config.section_('JobType')
config.JobType.pluginName = 'Analysis'
config.JobType.maxJobRuntimeMin = 2000
config.JobType.psetName = 'UnifiedScoutingVertexingTreeMaker.py'
config.section_('Data')
config.Data.inputDataset = '/ScoutingPFRun3/Run2024H-v1/HLTSCOUT'
config.Data.unitsPerJob = 100
config.Data.splitting = 'EventAwareLumiBased'
config.Data.allowNonValidInputDataset = True
config.Data.inputDBS = 'global'
config.Data.totalUnits = 1000
config.Data.publication = False
config.Data.outputDatasetTag = 'RealData_noLFNDirectory_v2'
config.section_('Site')
config.Site.storageSite = 'T3_CH_CERNBOX'
config.section_('User')
config.section_('Debug')

DEBUG 2025-05-21 02:57:26.209 UTC: 	 submit() - self.configreq {'dryrun': 0, 'workflow': 'crab_RealData_noLFNDirectory_v2', 'saveoutput': 1, 'savelogsflag': 1, 'inputdata': '/ScoutingPFRun3/Run2024H-v1/HLTSCOUT', 'nonvaliddata': 1, 'userfiles': [], 'dbsurl': 'https://cmsweb.cern.ch/dbs/prod/global/DBSReader', 'useparent': 0, 'ignorelocality': 0, 'splitalgo': 'EventAwareLumiBased', 'algoargs': 100, 'totalunits': 1000, 'publication': 0, 'publishdbsurl': 'https://cmsweb.cern.ch/dbs/prod/phys03/DBSWriter', 'publishname2': 'RealData_noLFNDirectory_v2', 'jobtype': 'Analysis', 'generator': 'pythia', 'addoutputfiles': [], 'maxjobruntime': 2000, 'numcores': 1, 'maxmemory': 2000, 'priority': 10, 'nonprodsw': 0, 'asyncdest': 'T3_CH_CERNBOX', 'requireaccelerator': 0, 'oneEventMode': 0, 'extrajdl': [], 'ignoreglobalblacklist': 0, 'partialdataset': 0, 'inputblocks': []}
DEBUG 2025-05-21 02:57:26.209 UTC: 	 submit() - jobconfig {'addoutputfiles': [], 'tfileoutfiles': ['DY2M_ScoutingTree_Output.root'], 'edmoutfiles': [], 'jobarch': 'el9_amd64_gcc12', 'jobminuarch': 'any', 'jobsw': 'CMSSW_14_0_18_patch1', 'inputdata': '/ScoutingPFRun3/Run2024H-v1/HLTSCOUT', 'cacheurl': 'https://cmsweb.cern.ch/S3/crabcache_prod', 'cachefilename': 'a0f6cd583235f6dd2f29b789d13287b8410fef519df7798178c1d4133ad182dd.tar.gz', 'debugfilename': '376fd0a4284672283627e9fddbb9ef41117db838d0333f1af38a72117eec5a3f.tar.gz', 'jobtype': 'Analysis'}
INFO 2025-05-21 02:57:26.209 UTC: 	 Sending the request to the server at cmsweb.cern.ch
DEBUG 2025-05-21 02:57:26.209 UTC: 	 Submitting {'dryrun': 0, 'workflow': 'crab_RealData_noLFNDirectory_v2', 'saveoutput': 1, 'savelogsflag': 1, 'inputdata': '/ScoutingPFRun3/Run2024H-v1/HLTSCOUT', 'nonvaliddata': 1, 'userfiles': [], 'dbsurl': 'https://cmsweb.cern.ch/dbs/prod/global/DBSReader', 'useparent': 0, 'ignorelocality': 0, 'splitalgo': 'EventAwareLumiBased', 'algoargs': 100, 'totalunits': 1000, 'publication': 0, 'publishdbsurl': 'https://cmsweb.cern.ch/dbs/prod/phys03/DBSWriter', 'publishname2': 'RealData_noLFNDirectory_v2', 'jobtype': 'Analysis', 'generator': 'pythia', 'addoutputfiles': [], 'maxjobruntime': 2000, 'numcores': 1, 'maxmemory': 2000, 'priority': 10, 'nonprodsw': 0, 'asyncdest': 'T3_CH_CERNBOX', 'requireaccelerator': 0, 'oneEventMode': 0, 'extrajdl': [], 'ignoreglobalblacklist': 0, 'partialdataset': 0, 'inputblocks': [], 'tfileoutfiles': ['DY2M_ScoutingTree_Output.root'], 'edmoutfiles': [], 'jobarch': 'el9_amd64_gcc12', 'jobminuarch': 'any', 'jobsw': 'CMSSW_14_0_18_patch1', 'cacheurl': 'https://cmsweb.cern.ch/S3/crabcache_prod', 'cachefilename': 'a0f6cd583235f6dd2f29b789d13287b8410fef519df7798178c1d4133ad182dd.tar.gz', 'debugfilename': '376fd0a4284672283627e9fddbb9ef41117db838d0333f1af38a72117eec5a3f.tar.gz'} 
DEBUG 2025-05-21 02:57:26.209 UTC: 	 Encoded data for curl request: dryrun=0&workflow=crab_RealData_noLFNDirectory_v2&saveoutput=1&savelogsflag=1&inputdata=%2FScoutingPFRun3%2FRun2024H-v1%2FHLTSCOUT&nonvaliddata=1&dbsurl=https%3A%2F%2Fcmsweb.cern.ch%2Fdbs%2Fprod%2Fglobal%2FDBSReader&useparent=0&ignorelocality=0&splitalgo=EventAwareLumiBased&algoargs=100&totalunits=1000&publication=0&publishdbsurl=https%3A%2F%2Fcmsweb.cern.ch%2Fdbs%2Fprod%2Fphys03%2FDBSWriter&publishname2=RealData_noLFNDirectory_v2&jobtype=Analysis&generator=pythia&maxjobruntime=2000&numcores=1&maxmemory=2000&priority=10&nonprodsw=0&asyncdest=T3_CH_CERNBOX&requireaccelerator=0&oneEventMode=0&ignoreglobalblacklist=0&partialdataset=0&jobarch=el9_amd64_gcc12&jobminuarch=any&jobsw=CMSSW_14_0_18_patch1&cacheurl=https%3A%2F%2Fcmsweb.cern.ch%2FS3%2Fcrabcache_prod&cachefilename=a0f6cd583235f6dd2f29b789d13287b8410fef519df7798178c1d4133ad182dd.tar.gz&debugfilename=376fd0a4284672283627e9fddbb9ef41117db838d0333f1af38a72117eec5a3f.tar.gz&tfileoutfiles=DY2M_ScoutingTree_Output.root
DEBUG 2025-05-21 02:57:26.360 UTC: 	 Result: {'result': [{'RequestName': '250521_025726:amalhotr_crab_RealData_noLFNDirectory_v2'}]}
INFO 2025-05-21 02:57:26.362 UTC: 	 Success: Your task has been delivered to the prod CRAB3 server.
INFO 2025-05-21 02:57:26.362 UTC: 	 Task name: 250521_025726:amalhotr_crab_RealData_noLFNDirectory_v2
INFO 2025-05-21 02:57:26.362 UTC: 	 Project dir: ./crab_RealData_noLFNDirectory_v2
INFO 2025-05-21 02:57:26.362 UTC: 	 Please use ' crab status -d ./crab_RealData_noLFNDirectory_v2 ' to check how the submission process proceeds.
DEBUG 2025-05-21 02:57:26.362 UTC: 	 About to return
INFO 2025-05-21 02:57:26.365 UTC: 	 Log file is /afs/cern.ch/user/a/amalhotr/CMSSW_14_0_18_patch1/src/Run3ScoutingAnalysisTools/crab_RealData_noLFNDirectory_v2/crab.log
DEBUG 2025-05-21 03:03:21.244 UTC: 	 CRAB Client version: v3.250409
DEBUG 2025-05-21 03:03:21.244 UTC: 	 Running on: Linux lxplus978.cern.ch 5.14.0-503.34.1.el9_5.x86_64 #1 SMP PREEMPT_DYNAMIC Mon Mar 17 21:49:47 EDT 2025 x86_64 x86_64 x86_64 GNU/Linux
DEBUG 2025-05-21 03:03:21.244 UTC: 	 Not using Singularity
DEBUG 2025-05-21 03:03:21.244 UTC: 	 Operating System: Red Hat Enterprise Linux 9.5 (Plow)
DEBUG 2025-05-21 03:03:21.244 UTC: 	 Executing command: 'status'
DEBUG 2025-05-21 03:03:21.244 UTC: 	 Found CRAB cache file /afs/cern.ch/user/a/amalhotr/.crab3
DEBUG 2025-05-21 03:03:21.252 UTC: 	 Checking credentials
DEBUG 2025-05-21 03:03:21.252 UTC: 	 Found proxy file /tmp/x509up_u180451
DEBUG 2025-05-21 03:03:21.252 UTC: 	 Making sure it has proper VOMS extension
DEBUG 2025-05-21 03:03:21.252 UTC: 	 Executing command :
 voms-proxy-info --vo --file /tmp/x509up_u180451
DEBUG 2025-05-21 03:03:21.619 UTC: 	 output : cms

 error: 
 retcode : 0
DEBUG 2025-05-21 03:03:21.619 UTC: 	 Getting proxy life time left
DEBUG 2025-05-21 03:03:21.620 UTC: 	 Executing command :
 voms-proxy-info --actimeleft --timeleft --file /tmp/x509up_u180451
DEBUG 2025-05-21 03:03:22.011 UTC: 	 output : 688503
688503

 error: 
 retcode : 0
DEBUG 2025-05-21 03:03:22.011 UTC: 	 Proxy valid for 191:15:03 hours
DEBUG 2025-05-21 03:03:22.011 UTC: 	 Encoded data for curl request: subresource=delegatedn
DEBUG 2025-05-21 03:03:22.070 UTC: 	 Registering user credentials on myproxy for /DC=ch/DC=cern/OU=computers/CN=crab-(preprod|prod)-tw(01|02).cern.ch|/DC=ch/DC=cern/OU=computers/CN=crab-dev-tw(01|02|03|04).cern.ch|/DC=ch/DC=cern/OU=Organic Units/OU=Users/CN=cmscrab/CN=(817881|373708)/CN=Robot: cms crab|/DC=ch/DC=cern/OU=Organic Units/OU=Users/CN=crabint1/CN=373708/CN=Robot: CMS CRAB Integration 1
DEBUG 2025-05-21 03:03:22.070 UTC: 	 Executing command :
 voms-proxy-info --identity --file /tmp/x509up_u180451
DEBUG 2025-05-21 03:03:22.456 UTC: 	 output : /DC=ch/DC=cern/OU=Organic Units/OU=Users/CN=amalhotr/CN=884837/CN=Aryan Malhotra

 error: 
 retcode : 0
DEBUG 2025-05-21 03:03:22.457 UTC: 	 Getting myproxy life time left for 2382a3cf28fdeacb1de9b039908761ea517a5ed6
DEBUG 2025-05-21 03:03:22.457 UTC: 	 Executing command :
 myproxy-info -s myproxy.cern.ch -l 2382a3cf28fdeacb1de9b039908761ea517a5ed6
DEBUG 2025-05-21 03:03:22.766 UTC: 	 output : username: 2382a3cf28fdeacb1de9b039908761ea517a5ed6
owner: /DC=ch/DC=cern/OU=Organic Units/OU=Users/CN=amalhotr/CN=884837/CN=Aryan Malhotra
  renewal policy: /DC=ch/DC=cern/OU=computers/CN=crab-(preprod|prod)-tw(01|02).cern.ch|/DC=ch/DC=cern/OU=computers/CN=crab-dev-tw(01|02|03|04).cern.ch|/DC=ch/DC=cern/OU=Organic Units/OU=Users/CN=cmscrab/CN=(817881|373708)/CN=Robot: cms crab|/DC=ch/DC=cern/OU=Organic Units/OU=Users/CN=crabint1/CN=373708/CN=Robot: CMS CRAB Integration 1
  trusted retrieval policy: /DC=ch/DC=cern/OU=computers/CN=crab-(preprod|prod)-tw(01|02).cern.ch|/DC=ch/DC=cern/OU=computers/CN=crab-dev-tw(01|02|03|04).cern.ch|/DC=ch/DC=cern/OU=Organic Units/OU=Users/CN=cmscrab/CN=(817881|373708)/CN=Robot: cms crab|/DC=ch/DC=cern/OU=Organic Units/OU=Users/CN=crabint1/CN=373708/CN=Robot: CMS CRAB Integration 1
  timeleft: 579:50:11  (24.2 days)

 error: 
 retcode : 0
DEBUG 2025-05-21 03:03:22.766 UTC: 	 Myproxy is valid: 2087400
DEBUG 2025-05-21 03:03:22.766 UTC: 	 Result of myproxy credential check:
  Credential exists on myproxy: username: 2382a3cf28fdeacb1de9b039908761ea517a5ed6  - validity: 24 days, 3:50:00
DEBUG 2025-05-21 03:03:22.766 UTC: 	 Retrieving username ...
DEBUG 2025-05-21 03:03:22.766 UTC: 	 Retrieving username from CRIC...
DEBUG 2025-05-21 03:03:23.509 UTC: 	 username is amalhotr
INFO 2025-05-21 03:03:24.135 UTC: 	 Rucio client intialized for account amalhotr
DEBUG 2025-05-21 03:03:24.136 UTC: 	 Command use: status
DEBUG 2025-05-21 03:03:24.136 UTC: 	 Options use: ['-d', './crab_RealData_noLFNDirectory_v2']
DEBUG 2025-05-21 03:03:24.136 UTC: 	 Encoded data for curl request: subresource=version
DEBUG 2025-05-21 03:03:24.176 UTC: 	 CRABClient version: v3.250409
DEBUG 2025-05-21 03:03:24.176 UTC: 	 Instance is prod
DEBUG 2025-05-21 03:03:24.176 UTC: 	 Server base url is cmsweb.cern.ch
DEBUG 2025-05-21 03:03:24.176 UTC: 	 Command api workflow
DEBUG 2025-05-21 03:03:24.176 UTC: 	 Encoded data for curl request: subresource=search&workflow=250521_025726%3Aamalhotr_crab_RealData_noLFNDirectory_v2
DEBUG 2025-05-21 03:03:24.227 UTC: 	 Got information from server oracle database: {'desc': {'columns': ['tm_taskname', 'tm_activity', 'tm_task_status', 'tm_task_command', 'tm_start_time', 'tm_start_injection', 'tm_end_injection', 'tm_task_failure', 'tm_job_sw', 'tm_job_arch', 'tm_input_dataset', 'tm_nonvalid_input_dataset', 'tm_use_parent', 'tm_site_whitelist', 'tm_site_blacklist', 'tm_split_algo', 'tm_split_args', 'tm_user_sandbox', 'tm_cache_url', 'tm_username', 'tm_user_dn', 'tm_user_vo', 'tm_user_role', 'tm_user_group', 'tm_publish_name', 'tm_publish_groupname', 'tm_asyncdest', 'tm_dbs_url', 'tm_publish_dbs_url', 'tm_publication', 'tm_outfiles', 'tm_tfile_outfiles', 'tm_edm_outfiles', 'tm_job_type', 'tm_generator', 'tm_events_per_lumi', 'tm_arguments', 'tm_save_logs', 'tw_name', 'tm_user_infiles', 'tm_maxjobruntime', 'tm_numcores', 'tm_maxmemory', 'tm_priority', 'tm_output_dataset', 'tm_task_warnings', 'tm_user_webdir', 'tm_scriptexe', 'tm_scriptargs', 'tm_extrajdl', 'tm_collector', 'tm_schedd', 'tm_dry_run', 'tm_user_files', 'tm_transfer_outputs', 'tm_output_lfn', 'tm_ignore_locality', 'tm_fail_limit', 'tm_one_event_mode', 'tm_secondary_input_dataset', 'tm_primary_dataset', 'tm_last_publication', 'tm_debug_files', 'clusterid', 'tm_ignore_global_blacklist', 'tm_submitter_ip_addr', 'tm_totalunits', 'tm_ddm_reqid', 'tm_user_config', 'tm_transfer_container', 'tm_transfer_rule', 'tm_publish_rule', 'tm_multipub_rule', 'tm_job_min_microarch', 'tm_dagman_status', 'tm_num_jobs', 'tm_uploaded']}, 'result': ['250521_025726:amalhotr_crab_RealData_noLFNDirectory_v2', 'None', 'SUBMITTED', 'SUBMIT', '2025-05-21 02:57:26.350168', 'None', '2025-05-21 02:59:22.419869', 'None', 'CMSSW_14_0_18_patch1', 'el9_amd64_gcc12', '/ScoutingPFRun3/Run2024H-v1/HLTSCOUT', 'T', '0', '[]', '[]', 'EventAwareLumiBased', "{'halt_job_on_file_boundaries': False, 'splitOnRun': False, 'events_per_job': 100, 'runs': [], 'lumis': []}", 'a0f6cd583235f6dd2f29b789d13287b8410fef519df7798178c1d4133ad182dd.tar.gz', 'https://cmsweb.cern.ch/S3/crabcache_prod', 'amalhotr', '/DC=ch/DC=cern/OU=Organic Units/OU=Users/CN=amalhotr/CN=884837/CN=Aryan Malhotra', 'cms', 'None', 'None', 'RealData_noLFNDirectory_v2-00000000000000000000000000000000', 'F', 'T3_CH_CERNBOX', 'https://cmsweb.cern.ch/dbs/prod/global/DBSReader', 'https://cmsweb.cern.ch/dbs/prod/phys03/DBSWriter', 'F', '[]', "['DY2M_ScoutingTree_Output.root']", '[]', 'Analysis', 'pythia', 'None', '{}', 'T', 'crab-prod-tw02', '[]', '2000', '1', '2000', '10', 'None', '[]', 'http://vocms0194.cern.ch/mon/amalhotr/250521_025726:amalhotr_crab_RealData_noLFNDirectory_v2', 'None', '[]', '[]', 'cmsgwms-collector-global.cern.ch:9620,cmsgwms-collector-global.fnal.gov:9620', 'crab3@vocms0194.cern.ch', 'F', '[]', 'T', '/store/user/amalhotr/', 'F', 'None', 'F', 'None', 'ScoutingPFRun3', 'None', '376fd0a4284672283627e9fddbb9ef41117db838d0333f1af38a72117eec5a3f.tar.gz', '122634657', 'F', '188.185.89.202', '1000.0', 'None', '{"partialdataset": false, "requireaccelerator": false, "acceleratorparams": null, "inputblocks": null}', 'None', 'None', 'None', 'None', 'any', 'RUNNING', '1', 'F']}
INFO 2025-05-21 03:03:24.227 UTC: 	 CRAB project directory:		/afs/cern.ch/user/a/amalhotr/CMSSW_14_0_18_patch1/src/Run3ScoutingAnalysisTools/crab_RealData_noLFNDirectory_v2
INFO 2025-05-21 03:03:24.227 UTC: 	 Task name:			250521_025726:amalhotr_crab_RealData_noLFNDirectory_v2
INFO 2025-05-21 03:03:24.228 UTC: 	 Grid scheduler - Task Worker:	crab3@vocms0194.cern.ch - crab-prod-tw02
INFO 2025-05-21 03:03:24.228 UTC: 	 Status on the CRAB server:	SUBMITTED
INFO 2025-05-21 03:03:24.228 UTC: 	 Task URL to use for HELP:	https://cmsweb.cern.ch/crabserver/ui/task/250521_025726%3Aamalhotr_crab_RealData_noLFNDirectory_v2
INFO 2025-05-21 03:03:24.234 UTC: 	 Dashboard monitoring URL:	https://monit-grafana.cern.ch/d/cmsTMDetail/cms-task-monitoring-task-view?orgId=11&var-user=amalhotr&var-task=250521_025726%3Aamalhotr_crab_RealData_noLFNDirectory_v2&from=1747792646000&to=now
DEBUG 2025-05-21 03:03:24.234 UTC: 	 The CRAB server submitted your task to the Grid scheduler (cluster ID: 122634657)
DEBUG 2025-05-21 03:03:24.234 UTC: 	 Webdir is located at http://vocms0194.cern.ch/mon/amalhotr/250521_025726:amalhotr_crab_RealData_noLFNDirectory_v2
DEBUG 2025-05-21 03:03:24.234 UTC: 	 Encoded data for curl request: subresource=webdirprx&workflow=250521_025726%3Aamalhotr_crab_RealData_noLFNDirectory_v2
DEBUG 2025-05-21 03:03:24.277 UTC: 	 Proxied webdir is located at https://cmsweb.cern.ch/scheddmon/0194/amalhotr/250521_025726:amalhotr_crab_RealData_noLFNDirectory_v2
DEBUG 2025-05-21 03:03:24.277 UTC: 	 Retrieving 'status_cache' file from https://cmsweb.cern.ch/scheddmon/0194/amalhotr/250521_025726:amalhotr_crab_RealData_noLFNDirectory_v2/status_cache.pkl
DEBUG 2025-05-21 03:03:24.277 UTC: 	 Will execute:
curl -sS --capath /etc/grid-security/certificates --cert /tmp/x509up_u180451 --key /tmp/x509up_u180451 -o /tmp/crab_status-cache-ut1lsbf4.pkl -w %"{http_code}" "https://cmsweb.cern.ch/scheddmon/0194/amalhotr/250521_025726:amalhotr_crab_RealData_noLFNDirectory_v2/status_cache.pkl"
DEBUG 2025-05-21 03:03:24.277 UTC: 	 Executing command :
 curl -sS --capath /etc/grid-security/certificates --cert /tmp/x509up_u180451 --key /tmp/x509up_u180451 -o /tmp/crab_status-cache-ut1lsbf4.pkl -w %"{http_code}" "https://cmsweb.cern.ch/scheddmon/0194/amalhotr/250521_025726:amalhotr_crab_RealData_noLFNDirectory_v2/status_cache.pkl"
DEBUG 2025-05-21 03:03:24.313 UTC: 	 output : 200
 error: 
 retcode : 0
DEBUG 2025-05-21 03:03:24.314 UTC: 	 exitcode: 0
stdout: 200
stderr: 
error details: 
DEBUG 2025-05-21 03:03:24.314 UTC: 	 Got information from status cache file: {'1': {'Retries': 0, 'Restarts': 0, 'SiteHistory': ['Unknown'], 'ResidentSetSize': [0], 'SubmitTimes': [1747796426.0], 'StartTimes': [], 'EndTimes': [], 'TotalUserCpuTimeHistory': [0.0], 'TotalSysCpuTimeHistory': [0.0], 'WallDurations': [0], 'JobIds': ['122634830.0'], 'State': 'running', 'RecordedSite': False}}
INFO 2025-05-21 03:03:24.314 UTC: 	 Status on the scheduler:	SUBMITTED
INFO 2025-05-21 03:03:24.314 UTC: 	 
Jobs status:                    running      		100.0% (1/1)
INFO 2025-05-21 03:03:24.314 UTC: 	 
No publication information (publication has been disabled in the CRAB configuration file)
INFO 2025-05-21 03:03:24.316 UTC: 	 Log file is /afs/cern.ch/user/a/amalhotr/CMSSW_14_0_18_patch1/src/Run3ScoutingAnalysisTools/crab_RealData_noLFNDirectory_v2/crab.log
